#
# There is insufficient memory for the Java Runtime Environment to continue.
# Native memory allocation (malloc) failed to allocate 32744 bytes. Error detail: Chunk::new
# Possible reasons:
#   The system is out of physical RAM or swap space
#   This process is running with CompressedOops enabled, and the Java Heap may be blocking the growth of the native heap
# Possible solutions:
#   Reduce memory load on the system
#   Increase physical memory or swap space
#   Check if swap backing store is full
#   Decrease Java heap size (-Xmx/-Xms)
#     to set the Java Heap base and to place the Java Heap above 32GB virtual address.
# This output file may be truncated or incomplete.
#
#  Out of Memory Error (arena.cpp:168), pid=26980, tid=4528
#
# JRE version: OpenJDK Runtime Environment Temurin-21.0.12.1+1 (21.0.12.1+1) (build 21.0.12.1+1-LTS)
# Java VM: OpenJDK 64-Bit Server VM Temurin-21.0.12.1+1 (21.0.12.1+1-LTS, mixed mode, tiered, compressed oops, compressed class ptrs, g1 gc, windows-amd64)
# No core dump will be written. Minidumps are not enabled by default on client versions of Windows
#

---------------  S U M M A R Y ------------

Command Line: --add-opens=java.base/java.lang=ALL-UNNAMED --add-opens=java.base/java.lang.invoke=ALL-UNNAMED --add-opens=java.base/java.util=ALL-UNNAMED --add-opens=java.prefs/java.util.prefs=ALL-UNNAMED --add-exports=jdk.compiler/com.sun.tools.javac.api=ALL-UNNAMED --add-exports=jdk.compiler/com.sun.tools.javac.util=ALL-UNNAMED --add-opens=java.base/java.util=ALL-UNNAMED --add-opens=java.prefs/java.util.prefs=ALL-UNNAMED --add-opens=java.base/java.nio.charset=ALL-UNNAMED --add-opens=java.base/java.net=ALL-UNNAMED --add-opens=java.base/java.util.concurrent.atomic=ALL-UNNAMED --add-opens=java.xml/javax.xml.namespace=ALL-UNNAMED -Xmx4096m -Dfile.encoding=UTF-8 -Duser.country=IN -Duser.language=en -Duser.variant -javaagent:C:\Users\NAGARAJU\.gradle\wrapper\dists\gradle-8.14.1-bin\baw1sv0jfoi8rxs14qo3h49cs\gradle-8.14.1\lib\agents\gradle-instrumentation-agent-8.14.1.jar org.gradle.launcher.daemon.bootstrap.GradleDaemon 8.14.1

Host: AMD Ryzen 3 5300U with Radeon Graphics         , 8 cores, 7G,  Windows 11 , 64 bit Build 26100 (10.0.26100.9168)
Time: Wed Sep  9 15:52:44 2026 India Standard Time elapsed time: 182.246030 seconds (0d 0h 3m 2s)

---------------  T H R E A D  ---------------

Current thread (0x00000218b08b28e0):  JavaThread "C2 CompilerThread0" daemon [_thread_in_native, id=4528, stack(0x000000cb4f400000,0x000000cb4f500000) (1024K)]


Current CompileTask:
C2:182249 3271       4       java.util.concurrent.locks.AbstractQueuedSynchronizer$ConditionObject::awaitNanos (202 bytes)

Stack: [0x000000cb4f400000,0x000000cb4f500000]
Native frames: (J=compiled Java code, j=interpreted, Vv=VM code, C=native code)
V  [jvm.dll+0x6d83e9]
V  [jvm.dll+0x8b5736]
V  [jvm.dll+0x8b7cee]
V  [jvm.dll+0x8b83d3]
V  [jvm.dll+0x284596]
V  [jvm.dll+0xc685d]
V  [jvm.dll+0xc6da1]
V  [jvm.dll+0x65ff6d]
V  [jvm.dll+0x6600fb]
V  [jvm.dll+0x665dcb]
V  [jvm.dll+0x666dc6]
V  [jvm.dll+0x66510b]
V  [jvm.dll+0x24c57b]
V  [jvm.dll+0x24bce0]
V  [jvm.dll+0x1cb4ae]
V  [jvm.dll+0x25baad]
V  [jvm.dll+0x25a03a]
V  [jvm.dll+0x3f8aae]
V  [jvm.dll+0x8600cd]
V  [jvm.dll+0x6d6c1d]
C  [ucrtbase.dll+0x2cd30]
C  [KERNEL32.DLL+0x2ccb7]
C  [ntdll.dll+0xaad6c]


---------------  P R O C E S S  ---------------

Threads class SMR info:
_java_thread_list=0x00000218b6862910, length=24, elements={
0x0000021894361700, 0x00000218b08a0c50, 0x00000218b08a23d0, 0x00000218b08a3b50,
0x00000218b08a65c0, 0x00000218b08a7020, 0x00000218b08b1f40, 0x00000218b08b28e0,
0x00000218b08ba060, 0x00000218b0b493c0, 0x00000218b0c1ec30, 0x00000218b5069620,
0x00000218b679fa60, 0x00000218b5cfa6c0, 0x00000218b6842e50, 0x00000218b512b4d0,
0x00000218b51ed430, 0x00000218b6808240, 0x00000218b68095f0, 0x00000218b6807520,
0x00000218b6807bb0, 0x00000218b68088d0, 0x00000218b6809c80, 0x00000218b6808f60
}

Java Threads: ( => current thread )
  0x0000021894361700 JavaThread "main"                              [_thread_blocked, id=34068, stack(0x000000cb4e600000,0x000000cb4e700000) (1024K)]
  0x00000218b08a0c50 JavaThread "Reference Handler"          daemon [_thread_blocked, id=27636, stack(0x000000cb4ee00000,0x000000cb4ef00000) (1024K)]
  0x00000218b08a23d0 JavaThread "Finalizer"                  daemon [_thread_blocked, id=29060, stack(0x000000cb4ef00000,0x000000cb4f000000) (1024K)]
  0x00000218b08a3b50 JavaThread "Signal Dispatcher"          daemon [_thread_blocked, id=25896, stack(0x000000cb4f000000,0x000000cb4f100000) (1024K)]
  0x00000218b08a65c0 JavaThread "Attach Listener"            daemon [_thread_blocked, id=29172, stack(0x000000cb4f100000,0x000000cb4f200000) (1024K)]
  0x00000218b08a7020 JavaThread "Service Thread"             daemon [_thread_blocked, id=30848, stack(0x000000cb4f200000,0x000000cb4f300000) (1024K)]
  0x00000218b08b1f40 JavaThread "Monitor Deflation Thread"   daemon [_thread_blocked, id=30868, stack(0x000000cb4f300000,0x000000cb4f400000) (1024K)]
=>0x00000218b08b28e0 JavaThread "C2 CompilerThread0"         daemon [_thread_in_native, id=4528, stack(0x000000cb4f400000,0x000000cb4f500000) (1024K)]
  0x00000218b08ba060 JavaThread "C1 CompilerThread0"         daemon [_thread_in_native, id=33016, stack(0x000000cb4f500000,0x000000cb4f600000) (1024K)]
  0x00000218b0b493c0 JavaThread "Common-Cleaner"             daemon [_thread_blocked, id=33612, stack(0x000000cb4f600000,0x000000cb4f700000) (1024K)]
  0x00000218b0c1ec30 JavaThread "Notification Thread"        daemon [_thread_blocked, id=30968, stack(0x000000cb4f700000,0x000000cb4f800000) (1024K)]
  0x00000218b5069620 JavaThread "Daemon health stats"               [_thread_blocked, id=29636, stack(0x000000cb4fc00000,0x000000cb4fd00000) (1024K)]
  0x00000218b679fa60 JavaThread "Incoming local TCP Connector on port 62599"        [_thread_in_native, id=34956, stack(0x000000cb4fd00000,0x000000cb4fe00000) (1024K)]
  0x00000218b5cfa6c0 JavaThread "Daemon periodic checks"            [_thread_blocked, id=27524, stack(0x000000cb4fe00000,0x000000cb4ff00000) (1024K)]
  0x00000218b6842e50 JavaThread "Daemon"                            [_thread_blocked, id=26824, stack(0x000000cb50300000,0x000000cb50400000) (1024K)]
  0x00000218b512b4d0 JavaThread "Handler for socket connection from /127.0.0.1:62599 to /127.0.0.1:62600"        [_thread_in_native, id=35492, stack(0x000000cb50400000,0x000000cb50500000) (1024K)]
  0x00000218b51ed430 JavaThread "Cancel handler"                    [_thread_blocked, id=27288, stack(0x000000cb50500000,0x000000cb50600000) (1024K)]
  0x00000218b6808240 JavaThread "Daemon worker"                     [_thread_blocked, id=37396, stack(0x000000cb50600000,0x000000cb50700000) (1024K)]
  0x00000218b68095f0 JavaThread "Asynchronous log dispatcher for DefaultDaemonConnection: socket connection from /127.0.0.1:62599 to /127.0.0.1:62600"        [_thread_blocked, id=29792, stack(0x000000cb50700000,0x000000cb50800000) (1024K)]
  0x00000218b6807520 JavaThread "Stdin handler"                     [_thread_blocked, id=15700, stack(0x000000cb50800000,0x000000cb50900000) (1024K)]
  0x00000218b6807bb0 JavaThread "Daemon client event forwarder"        [_thread_blocked, id=29112, stack(0x000000cb50900000,0x000000cb50a00000) (1024K)]
  0x00000218b68088d0 JavaThread "Cache worker for journal cache (C:\Users\NAGARAJU\.gradle\caches\journal-1)"        [_thread_blocked, id=23080, stack(0x000000cb50b00000,0x000000cb50c00000) (1024K)]
  0x00000218b6809c80 JavaThread "File lock request listener"        [_thread_in_native, id=29284, stack(0x000000cb50c00000,0x000000cb50d00000) (1024K)]
  0x00000218b6808f60 JavaThread "Cache worker for file hash cache (C:\Users\NAGARAJU\.gradle\caches\8.14.1\fileHashes)"        [_thread_blocked, id=24828, stack(0x000000cb50e00000,0x000000cb50f00000) (1024K)]
Total: 24

Other Threads:
  0x00000218b080f2f0 VMThread "VM Thread"                           [id=25276, stack(0x000000cb4ed00000,0x000000cb4ee00000) (1024K)]
  0x00000218b07b4400 WatcherThread "VM Periodic Task Thread"        [id=37688, stack(0x000000cb4ec00000,0x000000cb4ed00000) (1024K)]
  0x00000218968e9f20 WorkerThread "GC Thread#0"                     [id=34844, stack(0x000000cb4e700000,0x000000cb4e800000) (1024K)]
  0x00000218b0ba2c10 WorkerThread "GC Thread#1"                     [id=25748, stack(0x000000cb4f800000,0x000000cb4f900000) (1024K)]
  0x00000218b0b04ee0 WorkerThread "GC Thread#2"                     [id=20528, stack(0x000000cb4f900000,0x000000cb4fa00000) (1024K)]
  0x00000218b5d54c50 WorkerThread "GC Thread#3"                     [id=33800, stack(0x000000cb4fa00000,0x000000cb4fb00000) (1024K)]
  0x00000218b5d55000 WorkerThread "GC Thread#4"                     [id=26188, stack(0x000000cb4fb00000,0x000000cb4fc00000) (1024K)]
  0x00000218b5e34320 WorkerThread "GC Thread#5"                     [id=9768, stack(0x000000cb4ff00000,0x000000cb50000000) (1024K)]
  0x00000218b51da4a0 WorkerThread "GC Thread#6"                     [id=37188, stack(0x000000cb50000000,0x000000cb50100000) (1024K)]
  0x00000218b5c84f20 WorkerThread "GC Thread#7"                     [id=34804, stack(0x000000cb50100000,0x000000cb50200000) (1024K)]
  0x000002189441df90 ConcurrentGCThread "G1 Main Marker"            [id=31628, stack(0x000000cb4e800000,0x000000cb4e900000) (1024K)]
  0x000002189441e750 WorkerThread "G1 Conc#0"                       [id=34680, stack(0x000000cb4e900000,0x000000cb4ea00000) (1024K)]
  0x00000218b0aeaf10 WorkerThread "G1 Conc#1"                       [id=37868, stack(0x000000cb50a00000,0x000000cb50b00000) (1024K)]
  0x00000218b0681120 ConcurrentGCThread "G1 Refine#0"               [id=27440, stack(0x000000cb4ea00000,0x000000cb4eb00000) (1024K)]
  0x00000218b0681ab0 ConcurrentGCThread "G1 Service"                [id=13888, stack(0x000000cb4eb00000,0x000000cb4ec00000) (1024K)]
Total: 15

Threads with active compile tasks:
C2 CompilerThread0  183292 3271       4       java.util.concurrent.locks.AbstractQueuedSynchronizer$ConditionObject::awaitNanos (202 bytes)
C1 CompilerThread0  183292 3272       3       java.util.concurrent.ScheduledThreadPoolExecutor$ScheduledFutureTask::getDelay (16 bytes)
Total: 2

VM state: not at safepoint (normal execution)

VM Mutex/Monitor currently owned by a thread: None

Heap address: 0x0000000700000000, size: 4096 MB, Compressed Oops mode: Zero based, Oop shift amount: 3

CDS archive(s) not mapped
Compressed class space mapped at: 0x0000000800000000-0x0000000840000000, reserved size: 1073741824
Narrow klass base: 0x0000000800000000, Narrow klass shift: 0, Narrow klass range: 0x40000000

GC Precious Log:
 CardTable entry size: 512
 Card Set container configuration: InlinePtr #cards 4 size 8 Array Of Cards #cards 16 size 48 Howl #buckets 8 coarsen threshold 3686 Howl Bitmap #cards 512 size 80 coarsen threshold 460 Card regions per heap region 1 cards per card region 4096
 CPUs: 8 total, 8 available
 Memory: 7502M
 Large Page Support: Disabled
 NUMA Support: Disabled
 Compressed Oops: Enabled (Zero based)
 Heap Region Size: 2M
 Heap Min Capacity: 8M
 Heap Initial Capacity: 118M
 Heap Max Capacity: 4G
 Pre-touch: Disabled
 Parallel Workers: 8
 Concurrent Workers: 2
 Concurrent Refinement Workers: 8
 Periodic GC: Disabled

Heap:
 garbage-first heap   total 75776K, used 62271K [0x0000000700000000, 0x0000000800000000)
  region size 2048K, 22 young (45056K), 1 survivors (2048K)
 Metaspace       used 24366K, committed 24832K, reserved 1114112K
  class space    used 2949K, committed 3136K, reserved 1048576K

Heap Regions: E=young(eden), S=young(survivor), O=old, HS=humongous(starts), HC=humongous(continues), CS=collection set, F=free, TAMS=top-at-mark-start, PB=parsable bottom
|   0|0x0000000700000000, 0x0000000700200000, 0x0000000700200000|100%|HS|  |TAMS 0x0000000700000000| PB 0x0000000700000000| Complete 
|   1|0x0000000700200000, 0x0000000700400000, 0x0000000700400000|100%|HC|  |TAMS 0x0000000700200000| PB 0x0000000700200000| Complete 
|   2|0x0000000700400000, 0x0000000700600000, 0x0000000700600000|100%| O|  |TAMS 0x0000000700400000| PB 0x0000000700400000| Untracked 
|   3|0x0000000700600000, 0x0000000700800000, 0x0000000700800000|100%| O|  |TAMS 0x0000000700600000| PB 0x0000000700600000| Untracked 
|   4|0x0000000700800000, 0x0000000700a00000, 0x0000000700a00000|100%| O|  |TAMS 0x0000000700800000| PB 0x0000000700800000| Untracked 
|   5|0x0000000700a00000, 0x0000000700c00000, 0x0000000700c00000|100%| O|  |TAMS 0x0000000700a00000| PB 0x0000000700a00000| Untracked 
|   6|0x0000000700c00000, 0x0000000700e00000, 0x0000000700e00000|100%| O|  |TAMS 0x0000000700c00000| PB 0x0000000700c00000| Untracked 
|   7|0x0000000700e00000, 0x0000000701000000, 0x0000000701000000|100%| O|  |TAMS 0x0000000700e00000| PB 0x0000000700e00000| Untracked 
|   8|0x0000000701000000, 0x0000000701200000, 0x0000000701200000|100%| O|  |TAMS 0x0000000701000000| PB 0x0000000701000000| Untracked 
|   9|0x0000000701200000, 0x0000000701338da0, 0x0000000701400000| 61%| O|Cm|TAMS 0x0000000701200000| PB 0x0000000701200000| Complete 
|  10|0x0000000701400000, 0x0000000701400000, 0x0000000701600000|  0%| F|  |TAMS 0x0000000701400000| PB 0x0000000701400000| Untracked 
|  11|0x0000000701600000, 0x0000000701600000, 0x0000000701800000|  0%| F|  |TAMS 0x0000000701600000| PB 0x0000000701600000| Untracked 
|  12|0x0000000701800000, 0x0000000701800000, 0x0000000701a00000|  0%| F|  |TAMS 0x0000000701800000| PB 0x0000000701800000| Untracked 
|  13|0x0000000701a00000, 0x0000000701a00000, 0x0000000701c00000|  0%| F|  |TAMS 0x0000000701a00000| PB 0x0000000701a00000| Untracked 
|  14|0x0000000701c00000, 0x0000000701c00000, 0x0000000701e00000|  0%| F|  |TAMS 0x0000000701c00000| PB 0x0000000701c00000| Untracked 
|  15|0x0000000701e00000, 0x0000000701e74120, 0x0000000702000000| 22%| E|  |TAMS 0x0000000701e00000| PB 0x0000000701e00000| Complete 
|  16|0x0000000702000000, 0x0000000702200000, 0x0000000702200000|100%| E|CS|TAMS 0x0000000702000000| PB 0x0000000702000000| Complete 
|  17|0x0000000702200000, 0x0000000702400000, 0x0000000702400000|100%| E|CS|TAMS 0x0000000702200000| PB 0x0000000702200000| Complete 
|  18|0x0000000702400000, 0x0000000702600000, 0x0000000702600000|100%| E|CS|TAMS 0x0000000702400000| PB 0x0000000702400000| Complete 
|  19|0x0000000702600000, 0x0000000702800000, 0x0000000702800000|100%| E|CS|TAMS 0x0000000702600000| PB 0x0000000702600000| Complete 
|  20|0x0000000702800000, 0x0000000702a00000, 0x0000000702a00000|100%| E|CS|TAMS 0x0000000702800000| PB 0x0000000702800000| Complete 
|  21|0x0000000702a00000, 0x0000000702c00000, 0x0000000702c00000|100%| E|CS|TAMS 0x0000000702a00000| PB 0x0000000702a00000| Complete 
|  22|0x0000000702c00000, 0x0000000702e00000, 0x0000000702e00000|100%| E|CS|TAMS 0x0000000702c00000| PB 0x0000000702c00000| Complete 
|  23|0x0000000702e00000, 0x0000000703000000, 0x0000000703000000|100%| E|CS|TAMS 0x0000000702e00000| PB 0x0000000702e00000| Complete 
|  24|0x0000000703000000, 0x0000000703200000, 0x0000000703200000|100%| E|CS|TAMS 0x0000000703000000| PB 0x0000000703000000| Complete 
|  25|0x0000000703200000, 0x0000000703400000, 0x0000000703400000|100%| E|CS|TAMS 0x0000000703200000| PB 0x0000000703200000| Complete 
|  26|0x0000000703400000, 0x0000000703600000, 0x0000000703600000|100%| E|CS|TAMS 0x0000000703400000| PB 0x0000000703400000| Complete 
|  27|0x0000000703600000, 0x0000000703800000, 0x0000000703800000|100%| E|CS|TAMS 0x0000000703600000| PB 0x0000000703600000| Complete 
|  28|0x0000000703800000, 0x0000000703a00000, 0x0000000703a00000|100%| E|CS|TAMS 0x0000000703800000| PB 0x0000000703800000| Complete 
|  29|0x0000000703a00000, 0x0000000703c00000, 0x0000000703c00000|100%| E|CS|TAMS 0x0000000703a00000| PB 0x0000000703a00000| Complete 
|  30|0x0000000703c00000, 0x0000000703e00000, 0x0000000703e00000|100%| E|CS|TAMS 0x0000000703c00000| PB 0x0000000703c00000| Complete 
|  31|0x0000000703e00000, 0x0000000704000000, 0x0000000704000000|100%| E|CS|TAMS 0x0000000703e00000| PB 0x0000000703e00000| Complete 
|  32|0x0000000704000000, 0x0000000704200000, 0x0000000704200000|100%| E|CS|TAMS 0x0000000704000000| PB 0x0000000704000000| Complete 
|  33|0x0000000704200000, 0x0000000704400000, 0x0000000704400000|100%| E|CS|TAMS 0x0000000704200000| PB 0x0000000704200000| Complete 
|  34|0x0000000704400000, 0x0000000704600000, 0x0000000704600000|100%| E|CS|TAMS 0x0000000704400000| PB 0x0000000704400000| Complete 
|  50|0x0000000706400000, 0x0000000706596fc0, 0x0000000706600000| 79%| S|CS|TAMS 0x0000000706400000| PB 0x0000000706400000| Complete 
|  58|0x0000000707400000, 0x0000000707600000, 0x0000000707600000|100%| E|CS|TAMS 0x0000000707400000| PB 0x0000000707400000| Complete 

Card table byte_map: [0x00000218a95b0000,0x00000218a9db0000] _byte_map_base: 0x00000218a5db0000

Marking Bits: (CMBitMap*) 0x00000218968eb450
 Bits: [0x00000218a9db0000, 0x00000218addb0000)

Polling page: 0x0000021894610000

Metaspace:

Usage:
  Non-class:     20.91 MB used.
      Class:      2.88 MB used.
       Both:     23.80 MB used.

Virtual space:
  Non-class space:       64.00 MB reserved,      21.19 MB ( 33%) committed,  1 nodes.
      Class space:        1.00 GB reserved,       3.06 MB ( <1%) committed,  1 nodes.
             Both:        1.06 GB reserved,      24.25 MB (  2%) committed. 

Chunk freelists:
   Non-Class:  10.86 MB
       Class:  12.76 MB
        Both:  23.62 MB

MaxMetaspaceSize: unlimited
CompressedClassSpaceSize: 1.00 GB
Initial GC threshold: 21.00 MB
Current GC threshold: 35.12 MB
CDS: off
 - commit_granule_bytes: 65536.
 - commit_granule_words: 8192.
 - virtual_space_node_default_size: 8388608.
 - enlarge_chunks_in_place: 1.
 - use_allocation_guard: 0.


Internal statistics:

num_allocs_failed_limit: 3.
num_arena_births: 490.
num_arena_deaths: 0.
num_vsnodes_births: 2.
num_vsnodes_deaths: 0.
num_space_committed: 388.
num_space_uncommitted: 0.
num_chunks_returned_to_freelist: 3.
num_chunks_taken_from_freelist: 1037.
num_chunk_merges: 3.
num_chunk_splits: 669.
num_chunks_enlarged: 456.
num_inconsistent_stats: 0.

CodeHeap 'non-profiled nmethods': size=120000Kb used=1728Kb max_used=1728Kb free=118271Kb
 bounds [0x00000218a1540000, 0x00000218a17b0000, 0x00000218a8a70000]
CodeHeap 'profiled nmethods': size=120000Kb used=6347Kb max_used=6347Kb free=113652Kb
 bounds [0x0000021899a70000, 0x000002189a0b0000, 0x00000218a0fa0000]
CodeHeap 'non-nmethods': size=5760Kb used=1395Kb max_used=1445Kb free=4364Kb
 bounds [0x00000218a0fa0000, 0x00000218a1210000, 0x00000218a1540000]
CodeCache: size=245760Kb, used=9470Kb, max_used=9520Kb, free=236287Kb
 total_blobs=3813, nmethods=3257, adapters=460, full_count=0
Compilation: enabled, stopped_count=0, restarted_count=0

Compilation events (20 events):
Event: 146.647 Thread 0x00000218b08b28e0 3263       4       java.util.concurrent.atomic.AtomicLong::compareAndSet (13 bytes)
Event: 146.647 Thread 0x00000218b08ba060 3260       3       java.util.stream.Collectors$$Lambda/0x0000000800135798::get (8 bytes)
Event: 146.647 Thread 0x00000218b08ba060 nmethod 3260 0x000002189a0a2090 code [0x000002189a0a2260, 0x000002189a0a25b0]
Event: 146.647 Thread 0x00000218b08ba060 3261       1       com.sun.management.internal.PlatformMBeanProviderImpl$4::mbeanInterfaceNames (5 bytes)
Event: 146.647 Thread 0x00000218b08ba060 nmethod 3261 0x00000218a16ee610 code [0x00000218a16ee7a0, 0x00000218a16ee870]
Event: 146.647 Thread 0x00000218b08ba060 3262       1       java.lang.management.DefaultPlatformMBeanProvider$10::mbeanInterfaceNames (5 bytes)
Event: 146.713 Thread 0x00000218b08b28e0 nmethod 3263 0x00000218a16ee910 code [0x00000218a16eeaa0, 0x00000218a16eeb40]
Event: 146.714 Thread 0x00000218b08ba060 nmethod 3262 0x00000218a16eec10 code [0x00000218a16eeda0, 0x00000218a16eee70]
Event: 149.030 Thread 0x00000218b08ba060 3264       3       java.util.concurrent.LinkedBlockingDeque$AbstractItr::hasNext (13 bytes)
Event: 149.144 Thread 0x00000218b08ba060 nmethod 3264 0x000002189a0a2710 code [0x000002189a0a28a0, 0x000002189a0a2a08]
Event: 149.145 Thread 0x00000218b08ba060 3265       1       org.gradle.launcher.daemon.server.health.gc.GarbageCollectionEvent::getUsage (5 bytes)
Event: 149.321 Thread 0x00000218b08ba060 nmethod 3265 0x00000218a16eef10 code [0x00000218a16ef0a0, 0x00000218a16ef170]
Event: 149.820 Thread 0x00000218b08b28e0 3268       4       java.util.LinkedList$ListItr::hasNext (20 bytes)
Event: 149.821 Thread 0x00000218b08b28e0 nmethod 3268 0x00000218a16efb90 code [0x00000218a16efd20, 0x00000218a16efdd8]
Event: 150.639 Thread 0x00000218b08ba060 3269       1       org.gradle.launcher.daemon.server.health.gc.GarbageCollectionEvent::getCount (5 bytes)
Event: 150.639 Thread 0x00000218b08ba060 nmethod 3269 0x00000218a16efe90 code [0x00000218a16f0020, 0x00000218a16f00e8]
Event: 152.636 Thread 0x00000218b08ba060 3270       3       java.util.stream.Sink::begin (1 bytes)
Event: 152.636 Thread 0x00000218b08ba060 nmethod 3270 0x000002189a0a2a90 code [0x000002189a0a2c20, 0x000002189a0a2d28]
Event: 156.845 Thread 0x00000218b08b28e0 3271       4       java.util.concurrent.locks.AbstractQueuedSynchronizer$ConditionObject::awaitNanos (202 bytes)
Event: 158.635 Thread 0x00000218b08ba060 3272       3       java.util.concurrent.ScheduledThreadPoolExecutor$ScheduledFutureTask::getDelay (16 bytes)

GC Heap History (8 events):
Event: 9.173 GC heap before
{Heap before GC invocations=0 (full 0):
 garbage-first heap   total 120832K, used 22528K [0x0000000700000000, 0x0000000800000000)
  region size 2048K, 11 young (22528K), 0 survivors (0K)
 Metaspace       used 7086K, committed 7168K, reserved 1114112K
  class space    used 650K, committed 704K, reserved 1048576K
}
Event: 9.178 GC heap after
{Heap after GC invocations=1 (full 0):
 garbage-first heap   total 120832K, used 1536K [0x0000000700000000, 0x0000000800000000)
  region size 2048K, 1 young (2048K), 1 survivors (2048K)
 Metaspace       used 7086K, committed 7168K, reserved 1114112K
  class space    used 650K, committed 704K, reserved 1048576K
}
Event: 15.784 GC heap before
{Heap before GC invocations=1 (full 0):
 garbage-first heap   total 120832K, used 44544K [0x0000000700000000, 0x0000000800000000)
  region size 2048K, 21 young (43008K), 1 survivors (2048K)
 Metaspace       used 11630K, committed 11840K, reserved 1114112K
  class space    used 1249K, committed 1344K, reserved 1048576K
}
Event: 15.795 GC heap after
{Heap after GC invocations=2 (full 0):
 garbage-first heap   total 120832K, used 11773K [0x0000000700000000, 0x0000000800000000)
  region size 2048K, 3 young (6144K), 3 survivors (6144K)
 Metaspace       used 11630K, committed 11840K, reserved 1114112K
  class space    used 1249K, committed 1344K, reserved 1048576K
}
Event: 30.660 GC heap before
{Heap before GC invocations=2 (full 0):
 garbage-first heap   total 120832K, used 77309K [0x0000000700000000, 0x0000000800000000)
  region size 2048K, 35 young (71680K), 3 survivors (6144K)
 Metaspace       used 18641K, committed 19008K, reserved 1114112K
  class space    used 2137K, committed 2304K, reserved 1048576K
}
Event: 30.801 GC heap after
{Heap after GC invocations=3 (full 0):
 garbage-first heap   total 120832K, used 20034K [0x0000000700000000, 0x0000000800000000)
  region size 2048K, 4 young (8192K), 4 survivors (8192K)
 Metaspace       used 18641K, committed 19008K, reserved 1114112K
  class space    used 2137K, committed 2304K, reserved 1048576K
}
Event: 38.553 GC heap before
{Heap before GC invocations=3 (full 0):
 garbage-first heap   total 120832K, used 34370K [0x0000000700000000, 0x0000000800000000)
  region size 2048K, 12 young (24576K), 4 survivors (8192K)
 Metaspace       used 21141K, committed 21504K, reserved 1114112K
  class space    used 2483K, committed 2688K, reserved 1048576K
}
Event: 38.568 GC heap after
{Heap after GC invocations=4 (full 0):
 garbage-first heap   total 120832K, used 21311K [0x0000000700000000, 0x0000000800000000)
  region size 2048K, 1 young (2048K), 1 survivors (2048K)
 Metaspace       used 21141K, committed 21504K, reserved 1114112K
  class space    used 2483K, committed 2688K, reserved 1048576K
}

Dll operation events (20 events):
Event: 3.813 Attempting to load shared library C:\Users\NAGARAJU\.antigravity-ide\extensions\redhat.java-1.56.0-win32-x64\jre\21.0.12.1-win32-x86_64\bin\nio.dll
Event: 3.823 Loaded shared library C:\Users\NAGARAJU\.antigravity-ide\extensions\redhat.java-1.56.0-win32-x64\jre\21.0.12.1-win32-x86_64\bin\nio.dll
Event: 3.893 Attempting to load shared library C:\Users\NAGARAJU\.antigravity-ide\extensions\redhat.java-1.56.0-win32-x64\jre\21.0.12.1-win32-x86_64\bin\zip.dll
Event: 3.893 Loaded shared library C:\Users\NAGARAJU\.antigravity-ide\extensions\redhat.java-1.56.0-win32-x64\jre\21.0.12.1-win32-x86_64\bin\zip.dll
Event: 9.260 Attempting to load shared library C:\Users\NAGARAJU\.antigravity-ide\extensions\redhat.java-1.56.0-win32-x64\jre\21.0.12.1-win32-x86_64\bin\jimage.dll
Event: 9.260 Loaded shared library C:\Users\NAGARAJU\.antigravity-ide\extensions\redhat.java-1.56.0-win32-x64\jre\21.0.12.1-win32-x86_64\bin\jimage.dll
Event: 11.468 Attempting to load shared library C:\Users\NAGARAJU\.antigravity-ide\extensions\redhat.java-1.56.0-win32-x64\jre\21.0.12.1-win32-x86_64\bin\verify.dll
Event: 11.469 Loaded shared library C:\Users\NAGARAJU\.antigravity-ide\extensions\redhat.java-1.56.0-win32-x64\jre\21.0.12.1-win32-x86_64\bin\verify.dll
Event: 12.000 Attempting to load shared library C:\Users\NAGARAJU\.gradle\native\1def1411415f61bf3af743bc5b6707747c0891f09f0c88961ee8f79bc544acac\windows-amd64\native-platform.dll
Event: 12.005 Loaded shared library C:\Users\NAGARAJU\.gradle\native\1def1411415f61bf3af743bc5b6707747c0891f09f0c88961ee8f79bc544acac\windows-amd64\native-platform.dll
Event: 12.097 Attempting to load shared library C:\Users\NAGARAJU\.gradle\native\0.2.7\x86_64-windows-gnu\gradle-fileevents.dll
Event: 12.103 Loaded shared library C:\Users\NAGARAJU\.gradle\native\0.2.7\x86_64-windows-gnu\gradle-fileevents.dll
Event: 21.072 Attempting to load shared library C:\Users\NAGARAJU\.antigravity-ide\extensions\redhat.java-1.56.0-win32-x64\jre\21.0.12.1-win32-x86_64\bin\management.dll
Event: 21.076 Loaded shared library C:\Users\NAGARAJU\.antigravity-ide\extensions\redhat.java-1.56.0-win32-x64\jre\21.0.12.1-win32-x86_64\bin\management.dll
Event: 21.084 Attempting to load shared library C:\Users\NAGARAJU\.antigravity-ide\extensions\redhat.java-1.56.0-win32-x64\jre\21.0.12.1-win32-x86_64\bin\management_ext.dll
Event: 21.087 Loaded shared library C:\Users\NAGARAJU\.antigravity-ide\extensions\redhat.java-1.56.0-win32-x64\jre\21.0.12.1-win32-x86_64\bin\management_ext.dll
Event: 23.133 Attempting to load shared library C:\Users\NAGARAJU\.antigravity-ide\extensions\redhat.java-1.56.0-win32-x64\jre\21.0.12.1-win32-x86_64\bin\extnet.dll
Event: 23.230 Loaded shared library C:\Users\NAGARAJU\.antigravity-ide\extensions\redhat.java-1.56.0-win32-x64\jre\21.0.12.1-win32-x86_64\bin\extnet.dll
Event: 32.478 Attempting to load shared library C:\Users\NAGARAJU\.antigravity-ide\extensions\redhat.java-1.56.0-win32-x64\jre\21.0.12.1-win32-x86_64\bin\sunmscapi.dll
Event: 33.764 Loaded shared library C:\Users\NAGARAJU\.antigravity-ide\extensions\redhat.java-1.56.0-win32-x64\jre\21.0.12.1-win32-x86_64\bin\sunmscapi.dll

Deoptimization events (20 events):
Event: 37.429 Thread 0x00000218b6808240 DEOPT PACKING pc=0x0000021899eec0a7 sp=0x000000cb506f8e30
Event: 37.429 Thread 0x00000218b6808240 DEOPT UNPACKING pc=0x00000218a0ff4bc2 sp=0x000000cb506f8308 mode 0
Event: 38.965 Thread 0x00000218b6808240 Uncommon trap: trap_request=0xffffff45 fr.pc=0x00000218a163b1a8 relative=0x00000000000004c8
Event: 38.972 Thread 0x00000218b6808240 Uncommon trap: reason=unstable_if action=reinterpret pc=0x00000218a163b1a8 method=java.util.HashMap.getNode(Ljava/lang/Object;)Ljava/util/HashMap$Node; @ 66 c2
Event: 38.972 Thread 0x00000218b6808240 DEOPT PACKING pc=0x00000218a163b1a8 sp=0x000000cb506fbf90
Event: 38.972 Thread 0x00000218b6808240 DEOPT UNPACKING pc=0x00000218a0ff4422 sp=0x000000cb506fbeb0 mode 2
Event: 38.974 Thread 0x00000218b6808240 Uncommon trap: trap_request=0xffffff45 fr.pc=0x00000218a163937c relative=0x000000000000041c
Event: 38.974 Thread 0x00000218b6808240 Uncommon trap: reason=unstable_if action=reinterpret pc=0x00000218a163937c method=java.util.HashMap.getNode(Ljava/lang/Object;)Ljava/util/HashMap$Node; @ 66 c2
Event: 38.975 Thread 0x00000218b6808240 DEOPT PACKING pc=0x00000218a163937c sp=0x000000cb506fbf30
Event: 38.975 Thread 0x00000218b6808240 DEOPT UNPACKING pc=0x00000218a0ff4422 sp=0x000000cb506fbeb0 mode 2
Event: 39.054 Thread 0x00000218b6808240 Uncommon trap: trap_request=0xffffff45 fr.pc=0x00000218a15efbb4 relative=0x00000000000002f4
Event: 39.054 Thread 0x00000218b6808240 Uncommon trap: reason=unstable_if action=reinterpret pc=0x00000218a15efbb4 method=java.util.concurrent.ConcurrentHashMap.get(Ljava/lang/Object;)Ljava/lang/Object; @ 152 c2
Event: 39.054 Thread 0x00000218b6808240 DEOPT PACKING pc=0x00000218a15efbb4 sp=0x000000cb506fb460
Event: 39.054 Thread 0x00000218b6808240 DEOPT UNPACKING pc=0x00000218a0ff4422 sp=0x000000cb506fb3c8 mode 2
Event: 48.255 Thread 0x00000218b680a9a0 Uncommon trap: trap_request=0xffffff45 fr.pc=0x00000218a163222c relative=0x000000000000018c
Event: 48.255 Thread 0x00000218b680a9a0 Uncommon trap: reason=unstable_if action=reinterpret pc=0x00000218a163222c method=java.util.concurrent.locks.ReentrantLock$NonfairSync.initialTryLock()Z @ 25 c2
Event: 48.255 Thread 0x00000218b680a9a0 DEOPT PACKING pc=0x00000218a163222c sp=0x000000cb50dfed10
Event: 48.255 Thread 0x00000218b680a9a0 DEOPT UNPACKING pc=0x00000218a0ff4422 sp=0x000000cb50dfecb0 mode 2
Event: 50.057 Thread 0x00000218b6808240 DEOPT PACKING pc=0x0000021899b65a59 sp=0x000000cb506fa6f0
Event: 50.057 Thread 0x00000218b6808240 DEOPT UNPACKING pc=0x00000218a0ff4bc2 sp=0x000000cb506f9b88 mode 0

Classes loaded (20 events):
Event: 44.317 Loading class java/nio/file/FileSystemException done
Event: 44.317 Loading class java/nio/file/NoSuchFileException done
Event: 44.337 Loading class java/nio/file/attribute/PosixFilePermissions
Event: 44.338 Loading class java/nio/file/attribute/PosixFilePermissions done
Event: 44.338 Loading class java/util/RegularEnumSet$EnumSetIterator
Event: 44.338 Loading class java/util/RegularEnumSet$EnumSetIterator done
Event: 44.338 Loading class java/nio/file/attribute/PosixFilePermissions$1
Event: 44.338 Loading class java/nio/file/attribute/PosixFilePermissions$1 done
Event: 44.744 Loading class java/util/concurrent/ArrayBlockingQueue
Event: 44.744 Loading class java/util/concurrent/ArrayBlockingQueue done
Event: 44.745 Loading class java/util/concurrent/locks/ReentrantLock$FairSync
Event: 44.745 Loading class java/util/concurrent/locks/ReentrantLock$FairSync done
Event: 44.895 Loading class java/net/DatagramPacket
Event: 44.895 Loading class java/net/DatagramPacket done
Event: 44.944 Loading class sun/nio/ch/DatagramChannelImpl$DatagramPackets
Event: 44.944 Loading class sun/nio/ch/DatagramChannelImpl$DatagramPackets done
Event: 110.224 Loading class java/util/IdentityHashMap$KeyIterator
Event: 110.477 Loading class java/util/IdentityHashMap$IdentityHashMapIterator
Event: 110.542 Loading class java/util/IdentityHashMap$IdentityHashMapIterator done
Event: 110.542 Loading class java/util/IdentityHashMap$KeyIterator done

Classes unloaded (0 events):
No events

Classes redefined (0 events):
No events

Internal exceptions (20 events):
Event: 23.473 Thread 0x0000021894361700 Exception <a 'java/lang/NoSuchMethodError'{0x0000000703662388}: 'java.lang.Object java.lang.invoke.DirectMethodHandle$Holder.invokeVirtual(java.lang.Object, java.lang.Object, java.lang.Object, java.lang.Object, java.lang.Object, java.lang.Object, java.lang.Object)'> (0x0000000703662388) 
thrown [s\src\hotspot\share\interpreter\linkResolver.cpp, line 773]
Event: 23.764 Thread 0x0000021894361700 Exception <a 'java/lang/NoSuchMethodError'{0x00000007036e4f28}: 'java.lang.Object java.lang.invoke.DirectMethodHandle$Holder.invokeVirtual(java.lang.Object, java.lang.Object, java.lang.Object, java.lang.Object, java.lang.Object, java.lang.Object, java.lang.Object, java.lang.Object, java.lang.Object)'> (0x00000007036e4f28) 
thrown [s\src\hotspot\share\interpreter\linkResolver.cpp, line 773]
Event: 24.682 Thread 0x0000021894361700 Exception <a 'java/lang/NoSuchMethodError'{0x0000000703480230}: 'java.lang.Object java.lang.invoke.DirectMethodHandle$Holder.invokeStaticInit(java.lang.Object, int, int, int, int)'> (0x0000000703480230) 
thrown [s\src\hotspot\share\interpreter\linkResolver.cpp, line 773]
Event: 27.076 Thread 0x0000021894361700 Exception <a 'java/lang/NoSuchMethodError'{0x0000000703509440}: 'java.lang.Object java.lang.invoke.DirectMethodHandle$Holder.invokeStaticInit(java.lang.Object, java.lang.Object, int, int, int, int)'> (0x0000000703509440) 
thrown [s\src\hotspot\share\interpreter\linkResolver.cpp, line 773]
Event: 28.570 Thread 0x0000021894361700 Implicit null exception at 0x00000218a1654472 to 0x00000218a1655348
Event: 28.766 Thread 0x0000021894361700 Exception <a 'java/io/IOException'{0x0000000703066908}> (0x0000000703066908) 
thrown [s\src\hotspot\share\prims\jni.cpp, line 520]
Event: 28.808 Thread 0x0000021894361700 Implicit null exception at 0x00000218a159b5a4 to 0x00000218a159bc0c
Event: 28.884 Thread 0x0000021894361700 Exception <a 'java/lang/NoSuchMethodError'{0x00000007030d6d88}: 'java.lang.Object java.lang.invoke.DirectMethodHandle$Holder.newInvokeSpecial(java.lang.Object, java.lang.Object, java.lang.Object, java.lang.Object, java.lang.Object)'> (0x00000007030d6d88) 
thrown [s\src\hotspot\share\interpreter\linkResolver.cpp, line 773]
Event: 36.766 Thread 0x00000218b6842e50 Exception <a 'java/lang/NoSuchMethodError'{0x00000007071482b8}: 'void java.lang.invoke.DirectMethodHandle$Holder.invokeSpecial(java.lang.Object, java.lang.Object, java.lang.Object)'> (0x00000007071482b8) 
thrown [s\src\hotspot\share\interpreter\linkResolver.cpp, line 773]
Event: 37.585 Thread 0x00000218b6808240 Exception <a 'java/lang/NoSuchMethodError'{0x0000000706a66e80}: 'long java.lang.invoke.DirectMethodHandle$Holder.invokeInterface(java.lang.Object, java.lang.Object)'> (0x0000000706a66e80) 
thrown [s\src\hotspot\share\interpreter\linkResolver.cpp, line 773]
Event: 38.530 Thread 0x00000218b6808240 Exception <a 'java/lang/NoSuchMethodError'{0x000000070668f3e0}: 'void java.lang.invoke.DirectMethodHandle$Holder.invokeStatic(java.lang.Object, java.lang.Object)'> (0x000000070668f3e0) 
thrown [s\src\hotspot\share\interpreter\linkResolver.cpp, line 773]
Event: 38.651 Thread 0x00000218b6808240 Exception <a 'java/lang/NoSuchMethodError'{0x0000000707422288}: 'java.lang.Object java.lang.invoke.DirectMethodHandle$Holder.invokeVirtual(java.lang.Object, java.lang.Object, java.lang.Object, java.lang.Object, java.lang.Object, java.lang.Object, java.lang.Object, java.lang.Object, java.lang.Object, java.lang.Object, java.lang.Object, java.lang.Object)'> (0x0000000707422288) 
thrown [s\src\hotspot\share\interpreter\linkResolver.cpp, line 773]
Event: 38.653 Thread 0x00000218b6808240 Exception <a 'java/lang/NoSuchMethodError'{0x00000007074273d8}: 'java.lang.Object java.lang.invoke.DirectMethodHandle$Holder.invokeSpecial(java.lang.Object, java.lang.Object, java.lang.Object, java.lang.Object, java.lang.Object, java.lang.Object, java.lang.Object, java.lang.Object, java.lang.Object, java.lang.Object, java.lang.Object, java.lang.Object, java.lang.Object)'> (0x00000007074273d8) 
thrown [s\src\hotspot\share\interpreter\linkResolver.cpp, line 773]
Event: 39.120 Thread 0x00000218b6808240 Exception <a 'java/lang/NoSuchMethodError'{0x00000007045b88b0}: 'int java.lang.invoke.DirectMethodHandle$Holder.invokeVirtual(java.lang.Object, java.lang.Object, java.lang.Object)'> (0x00000007045b88b0) 
thrown [s\src\hotspot\share\interpreter\linkResolver.cpp, line 773]
Event: 39.655 Thread 0x00000218b6808240 Exception <a 'java/lang/NoSuchMethodError'{0x0000000704113d78}: 'java.lang.Object java.lang.invoke.DirectMethodHandle$Holder.newInvokeSpecial(java.lang.Object, java.lang.Object, java.lang.Object, java.lang.Object, java.lang.Object, java.lang.Object)'> (0x0000000704113d78) 
thrown [s\src\hotspot\share\interpreter\linkResolver.cpp, line 773]
Event: 40.442 Thread 0x00000218b6808240 Exception <a 'java/lang/NoSuchMethodError'{0x0000000703fe55c0}: 'void java.lang.invoke.DelegatingMethodHandle$Holder.reinvoke_L(java.lang.Object, java.lang.Object, java.lang.Object, java.lang.Object, java.lang.Object, java.lang.Object, java.lang.Object, java.lang.Object, java.lang.Object, java.lang.Object)'> (0x0000000703fe55c0) 
thrown [s\src\hotspot\share\interpreter\linkResolver.cpp, line 773]
Event: 40.443 Thread 0x00000218b6808240 Exception <a 'java/lang/NoSuchMethodError'{0x0000000703fed0a0}: 'java.lang.Object java.lang.invoke.Invokers$Holder.invoker(java.lang.Object, java.lang.Object, java.lang.Object, java.lang.Object, java.lang.Object, java.lang.Object, java.lang.Object, java.lang.Object, java.lang.Object, java.lang.Object)'> (0x0000000703fed0a0) 
thrown [s\src\hotspot\share\interpreter\linkResolver.cpp, line 773]
Event: 44.382 Thread 0x00000218b6808240 Exception <a 'java/lang/NoSuchMethodError'{0x000000070363e8f8}: 'void java.lang.invoke.DirectMethodHandle$Holder.invokeInterface(java.lang.Object, java.lang.Object)'> (0x000000070363e8f8) 
thrown [s\src\hotspot\share\interpreter\linkResolver.cpp, line 773]
Event: 44.384 Thread 0x00000218b6808240 Exception <a 'java/lang/IncompatibleClassChangeError'{0x0000000703641e78}: Found class java.lang.Object, but interface was expected> (0x0000000703641e78) 
thrown [s\src\hotspot\share\interpreter\linkResolver.cpp, line 840]
Event: 44.767 Thread 0x00000218b6808240 Exception <a 'java/lang/NoSuchMethodError'{0x000000070376a828}: 'java.lang.Object java.lang.invoke.DirectMethodHandle$Holder.newInvokeSpecial(java.lang.Object, java.lang.Object, int)'> (0x000000070376a828) 
thrown [s\src\hotspot\share\interpreter\linkResolver.cpp, line 773]

ZGC Phase Switch (0 events):
No events

VM Operations (20 events):
Event: 79.327 Executing safepoint VM operation: Cleanup
Event: 79.327 Executing safepoint VM operation: Cleanup done
Event: 81.359 Executing safepoint VM operation: Cleanup
Event: 81.359 Executing safepoint VM operation: Cleanup done
Event: 87.423 Executing safepoint VM operation: Cleanup
Event: 87.423 Executing safepoint VM operation: Cleanup done
Event: 95.471 Executing safepoint VM operation: Cleanup
Event: 95.471 Executing safepoint VM operation: Cleanup done
Event: 98.485 Executing safepoint VM operation: Cleanup
Event: 98.486 Executing safepoint VM operation: Cleanup done
Event: 105.525 Executing safepoint VM operation: Cleanup
Event: 105.525 Executing safepoint VM operation: Cleanup done
Event: 115.617 Executing safepoint VM operation: Cleanup
Event: 115.617 Executing safepoint VM operation: Cleanup done
Event: 138.853 Executing safepoint VM operation: Cleanup
Event: 138.861 Executing safepoint VM operation: Cleanup done
Event: 139.874 Executing safepoint VM operation: Cleanup
Event: 139.874 Executing safepoint VM operation: Cleanup done
Event: 143.901 Executing safepoint VM operation: Cleanup
Event: 143.918 Executing safepoint VM operation: Cleanup done

Memory protections (0 events):
No events

Nmethod flushes (0 events):
No events

Events (20 events):
Event: 3.223 Thread 0x0000021894361700 Thread added: 0x00000218b08b1f40
Event: 3.223 Thread 0x0000021894361700 Thread added: 0x00000218b08b28e0
Event: 3.260 Thread 0x0000021894361700 Thread added: 0x00000218b08ba060
Event: 3.752 Thread 0x0000021894361700 Thread added: 0x00000218b0b493c0
Event: 4.094 Thread 0x0000021894361700 Thread added: 0x00000218b0c1ec30
Event: 21.639 Thread 0x0000021894361700 Thread added: 0x00000218b5069620
Event: 27.574 Thread 0x0000021894361700 Thread added: 0x00000218b679fa60
Event: 29.008 Thread 0x0000021894361700 Thread added: 0x00000218b5cfa6c0
Event: 35.228 Thread 0x00000218b679fa60 Thread added: 0x00000218b6842e50
Event: 35.315 Thread 0x00000218b6842e50 Thread added: 0x00000218b512b4d0
Event: 36.176 Thread 0x00000218b6842e50 Thread added: 0x00000218b51ed430
Event: 36.768 Thread 0x00000218b6842e50 Thread added: 0x00000218b6808240
Event: 36.913 Thread 0x00000218b6808240 Thread added: 0x00000218b68095f0
Event: 36.925 Thread 0x00000218b6808240 Thread added: 0x00000218b6807520
Event: 37.001 Thread 0x00000218b6808240 Thread added: 0x00000218b6807bb0
Event: 44.759 Thread 0x00000218b6808240 Thread added: 0x00000218b68088d0
Event: 44.813 Thread 0x00000218b6808240 Thread added: 0x00000218b6809c80
Event: 48.251 Thread 0x00000218b6809c80 Thread added: 0x00000218b680a9a0
Event: 50.249 Thread 0x00000218b6808240 Thread added: 0x00000218b6808f60
Event: 110.569 Thread 0x00000218b680a9a0 Thread exited: 0x00000218b680a9a0


Dynamic libraries:
0x00007ff6aaf70000 - 0x00007ff6aaf7e000 	C:\Users\NAGARAJU\.antigravity-ide\extensions\redhat.java-1.56.0-win32-x64\jre\21.0.12.1-win32-x86_64\bin\java.exe
0x00007ffba2e60000 - 0x00007ffba30c6000 	C:\WINDOWS\SYSTEM32\ntdll.dll
0x00007ffba16f0000 - 0x00007ffba17b9000 	C:\WINDOWS\System32\KERNEL32.DLL
0x00007ffba01d0000 - 0x00007ffba05cf000 	C:\WINDOWS\System32\KERNELBASE.dll
0x00007ffba0070000 - 0x00007ffba01bc000 	C:\WINDOWS\System32\ucrtbase.dll
0x00007ffb616c0000 - 0x00007ffb616d8000 	C:\Users\NAGARAJU\.antigravity-ide\extensions\redhat.java-1.56.0-win32-x64\jre\21.0.12.1-win32-x86_64\bin\jli.dll
0x00007ffba2320000 - 0x00007ffba24e6000 	C:\WINDOWS\System32\USER32.dll
0x00007ffba08a0000 - 0x00007ffba08c7000 	C:\WINDOWS\System32\win32u.dll
0x00007ffba2df0000 - 0x00007ffba2e1b000 	C:\WINDOWS\System32\GDI32.dll
0x00007ffba05e0000 - 0x00007ffba0709000 	C:\WINDOWS\System32\gdi32full.dll
0x00007ffba0ae0000 - 0x00007ffba0b83000 	C:\WINDOWS\System32\msvcp_win.dll
0x00007ffb616e0000 - 0x00007ffb616fe000 	C:\Users\NAGARAJU\.antigravity-ide\extensions\redhat.java-1.56.0-win32-x64\jre\21.0.12.1-win32-x86_64\bin\VCRUNTIME140.dll
0x00007ffb88780000 - 0x00007ffb88a11000 	C:\WINDOWS\WinSxS\amd64_microsoft.windows.common-controls_6595b64144ccf1df_6.0.26100.8972_none_3e0da176e32f9d4b\COMCTL32.dll
0x00007ffba24f0000 - 0x00007ffba2599000 	C:\WINDOWS\System32\msvcrt.dll
0x00007ffba2150000 - 0x00007ffba2182000 	C:\WINDOWS\System32\IMM32.DLL
0x00007ffb83500000 - 0x00007ffb8350c000 	C:\Users\NAGARAJU\.antigravity-ide\extensions\redhat.java-1.56.0-win32-x64\jre\21.0.12.1-win32-x86_64\bin\vcruntime140_1.dll
0x00007ffb1bac0000 - 0x00007ffb1bb4d000 	C:\Users\NAGARAJU\.antigravity-ide\extensions\redhat.java-1.56.0-win32-x64\jre\21.0.12.1-win32-x86_64\bin\msvcp140.dll
0x00007ffac8530000 - 0x00007ffac92d2000 	C:\Users\NAGARAJU\.antigravity-ide\extensions\redhat.java-1.56.0-win32-x64\jre\21.0.12.1-win32-x86_64\bin\server\jvm.dll
0x00007ffba0d00000 - 0x00007ffba0dbc000 	C:\WINDOWS\System32\ADVAPI32.dll
0x00007ffba28a0000 - 0x00007ffba294a000 	C:\WINDOWS\System32\sechost.dll
0x00007ffba25a0000 - 0x00007ffba26b8000 	C:\WINDOWS\System32\RPCRT4.dll
0x00007ffba1ab0000 - 0x00007ffba1b32000 	C:\WINDOWS\System32\WS2_32.dll
0x00007ffb9fed0000 - 0x00007ffb9ff2e000 	C:\WINDOWS\SYSTEM32\POWRPROF.dll
0x00007ffb99840000 - 0x00007ffb99876000 	C:\WINDOWS\SYSTEM32\WINMM.dll
0x00007ffb99880000 - 0x00007ffb9988b000 	C:\WINDOWS\SYSTEM32\VERSION.dll
0x00007ffb9feb0000 - 0x00007ffb9fec5000 	C:\WINDOWS\SYSTEM32\UMPDC.dll
0x00007ffb9ed60000 - 0x00007ffb9ed7b000 	C:\WINDOWS\SYSTEM32\kernel.appcore.dll
0x00007ffb82eb0000 - 0x00007ffb82eba000 	C:\Users\NAGARAJU\.antigravity-ide\extensions\redhat.java-1.56.0-win32-x64\jre\21.0.12.1-win32-x86_64\bin\jimage.dll
0x00007ffb94900000 - 0x00007ffb94b42000 	C:\WINDOWS\SYSTEM32\DBGHELP.DLL
0x00007ffba2a10000 - 0x00007ffba2d95000 	C:\WINDOWS\System32\combase.dll
0x00007ffba21c0000 - 0x00007ffba2299000 	C:\WINDOWS\System32\OLEAUT32.dll
0x00007ffb81c30000 - 0x00007ffb81c6b000 	C:\WINDOWS\SYSTEM32\dbgcore.DLL
0x00007ffba08d0000 - 0x00007ffba097c000 	C:\WINDOWS\System32\bcryptPrimitives.dll
0x00007ffb65d80000 - 0x00007ffb65d8f000 	C:\Users\NAGARAJU\.antigravity-ide\extensions\redhat.java-1.56.0-win32-x64\jre\21.0.12.1-win32-x86_64\bin\instrument.dll
0x00007ffb5fe50000 - 0x00007ffb5fe70000 	C:\Users\NAGARAJU\.antigravity-ide\extensions\redhat.java-1.56.0-win32-x64\jre\21.0.12.1-win32-x86_64\bin\java.dll
0x00007ffb4d020000 - 0x00007ffb4d038000 	C:\Users\NAGARAJU\.antigravity-ide\extensions\redhat.java-1.56.0-win32-x64\jre\21.0.12.1-win32-x86_64\bin\zip.dll
0x00007ffba0f50000 - 0x00007ffba16d8000 	C:\WINDOWS\System32\SHELL32.dll
0x00007ffb9db40000 - 0x00007ffb9e3db000 	C:\WINDOWS\SYSTEM32\windows.storage.dll
0x00007ffba0dd0000 - 0x00007ffba0ec9000 	C:\WINDOWS\System32\SHCORE.dll
0x00007ffba0c90000 - 0x00007ffba0cf6000 	C:\WINDOWS\System32\shlwapi.dll
0x00007ffb9ff90000 - 0x00007ffb9ffb9000 	C:\WINDOWS\SYSTEM32\profapi.dll
0x00007ffb72940000 - 0x00007ffb72950000 	C:\Users\NAGARAJU\.antigravity-ide\extensions\redhat.java-1.56.0-win32-x64\jre\21.0.12.1-win32-x86_64\bin\net.dll
0x00007ffb95940000 - 0x00007ffb95a68000 	C:\WINDOWS\SYSTEM32\WINHTTP.dll
0x00007ffb9f310000 - 0x00007ffb9f37c000 	C:\WINDOWS\system32\mswsock.dll
0x00007ffb5f9d0000 - 0x00007ffb5f9e6000 	C:\Users\NAGARAJU\.antigravity-ide\extensions\redhat.java-1.56.0-win32-x64\jre\21.0.12.1-win32-x86_64\bin\nio.dll
0x00007ffb62900000 - 0x00007ffb62910000 	C:\Users\NAGARAJU\.antigravity-ide\extensions\redhat.java-1.56.0-win32-x64\jre\21.0.12.1-win32-x86_64\bin\verify.dll
0x00007ffb1ba00000 - 0x00007ffb1ba27000 	C:\Users\NAGARAJU\.gradle\native\1def1411415f61bf3af743bc5b6707747c0891f09f0c88961ee8f79bc544acac\windows-amd64\native-platform.dll
0x00007ffafafa0000 - 0x00007ffafb018000 	C:\Users\NAGARAJU\.gradle\native\0.2.7\x86_64-windows-gnu\gradle-fileevents.dll
0x00007ffb95860000 - 0x00007ffb9586a000 	C:\Users\NAGARAJU\.antigravity-ide\extensions\redhat.java-1.56.0-win32-x64\jre\21.0.12.1-win32-x86_64\bin\management.dll
0x00007ffb831e0000 - 0x00007ffb831ec000 	C:\Users\NAGARAJU\.antigravity-ide\extensions\redhat.java-1.56.0-win32-x64\jre\21.0.12.1-win32-x86_64\bin\management_ext.dll
0x00007ffba1cb0000 - 0x00007ffba1cb8000 	C:\WINDOWS\System32\PSAPI.DLL
0x00007ffb9e6b0000 - 0x00007ffb9e6e3000 	C:\WINDOWS\SYSTEM32\IPHLPAPI.DLL
0x00007ffba16e0000 - 0x00007ffba16ea000 	C:\WINDOWS\System32\NSI.dll
0x00007ffb831d0000 - 0x00007ffb831d9000 	C:\Users\NAGARAJU\.antigravity-ide\extensions\redhat.java-1.56.0-win32-x64\jre\21.0.12.1-win32-x86_64\bin\extnet.dll
0x00007ffb9f600000 - 0x00007ffb9f61b000 	C:\WINDOWS\SYSTEM32\CRYPTSP.dll
0x00007ffb9ecc0000 - 0x00007ffb9ecf9000 	C:\WINDOWS\system32\rsaenh.dll
0x00007ffb9f3c0000 - 0x00007ffb9f3f2000 	C:\WINDOWS\SYSTEM32\USERENV.dll
0x00007ffb9ff60000 - 0x00007ffb9ff8a000 	C:\WINDOWS\SYSTEM32\bcrypt.dll
0x00007ffb9f620000 - 0x00007ffb9f62c000 	C:\WINDOWS\SYSTEM32\CRYPTBASE.dll
0x00007ffb831c0000 - 0x00007ffb831ce000 	C:\Users\NAGARAJU\.antigravity-ide\extensions\redhat.java-1.56.0-win32-x64\jre\21.0.12.1-win32-x86_64\bin\sunmscapi.dll
0x00007ffba0710000 - 0x00007ffba088e000 	C:\WINDOWS\System32\CRYPT32.dll
0x00007ffb9f840000 - 0x00007ffb9f870000 	C:\WINDOWS\SYSTEM32\ncrypt.dll
0x00007ffb9f7f0000 - 0x00007ffb9f82f000 	C:\WINDOWS\SYSTEM32\NTASN1.dll
0x00007ffb15860000 - 0x00007ffb15868000 	C:\WINDOWS\system32\wshunix.dll

JVMTI agents:
C:\Users\NAGARAJU\.gradle\wrapper\dists\gradle-8.14.1-bin\baw1sv0jfoi8rxs14qo3h49cs\gradle-8.14.1\lib\agents\gradle-instrumentation-agent-8.14.1.jar path:C:\Users\NAGARAJU\.antigravity-ide\extensions\redhat.java-1.56.0-win32-x64\jre\21.0.12.1-win32-x86_64\bin\instrument.dll, loaded, initialized, instrumentlib options:none

dbghelp: loaded successfully - version: 4.0.5 - missing functions: none
symbol engine: initialized successfully - sym options: 0x614 - pdb path: .;C:\Users\NAGARAJU\.antigravity-ide\extensions\redhat.java-1.56.0-win32-x64\jre\21.0.12.1-win32-x86_64\bin;C:\WINDOWS\SYSTEM32;C:\WINDOWS\WinSxS\amd64_microsoft.windows.common-controls_6595b64144ccf1df_6.0.26100.8972_none_3e0da176e32f9d4b;C:\Users\NAGARAJU\.antigravity-ide\extensions\redhat.java-1.56.0-win32-x64\jre\21.0.12.1-win32-x86_64\bin\server;C:\Users\NAGARAJU\.gradle\native\1def1411415f61bf3af743bc5b6707747c0891f09f0c88961ee8f79bc544acac\windows-amd64;C:\Users\NAGARAJU\.gradle\native\0.2.7\x86_64-windows-gnu

VM Arguments:
jvm_args: --add-opens=java.base/java.lang=ALL-UNNAMED --add-opens=java.base/java.lang.invoke=ALL-UNNAMED --add-opens=java.base/java.util=ALL-UNNAMED --add-opens=java.prefs/java.util.prefs=ALL-UNNAMED --add-exports=jdk.compiler/com.sun.tools.javac.api=ALL-UNNAMED --add-exports=jdk.compiler/com.sun.tools.javac.util=ALL-UNNAMED --add-opens=java.base/java.util=ALL-UNNAMED --add-opens=java.prefs/java.util.prefs=ALL-UNNAMED --add-opens=java.base/java.nio.charset=ALL-UNNAMED --add-opens=java.base/java.net=ALL-UNNAMED --add-opens=java.base/java.util.concurrent.atomic=ALL-UNNAMED --add-opens=java.xml/javax.xml.namespace=ALL-UNNAMED -Xmx4096m -Dfile.encoding=UTF-8 -Duser.country=IN -Duser.language=en -Duser.variant -javaagent:C:\Users\NAGARAJU\.gradle\wrapper\dists\gradle-8.14.1-bin\baw1sv0jfoi8rxs14qo3h49cs\gradle-8.14.1\lib\agents\gradle-instrumentation-agent-8.14.1.jar 
java_command: org.gradle.launcher.daemon.bootstrap.GradleDaemon 8.14.1
java_class_path (initial): C:\Users\NAGARAJU\.gradle\wrapper\dists\gradle-8.14.1-bin\baw1sv0jfoi8rxs14qo3h49cs\gradle-8.14.1\lib\gradle-daemon-main-8.14.1.jar
Launcher Type: SUN_STANDARD

[Global flags]
     intx CICompilerCount                          = 4                                         {product} {ergonomic}
     uint ConcGCThreads                            = 2                                         {product} {ergonomic}
     uint G1ConcRefinementThreads                  = 8                                         {product} {ergonomic}
   size_t G1HeapRegionSize                         = 2097152                                   {product} {ergonomic}
    uintx GCDrainStackTargetSize                   = 64                                        {product} {ergonomic}
   size_t InitialHeapSize                          = 123731968                                 {product} {ergonomic}
   size_t MarkStackSize                            = 4194304                                   {product} {ergonomic}
   size_t MaxHeapSize                              = 4294967296                                {product} {command line}
   size_t MaxNewSize                               = 2575302656                                {product} {ergonomic}
   size_t MinHeapDeltaBytes                        = 2097152                                   {product} {ergonomic}
   size_t MinHeapSize                              = 8388608                                   {product} {ergonomic}
    uintx NonNMethodCodeHeapSize                   = 5839372                                {pd product} {ergonomic}
    uintx NonProfiledCodeHeapSize                  = 122909434                              {pd product} {ergonomic}
    uintx ProfiledCodeHeapSize                     = 122909434                              {pd product} {ergonomic}
    uintx ReservedCodeCacheSize                    = 251658240                              {pd product} {ergonomic}
     bool SegmentedCodeCache                       = true                                      {product} {ergonomic}
   size_t SoftMaxHeapSize                          = 4294967296                             {manageable} {ergonomic}
     bool UseCompressedOops                        = true                           {product lp64_product} {ergonomic}
     bool UseG1GC                                  = true                                      {product} {ergonomic}
     bool UseLargePagesIndividualAllocation        = false                                  {pd product} {ergonomic}

Logging:
Log output configuration:
 #0: stdout all=warning uptime,level,tags foldmultilines=false
 #1: stderr all=off uptime,level,tags foldmultilines=false

Release file:
JAVA_VERSION="21.0.12.1" 
MODULES="java.base java.compiler java.datatransfer java.xml java.prefs java.desktop java.instrument java.logging java.management java.security.sasl java.naming java.rmi java.management.rmi java.net.http java.scripting java.security.jgss java.transaction.xa java.sql java.sql.rowset java.xml.crypto java.se java.smartcardio jdk.accessibility jdk.internal.jvmstat jdk.attach jdk.charsets jdk.internal.opt jdk.zipfs jdk.compiler jdk.crypto.ec jdk.crypto.cryptoki jdk.crypto.mscapi jdk.dynalink jdk.internal.ed jdk.editpad jdk.hotspot.agent jdk.httpserver jdk.internal.le jdk.internal.vm.ci jdk.internal.vm.compiler jdk.internal.vm.compiler.management jdk.jartool jdk.javadoc jdk.jcmd jdk.management jdk.management.agent jdk.jconsole jdk.jdeps jdk.jdwp.agent jdk.jdi jdk.jfr jdk.jshell jdk.jsobject jdk.jstatd jdk.localedata jdk.management.jfr jdk.naming.dns jdk.naming.rmi jdk.net jdk.nio.mapmode jdk.random jdk.sctp jdk.security.auth jdk.security.jgss jdk.unsupported jdk.unsupported.desktop jdk.xml.dom" 

Environment Variables:
JAVA_HOME=C:\Program Files\Eclipse Adoptium\jdk-21.0.11.10-hotspot
PATH=C:\Program Files\Eclipse Adoptium\jdk-21.0.11.10-hotspot\bin;C:\Program Files\Eclipse Adoptium\jdk-11.0.26.4-hotspot\bin;C:\Program Files\Eclipse Adoptium\jdk-17.0.14.7-hotspot\bin;C:\Program Files\Java\jdk-17\bin;C:\Program Files\nodejs;E:\Android\Sdk\platform-tools;E:\Android\Sdk\emulator;E:\Android\Sdk\cmdline-tools\latest\bin;C:\Users\NAGARAJU\AppData\Local\Android\Sdk\platform-tools;C:\Users\NAGARAJU\AppData\Local\Android\Sdk\emulator;C:\Users\NAGARAJU\AppData\Local\Android\Sdk\cmdline-tools\latest\bin;C:\Program Files\Eclipse Adoptium\jdk-21.0.11.10-hotspot\bin;C:\Program Files\Eclipse Adoptium\jdk-11.0.26.4-hotspot\bin;C:\Program Files\Eclipse Adoptium\jdk-17.0.14.7-hotspot\bin;C:\Program Files\Java\jdk-17\bin;C:\Program Files\nodejs;E:\Android\Sdk\platform-tools;E:\Android\Sdk\emulator;E:\Android\Sdk\cmdline-tools\latest\bin;C:\Users\NAGARAJU\AppData\Local\Android\Sdk\platform-tools;C:\Users\NAGARAJU\AppData\Local\Android\Sdk\emulator;C:\Users\NAGARAJU\AppData\Local\Android\Sdk\cmdline-tools\latest\bin;C:\Program Files\Eclipse Adoptium\jdk-21.0.11.10-hotspot\bin;C:\Program Files\Eclipse Adoptium\jdk-11.0.26.4-hotspot\bin;C:\Program Files\Eclipse Adoptium\jdk-17.0.14.7-hotspot\bin;C:\Program Files\Java\jdk-17\bin;C:\Program Files\nodejs;E:\Android\Sdk\platform-tools;E:\Android\Sdk\emulator;E:\Android\Sdk\cmdline-tools\latest\bin;C:\Users\NAGARAJU\AppData\Local\Android\Sdk\platform-tools;C:\Users\NAGARAJU\AppData\Local\Android\Sdk\emulator;C:\Users\NAGARAJU\AppData\Local\Android\Sdk\cmdline-tools\latest\bin;C:\WINDOWS\System32;C:\ProgramData\chocolatey\bin;C:\Program Files\nodejs\;C:\Program Files\Git\cmd;C:\Windows\System32;C:\Windows\System32\WindowsPowerShell\v1.0;C:\Windows\System32\OpenSSH;C:\Windows\System32\WindowsPowerShell\v1.0\;C:\Users\NAGARAJU\Downloads\stripe_1.30.0_windows_x86_64;C:\WINDOWS\system32;C:\WINDOWS;C:\WINDOWS\System32\Wbem;C:\WINDOWS\System32\WindowsPowerShell\v1.0\;C:\WINDOWS\System32\OpenSSH\;C:\ProgramData\chocolatey\bin;C:\Program Files\nodejs\;C:\Program Files\Git\cmd;C:\Windows\System32;C:\Windows\System32\WindowsPowerShell\v1.0;C:\Windows\System32\OpenSSH;C:\Windows\System32\WindowsPowerShell\v1.0\;C:\Users\NAGARAJU\Downloads\stripe_1.30.0_windows_x86_64;C:\WINDOWS\system32;C:\WINDOWS;C:\WINDOWS\System32\Wbem;C:\WINDOWS\System32\WindowsPowerShell\v1.0\;C:\WINDOWS\System32\OpenSSH\;C:\ProgramData\chocolatey\bin;C:\Program Files\nodejs\;C:\Program Files\Git\cmd;C:\Windows\System32;C:\Windows\System32\WindowsPowerShell\v1.0;C:\Windows\System32\OpenSSH;C:\Windows\System32\WindowsPowerShell\v1.0\;C:\Users\NAGARAJU\Downloads\stripe_1.30.0_windows_x86_64;C:\WINDOWS\system32;C:\WINDOWS;C:\WINDOWS\System32\Wbem;C:\WINDOWS\System32\WindowsPowerShell\v1.0\;C:\WINDOWS\System32\OpenSSH\;C:\Program Files\Eclipse Adoptium\jdk-21.0.11.10-hotspot\bin;C:\Program Files\Eclipse Adoptium\jdk-11.0.26.4-hotspot\bin;C:\Program Files\Eclipse Adoptium\jdk-17.0.14.7-hotspot\bin;C:\Program Files\Java\jdk-17\bin;C:\Program Files\nodejs;E:\Android\Sdk\platform-tools;E:\Android\Sdk\emulator;E:\Android\Sdk\cmdline-tools\latest\bin;C:\Users\NAGARAJU\AppData\Local\Android\Sdk\platform-tools;C:\Users\NAGARAJU\AppData\Local\Android\Sdk\emulator;C:\Users\NAGARAJU\AppData\Local\Android\Sdk\cmdline-tools\latest\bin;C:\Program Files\Eclipse Adoptium\jdk-21.0.11.10-hotspot\bin;C:\Program Files\Eclipse Adoptium\jdk-11.0.26.4-hotspot\bin;C:\Program Files\Eclipse Adoptium\jdk-17.0.14.7-hotspot\bin;C:\Program Files\Java\jdk-17\bin;C:\Program Files\nodejs;E:\Android\Sdk\platform-tools;E:\Android\Sdk\emulator;E:\Android\Sdk\cmdline-tools\latest\bin;C:\Users\NAGARAJU\AppData\Local\Android\Sdk\platform-tools;C:\Users\NAGARAJU\AppData\Local\Android\Sdk\emulator;C:\Users\NAGARAJU\AppData\Local\Android\Sdk\cmdline-tools\latest\bin;C:\Program Files\Eclipse Adoptium\jdk-21.0.11.10-hotspot\bin;C:\Program Files\Eclipse Adoptium\jdk-11.0.26.4-hotspot\bin;C:\Program Files\Eclipse Adoptium\jdk-17.0.14.7-hotspot\bin;C:\Program Files\Java\jdk-17\bin;C:\Program Files\nodejs;E:\Android\Sdk\platform-tools;E:\Android\Sdk\emulator;E:\Android\Sdk\cmdline-tools\latest\bin;C:\Users\NAGARAJU\AppData\Local\Android\Sdk\platform-tools;C:\Users\NAGARAJU\AppData\Local\Android\Sdk\emulator;C:\Users\NAGARAJU\AppData\Local\Android\Sdk\cmdline-tools\latest\bin;C:\WINDOWS\System32;C:\ProgramData\chocolatey\bin;C:\Program Files\nodejs\;C:\Program Files\Git\cmd;C:\Windows\System32;C:\Windows\System32\WindowsPowerShell\v1.0;C:\Windows\System32\OpenSSH;C:\Windows\System32\WindowsPowerShell\v1.0\;C:\Users\NAGARAJU\Downloads\stripe_1.30.0_windows_x86_64;C:\WINDOWS\system32;C:\WINDOWS;C:\WINDOWS\System32\Wbem;C:\WINDOWS\System32\WindowsPowerShell\v1.0\;C:\WINDOWS\System32\OpenSSH\;C:\ProgramData\chocolatey\bin;C:\Program Files\nodejs\;C:\Program Files\Git\cmd;C:\Windows\System32;C:\Windows\System32\WindowsPowerShell\v1.0;C:\Windows\System32\OpenSSH;C:\Windows\System32\WindowsPowerShell\v1.0\;C:\Users\NAGARAJU\Downloads\stripe_1.30.0_windows_x86_64;C:\WINDOWS\system32;C:\WINDOWS;C:\WINDOWS\System32\Wbem;C:\WINDOWS\System32\WindowsPowerShell\v1.0\;C:\WINDOWS\System32\OpenSSH\;C:\ProgramData\chocolatey\bin;C:\Program Files\nodejs\;C:\Program Files\Git\cmd;C:\Windows\System32;C:\Windows\System32\WindowsPowerShell\v1.0;C:\Windows\System32\OpenSSH;C:\Windows\System32\WindowsPowerShell\v1.0\;C:\Users\NAGARAJU\Downloads\stripe_1.30.0_windows_x86_64;C:\WINDOWS\system32;C:\WINDOWS;C:\WINDOWS\System32\Wbem;C:\WINDOWS\System32\WindowsPowerShell\v1.0\;C:\WINDOWS\System32\OpenSSH\;C:\Users\NAGARAJU\AppData\Local\Android\Sdk\platform-tools;C:\Users\NAGARAJU\AppData\Local\Android\Sdk\cmdline-tools\latest\bin;C:\Users\NAGARAJU\AppData\Roaming\npm;C:\Users\NAGARAJU\AppData\Local\Programs\Microsoft VS Code\bin;C:\Users\NAGARAJU\AppData\Local\Programs\Antigravity IDE\bin;C:\Users\NAGARAJU\AppData\Local\Microsoft\WindowsApps;C:\Users\NAGARAJU\AppData\Local\Kingsoft\WPS Office\12.1.0.27458\clitool
USERNAME=NAGARAJU
OS=Windows_NT
PROCESSOR_IDENTIFIER=AMD64 Family 23 Model 104 Stepping 1, AuthenticAMD
TMP=C:\Users\NAGARAJU\AppData\Local\Temp
TEMP=C:\Users\NAGARAJU\AppData\Local\Temp




Periodic native trim disabled

---------------  S Y S T E M  ---------------

OS:
 Windows 11 , 64 bit Build 26100 (10.0.26100.9168)
OS uptime: 0 days 0:59 hours

CPU: total 8 (initial active 8) (8 cores per cpu, 2 threads per core) family 23 model 104 stepping 1 microcode 0x8608109, cx8, cmov, fxsr, ht, mmx, 3dnowpref, sse, sse2, sse3, ssse3, sse4a, sse4.1, sse4.2, popcnt, lzcnt, tsc, tscinvbit, avx, avx2, aes, clmul, bmi1, bmi2, adx, sha, fma, vzeroupper, clflush, clflushopt, rdtscp, rdpid, f16c
Processor Information for the first 8 processors :
  Max Mhz: 2600, Current Mhz: 2600, Mhz Limit: 2600

Memory: 4k page, system-wide physical 7502M (901M free)
TotalPageFile size 40270M (AvailPageFile size 689M)
current process WorkingSet (physical memory assigned to process): 32M, peak: 98M
current process commit charge ("private bytes"): 200M, peak: 239M

vm_info: OpenJDK 64-Bit Server VM (21.0.12.1+1-LTS) for windows-amd64 JRE (21.0.12.1+1-LTS), built on 2026-08-18T00:00:00Z by "admin" with MS VC++ 17.12 (VS2022)

END.
