#
# There is insufficient memory for the Java Runtime Environment to continue.
# Native memory allocation (malloc) failed to allocate 32744 bytes. Error detail: Chunk::new
# Possible reasons:
#   The system is out of physical RAM or swap space
#   This process is running with CompressedOops enabled, and the Java Heap may be blocking the growth of the native heap
# Possible solutions:
#   Reduce memory load on the system
#   Increase physical memory or swap space
#   Check if swap backing store is full
#   Decrease Java heap size (-Xmx/-Xms)
#   Decrease number of Java threads
#   Decrease Java thread stack sizes (-Xss)
#   Set larger code cache with -XX:ReservedCodeCacheSize=
#   JVM is running with Zero Based Compressed Oops mode in which the Java heap is
#     placed in the first 32GB address space. The Java Heap base address is the
#     maximum limit for the native heap growth. Please use -XX:HeapBaseMinAddress
#     to set the Java Heap base and to place the Java Heap above 32GB virtual address.
# This output file may be truncated or incomplete.
#
#  Out of Memory Error (arena.cpp:168), pid=24584, tid=29792
#
# JRE version: OpenJDK Runtime Environment Temurin-21.0.12.1+1 (21.0.12.1+1) (build 21.0.12.1+1-LTS)
# Java VM: OpenJDK 64-Bit Server VM Temurin-21.0.12.1+1 (21.0.12.1+1-LTS, mixed mode, sharing, tiered, compressed oops, compressed class ptrs, g1 gc, windows-amd64)
# No core dump will be written. Minidumps are not enabled by default on client versions of Windows
#

---------------  S U M M A R Y ------------

Command Line: --add-opens=java.base/java.lang=ALL-UNNAMED --add-opens=java.base/java.lang.invoke=ALL-UNNAMED --add-opens=java.base/java.util=ALL-UNNAMED --add-opens=java.prefs/java.util.prefs=ALL-UNNAMED --add-exports=jdk.compiler/com.sun.tools.javac.api=ALL-UNNAMED --add-exports=jdk.compiler/com.sun.tools.javac.util=ALL-UNNAMED --add-opens=java.base/java.util=ALL-UNNAMED --add-opens=java.prefs/java.util.prefs=ALL-UNNAMED --add-opens=java.base/java.nio.charset=ALL-UNNAMED --add-opens=java.base/java.net=ALL-UNNAMED --add-opens=java.base/java.util.concurrent.atomic=ALL-UNNAMED --add-opens=java.xml/javax.xml.namespace=ALL-UNNAMED -Xmx4096m -Dfile.encoding=UTF-8 -Duser.country=IN -Duser.language=en -Duser.variant -javaagent:C:\Users\NAGARAJU\.gradle\wrapper\dists\gradle-8.14.1-bin\baw1sv0jfoi8rxs14qo3h49cs\gradle-8.14.1\lib\agents\gradle-instrumentation-agent-8.14.1.jar org.gradle.launcher.daemon.bootstrap.GradleDaemon 8.14.1

Host: AMD Ryzen 3 5300U with Radeon Graphics         , 8 cores, 7G,  Windows 11 , 64 bit Build 26100 (10.0.26100.9168)
Time: Wed Sep  9 15:48:57 2026 India Standard Time elapsed time: 946.560038 seconds (0d 0h 15m 46s)

---------------  T H R E A D  ---------------

Current thread (0x000001cb3c0264a0):  JavaThread "C2 CompilerThread0" daemon [_thread_in_native, id=29792, stack(0x000000445ff00000,0x0000004460000000) (1024K)]


Current CompileTask:
C2:946570 6126       4       org.gradle.internal.time.ExponentialBackoff::retryUntil (65 bytes)

Stack: [0x000000445ff00000,0x0000004460000000]
Native frames: (J=compiled Java code, j=interpreted, Vv=VM code, C=native code)
V  [jvm.dll+0x6d83e9]
V  [jvm.dll+0x8b5736]
V  [jvm.dll+0x8b7cee]
V  [jvm.dll+0x8b83d3]
V  [jvm.dll+0x284596]
V  [jvm.dll+0xc685d]
V  [jvm.dll+0xc6da1]
V  [jvm.dll+0x3bc786]
V  [jvm.dll+0x3bc137]
V  [jvm.dll+0x32a12e]
V  [jvm.dll+0x699481]
V  [jvm.dll+0x13a05c]
V  [jvm.dll+0x39b114]
V  [jvm.dll+0x6f5f9e]
V  [jvm.dll+0x6f5287]
V  [jvm.dll+0x6f0656]
V  [jvm.dll+0x6ea969]
V  [jvm.dll+0x6ea069]
V  [jvm.dll+0x6e80ee]
V  [jvm.dll+0x1ce4fc]
V  [jvm.dll+0x2fa7dc]
V  [jvm.dll+0x6f2873]
V  [jvm.dll+0x6ea969]
V  [jvm.dll+0x6ea069]
V  [jvm.dll+0x6e80ee]
V  [jvm.dll+0x1ce4fc]
V  [jvm.dll+0x2fa7dc]
V  [jvm.dll+0x6f2873]
V  [jvm.dll+0x6ea969]
V  [jvm.dll+0x6ea069]
V  [jvm.dll+0x6e80ee]
V  [jvm.dll+0x1ce4fc]
V  [jvm.dll+0x2fa7dc]
V  [jvm.dll+0x6f2873]
V  [jvm.dll+0x6ea969]
V  [jvm.dll+0x6ea069]
V  [jvm.dll+0x6e80ee]
V  [jvm.dll+0x1ce4fc]
V  [jvm.dll+0x2fa7dc]
V  [jvm.dll+0x6f2873]
V  [jvm.dll+0x6ea969]
V  [jvm.dll+0x6ea069]
V  [jvm.dll+0x6e80ee]
V  [jvm.dll+0x1ce4fc]
V  [jvm.dll+0x1cf09e]
V  [jvm.dll+0x2fa7dc]
V  [jvm.dll+0x6f2873]
V  [jvm.dll+0x6ea969]
V  [jvm.dll+0x6ea069]
V  [jvm.dll+0x6e80ee]
V  [jvm.dll+0x1ce4fc]
V  [jvm.dll+0x1cf09e]
V  [jvm.dll+0x2fa7dc]
V  [jvm.dll+0x6f2873]
V  [jvm.dll+0x6ea969]
V  [jvm.dll+0x6ea069]
V  [jvm.dll+0x6e80ee]
V  [jvm.dll+0x1ce4fc]
V  [jvm.dll+0x2fa7dc]
V  [jvm.dll+0x6f2873]
V  [jvm.dll+0x6ea969]
V  [jvm.dll+0x6ea069]
V  [jvm.dll+0x6e80ee]
V  [jvm.dll+0x1ce4fc]
V  [jvm.dll+0x2fa7dc]
V  [jvm.dll+0x6f2873]
V  [jvm.dll+0x6ea969]
V  [jvm.dll+0x6ea069]
V  [jvm.dll+0x6e80ee]
V  [jvm.dll+0x1ce4fc]
V  [jvm.dll+0x1cf09e]
V  [jvm.dll+0x1cf09e]
V  [jvm.dll+0x1cefe0]
V  [jvm.dll+0x2fa7dc]
V  [jvm.dll+0x6f2873]
V  [jvm.dll+0x6ea969]
V  [jvm.dll+0x6ea069]
V  [jvm.dll+0x6e80ee]
V  [jvm.dll+0x1ce4fc]
V  [jvm.dll+0x24b919]
V  [jvm.dll+0x1cb4ae]
V  [jvm.dll+0x25baad]
V  [jvm.dll+0x25a03a]
V  [jvm.dll+0x3f8aae]
V  [jvm.dll+0x8600cd]
V  [jvm.dll+0x6d6c1d]
C  [ucrtbase.dll+0x2cd30]
C  [KERNEL32.DLL+0x2ccb7]
C  [ntdll.dll+0xaad6c]


---------------  P R O C E S S  ---------------

Threads class SMR info:
_java_thread_list=0x000001cb05a01920, length=43, elements={
0x000001cb1fc51360, 0x000001cb3c01d5f0, 0x000001cb3c01ed70, 0x000001cb3c01f7d0,
0x000001cb3c022240, 0x000001cb3c024cb0, 0x000001cb3c025710, 0x000001cb3c0264a0,
0x000001cb3c02ed40, 0x000001cb3c2581b0, 0x000001cb3c2bb920, 0x000001cb7e3e5f10,
0x000001cb3c436cb0, 0x000001cb7eee8020, 0x000001cb3c6b9280, 0x000001cb3c6b9cc0,
0x000001cb3c6bd5d0, 0x000001cb3c089c70, 0x000001cb3c641590, 0x000001cb3c641c20,
0x000001cb3c63ee30, 0x000001cb3c640870, 0x000001cb3c6401e0, 0x000001cb3c640f00,
0x000001cb3c6422b0, 0x000001cb047c7940, 0x000001cb047c8660, 0x000001cb047c7fd0,
0x000001cb047c6590, 0x000001cb047c8cf0, 0x000001cb047c9380, 0x000001cb047c72b0,
0x000001cb047c5f00, 0x000001cb047cc170, 0x000001cb047cce90, 0x000001cb047cc800,
0x000001cb047cb450, 0x000001cb047cadc0, 0x000001cb3c63f4c0, 0x000001cb05d5e6b0,
0x000001cb05d5f3d0, 0x000001cb05d5fa60, 0x000001cb05d600f0
}

Java Threads: ( => current thread )
  0x000001cb1fc51360 JavaThread "main"                              [_thread_blocked, id=29064, stack(0x000000445f100000,0x000000445f200000) (1024K)]
  0x000001cb3c01d5f0 JavaThread "Reference Handler"          daemon [_thread_blocked, id=29768, stack(0x000000445f900000,0x000000445fa00000) (1024K)]
  0x000001cb3c01ed70 JavaThread "Finalizer"                  daemon [_thread_blocked, id=29772, stack(0x000000445fa00000,0x000000445fb00000) (1024K)]
  0x000001cb3c01f7d0 JavaThread "Signal Dispatcher"          daemon [_thread_blocked, id=29776, stack(0x000000445fb00000,0x000000445fc00000) (1024K)]
  0x000001cb3c022240 JavaThread "Attach Listener"            daemon [_thread_blocked, id=29780, stack(0x000000445fc00000,0x000000445fd00000) (1024K)]
  0x000001cb3c024cb0 JavaThread "Service Thread"             daemon [_thread_blocked, id=29784, stack(0x000000445fd00000,0x000000445fe00000) (1024K)]
  0x000001cb3c025710 JavaThread "Monitor Deflation Thread"   daemon [_thread_blocked, id=29788, stack(0x000000445fe00000,0x000000445ff00000) (1024K)]
=>0x000001cb3c0264a0 JavaThread "C2 CompilerThread0"         daemon [_thread_in_native, id=29792, stack(0x000000445ff00000,0x0000004460000000) (1024K)]
  0x000001cb3c02ed40 JavaThread "C1 CompilerThread0"         daemon [_thread_blocked, id=29796, stack(0x0000004460000000,0x0000004460100000) (1024K)]
  0x000001cb3c2581b0 JavaThread "Common-Cleaner"             daemon [_thread_blocked, id=29888, stack(0x0000004460100000,0x0000004460200000) (1024K)]
  0x000001cb3c2bb920 JavaThread "Notification Thread"        daemon [_thread_blocked, id=29892, stack(0x0000004460200000,0x0000004460300000) (1024K)]
  0x000001cb7e3e5f10 JavaThread "Daemon health stats"               [_thread_in_Java, id=30456, stack(0x0000004460700000,0x0000004460800000) (1024K)]
  0x000001cb3c436cb0 JavaThread "Incoming local TCP Connector on port 58691"        [_thread_in_native, id=30616, stack(0x0000004460800000,0x0000004460900000) (1024K)]
  0x000001cb7eee8020 JavaThread "Daemon periodic checks"            [_thread_blocked, id=30628, stack(0x0000004460900000,0x0000004460a00000) (1024K)]
  0x000001cb3c6b9280 JavaThread "Daemon"                            [_thread_blocked, id=29976, stack(0x0000004460d00000,0x0000004460e00000) (1024K)]
  0x000001cb3c6b9cc0 JavaThread "Handler for socket connection from /127.0.0.1:58691 to /127.0.0.1:58694"        [_thread_in_native, id=29984, stack(0x0000004460e00000,0x0000004460f00000) (1024K)]
  0x000001cb3c6bd5d0 JavaThread "Cancel handler"                    [_thread_blocked, id=29980, stack(0x0000004460f00000,0x0000004461000000) (1024K)]
  0x000001cb3c089c70 JavaThread "Daemon worker"                     [_thread_blocked, id=26232, stack(0x0000004461000000,0x0000004461100000) (1024K)]
  0x000001cb3c641590 JavaThread "Asynchronous log dispatcher for DefaultDaemonConnection: socket connection from /127.0.0.1:58691 to /127.0.0.1:58694"        [_thread_blocked, id=28464, stack(0x0000004461100000,0x0000004461200000) (1024K)]
  0x000001cb3c641c20 JavaThread "Stdin handler"                     [_thread_blocked, id=12740, stack(0x0000004461200000,0x0000004461300000) (1024K)]
  0x000001cb3c63ee30 JavaThread "Daemon client event forwarder"        [_thread_blocked, id=28332, stack(0x0000004461300000,0x0000004461400000) (1024K)]
  0x000001cb3c640870 JavaThread "Cache worker for journal cache (C:\Users\NAGARAJU\.gradle\caches\journal-1)"        [_thread_blocked, id=30372, stack(0x0000004461400000,0x0000004461500000) (1024K)]
  0x000001cb3c6401e0 JavaThread "File lock request listener"        [_thread_in_native, id=30512, stack(0x0000004461500000,0x0000004461600000) (1024K)]
  0x000001cb3c640f00 JavaThread "Cache worker for file hash cache (C:\Users\NAGARAJU\.gradle\caches\8.14.1\fileHashes)"        [_thread_blocked, id=30488, stack(0x0000004461600000,0x0000004461700000) (1024K)]
  0x000001cb3c6422b0 JavaThread "Cache worker for file hash cache (C:\zynnative\DocApp-CLI\android\.gradle\8.14.1\fileHashes)"        [_thread_blocked, id=30552, stack(0x0000004461900000,0x0000004461a00000) (1024K)]
  0x000001cb047c7940 JavaThread "Cache worker for Build Output Cleanup Cache (C:\zynnative\DocApp-CLI\android\.gradle\buildOutputCleanup)"        [_thread_blocked, id=30104, stack(0x0000004461a00000,0x0000004461b00000) (1024K)]
  0x000001cb047c8660 JavaThread "File watcher server"        daemon [_thread_in_native, id=30656, stack(0x0000004461b00000,0x0000004461c00000) (1024K)]
  0x000001cb047c7fd0 JavaThread "File watcher consumer"      daemon [_thread_blocked, id=28996, stack(0x0000004461c00000,0x0000004461d00000) (1024K)]
  0x000001cb047c6590 JavaThread "jar transforms"                    [_thread_blocked, id=28832, stack(0x000000445ef00000,0x000000445f000000) (1024K)]
  0x000001cb047c8cf0 JavaThread "jar transforms Thread 2"           [_thread_blocked, id=23100, stack(0x000000445f000000,0x000000445f100000) (1024K)]
  0x000001cb047c9380 JavaThread "Cache worker for checksums cache (C:\zynnative\DocApp-CLI\android\.gradle\8.14.1\checksums)"        [_thread_blocked, id=30804, stack(0x0000004461d00000,0x0000004461e00000) (1024K)]
  0x000001cb047c72b0 JavaThread "Cache worker for file content cache (C:\Users\NAGARAJU\.gradle\caches\8.14.1\fileContent)"        [_thread_blocked, id=30820, stack(0x0000004461e00000,0x0000004461f00000) (1024K)]
  0x000001cb047c5f00 JavaThread "jar transforms Thread 3"           [_thread_blocked, id=27560, stack(0x0000004461f00000,0x0000004462000000) (1024K)]
  0x000001cb047cc170 JavaThread "Cache worker for cache directory md-supplier (C:\Users\NAGARAJU\.gradle\caches\8.14.1\md-supplier)"        [_thread_blocked, id=28140, stack(0x0000004462000000,0x0000004462100000) (1024K)]
  0x000001cb047cce90 JavaThread "Cache worker for cache directory md-rule (C:\Users\NAGARAJU\.gradle\caches\8.14.1\md-rule)"        [_thread_blocked, id=25132, stack(0x0000004462100000,0x0000004462200000) (1024K)]
  0x000001cb047cc800 JavaThread "Cache worker for Build Output Cleanup Cache (C:\zynnative\DocApp-CLI\node_modules\@react-native\gradle-plugin\.gradle\buildOutputCleanup)"        [_thread_blocked, id=31656, stack(0x0000004462200000,0x0000004462300000) (1024K)]
  0x000001cb047cb450 JavaThread "Unconstrained build operations"        [_thread_blocked, id=9996, stack(0x0000004462500000,0x0000004462600000) (1024K)]
  0x000001cb047cadc0 JavaThread "Unconstrained build operations Thread 2"        [_thread_blocked, id=30664, stack(0x0000004462600000,0x0000004462700000) (1024K)]
  0x000001cb3c63f4c0 JavaThread "Unconstrained build operations Thread 3"        [_thread_blocked, id=34656, stack(0x0000004462300000,0x0000004462400000) (1024K)]
  0x000001cb05d5e6b0 JavaThread "Unconstrained build operations Thread 4"        [_thread_blocked, id=37112, stack(0x0000004462400000,0x0000004462500000) (1024K)]
  0x000001cb05d5f3d0 JavaThread "Unconstrained build operations Thread 5"        [_thread_blocked, id=32756, stack(0x0000004462700000,0x0000004462800000) (1024K)]
  0x000001cb05d5fa60 JavaThread "Unconstrained build operations Thread 6"        [_thread_blocked, id=34204, stack(0x0000004462800000,0x0000004462900000) (1024K)]
  0x000001cb05d600f0 JavaThread "File lock release action executor Thread 5"        [_thread_blocked, id=34504, stack(0x0000004461700000,0x0000004461800000) (1024K)]
Total: 43

Other Threads:
  0x000001cb3bffd7a0 VMThread "VM Thread"                           [id=29736, stack(0x000000445f800000,0x000000445f900000) (1024K)]
  0x000001cb3bfed440 WatcherThread "VM Periodic Task Thread"        [id=29732, stack(0x000000445f700000,0x000000445f800000) (1024K)]
  0x000001cb22159f20 WorkerThread "GC Thread#0"                     [id=29712, stack(0x000000445f200000,0x000000445f300000) (1024K)]
  0x000001cb3c2e7f60 WorkerThread "GC Thread#1"                     [id=30012, stack(0x0000004460300000,0x0000004460400000) (1024K)]
  0x000001cb3c3f81e0 WorkerThread "GC Thread#2"                     [id=30020, stack(0x0000004460400000,0x0000004460500000) (1024K)]
  0x000001cb3c38dac0 WorkerThread "GC Thread#3"                     [id=30280, stack(0x0000004460500000,0x0000004460600000) (1024K)]
  0x000001cb3c395e80 WorkerThread "GC Thread#4"                     [id=30284, stack(0x0000004460600000,0x0000004460700000) (1024K)]
  0x000001cb3c16a880 WorkerThread "GC Thread#5"                     [id=30632, stack(0x0000004460a00000,0x0000004460b00000) (1024K)]
  0x000001cb3c16ac30 WorkerThread "GC Thread#6"                     [id=30636, stack(0x0000004460b00000,0x0000004460c00000) (1024K)]
  0x000001cb3c16afe0 WorkerThread "GC Thread#7"                     [id=30640, stack(0x0000004460c00000,0x0000004460d00000) (1024K)]
  0x000001cb1fd0df90 ConcurrentGCThread "G1 Main Marker"            [id=29716, stack(0x000000445f300000,0x000000445f400000) (1024K)]
  0x000001cb1fd0e750 WorkerThread "G1 Conc#0"                       [id=29720, stack(0x000000445f400000,0x000000445f500000) (1024K)]
  0x000001cb04865ea0 WorkerThread "G1 Conc#1"                       [id=29488, stack(0x0000004461800000,0x0000004461900000) (1024K)]
  0x000001cb3bec1120 ConcurrentGCThread "G1 Refine#0"               [id=29724, stack(0x000000445f500000,0x000000445f600000) (1024K)]
  0x000001cb3bec1ab0 ConcurrentGCThread "G1 Service"                [id=29728, stack(0x000000445f600000,0x000000445f700000) (1024K)]
Total: 15

Threads with active compile tasks:
C2 CompilerThread0  947965 6126       4       org.gradle.internal.time.ExponentialBackoff::retryUntil (65 bytes)
Total: 1

VM state: not at safepoint (normal execution)

VM Mutex/Monitor currently owned by a thread: None

Heap address: 0x0000000700000000, size: 4096 MB, Compressed Oops mode: Zero based, Oop shift amount: 3

CDS archive(s) mapped at: [0x000001cb3d000000-0x000001cb3dba0000-0x000001cb3dba0000), size 12189696, SharedBaseAddress: 0x000001cb3d000000, ArchiveRelocationMode: 1.
Compressed class space mapped at: 0x000001cb3e000000-0x000001cb7e000000, reserved size: 1073741824
Narrow klass base: 0x000001cb3d000000, Narrow klass shift: 0, Narrow klass range: 0x100000000

GC Precious Log:
 CardTable entry size: 512
 Card Set container configuration: InlinePtr #cards 4 size 8 Array Of Cards #cards 16 size 48 Howl #buckets 8 coarsen threshold 3686 Howl Bitmap #cards 512 size 80 coarsen threshold 460 Card regions per heap region 1 cards per card region 4096
 CPUs: 8 total, 8 available
 Memory: 7502M
 Large Page Support: Disabled
 NUMA Support: Disabled
 Compressed Oops: Enabled (Zero based)
 Heap Region Size: 2M
 Heap Min Capacity: 8M
 Heap Initial Capacity: 118M
 Heap Max Capacity: 4G
 Pre-touch: Disabled
 Parallel Workers: 8
 Concurrent Workers: 2
 Concurrent Refinement Workers: 8
 Periodic GC: Disabled

Heap:
 garbage-first heap   total 108544K, used 45469K [0x0000000700000000, 0x0000000800000000)
  region size 2048K, 6 young (12288K), 2 survivors (4096K)
 Metaspace       used 48071K, committed 49792K, reserved 1114112K
  class space    used 6930K, committed 7744K, reserved 1048576K

Heap Regions: E=young(eden), S=young(survivor), O=old, HS=humongous(starts), HC=humongous(continues), CS=collection set, F=free, TAMS=top-at-mark-start, PB=parsable bottom
|   0|0x0000000700000000, 0x0000000700200000, 0x0000000700200000|100%|HS|  |TAMS 0x0000000700000000| PB 0x0000000700000000| Complete 
|   1|0x0000000700200000, 0x0000000700400000, 0x0000000700400000|100%|HC|  |TAMS 0x0000000700200000| PB 0x0000000700200000| Complete 
|   2|0x0000000700400000, 0x0000000700600000, 0x0000000700600000|100%| O|  |TAMS 0x0000000700400000| PB 0x0000000700400000| Untracked 
|   3|0x0000000700600000, 0x0000000700800000, 0x0000000700800000|100%| O|  |TAMS 0x0000000700600000| PB 0x0000000700600000| Untracked 
|   4|0x0000000700800000, 0x0000000700a00000, 0x0000000700a00000|100%| O|  |TAMS 0x0000000700800000| PB 0x0000000700800000| Untracked 
|   5|0x0000000700a00000, 0x0000000700c00000, 0x0000000700c00000|100%| O|  |TAMS 0x0000000700a00000| PB 0x0000000700a00000| Untracked 
|   6|0x0000000700c00000, 0x0000000700e00000, 0x0000000700e00000|100%| O|  |TAMS 0x0000000700c00000| PB 0x0000000700c00000| Untracked 
|   7|0x0000000700e00000, 0x0000000701000000, 0x0000000701000000|100%| O|  |TAMS 0x0000000700e00000| PB 0x0000000700e00000| Untracked 
|   8|0x0000000701000000, 0x0000000701200000, 0x0000000701200000|100%| O|  |TAMS 0x0000000701000000| PB 0x0000000701000000| Untracked 
|   9|0x0000000701200000, 0x0000000701400000, 0x0000000701400000|100%| O|  |TAMS 0x0000000701200000| PB 0x0000000701200000| Untracked 
|  10|0x0000000701400000, 0x0000000701600000, 0x0000000701600000|100%| O|  |TAMS 0x0000000701400000| PB 0x0000000701400000| Untracked 
|  11|0x0000000701600000, 0x0000000701800000, 0x0000000701800000|100%| O|  |TAMS 0x0000000701600000| PB 0x0000000701600000| Untracked 
|  12|0x0000000701800000, 0x0000000701a00000, 0x0000000701a00000|100%| O|  |TAMS 0x0000000701800000| PB 0x0000000701800000| Untracked 
|  13|0x0000000701a00000, 0x0000000701c00000, 0x0000000701c00000|100%| O|  |TAMS 0x0000000701a00000| PB 0x0000000701a00000| Untracked 
|  14|0x0000000701c00000, 0x0000000701e00000, 0x0000000701e00000|100%| O|  |TAMS 0x0000000701c00000| PB 0x0000000701c00000| Untracked 
|  15|0x0000000701e00000, 0x0000000701e22440, 0x0000000702000000|  6%| O|  |TAMS 0x0000000701e00000| PB 0x0000000701e00000| Untracked 
|  16|0x0000000702000000, 0x0000000702200000, 0x0000000702200000|100%| O|  |TAMS 0x0000000702000000| PB 0x0000000702000000| Untracked 
|  17|0x0000000702200000, 0x0000000702400000, 0x0000000702400000|100%| O|  |TAMS 0x0000000702200000| PB 0x0000000702200000| Untracked 
|  18|0x0000000702400000, 0x0000000702400000, 0x0000000702600000|  0%| F|  |TAMS 0x0000000702400000| PB 0x0000000702400000| Untracked 
|  19|0x0000000702600000, 0x0000000702600000, 0x0000000702800000|  0%| F|  |TAMS 0x0000000702600000| PB 0x0000000702600000| Untracked 
|  20|0x0000000702800000, 0x0000000702800000, 0x0000000702a00000|  0%| F|  |TAMS 0x0000000702800000| PB 0x0000000702800000| Untracked 
|  21|0x0000000702a00000, 0x0000000702c00000, 0x0000000702c00000|100%| O|  |TAMS 0x0000000702a00000| PB 0x0000000702a00000| Untracked 
|  22|0x0000000702c00000, 0x0000000702c00000, 0x0000000702e00000|  0%| F|  |TAMS 0x0000000702c00000| PB 0x0000000702c00000| Untracked 
|  23|0x0000000702e00000, 0x0000000702e00000, 0x0000000703000000|  0%| F|  |TAMS 0x0000000702e00000| PB 0x0000000702e00000| Untracked 
|  24|0x0000000703000000, 0x0000000703000000, 0x0000000703200000|  0%| F|  |TAMS 0x0000000703000000| PB 0x0000000703000000| Untracked 
|  25|0x0000000703200000, 0x0000000703200000, 0x0000000703400000|  0%| F|  |TAMS 0x0000000703200000| PB 0x0000000703200000| Untracked 
|  26|0x0000000703400000, 0x0000000703400000, 0x0000000703600000|  0%| F|  |TAMS 0x0000000703400000| PB 0x0000000703400000| Untracked 
|  27|0x0000000703600000, 0x0000000703600000, 0x0000000703800000|  0%| F|  |TAMS 0x0000000703600000| PB 0x0000000703600000| Untracked 
|  28|0x0000000703800000, 0x0000000703800000, 0x0000000703a00000|  0%| F|  |TAMS 0x0000000703800000| PB 0x0000000703800000| Untracked 
|  29|0x0000000703a00000, 0x0000000703a00000, 0x0000000703c00000|  0%| F|  |TAMS 0x0000000703a00000| PB 0x0000000703a00000| Untracked 
|  30|0x0000000703c00000, 0x0000000703c00000, 0x0000000703e00000|  0%| F|  |TAMS 0x0000000703c00000| PB 0x0000000703c00000| Untracked 
|  31|0x0000000703e00000, 0x0000000703e00000, 0x0000000704000000|  0%| F|  |TAMS 0x0000000703e00000| PB 0x0000000703e00000| Untracked 
|  32|0x0000000704000000, 0x0000000704000000, 0x0000000704200000|  0%| F|  |TAMS 0x0000000704000000| PB 0x0000000704000000| Untracked 
|  33|0x0000000704200000, 0x0000000704200000, 0x0000000704400000|  0%| F|  |TAMS 0x0000000704200000| PB 0x0000000704200000| Untracked 
|  34|0x0000000704400000, 0x0000000704400000, 0x0000000704600000|  0%| F|  |TAMS 0x0000000704400000| PB 0x0000000704400000| Untracked 
|  35|0x0000000704600000, 0x0000000704600000, 0x0000000704800000|  0%| F|  |TAMS 0x0000000704600000| PB 0x0000000704600000| Untracked 
|  36|0x0000000704800000, 0x0000000704800000, 0x0000000704a00000|  0%| F|  |TAMS 0x0000000704800000| PB 0x0000000704800000| Untracked 
|  37|0x0000000704a00000, 0x0000000704a00000, 0x0000000704c00000|  0%| F|  |TAMS 0x0000000704a00000| PB 0x0000000704a00000| Untracked 
|  38|0x0000000704c00000, 0x0000000704c00000, 0x0000000704e00000|  0%| F|  |TAMS 0x0000000704c00000| PB 0x0000000704c00000| Untracked 
|  39|0x0000000704e00000, 0x0000000704e00000, 0x0000000705000000|  0%| F|  |TAMS 0x0000000704e00000| PB 0x0000000704e00000| Untracked 
|  40|0x0000000705000000, 0x00000007050451f0, 0x0000000705200000| 13%| S|CS|TAMS 0x0000000705000000| PB 0x0000000705000000| Complete 
|  41|0x0000000705200000, 0x0000000705400000, 0x0000000705400000|100%| S|CS|TAMS 0x0000000705200000| PB 0x0000000705200000| Complete 
|  42|0x0000000705400000, 0x0000000705400000, 0x0000000705600000|  0%| F|  |TAMS 0x0000000705400000| PB 0x0000000705400000| Untracked 
|  43|0x0000000705600000, 0x0000000705600000, 0x0000000705800000|  0%| F|  |TAMS 0x0000000705600000| PB 0x0000000705600000| Untracked 
|  44|0x0000000705800000, 0x0000000705800000, 0x0000000705a00000|  0%| F|  |TAMS 0x0000000705800000| PB 0x0000000705800000| Untracked 
|  45|0x0000000705a00000, 0x0000000705a00000, 0x0000000705c00000|  0%| F|  |TAMS 0x0000000705a00000| PB 0x0000000705a00000| Untracked 
|  46|0x0000000705c00000, 0x0000000705c00000, 0x0000000705e00000|  0%| F|  |TAMS 0x0000000705c00000| PB 0x0000000705c00000| Untracked 
|  47|0x0000000705e00000, 0x0000000705e00000, 0x0000000706000000|  0%| F|  |TAMS 0x0000000705e00000| PB 0x0000000705e00000| Untracked 
|  48|0x0000000706000000, 0x0000000706000000, 0x0000000706200000|  0%| F|  |TAMS 0x0000000706000000| PB 0x0000000706000000| Untracked 
|  49|0x0000000706200000, 0x0000000706400000, 0x0000000706400000|100%| E|  |TAMS 0x0000000706200000| PB 0x0000000706200000| Complete 
|  50|0x0000000706400000, 0x0000000706600000, 0x0000000706600000|100%| E|CS|TAMS 0x0000000706400000| PB 0x0000000706400000| Complete 
|  51|0x0000000706600000, 0x0000000706800000, 0x0000000706800000|100%| E|CS|TAMS 0x0000000706600000| PB 0x0000000706600000| Complete 
|  58|0x0000000707400000, 0x0000000707600000, 0x0000000707600000|100%| E|CS|TAMS 0x0000000707400000| PB 0x0000000707400000| Complete 

Card table byte_map: [0x000001cb34e10000,0x000001cb35610000] _byte_map_base: 0x000001cb31610000

Marking Bits: (CMBitMap*) 0x000001cb2215b450
 Bits: [0x000001cb35610000, 0x000001cb39610000)

Polling page: 0x000001cb1ff20000

Metaspace:

Usage:
  Non-class:     40.18 MB used.
      Class:      6.77 MB used.
       Both:     46.95 MB used.

Virtual space:
  Non-class space:       64.00 MB reserved,      41.06 MB ( 64%) committed,  1 nodes.
      Class space:        1.00 GB reserved,       7.56 MB ( <1%) committed,  1 nodes.
             Both:        1.06 GB reserved,      48.62 MB (  4%) committed. 

Chunk freelists:
   Non-Class:  6.23 MB
       Class:  8.29 MB
        Both:  14.53 MB

MaxMetaspaceSize: unlimited
CompressedClassSpaceSize: 1.00 GB
Initial GC threshold: 21.00 MB
Current GC threshold: 59.94 MB
CDS: on
 - commit_granule_bytes: 65536.
 - commit_granule_words: 8192.
 - virtual_space_node_default_size: 8388608.
 - enlarge_chunks_in_place: 1.
 - use_allocation_guard: 0.


Internal statistics:

num_allocs_failed_limit: 12.
num_arena_births: 2936.
num_arena_deaths: 0.
num_vsnodes_births: 2.
num_vsnodes_deaths: 0.
num_space_committed: 778.
num_space_uncommitted: 0.
num_chunks_returned_to_freelist: 12.
num_chunks_taken_from_freelist: 5188.
num_chunk_merges: 12.
num_chunk_splits: 3379.
num_chunks_enlarged: 2099.
num_inconsistent_stats: 0.

CodeHeap 'non-profiled nmethods': size=120000Kb used=3751Kb max_used=3751Kb free=116248Kb
 bounds [0x000001cb2cdb0000, 0x000001cb2d160000, 0x000001cb342e0000]
CodeHeap 'profiled nmethods': size=120000Kb used=10457Kb max_used=10457Kb free=109542Kb
 bounds [0x000001cb252e0000, 0x000001cb25d20000, 0x000001cb2c810000]
CodeHeap 'non-nmethods': size=5760Kb used=2603Kb max_used=2655Kb free=3156Kb
 bounds [0x000001cb2c810000, 0x000001cb2cac0000, 0x000001cb2cdb0000]
CodeCache: size=245760Kb, used=16811Kb, max_used=16863Kb, free=228946Kb
 total_blobs=6401, nmethods=5528, adapters=777, full_count=0
Compilation: enabled, stopped_count=0, restarted_count=0

Compilation events (20 events):
Event: 928.913 Thread 0x000001cb3c02ed40 nmethod 6116 0x000001cb25d12690 code [0x000001cb25d12900, 0x000001cb25d13240]
Event: 929.505 Thread 0x000001cb3c02ed40 6117       3       org.gradle.internal.snapshot.AbstractIncompleteFileSystemNode::getSnapshot (15 bytes)
Event: 929.509 Thread 0x000001cb3c0264a0 6118       4       jdk.internal.misc.Unsafe::weakCompareAndSetReference (11 bytes)
Event: 929.517 Thread 0x000001cb3c0264a0 nmethod 6118 0x000001cb2d157f10 code [0x000001cb2d1580a0, 0x000001cb2d158210]
Event: 929.521 Thread 0x000001cb3c02ed40 nmethod 6117 0x000001cb25d13610 code [0x000001cb25d137e0, 0x000001cb25d13aa8]
Event: 929.521 Thread 0x000001cb3c02ed40 6119       3       java.util.concurrent.ConcurrentHashMap::containsKey (14 bytes)
Event: 929.532 Thread 0x000001cb3c02ed40 nmethod 6119 0x000001cb25d13b90 code [0x000001cb25d13d40, 0x000001cb25d13ed0]
Event: 929.587 Thread 0x000001cb3c02ed40 6120       3       java.lang.invoke.Invokers$Holder::linkToTargetMethod (13 bytes)
Event: 929.588 Thread 0x000001cb3c02ed40 nmethod 6120 0x000001cb25d13f90 code [0x000001cb25d14160, 0x000001cb25d145b0]
Event: 929.595 Thread 0x000001cb3c02ed40 6121       3       com.google.common.collect.ImmutableSet::copyOf (90 bytes)
Event: 929.615 Thread 0x000001cb3c02ed40 nmethod 6121 0x000001cb25d14690 code [0x000001cb25d14960, 0x000001cb25d15a88]
Event: 929.628 Thread 0x000001cb3c0264a0 6122       4       java.io.DataOutputStream::writeInt (28 bytes)
Event: 929.748 Thread 0x000001cb3c0264a0 nmethod 6122 0x000001cb2d158290 code [0x000001cb2d158500, 0x000001cb2d159210]
Event: 933.192 Thread 0x000001cb3c02ed40 6123       3       java.util.concurrent.CopyOnWriteArraySet::add (9 bytes)
Event: 933.196 Thread 0x000001cb3c02ed40 nmethod 6123 0x000001cb25d15e90 code [0x000001cb25d16040, 0x000001cb25d161a8]
Event: 933.196 Thread 0x000001cb3c02ed40 6124       3       java.util.concurrent.CopyOnWriteArrayList::addIfAbsent (31 bytes)
Event: 933.196 Thread 0x000001cb3c02ed40 nmethod 6124 0x000001cb25d16290 code [0x000001cb25d16460, 0x000001cb25d166a8]
Event: 943.303 Thread 0x000001cb3c0264a0 6125       4       sun.nio.ch.FileDispatcherImpl::release (8 bytes)
Event: 943.381 Thread 0x000001cb3c0264a0 nmethod 6125 0x000001cb2d159a10 code [0x000001cb2d159ba0, 0x000001cb2d159c58]
Event: 943.393 Thread 0x000001cb3c0264a0 6126       4       org.gradle.internal.time.ExponentialBackoff::retryUntil (65 bytes)

GC Heap History (20 events):
Event: 343.376 GC heap before
{Heap before GC invocations=13 (full 0):
 garbage-first heap   total 90112K, used 39126K [0x0000000700000000, 0x0000000800000000)
  region size 2048K, 2 young (4096K), 1 survivors (2048K)
 Metaspace       used 42071K, committed 43520K, reserved 1114112K
  class space    used 5951K, committed 6656K, reserved 1048576K
}
Event: 343.671 GC heap after
{Heap after GC invocations=14 (full 0):
 garbage-first heap   total 108544K, used 37197K [0x0000000700000000, 0x0000000800000000)
  region size 2048K, 1 young (2048K), 1 survivors (2048K)
 Metaspace       used 42071K, committed 43520K, reserved 1114112K
  class space    used 5951K, committed 6656K, reserved 1048576K
}
Event: 353.925 GC heap before
{Heap before GC invocations=14 (full 0):
 garbage-first heap   total 108544K, used 39245K [0x0000000700000000, 0x0000000800000000)
  region size 2048K, 2 young (4096K), 1 survivors (2048K)
 Metaspace       used 42072K, committed 43520K, reserved 1114112K
  class space    used 5951K, committed 6656K, reserved 1048576K
}
Event: 353.933 GC heap after
{Heap after GC invocations=15 (full 0):
 garbage-first heap   total 108544K, used 37037K [0x0000000700000000, 0x0000000800000000)
  region size 2048K, 1 young (2048K), 1 survivors (2048K)
 Metaspace       used 42072K, committed 43520K, reserved 1114112K
  class space    used 5951K, committed 6656K, reserved 1048576K
}
Event: 357.816 GC heap before
{Heap before GC invocations=15 (full 0):
 garbage-first heap   total 108544K, used 39085K [0x0000000700000000, 0x0000000800000000)
  region size 2048K, 2 young (4096K), 1 survivors (2048K)
 Metaspace       used 42272K, committed 43776K, reserved 1114112K
  class space    used 5983K, committed 6720K, reserved 1048576K
}
Event: 357.826 GC heap after
{Heap after GC invocations=16 (full 0):
 garbage-first heap   total 108544K, used 37053K [0x0000000700000000, 0x0000000800000000)
  region size 2048K, 1 young (2048K), 1 survivors (2048K)
 Metaspace       used 42272K, committed 43776K, reserved 1114112K
  class space    used 5983K, committed 6720K, reserved 1048576K
}
Event: 359.155 GC heap before
{Heap before GC invocations=16 (full 0):
 garbage-first heap   total 108544K, used 39101K [0x0000000700000000, 0x0000000800000000)
  region size 2048K, 2 young (4096K), 1 survivors (2048K)
 Metaspace       used 42495K, committed 44032K, reserved 1114112K
  class space    used 6022K, committed 6784K, reserved 1048576K
}
Event: 359.158 GC heap after
{Heap after GC invocations=17 (full 0):
 garbage-first heap   total 108544K, used 37154K [0x0000000700000000, 0x0000000800000000)
  region size 2048K, 1 young (2048K), 1 survivors (2048K)
 Metaspace       used 42495K, committed 44032K, reserved 1114112K
  class space    used 6022K, committed 6784K, reserved 1048576K
}
Event: 360.509 GC heap before
{Heap before GC invocations=17 (full 0):
 garbage-first heap   total 108544K, used 39202K [0x0000000700000000, 0x0000000800000000)
  region size 2048K, 2 young (4096K), 1 survivors (2048K)
 Metaspace       used 42685K, committed 44288K, reserved 1114112K
  class space    used 6057K, committed 6848K, reserved 1048576K
}
Event: 360.511 GC heap after
{Heap after GC invocations=18 (full 0):
 garbage-first heap   total 108544K, used 37264K [0x0000000700000000, 0x0000000800000000)
  region size 2048K, 1 young (2048K), 1 survivors (2048K)
 Metaspace       used 42685K, committed 44288K, reserved 1114112K
  class space    used 6057K, committed 6848K, reserved 1048576K
}
Event: 362.296 GC heap before
{Heap before GC invocations=18 (full 0):
 garbage-first heap   total 108544K, used 39312K [0x0000000700000000, 0x0000000800000000)
  region size 2048K, 3 young (6144K), 1 survivors (2048K)
 Metaspace       used 43199K, committed 44800K, reserved 1114112K
  class space    used 6144K, committed 6912K, reserved 1048576K
}
Event: 362.300 GC heap after
{Heap after GC invocations=19 (full 0):
 garbage-first heap   total 108544K, used 37439K [0x0000000700000000, 0x0000000800000000)
  region size 2048K, 1 young (2048K), 1 survivors (2048K)
 Metaspace       used 43199K, committed 44800K, reserved 1114112K
  class space    used 6144K, committed 6912K, reserved 1048576K
}
Event: 364.930 GC heap before
{Heap before GC invocations=19 (full 0):
 garbage-first heap   total 108544K, used 47679K [0x0000000700000000, 0x0000000800000000)
  region size 2048K, 7 young (14336K), 1 survivors (2048K)
 Metaspace       used 44460K, committed 46080K, reserved 1114112K
  class space    used 6342K, committed 7168K, reserved 1048576K
}
Event: 364.933 GC heap after
{Heap after GC invocations=20 (full 0):
 garbage-first heap   total 108544K, used 38028K [0x0000000700000000, 0x0000000800000000)
  region size 2048K, 1 young (2048K), 1 survivors (2048K)
 Metaspace       used 44460K, committed 46080K, reserved 1114112K
  class space    used 6342K, committed 7168K, reserved 1048576K
}
Event: 375.874 GC heap before
{Heap before GC invocations=20 (full 0):
 garbage-first heap   total 108544K, used 66700K [0x0000000700000000, 0x0000000800000000)
  region size 2048K, 16 young (32768K), 1 survivors (2048K)
 Metaspace       used 47742K, committed 49408K, reserved 1114112K
  class space    used 6874K, committed 7680K, reserved 1048576K
}
Event: 375.897 GC heap after
{Heap after GC invocations=21 (full 0):
 garbage-first heap   total 108544K, used 39384K [0x0000000700000000, 0x0000000800000000)
  region size 2048K, 2 young (4096K), 2 survivors (4096K)
 Metaspace       used 47742K, committed 49408K, reserved 1114112K
  class space    used 6874K, committed 7680K, reserved 1048576K
}
Event: 747.461 GC heap before
{Heap before GC invocations=21 (full 0):
 garbage-first heap   total 108544K, used 98776K [0x0000000700000000, 0x0000000800000000)
  region size 2048K, 31 young (63488K), 2 survivors (4096K)
 Metaspace       used 48052K, committed 49792K, reserved 1114112K
  class space    used 6928K, committed 7744K, reserved 1048576K
}
Event: 747.703 GC heap after
{Heap after GC invocations=22 (full 0):
 garbage-first heap   total 108544K, used 39155K [0x0000000700000000, 0x0000000800000000)
  region size 2048K, 2 young (4096K), 2 survivors (4096K)
 Metaspace       used 48052K, committed 49792K, reserved 1114112K
  class space    used 6928K, committed 7744K, reserved 1048576K
}
Event: 895.687 GC heap before
{Heap before GC invocations=22 (full 0):
 garbage-first heap   total 108544K, used 61683K [0x0000000700000000, 0x0000000800000000)
  region size 2048K, 13 young (26624K), 2 survivors (4096K)
 Metaspace       used 48058K, committed 49792K, reserved 1114112K
  class space    used 6928K, committed 7744K, reserved 1048576K
}
Event: 895.855 GC heap after
{Heap after GC invocations=23 (full 0):
 garbage-first heap   total 108544K, used 39325K [0x0000000700000000, 0x0000000800000000)
  region size 2048K, 2 young (4096K), 2 survivors (4096K)
 Metaspace       used 48058K, committed 49792K, reserved 1114112K
  class space    used 6928K, committed 7744K, reserved 1048576K
}

Dll operation events (20 events):
Event: 0.626 Attempting to load shared library C:\Users\NAGARAJU\.antigravity-ide\extensions\redhat.java-1.56.0-win32-x64\jre\21.0.12.1-win32-x86_64\bin\nio.dll
Event: 0.628 Loaded shared library C:\Users\NAGARAJU\.antigravity-ide\extensions\redhat.java-1.56.0-win32-x64\jre\21.0.12.1-win32-x86_64\bin\nio.dll
Event: 0.637 Attempting to load shared library C:\Users\NAGARAJU\.antigravity-ide\extensions\redhat.java-1.56.0-win32-x64\jre\21.0.12.1-win32-x86_64\bin\zip.dll
Event: 0.637 Loaded shared library C:\Users\NAGARAJU\.antigravity-ide\extensions\redhat.java-1.56.0-win32-x64\jre\21.0.12.1-win32-x86_64\bin\zip.dll
Event: 2.232 Attempting to load shared library C:\Users\NAGARAJU\.antigravity-ide\extensions\redhat.java-1.56.0-win32-x64\jre\21.0.12.1-win32-x86_64\bin\jimage.dll
Event: 2.232 Loaded shared library C:\Users\NAGARAJU\.antigravity-ide\extensions\redhat.java-1.56.0-win32-x64\jre\21.0.12.1-win32-x86_64\bin\jimage.dll
Event: 3.602 Attempting to load shared library C:\Users\NAGARAJU\.antigravity-ide\extensions\redhat.java-1.56.0-win32-x64\jre\21.0.12.1-win32-x86_64\bin\verify.dll
Event: 3.603 Loaded shared library C:\Users\NAGARAJU\.antigravity-ide\extensions\redhat.java-1.56.0-win32-x64\jre\21.0.12.1-win32-x86_64\bin\verify.dll
Event: 4.274 Attempting to load shared library C:\Users\NAGARAJU\.gradle\native\1def1411415f61bf3af743bc5b6707747c0891f09f0c88961ee8f79bc544acac\windows-amd64\native-platform.dll
Event: 4.300 Loaded shared library C:\Users\NAGARAJU\.gradle\native\1def1411415f61bf3af743bc5b6707747c0891f09f0c88961ee8f79bc544acac\windows-amd64\native-platform.dll
Event: 4.348 Attempting to load shared library C:\Users\NAGARAJU\.gradle\native\0.2.7\x86_64-windows-gnu\gradle-fileevents.dll
Event: 4.350 Loaded shared library C:\Users\NAGARAJU\.gradle\native\0.2.7\x86_64-windows-gnu\gradle-fileevents.dll
Event: 11.182 Attempting to load shared library C:\Users\NAGARAJU\.antigravity-ide\extensions\redhat.java-1.56.0-win32-x64\jre\21.0.12.1-win32-x86_64\bin\management.dll
Event: 11.183 Loaded shared library C:\Users\NAGARAJU\.antigravity-ide\extensions\redhat.java-1.56.0-win32-x64\jre\21.0.12.1-win32-x86_64\bin\management.dll
Event: 11.187 Attempting to load shared library C:\Users\NAGARAJU\.antigravity-ide\extensions\redhat.java-1.56.0-win32-x64\jre\21.0.12.1-win32-x86_64\bin\management_ext.dll
Event: 11.242 Loaded shared library C:\Users\NAGARAJU\.antigravity-ide\extensions\redhat.java-1.56.0-win32-x64\jre\21.0.12.1-win32-x86_64\bin\management_ext.dll
Event: 12.267 Attempting to load shared library C:\Users\NAGARAJU\.antigravity-ide\extensions\redhat.java-1.56.0-win32-x64\jre\21.0.12.1-win32-x86_64\bin\extnet.dll
Event: 12.284 Loaded shared library C:\Users\NAGARAJU\.antigravity-ide\extensions\redhat.java-1.56.0-win32-x64\jre\21.0.12.1-win32-x86_64\bin\extnet.dll
Event: 13.836 Attempting to load shared library C:\Users\NAGARAJU\.antigravity-ide\extensions\redhat.java-1.56.0-win32-x64\jre\21.0.12.1-win32-x86_64\bin\sunmscapi.dll
Event: 13.840 Loaded shared library C:\Users\NAGARAJU\.antigravity-ide\extensions\redhat.java-1.56.0-win32-x64\jre\21.0.12.1-win32-x86_64\bin\sunmscapi.dll

Deoptimization events (20 events):
Event: 691.523 Thread 0x000001cb7e3e5f10 Uncommon trap: trap_request=0xffffffd6 fr.pc=0x000001cb2d14ea5c relative=0x000000000000071c
Event: 691.523 Thread 0x000001cb7e3e5f10 Uncommon trap: reason=array_check action=maybe_recompile pc=0x000001cb2d14ea5c method=java.util.ComparableTimSort.reverseRange([Ljava/lang/Object;II)V @ 20 c2
Event: 691.523 Thread 0x000001cb7e3e5f10 DEOPT PACKING pc=0x000001cb2d14ea5c sp=0x00000044607fe840
Event: 691.523 Thread 0x000001cb7e3e5f10 DEOPT UNPACKING pc=0x000001cb2c864422 sp=0x00000044607fe7f0 mode 2
Event: 691.523 Thread 0x000001cb7e3e5f10 Uncommon trap: trap_request=0xffffffd6 fr.pc=0x000001cb2d14ea5c relative=0x000000000000071c
Event: 691.523 Thread 0x000001cb7e3e5f10 Uncommon trap: reason=array_check action=maybe_recompile pc=0x000001cb2d14ea5c method=java.util.ComparableTimSort.reverseRange([Ljava/lang/Object;II)V @ 20 c2
Event: 691.523 Thread 0x000001cb7e3e5f10 DEOPT PACKING pc=0x000001cb2d14ea5c sp=0x00000044607fe840
Event: 691.523 Thread 0x000001cb7e3e5f10 DEOPT UNPACKING pc=0x000001cb2c864422 sp=0x00000044607fe7f0 mode 2
Event: 709.467 Thread 0x000001cb7e3e5f10 Uncommon trap: trap_request=0xffffffd6 fr.pc=0x000001cb2d14f7e8 relative=0x0000000000000908
Event: 709.467 Thread 0x000001cb7e3e5f10 Uncommon trap: reason=array_check action=maybe_recompile pc=0x000001cb2d14f7e8 method=java.util.ComparableTimSort.reverseRange([Ljava/lang/Object;II)V @ 27 c2
Event: 709.467 Thread 0x000001cb7e3e5f10 DEOPT PACKING pc=0x000001cb2d14f7e8 sp=0x00000044607fe830
Event: 709.483 Thread 0x000001cb7e3e5f10 DEOPT UNPACKING pc=0x000001cb2c864422 sp=0x00000044607fe7f0 mode 2
Event: 709.501 Thread 0x000001cb7e3e5f10 Uncommon trap: trap_request=0xffffffd6 fr.pc=0x000001cb2d14f7e8 relative=0x0000000000000908
Event: 709.501 Thread 0x000001cb7e3e5f10 Uncommon trap: reason=array_check action=maybe_recompile pc=0x000001cb2d14f7e8 method=java.util.ComparableTimSort.reverseRange([Ljava/lang/Object;II)V @ 27 c2
Event: 709.519 Thread 0x000001cb7e3e5f10 DEOPT PACKING pc=0x000001cb2d14f7e8 sp=0x00000044607fe830
Event: 709.519 Thread 0x000001cb7e3e5f10 DEOPT UNPACKING pc=0x000001cb2c864422 sp=0x00000044607fe7f0 mode 2
Event: 929.451 Thread 0x000001cb3c089c70 Uncommon trap: trap_request=0xffffff45 fr.pc=0x000001cb2d118478 relative=0x0000000000001238
Event: 929.453 Thread 0x000001cb3c089c70 Uncommon trap: reason=unstable_if action=reinterpret pc=0x000001cb2d118478 method=java.util.concurrent.ConcurrentHashMap.computeIfAbsent(Ljava/lang/Object;Ljava/util/function/Function;)Ljava/lang/Object; @ 279 c2
Event: 929.454 Thread 0x000001cb3c089c70 DEOPT PACKING pc=0x000001cb2d118478 sp=0x00000044610f5560
Event: 929.455 Thread 0x000001cb3c089c70 DEOPT UNPACKING pc=0x000001cb2c864422 sp=0x00000044610f54d8 mode 2

Classes loaded (20 events):
Event: 375.198 Loading class jdk/internal/reflect/UTF8
Event: 375.208 Loading class jdk/internal/reflect/UTF8 done
Event: 375.215 Loading class jdk/internal/reflect/Label
Event: 375.215 Loading class jdk/internal/reflect/Label done
Event: 375.215 Loading class jdk/internal/reflect/Label$PatchInfo
Event: 375.215 Loading class jdk/internal/reflect/Label$PatchInfo done
Event: 375.220 Loading class jdk/internal/reflect/MethodAccessorGenerator$1
Event: 375.221 Loading class jdk/internal/reflect/MethodAccessorGenerator$1 done
Event: 375.221 Loading class jdk/internal/reflect/ClassDefiner
Event: 375.221 Loading class jdk/internal/reflect/ClassDefiner done
Event: 375.222 Loading class jdk/internal/reflect/ClassDefiner$1
Event: 375.223 Loading class jdk/internal/reflect/ClassDefiner$1 done
Event: 375.271 Loading class jdk/internal/reflect/SerializationConstructorAccessorImpl
Event: 375.273 Loading class jdk/internal/reflect/SerializationConstructorAccessorImpl done
Event: 501.498 Loading class java/nio/channels/Channels
Event: 501.522 Loading class java/nio/channels/Channels done
Event: 501.524 Loading class sun/nio/ch/Streams
Event: 501.533 Loading class sun/nio/ch/Streams done
Event: 501.535 Loading class sun/nio/ch/ChannelInputStream
Event: 501.553 Loading class sun/nio/ch/ChannelInputStream done

Classes unloaded (0 events):
No events

Classes redefined (0 events):
No events

Internal exceptions (20 events):
Event: 363.001 Thread 0x000001cb3c089c70 Exception <a 'java/lang/NoSuchMethodError'{0x000000070661a6b0}: 'java.lang.Object java.lang.invoke.DirectMethodHandle$Holder.newInvokeSpecial(java.lang.Object, java.lang.Object, java.lang.Object, long, java.lang.Object)'> (0x000000070661a6b0) 
thrown [s\src\hotspot\share\interpreter\linkResolver.cpp, line 773]
Event: 363.002 Thread 0x000001cb3c089c70 Exception <a 'java/lang/NoSuchMethodError'{0x000000070661fa40}: 'java.lang.Object java.lang.invoke.DirectMethodHandle$Holder.invokeSpecial(java.lang.Object, java.lang.Object, java.lang.Object, java.lang.Object, long, java.lang.Object)'> (0x000000070661fa40) 
thrown [s\src\hotspot\share\interpreter\linkResolver.cpp, line 773]
Event: 363.003 Thread 0x000001cb3c089c70 Exception <a 'java/lang/NoSuchMethodError'{0x0000000706624708}: 'java.lang.Object java.lang.invoke.Invokers$Holder.linkToTargetMethod(java.lang.Object, java.lang.Object, long, java.lang.Object, java.lang.Object)'> (0x0000000706624708) 
thrown [s\src\hotspot\share\interpreter\linkResolver.cpp, line 773]
Event: 363.404 Thread 0x000001cb3c089c70 Exception <a 'java/lang/NoSuchMethodError'{0x0000000706568158}: 'java.lang.Object java.lang.invoke.DirectMethodHandle$Holder.newInvokeSpecial(java.lang.Object, java.lang.Object, java.lang.Object, java.lang.Object, java.lang.Object, java.lang.Object, java.lang.Object, java.lang.Object, java.lang.Object, java.lang.Object, java.lang.Object, java.lang.Object, java.lang.Object, java.lang.Object, java.lang.Object, java.lang.Object, java.lang.Object, java.lang.Object, java.lang.Object, java.lang.Object, java.lang
Event: 364.168 Thread 0x000001cb3c089c70 Implicit null exception at 0x000001cb2d01e7fc to 0x000001cb2d01e8b4
Event: 364.980 Thread 0x000001cb3c089c70 Exception <a 'java/lang/NoSuchMethodError'{0x0000000707487cd0}: 'java.lang.Object java.lang.invoke.DirectMethodHandle$Holder.newInvokeSpecial(java.lang.Object, java.lang.Object, java.lang.Object, int, java.lang.Object)'> (0x0000000707487cd0) 
thrown [s\src\hotspot\share\interpreter\linkResolver.cpp, line 773]
Event: 364.981 Thread 0x000001cb3c089c70 Exception <a 'java/lang/NoSuchMethodError'{0x000000070748c968}: 'java.lang.Object java.lang.invoke.Invokers$Holder.linkToTargetMethod(java.lang.Object, java.lang.Object, int, java.lang.Object, java.lang.Object)'> (0x000000070748c968) 
thrown [s\src\hotspot\share\interpreter\linkResolver.cpp, line 773]
Event: 365.288 Thread 0x000001cb3c089c70 Exception <a 'java/lang/NoSuchMethodError'{0x00000007067b5d98}: 'java.lang.Object java.lang.invoke.DirectMethodHandle$Holder.newInvokeSpecial(java.lang.Object, int, java.lang.Object)'> (0x00000007067b5d98) 
thrown [s\src\hotspot\share\interpreter\linkResolver.cpp, line 773]
Event: 367.852 Thread 0x000001cb3c089c70 Exception <a 'java/lang/NoSuchMethodError'{0x0000000705c52f48}: 'java.lang.Object java.lang.invoke.DirectMethodHandle$Holder.newInvokeSpecial(java.lang.Object, java.lang.Object, java.lang.Object, int)'> (0x0000000705c52f48) 
thrown [s\src\hotspot\share\interpreter\linkResolver.cpp, line 773]
Event: 367.853 Thread 0x000001cb3c089c70 Exception <a 'java/lang/NoSuchMethodError'{0x0000000705c57d30}: 'java.lang.Object java.lang.invoke.Invokers$Holder.linkToTargetMethod(java.lang.Object, java.lang.Object, int, java.lang.Object)'> (0x0000000705c57d30) 
thrown [s\src\hotspot\share\interpreter\linkResolver.cpp, line 773]
Event: 369.808 Thread 0x000001cb3c089c70 Exception <a 'java/lang/NoSuchMethodError'{0x00000007059078b0}: 'int java.lang.invoke.DirectMethodHandle$Holder.invokeSpecialIFC(java.lang.Object, java.lang.Object, java.lang.Object)'> (0x00000007059078b0) 
thrown [s\src\hotspot\share\interpreter\linkResolver.cpp, line 773]
Event: 371.246 Thread 0x000001cb3c089c70 Exception <a 'java/lang/NoSuchMethodError'{0x0000000705563c88}: 'java.lang.Object java.lang.invoke.DirectMethodHandle$Holder.newInvokeSpecial(java.lang.Object, java.lang.Object, long, java.lang.Object)'> (0x0000000705563c88) 
thrown [s\src\hotspot\share\interpreter\linkResolver.cpp, line 773]
Event: 371.247 Thread 0x000001cb3c089c70 Exception <a 'java/lang/NoSuchMethodError'{0x0000000705568f08}: 'java.lang.Object java.lang.invoke.DirectMethodHandle$Holder.invokeSpecial(java.lang.Object, java.lang.Object, java.lang.Object, long, java.lang.Object)'> (0x0000000705568f08) 
thrown [s\src\hotspot\share\interpreter\linkResolver.cpp, line 773]
Event: 371.248 Thread 0x000001cb3c089c70 Exception <a 'java/lang/NoSuchMethodError'{0x000000070556db08}: 'java.lang.Object java.lang.invoke.Invokers$Holder.linkToTargetMethod(java.lang.Object, long, java.lang.Object, java.lang.Object)'> (0x000000070556db08) 
thrown [s\src\hotspot\share\interpreter\linkResolver.cpp, line 773]
Event: 371.303 Thread 0x000001cb3c089c70 Exception <a 'java/lang/NoSuchMethodError'{0x0000000705596588}: 'void java.lang.invoke.DirectMethodHandle$Holder.invokeStatic(java.lang.Object, java.lang.Object, java.lang.Object, int, java.lang.Object)'> (0x0000000705596588) 
thrown [s\src\hotspot\share\interpreter\linkResolver.cpp, line 773]
Event: 371.559 Thread 0x000001cb3c089c70 Exception <a 'java/lang/NoSuchMethodError'{0x000000070535e590}: 'int java.lang.invoke.DirectMethodHandle$Holder.invokeInterface(java.lang.Object, java.lang.Object, java.lang.Object, java.lang.Object, java.lang.Object)'> (0x000000070535e590) 
thrown [s\src\hotspot\share\interpreter\linkResolver.cpp, line 773]
Event: 372.096 Thread 0x000001cb3c089c70 Exception <a 'java/lang/NoSuchMethodError'{0x00000007051d1ee0}: 'java.lang.Object java.lang.invoke.DirectMethodHandle$Holder.invokeSpecial(java.lang.Object, java.lang.Object, long, java.lang.Object, java.lang.Object)'> (0x00000007051d1ee0) 
thrown [s\src\hotspot\share\interpreter\linkResolver.cpp, line 773]
Event: 375.428 Thread 0x000001cb3c089c70 Exception <a 'java/lang/NoSuchMethodError'{0x0000000704adcc38}: 'java.lang.Object java.lang.invoke.DirectMethodHandle$Holder.newInvokeSpecial(java.lang.Object, java.lang.Object, java.lang.Object, java.lang.Object, int, java.lang.Object)'> (0x0000000704adcc38) 
thrown [s\src\hotspot\share\interpreter\linkResolver.cpp, line 773]
Event: 375.437 Thread 0x000001cb3c089c70 Exception <a 'java/lang/NoSuchMethodError'{0x0000000704ae90b8}: 'java.lang.Object java.lang.invoke.Invokers$Holder.linkToTargetMethod(java.lang.Object, java.lang.Object, java.lang.Object, int, java.lang.Object, java.lang.Object)'> (0x0000000704ae90b8) 
thrown [s\src\hotspot\share\interpreter\linkResolver.cpp, line 773]
Event: 535.488 Thread 0x000001cb3c089c70 Exception <a 'java/lang/NoSuchMethodError'{0x00000007052d5900}: 'java.lang.Object java.lang.invoke.DirectMethodHandle$Holder.invokeSpecialIFC(java.lang.Object, java.lang.Object, java.lang.Object)'> (0x00000007052d5900) 
thrown [s\src\hotspot\share\interpreter\linkResolver.cpp, line 773]

ZGC Phase Switch (0 events):
No events

VM Operations (20 events):
Event: 747.450 Executing safepoint VM operation: G1CollectForAllocation (G1 Evacuation Pause)
Event: 747.704 Executing safepoint VM operation: G1CollectForAllocation (G1 Evacuation Pause) done
Event: 761.848 Executing safepoint VM operation: Cleanup
Event: 761.910 Executing safepoint VM operation: Cleanup done
Event: 785.093 Executing safepoint VM operation: Cleanup
Event: 785.171 Executing safepoint VM operation: Cleanup done
Event: 786.180 Executing safepoint VM operation: Cleanup
Event: 786.246 Executing safepoint VM operation: Cleanup done
Event: 810.437 Executing safepoint VM operation: Cleanup
Event: 810.437 Executing safepoint VM operation: Cleanup done
Event: 813.458 Executing safepoint VM operation: Cleanup
Event: 813.459 Executing safepoint VM operation: Cleanup done
Event: 826.547 Executing safepoint VM operation: Cleanup
Event: 826.547 Executing safepoint VM operation: Cleanup done
Event: 846.684 Executing safepoint VM operation: Cleanup
Event: 846.684 Executing safepoint VM operation: Cleanup done
Event: 895.619 Executing safepoint VM operation: G1CollectForAllocation (G1 Evacuation Pause)
Event: 895.855 Executing safepoint VM operation: G1CollectForAllocation (G1 Evacuation Pause) done
Event: 930.127 Executing safepoint VM operation: Cleanup
Event: 930.344 Executing safepoint VM operation: Cleanup done

Memory protections (0 events):
No events

Nmethod flushes (20 events):
Event: 92.566 Thread 0x000001cb3bffd7a0 flushing  nmethod 0x000001cb254a9310
Event: 92.566 Thread 0x000001cb3bffd7a0 flushing  nmethod 0x000001cb254a9790
Event: 92.566 Thread 0x000001cb3bffd7a0 flushing  nmethod 0x000001cb254e1d10
Event: 92.566 Thread 0x000001cb3bffd7a0 flushing  nmethod 0x000001cb254e2290
Event: 92.566 Thread 0x000001cb3bffd7a0 flushing  nmethod 0x000001cb25510510
Event: 92.566 Thread 0x000001cb3bffd7a0 flushing  nmethod 0x000001cb2552ce10
Event: 92.566 Thread 0x000001cb3bffd7a0 flushing  nmethod 0x000001cb2552d510
Event: 92.566 Thread 0x000001cb3bffd7a0 flushing  nmethod 0x000001cb2552e890
Event: 92.566 Thread 0x000001cb3bffd7a0 flushing  nmethod 0x000001cb25530b90
Event: 92.566 Thread 0x000001cb3bffd7a0 flushing  nmethod 0x000001cb25532d90
Event: 92.566 Thread 0x000001cb3bffd7a0 flushing  nmethod 0x000001cb2555db90
Event: 92.566 Thread 0x000001cb3bffd7a0 flushing  nmethod 0x000001cb25563190
Event: 92.566 Thread 0x000001cb3bffd7a0 flushing  nmethod 0x000001cb25563910
Event: 92.566 Thread 0x000001cb3bffd7a0 flushing  nmethod 0x000001cb25566a10
Event: 92.566 Thread 0x000001cb3bffd7a0 flushing  nmethod 0x000001cb25607190
Event: 92.566 Thread 0x000001cb3bffd7a0 flushing  nmethod 0x000001cb25625210
Event: 92.566 Thread 0x000001cb3bffd7a0 flushing  nmethod 0x000001cb2577db90
Event: 92.566 Thread 0x000001cb3bffd7a0 flushing  nmethod 0x000001cb25784e90
Event: 92.566 Thread 0x000001cb3bffd7a0 flushing  nmethod 0x000001cb257ba810
Event: 92.566 Thread 0x000001cb3bffd7a0 flushing  nmethod 0x000001cb25841e10

Events (20 events):
Event: 90.991 Thread 0x000001cb3c02ed40 Thread added: 0x000001cb050d3940
Event: 91.207 Thread 0x000001cb050d3940 Thread exited: 0x000001cb050d3940
Event: 103.939 Thread 0x000001cb3c089c70 Thread added: 0x000001cb047c5f00
Event: 111.484 Thread 0x000001cb3c089c70 Thread added: 0x000001cb047cc170
Event: 112.469 Thread 0x000001cb3c089c70 Thread added: 0x000001cb047cce90
Event: 117.613 Thread 0x000001cb3c089c70 Thread added: 0x000001cb047cc800
Event: 229.159 Thread 0x000001cb3c63f4c0 Thread exited: 0x000001cb3c63f4c0
Event: 257.562 Thread 0x000001cb3c6401e0 Thread added: 0x000001cb047cbae0
Event: 373.186 Thread 0x000001cb3c089c70 Thread added: 0x000001cb047cb450
Event: 373.187 Thread 0x000001cb3c089c70 Thread added: 0x000001cb047cadc0
Event: 406.120 Thread 0x000001cb3c089c70 Thread added: 0x000001cb3c63f4c0
Event: 485.260 Thread 0x000001cb047cbae0 Thread exited: 0x000001cb047cbae0
Event: 500.310 Thread 0x000001cb3c6401e0 Thread added: 0x000001cb047cbae0
Event: 501.182 Thread 0x000001cb3c089c70 Thread added: 0x000001cb05d5e6b0
Event: 537.291 Thread 0x000001cb3c089c70 Thread added: 0x000001cb05d5f3d0
Event: 537.305 Thread 0x000001cb3c089c70 Thread added: 0x000001cb05d5fa60
Event: 600.025 Thread 0x000001cb047cbae0 Thread exited: 0x000001cb047cbae0
Event: 755.686 Thread 0x000001cb3c6401e0 Thread added: 0x000001cb05d5ed40
Event: 820.248 Thread 0x000001cb05d5ed40 Thread exited: 0x000001cb05d5ed40
Event: 928.576 Thread 0x000001cb3c6401e0 Thread added: 0x000001cb05d600f0


Dynamic libraries:
0x00007ff6aaf70000 - 0x00007ff6aaf7e000 	C:\Users\NAGARAJU\.antigravity-ide\extensions\redhat.java-1.56.0-win32-x64\jre\21.0.12.1-win32-x86_64\bin\java.exe
0x00007ffba2e60000 - 0x00007ffba30c6000 	C:\WINDOWS\SYSTEM32\ntdll.dll
0x00007ffba16f0000 - 0x00007ffba17b9000 	C:\WINDOWS\System32\KERNEL32.DLL
0x00007ffba01d0000 - 0x00007ffba05cf000 	C:\WINDOWS\System32\KERNELBASE.dll
0x00007ffba0070000 - 0x00007ffba01bc000 	C:\WINDOWS\System32\ucrtbase.dll
0x00007ffb616c0000 - 0x00007ffb616d8000 	C:\Users\NAGARAJU\.antigravity-ide\extensions\redhat.java-1.56.0-win32-x64\jre\21.0.12.1-win32-x86_64\bin\jli.dll
0x00007ffba2320000 - 0x00007ffba24e6000 	C:\WINDOWS\System32\USER32.dll
0x00007ffba08a0000 - 0x00007ffba08c7000 	C:\WINDOWS\System32\win32u.dll
0x00007ffba2df0000 - 0x00007ffba2e1b000 	C:\WINDOWS\System32\GDI32.dll
0x00007ffba05e0000 - 0x00007ffba0709000 	C:\WINDOWS\System32\gdi32full.dll
0x00007ffba0ae0000 - 0x00007ffba0b83000 	C:\WINDOWS\System32\msvcp_win.dll
0x00007ffb616e0000 - 0x00007ffb616fe000 	C:\Users\NAGARAJU\.antigravity-ide\extensions\redhat.java-1.56.0-win32-x64\jre\21.0.12.1-win32-x86_64\bin\VCRUNTIME140.dll
0x00007ffb88780000 - 0x00007ffb88a11000 	C:\WINDOWS\WinSxS\amd64_microsoft.windows.common-controls_6595b64144ccf1df_6.0.26100.8972_none_3e0da176e32f9d4b\COMCTL32.dll
0x00007ffba24f0000 - 0x00007ffba2599000 	C:\WINDOWS\System32\msvcrt.dll
0x00007ffba2150000 - 0x00007ffba2182000 	C:\WINDOWS\System32\IMM32.DLL
0x00007ffb83500000 - 0x00007ffb8350c000 	C:\Users\NAGARAJU\.antigravity-ide\extensions\redhat.java-1.56.0-win32-x64\jre\21.0.12.1-win32-x86_64\bin\vcruntime140_1.dll
0x00007ffb1bac0000 - 0x00007ffb1bb4d000 	C:\Users\NAGARAJU\.antigravity-ide\extensions\redhat.java-1.56.0-win32-x64\jre\21.0.12.1-win32-x86_64\bin\msvcp140.dll
0x00007ffac8530000 - 0x00007ffac92d2000 	C:\Users\NAGARAJU\.antigravity-ide\extensions\redhat.java-1.56.0-win32-x64\jre\21.0.12.1-win32-x86_64\bin\server\jvm.dll
0x00007ffba0d00000 - 0x00007ffba0dbc000 	C:\WINDOWS\System32\ADVAPI32.dll
0x00007ffba28a0000 - 0x00007ffba294a000 	C:\WINDOWS\System32\sechost.dll
0x00007ffba25a0000 - 0x00007ffba26b8000 	C:\WINDOWS\System32\RPCRT4.dll
0x00007ffba1ab0000 - 0x00007ffba1b32000 	C:\WINDOWS\System32\WS2_32.dll
0x00007ffb9fed0000 - 0x00007ffb9ff2e000 	C:\WINDOWS\SYSTEM32\POWRPROF.dll
0x00007ffb99840000 - 0x00007ffb99876000 	C:\WINDOWS\SYSTEM32\WINMM.dll
0x00007ffb99880000 - 0x00007ffb9988b000 	C:\WINDOWS\SYSTEM32\VERSION.dll
0x00007ffb9feb0000 - 0x00007ffb9fec5000 	C:\WINDOWS\SYSTEM32\UMPDC.dll
0x00007ffb9ed60000 - 0x00007ffb9ed7b000 	C:\WINDOWS\SYSTEM32\kernel.appcore.dll
0x00007ffb82eb0000 - 0x00007ffb82eba000 	C:\Users\NAGARAJU\.antigravity-ide\extensions\redhat.java-1.56.0-win32-x64\jre\21.0.12.1-win32-x86_64\bin\jimage.dll
0x00007ffb94900000 - 0x00007ffb94b42000 	C:\WINDOWS\SYSTEM32\DBGHELP.DLL
0x00007ffba2a10000 - 0x00007ffba2d95000 	C:\WINDOWS\System32\combase.dll
0x00007ffba21c0000 - 0x00007ffba2299000 	C:\WINDOWS\System32\OLEAUT32.dll
0x00007ffb81c30000 - 0x00007ffb81c6b000 	C:\WINDOWS\SYSTEM32\dbgcore.DLL
0x00007ffba08d0000 - 0x00007ffba097c000 	C:\WINDOWS\System32\bcryptPrimitives.dll
0x00007ffb65d80000 - 0x00007ffb65d8f000 	C:\Users\NAGARAJU\.antigravity-ide\extensions\redhat.java-1.56.0-win32-x64\jre\21.0.12.1-win32-x86_64\bin\instrument.dll
0x00007ffb5fe50000 - 0x00007ffb5fe70000 	C:\Users\NAGARAJU\.antigravity-ide\extensions\redhat.java-1.56.0-win32-x64\jre\21.0.12.1-win32-x86_64\bin\java.dll
0x00007ffba0f50000 - 0x00007ffba16d8000 	C:\WINDOWS\System32\SHELL32.dll
0x00007ffb9db40000 - 0x00007ffb9e3db000 	C:\WINDOWS\SYSTEM32\windows.storage.dll
0x00007ffba0dd0000 - 0x00007ffba0ec9000 	C:\WINDOWS\System32\SHCORE.dll
0x00007ffba0c90000 - 0x00007ffba0cf6000 	C:\WINDOWS\System32\shlwapi.dll
0x00007ffb9ff90000 - 0x00007ffb9ffb9000 	C:\WINDOWS\SYSTEM32\profapi.dll
0x00007ffb4d020000 - 0x00007ffb4d038000 	C:\Users\NAGARAJU\.antigravity-ide\extensions\redhat.java-1.56.0-win32-x64\jre\21.0.12.1-win32-x86_64\bin\zip.dll
0x00007ffb72940000 - 0x00007ffb72950000 	C:\Users\NAGARAJU\.antigravity-ide\extensions\redhat.java-1.56.0-win32-x64\jre\21.0.12.1-win32-x86_64\bin\net.dll
0x00007ffb95940000 - 0x00007ffb95a68000 	C:\WINDOWS\SYSTEM32\WINHTTP.dll
0x00007ffb9f310000 - 0x00007ffb9f37c000 	C:\WINDOWS\system32\mswsock.dll
0x00007ffb5f9d0000 - 0x00007ffb5f9e6000 	C:\Users\NAGARAJU\.antigravity-ide\extensions\redhat.java-1.56.0-win32-x64\jre\21.0.12.1-win32-x86_64\bin\nio.dll
0x00007ffb62900000 - 0x00007ffb62910000 	C:\Users\NAGARAJU\.antigravity-ide\extensions\redhat.java-1.56.0-win32-x64\jre\21.0.12.1-win32-x86_64\bin\verify.dll
0x00007ffb1ba00000 - 0x00007ffb1ba27000 	C:\Users\NAGARAJU\.gradle\native\1def1411415f61bf3af743bc5b6707747c0891f09f0c88961ee8f79bc544acac\windows-amd64\native-platform.dll
0x00007ffafafa0000 - 0x00007ffafb018000 	C:\Users\NAGARAJU\.gradle\native\0.2.7\x86_64-windows-gnu\gradle-fileevents.dll
0x00007ffb95860000 - 0x00007ffb9586a000 	C:\Users\NAGARAJU\.antigravity-ide\extensions\redhat.java-1.56.0-win32-x64\jre\21.0.12.1-win32-x86_64\bin\management.dll
0x00007ffb831e0000 - 0x00007ffb831ec000 	C:\Users\NAGARAJU\.antigravity-ide\extensions\redhat.java-1.56.0-win32-x64\jre\21.0.12.1-win32-x86_64\bin\management_ext.dll
0x00007ffba1cb0000 - 0x00007ffba1cb8000 	C:\WINDOWS\System32\PSAPI.DLL
0x00007ffb9e6b0000 - 0x00007ffb9e6e3000 	C:\WINDOWS\SYSTEM32\IPHLPAPI.DLL
0x00007ffba16e0000 - 0x00007ffba16ea000 	C:\WINDOWS\System32\NSI.dll
0x00007ffb831d0000 - 0x00007ffb831d9000 	C:\Users\NAGARAJU\.antigravity-ide\extensions\redhat.java-1.56.0-win32-x64\jre\21.0.12.1-win32-x86_64\bin\extnet.dll
0x00007ffb9f600000 - 0x00007ffb9f61b000 	C:\WINDOWS\SYSTEM32\CRYPTSP.dll
0x00007ffb9ecc0000 - 0x00007ffb9ecf9000 	C:\WINDOWS\system32\rsaenh.dll
0x00007ffb9f3c0000 - 0x00007ffb9f3f2000 	C:\WINDOWS\SYSTEM32\USERENV.dll
0x00007ffb9ff60000 - 0x00007ffb9ff8a000 	C:\WINDOWS\SYSTEM32\bcrypt.dll
0x00007ffb9f620000 - 0x00007ffb9f62c000 	C:\WINDOWS\SYSTEM32\CRYPTBASE.dll
0x00007ffb831c0000 - 0x00007ffb831ce000 	C:\Users\NAGARAJU\.antigravity-ide\extensions\redhat.java-1.56.0-win32-x64\jre\21.0.12.1-win32-x86_64\bin\sunmscapi.dll
0x00007ffba0710000 - 0x00007ffba088e000 	C:\WINDOWS\System32\CRYPT32.dll
0x00007ffb9f840000 - 0x00007ffb9f870000 	C:\WINDOWS\SYSTEM32\ncrypt.dll
0x00007ffb9f7f0000 - 0x00007ffb9f82f000 	C:\WINDOWS\SYSTEM32\NTASN1.dll
0x00007ffb15860000 - 0x00007ffb15868000 	C:\WINDOWS\system32\wshunix.dll

JVMTI agents:
C:\Users\NAGARAJU\.gradle\wrapper\dists\gradle-8.14.1-bin\baw1sv0jfoi8rxs14qo3h49cs\gradle-8.14.1\lib\agents\gradle-instrumentation-agent-8.14.1.jar path:C:\Users\NAGARAJU\.antigravity-ide\extensions\redhat.java-1.56.0-win32-x64\jre\21.0.12.1-win32-x86_64\bin\instrument.dll, loaded, initialized, instrumentlib options:none

dbghelp: loaded successfully - version: 4.0.5 - missing functions: none
symbol engine: initialized successfully - sym options: 0x614 - pdb path: .;C:\Users\NAGARAJU\.antigravity-ide\extensions\redhat.java-1.56.0-win32-x64\jre\21.0.12.1-win32-x86_64\bin;C:\WINDOWS\SYSTEM32;C:\WINDOWS\WinSxS\amd64_microsoft.windows.common-controls_6595b64144ccf1df_6.0.26100.8972_none_3e0da176e32f9d4b;C:\Users\NAGARAJU\.antigravity-ide\extensions\redhat.java-1.56.0-win32-x64\jre\21.0.12.1-win32-x86_64\bin\server;C:\Users\NAGARAJU\.gradle\native\1def1411415f61bf3af743bc5b6707747c0891f09f0c88961ee8f79bc544acac\windows-amd64;C:\Users\NAGARAJU\.gradle\native\0.2.7\x86_64-windows-gnu

VM Arguments:
jvm_args: --add-opens=java.base/java.lang=ALL-UNNAMED --add-opens=java.base/java.lang.invoke=ALL-UNNAMED --add-opens=java.base/java.util=ALL-UNNAMED --add-opens=java.prefs/java.util.prefs=ALL-UNNAMED --add-exports=jdk.compiler/com.sun.tools.javac.api=ALL-UNNAMED --add-exports=jdk.compiler/com.sun.tools.javac.util=ALL-UNNAMED --add-opens=java.base/java.util=ALL-UNNAMED --add-opens=java.prefs/java.util.prefs=ALL-UNNAMED --add-opens=java.base/java.nio.charset=ALL-UNNAMED --add-opens=java.base/java.net=ALL-UNNAMED --add-opens=java.base/java.util.concurrent.atomic=ALL-UNNAMED --add-opens=java.xml/javax.xml.namespace=ALL-UNNAMED -Xmx4096m -Dfile.encoding=UTF-8 -Duser.country=IN -Duser.language=en -Duser.variant -javaagent:C:\Users\NAGARAJU\.gradle\wrapper\dists\gradle-8.14.1-bin\baw1sv0jfoi8rxs14qo3h49cs\gradle-8.14.1\lib\agents\gradle-instrumentation-agent-8.14.1.jar 
java_command: org.gradle.launcher.daemon.bootstrap.GradleDaemon 8.14.1
java_class_path (initial): C:\Users\NAGARAJU\.gradle\wrapper\dists\gradle-8.14.1-bin\baw1sv0jfoi8rxs14qo3h49cs\gradle-8.14.1\lib\gradle-daemon-main-8.14.1.jar
Launcher Type: SUN_STANDARD

[Global flags]
     intx CICompilerCount                          = 4                                         {product} {ergonomic}
     uint ConcGCThreads                            = 2                                         {product} {ergonomic}
     uint G1ConcRefinementThreads                  = 8                                         {product} {ergonomic}
   size_t G1HeapRegionSize                         = 2097152                                   {product} {ergonomic}
    uintx GCDrainStackTargetSize                   = 64                                        {product} {ergonomic}
   size_t InitialHeapSize                          = 123731968                                 {product} {ergonomic}
   size_t MarkStackSize                            = 4194304                                   {product} {ergonomic}
   size_t MaxHeapSize                              = 4294967296                                {product} {command line}
   size_t MaxNewSize                               = 2575302656                                {product} {ergonomic}
   size_t MinHeapDeltaBytes                        = 2097152                                   {product} {ergonomic}
   size_t MinHeapSize                              = 8388608                                   {product} {ergonomic}
    uintx NonNMethodCodeHeapSize                   = 5839372                                {pd product} {ergonomic}
    uintx NonProfiledCodeHeapSize                  = 122909434                              {pd product} {ergonomic}
    uintx ProfiledCodeHeapSize                     = 122909434                              {pd product} {ergonomic}
    uintx ReservedCodeCacheSize                    = 251658240                              {pd product} {ergonomic}
     bool SegmentedCodeCache                       = true                                      {product} {ergonomic}
   size_t SoftMaxHeapSize                          = 4294967296                             {manageable} {ergonomic}
     bool UseCompressedOops                        = true                           {product lp64_product} {ergonomic}
     bool UseG1GC                                  = true                                      {product} {ergonomic}
     bool UseLargePagesIndividualAllocation        = false                                  {pd product} {ergonomic}

Logging:
Log output configuration:
 #0: stdout all=warning uptime,level,tags foldmultilines=false
 #1: stderr all=off uptime,level,tags foldmultilines=false

Release file:
JAVA_VERSION="21.0.12.1" 
MODULES="java.base java.compiler java.datatransfer java.xml java.prefs java.desktop java.instrument java.logging java.management java.security.sasl java.naming java.rmi java.management.rmi java.net.http java.scripting java.security.jgss java.transaction.xa java.sql java.sql.rowset java.xml.crypto java.se java.smartcardio jdk.accessibility jdk.internal.jvmstat jdk.attach jdk.charsets jdk.internal.opt jdk.zipfs jdk.compiler jdk.crypto.ec jdk.crypto.cryptoki jdk.crypto.mscapi jdk.dynalink jdk.internal.ed jdk.editpad jdk.hotspot.agent jdk.httpserver jdk.internal.le jdk.internal.vm.ci jdk.internal.vm.compiler jdk.internal.vm.compiler.management jdk.jartool jdk.javadoc jdk.jcmd jdk.management jdk.management.agent jdk.jconsole jdk.jdeps jdk.jdwp.agent jdk.jdi jdk.jfr jdk.jshell jdk.jsobject jdk.jstatd jdk.localedata jdk.management.jfr jdk.naming.dns jdk.naming.rmi jdk.net jdk.nio.mapmode jdk.random jdk.sctp jdk.security.auth jdk.security.jgss jdk.unsupported jdk.unsupported.desktop jdk.xml.dom" 

Environment Variables:
JAVA_HOME=C:\Program Files\Eclipse Adoptium\jdk-21.0.11.10-hotspot
PATH=C:\Program Files\Eclipse Adoptium\jdk-21.0.11.10-hotspot\bin;C:\Program Files\Eclipse Adoptium\jdk-11.0.26.4-hotspot\bin;C:\Program Files\Eclipse Adoptium\jdk-17.0.14.7-hotspot\bin;C:\Program Files\Java\jdk-17\bin;C:\Program Files\nodejs;E:\Android\Sdk\platform-tools;E:\Android\Sdk\emulator;E:\Android\Sdk\cmdline-tools\latest\bin;C:\Users\NAGARAJU\AppData\Local\Android\Sdk\platform-tools;C:\Users\NAGARAJU\AppData\Local\Android\Sdk\emulator;C:\Users\NAGARAJU\AppData\Local\Android\Sdk\cmdline-tools\latest\bin;C:\Program Files\Eclipse Adoptium\jdk-21.0.11.10-hotspot\bin;C:\Program Files\Eclipse Adoptium\jdk-11.0.26.4-hotspot\bin;C:\Program Files\Eclipse Adoptium\jdk-17.0.14.7-hotspot\bin;C:\Program Files\Java\jdk-17\bin;C:\Program Files\nodejs;E:\Android\Sdk\platform-tools;E:\Android\Sdk\emulator;E:\Android\Sdk\cmdline-tools\latest\bin;C:\Users\NAGARAJU\AppData\Local\Android\Sdk\platform-tools;C:\Users\NAGARAJU\AppData\Local\Android\Sdk\emulator;C:\Users\NAGARAJU\AppData\Local\Android\Sdk\cmdline-tools\latest\bin;C:\Program Files\Eclipse Adoptium\jdk-21.0.11.10-hotspot\bin;C:\Program Files\Eclipse Adoptium\jdk-11.0.26.4-hotspot\bin;C:\Program Files\Eclipse Adoptium\jdk-17.0.14.7-hotspot\bin;C:\Program Files\Java\jdk-17\bin;C:\Program Files\nodejs;E:\Android\Sdk\platform-tools;E:\Android\Sdk\emulator;E:\Android\Sdk\cmdline-tools\latest\bin;C:\Users\NAGARAJU\AppData\Local\Android\Sdk\platform-tools;C:\Users\NAGARAJU\AppData\Local\Android\Sdk\emulator;C:\Users\NAGARAJU\AppData\Local\Android\Sdk\cmdline-tools\latest\bin;C:\WINDOWS\System32;C:\ProgramData\chocolatey\bin;C:\Program Files\nodejs\;C:\Program Files\Git\cmd;C:\Windows\System32;C:\Windows\System32\WindowsPowerShell\v1.0;C:\Windows\System32\OpenSSH;C:\Windows\System32\WindowsPowerShell\v1.0\;C:\Users\NAGARAJU\Downloads\stripe_1.30.0_windows_x86_64;C:\WINDOWS\system32;C:\WINDOWS;C:\WINDOWS\System32\Wbem;C:\WINDOWS\System32\WindowsPowerShell\v1.0\;C:\WINDOWS\System32\OpenSSH\;C:\ProgramData\chocolatey\bin;C:\Program Files\nodejs\;C:\Program Files\Git\cmd;C:\Windows\System32;C:\Windows\System32\WindowsPowerShell\v1.0;C:\Windows\System32\OpenSSH;C:\Windows\System32\WindowsPowerShell\v1.0\;C:\Users\NAGARAJU\Downloads\stripe_1.30.0_windows_x86_64;C:\WINDOWS\system32;C:\WINDOWS;C:\WINDOWS\System32\Wbem;C:\WINDOWS\System32\WindowsPowerShell\v1.0\;C:\WINDOWS\System32\OpenSSH\;C:\ProgramData\chocolatey\bin;C:\Program Files\nodejs\;C:\Program Files\Git\cmd;C:\Windows\System32;C:\Windows\System32\WindowsPowerShell\v1.0;C:\Windows\System32\OpenSSH;C:\Windows\System32\WindowsPowerShell\v1.0\;C:\Users\NAGARAJU\Downloads\stripe_1.30.0_windows_x86_64;C:\WINDOWS\system32;C:\WINDOWS;C:\WINDOWS\System32\Wbem;C:\WINDOWS\System32\WindowsPowerShell\v1.0\;C:\WINDOWS\System32\OpenSSH\;C:\Program Files\Eclipse Adoptium\jdk-21.0.11.10-hotspot\bin;C:\Program Files\Eclipse Adoptium\jdk-11.0.26.4-hotspot\bin;C:\Program Files\Eclipse Adoptium\jdk-17.0.14.7-hotspot\bin;C:\Program Files\Java\jdk-17\bin;C:\Program Files\nodejs;E:\Android\Sdk\platform-tools;E:\Android\Sdk\emulator;E:\Android\Sdk\cmdline-tools\latest\bin;C:\Users\NAGARAJU\AppData\Local\Android\Sdk\platform-tools;C:\Users\NAGARAJU\AppData\Local\Android\Sdk\emulator;C:\Users\NAGARAJU\AppData\Local\Android\Sdk\cmdline-tools\latest\bin;C:\Program Files\Eclipse Adoptium\jdk-21.0.11.10-hotspot\bin;C:\Program Files\Eclipse Adoptium\jdk-11.0.26.4-hotspot\bin;C:\Program Files\Eclipse Adoptium\jdk-17.0.14.7-hotspot\bin;C:\Program Files\Java\jdk-17\bin;C:\Program Files\nodejs;E:\Android\Sdk\platform-tools;E:\Android\Sdk\emulator;E:\Android\Sdk\cmdline-tools\latest\bin;C:\Users\NAGARAJU\AppData\Local\Android\Sdk\platform-tools;C:\Users\NAGARAJU\AppData\Local\Android\Sdk\emulator;C:\Users\NAGARAJU\AppData\Local\Android\Sdk\cmdline-tools\latest\bin;C:\Program Files\Eclipse Adoptium\jdk-21.0.11.10-hotspot\bin;C:\Program Files\Eclipse Adoptium\jdk-11.0.26.4-hotspot\bin;C:\Program Files\Eclipse Adoptium\jdk-17.0.14.7-hotspot\bin;C:\Program Files\Java\jdk-17\bin;C:\Program Files\nodejs;E:\Android\Sdk\platform-tools;E:\Android\Sdk\emulator;E:\Android\Sdk\cmdline-tools\latest\bin;C:\Users\NAGARAJU\AppData\Local\Android\Sdk\platform-tools;C:\Users\NAGARAJU\AppData\Local\Android\Sdk\emulator;C:\Users\NAGARAJU\AppData\Local\Android\Sdk\cmdline-tools\latest\bin;C:\WINDOWS\System32;C:\ProgramData\chocolatey\bin;C:\Program Files\nodejs\;C:\Program Files\Git\cmd;C:\Windows\System32;C:\Windows\System32\WindowsPowerShell\v1.0;C:\Windows\System32\OpenSSH;C:\Windows\System32\WindowsPowerShell\v1.0\;C:\Users\NAGARAJU\Downloads\stripe_1.30.0_windows_x86_64;C:\WINDOWS\system32;C:\WINDOWS;C:\WINDOWS\System32\Wbem;C:\WINDOWS\System32\WindowsPowerShell\v1.0\;C:\WINDOWS\System32\OpenSSH\;C:\ProgramData\chocolatey\bin;C:\Program Files\nodejs\;C:\Program Files\Git\cmd;C:\Windows\System32;C:\Windows\System32\WindowsPowerShell\v1.0;C:\Windows\System32\OpenSSH;C:\Windows\System32\WindowsPowerShell\v1.0\;C:\Users\NAGARAJU\Downloads\stripe_1.30.0_windows_x86_64;C:\WINDOWS\system32;C:\WINDOWS;C:\WINDOWS\System32\Wbem;C:\WINDOWS\System32\WindowsPowerShell\v1.0\;C:\WINDOWS\System32\OpenSSH\;C:\ProgramData\chocolatey\bin;C:\Program Files\nodejs\;C:\Program Files\Git\cmd;C:\Windows\System32;C:\Windows\System32\WindowsPowerShell\v1.0;C:\Windows\System32\OpenSSH;C:\Windows\System32\WindowsPowerShell\v1.0\;C:\Users\NAGARAJU\Downloads\stripe_1.30.0_windows_x86_64;C:\WINDOWS\system32;C:\WINDOWS;C:\WINDOWS\System32\Wbem;C:\WINDOWS\System32\WindowsPowerShell\v1.0\;C:\WINDOWS\System32\OpenSSH\;C:\Users\NAGARAJU\AppData\Local\Android\Sdk\platform-tools;C:\Users\NAGARAJU\AppData\Local\Android\Sdk\cmdline-tools\latest\bin;C:\Users\NAGARAJU\AppData\Roaming\npm;C:\Users\NAGARAJU\AppData\Local\Programs\Microsoft VS Code\bin;C:\Users\NAGARAJU\AppData\Local\Programs\Antigravity IDE\bin;C:\Users\NAGARAJU\AppData\Local\Microsoft\WindowsApps;C:\Users\NAGARAJU\AppData\Local\Kingsoft\WPS Office\12.1.0.27458\clitool
USERNAME=NAGARAJU
OS=Windows_NT
PROCESSOR_IDENTIFIER=AMD64 Family 23 Model 104 Stepping 1, AuthenticAMD
TMP=C:\Users\NAGARAJU\AppData\Local\Temp
TEMP=C:\Users\NAGARAJU\AppData\Local\Temp




Periodic native trim disabled

---------------  S Y S T E M  ---------------

OS:
 Windows 11 , 64 bit Build 26100 (10.0.26100.9168)
OS uptime: 0 days 0:55 hours

CPU: total 8 (initial active 8) (8 cores per cpu, 2 threads per core) family 23 model 104 stepping 1 microcode 0x8608109, cx8, cmov, fxsr, ht, mmx, 3dnowpref, sse, sse2, sse3, ssse3, sse4a, sse4.1, sse4.2, popcnt, lzcnt, tsc, tscinvbit, avx, avx2, aes, clmul, bmi1, bmi2, adx, sha, fma, vzeroupper, clflush, clflushopt, rdtscp, rdpid, f16c
Processor Information for the first 8 processors :
  Max Mhz: 2600, Current Mhz: 2600, Mhz Limit: 2600

Memory: 4k page, system-wide physical 7502M (331M free)
TotalPageFile size 40270M (AvailPageFile size 0M)
current process WorkingSet (physical memory assigned to process): 33M, peak: 174M
current process commit charge ("private bytes"): 295M, peak: 316M

vm_info: OpenJDK 64-Bit Server VM (21.0.12.1+1-LTS) for windows-amd64 JRE (21.0.12.1+1-LTS), built on 2026-08-18T00:00:00Z by "admin" with MS VC++ 17.12 (VS2022)

END.
