#
# There is insufficient memory for the Java Runtime Environment to continue.
# Native memory allocation (malloc) failed to allocate 406928 bytes. Error detail: Chunk::new
# Possible reasons:
#   The system is out of physical RAM or swap space
#   This process is running with CompressedOops enabled, and the Java Heap may be blocking the growth of the native heap
# Possible solutions:
#   Reduce memory load on the system
#   Increase physical memory or swap space
#   Check if swap backing store is full
#   Decrease Java heap size (-Xmx/-Xms)
#   Decrease number of Java threads
#   Decrease Java thread stack sizes (-Xss)
#   Set larger code cache with -XX:ReservedCodeCacheSize=
#   JVM is running with Zero Based Compressed Oops mode in which the Java heap is
#     placed in the first 32GB address space. The Java Heap base address is the
#     maximum limit for the native heap growth. Please use -XX:HeapBaseMinAddress
#     to set the Java Heap base and to place the Java Heap above 32GB virtual address.
# This output file may be truncated or incomplete.
#
#  Out of Memory Error (arena.cpp:168), pid=19952, tid=23092
#
# JRE version: OpenJDK Runtime Environment Temurin-21.0.12.1+1 (21.0.12.1+1) (build 21.0.12.1+1-LTS)
# Java VM: OpenJDK 64-Bit Server VM Temurin-21.0.12.1+1 (21.0.12.1+1-LTS, mixed mode, sharing, tiered, compressed oops, compressed class ptrs, g1 gc, windows-amd64)
# No core dump will be written. Minidumps are not enabled by default on client versions of Windows
#

---------------  S U M M A R Y ------------

Command Line: --add-opens=java.base/java.lang=ALL-UNNAMED --add-opens=java.base/java.lang.invoke=ALL-UNNAMED --add-opens=java.base/java.util=ALL-UNNAMED --add-opens=java.prefs/java.util.prefs=ALL-UNNAMED --add-exports=jdk.compiler/com.sun.tools.javac.api=ALL-UNNAMED --add-exports=jdk.compiler/com.sun.tools.javac.util=ALL-UNNAMED --add-opens=java.base/java.util=ALL-UNNAMED --add-opens=java.prefs/java.util.prefs=ALL-UNNAMED --add-opens=java.base/java.nio.charset=ALL-UNNAMED --add-opens=java.base/java.net=ALL-UNNAMED --add-opens=java.base/java.util.concurrent.atomic=ALL-UNNAMED --add-opens=java.xml/javax.xml.namespace=ALL-UNNAMED -Xmx4096m -Dfile.encoding=UTF-8 -Duser.country=IN -Duser.language=en -Duser.variant -javaagent:C:\Users\NAGARAJU\.gradle\wrapper\dists\gradle-8.14.1-bin\baw1sv0jfoi8rxs14qo3h49cs\gradle-8.14.1\lib\agents\gradle-instrumentation-agent-8.14.1.jar org.gradle.launcher.daemon.bootstrap.GradleDaemon 8.14.1

Host: AMD Ryzen 3 5300U with Radeon Graphics         , 8 cores, 7G,  Windows 11 , 64 bit Build 26100 (10.0.26100.9168)
Time: Fri Sep  4 23:58:51 2026 India Standard Time elapsed time: 1315.385592 seconds (0d 0h 21m 55s)

---------------  T H R E A D  ---------------

Current thread (0x0000025c7ef193b0):  JavaThread "C2 CompilerThread0" daemon [_thread_in_native, id=23092, stack(0x0000006365900000,0x0000006365a00000) (1024K)]


Current CompileTask:
C2:1315385 6206       4       java.util.regex.Pattern::compile (537 bytes)

Stack: [0x0000006365900000,0x0000006365a00000]
Native frames: (J=compiled Java code, j=interpreted, Vv=VM code, C=native code)
V  [jvm.dll+0x6d83e9]
V  [jvm.dll+0x8b5736]
V  [jvm.dll+0x8b7cee]
V  [jvm.dll+0x8b83d3]
V  [jvm.dll+0x284596]
V  [jvm.dll+0xc685d]
V  [jvm.dll+0xc6da1]
V  [jvm.dll+0x3bf18b]
V  [jvm.dll+0x1e3f42]
V  [jvm.dll+0x24c853]
V  [jvm.dll+0x24bce0]
V  [jvm.dll+0x1cb4ae]
V  [jvm.dll+0x25baad]
V  [jvm.dll+0x25a03a]
V  [jvm.dll+0x3f8aae]
V  [jvm.dll+0x8600cd]
V  [jvm.dll+0x6d6c1d]
C  [ucrtbase.dll+0x2cd30]
C  [KERNEL32.DLL+0x2ccb7]
C  [ntdll.dll+0xaad6c]


---------------  P R O C E S S  ---------------

Threads class SMR info:
_java_thread_list=0x0000025c4e00e0b0, length=43, elements={
0x0000025c68ba1390, 0x0000025c7ef0d3d0, 0x0000025c7ef0eb50, 0x0000025c7ef122e0,
0x0000025c7ef12d40, 0x0000025c7ef17bc0, 0x0000025c7ef18620, 0x0000025c7ef193b0,
0x0000025c7ef23f60, 0x0000025c7f1b2100, 0x0000025c7f1ea800, 0x0000025c7f44aae0,
0x0000025c4b456340, 0x0000025c7fa4cc50, 0x0000025c7f278410, 0x0000025c4b3a5a70,
0x0000025c7ef94090, 0x0000025c4b2b9790, 0x0000025c4b2b7d50, 0x0000025c4b2b76c0,
0x0000025c4b2b9e20, 0x0000025c4b2b83e0, 0x0000025c4b2b8a70, 0x0000025c4b2b7030,
0x0000025c4c96d110, 0x0000025c4c96de30, 0x0000025c4c96d7a0, 0x0000025c4c96e4c0,
0x0000025c4c96f1e0, 0x0000025c4c96c3f0, 0x0000025c4c96eb50, 0x0000025c4c96bd60,
0x0000025c4c972660, 0x0000025c4c972cf0, 0x0000025c4c971940, 0x0000025c4c970c20,
0x0000025c4c96ff00, 0x0000025c4c970590, 0x0000025c4bfa83e0, 0x0000025c4bfa9100,
0x0000025c4bfa9790, 0x0000025c4bfa9e20, 0x0000025c4bfa8a70
}

Java Threads: ( => current thread )
  0x0000025c68ba1390 JavaThread "main"                              [_thread_blocked, id=22640, stack(0x0000006364b00000,0x0000006364c00000) (1024K)]
  0x0000025c7ef0d3d0 JavaThread "Reference Handler"          daemon [_thread_blocked, id=23068, stack(0x0000006365300000,0x0000006365400000) (1024K)]
  0x0000025c7ef0eb50 JavaThread "Finalizer"                  daemon [_thread_blocked, id=23072, stack(0x0000006365400000,0x0000006365500000) (1024K)]
  0x0000025c7ef122e0 JavaThread "Signal Dispatcher"          daemon [_thread_blocked, id=23076, stack(0x0000006365500000,0x0000006365600000) (1024K)]
  0x0000025c7ef12d40 JavaThread "Attach Listener"            daemon [_thread_blocked, id=23080, stack(0x0000006365600000,0x0000006365700000) (1024K)]
  0x0000025c7ef17bc0 JavaThread "Service Thread"             daemon [_thread_blocked, id=23084, stack(0x0000006365700000,0x0000006365800000) (1024K)]
  0x0000025c7ef18620 JavaThread "Monitor Deflation Thread"   daemon [_thread_blocked, id=23088, stack(0x0000006365800000,0x0000006365900000) (1024K)]
=>0x0000025c7ef193b0 JavaThread "C2 CompilerThread0"         daemon [_thread_in_native, id=23092, stack(0x0000006365900000,0x0000006365a00000) (1024K)]
  0x0000025c7ef23f60 JavaThread "C1 CompilerThread0"         daemon [_thread_blocked, id=23100, stack(0x0000006365a00000,0x0000006365b00000) (1024K)]
  0x0000025c7f1b2100 JavaThread "Common-Cleaner"             daemon [_thread_blocked, id=23204, stack(0x0000006365b00000,0x0000006365c00000) (1024K)]
  0x0000025c7f1ea800 JavaThread "Notification Thread"        daemon [_thread_blocked, id=23236, stack(0x0000006365c00000,0x0000006365d00000) (1024K)]
  0x0000025c7f44aae0 JavaThread "Daemon health stats"               [_thread_blocked, id=1948, stack(0x0000006366100000,0x0000006366200000) (1024K)]
  0x0000025c4b456340 JavaThread "Incoming local TCP Connector on port 62947"        [_thread_in_native, id=16000, stack(0x0000006366200000,0x0000006366300000) (1024K)]
  0x0000025c7fa4cc50 JavaThread "Daemon periodic checks"            [_thread_blocked, id=19112, stack(0x0000006366600000,0x0000006366700000) (1024K)]
  0x0000025c7f278410 JavaThread "Daemon"                            [_thread_blocked, id=23344, stack(0x0000006366700000,0x0000006366800000) (1024K)]
  0x0000025c4b3a5a70 JavaThread "Handler for socket connection from /127.0.0.1:62947 to /127.0.0.1:62949"        [_thread_in_native, id=23336, stack(0x0000006366800000,0x0000006366900000) (1024K)]
  0x0000025c7ef94090 JavaThread "Cancel handler"                    [_thread_blocked, id=12104, stack(0x0000006366900000,0x0000006366a00000) (1024K)]
  0x0000025c4b2b9790 JavaThread "Daemon worker"                     [_thread_in_vm, id=7660, stack(0x0000006366a00000,0x0000006366b00000) (1024K)]
  0x0000025c4b2b7d50 JavaThread "Asynchronous log dispatcher for DefaultDaemonConnection: socket connection from /127.0.0.1:62947 to /127.0.0.1:62949"        [_thread_blocked, id=18264, stack(0x0000006366b00000,0x0000006366c00000) (1024K)]
  0x0000025c4b2b76c0 JavaThread "Stdin handler"                     [_thread_blocked, id=16452, stack(0x0000006366c00000,0x0000006366d00000) (1024K)]
  0x0000025c4b2b9e20 JavaThread "Daemon client event forwarder"        [_thread_blocked, id=13004, stack(0x0000006366d00000,0x0000006366e00000) (1024K)]
  0x0000025c4b2b83e0 JavaThread "Cache worker for journal cache (C:\Users\NAGARAJU\.gradle\caches\journal-1)"        [_thread_blocked, id=24236, stack(0x0000006366e00000,0x0000006366f00000) (1024K)]
  0x0000025c4b2b8a70 JavaThread "File lock request listener"        [_thread_in_native, id=24240, stack(0x0000006366f00000,0x0000006367000000) (1024K)]
  0x0000025c4b2b7030 JavaThread "Cache worker for file hash cache (C:\Users\NAGARAJU\.gradle\caches\8.14.1\fileHashes)"        [_thread_blocked, id=24484, stack(0x0000006367100000,0x0000006367200000) (1024K)]
  0x0000025c4c96d110 JavaThread "Cache worker for file hash cache (C:\zynnative\DocApp-CLI\android\.gradle\8.14.1\fileHashes)"        [_thread_blocked, id=1772, stack(0x0000006367300000,0x0000006367400000) (1024K)]
  0x0000025c4c96de30 JavaThread "Cache worker for Build Output Cleanup Cache (C:\zynnative\DocApp-CLI\android\.gradle\buildOutputCleanup)"        [_thread_blocked, id=24656, stack(0x0000006367400000,0x0000006367500000) (1024K)]
  0x0000025c4c96d7a0 JavaThread "File watcher server"        daemon [_thread_in_native, id=24876, stack(0x0000006364900000,0x0000006364a00000) (1024K)]
  0x0000025c4c96e4c0 JavaThread "File watcher consumer"      daemon [_thread_blocked, id=24892, stack(0x0000006364a00000,0x0000006364b00000) (1024K)]
  0x0000025c4c96f1e0 JavaThread "jar transforms"                    [_thread_blocked, id=25592, stack(0x0000006367500000,0x0000006367600000) (1024K)]
  0x0000025c4c96c3f0 JavaThread "jar transforms Thread 2"           [_thread_blocked, id=24680, stack(0x0000006367600000,0x0000006367700000) (1024K)]
  0x0000025c4c96eb50 JavaThread "Cache worker for checksums cache (C:\zynnative\DocApp-CLI\android\.gradle\8.14.1\checksums)"        [_thread_blocked, id=332, stack(0x0000006367700000,0x0000006367800000) (1024K)]
  0x0000025c4c96bd60 JavaThread "Cache worker for file content cache (C:\Users\NAGARAJU\.gradle\caches\8.14.1\fileContent)"        [_thread_blocked, id=8052, stack(0x0000006367800000,0x0000006367900000) (1024K)]
  0x0000025c4c972660 JavaThread "jar transforms Thread 3"           [_thread_blocked, id=25964, stack(0x0000006367900000,0x0000006367a00000) (1024K)]
  0x0000025c4c972cf0 JavaThread "Cache worker for cache directory md-supplier (C:\Users\NAGARAJU\.gradle\caches\8.14.1\md-supplier)"        [_thread_blocked, id=26164, stack(0x0000006367a00000,0x0000006367b00000) (1024K)]
  0x0000025c4c971940 JavaThread "Cache worker for cache directory md-rule (C:\Users\NAGARAJU\.gradle\caches\8.14.1\md-rule)"        [_thread_blocked, id=26008, stack(0x0000006367b00000,0x0000006367c00000) (1024K)]
  0x0000025c4c970c20 JavaThread "Cache worker for Build Output Cleanup Cache (C:\zynnative\DocApp-CLI\node_modules\@react-native\gradle-plugin\.gradle\buildOutputCleanup)"        [_thread_blocked, id=27096, stack(0x0000006367c00000,0x0000006367d00000) (1024K)]
  0x0000025c4c96ff00 JavaThread "Unconstrained build operations"        [_thread_blocked, id=33228, stack(0x0000006367000000,0x0000006367100000) (1024K)]
  0x0000025c4c970590 JavaThread "Unconstrained build operations Thread 2"        [_thread_blocked, id=33232, stack(0x0000006367d00000,0x0000006367e00000) (1024K)]
  0x0000025c4bfa83e0 JavaThread "Unconstrained build operations Thread 3"        [_thread_blocked, id=33600, stack(0x0000006367f00000,0x0000006368000000) (1024K)]
  0x0000025c4bfa9100 JavaThread "Unconstrained build operations Thread 4"        [_thread_blocked, id=34788, stack(0x0000006368300000,0x0000006368400000) (1024K)]
  0x0000025c4bfa9790 JavaThread "Unconstrained build operations Thread 5"        [_thread_blocked, id=32028, stack(0x0000006368400000,0x0000006368500000) (1024K)]
  0x0000025c4bfa9e20 JavaThread "Unconstrained build operations Thread 6"        [_thread_blocked, id=2476, stack(0x0000006368500000,0x0000006368600000) (1024K)]
  0x0000025c4bfa8a70 JavaThread "File lock release action executor Thread 10"        [_thread_blocked, id=39144, stack(0x0000006367e00000,0x0000006367f00000) (1024K)]
Total: 43

Other Threads:
  0x0000025c7eef1ce0 VMThread "VM Thread"                           [id=22880, stack(0x0000006365200000,0x0000006365300000) (1024K)]
  0x0000025c7eee1ad0 WatcherThread "VM Periodic Task Thread"        [id=22856, stack(0x0000006365100000,0x0000006365200000) (1024K)]
  0x0000025c6b045920 WorkerThread "GC Thread#0"                     [id=22792, stack(0x0000006364c00000,0x0000006364d00000) (1024K)]
  0x0000025c7f2a8890 WorkerThread "GC Thread#1"                     [id=23328, stack(0x0000006365d00000,0x0000006365e00000) (1024K)]
  0x0000025c7f24d280 WorkerThread "GC Thread#2"                     [id=23332, stack(0x0000006365e00000,0x0000006365f00000) (1024K)]
  0x0000025c7fa5d750 WorkerThread "GC Thread#3"                     [id=19296, stack(0x0000006365f00000,0x0000006366000000) (1024K)]
  0x0000025c4b2d81e0 WorkerThread "GC Thread#4"                     [id=5668, stack(0x0000006366000000,0x0000006366100000) (1024K)]
  0x0000025c7f3aa8b0 WorkerThread "GC Thread#5"                     [id=19392, stack(0x0000006366300000,0x0000006366400000) (1024K)]
  0x0000025c4be6ea10 WorkerThread "GC Thread#6"                     [id=22016, stack(0x0000006366400000,0x0000006366500000) (1024K)]
  0x0000025c4b08bff0 WorkerThread "GC Thread#7"                     [id=14244, stack(0x0000006366500000,0x0000006366600000) (1024K)]
  0x0000025c6b057730 ConcurrentGCThread "G1 Main Marker"            [id=22796, stack(0x0000006364d00000,0x0000006364e00000) (1024K)]
  0x0000025c6b058050 WorkerThread "G1 Conc#0"                       [id=22800, stack(0x0000006364e00000,0x0000006364f00000) (1024K)]
  0x0000025c4be7fee0 WorkerThread "G1 Conc#1"                       [id=21784, stack(0x0000006367200000,0x0000006367300000) (1024K)]
  0x0000025c6b08eae0 ConcurrentGCThread "G1 Refine#0"               [id=22804, stack(0x0000006364f00000,0x0000006365000000) (1024K)]
  0x0000025c7edb1670 ConcurrentGCThread "G1 Service"                [id=22808, stack(0x0000006365000000,0x0000006365100000) (1024K)]
Total: 15

Threads with active compile tasks:
C2 CompilerThread0  1316130 6206       4       java.util.regex.Pattern::compile (537 bytes)
C1 CompilerThread0  1316130 6216       3       com.google.common.collect.MapMakerInternalMap::putIfAbsent (29 bytes)
Total: 2

VM state: not at safepoint (normal execution)

VM Mutex/Monitor currently owned by a thread: None

Heap address: 0x0000000700000000, size: 4096 MB, Compressed Oops mode: Zero based, Oop shift amount: 3

CDS archive(s) mapped at: [0x0000025c06000000-0x0000025c06ba0000-0x0000025c06ba0000), size 12189696, SharedBaseAddress: 0x0000025c06000000, ArchiveRelocationMode: 1.
Compressed class space mapped at: 0x0000025c07000000-0x0000025c47000000, reserved size: 1073741824
Narrow klass base: 0x0000025c06000000, Narrow klass shift: 0, Narrow klass range: 0x100000000

GC Precious Log:
 CardTable entry size: 512
 Card Set container configuration: InlinePtr #cards 4 size 8 Array Of Cards #cards 16 size 48 Howl #buckets 8 coarsen threshold 3686 Howl Bitmap #cards 512 size 80 coarsen threshold 460 Card regions per heap region 1 cards per card region 4096
 CPUs: 8 total, 8 available
 Memory: 7502M
 Large Page Support: Disabled
 NUMA Support: Disabled
 Compressed Oops: Enabled (Zero based)
 Heap Region Size: 2M
 Heap Min Capacity: 8M
 Heap Initial Capacity: 118M
 Heap Max Capacity: 4G
 Pre-touch: Disabled
 Parallel Workers: 8
 Concurrent Workers: 2
 Concurrent Refinement Workers: 8
 Periodic GC: Disabled

Heap:
 garbage-first heap   total 90112K, used 51221K [0x0000000700000000, 0x0000000800000000)
  region size 2048K, 8 young (16384K), 1 survivors (2048K)
 Metaspace       used 48516K, committed 50176K, reserved 1114112K
  class space    used 6999K, committed 7808K, reserved 1048576K

Heap Regions: E=young(eden), S=young(survivor), O=old, HS=humongous(starts), HC=humongous(continues), CS=collection set, F=free, TAMS=top-at-mark-start, PB=parsable bottom
|   0|0x0000000700000000, 0x0000000700200000, 0x0000000700200000|100%|HS|  |TAMS 0x0000000700000000| PB 0x0000000700000000| Complete 
|   1|0x0000000700200000, 0x0000000700400000, 0x0000000700400000|100%|HC|  |TAMS 0x0000000700200000| PB 0x0000000700200000| Complete 
|   2|0x0000000700400000, 0x0000000700600000, 0x0000000700600000|100%| O|  |TAMS 0x0000000700400000| PB 0x0000000700400000| Untracked 
|   3|0x0000000700600000, 0x0000000700800000, 0x0000000700800000|100%| O|  |TAMS 0x0000000700600000| PB 0x0000000700600000| Untracked 
|   4|0x0000000700800000, 0x0000000700a00000, 0x0000000700a00000|100%| O|  |TAMS 0x0000000700800000| PB 0x0000000700800000| Untracked 
|   5|0x0000000700a00000, 0x0000000700c00000, 0x0000000700c00000|100%| O|  |TAMS 0x0000000700a00000| PB 0x0000000700a00000| Untracked 
|   6|0x0000000700c00000, 0x0000000700e00000, 0x0000000700e00000|100%| O|  |TAMS 0x0000000700c00000| PB 0x0000000700c00000| Untracked 
|   7|0x0000000700e00000, 0x0000000701000000, 0x0000000701000000|100%| O|  |TAMS 0x0000000700e00000| PB 0x0000000700e00000| Untracked 
|   8|0x0000000701000000, 0x0000000701200000, 0x0000000701200000|100%| O|  |TAMS 0x0000000701000000| PB 0x0000000701000000| Untracked 
|   9|0x0000000701200000, 0x0000000701400000, 0x0000000701400000|100%| O|  |TAMS 0x0000000701200000| PB 0x0000000701200000| Untracked 
|  10|0x0000000701400000, 0x0000000701600000, 0x0000000701600000|100%| O|  |TAMS 0x0000000701400000| PB 0x0000000701400000| Untracked 
|  11|0x0000000701600000, 0x0000000701800000, 0x0000000701800000|100%| O|  |TAMS 0x0000000701600000| PB 0x0000000701600000| Untracked 
|  12|0x0000000701800000, 0x0000000701a00000, 0x0000000701a00000|100%| O|  |TAMS 0x0000000701800000| PB 0x0000000701800000| Untracked 
|  13|0x0000000701a00000, 0x0000000701c00000, 0x0000000701c00000|100%| O|  |TAMS 0x0000000701a00000| PB 0x0000000701a00000| Untracked 
|  14|0x0000000701c00000, 0x0000000701e00000, 0x0000000701e00000|100%| O|  |TAMS 0x0000000701c00000| PB 0x0000000701c00000| Untracked 
|  15|0x0000000701e00000, 0x0000000701f57d90, 0x0000000702000000| 67%| O|  |TAMS 0x0000000701e00000| PB 0x0000000701e00000| Untracked 
|  16|0x0000000702000000, 0x0000000702200000, 0x0000000702200000|100%| O|  |TAMS 0x0000000702000000| PB 0x0000000702000000| Untracked 
|  17|0x0000000702200000, 0x0000000702400000, 0x0000000702400000|100%| O|  |TAMS 0x0000000702200000| PB 0x0000000702200000| Untracked 
|  18|0x0000000702400000, 0x0000000702400000, 0x0000000702600000|  0%| F|  |TAMS 0x0000000702400000| PB 0x0000000702400000| Untracked 
|  19|0x0000000702600000, 0x0000000702600000, 0x0000000702800000|  0%| F|  |TAMS 0x0000000702600000| PB 0x0000000702600000| Untracked 
|  20|0x0000000702800000, 0x0000000702800000, 0x0000000702a00000|  0%| F|  |TAMS 0x0000000702800000| PB 0x0000000702800000| Untracked 
|  21|0x0000000702a00000, 0x0000000702c00000, 0x0000000702c00000|100%| O|  |TAMS 0x0000000702a00000| PB 0x0000000702a00000| Untracked 
|  22|0x0000000702c00000, 0x0000000702c00000, 0x0000000702e00000|  0%| F|  |TAMS 0x0000000702c00000| PB 0x0000000702c00000| Untracked 
|  23|0x0000000702e00000, 0x0000000702e00000, 0x0000000703000000|  0%| F|  |TAMS 0x0000000702e00000| PB 0x0000000702e00000| Untracked 
|  24|0x0000000703000000, 0x0000000703000000, 0x0000000703200000|  0%| F|  |TAMS 0x0000000703000000| PB 0x0000000703000000| Untracked 
|  25|0x0000000703200000, 0x0000000703200000, 0x0000000703400000|  0%| F|  |TAMS 0x0000000703200000| PB 0x0000000703200000| Untracked 
|  26|0x0000000703400000, 0x00000007034ada30, 0x0000000703600000| 33%| S|CS|TAMS 0x0000000703400000| PB 0x0000000703400000| Complete 
|  27|0x0000000703600000, 0x0000000703600000, 0x0000000703800000|  0%| F|  |TAMS 0x0000000703600000| PB 0x0000000703600000| Untracked 
|  28|0x0000000703800000, 0x0000000703800000, 0x0000000703a00000|  0%| F|  |TAMS 0x0000000703800000| PB 0x0000000703800000| Untracked 
|  29|0x0000000703a00000, 0x0000000703a00000, 0x0000000703c00000|  0%| F|  |TAMS 0x0000000703a00000| PB 0x0000000703a00000| Untracked 
|  30|0x0000000703c00000, 0x0000000703c00000, 0x0000000703e00000|  0%| F|  |TAMS 0x0000000703c00000| PB 0x0000000703c00000| Untracked 
|  31|0x0000000703e00000, 0x0000000703e00000, 0x0000000704000000|  0%| F|  |TAMS 0x0000000703e00000| PB 0x0000000703e00000| Untracked 
|  32|0x0000000704000000, 0x0000000704000000, 0x0000000704200000|  0%| F|  |TAMS 0x0000000704000000| PB 0x0000000704000000| Untracked 
|  33|0x0000000704200000, 0x0000000704200000, 0x0000000704400000|  0%| F|  |TAMS 0x0000000704200000| PB 0x0000000704200000| Untracked 
|  34|0x0000000704400000, 0x0000000704400000, 0x0000000704600000|  0%| F|  |TAMS 0x0000000704400000| PB 0x0000000704400000| Untracked 
|  35|0x0000000704600000, 0x0000000704600000, 0x0000000704800000|  0%| F|  |TAMS 0x0000000704600000| PB 0x0000000704600000| Untracked 
|  36|0x0000000704800000, 0x0000000704800000, 0x0000000704a00000|  0%| F|  |TAMS 0x0000000704800000| PB 0x0000000704800000| Untracked 
|  37|0x0000000704a00000, 0x0000000704ac4438, 0x0000000704c00000| 38%| E|  |TAMS 0x0000000704a00000| PB 0x0000000704a00000| Complete 
|  38|0x0000000704c00000, 0x0000000704e00000, 0x0000000704e00000|100%| E|CS|TAMS 0x0000000704c00000| PB 0x0000000704c00000| Complete 
|  39|0x0000000704e00000, 0x0000000705000000, 0x0000000705000000|100%| E|CS|TAMS 0x0000000704e00000| PB 0x0000000704e00000| Complete 
|  47|0x0000000705e00000, 0x0000000706000000, 0x0000000706000000|100%| E|CS|TAMS 0x0000000705e00000| PB 0x0000000705e00000| Complete 
|  48|0x0000000706000000, 0x0000000706200000, 0x0000000706200000|100%| E|CS|TAMS 0x0000000706000000| PB 0x0000000706000000| Complete 
|  49|0x0000000706200000, 0x0000000706400000, 0x0000000706400000|100%| E|CS|TAMS 0x0000000706200000| PB 0x0000000706200000| Complete 
|  58|0x0000000707400000, 0x0000000707600000, 0x0000000707600000|100%| E|CS|TAMS 0x0000000707400000| PB 0x0000000707400000| Complete 

Card table byte_map: [0x0000025c7dd00000,0x0000025c7e500000] _byte_map_base: 0x0000025c7a500000

Marking Bits: (CMBitMap*) 0x0000025c6b046e50
 Bits: [0x0000025c00000000, 0x0000025c04000000)

Polling page: 0x0000025c68db0000

Metaspace:

Usage:
  Non-class:     40.54 MB used.
      Class:      6.84 MB used.
       Both:     47.38 MB used.

Virtual space:
  Non-class space:       64.00 MB reserved,      41.38 MB ( 65%) committed,  1 nodes.
      Class space:        1.00 GB reserved,       7.62 MB ( <1%) committed,  1 nodes.
             Both:        1.06 GB reserved,      49.00 MB (  5%) committed. 

Chunk freelists:
   Non-Class:  5.92 MB
       Class:  8.23 MB
        Both:  14.14 MB

MaxMetaspaceSize: unlimited
CompressedClassSpaceSize: 1.00 GB
Initial GC threshold: 21.00 MB
Current GC threshold: 58.88 MB
CDS: on
 - commit_granule_bytes: 65536.
 - commit_granule_words: 8192.
 - virtual_space_node_default_size: 8388608.
 - enlarge_chunks_in_place: 1.
 - use_allocation_guard: 0.


Internal statistics:

num_allocs_failed_limit: 6.
num_arena_births: 2962.
num_arena_deaths: 0.
num_vsnodes_births: 2.
num_vsnodes_deaths: 0.
num_space_committed: 784.
num_space_uncommitted: 0.
num_chunks_returned_to_freelist: 6.
num_chunks_taken_from_freelist: 5289.
num_chunk_merges: 6.
num_chunk_splits: 3416.
num_chunks_enlarged: 2058.
num_inconsistent_stats: 0.

CodeHeap 'non-profiled nmethods': size=120000Kb used=3540Kb max_used=3540Kb free=116459Kb
 bounds [0x0000025c75ca0000, 0x0000025c76020000, 0x0000025c7d1d0000]
CodeHeap 'profiled nmethods': size=120000Kb used=10820Kb max_used=10820Kb free=109179Kb
 bounds [0x0000025c6e1d0000, 0x0000025c6ec70000, 0x0000025c75700000]
CodeHeap 'non-nmethods': size=5760Kb used=2603Kb max_used=2651Kb free=3156Kb
 bounds [0x0000025c75700000, 0x0000025c759b0000, 0x0000025c75ca0000]
CodeCache: size=245760Kb, used=16963Kb, max_used=17011Kb, free=228794Kb
 total_blobs=6492, nmethods=5619, adapters=777, full_count=0
Compilation: enabled, stopped_count=0, restarted_count=0

Compilation events (20 events):
Event: 1309.754 Thread 0x0000025c7ef23f60 nmethod 6200 0x0000025c6ec5b710 code [0x0000025c6ec5b920, 0x0000025c6ec5c188]
Event: 1309.872 Thread 0x0000025c7ef23f60 6201       3       jdk.internal.org.objectweb.asm.ClassReader::readUTF8 (23 bytes)
Event: 1309.872 Thread 0x0000025c7ef23f60 nmethod 6201 0x0000025c6ec5c490 code [0x0000025c6ec5c660, 0x0000025c6ec5c8a8]
Event: 1309.872 Thread 0x0000025c7ef23f60 6202       3       jdk.internal.org.objectweb.asm.ClassReader::readUtf (44 bytes)
Event: 1309.874 Thread 0x0000025c7ef23f60 nmethod 6202 0x0000025c6ec5c990 code [0x0000025c6ec5cb80, 0x0000025c6ec5cf90]
Event: 1309.926 Thread 0x0000025c7ef23f60 6203       3       java.util.Arrays::sort (37 bytes)
Event: 1309.937 Thread 0x0000025c7ef23f60 nmethod 6203 0x0000025c6ec5d190 code [0x0000025c6ec5d360, 0x0000025c6ec5d550]
Event: 1311.564 Thread 0x0000025c7ef23f60 6204       3       org.gradle.internal.instantiation.generator.AsmBackedClassGenerator$ClassBuilderImpl::access$7300 (4 bytes)
Event: 1311.564 Thread 0x0000025c7ef23f60 nmethod 6204 0x0000025c6ec5d610 code [0x0000025c6ec5d7a0, 0x0000025c6ec5d898]
Event: 1313.050 Thread 0x0000025c7ef23f60 6205       3       org.gradle.internal.instantiation.generator.AsmBackedClassGenerator$ClassBuilderImpl::access$5800 (4 bytes)
Event: 1313.051 Thread 0x0000025c7ef23f60 nmethod 6205 0x0000025c6ec5d910 code [0x0000025c6ec5daa0, 0x0000025c6ec5db98]
Event: 1313.126 Thread 0x0000025c7ef193b0 6206       4       java.util.regex.Pattern::compile (537 bytes)
Event: 1313.130 Thread 0x0000025c7ef23f60 6208       3       org.gradle.internal.instantiation.generator.AsmBackedClassGenerator$ClassBuilderImpl::access$2900 (4 bytes)
Event: 1313.131 Thread 0x0000025c7ef23f60 nmethod 6208 0x0000025c6ec5dc10 code [0x0000025c6ec5dda0, 0x0000025c6ec5de98]
Event: 1313.132 Thread 0x0000025c7ef23f60 6209       3       org.gradle.internal.instantiation.generator.AsmBackedClassGenerator$ClassBuilderImpl$$Lambda/0x0000025c071f40a0::transform (8 bytes)
Event: 1313.133 Thread 0x0000025c7ef23f60 nmethod 6209 0x0000025c6ec5df10 code [0x0000025c6ec5e0c0, 0x0000025c6ec5e2f0]
Event: 1313.167 Thread 0x0000025c7ef23f60 6210       1       com.google.common.collect.MapMakerInternalMap$AbstractStrongKeyEntry::getNext (2 bytes)
Event: 1313.169 Thread 0x0000025c7ef23f60 nmethod 6210 0x0000025c76015090 code [0x0000025c76015220, 0x0000025c760152f0]
Event: 1313.329 Thread 0x0000025c7ef23f60 6211       3       org.gradle.internal.classloader.FilteringClassLoader$Trie::find (135 bytes)
Event: 1313.331 Thread 0x0000025c7ef23f60 nmethod 6211 0x0000025c6ec5e390 code [0x0000025c6ec5e5c0, 0x0000025c6ec5ed60]

GC Heap History (20 events):
Event: 85.946 GC heap before
{Heap before GC invocations=7 (full 0):
 garbage-first heap   total 90112K, used 72164K [0x0000000700000000, 0x0000000800000000)
  region size 2048K, 25 young (51200K), 2 survivors (4096K)
 Metaspace       used 32824K, committed 33792K, reserved 1114112K
  class space    used 4726K, committed 5184K, reserved 1048576K
}
Event: 86.011 GC heap after
{Heap after GC invocations=8 (full 0):
 garbage-first heap   total 90112K, used 32257K [0x0000000700000000, 0x0000000800000000)
  region size 2048K, 4 young (8192K), 4 survivors (8192K)
 Metaspace       used 32824K, committed 33792K, reserved 1114112K
  class space    used 4726K, committed 5184K, reserved 1048576K
}
Event: 88.209 GC heap before
{Heap before GC invocations=8 (full 0):
 garbage-first heap   total 90112K, used 50689K [0x0000000700000000, 0x0000000800000000)
  region size 2048K, 13 young (26624K), 4 survivors (8192K)
 Metaspace       used 35050K, committed 36096K, reserved 1114112K
  class space    used 4970K, committed 5504K, reserved 1048576K
}
Event: 88.218 GC heap after
{Heap after GC invocations=9 (full 0):
 garbage-first heap   total 90112K, used 33776K [0x0000000700000000, 0x0000000800000000)
  region size 2048K, 2 young (4096K), 2 survivors (4096K)
 Metaspace       used 35050K, committed 36096K, reserved 1114112K
  class space    used 4970K, committed 5504K, reserved 1048576K
}
Event: 118.642 GC heap before
{Heap before GC invocations=10 (full 0):
 garbage-first heap   total 90112K, used 72688K [0x0000000700000000, 0x0000000800000000)
  region size 2048K, 21 young (43008K), 2 survivors (4096K)
 Metaspace       used 39008K, committed 40448K, reserved 1114112K
  class space    used 5596K, committed 6272K, reserved 1048576K
}
Event: 118.669 GC heap after
{Heap after GC invocations=11 (full 0):
 garbage-first heap   total 90112K, used 36595K [0x0000000700000000, 0x0000000800000000)
  region size 2048K, 3 young (6144K), 3 survivors (6144K)
 Metaspace       used 39008K, committed 40448K, reserved 1114112K
  class space    used 5596K, committed 6272K, reserved 1048576K
}
Event: 130.197 GC heap before
{Heap before GC invocations=11 (full 0):
 garbage-first heap   total 90112K, used 73459K [0x0000000700000000, 0x0000000800000000)
  region size 2048K, 22 young (45056K), 3 survivors (6144K)
 Metaspace       used 41872K, committed 43328K, reserved 1114112K
  class space    used 5936K, committed 6656K, reserved 1048576K
}
Event: 130.216 GC heap after
{Heap after GC invocations=12 (full 0):
 garbage-first heap   total 90112K, used 36599K [0x0000000700000000, 0x0000000800000000)
  region size 2048K, 2 young (4096K), 2 survivors (4096K)
 Metaspace       used 41872K, committed 43328K, reserved 1114112K
  class space    used 5936K, committed 6656K, reserved 1048576K
}
Event: 462.980 GC heap before
{Heap before GC invocations=12 (full 0):
 garbage-first heap   total 90112K, used 77559K [0x0000000700000000, 0x0000000800000000)
  region size 2048K, 22 young (45056K), 2 survivors (4096K)
 Metaspace       used 42573K, committed 44160K, reserved 1114112K
  class space    used 6025K, committed 6784K, reserved 1048576K
}
Event: 463.061 GC heap after
{Heap after GC invocations=13 (full 0):
 garbage-first heap   total 90112K, used 37132K [0x0000000700000000, 0x0000000800000000)
  region size 2048K, 1 young (2048K), 1 survivors (2048K)
 Metaspace       used 42573K, committed 44160K, reserved 1114112K
  class space    used 6025K, committed 6784K, reserved 1048576K
}
Event: 509.254 GC heap before
{Heap before GC invocations=13 (full 0):
 garbage-first heap   total 90112K, used 78092K [0x0000000700000000, 0x0000000800000000)
  region size 2048K, 21 young (43008K), 1 survivors (2048K)
 Metaspace       used 46892K, committed 48576K, reserved 1114112K
  class space    used 6722K, committed 7552K, reserved 1048576K
}
Event: 509.284 GC heap after
{Heap after GC invocations=14 (full 0):
 garbage-first heap   total 90112K, used 38618K [0x0000000700000000, 0x0000000800000000)
  region size 2048K, 2 young (4096K), 2 survivors (4096K)
 Metaspace       used 46892K, committed 48576K, reserved 1114112K
  class space    used 6722K, committed 7552K, reserved 1048576K
}
Event: 839.596 GC heap before
{Heap before GC invocations=14 (full 0):
 garbage-first heap   total 90112K, used 79578K [0x0000000700000000, 0x0000000800000000)
  region size 2048K, 22 young (45056K), 2 survivors (4096K)
 Metaspace       used 48115K, committed 49792K, reserved 1114112K
  class space    used 6932K, committed 7744K, reserved 1048576K
}
Event: 841.002 GC heap after
{Heap after GC invocations=15 (full 0):
 garbage-first heap   total 90112K, used 39141K [0x0000000700000000, 0x0000000800000000)
  region size 2048K, 2 young (4096K), 2 survivors (4096K)
 Metaspace       used 48115K, committed 49792K, reserved 1114112K
  class space    used 6932K, committed 7744K, reserved 1048576K
}
Event: 858.577 GC heap before
{Heap before GC invocations=15 (full 0):
 garbage-first heap   total 90112K, used 39141K [0x0000000700000000, 0x0000000800000000)
  region size 2048K, 3 young (6144K), 2 survivors (4096K)
 Metaspace       used 48115K, committed 49792K, reserved 1114112K
  class space    used 6932K, committed 7744K, reserved 1048576K
}
Event: 858.601 GC heap after
{Heap after GC invocations=16 (full 0):
 garbage-first heap   total 90112K, used 39056K [0x0000000700000000, 0x0000000800000000)
  region size 2048K, 1 young (2048K), 1 survivors (2048K)
 Metaspace       used 48115K, committed 49792K, reserved 1114112K
  class space    used 6932K, committed 7744K, reserved 1048576K
}
Event: 874.193 GC heap before
{Heap before GC invocations=16 (full 0):
 garbage-first heap   total 90112K, used 39056K [0x0000000700000000, 0x0000000800000000)
  region size 2048K, 2 young (4096K), 1 survivors (2048K)
 Metaspace       used 48119K, committed 49792K, reserved 1114112K
  class space    used 6932K, committed 7744K, reserved 1048576K
}
Event: 874.204 GC heap after
{Heap after GC invocations=17 (full 0):
 garbage-first heap   total 90112K, used 38975K [0x0000000700000000, 0x0000000800000000)
  region size 2048K, 1 young (2048K), 1 survivors (2048K)
 Metaspace       used 48119K, committed 49792K, reserved 1114112K
  class space    used 6932K, committed 7744K, reserved 1048576K
}
Event: 1226.794 GC heap before
{Heap before GC invocations=17 (full 0):
 garbage-first heap   total 90112K, used 69695K [0x0000000700000000, 0x0000000800000000)
  region size 2048K, 17 young (34816K), 1 survivors (2048K)
 Metaspace       used 48158K, committed 49792K, reserved 1114112K
  class space    used 6933K, committed 7744K, reserved 1048576K
}
Event: 1226.952 GC heap after
{Heap after GC invocations=18 (full 0):
 garbage-first heap   total 90112K, used 38933K [0x0000000700000000, 0x0000000800000000)
  region size 2048K, 1 young (2048K), 1 survivors (2048K)
 Metaspace       used 48158K, committed 49792K, reserved 1114112K
  class space    used 6933K, committed 7744K, reserved 1048576K
}

Dll operation events (20 events):
Event: 1.024 Attempting to load shared library C:\Users\NAGARAJU\.antigravity-ide\extensions\redhat.java-1.56.0-win32-x64\jre\21.0.12.1-win32-x86_64\bin\nio.dll
Event: 1.026 Loaded shared library C:\Users\NAGARAJU\.antigravity-ide\extensions\redhat.java-1.56.0-win32-x64\jre\21.0.12.1-win32-x86_64\bin\nio.dll
Event: 1.032 Attempting to load shared library C:\Users\NAGARAJU\.antigravity-ide\extensions\redhat.java-1.56.0-win32-x64\jre\21.0.12.1-win32-x86_64\bin\zip.dll
Event: 1.032 Loaded shared library C:\Users\NAGARAJU\.antigravity-ide\extensions\redhat.java-1.56.0-win32-x64\jre\21.0.12.1-win32-x86_64\bin\zip.dll
Event: 2.765 Attempting to load shared library C:\Users\NAGARAJU\.antigravity-ide\extensions\redhat.java-1.56.0-win32-x64\jre\21.0.12.1-win32-x86_64\bin\jimage.dll
Event: 2.765 Loaded shared library C:\Users\NAGARAJU\.antigravity-ide\extensions\redhat.java-1.56.0-win32-x64\jre\21.0.12.1-win32-x86_64\bin\jimage.dll
Event: 4.014 Attempting to load shared library C:\Users\NAGARAJU\.antigravity-ide\extensions\redhat.java-1.56.0-win32-x64\jre\21.0.12.1-win32-x86_64\bin\verify.dll
Event: 4.015 Loaded shared library C:\Users\NAGARAJU\.antigravity-ide\extensions\redhat.java-1.56.0-win32-x64\jre\21.0.12.1-win32-x86_64\bin\verify.dll
Event: 5.113 Attempting to load shared library C:\Users\NAGARAJU\.gradle\native\1def1411415f61bf3af743bc5b6707747c0891f09f0c88961ee8f79bc544acac\windows-amd64\native-platform.dll
Event: 5.114 Loaded shared library C:\Users\NAGARAJU\.gradle\native\1def1411415f61bf3af743bc5b6707747c0891f09f0c88961ee8f79bc544acac\windows-amd64\native-platform.dll
Event: 5.196 Attempting to load shared library C:\Users\NAGARAJU\.gradle\native\0.2.7\x86_64-windows-gnu\gradle-fileevents.dll
Event: 5.198 Loaded shared library C:\Users\NAGARAJU\.gradle\native\0.2.7\x86_64-windows-gnu\gradle-fileevents.dll
Event: 12.718 Attempting to load shared library C:\Users\NAGARAJU\.antigravity-ide\extensions\redhat.java-1.56.0-win32-x64\jre\21.0.12.1-win32-x86_64\bin\management.dll
Event: 12.750 Loaded shared library C:\Users\NAGARAJU\.antigravity-ide\extensions\redhat.java-1.56.0-win32-x64\jre\21.0.12.1-win32-x86_64\bin\management.dll
Event: 12.942 Attempting to load shared library C:\Users\NAGARAJU\.antigravity-ide\extensions\redhat.java-1.56.0-win32-x64\jre\21.0.12.1-win32-x86_64\bin\management_ext.dll
Event: 12.944 Loaded shared library C:\Users\NAGARAJU\.antigravity-ide\extensions\redhat.java-1.56.0-win32-x64\jre\21.0.12.1-win32-x86_64\bin\management_ext.dll
Event: 15.788 Attempting to load shared library C:\Users\NAGARAJU\.antigravity-ide\extensions\redhat.java-1.56.0-win32-x64\jre\21.0.12.1-win32-x86_64\bin\extnet.dll
Event: 15.789 Loaded shared library C:\Users\NAGARAJU\.antigravity-ide\extensions\redhat.java-1.56.0-win32-x64\jre\21.0.12.1-win32-x86_64\bin\extnet.dll
Event: 17.279 Attempting to load shared library C:\Users\NAGARAJU\.antigravity-ide\extensions\redhat.java-1.56.0-win32-x64\jre\21.0.12.1-win32-x86_64\bin\sunmscapi.dll
Event: 17.288 Loaded shared library C:\Users\NAGARAJU\.antigravity-ide\extensions\redhat.java-1.56.0-win32-x64\jre\21.0.12.1-win32-x86_64\bin\sunmscapi.dll

Deoptimization events (20 events):
Event: 1137.744 Thread 0x0000025c7fa4cc50 Uncommon trap: trap_request=0xffffff45 fr.pc=0x0000025c7600fe94 relative=0x0000000000000074
Event: 1137.754 Thread 0x0000025c7fa4cc50 Uncommon trap: reason=unstable_if action=reinterpret pc=0x0000025c7600fe94 method=org.gradle.launcher.daemon.registry.PersistentDaemonRegistry$1.isSatisfiedBy(Lorg/gradle/launcher/daemon/registry/DaemonInfo;)Z @ 7 c2
Event: 1137.754 Thread 0x0000025c7fa4cc50 DEOPT PACKING pc=0x0000025c7600fe94 sp=0x00000063666fed10
Event: 1137.936 Thread 0x0000025c7fa4cc50 DEOPT UNPACKING pc=0x0000025c75754422 sp=0x00000063666fec40 mode 2
Event: 1156.599 Thread 0x0000025c4b2b9790 DEOPT PACKING pc=0x0000025c6eafa8fb sp=0x0000006366af3830
Event: 1156.602 Thread 0x0000025c4b2b9790 DEOPT UNPACKING pc=0x0000025c75754bc2 sp=0x0000006366af2cd0 mode 3
Event: 1307.102 Thread 0x0000025c4b2b9790 Uncommon trap: trap_request=0xffffff76 fr.pc=0x0000025c75f6383c relative=0x000000000000027c
Event: 1307.119 Thread 0x0000025c4b2b9790 Uncommon trap: reason=predicate action=maybe_recompile pc=0x0000025c75f6383c method=sun.instrument.TransformerManager.transform(Ljava/lang/Module;Ljava/lang/ClassLoader;Ljava/lang/String;Ljava/lang/Class;Ljava/security/ProtectionDomain;[B)[B @ 21 c2
Event: 1307.149 Thread 0x0000025c4b2b9790 DEOPT PACKING pc=0x0000025c75f6383c sp=0x0000006366af5b20
Event: 1307.158 Thread 0x0000025c4b2b9790 DEOPT UNPACKING pc=0x0000025c75754422 sp=0x0000006366af59f0 mode 2
Event: 1307.220 Thread 0x0000025c4b2b9790 Uncommon trap: trap_request=0xffffff45 fr.pc=0x0000025c75f63ffc relative=0x00000000000000dc
Event: 1307.220 Thread 0x0000025c4b2b9790 Uncommon trap: reason=unstable_if action=reinterpret pc=0x0000025c75f63ffc method=org.gradle.internal.instrumentation.agent.DefaultClassFileTransformer.transform(Ljava/lang/ClassLoader;Ljava/lang/String;Ljava/lang/Class;Ljava/security/ProtectionDomain;[B)
Event: 1307.220 Thread 0x0000025c4b2b9790 DEOPT PACKING pc=0x0000025c75f63ffc sp=0x0000006366af5960
Event: 1307.222 Thread 0x0000025c4b2b9790 DEOPT UNPACKING pc=0x0000025c75754422 sp=0x0000006366af58d0 mode 2
Event: 1308.999 Thread 0x0000025c4b2b9790 Uncommon trap: trap_request=0xffffff76 fr.pc=0x0000025c75f6306c relative=0x000000000000022c
Event: 1308.999 Thread 0x0000025c4b2b9790 Uncommon trap: reason=predicate action=maybe_recompile pc=0x0000025c75f6306c method=sun.instrument.TransformerManager.transform(Ljava/lang/Module;Ljava/lang/ClassLoader;Ljava/lang/String;Ljava/lang/Class;Ljava/security/ProtectionDomain;[B)[B @ 21 c2
Event: 1308.999 Thread 0x0000025c4b2b9790 DEOPT PACKING pc=0x0000025c75f6306c sp=0x0000006366af4e20
Event: 1309.000 Thread 0x0000025c4b2b9790 DEOPT UNPACKING pc=0x0000025c75754422 sp=0x0000006366af4dc8 mode 2
Event: 1309.708 Thread 0x0000025c4b2b9790 DEOPT PACKING pc=0x0000025c6e9a22b2 sp=0x0000006366af5b00
Event: 1309.708 Thread 0x0000025c4b2b9790 DEOPT UNPACKING pc=0x0000025c75754bc2 sp=0x0000006366af4fe0 mode 0

Classes loaded (20 events):
Event: 513.225 Loading class jdk/internal/reflect/ClassDefiner
Event: 513.226 Loading class jdk/internal/reflect/ClassDefiner done
Event: 513.226 Loading class jdk/internal/reflect/ClassDefiner$1
Event: 513.226 Loading class jdk/internal/reflect/ClassDefiner$1 done
Event: 513.260 Loading class jdk/internal/reflect/SerializationConstructorAccessorImpl
Event: 513.260 Loading class jdk/internal/reflect/SerializationConstructorAccessorImpl done
Event: 636.967 Loading class java/nio/channels/Channels
Event: 636.990 Loading class java/nio/channels/Channels done
Event: 636.992 Loading class sun/nio/ch/Streams
Event: 637.002 Loading class sun/nio/ch/Streams done
Event: 637.002 Loading class sun/nio/ch/ChannelInputStream
Event: 637.024 Loading class sun/nio/ch/ChannelInputStream done
Event: 1287.723 Loading class java/util/stream/SortedOps
Event: 1287.836 Loading class java/util/stream/SortedOps done
Event: 1287.836 Loading class java/util/stream/SortedOps$OfRef
Event: 1287.865 Loading class java/util/stream/SortedOps$OfRef done
Event: 1287.937 Loading class java/util/stream/SortedOps$SizedRefSortingSink
Event: 1287.953 Loading class java/util/stream/SortedOps$AbstractRefSortingSink
Event: 1287.964 Loading class java/util/stream/SortedOps$AbstractRefSortingSink done
Event: 1287.964 Loading class java/util/stream/SortedOps$SizedRefSortingSink done

Classes unloaded (0 events):
No events

Classes redefined (0 events):
No events

Internal exceptions (20 events):
Event: 482.762 Thread 0x0000025c4b2b9790 Exception <a 'java/lang/NoSuchMethodError'{0x0000000704e77e08}: 'java.lang.Object java.lang.invoke.DirectMethodHandle$Holder.newInvokeSpecial(java.lang.Object, java.lang.Object, java.lang.Object, long, java.lang.Object)'> (0x0000000704e77e08) 
thrown [s\src\hotspot\share\interpreter\linkResolver.cpp, line 773]
Event: 482.769 Thread 0x0000025c4b2b9790 Exception <a 'java/lang/NoSuchMethodError'{0x0000000704e7d198}: 'java.lang.Object java.lang.invoke.DirectMethodHandle$Holder.invokeSpecial(java.lang.Object, java.lang.Object, java.lang.Object, java.lang.Object, long, java.lang.Object)'> (0x0000000704e7d198) 
thrown [s\src\hotspot\share\interpreter\linkResolver.cpp, line 773]
Event: 482.770 Thread 0x0000025c4b2b9790 Exception <a 'java/lang/NoSuchMethodError'{0x0000000704e81bf8}: 'java.lang.Object java.lang.invoke.Invokers$Holder.linkToTargetMethod(java.lang.Object, java.lang.Object, long, java.lang.Object, java.lang.Object)'> (0x0000000704e81bf8) 
thrown [s\src\hotspot\share\interpreter\linkResolver.cpp, line 773]
Event: 484.685 Thread 0x0000025c4b2b9790 Exception <a 'java/lang/NoSuchMethodError'{0x0000000704ceddd8}: 'java.lang.Object java.lang.invoke.DirectMethodHandle$Holder.newInvokeSpecial(java.lang.Object, java.lang.Object, java.lang.Object, java.lang.Object, java.lang.Object, java.lang.Object, java.lang.Object, java.lang.Object, java.lang.Object, java.lang.Object, java.lang.Object, java.lang.Object, java.lang.Object, java.lang.Object, java.lang.Object, java.lang.Object, java.lang.Object, java.lang.Object, java.lang.Object, java.lang.Object, java.lang
Event: 488.207 Thread 0x0000025c4b2b9790 Implicit null exception at 0x0000025c75edf67c to 0x0000025c75edf734
Event: 490.972 Thread 0x0000025c4b2b9790 Exception <a 'java/lang/NoSuchMethodError'{0x0000000704444fb8}: 'java.lang.Object java.lang.invoke.DirectMethodHandle$Holder.newInvokeSpecial(java.lang.Object, java.lang.Object, java.lang.Object, int, java.lang.Object)'> (0x0000000704444fb8) 
thrown [s\src\hotspot\share\interpreter\linkResolver.cpp, line 773]
Event: 490.974 Thread 0x0000025c4b2b9790 Exception <a 'java/lang/NoSuchMethodError'{0x0000000704449c50}: 'java.lang.Object java.lang.invoke.Invokers$Holder.linkToTargetMethod(java.lang.Object, java.lang.Object, int, java.lang.Object, java.lang.Object)'> (0x0000000704449c50) 
thrown [s\src\hotspot\share\interpreter\linkResolver.cpp, line 773]
Event: 493.271 Thread 0x0000025c4b2b9790 Exception <a 'java/lang/NoSuchMethodError'{0x00000007043918c8}: 'java.lang.Object java.lang.invoke.DirectMethodHandle$Holder.newInvokeSpecial(java.lang.Object, int, java.lang.Object)'> (0x00000007043918c8) 
thrown [s\src\hotspot\share\interpreter\linkResolver.cpp, line 773]
Event: 504.029 Thread 0x0000025c4b2b9790 Exception <a 'java/lang/NoSuchMethodError'{0x000000070387c680}: 'java.lang.Object java.lang.invoke.DirectMethodHandle$Holder.newInvokeSpecial(java.lang.Object, java.lang.Object, java.lang.Object, int)'> (0x000000070387c680) 
thrown [s\src\hotspot\share\interpreter\linkResolver.cpp, line 773]
Event: 504.032 Thread 0x0000025c4b2b9790 Exception <a 'java/lang/NoSuchMethodError'{0x0000000703881468}: 'java.lang.Object java.lang.invoke.Invokers$Holder.linkToTargetMethod(java.lang.Object, java.lang.Object, int, java.lang.Object)'> (0x0000000703881468) 
thrown [s\src\hotspot\share\interpreter\linkResolver.cpp, line 773]
Event: 505.946 Thread 0x0000025c4b2b9790 Exception <a 'java/lang/NoSuchMethodError'{0x00000007037339c0}: 'int java.lang.invoke.DirectMethodHandle$Holder.invokeSpecialIFC(java.lang.Object, java.lang.Object, java.lang.Object)'> (0x00000007037339c0) 
thrown [s\src\hotspot\share\interpreter\linkResolver.cpp, line 773]
Event: 508.382 Thread 0x0000025c4b2b9790 Exception <a 'java/lang/NoSuchMethodError'{0x00000007033d4788}: 'java.lang.Object java.lang.invoke.DirectMethodHandle$Holder.newInvokeSpecial(java.lang.Object, java.lang.Object, long, java.lang.Object)'> (0x00000007033d4788) 
thrown [s\src\hotspot\share\interpreter\linkResolver.cpp, line 773]
Event: 508.390 Thread 0x0000025c4b2b9790 Exception <a 'java/lang/NoSuchMethodError'{0x00000007033d9a08}: 'java.lang.Object java.lang.invoke.DirectMethodHandle$Holder.invokeSpecial(java.lang.Object, java.lang.Object, java.lang.Object, long, java.lang.Object)'> (0x00000007033d9a08) 
thrown [s\src\hotspot\share\interpreter\linkResolver.cpp, line 773]
Event: 508.396 Thread 0x0000025c4b2b9790 Exception <a 'java/lang/NoSuchMethodError'{0x00000007033de608}: 'java.lang.Object java.lang.invoke.Invokers$Holder.linkToTargetMethod(java.lang.Object, long, java.lang.Object, java.lang.Object)'> (0x00000007033de608) 
thrown [s\src\hotspot\share\interpreter\linkResolver.cpp, line 773]
Event: 508.409 Thread 0x0000025c4b2b9790 Exception <a 'java/lang/NoSuchMethodError'{0x0000000703007870}: 'void java.lang.invoke.DirectMethodHandle$Holder.invokeStatic(java.lang.Object, java.lang.Object, java.lang.Object, int, java.lang.Object)'> (0x0000000703007870) 
thrown [s\src\hotspot\share\interpreter\linkResolver.cpp, line 773]
Event: 509.233 Thread 0x0000025c4b2b9790 Exception <a 'java/lang/NoSuchMethodError'{0x00000007031d4750}: 'int java.lang.invoke.DirectMethodHandle$Holder.invokeInterface(java.lang.Object, java.lang.Object, java.lang.Object, java.lang.Object, java.lang.Object)'> (0x00000007031d4750) 
thrown [s\src\hotspot\share\interpreter\linkResolver.cpp, line 773]
Event: 509.857 Thread 0x0000025c4b2b9790 Exception <a 'java/lang/NoSuchMethodError'{0x000000070625e510}: 'java.lang.Object java.lang.invoke.DirectMethodHandle$Holder.invokeSpecial(java.lang.Object, java.lang.Object, long, java.lang.Object, java.lang.Object)'> (0x000000070625e510) 
thrown [s\src\hotspot\share\interpreter\linkResolver.cpp, line 773]
Event: 513.274 Thread 0x0000025c4b2b9790 Exception <a 'java/lang/NoSuchMethodError'{0x0000000705eafb28}: 'java.lang.Object java.lang.invoke.DirectMethodHandle$Holder.newInvokeSpecial(java.lang.Object, java.lang.Object, java.lang.Object, java.lang.Object, int, java.lang.Object)'> (0x0000000705eafb28) 
thrown [s\src\hotspot\share\interpreter\linkResolver.cpp, line 773]
Event: 513.275 Thread 0x0000025c4b2b9790 Exception <a 'java/lang/NoSuchMethodError'{0x0000000705eb8888}: 'java.lang.Object java.lang.invoke.Invokers$Holder.linkToTargetMethod(java.lang.Object, java.lang.Object, java.lang.Object, int, java.lang.Object, java.lang.Object)'> (0x0000000705eb8888) 
thrown [s\src\hotspot\share\interpreter\linkResolver.cpp, line 773]
Event: 639.386 Thread 0x0000025c4b2b9790 Exception <a 'java/lang/NoSuchMethodError'{0x0000000704009d38}: 'java.lang.Object java.lang.invoke.DirectMethodHandle$Holder.invokeSpecialIFC(java.lang.Object, java.lang.Object, java.lang.Object)'> (0x0000000704009d38) 
thrown [s\src\hotspot\share\interpreter\linkResolver.cpp, line 773]

ZGC Phase Switch (0 events):
No events

VM Operations (20 events):
Event: 1287.623 Executing safepoint VM operation: Cleanup
Event: 1287.639 Executing safepoint VM operation: Cleanup done
Event: 1288.641 Executing safepoint VM operation: Cleanup
Event: 1288.641 Executing safepoint VM operation: Cleanup done
Event: 1297.683 Executing safepoint VM operation: Cleanup
Event: 1297.714 Executing safepoint VM operation: Cleanup done
Event: 1303.758 Executing safepoint VM operation: Cleanup
Event: 1303.758 Executing safepoint VM operation: Cleanup done
Event: 1305.776 Executing safepoint VM operation: Cleanup
Event: 1305.822 Executing safepoint VM operation: Cleanup done
Event: 1306.830 Executing safepoint VM operation: Cleanup
Event: 1306.846 Executing safepoint VM operation: Cleanup done
Event: 1307.850 Executing safepoint VM operation: Cleanup
Event: 1307.865 Executing safepoint VM operation: Cleanup done
Event: 1309.882 Executing safepoint VM operation: Cleanup
Event: 1309.883 Executing safepoint VM operation: Cleanup done
Event: 1310.886 Executing safepoint VM operation: Cleanup
Event: 1310.934 Executing safepoint VM operation: Cleanup done
Event: 1311.945 Executing safepoint VM operation: Cleanup
Event: 1312.923 Executing safepoint VM operation: Cleanup done

Memory protections (0 events):
No events

Nmethod flushes (20 events):
Event: 88.255 Thread 0x0000025c7eef1ce0 flushing  nmethod 0x0000025c6e517790
Event: 88.255 Thread 0x0000025c7eef1ce0 flushing  nmethod 0x0000025c6e518190
Event: 88.255 Thread 0x0000025c7eef1ce0 flushing  nmethod 0x0000025c6e518d90
Event: 88.255 Thread 0x0000025c7eef1ce0 flushing  nmethod 0x0000025c6e519490
Event: 88.255 Thread 0x0000025c7eef1ce0 flushing  nmethod 0x0000025c6e51a110
Event: 88.255 Thread 0x0000025c7eef1ce0 flushing  nmethod 0x0000025c6e51b490
Event: 88.255 Thread 0x0000025c7eef1ce0 flushing  nmethod 0x0000025c6e564090
Event: 88.255 Thread 0x0000025c7eef1ce0 flushing  nmethod 0x0000025c6e564810
Event: 88.255 Thread 0x0000025c7eef1ce0 flushing  nmethod 0x0000025c6e565490
Event: 88.255 Thread 0x0000025c7eef1ce0 flushing  nmethod 0x0000025c6e566710
Event: 88.255 Thread 0x0000025c7eef1ce0 flushing  nmethod 0x0000025c6e567310
Event: 88.255 Thread 0x0000025c7eef1ce0 flushing  nmethod 0x0000025c6e569b90
Event: 88.255 Thread 0x0000025c7eef1ce0 flushing  nmethod 0x0000025c6e578d90
Event: 88.255 Thread 0x0000025c7eef1ce0 flushing  nmethod 0x0000025c6e5a6d90
Event: 88.255 Thread 0x0000025c7eef1ce0 flushing  nmethod 0x0000025c6e5fb390
Event: 88.255 Thread 0x0000025c7eef1ce0 flushing  nmethod 0x0000025c6e5fbc90
Event: 88.255 Thread 0x0000025c7eef1ce0 flushing  nmethod 0x0000025c6e602990
Event: 88.255 Thread 0x0000025c7eef1ce0 flushing  nmethod 0x0000025c6e602c90
Event: 88.255 Thread 0x0000025c7eef1ce0 flushing  nmethod 0x0000025c6e640110
Event: 88.255 Thread 0x0000025c7eef1ce0 flushing  nmethod 0x0000025c6e73ba90

Events (20 events):
Event: 392.049 Thread 0x0000025c4c970590 Thread exited: 0x0000025c4c970590
Event: 400.658 Thread 0x0000025c4b2b8a70 Thread added: 0x0000025c4c970590
Event: 510.983 Thread 0x0000025c4c970590 Thread exited: 0x0000025c4c970590
Event: 511.867 Thread 0x0000025c4b2b9790 Thread added: 0x0000025c4c96ff00
Event: 511.869 Thread 0x0000025c4b2b9790 Thread added: 0x0000025c4c970590
Event: 513.322 Thread 0x0000025c4b2b8a70 Thread added: 0x0000025c4b2ba4b0
Event: 536.270 Thread 0x0000025c4b2b9790 Thread added: 0x0000025c4bfa83e0
Event: 597.188 Thread 0x0000025c4b2ba4b0 Thread exited: 0x0000025c4b2ba4b0
Event: 634.733 Thread 0x0000025c4b2b8a70 Thread added: 0x0000025c4bfa8a70
Event: 635.142 Thread 0x0000025c4b2b9790 Thread added: 0x0000025c4bfa9100
Event: 639.399 Thread 0x0000025c4b2b9790 Thread added: 0x0000025c4bfa9790
Event: 639.401 Thread 0x0000025c4b2b9790 Thread added: 0x0000025c4bfa9e20
Event: 701.616 Thread 0x0000025c4bfa8a70 Thread exited: 0x0000025c4bfa8a70
Event: 761.523 Thread 0x0000025c4b2b8a70 Thread added: 0x0000025c4bfa69a0
Event: 934.951 Thread 0x0000025c4bfa69a0 Thread exited: 0x0000025c4bfa69a0
Event: 957.573 Thread 0x0000025c4b2b8a70 Thread added: 0x0000025c4bfa69a0
Event: 1021.545 Thread 0x0000025c4bfa69a0 Thread exited: 0x0000025c4bfa69a0
Event: 1156.394 Thread 0x0000025c4b2b8a70 Thread added: 0x0000025c4bfa8a70
Event: 1221.242 Thread 0x0000025c4bfa8a70 Thread exited: 0x0000025c4bfa8a70
Event: 1238.376 Thread 0x0000025c4b2b8a70 Thread added: 0x0000025c4bfa8a70


Dynamic libraries:
0x00007ff6aa6f0000 - 0x00007ff6aa6fe000 	C:\Users\NAGARAJU\.antigravity-ide\extensions\redhat.java-1.56.0-win32-x64\jre\21.0.12.1-win32-x86_64\bin\java.exe
0x00007ff8fb240000 - 0x00007ff8fb4a6000 	C:\WINDOWS\SYSTEM32\ntdll.dll
0x00007ff8fa310000 - 0x00007ff8fa3d9000 	C:\WINDOWS\System32\KERNEL32.DLL
0x00007ff8f8530000 - 0x00007ff8f892f000 	C:\WINDOWS\System32\KERNELBASE.dll
0x00007ff8f8e10000 - 0x00007ff8f8f5c000 	C:\WINDOWS\System32\ucrtbase.dll
0x00007ff8e9d90000 - 0x00007ff8e9da8000 	C:\Users\NAGARAJU\.antigravity-ide\extensions\redhat.java-1.56.0-win32-x64\jre\21.0.12.1-win32-x86_64\bin\jli.dll
0x00007ff8f9240000 - 0x00007ff8f9406000 	C:\WINDOWS\System32\USER32.dll
0x00007ff8f8450000 - 0x00007ff8f8477000 	C:\WINDOWS\System32\win32u.dll
0x00007ff8fa2e0000 - 0x00007ff8fa30b000 	C:\WINDOWS\System32\GDI32.dll
0x00007ff8f8ad0000 - 0x00007ff8f8bf9000 	C:\WINDOWS\System32\gdi32full.dll
0x00007ff8f8480000 - 0x00007ff8f8523000 	C:\WINDOWS\System32\msvcp_win.dll
0x00007ff8f3200000 - 0x00007ff8f321e000 	C:\Users\NAGARAJU\.antigravity-ide\extensions\redhat.java-1.56.0-win32-x64\jre\21.0.12.1-win32-x86_64\bin\VCRUNTIME140.dll
0x00007ff8e1270000 - 0x00007ff8e1501000 	C:\WINDOWS\WinSxS\amd64_microsoft.windows.common-controls_6595b64144ccf1df_6.0.26100.8972_none_3e0da176e32f9d4b\COMCTL32.dll
0x00007ff8fa7b0000 - 0x00007ff8fa859000 	C:\WINDOWS\System32\msvcrt.dll
0x00007ff8fb0f0000 - 0x00007ff8fb122000 	C:\WINDOWS\System32\IMM32.DLL
0x00007ff8f31a0000 - 0x00007ff8f31ac000 	C:\Users\NAGARAJU\.antigravity-ide\extensions\redhat.java-1.56.0-win32-x64\jre\21.0.12.1-win32-x86_64\bin\vcruntime140_1.dll
0x00007ff8db580000 - 0x00007ff8db60d000 	C:\Users\NAGARAJU\.antigravity-ide\extensions\redhat.java-1.56.0-win32-x64\jre\21.0.12.1-win32-x86_64\bin\msvcp140.dll
0x00007ff809720000 - 0x00007ff80a4c2000 	C:\Users\NAGARAJU\.antigravity-ide\extensions\redhat.java-1.56.0-win32-x64\jre\21.0.12.1-win32-x86_64\bin\server\jvm.dll
0x00007ff8fb130000 - 0x00007ff8fb1ec000 	C:\WINDOWS\System32\ADVAPI32.dll
0x00007ff8fb040000 - 0x00007ff8fb0ea000 	C:\WINDOWS\System32\sechost.dll
0x00007ff8f8f70000 - 0x00007ff8f9088000 	C:\WINDOWS\System32\RPCRT4.dll
0x00007ff8fa250000 - 0x00007ff8fa2d2000 	C:\WINDOWS\System32\WS2_32.dll
0x00007ff8f82b0000 - 0x00007ff8f830e000 	C:\WINDOWS\SYSTEM32\POWRPROF.dll
0x00007ff8f1dc0000 - 0x00007ff8f1df6000 	C:\WINDOWS\SYSTEM32\WINMM.dll
0x00007ff8f1e00000 - 0x00007ff8f1e0b000 	C:\WINDOWS\SYSTEM32\VERSION.dll
0x00007ff8f8290000 - 0x00007ff8f82a5000 	C:\WINDOWS\SYSTEM32\UMPDC.dll
0x00007ff8f7140000 - 0x00007ff8f715b000 	C:\WINDOWS\SYSTEM32\kernel.appcore.dll
0x00007ff8dcb50000 - 0x00007ff8dcb5a000 	C:\Users\NAGARAJU\.antigravity-ide\extensions\redhat.java-1.56.0-win32-x64\jre\21.0.12.1-win32-x86_64\bin\jimage.dll
0x00007ff8ec240000 - 0x00007ff8ec482000 	C:\WINDOWS\SYSTEM32\DBGHELP.DLL
0x00007ff8f9ec0000 - 0x00007ff8fa245000 	C:\WINDOWS\System32\combase.dll
0x00007ff8fa9f0000 - 0x00007ff8faac9000 	C:\WINDOWS\System32\OLEAUT32.dll
0x00007ff8dc630000 - 0x00007ff8dc66b000 	C:\WINDOWS\SYSTEM32\dbgcore.DLL
0x00007ff8f8cc0000 - 0x00007ff8f8d6c000 	C:\WINDOWS\System32\bcryptPrimitives.dll
0x00007ff8dcb40000 - 0x00007ff8dcb4f000 	C:\Users\NAGARAJU\.antigravity-ide\extensions\redhat.java-1.56.0-win32-x64\jre\21.0.12.1-win32-x86_64\bin\instrument.dll
0x00007ff8dcb00000 - 0x00007ff8dcb20000 	C:\Users\NAGARAJU\.antigravity-ide\extensions\redhat.java-1.56.0-win32-x64\jre\21.0.12.1-win32-x86_64\bin\java.dll
0x00007ff8f9730000 - 0x00007ff8f9eb8000 	C:\WINDOWS\System32\SHELL32.dll
0x00007ff8f5f20000 - 0x00007ff8f67bb000 	C:\WINDOWS\SYSTEM32\windows.storage.dll
0x00007ff8f95d0000 - 0x00007ff8f96c9000 	C:\WINDOWS\System32\SHCORE.dll
0x00007ff8fa690000 - 0x00007ff8fa6f6000 	C:\WINDOWS\System32\shlwapi.dll
0x00007ff8f8370000 - 0x00007ff8f8399000 	C:\WINDOWS\SYSTEM32\profapi.dll
0x00007ff8db620000 - 0x00007ff8db638000 	C:\Users\NAGARAJU\.antigravity-ide\extensions\redhat.java-1.56.0-win32-x64\jre\21.0.12.1-win32-x86_64\bin\zip.dll
0x00007ff8dc0f0000 - 0x00007ff8dc100000 	C:\Users\NAGARAJU\.antigravity-ide\extensions\redhat.java-1.56.0-win32-x64\jre\21.0.12.1-win32-x86_64\bin\net.dll
0x00007ff8ee090000 - 0x00007ff8ee1b8000 	C:\WINDOWS\SYSTEM32\WINHTTP.dll
0x00007ff8f76f0000 - 0x00007ff8f775c000 	C:\WINDOWS\system32\mswsock.dll
0x00007ff8dcb20000 - 0x00007ff8dcb36000 	C:\Users\NAGARAJU\.antigravity-ide\extensions\redhat.java-1.56.0-win32-x64\jre\21.0.12.1-win32-x86_64\bin\nio.dll
0x00007ff8dc120000 - 0x00007ff8dc130000 	C:\Users\NAGARAJU\.antigravity-ide\extensions\redhat.java-1.56.0-win32-x64\jre\21.0.12.1-win32-x86_64\bin\verify.dll
0x00007ff86e570000 - 0x00007ff86e597000 	C:\Users\NAGARAJU\.gradle\native\1def1411415f61bf3af743bc5b6707747c0891f09f0c88961ee8f79bc544acac\windows-amd64\native-platform.dll
0x00007ff8956e0000 - 0x00007ff895758000 	C:\Users\NAGARAJU\.gradle\native\0.2.7\x86_64-windows-gnu\gradle-fileevents.dll
0x00007ff8f3230000 - 0x00007ff8f323a000 	C:\Users\NAGARAJU\.antigravity-ide\extensions\redhat.java-1.56.0-win32-x64\jre\21.0.12.1-win32-x86_64\bin\management.dll
0x00007ff8dc0b0000 - 0x00007ff8dc0bc000 	C:\Users\NAGARAJU\.antigravity-ide\extensions\redhat.java-1.56.0-win32-x64\jre\21.0.12.1-win32-x86_64\bin\management_ext.dll
0x00007ff8fa3e0000 - 0x00007ff8fa3e8000 	C:\WINDOWS\System32\PSAPI.DLL
0x00007ff8f6af0000 - 0x00007ff8f6b23000 	C:\WINDOWS\SYSTEM32\IPHLPAPI.DLL
0x00007ff8f9090000 - 0x00007ff8f909a000 	C:\WINDOWS\System32\NSI.dll
0x00007ff8dc100000 - 0x00007ff8dc109000 	C:\Users\NAGARAJU\.antigravity-ide\extensions\redhat.java-1.56.0-win32-x64\jre\21.0.12.1-win32-x86_64\bin\extnet.dll
0x00007ff8f79e0000 - 0x00007ff8f79fb000 	C:\WINDOWS\SYSTEM32\CRYPTSP.dll
0x00007ff8f70a0000 - 0x00007ff8f70d9000 	C:\WINDOWS\system32\rsaenh.dll
0x00007ff8f77a0000 - 0x00007ff8f77d2000 	C:\WINDOWS\SYSTEM32\USERENV.dll
0x00007ff8f8340000 - 0x00007ff8f836a000 	C:\WINDOWS\SYSTEM32\bcrypt.dll
0x00007ff8f7a00000 - 0x00007ff8f7a0c000 	C:\WINDOWS\SYSTEM32\CRYPTBASE.dll
0x00007ff8dc110000 - 0x00007ff8dc11e000 	C:\Users\NAGARAJU\.antigravity-ide\extensions\redhat.java-1.56.0-win32-x64\jre\21.0.12.1-win32-x86_64\bin\sunmscapi.dll
0x00007ff8f8940000 - 0x00007ff8f8abe000 	C:\WINDOWS\System32\CRYPT32.dll
0x00007ff8f7c20000 - 0x00007ff8f7c50000 	C:\WINDOWS\SYSTEM32\ncrypt.dll
0x00007ff8f7bd0000 - 0x00007ff8f7c0f000 	C:\WINDOWS\SYSTEM32\NTASN1.dll
0x00007ff8c7b30000 - 0x00007ff8c7b38000 	C:\WINDOWS\system32\wshunix.dll

JVMTI agents:
C:\Users\NAGARAJU\.gradle\wrapper\dists\gradle-8.14.1-bin\baw1sv0jfoi8rxs14qo3h49cs\gradle-8.14.1\lib\agents\gradle-instrumentation-agent-8.14.1.jar path:C:\Users\NAGARAJU\.antigravity-ide\extensions\redhat.java-1.56.0-win32-x64\jre\21.0.12.1-win32-x86_64\bin\instrument.dll, loaded, initialized, instrumentlib options:none

dbghelp: loaded successfully - version: 4.0.5 - missing functions: none
symbol engine: initialized successfully - sym options: 0x614 - pdb path: .;C:\Users\NAGARAJU\.antigravity-ide\extensions\redhat.java-1.56.0-win32-x64\jre\21.0.12.1-win32-x86_64\bin;C:\WINDOWS\SYSTEM32;C:\WINDOWS\WinSxS\amd64_microsoft.windows.common-controls_6595b64144ccf1df_6.0.26100.8972_none_3e0da176e32f9d4b;C:\Users\NAGARAJU\.antigravity-ide\extensions\redhat.java-1.56.0-win32-x64\jre\21.0.12.1-win32-x86_64\bin\server;C:\Users\NAGARAJU\.gradle\native\1def1411415f61bf3af743bc5b6707747c0891f09f0c88961ee8f79bc544acac\windows-amd64;C:\Users\NAGARAJU\.gradle\native\0.2.7\x86_64-windows-gnu

VM Arguments:
jvm_args: --add-opens=java.base/java.lang=ALL-UNNAMED --add-opens=java.base/java.lang.invoke=ALL-UNNAMED --add-opens=java.base/java.util=ALL-UNNAMED --add-opens=java.prefs/java.util.prefs=ALL-UNNAMED --add-exports=jdk.compiler/com.sun.tools.javac.api=ALL-UNNAMED --add-exports=jdk.compiler/com.sun.tools.javac.util=ALL-UNNAMED --add-opens=java.base/java.util=ALL-UNNAMED --add-opens=java.prefs/java.util.prefs=ALL-UNNAMED --add-opens=java.base/java.nio.charset=ALL-UNNAMED --add-opens=java.base/java.net=ALL-UNNAMED --add-opens=java.base/java.util.concurrent.atomic=ALL-UNNAMED --add-opens=java.xml/javax.xml.namespace=ALL-UNNAMED -Xmx4096m -Dfile.encoding=UTF-8 -Duser.country=IN -Duser.language=en -Duser.variant -javaagent:C:\Users\NAGARAJU\.gradle\wrapper\dists\gradle-8.14.1-bin\baw1sv0jfoi8rxs14qo3h49cs\gradle-8.14.1\lib\agents\gradle-instrumentation-agent-8.14.1.jar 
java_command: org.gradle.launcher.daemon.bootstrap.GradleDaemon 8.14.1
java_class_path (initial): C:\Users\NAGARAJU\.gradle\wrapper\dists\gradle-8.14.1-bin\baw1sv0jfoi8rxs14qo3h49cs\gradle-8.14.1\lib\gradle-daemon-main-8.14.1.jar
Launcher Type: SUN_STANDARD

[Global flags]
     intx CICompilerCount                          = 4                                         {product} {ergonomic}
     uint ConcGCThreads                            = 2                                         {product} {ergonomic}
     uint G1ConcRefinementThreads                  = 8                                         {product} {ergonomic}
   size_t G1HeapRegionSize                         = 2097152                                   {product} {ergonomic}
    uintx GCDrainStackTargetSize                   = 64                                        {product} {ergonomic}
   size_t InitialHeapSize                          = 123731968                                 {product} {ergonomic}
   size_t MarkStackSize                            = 4194304                                   {product} {ergonomic}
   size_t MaxHeapSize                              = 4294967296                                {product} {command line}
   size_t MaxNewSize                               = 2575302656                                {product} {ergonomic}
   size_t MinHeapDeltaBytes                        = 2097152                                   {product} {ergonomic}
   size_t MinHeapSize                              = 8388608                                   {product} {ergonomic}
    uintx NonNMethodCodeHeapSize                   = 5839372                                {pd product} {ergonomic}
    uintx NonProfiledCodeHeapSize                  = 122909434                              {pd product} {ergonomic}
    uintx ProfiledCodeHeapSize                     = 122909434                              {pd product} {ergonomic}
    uintx ReservedCodeCacheSize                    = 251658240                              {pd product} {ergonomic}
     bool SegmentedCodeCache                       = true                                      {product} {ergonomic}
   size_t SoftMaxHeapSize                          = 4294967296                             {manageable} {ergonomic}
     bool UseCompressedOops                        = true                           {product lp64_product} {ergonomic}
     bool UseG1GC                                  = true                                      {product} {ergonomic}
     bool UseLargePagesIndividualAllocation        = false                                  {pd product} {ergonomic}

Logging:
Log output configuration:
 #0: stdout all=warning uptime,level,tags foldmultilines=false
 #1: stderr all=off uptime,level,tags foldmultilines=false

Release file:
JAVA_VERSION="21.0.12.1" 
MODULES="java.base java.compiler java.datatransfer java.xml java.prefs java.desktop java.instrument java.logging java.management java.security.sasl java.naming java.rmi java.management.rmi java.net.http java.scripting java.security.jgss java.transaction.xa java.sql java.sql.rowset java.xml.crypto java.se java.smartcardio jdk.accessibility jdk.internal.jvmstat jdk.attach jdk.charsets jdk.internal.opt jdk.zipfs jdk.compiler jdk.crypto.ec jdk.crypto.cryptoki jdk.crypto.mscapi jdk.dynalink jdk.internal.ed jdk.editpad jdk.hotspot.agent jdk.httpserver jdk.internal.le jdk.internal.vm.ci jdk.internal.vm.compiler jdk.internal.vm.compiler.management jdk.jartool jdk.javadoc jdk.jcmd jdk.management jdk.management.agent jdk.jconsole jdk.jdeps jdk.jdwp.agent jdk.jdi jdk.jfr jdk.jshell jdk.jsobject jdk.jstatd jdk.localedata jdk.management.jfr jdk.naming.dns jdk.naming.rmi jdk.net jdk.nio.mapmode jdk.random jdk.sctp jdk.security.auth jdk.security.jgss jdk.unsupported jdk.unsupported.desktop jdk.xml.dom" 

Environment Variables:
JAVA_HOME=C:\Program Files\Eclipse Adoptium\jdk-21.0.11.10-hotspot
PATH=C:\Program Files\Eclipse Adoptium\jdk-21.0.11.10-hotspot\bin;C:\Program Files\Eclipse Adoptium\jdk-11.0.26.4-hotspot\bin;C:\Program Files\Eclipse Adoptium\jdk-17.0.14.7-hotspot\bin;C:\Program Files\Java\jdk-17\bin;C:\Program Files\nodejs;E:\Android\Sdk\platform-tools;E:\Android\Sdk\emulator;E:\Android\Sdk\cmdline-tools\latest\bin;C:\Users\NAGARAJU\AppData\Local\Android\Sdk\platform-tools;C:\Users\NAGARAJU\AppData\Local\Android\Sdk\emulator;C:\Users\NAGARAJU\AppData\Local\Android\Sdk\cmdline-tools\latest\bin;C:\Program Files\Eclipse Adoptium\jdk-21.0.11.10-hotspot\bin;C:\Program Files\Eclipse Adoptium\jdk-11.0.26.4-hotspot\bin;C:\Program Files\Eclipse Adoptium\jdk-17.0.14.7-hotspot\bin;C:\Program Files\Java\jdk-17\bin;C:\Program Files\nodejs;E:\Android\Sdk\platform-tools;E:\Android\Sdk\emulator;E:\Android\Sdk\cmdline-tools\latest\bin;C:\Users\NAGARAJU\AppData\Local\Android\Sdk\platform-tools;C:\Users\NAGARAJU\AppData\Local\Android\Sdk\emulator;C:\Users\NAGARAJU\AppData\Local\Android\Sdk\cmdline-tools\latest\bin;C:\Program Files\Eclipse Adoptium\jdk-21.0.11.10-hotspot\bin;C:\Program Files\Eclipse Adoptium\jdk-11.0.26.4-hotspot\bin;C:\Program Files\Eclipse Adoptium\jdk-17.0.14.7-hotspot\bin;C:\Program Files\Java\jdk-17\bin;C:\Program Files\nodejs;E:\Android\Sdk\platform-tools;E:\Android\Sdk\emulator;E:\Android\Sdk\cmdline-tools\latest\bin;C:\Users\NAGARAJU\AppData\Local\Android\Sdk\platform-tools;C:\Users\NAGARAJU\AppData\Local\Android\Sdk\emulator;C:\Users\NAGARAJU\AppData\Local\Android\Sdk\cmdline-tools\latest\bin;C:\WINDOWS\System32;C:\ProgramData\chocolatey\bin;C:\Program Files\nodejs\;C:\Program Files\Git\cmd;C:\Windows\System32;C:\Windows\System32\WindowsPowerShell\v1.0;C:\Windows\System32\OpenSSH;C:\Windows\System32\WindowsPowerShell\v1.0\;C:\Users\NAGARAJU\Downloads\stripe_1.30.0_windows_x86_64;C:\WINDOWS\system32;C:\WINDOWS;C:\WINDOWS\System32\Wbem;C:\WINDOWS\System32\WindowsPowerShell\v1.0\;C:\WINDOWS\System32\OpenSSH\;C:\ProgramData\chocolatey\bin;C:\Program Files\nodejs\;C:\Program Files\Git\cmd;C:\Windows\System32;C:\Windows\System32\WindowsPowerShell\v1.0;C:\Windows\System32\OpenSSH;C:\Windows\System32\WindowsPowerShell\v1.0\;C:\Users\NAGARAJU\Downloads\stripe_1.30.0_windows_x86_64;C:\WINDOWS\system32;C:\WINDOWS;C:\WINDOWS\System32\Wbem;C:\WINDOWS\System32\WindowsPowerShell\v1.0\;C:\WINDOWS\System32\OpenSSH\;C:\ProgramData\chocolatey\bin;C:\Program Files\nodejs\;C:\Program Files\Git\cmd;C:\Windows\System32;C:\Windows\System32\WindowsPowerShell\v1.0;C:\Windows\System32\OpenSSH;C:\Windows\System32\WindowsPowerShell\v1.0\;C:\Users\NAGARAJU\Downloads\stripe_1.30.0_windows_x86_64;C:\WINDOWS\system32;C:\WINDOWS;C:\WINDOWS\System32\Wbem;C:\WINDOWS\System32\WindowsPowerShell\v1.0\;C:\WINDOWS\System32\OpenSSH\;C:\Program Files\Eclipse Adoptium\jdk-21.0.11.10-hotspot\bin;C:\Program Files\Eclipse Adoptium\jdk-11.0.26.4-hotspot\bin;C:\Program Files\Eclipse Adoptium\jdk-17.0.14.7-hotspot\bin;C:\Program Files\Java\jdk-17\bin;C:\Program Files\nodejs;E:\Android\Sdk\platform-tools;E:\Android\Sdk\emulator;E:\Android\Sdk\cmdline-tools\latest\bin;C:\Users\NAGARAJU\AppData\Local\Android\Sdk\platform-tools;C:\Users\NAGARAJU\AppData\Local\Android\Sdk\emulator;C:\Users\NAGARAJU\AppData\Local\Android\Sdk\cmdline-tools\latest\bin;C:\Program Files\Eclipse Adoptium\jdk-21.0.11.10-hotspot\bin;C:\Program Files\Eclipse Adoptium\jdk-11.0.26.4-hotspot\bin;C:\Program Files\Eclipse Adoptium\jdk-17.0.14.7-hotspot\bin;C:\Program Files\Java\jdk-17\bin;C:\Program Files\nodejs;E:\Android\Sdk\platform-tools;E:\Android\Sdk\emulator;E:\Android\Sdk\cmdline-tools\latest\bin;C:\Users\NAGARAJU\AppData\Local\Android\Sdk\platform-tools;C:\Users\NAGARAJU\AppData\Local\Android\Sdk\emulator;C:\Users\NAGARAJU\AppData\Local\Android\Sdk\cmdline-tools\latest\bin;C:\Program Files\Eclipse Adoptium\jdk-21.0.11.10-hotspot\bin;C:\Program Files\Eclipse Adoptium\jdk-11.0.26.4-hotspot\bin;C:\Program Files\Eclipse Adoptium\jdk-17.0.14.7-hotspot\bin;C:\Program Files\Java\jdk-17\bin;C:\Program Files\nodejs;E:\Android\Sdk\platform-tools;E:\Android\Sdk\emulator;E:\Android\Sdk\cmdline-tools\latest\bin;C:\Users\NAGARAJU\AppData\Local\Android\Sdk\platform-tools;C:\Users\NAGARAJU\AppData\Local\Android\Sdk\emulator;C:\Users\NAGARAJU\AppData\Local\Android\Sdk\cmdline-tools\latest\bin;C:\WINDOWS\System32;C:\ProgramData\chocolatey\bin;C:\Program Files\nodejs\;C:\Program Files\Git\cmd;C:\Windows\System32;C:\Windows\System32\WindowsPowerShell\v1.0;C:\Windows\System32\OpenSSH;C:\Windows\System32\WindowsPowerShell\v1.0\;C:\Users\NAGARAJU\Downloads\stripe_1.30.0_windows_x86_64;C:\WINDOWS\system32;C:\WINDOWS;C:\WINDOWS\System32\Wbem;C:\WINDOWS\System32\WindowsPowerShell\v1.0\;C:\WINDOWS\System32\OpenSSH\;C:\ProgramData\chocolatey\bin;C:\Program Files\nodejs\;C:\Program Files\Git\cmd;C:\Windows\System32;C:\Windows\System32\WindowsPowerShell\v1.0;C:\Windows\System32\OpenSSH;C:\Windows\System32\WindowsPowerShell\v1.0\;C:\Users\NAGARAJU\Downloads\stripe_1.30.0_windows_x86_64;C:\WINDOWS\system32;C:\WINDOWS;C:\WINDOWS\System32\Wbem;C:\WINDOWS\System32\WindowsPowerShell\v1.0\;C:\WINDOWS\System32\OpenSSH\;C:\ProgramData\chocolatey\bin;C:\Program Files\nodejs\;C:\Program Files\Git\cmd;C:\Windows\System32;C:\Windows\System32\WindowsPowerShell\v1.0;C:\Windows\System32\OpenSSH;C:\Windows\System32\WindowsPowerShell\v1.0\;C:\Users\NAGARAJU\Downloads\stripe_1.30.0_windows_x86_64;C:\WINDOWS\system32;C:\WINDOWS;C:\WINDOWS\System32\Wbem;C:\WINDOWS\System32\WindowsPowerShell\v1.0\;C:\WINDOWS\System32\OpenSSH\;C:\Users\NAGARAJU\AppData\Local\Android\Sdk\platform-tools;C:\Users\NAGARAJU\AppData\Local\Android\Sdk\cmdline-tools\latest\bin;C:\Users\NAGARAJU\AppData\Roaming\npm;C:\Users\NAGARAJU\AppData\Local\Programs\Microsoft VS Code\bin;C:\Users\NAGARAJU\AppData\Local\Programs\Antigravity IDE\bin;C:\Users\NAGARAJU\AppData\Local\Microsoft\WindowsApps;C:\Users\NAGARAJU\AppData\Local\Kingsoft\WPS Office\12.1.0.27458\clitool
USERNAME=NAGARAJU
OS=Windows_NT
PROCESSOR_IDENTIFIER=AMD64 Family 23 Model 104 Stepping 1, AuthenticAMD
TMP=C:\Users\NAGARAJU\AppData\Local\Temp
TEMP=C:\Users\NAGARAJU\AppData\Local\Temp




Periodic native trim disabled

---------------  S Y S T E M  ---------------

OS:
 Windows 11 , 64 bit Build 26100 (10.0.26100.9168)
OS uptime: 0 days 0:36 hours

CPU: total 8 (initial active 8) (8 cores per cpu, 2 threads per core) family 23 model 104 stepping 1 microcode 0x8608109, cx8, cmov, fxsr, ht, mmx, 3dnowpref, sse, sse2, sse3, ssse3, sse4a, sse4.1, sse4.2, popcnt, lzcnt, tsc, tscinvbit, avx, avx2, aes, clmul, bmi1, bmi2, adx, sha, fma, vzeroupper, clflush, clflushopt, rdtscp, rdpid, f16c
Processor Information for the first 8 processors :
  Max Mhz: 2600, Current Mhz: 2600, Mhz Limit: 2600

Memory: 4k page, system-wide physical 7502M (334M free)
TotalPageFile size 40270M (AvailPageFile size 0M)
current process WorkingSet (physical memory assigned to process): 81M, peak: 201M
current process commit charge ("private bytes"): 285M, peak: 300M

vm_info: OpenJDK 64-Bit Server VM (21.0.12.1+1-LTS) for windows-amd64 JRE (21.0.12.1+1-LTS), built on 2026-08-18T00:00:00Z by "admin" with MS VC++ 17.12 (VS2022)

END.
