#
# There is insufficient memory for the Java Runtime Environment to continue.
# Native memory allocation (malloc) failed to allocate 32744 bytes. Error detail: Chunk::new
# Possible reasons:
#   The system is out of physical RAM or swap space
#   This process is running with CompressedOops enabled, and the Java Heap may be blocking the growth of the native heap
# Possible solutions:
#   Reduce memory load on the system
#   Increase physical memory or swap space
#   Check if swap backing store is full
#   Decrease Java heap size (-Xmx/-Xms)
#   Decrease number of Java threads
#   Decrease Java thread stack sizes (-Xss)
#   Set larger code cache with -XX:ReservedCodeCacheSize=
#   JVM is running with Zero Based Compressed Oops mode in which the Java heap is
#     placed in the first 32GB address space. The Java Heap base address is the
#     maximum limit for the native heap growth. Please use -XX:HeapBaseMinAddress
#     to set the Java Heap base and to place the Java Heap above 32GB virtual address.
# This output file may be truncated or incomplete.
#
#  Out of Memory Error (arena.cpp:168), pid=35572, tid=15156
#
# JRE version: OpenJDK Runtime Environment Temurin-21.0.12.1+1 (21.0.12.1+1) (build 21.0.12.1+1-LTS)
# Java VM: OpenJDK 64-Bit Server VM Temurin-21.0.12.1+1 (21.0.12.1+1-LTS, mixed mode, sharing, tiered, compressed oops, compressed class ptrs, g1 gc, windows-amd64)
# No core dump will be written. Minidumps are not enabled by default on client versions of Windows
#

---------------  S U M M A R Y ------------

Command Line: --add-opens=java.base/java.lang=ALL-UNNAMED --add-opens=java.base/java.lang.invoke=ALL-UNNAMED --add-opens=java.base/java.util=ALL-UNNAMED --add-opens=java.prefs/java.util.prefs=ALL-UNNAMED --add-exports=jdk.compiler/com.sun.tools.javac.api=ALL-UNNAMED --add-exports=jdk.compiler/com.sun.tools.javac.util=ALL-UNNAMED --add-opens=java.base/java.util=ALL-UNNAMED --add-opens=java.prefs/java.util.prefs=ALL-UNNAMED --add-opens=java.base/java.nio.charset=ALL-UNNAMED --add-opens=java.base/java.net=ALL-UNNAMED --add-opens=java.base/java.util.concurrent.atomic=ALL-UNNAMED --add-opens=java.xml/javax.xml.namespace=ALL-UNNAMED -Xmx4096m -Dfile.encoding=UTF-8 -Duser.country=IN -Duser.language=en -Duser.variant -javaagent:C:\Users\NAGARAJU\.gradle\wrapper\dists\gradle-8.14.1-bin\baw1sv0jfoi8rxs14qo3h49cs\gradle-8.14.1\lib\agents\gradle-instrumentation-agent-8.14.1.jar org.gradle.launcher.daemon.bootstrap.GradleDaemon 8.14.1

Host: AMD Ryzen 3 5300U with Radeon Graphics         , 8 cores, 7G,  Windows 11 , 64 bit Build 26100 (10.0.26100.9168)
Time: Wed Sep  9 15:52:44 2026 India Standard Time elapsed time: 693.333161 seconds (0d 0h 11m 33s)

---------------  T H R E A D  ---------------

Current thread (0x000002279f98f790):  JavaThread "C2 CompilerThread0" daemon [_thread_in_native, id=15156, stack(0x000000df1db00000,0x000000df1dc00000) (1024K)]


Current CompileTask:
C2:693333 5648       4       java.util.ComparableTimSort::countRunAndMakeAscending (123 bytes)

Stack: [0x000000df1db00000,0x000000df1dc00000]
Native frames: (J=compiled Java code, j=interpreted, Vv=VM code, C=native code)
V  [jvm.dll+0x6d83e9]
V  [jvm.dll+0x8b5736]
V  [jvm.dll+0x8b7cee]
V  [jvm.dll+0x8b83d3]
V  [jvm.dll+0x284596]
V  [jvm.dll+0xc685d]
V  [jvm.dll+0xc6da1]
V  [jvm.dll+0x6ded1c]
V  [jvm.dll+0x6dd980]
V  [jvm.dll+0x24cacb]
V  [jvm.dll+0x24bce0]
V  [jvm.dll+0x1cb4ae]
V  [jvm.dll+0x25baad]
V  [jvm.dll+0x25a03a]
V  [jvm.dll+0x3f8aae]
V  [jvm.dll+0x8600cd]
V  [jvm.dll+0x6d6c1d]
C  [ucrtbase.dll+0x2cd30]
C  [KERNEL32.DLL+0x2ccb7]
C  [ntdll.dll+0xaad6c]


---------------  P R O C E S S  ---------------

Threads class SMR info:
_java_thread_list=0x00000227e5964380, length=36, elements={
0x00000227836c1d00, 0x000002279f987ff0, 0x000002279f98aa60, 0x000002279f98b4c0,
0x000002279f98c530, 0x000002279f98cf90, 0x000002279f98d9f0, 0x000002279f98f790,
0x000002279f994990, 0x000002279fb3a120, 0x000002279fc9d680, 0x00000227e66a4950,
0x00000227e5be2440, 0x00000227e668c4b0, 0x00000227e674d380, 0x00000227e5b27820,
0x00000227e65a96d0, 0x000002279fd30f70, 0x00000227e5aa0270, 0x00000227e5aa2340,
0x00000227e5aa0f90, 0x00000227e5aa1cb0, 0x00000227e5a9eec0, 0x00000227e5aa0900,
0x00000227e5aa1620, 0x00000227e831e170, 0x00000227e831dae0, 0x00000227e831ee90,
0x00000227e831c0a0, 0x00000227e831c730, 0x00000227e831fbb0, 0x00000227e831e800,
0x00000227e831d450, 0x00000227e831cdc0, 0x00000227e8323030, 0x00000227e83236c0
}

Java Threads: ( => current thread )
  0x00000227836c1d00 JavaThread "main"                              [_thread_blocked, id=3016, stack(0x000000df1cd00000,0x000000df1ce00000) (1024K)]
  0x000002279f987ff0 JavaThread "Reference Handler"          daemon [_thread_blocked, id=17384, stack(0x000000df1d500000,0x000000df1d600000) (1024K)]
  0x000002279f98aa60 JavaThread "Finalizer"                  daemon [_thread_blocked, id=6336, stack(0x000000df1d600000,0x000000df1d700000) (1024K)]
  0x000002279f98b4c0 JavaThread "Signal Dispatcher"          daemon [_thread_blocked, id=16904, stack(0x000000df1d700000,0x000000df1d800000) (1024K)]
  0x000002279f98c530 JavaThread "Attach Listener"            daemon [_thread_blocked, id=34964, stack(0x000000df1d800000,0x000000df1d900000) (1024K)]
  0x000002279f98cf90 JavaThread "Service Thread"             daemon [_thread_blocked, id=33616, stack(0x000000df1d900000,0x000000df1da00000) (1024K)]
  0x000002279f98d9f0 JavaThread "Monitor Deflation Thread"   daemon [_thread_blocked, id=33804, stack(0x000000df1da00000,0x000000df1db00000) (1024K)]
=>0x000002279f98f790 JavaThread "C2 CompilerThread0"         daemon [_thread_in_native, id=15156, stack(0x000000df1db00000,0x000000df1dc00000) (1024K)]
  0x000002279f994990 JavaThread "C1 CompilerThread0"         daemon [_thread_blocked, id=36048, stack(0x000000df1dc00000,0x000000df1dd00000) (1024K)]
  0x000002279fb3a120 JavaThread "Common-Cleaner"             daemon [_thread_blocked, id=35624, stack(0x000000df1dd00000,0x000000df1de00000) (1024K)]
  0x000002279fc9d680 JavaThread "Notification Thread"        daemon [_thread_blocked, id=35320, stack(0x000000df1de00000,0x000000df1df00000) (1024K)]
  0x00000227e66a4950 JavaThread "Daemon health stats"               [_thread_blocked, id=37104, stack(0x000000df1e300000,0x000000df1e400000) (1024K)]
  0x00000227e5be2440 JavaThread "Incoming local TCP Connector on port 58039"        [_thread_in_native, id=37392, stack(0x000000df1e400000,0x000000df1e500000) (1024K)]
  0x00000227e668c4b0 JavaThread "Daemon periodic checks"            [_thread_in_native, id=37540, stack(0x000000df1e800000,0x000000df1e900000) (1024K)]
  0x00000227e674d380 JavaThread "Daemon"                            [_thread_blocked, id=37568, stack(0x000000df1e900000,0x000000df1ea00000) (1024K)]
  0x00000227e5b27820 JavaThread "Handler for socket connection from /127.0.0.1:58039 to /127.0.0.1:58041"        [_thread_in_native, id=37572, stack(0x000000df1ea00000,0x000000df1eb00000) (1024K)]
  0x00000227e65a96d0 JavaThread "Cancel handler"                    [_thread_blocked, id=37596, stack(0x000000df1eb00000,0x000000df1ec00000) (1024K)]
  0x000002279fd30f70 JavaThread "Daemon worker"                     [_thread_blocked, id=37612, stack(0x000000df1ec00000,0x000000df1ed00000) (1024K)]
  0x00000227e5aa0270 JavaThread "Asynchronous log dispatcher for DefaultDaemonConnection: socket connection from /127.0.0.1:58039 to /127.0.0.1:58041"        [_thread_blocked, id=37616, stack(0x000000df1ed00000,0x000000df1ee00000) (1024K)]
  0x00000227e5aa2340 JavaThread "Stdin handler"                     [_thread_blocked, id=37620, stack(0x000000df1ee00000,0x000000df1ef00000) (1024K)]
  0x00000227e5aa0f90 JavaThread "Daemon client event forwarder"        [_thread_blocked, id=37624, stack(0x000000df1ef00000,0x000000df1f000000) (1024K)]
  0x00000227e5aa1cb0 JavaThread "Cache worker for journal cache (C:\Users\NAGARAJU\.gradle\caches\journal-1)"        [_thread_blocked, id=35220, stack(0x000000df1ca00000,0x000000df1cb00000) (1024K)]
  0x00000227e5a9eec0 JavaThread "File lock request listener"        [_thread_in_native, id=34456, stack(0x000000df1f000000,0x000000df1f100000) (1024K)]
  0x00000227e5aa0900 JavaThread "Cache worker for file hash cache (C:\Users\NAGARAJU\.gradle\caches\8.14.1\fileHashes)"        [_thread_blocked, id=17220, stack(0x000000df1f200000,0x000000df1f300000) (1024K)]
  0x00000227e5aa1620 JavaThread "Cache worker for file hash cache (C:\zynnative\DocApp-CLI\android\.gradle\8.14.1\fileHashes)"        [_thread_blocked, id=9116, stack(0x000000df1f300000,0x000000df1f400000) (1024K)]
  0x00000227e831e170 JavaThread "Cache worker for Build Output Cleanup Cache (C:\zynnative\DocApp-CLI\android\.gradle\buildOutputCleanup)"        [_thread_blocked, id=33836, stack(0x000000df1f400000,0x000000df1f500000) (1024K)]
  0x00000227e831dae0 JavaThread "File watcher server"        daemon [_thread_in_native, id=37380, stack(0x000000df1f100000,0x000000df1f200000) (1024K)]
  0x00000227e831ee90 JavaThread "File watcher consumer"      daemon [_thread_blocked, id=34828, stack(0x000000df1f500000,0x000000df1f600000) (1024K)]
  0x00000227e831c0a0 JavaThread "jar transforms"                    [_thread_blocked, id=35476, stack(0x000000df1f800000,0x000000df1f900000) (1024K)]
  0x00000227e831c730 JavaThread "jar transforms Thread 2"           [_thread_blocked, id=1704, stack(0x000000df1f900000,0x000000df1fa00000) (1024K)]
  0x00000227e831fbb0 JavaThread "Cache worker for checksums cache (C:\zynnative\DocApp-CLI\android\.gradle\8.14.1\checksums)"        [_thread_blocked, id=34560, stack(0x000000df1f600000,0x000000df1f700000) (1024K)]
  0x00000227e831e800 JavaThread "Cache worker for file content cache (C:\Users\NAGARAJU\.gradle\caches\8.14.1\fileContent)"        [_thread_blocked, id=26260, stack(0x000000df1f700000,0x000000df1f800000) (1024K)]
  0x00000227e831d450 JavaThread "jar transforms Thread 3"           [_thread_blocked, id=36852, stack(0x000000df1fa00000,0x000000df1fb00000) (1024K)]
  0x00000227e831cdc0 JavaThread "Cache worker for cache directory md-supplier (C:\Users\NAGARAJU\.gradle\caches\8.14.1\md-supplier)"        [_thread_blocked, id=31656, stack(0x000000df1fb00000,0x000000df1fc00000) (1024K)]
  0x00000227e8323030 JavaThread "Cache worker for cache directory md-rule (C:\Users\NAGARAJU\.gradle\caches\8.14.1\md-rule)"        [_thread_blocked, id=31516, stack(0x000000df1fc00000,0x000000df1fd00000) (1024K)]
  0x00000227e83236c0 JavaThread "Cache worker for Build Output Cleanup Cache (C:\zynnative\DocApp-CLI\node_modules\@react-native\gradle-plugin\.gradle\buildOutputCleanup)"        [_thread_blocked, id=37324, stack(0x000000df1fd00000,0x000000df1fe00000) (1024K)]
Total: 36

Other Threads:
  0x000002279f96dcb0 VMThread "VM Thread"                           [id=35968, stack(0x000000df1d400000,0x000000df1d500000) (1024K)]
  0x000002279f955b50 WatcherThread "VM Periodic Task Thread"        [id=35952, stack(0x000000df1d300000,0x000000df1d400000) (1024K)]
  0x0000022783be9ae0 WorkerThread "GC Thread#0"                     [id=2668, stack(0x000000df1ce00000,0x000000df1cf00000) (1024K)]
  0x000002279fd79da0 WorkerThread "GC Thread#1"                     [id=27060, stack(0x000000df1df00000,0x000000df1e000000) (1024K)]
  0x00000227e5011520 WorkerThread "GC Thread#2"                     [id=33348, stack(0x000000df1e000000,0x000000df1e100000) (1024K)]
  0x00000227e57af8a0 WorkerThread "GC Thread#3"                     [id=36976, stack(0x000000df1e100000,0x000000df1e200000) (1024K)]
  0x00000227e57bbdb0 WorkerThread "GC Thread#4"                     [id=36980, stack(0x000000df1e200000,0x000000df1e300000) (1024K)]
  0x00000227e5b93420 WorkerThread "GC Thread#5"                     [id=37508, stack(0x000000df1e500000,0x000000df1e600000) (1024K)]
  0x00000227e6564400 WorkerThread "GC Thread#6"                     [id=37512, stack(0x000000df1e600000,0x000000df1e700000) (1024K)]
  0x00000227e6051450 WorkerThread "GC Thread#7"                     [id=37516, stack(0x000000df1e700000,0x000000df1e800000) (1024K)]
  0x0000022783bf78e0 ConcurrentGCThread "G1 Main Marker"            [id=572, stack(0x000000df1cf00000,0x000000df1d000000) (1024K)]
  0x000002278377e3d0 WorkerThread "G1 Conc#0"                       [id=36736, stack(0x000000df1d000000,0x000000df1d100000) (1024K)]
  0x00000227e84abc80 WorkerThread "G1 Conc#1"                       [id=33072, stack(0x000000df1cc00000,0x000000df1cd00000) (1024K)]
  0x000002279f825860 ConcurrentGCThread "G1 Refine#0"               [id=31196, stack(0x000000df1d100000,0x000000df1d200000) (1024K)]
  0x000002279f826090 ConcurrentGCThread "G1 Service"                [id=36824, stack(0x000000df1d200000,0x000000df1d300000) (1024K)]
Total: 15

Threads with active compile tasks:
C2 CompilerThread0  693934 5648       4       java.util.ComparableTimSort::countRunAndMakeAscending (123 bytes)
Total: 1

VM state: not at safepoint (normal execution)

VM Mutex/Monitor currently owned by a thread: None

Heap address: 0x0000000700000000, size: 4096 MB, Compressed Oops mode: Zero based, Oop shift amount: 3

CDS archive(s) mapped at: [0x00000227a0000000-0x00000227a0ba0000-0x00000227a0ba0000), size 12189696, SharedBaseAddress: 0x00000227a0000000, ArchiveRelocationMode: 1.
Compressed class space mapped at: 0x00000227a1000000-0x00000227e1000000, reserved size: 1073741824
Narrow klass base: 0x00000227a0000000, Narrow klass shift: 0, Narrow klass range: 0x100000000

GC Precious Log:
 CardTable entry size: 512
 Card Set container configuration: InlinePtr #cards 4 size 8 Array Of Cards #cards 16 size 48 Howl #buckets 8 coarsen threshold 3686 Howl Bitmap #cards 512 size 80 coarsen threshold 460 Card regions per heap region 1 cards per card region 4096
 CPUs: 8 total, 8 available
 Memory: 7502M
 Large Page Support: Disabled
 NUMA Support: Disabled
 Compressed Oops: Enabled (Zero based)
 Heap Region Size: 2M
 Heap Min Capacity: 8M
 Heap Initial Capacity: 118M
 Heap Max Capacity: 4G
 Pre-touch: Disabled
 Parallel Workers: 8
 Concurrent Workers: 2
 Concurrent Refinement Workers: 8
 Periodic GC: Disabled

Heap:
 garbage-first heap   total 131072K, used 78733K [0x0000000700000000, 0x0000000800000000)
  region size 2048K, 22 young (45056K), 1 survivors (2048K)
 Metaspace       used 42077K, committed 43520K, reserved 1114112K
  class space    used 5948K, committed 6656K, reserved 1048576K

Heap Regions: E=young(eden), S=young(survivor), O=old, HS=humongous(starts), HC=humongous(continues), CS=collection set, F=free, TAMS=top-at-mark-start, PB=parsable bottom
|   0|0x0000000700000000, 0x0000000700200000, 0x0000000700200000|100%|HS|  |TAMS 0x0000000700000000| PB 0x0000000700000000| Complete 
|   1|0x0000000700200000, 0x0000000700400000, 0x0000000700400000|100%|HC|  |TAMS 0x0000000700200000| PB 0x0000000700200000| Complete 
|   2|0x0000000700400000, 0x0000000700600000, 0x0000000700600000|100%| O|  |TAMS 0x0000000700400000| PB 0x0000000700400000| Untracked 
|   3|0x0000000700600000, 0x0000000700800000, 0x0000000700800000|100%| O|  |TAMS 0x0000000700600000| PB 0x0000000700600000| Untracked 
|   4|0x0000000700800000, 0x0000000700a00000, 0x0000000700a00000|100%| O|  |TAMS 0x0000000700800000| PB 0x0000000700800000| Untracked 
|   5|0x0000000700a00000, 0x0000000700c00000, 0x0000000700c00000|100%| O|  |TAMS 0x0000000700a00000| PB 0x0000000700a00000| Untracked 
|   6|0x0000000700c00000, 0x0000000700e00000, 0x0000000700e00000|100%| O|  |TAMS 0x0000000700c00000| PB 0x0000000700c00000| Untracked 
|   7|0x0000000700e00000, 0x0000000701000000, 0x0000000701000000|100%| O|  |TAMS 0x0000000700e00000| PB 0x0000000700e00000| Untracked 
|   8|0x0000000701000000, 0x0000000701200000, 0x0000000701200000|100%| O|  |TAMS 0x0000000701000000| PB 0x0000000701000000| Untracked 
|   9|0x0000000701200000, 0x0000000701400000, 0x0000000701400000|100%| O|  |TAMS 0x0000000701200000| PB 0x0000000701200000| Untracked 
|  10|0x0000000701400000, 0x0000000701600000, 0x0000000701600000|100%| O|  |TAMS 0x0000000701400000| PB 0x0000000701400000| Untracked 
|  11|0x0000000701600000, 0x0000000701800000, 0x0000000701800000|100%| O|  |TAMS 0x0000000701600000| PB 0x0000000701600000| Untracked 
|  12|0x0000000701800000, 0x0000000701a00000, 0x0000000701a00000|100%| O|  |TAMS 0x0000000701800000| PB 0x0000000701800000| Untracked 
|  13|0x0000000701a00000, 0x0000000701c00000, 0x0000000701c00000|100%| O|  |TAMS 0x0000000701a00000| PB 0x0000000701a00000| Untracked 
|  14|0x0000000701c00000, 0x0000000701e00000, 0x0000000701e00000|100%| O|  |TAMS 0x0000000701c00000| PB 0x0000000701c00000| Untracked 
|  15|0x0000000701e00000, 0x0000000702000000, 0x0000000702000000|100%| O|  |TAMS 0x0000000701e00000| PB 0x0000000701e00000| Untracked 
|  16|0x0000000702000000, 0x0000000702000000, 0x0000000702200000|  0%| F|  |TAMS 0x0000000702000000| PB 0x0000000702000000| Untracked 
|  17|0x0000000702200000, 0x0000000702400000, 0x0000000702400000|100%| O|  |TAMS 0x0000000702200000| PB 0x0000000702200000| Untracked 
|  18|0x0000000702400000, 0x0000000702600000, 0x0000000702600000|100%| O|  |TAMS 0x0000000702400000| PB 0x0000000702400000| Untracked 
|  19|0x0000000702600000, 0x0000000702638c10, 0x0000000702800000| 11%| O|  |TAMS 0x0000000702600000| PB 0x0000000702600000| Untracked 
|  20|0x0000000702800000, 0x0000000702800000, 0x0000000702a00000|  0%| F|  |TAMS 0x0000000702800000| PB 0x0000000702800000| Untracked 
|  21|0x0000000702a00000, 0x0000000702a00000, 0x0000000702c00000|  0%| F|  |TAMS 0x0000000702a00000| PB 0x0000000702a00000| Untracked 
|  22|0x0000000702c00000, 0x0000000702c00000, 0x0000000702e00000|  0%| F|  |TAMS 0x0000000702c00000| PB 0x0000000702c00000| Untracked 
|  23|0x0000000702e00000, 0x0000000702e00000, 0x0000000703000000|  0%| F|  |TAMS 0x0000000702e00000| PB 0x0000000702e00000| Untracked 
|  24|0x0000000703000000, 0x0000000703000000, 0x0000000703200000|  0%| F|  |TAMS 0x0000000703000000| PB 0x0000000703000000| Untracked 
|  25|0x0000000703200000, 0x0000000703200000, 0x0000000703400000|  0%| F|  |TAMS 0x0000000703200000| PB 0x0000000703200000| Untracked 
|  26|0x0000000703400000, 0x0000000703400000, 0x0000000703600000|  0%| F|  |TAMS 0x0000000703400000| PB 0x0000000703400000| Untracked 
|  27|0x0000000703600000, 0x0000000703600000, 0x0000000703800000|  0%| F|  |TAMS 0x0000000703600000| PB 0x0000000703600000| Untracked 
|  28|0x0000000703800000, 0x0000000703800000, 0x0000000703a00000|  0%| F|  |TAMS 0x0000000703800000| PB 0x0000000703800000| Untracked 
|  29|0x0000000703a00000, 0x0000000703a00000, 0x0000000703c00000|  0%| F|  |TAMS 0x0000000703a00000| PB 0x0000000703a00000| Untracked 
|  30|0x0000000703c00000, 0x0000000703c00000, 0x0000000703e00000|  0%| F|  |TAMS 0x0000000703c00000| PB 0x0000000703c00000| Untracked 
|  31|0x0000000703e00000, 0x0000000703e00000, 0x0000000704000000|  0%| F|  |TAMS 0x0000000703e00000| PB 0x0000000703e00000| Untracked 
|  32|0x0000000704000000, 0x0000000704000000, 0x0000000704200000|  0%| F|  |TAMS 0x0000000704000000| PB 0x0000000704000000| Untracked 
|  33|0x0000000704200000, 0x0000000704200000, 0x0000000704400000|  0%| F|  |TAMS 0x0000000704200000| PB 0x0000000704200000| Untracked 
|  34|0x0000000704400000, 0x0000000704400000, 0x0000000704600000|  0%| F|  |TAMS 0x0000000704400000| PB 0x0000000704400000| Untracked 
|  35|0x0000000704600000, 0x0000000704600000, 0x0000000704800000|  0%| F|  |TAMS 0x0000000704600000| PB 0x0000000704600000| Untracked 
|  36|0x0000000704800000, 0x0000000704800000, 0x0000000704a00000|  0%| F|  |TAMS 0x0000000704800000| PB 0x0000000704800000| Untracked 
|  37|0x0000000704a00000, 0x0000000704a00000, 0x0000000704c00000|  0%| F|  |TAMS 0x0000000704a00000| PB 0x0000000704a00000| Untracked 
|  38|0x0000000704c00000, 0x0000000704c00000, 0x0000000704e00000|  0%| F|  |TAMS 0x0000000704c00000| PB 0x0000000704c00000| Untracked 
|  39|0x0000000704e00000, 0x0000000704e00000, 0x0000000705000000|  0%| F|  |TAMS 0x0000000704e00000| PB 0x0000000704e00000| Untracked 
|  40|0x0000000705000000, 0x0000000705000000, 0x0000000705200000|  0%| F|  |TAMS 0x0000000705000000| PB 0x0000000705000000| Untracked 
|  41|0x0000000705200000, 0x0000000705200000, 0x0000000705400000|  0%| F|  |TAMS 0x0000000705200000| PB 0x0000000705200000| Untracked 
|  42|0x0000000705400000, 0x0000000705467dc8, 0x0000000705600000| 20%| E|  |TAMS 0x0000000705400000| PB 0x0000000705400000| Complete 
|  43|0x0000000705600000, 0x0000000705800000, 0x0000000705800000|100%| E|CS|TAMS 0x0000000705600000| PB 0x0000000705600000| Complete 
|  44|0x0000000705800000, 0x0000000705a00000, 0x0000000705a00000|100%| E|CS|TAMS 0x0000000705800000| PB 0x0000000705800000| Complete 
|  45|0x0000000705a00000, 0x0000000705c00000, 0x0000000705c00000|100%| E|CS|TAMS 0x0000000705a00000| PB 0x0000000705a00000| Complete 
|  46|0x0000000705c00000, 0x0000000705e00000, 0x0000000705e00000|100%| E|CS|TAMS 0x0000000705c00000| PB 0x0000000705c00000| Complete 
|  47|0x0000000705e00000, 0x0000000706000000, 0x0000000706000000|100%| E|CS|TAMS 0x0000000705e00000| PB 0x0000000705e00000| Complete 
|  48|0x0000000706000000, 0x0000000706200000, 0x0000000706200000|100%| E|CS|TAMS 0x0000000706000000| PB 0x0000000706000000| Complete 
|  49|0x0000000706200000, 0x0000000706400000, 0x0000000706400000|100%| E|CS|TAMS 0x0000000706200000| PB 0x0000000706200000| Complete 
|  50|0x0000000706400000, 0x0000000706600000, 0x0000000706600000|100%| E|CS|TAMS 0x0000000706400000| PB 0x0000000706400000| Complete 
|  51|0x0000000706600000, 0x0000000706800000, 0x0000000706800000|100%| E|CS|TAMS 0x0000000706600000| PB 0x0000000706600000| Complete 
|  52|0x0000000706800000, 0x0000000706a00000, 0x0000000706a00000|100%| E|CS|TAMS 0x0000000706800000| PB 0x0000000706800000| Complete 
|  53|0x0000000706a00000, 0x0000000706c00000, 0x0000000706c00000|100%| E|CS|TAMS 0x0000000706a00000| PB 0x0000000706a00000| Complete 
|  54|0x0000000706c00000, 0x0000000706e00000, 0x0000000706e00000|100%| E|CS|TAMS 0x0000000706c00000| PB 0x0000000706c00000| Complete 
|  55|0x0000000706e00000, 0x0000000707000000, 0x0000000707000000|100%| E|CS|TAMS 0x0000000706e00000| PB 0x0000000706e00000| Complete 
|  56|0x0000000707000000, 0x0000000707200000, 0x0000000707200000|100%| E|CS|TAMS 0x0000000707000000| PB 0x0000000707000000| Complete 
|  57|0x0000000707200000, 0x0000000707400000, 0x0000000707400000|100%| E|CS|TAMS 0x0000000707200000| PB 0x0000000707200000| Complete 
|  58|0x0000000707400000, 0x0000000707600000, 0x0000000707600000|100%| E|CS|TAMS 0x0000000707400000| PB 0x0000000707400000| Complete 
|  59|0x0000000707600000, 0x0000000707800000, 0x0000000707800000|100%| E|CS|TAMS 0x0000000707600000| PB 0x0000000707600000| Complete 
|  60|0x0000000707800000, 0x0000000707a00000, 0x0000000707a00000|100%| E|CS|TAMS 0x0000000707800000| PB 0x0000000707800000| Complete 
|  73|0x0000000709200000, 0x00000007092aab40, 0x0000000709400000| 33%| S|CS|TAMS 0x0000000709200000| PB 0x0000000709200000| Complete 
|  74|0x0000000709400000, 0x0000000709600000, 0x0000000709600000|100%| E|CS|TAMS 0x0000000709400000| PB 0x0000000709400000| Complete 
|  81|0x000000070a200000, 0x000000070a400000, 0x000000070a400000|100%| E|CS|TAMS 0x000000070a200000| PB 0x000000070a200000| Complete 

Card table byte_map: [0x00000227986d0000,0x0000022798ed0000] _byte_map_base: 0x0000022794ed0000

Marking Bits: (CMBitMap*) 0x0000022783beb010
 Bits: [0x0000022798ed0000, 0x000002279ced0000)

Polling page: 0x0000022788430000

Metaspace:

Usage:
  Non-class:     35.28 MB used.
      Class:      5.81 MB used.
       Both:     41.09 MB used.

Virtual space:
  Non-class space:       64.00 MB reserved,      36.00 MB ( 56%) committed,  1 nodes.
      Class space:        1.00 GB reserved,       6.50 MB ( <1%) committed,  1 nodes.
             Both:        1.06 GB reserved,      42.50 MB (  4%) committed. 

Chunk freelists:
   Non-Class:  11.59 MB
       Class:  9.47 MB
        Both:  21.06 MB

MaxMetaspaceSize: unlimited
CompressedClassSpaceSize: 1.00 GB
Initial GC threshold: 21.00 MB
Current GC threshold: 64.19 MB
CDS: on
 - commit_granule_bytes: 65536.
 - commit_granule_words: 8192.
 - virtual_space_node_default_size: 8388608.
 - enlarge_chunks_in_place: 1.
 - use_allocation_guard: 0.


Internal statistics:

num_allocs_failed_limit: 24.
num_arena_births: 2600.
num_arena_deaths: 0.
num_vsnodes_births: 2.
num_vsnodes_deaths: 0.
num_space_committed: 680.
num_space_uncommitted: 0.
num_chunks_returned_to_freelist: 24.
num_chunks_taken_from_freelist: 4515.
num_chunk_merges: 24.
num_chunk_splits: 2977.
num_chunks_enlarged: 1827.
num_inconsistent_stats: 0.

CodeHeap 'non-profiled nmethods': size=120000Kb used=3231Kb max_used=3380Kb free=116768Kb
 bounds [0x000002278ff20000, 0x0000022790290000, 0x0000022797450000]
CodeHeap 'profiled nmethods': size=120000Kb used=9562Kb max_used=10773Kb free=110437Kb
 bounds [0x0000022788450000, 0x0000022788ee0000, 0x000002278f980000]
CodeHeap 'non-nmethods': size=5760Kb used=2587Kb max_used=2597Kb free=3173Kb
 bounds [0x000002278f980000, 0x000002278fc20000, 0x000002278ff20000]
CodeCache: size=245760Kb, used=15380Kb, max_used=16750Kb, free=230378Kb
 total_blobs=5836, nmethods=4992, adapters=746, full_count=0
Compilation: enabled, stopped_count=0, restarted_count=0

Compilation events (20 events):
Event: 595.828 Thread 0x000002279f994990 5639       3       java.util.concurrent.locks.AbstractQueuedSynchronizer::enqueue (72 bytes)
Event: 595.833 Thread 0x000002279f994990 nmethod 5639 0x00000227888bea10 code [0x00000227888bec40, 0x00000227888bf348]
Event: 596.209 Thread 0x000002279f98f790 5640       4       java.nio.channels.spi.AbstractInterruptibleChannel::isOpen (13 bytes)
Event: 596.211 Thread 0x000002279f98f790 nmethod 5640 0x000002278ff40710 code [0x000002278ff408a0, 0x000002278ff40950]
Event: 598.490 Thread 0x000002279f994990 5641       3       sun.net.util.IPAddressUtil::convertFromIPv4MappedAddress (24 bytes)
Event: 598.492 Thread 0x000002279f994990 nmethod 5641 0x0000022788883990 code [0x0000022788883b60, 0x0000022788883e38]
Event: 599.361 Thread 0x000002279f994990 5642       3       java.util.concurrent.locks.AbstractQueuedSynchronizer$ConditionObject::doSignal (62 bytes)
Event: 599.366 Thread 0x000002279f994990 nmethod 5642 0x0000022788528610 code [0x00000227885287e0, 0x0000022788528bd8]
Event: 624.340 Thread 0x000002279f98f790 5643       4       java.io.BufferedInputStream::fill (204 bytes)
Event: 624.360 Thread 0x000002279f98f790 nmethod 5643 0x000002278ff3fe90 code [0x000002278ff40040, 0x000002278ff403f0]
Event: 645.747 Thread 0x000002279f98f790 5644       4       java.util.concurrent.LinkedBlockingDeque$Itr::nextNode (5 bytes)
Event: 645.933 Thread 0x000002279f98f790 nmethod 5644 0x000002278ff4bd90 code [0x000002278ff4bf20, 0x000002278ff4bfc8]
Event: 646.951 Thread 0x000002279f98f790 5645       4       java.util.ComparableTimSort::countRunAndMakeAscending (123 bytes)
Event: 647.089 Thread 0x000002279f98f790 nmethod 5645 0x000002278ffc2310 code [0x000002278ffc2600, 0x000002278ffc3998]
Event: 647.090 Thread 0x000002279f98f790 5646       4       java.util.ComparableTimSort::binarySort (223 bytes)
Event: 647.141 Thread 0x000002279f98f790 nmethod 5646 0x0000022790058d90 code [0x0000022790059020, 0x000002279005a218]
Event: 664.008 Thread 0x000002279f98f790 5648       4       java.util.ComparableTimSort::countRunAndMakeAscending (123 bytes)
Event: 665.586 Thread 0x000002279f994990 5649       1       java.lang.management.MemoryUsage::getMax (5 bytes)
Event: 665.588 Thread 0x000002279f994990 nmethod 5649 0x000002278ff4ba90 code [0x000002278ff4bc20, 0x000002278ff4bce8]
Event: 668.947 Thread 0x000002279f994990 5651       1       org.gradle.launcher.daemon.server.Daemon::getDaemonRegistry (5 bytes)

GC Heap History (20 events):
Event: 398.967 GC heap before
{Heap before GC invocations=16 (full 0):
 garbage-first heap   total 139264K, used 33774K [0x0000000700000000, 0x0000000800000000)
  region size 2048K, 4 young (8192K), 1 survivors (2048K)
 Metaspace       used 29889K, committed 30848K, reserved 1114112K
  class space    used 4396K, committed 4864K, reserved 1048576K
}
Event: 398.976 GC heap after
{Heap after GC invocations=17 (full 0):
 garbage-first heap   total 139264K, used 28376K [0x0000000700000000, 0x0000000800000000)
  region size 2048K, 1 young (2048K), 1 survivors (2048K)
 Metaspace       used 29889K, committed 30848K, reserved 1114112K
  class space    used 4396K, committed 4864K, reserved 1048576K
}
Event: 407.159 GC heap before
{Heap before GC invocations=17 (full 0):
 garbage-first heap   total 139264K, used 36568K [0x0000000700000000, 0x0000000800000000)
  region size 2048K, 6 young (12288K), 1 survivors (2048K)
 Metaspace       used 32119K, committed 33152K, reserved 1114112K
  class space    used 4661K, committed 5120K, reserved 1048576K
}
Event: 407.166 GC heap after
{Heap after GC invocations=18 (full 0):
 garbage-first heap   total 139264K, used 29708K [0x0000000700000000, 0x0000000800000000)
  region size 2048K, 1 young (2048K), 1 survivors (2048K)
 Metaspace       used 32119K, committed 33152K, reserved 1114112K
  class space    used 4661K, committed 5120K, reserved 1048576K
}
Event: 407.771 GC heap before
{Heap before GC invocations=18 (full 0):
 garbage-first heap   total 139264K, used 46092K [0x0000000700000000, 0x0000000800000000)
  region size 2048K, 9 young (18432K), 1 survivors (2048K)
 Metaspace       used 33033K, committed 34048K, reserved 1114112K
  class space    used 4728K, committed 5184K, reserved 1048576K
}
Event: 408.024 GC heap after
{Heap after GC invocations=19 (full 0):
 garbage-first heap   total 139264K, used 31651K [0x0000000700000000, 0x0000000800000000)
  region size 2048K, 2 young (4096K), 2 survivors (4096K)
 Metaspace       used 33033K, committed 34048K, reserved 1114112K
  class space    used 4728K, committed 5184K, reserved 1048576K
}
Event: 408.047 GC heap before
{Heap before GC invocations=19 (full 0):
 garbage-first heap   total 139264K, used 33699K [0x0000000700000000, 0x0000000800000000)
  region size 2048K, 3 young (6144K), 2 survivors (4096K)
 Metaspace       used 33033K, committed 34048K, reserved 1114112K
  class space    used 4728K, committed 5184K, reserved 1048576K
}
Event: 408.230 GC heap after
{Heap after GC invocations=20 (full 0):
 garbage-first heap   total 167936K, used 32132K [0x0000000700000000, 0x0000000800000000)
  region size 2048K, 1 young (2048K), 1 survivors (2048K)
 Metaspace       used 33033K, committed 34048K, reserved 1114112K
  class space    used 4728K, committed 5184K, reserved 1048576K
}
Event: 414.657 GC heap before
{Heap before GC invocations=20 (full 0):
 garbage-first heap   total 167936K, used 44420K [0x0000000700000000, 0x0000000800000000)
  region size 2048K, 8 young (16384K), 1 survivors (2048K)
 Metaspace       used 33881K, committed 34944K, reserved 1114112K
  class space    used 4859K, committed 5376K, reserved 1048576K
}
Event: 414.661 GC heap after
{Heap after GC invocations=21 (full 0):
 garbage-first heap   total 167936K, used 33545K [0x0000000700000000, 0x0000000800000000)
  region size 2048K, 1 young (2048K), 1 survivors (2048K)
 Metaspace       used 33881K, committed 34944K, reserved 1114112K
  class space    used 4859K, committed 5376K, reserved 1048576K
}
Event: 453.977 GC heap before
{Heap before GC invocations=21 (full 0):
 garbage-first heap   total 167936K, used 54025K [0x0000000700000000, 0x0000000800000000)
  region size 2048K, 10 young (20480K), 1 survivors (2048K)
 Metaspace       used 35864K, committed 36992K, reserved 1114112K
  class space    used 5077K, committed 5632K, reserved 1048576K
}
Event: 454.078 GC heap after
{Heap after GC invocations=22 (full 0):
 garbage-first heap   total 167936K, used 34493K [0x0000000700000000, 0x0000000800000000)
  region size 2048K, 2 young (4096K), 2 survivors (4096K)
 Metaspace       used 35864K, committed 36992K, reserved 1114112K
  class space    used 5077K, committed 5632K, reserved 1048576K
}
Event: 517.486 GC heap before
{Heap before GC invocations=22 (full 0):
 garbage-first heap   total 167936K, used 52925K [0x0000000700000000, 0x0000000800000000)
  region size 2048K, 11 young (22528K), 2 survivors (4096K)
 Metaspace       used 36644K, committed 37760K, reserved 1114112K
  class space    used 5167K, committed 5696K, reserved 1048576K
}
Event: 517.521 GC heap after
{Heap after GC invocations=23 (full 0):
 garbage-first heap   total 167936K, used 35388K [0x0000000700000000, 0x0000000800000000)
  region size 2048K, 1 young (2048K), 1 survivors (2048K)
 Metaspace       used 36644K, committed 37760K, reserved 1114112K
  class space    used 5167K, committed 5696K, reserved 1048576K
}
Event: 524.439 GC heap before
{Heap before GC invocations=23 (full 0):
 garbage-first heap   total 167936K, used 47676K [0x0000000700000000, 0x0000000800000000)
  region size 2048K, 8 young (16384K), 1 survivors (2048K)
 Metaspace       used 37929K, committed 39040K, reserved 1114112K
  class space    used 5383K, committed 5952K, reserved 1048576K
}
Event: 524.492 GC heap after
{Heap after GC invocations=24 (full 0):
 garbage-first heap   total 167936K, used 36257K [0x0000000700000000, 0x0000000800000000)
  region size 2048K, 2 young (4096K), 2 survivors (4096K)
 Metaspace       used 37929K, committed 39040K, reserved 1114112K
  class space    used 5383K, committed 5952K, reserved 1048576K
}
Event: 545.604 GC heap before
{Heap before GC invocations=25 (full 0):
 garbage-first heap   total 131072K, used 69025K [0x0000000700000000, 0x0000000800000000)
  region size 2048K, 19 young (38912K), 2 survivors (4096K)
 Metaspace       used 41988K, committed 43456K, reserved 1114112K
  class space    used 5937K, committed 6656K, reserved 1048576K
}
Event: 546.213 GC heap after
{Heap after GC invocations=26 (full 0):
 garbage-first heap   total 131072K, used 37863K [0x0000000700000000, 0x0000000800000000)
  region size 2048K, 3 young (6144K), 3 survivors (6144K)
 Metaspace       used 41988K, committed 43456K, reserved 1114112K
  class space    used 5937K, committed 6656K, reserved 1048576K
}
Event: 546.893 GC heap before
{Heap before GC invocations=26 (full 0):
 garbage-first heap   total 131072K, used 41959K [0x0000000700000000, 0x0000000800000000)
  region size 2048K, 5 young (10240K), 3 survivors (6144K)
 Metaspace       used 42005K, committed 43456K, reserved 1114112K
  class space    used 5939K, committed 6656K, reserved 1048576K
}
Event: 546.924 GC heap after
{Heap after GC invocations=27 (full 0):
 garbage-first heap   total 131072K, used 37773K [0x0000000700000000, 0x0000000800000000)
  region size 2048K, 1 young (2048K), 1 survivors (2048K)
 Metaspace       used 42005K, committed 43456K, reserved 1114112K
  class space    used 5939K, committed 6656K, reserved 1048576K
}

Dll operation events (20 events):
Event: 7.436 Attempting to load shared library C:\Users\NAGARAJU\.antigravity-ide\extensions\redhat.java-1.56.0-win32-x64\jre\21.0.12.1-win32-x86_64\bin\nio.dll
Event: 7.437 Loaded shared library C:\Users\NAGARAJU\.antigravity-ide\extensions\redhat.java-1.56.0-win32-x64\jre\21.0.12.1-win32-x86_64\bin\nio.dll
Event: 7.447 Attempting to load shared library C:\Users\NAGARAJU\.antigravity-ide\extensions\redhat.java-1.56.0-win32-x64\jre\21.0.12.1-win32-x86_64\bin\zip.dll
Event: 7.447 Loaded shared library C:\Users\NAGARAJU\.antigravity-ide\extensions\redhat.java-1.56.0-win32-x64\jre\21.0.12.1-win32-x86_64\bin\zip.dll
Event: 10.210 Attempting to load shared library C:\Users\NAGARAJU\.antigravity-ide\extensions\redhat.java-1.56.0-win32-x64\jre\21.0.12.1-win32-x86_64\bin\jimage.dll
Event: 10.211 Loaded shared library C:\Users\NAGARAJU\.antigravity-ide\extensions\redhat.java-1.56.0-win32-x64\jre\21.0.12.1-win32-x86_64\bin\jimage.dll
Event: 11.335 Attempting to load shared library C:\Users\NAGARAJU\.antigravity-ide\extensions\redhat.java-1.56.0-win32-x64\jre\21.0.12.1-win32-x86_64\bin\verify.dll
Event: 11.336 Loaded shared library C:\Users\NAGARAJU\.antigravity-ide\extensions\redhat.java-1.56.0-win32-x64\jre\21.0.12.1-win32-x86_64\bin\verify.dll
Event: 12.249 Attempting to load shared library C:\Users\NAGARAJU\.gradle\native\1def1411415f61bf3af743bc5b6707747c0891f09f0c88961ee8f79bc544acac\windows-amd64\native-platform.dll
Event: 12.250 Loaded shared library C:\Users\NAGARAJU\.gradle\native\1def1411415f61bf3af743bc5b6707747c0891f09f0c88961ee8f79bc544acac\windows-amd64\native-platform.dll
Event: 12.355 Attempting to load shared library C:\Users\NAGARAJU\.gradle\native\0.2.7\x86_64-windows-gnu\gradle-fileevents.dll
Event: 12.596 Loaded shared library C:\Users\NAGARAJU\.gradle\native\0.2.7\x86_64-windows-gnu\gradle-fileevents.dll
Event: 20.800 Attempting to load shared library C:\Users\NAGARAJU\.antigravity-ide\extensions\redhat.java-1.56.0-win32-x64\jre\21.0.12.1-win32-x86_64\bin\management.dll
Event: 20.801 Loaded shared library C:\Users\NAGARAJU\.antigravity-ide\extensions\redhat.java-1.56.0-win32-x64\jre\21.0.12.1-win32-x86_64\bin\management.dll
Event: 20.809 Attempting to load shared library C:\Users\NAGARAJU\.antigravity-ide\extensions\redhat.java-1.56.0-win32-x64\jre\21.0.12.1-win32-x86_64\bin\management_ext.dll
Event: 20.811 Loaded shared library C:\Users\NAGARAJU\.antigravity-ide\extensions\redhat.java-1.56.0-win32-x64\jre\21.0.12.1-win32-x86_64\bin\management_ext.dll
Event: 22.472 Attempting to load shared library C:\Users\NAGARAJU\.antigravity-ide\extensions\redhat.java-1.56.0-win32-x64\jre\21.0.12.1-win32-x86_64\bin\extnet.dll
Event: 22.474 Loaded shared library C:\Users\NAGARAJU\.antigravity-ide\extensions\redhat.java-1.56.0-win32-x64\jre\21.0.12.1-win32-x86_64\bin\extnet.dll
Event: 25.696 Attempting to load shared library C:\Users\NAGARAJU\.antigravity-ide\extensions\redhat.java-1.56.0-win32-x64\jre\21.0.12.1-win32-x86_64\bin\sunmscapi.dll
Event: 25.707 Loaded shared library C:\Users\NAGARAJU\.antigravity-ide\extensions\redhat.java-1.56.0-win32-x64\jre\21.0.12.1-win32-x86_64\bin\sunmscapi.dll

Deoptimization events (20 events):
Event: 547.606 Thread 0x000002279fd30f70 Uncommon trap: trap_request=0xffffffde fr.pc=0x0000022790176f30 relative=0x0000000000000270
Event: 547.606 Thread 0x000002279fd30f70 Uncommon trap: reason=class_check action=maybe_recompile pc=0x0000022790176f30 method=java.util.HashSet.contains(Ljava/lang/Object;)Z @ 5 c2
Event: 547.606 Thread 0x000002279fd30f70 DEOPT PACKING pc=0x0000022790176f30 sp=0x000000df1ecf6ef0
Event: 547.606 Thread 0x000002279fd30f70 DEOPT UNPACKING pc=0x000002278f9d4422 sp=0x000000df1ecf6e98 mode 2
Event: 547.606 Thread 0x000002279fd30f70 Uncommon trap: trap_request=0xffffffde fr.pc=0x0000022790176f30 relative=0x0000000000000270
Event: 547.606 Thread 0x000002279fd30f70 Uncommon trap: reason=class_check action=maybe_recompile pc=0x0000022790176f30 method=java.util.HashSet.contains(Ljava/lang/Object;)Z @ 5 c2
Event: 547.606 Thread 0x000002279fd30f70 DEOPT PACKING pc=0x0000022790176f30 sp=0x000000df1ecf6ef0
Event: 547.606 Thread 0x000002279fd30f70 DEOPT UNPACKING pc=0x000002278f9d4422 sp=0x000000df1ecf6e98 mode 2
Event: 547.606 Thread 0x000002279fd30f70 Uncommon trap: trap_request=0xffffff45 fr.pc=0x000002279022c6b4 relative=0x0000000000000194
Event: 547.606 Thread 0x000002279fd30f70 Uncommon trap: reason=unstable_if action=reinterpret pc=0x000002279022c6b4 method=java.util.ArrayList.fastRemove([Ljava/lang/Object;I)V @ 19 c2
Event: 547.606 Thread 0x000002279fd30f70 DEOPT PACKING pc=0x000002279022c6b4 sp=0x000000df1ecf6f60
Event: 547.606 Thread 0x000002279fd30f70 DEOPT UNPACKING pc=0x000002278f9d4422 sp=0x000000df1ecf6ea0 mode 2
Event: 547.606 Thread 0x000002279fd30f70 Uncommon trap: trap_request=0xffffff45 fr.pc=0x000002279022c21c relative=0x00000000000000fc
Event: 547.606 Thread 0x000002279fd30f70 Uncommon trap: reason=unstable_if action=reinterpret pc=0x000002279022c21c method=java.util.ArrayList.fastRemove([Ljava/lang/Object;I)V @ 19 c2
Event: 547.606 Thread 0x000002279fd30f70 DEOPT PACKING pc=0x000002279022c21c sp=0x000000df1ecf6ee0
Event: 547.606 Thread 0x000002279fd30f70 DEOPT UNPACKING pc=0x000002278f9d4422 sp=0x000000df1ecf6ea0 mode 2
Event: 647.955 Thread 0x00000227e66a4950 Uncommon trap: trap_request=0xffffff76 fr.pc=0x000002278ffc340c relative=0x0000000000000e0c
Event: 647.955 Thread 0x00000227e66a4950 Uncommon trap: reason=predicate action=maybe_recompile pc=0x000002278ffc340c method=java.util.ComparableTimSort.reverseRange([Ljava/lang/Object;II)V @ 5 c2
Event: 647.955 Thread 0x00000227e66a4950 DEOPT PACKING pc=0x000002278ffc340c sp=0x000000df1e3fe3c0
Event: 647.956 Thread 0x00000227e66a4950 DEOPT UNPACKING pc=0x000002278f9d4422 sp=0x000000df1e3fe320 mode 2

Classes loaded (20 events):
Event: 529.435 Loading class java/lang/invoke/BoundMethodHandle$Species_LLLLLLLLLLLLLLLLLLLLLLLLLLLLLLL
Event: 529.436 Loading class java/lang/invoke/BoundMethodHandle$Species_LLLLLLLLLLLLLLLLLLLLLLLLLLLLLLL done
Event: 529.463 Loading class java/lang/invoke/BoundMethodHandle$Species_LLLLLLLLLLLLLLLLLLLLLLLLLLLLLLLL
Event: 529.463 Loading class java/lang/invoke/BoundMethodHandle$Species_LLLLLLLLLLLLLLLLLLLLLLLLLLLLLLLL done
Event: 533.106 Loading class java/util/PrimitiveIterator$OfInt
Event: 533.109 Loading class java/util/PrimitiveIterator
Event: 533.110 Loading class java/util/PrimitiveIterator done
Event: 533.110 Loading class java/util/PrimitiveIterator$OfInt done
Event: 533.611 Loading class java/util/concurrent/RecursiveAction
Event: 533.615 Loading class java/util/concurrent/RecursiveAction done
Event: 534.304 Loading class java/util/stream/ReduceOps$2
Event: 534.307 Loading class java/util/stream/ReduceOps$2 done
Event: 534.308 Loading class java/util/stream/ReduceOps$2ReducingSink
Event: 534.313 Loading class java/util/stream/ReduceOps$2ReducingSink done
Event: 535.483 Loading class java/lang/StringIndexOutOfBoundsException
Event: 535.490 Loading class java/lang/StringIndexOutOfBoundsException done
Event: 538.327 Loading class java/util/Collections$SynchronizedRandomAccessList
Event: 538.334 Loading class java/util/Collections$SynchronizedList
Event: 538.336 Loading class java/util/Collections$SynchronizedList done
Event: 538.336 Loading class java/util/Collections$SynchronizedRandomAccessList done

Classes unloaded (0 events):
No events

Classes redefined (0 events):
No events

Internal exceptions (20 events):
Event: 529.240 Thread 0x000002279fd30f70 Exception <a 'java/lang/NoSuchMethodError'{0x00000007073c4720}: 'java.lang.Object java.lang.invoke.DirectMethodHandle$Holder.invokeStatic(java.lang.Object, java.lang.Object, java.lang.Object, java.lang.Object, java.lang.Object, java.lang.Object, java.lang.Object, java.lang.Object, java.lang.Object, java.lang.Object, java.lang.Object, java.lang.Object, java.lang.Object, java.lang.Object, java.lang.Object, java.lang.Object, java.lang.Object, java.lang.Object, java.lang.Object, java.lang.Object, java.lang.Obj
Event: 529.266 Thread 0x000002279fd30f70 Exception <a 'java/lang/NoSuchMethodError'{0x00000007073fab60}: 'java.lang.Object java.lang.invoke.DirectMethodHandle$Holder.invokeStatic(java.lang.Object, java.lang.Object, java.lang.Object, java.lang.Object, java.lang.Object, java.lang.Object, java.lang.Object, java.lang.Object, java.lang.Object, java.lang.Object, java.lang.Object, java.lang.Object, java.lang.Object, java.lang.Object, java.lang.Object, java.lang.Object, java.lang.Object, java.lang.Object, java.lang.Object, java.lang.Object, java.lang.Obj
Event: 529.309 Thread 0x000002279fd30f70 Exception <a 'java/lang/NoSuchMethodError'{0x0000000707032bd0}: 'java.lang.Object java.lang.invoke.DirectMethodHandle$Holder.invokeStatic(java.lang.Object, java.lang.Object, java.lang.Object, java.lang.Object, java.lang.Object, java.lang.Object, java.lang.Object, java.lang.Object, java.lang.Object, java.lang.Object, java.lang.Object, java.lang.Object, java.lang.Object, java.lang.Object, java.lang.Object, java.lang.Object, java.lang.Object, java.lang.Object, java.lang.Object, java.lang.Object, java.lang.Obj
Event: 529.339 Thread 0x000002279fd30f70 Exception <a 'java/lang/NoSuchMethodError'{0x000000070706b8d8}: 'java.lang.Object java.lang.invoke.DirectMethodHandle$Holder.invokeStatic(java.lang.Object, java.lang.Object, java.lang.Object, java.lang.Object, java.lang.Object, java.lang.Object, java.lang.Object, java.lang.Object, java.lang.Object, java.lang.Object, java.lang.Object, java.lang.Object, java.lang.Object, java.lang.Object, java.lang.Object, java.lang.Object, java.lang.Object, java.lang.Object, java.lang.Object, java.lang.Object, java.lang.Obj
Event: 529.382 Thread 0x000002279fd30f70 Exception <a 'java/lang/NoSuchMethodError'{0x00000007070a6f90}: 'java.lang.Object java.lang.invoke.DirectMethodHandle$Holder.invokeStatic(java.lang.Object, java.lang.Object, java.lang.Object, java.lang.Object, java.lang.Object, java.lang.Object, java.lang.Object, java.lang.Object, java.lang.Object, java.lang.Object, java.lang.Object, java.lang.Object, java.lang.Object, java.lang.Object, java.lang.Object, java.lang.Object, java.lang.Object, java.lang.Object, java.lang.Object, java.lang.Object, java.lang.Obj
Event: 529.431 Thread 0x000002279fd30f70 Exception <a 'java/lang/NoSuchMethodError'{0x00000007070e4110}: 'java.lang.Object java.lang.invoke.DirectMethodHandle$Holder.invokeStatic(java.lang.Object, java.lang.Object, java.lang.Object, java.lang.Object, java.lang.Object, java.lang.Object, java.lang.Object, java.lang.Object, java.lang.Object, java.lang.Object, java.lang.Object, java.lang.Object, java.lang.Object, java.lang.Object, java.lang.Object, java.lang.Object, java.lang.Object, java.lang.Object, java.lang.Object, java.lang.Object, java.lang.Obj
Event: 529.442 Thread 0x000002279fd30f70 Exception <a 'java/lang/NoSuchMethodError'{0x0000000707121e50}: 'java.lang.Object java.lang.invoke.DirectMethodHandle$Holder.invokeStatic(java.lang.Object, java.lang.Object, java.lang.Object, java.lang.Object, java.lang.Object, java.lang.Object, java.lang.Object, java.lang.Object, java.lang.Object, java.lang.Object, java.lang.Object, java.lang.Object, java.lang.Object, java.lang.Object, java.lang.Object, java.lang.Object, java.lang.Object, java.lang.Object, java.lang.Object, java.lang.Object, java.lang.Obj
Event: 529.505 Thread 0x000002279fd30f70 Exception <a 'java/lang/NoSuchMethodError'{0x0000000707161938}: 'java.lang.Object java.lang.invoke.DirectMethodHandle$Holder.invokeStatic(java.lang.Object, java.lang.Object, java.lang.Object, java.lang.Object, java.lang.Object, java.lang.Object, java.lang.Object, java.lang.Object, java.lang.Object, java.lang.Object, java.lang.Object, java.lang.Object, java.lang.Object, java.lang.Object, java.lang.Object, java.lang.Object, java.lang.Object, java.lang.Object, java.lang.Object, java.lang.Object, java.lang.Obj
Event: 529.837 Thread 0x000002279fd30f70 Exception <a 'java/lang/NoSuchMethodError'{0x0000000706e5db98}: 'java.lang.Object java.lang.invoke.DirectMethodHandle$Holder.newInvokeSpecial(java.lang.Object, java.lang.Object, java.lang.Object, java.lang.Object, java.lang.Object, java.lang.Object, java.lang.Object, java.lang.Object, java.lang.Object, java.lang.Object, java.lang.Object, java.lang.Object, java.lang.Object, java.lang.Object, java.lang.Object, java.lang.Object, java.lang.Object, java.lang.Object, java.lang.Object)'> (0x0000000706e5db98) 
thr
Event: 529.927 Thread 0x000002279fd30f70 Exception <a 'java/lang/NoSuchMethodError'{0x0000000706e647d0}: 'java.lang.Object java.lang.invoke.DirectMethodHandle$Holder.invokeSpecial(java.lang.Object, java.lang.Object, java.lang.Object, java.lang.Object, java.lang.Object, java.lang.Object, java.lang.Object, java.lang.Object, java.lang.Object, java.lang.Object, java.lang.Object, java.lang.Object, java.lang.Object, java.lang.Object, java.lang.Object, java.lang.Object, java.lang.Object, java.lang.Object, java.lang.Object, java.lang.Object)'> (0x0000000
Event: 529.962 Thread 0x000002279fd30f70 Exception <a 'java/lang/NoSuchMethodError'{0x0000000706e6a020}: 'java.lang.Object java.lang.invoke.DelegatingMethodHandle$Holder.reinvoke_L(java.lang.Object, java.lang.Object, java.lang.Object, java.lang.Object, java.lang.Object, java.lang.Object, java.lang.Object, java.lang.Object, java.lang.Object, java.lang.Object, java.lang.Object, java.lang.Object, java.lang.Object, java.lang.Object, java.lang.Object, java.lang.Object, java.lang.Object, java.lang.Object, java.lang.Object)'> (0x0000000706e6a020) 
throw
Event: 536.761 Thread 0x000002279fd30f70 Exception <a 'sun/nio/fs/WindowsException'{0x00000007064ad270}> (0x00000007064ad270) 
thrown [s\src\hotspot\share\prims\jni.cpp, line 520]
Event: 536.763 Thread 0x000002279fd30f70 Exception <a 'sun/nio/fs/WindowsException'{0x00000007064aecb8}> (0x00000007064aecb8) 
thrown [s\src\hotspot\share\prims\jni.cpp, line 520]
Event: 536.764 Thread 0x000002279fd30f70 Exception <a 'sun/nio/fs/WindowsException'{0x00000007064b06f8}> (0x00000007064b06f8) 
thrown [s\src\hotspot\share\prims\jni.cpp, line 520]
Event: 536.765 Thread 0x000002279fd30f70 Exception <a 'sun/nio/fs/WindowsException'{0x00000007064b1d38}> (0x00000007064b1d38) 
thrown [s\src\hotspot\share\prims\jni.cpp, line 520]
Event: 538.216 Thread 0x000002279fd30f70 Exception <a 'java/lang/NoSuchMethodError'{0x00000007065ccda0}: 'java.lang.Object java.lang.invoke.Invokers$Holder.invoker(java.lang.Object, java.lang.Object, java.lang.Object, java.lang.Object, java.lang.Object, java.lang.Object)'> (0x00000007065ccda0) 
thrown [s\src\hotspot\share\interpreter\linkResolver.cpp, line 773]
Event: 538.492 Thread 0x000002279fd30f70 Exception <a 'java/lang/NoSuchMethodError'{0x000000070630b800}: 'java.lang.Object java.lang.invoke.DirectMethodHandle$Holder.invokeSpecial(java.lang.Object, java.lang.Object, java.lang.Object, java.lang.Object, java.lang.Object, java.lang.Object, java.lang.Object, java.lang.Object, java.lang.Object, java.lang.Object, java.lang.Object, java.lang.Object, java.lang.Object, java.lang.Object, java.lang.Object, java.lang.Object, java.lang.Object, java.lang.Object, java.lang.Object, java.lang.Object, java.lang.Ob
Event: 538.493 Thread 0x000002279fd30f70 Exception <a 'java/lang/NoSuchMethodError'{0x0000000706311dc8}: 'java.lang.Object java.lang.invoke.DelegatingMethodHandle$Holder.reinvoke_L(java.lang.Object, java.lang.Object, java.lang.Object, java.lang.Object, java.lang.Object, java.lang.Object, java.lang.Object, java.lang.Object, java.lang.Object, java.lang.Object, java.lang.Object, java.lang.Object, java.lang.Object, java.lang.Object, java.lang.Object, java.lang.Object, java.lang.Object, java.lang.Object, java.lang.Object, java.lang.Object, java.lang.O
Event: 538.494 Thread 0x000002279fd30f70 Exception <a 'java/lang/NoSuchMethodError'{0x000000070631d430}: 'java.lang.Object java.lang.invoke.Invokers$Holder.invoker(java.lang.Object, java.lang.Object, java.lang.Object, java.lang.Object, java.lang.Object, java.lang.Object, java.lang.Object, java.lang.Object, java.lang.Object, java.lang.Object, java.lang.Object, java.lang.Object, java.lang.Object, java.lang.Object, java.lang.Object, java.lang.Object, java.lang.Object, java.lang.Object, java.lang.Object, java.lang.Object, java.lang.Object, java.lang.
Event: 538.496 Thread 0x000002279fd30f70 Exception <a 'java/lang/NoSuchMethodError'{0x00000007063242a8}: 'java.lang.Object java.lang.invoke.DelegatingMethodHandle$Holder.delegate(java.lang.Object, java.lang.Object, java.lang.Object, java.lang.Object, java.lang.Object, java.lang.Object, java.lang.Object, java.lang.Object, java.lang.Object, java.lang.Object, java.lang.Object, java.lang.Object, java.lang.Object, java.lang.Object, java.lang.Object, java.lang.Object, java.lang.Object, java.lang.Object, java.lang.Object, java.lang.Object, java.lang.Obj

ZGC Phase Switch (0 events):
No events

VM Operations (20 events):
Event: 547.935 Executing safepoint VM operation: Cleanup
Event: 547.935 Executing safepoint VM operation: Cleanup done
Event: 548.941 Executing safepoint VM operation: Cleanup
Event: 548.941 Executing safepoint VM operation: Cleanup done
Event: 550.952 Executing safepoint VM operation: Cleanup
Event: 550.952 Executing safepoint VM operation: Cleanup done
Event: 551.963 Executing safepoint VM operation: Cleanup
Event: 551.963 Executing safepoint VM operation: Cleanup done
Event: 553.978 Executing safepoint VM operation: Cleanup
Event: 553.978 Executing safepoint VM operation: Cleanup done
Event: 554.987 Executing safepoint VM operation: Cleanup
Event: 554.987 Executing safepoint VM operation: Cleanup done
Event: 555.995 Executing safepoint VM operation: Cleanup
Event: 555.995 Executing safepoint VM operation: Cleanup done
Event: 596.349 Executing safepoint VM operation: Cleanup
Event: 596.349 Executing safepoint VM operation: Cleanup done
Event: 626.539 Executing safepoint VM operation: Cleanup
Event: 626.548 Executing safepoint VM operation: Cleanup done
Event: 655.798 Executing safepoint VM operation: Cleanup
Event: 655.846 Executing safepoint VM operation: Cleanup done

Memory protections (0 events):
No events

Nmethod flushes (20 events):
Event: 524.815 Thread 0x000002279f96dcb0 flushing  nmethod 0x000002278888d990
Event: 524.815 Thread 0x000002279f96dcb0 flushing  nmethod 0x00000227888b6f10
Event: 524.816 Thread 0x000002279f96dcb0 flushing  nmethod 0x00000227888f5890
Event: 524.816 Thread 0x000002279f96dcb0 flushing  nmethod 0x00000227888f6490
Event: 524.816 Thread 0x000002279f96dcb0 flushing  nmethod 0x00000227888f7d10
Event: 524.816 Thread 0x000002279f96dcb0 flushing  nmethod 0x00000227888f8e90
Event: 524.816 Thread 0x000002279f96dcb0 flushing  nmethod 0x00000227888f9210
Event: 524.816 Thread 0x000002279f96dcb0 flushing  nmethod 0x00000227888fa910
Event: 524.816 Thread 0x000002279f96dcb0 flushing  nmethod 0x000002278898ea10
Event: 524.816 Thread 0x000002279f96dcb0 flushing  nmethod 0x000002278898ee10
Event: 524.816 Thread 0x000002279f96dcb0 flushing  nmethod 0x000002278898f190
Event: 524.816 Thread 0x000002279f96dcb0 flushing  nmethod 0x0000022788991990
Event: 524.816 Thread 0x000002279f96dcb0 flushing  nmethod 0x0000022788992c10
Event: 524.816 Thread 0x000002279f96dcb0 flushing  nmethod 0x0000022788994590
Event: 524.816 Thread 0x000002279f96dcb0 flushing  nmethod 0x00000227889d5290
Event: 524.816 Thread 0x000002279f96dcb0 flushing  nmethod 0x00000227889d5990
Event: 524.816 Thread 0x000002279f96dcb0 flushing  nmethod 0x0000022788a25e90
Event: 524.816 Thread 0x000002279f96dcb0 flushing  nmethod 0x0000022788a26590
Event: 524.816 Thread 0x000002279f96dcb0 flushing  nmethod 0x0000022788a29110
Event: 524.816 Thread 0x000002279f96dcb0 flushing  nmethod 0x0000022788a29a90

Events (20 events):
Event: 231.179 Thread 0x000002279fd30f70 Thread added: 0x00000227e831e170
Event: 231.441 Thread 0x00000227e74622e0 Thread exited: 0x00000227e74622e0
Event: 233.033 Thread 0x000002279fd30f70 Thread added: 0x00000227e831dae0
Event: 233.241 Thread 0x000002279fd30f70 Thread added: 0x00000227e831ee90
Event: 314.399 Thread 0x00000227e5a9f550 Thread exited: 0x00000227e5a9f550
Event: 362.494 Thread 0x00000227e5a9eec0 Thread added: 0x00000227e831f520
Event: 371.237 Thread 0x000002279fd30f70 Thread added: 0x00000227e831c0a0
Event: 394.473 Thread 0x000002279fd30f70 Thread added: 0x00000227e831c730
Event: 407.409 Thread 0x000002279f994990 Thread added: 0x00000227e8f1fca0
Event: 408.615 Thread 0x00000227e8f1fca0 Thread exited: 0x00000227e8f1fca0
Event: 409.406 Thread 0x000002279fd30f70 Thread added: 0x00000227e831fbb0
Event: 412.092 Thread 0x000002279fd30f70 Thread added: 0x00000227e831e800
Event: 415.919 Thread 0x000002279f994990 Thread added: 0x00000227e8404090
Event: 417.006 Thread 0x00000227e8404090 Thread exited: 0x00000227e8404090
Event: 510.104 Thread 0x000002279fd30f70 Thread added: 0x00000227e831d450
Event: 525.148 Thread 0x000002279fd30f70 Thread added: 0x00000227e831cdc0
Event: 528.698 Thread 0x000002279fd30f70 Thread added: 0x00000227e8323030
Event: 536.287 Thread 0x000002279fd30f70 Thread added: 0x00000227e83236c0
Event: 574.445 Thread 0x00000227e831f520 Thread exited: 0x00000227e831f520
Event: 598.501 Thread 0x00000227e5a9eec0 Thread added: 0x00000227e8321c80


Dynamic libraries:
0x00007ff6aaf70000 - 0x00007ff6aaf7e000 	C:\Users\NAGARAJU\.antigravity-ide\extensions\redhat.java-1.56.0-win32-x64\jre\21.0.12.1-win32-x86_64\bin\java.exe
0x00007ffba2e60000 - 0x00007ffba30c6000 	C:\WINDOWS\SYSTEM32\ntdll.dll
0x00007ffba16f0000 - 0x00007ffba17b9000 	C:\WINDOWS\System32\KERNEL32.DLL
0x00007ffba01d0000 - 0x00007ffba05cf000 	C:\WINDOWS\System32\KERNELBASE.dll
0x00007ffba0070000 - 0x00007ffba01bc000 	C:\WINDOWS\System32\ucrtbase.dll
0x00007ffb616c0000 - 0x00007ffb616d8000 	C:\Users\NAGARAJU\.antigravity-ide\extensions\redhat.java-1.56.0-win32-x64\jre\21.0.12.1-win32-x86_64\bin\jli.dll
0x00007ffba2320000 - 0x00007ffba24e6000 	C:\WINDOWS\System32\USER32.dll
0x00007ffba08a0000 - 0x00007ffba08c7000 	C:\WINDOWS\System32\win32u.dll
0x00007ffba2df0000 - 0x00007ffba2e1b000 	C:\WINDOWS\System32\GDI32.dll
0x00007ffb616e0000 - 0x00007ffb616fe000 	C:\Users\NAGARAJU\.antigravity-ide\extensions\redhat.java-1.56.0-win32-x64\jre\21.0.12.1-win32-x86_64\bin\VCRUNTIME140.dll
0x00007ffba05e0000 - 0x00007ffba0709000 	C:\WINDOWS\System32\gdi32full.dll
0x00007ffba0ae0000 - 0x00007ffba0b83000 	C:\WINDOWS\System32\msvcp_win.dll
0x00007ffb88780000 - 0x00007ffb88a11000 	C:\WINDOWS\WinSxS\amd64_microsoft.windows.common-controls_6595b64144ccf1df_6.0.26100.8972_none_3e0da176e32f9d4b\COMCTL32.dll
0x00007ffba24f0000 - 0x00007ffba2599000 	C:\WINDOWS\System32\msvcrt.dll
0x00007ffba2150000 - 0x00007ffba2182000 	C:\WINDOWS\System32\IMM32.DLL
0x00007ffb83500000 - 0x00007ffb8350c000 	C:\Users\NAGARAJU\.antigravity-ide\extensions\redhat.java-1.56.0-win32-x64\jre\21.0.12.1-win32-x86_64\bin\vcruntime140_1.dll
0x00007ffb1bac0000 - 0x00007ffb1bb4d000 	C:\Users\NAGARAJU\.antigravity-ide\extensions\redhat.java-1.56.0-win32-x64\jre\21.0.12.1-win32-x86_64\bin\msvcp140.dll
0x00007ffac8530000 - 0x00007ffac92d2000 	C:\Users\NAGARAJU\.antigravity-ide\extensions\redhat.java-1.56.0-win32-x64\jre\21.0.12.1-win32-x86_64\bin\server\jvm.dll
0x00007ffba0d00000 - 0x00007ffba0dbc000 	C:\WINDOWS\System32\ADVAPI32.dll
0x00007ffba28a0000 - 0x00007ffba294a000 	C:\WINDOWS\System32\sechost.dll
0x00007ffba25a0000 - 0x00007ffba26b8000 	C:\WINDOWS\System32\RPCRT4.dll
0x00007ffba1ab0000 - 0x00007ffba1b32000 	C:\WINDOWS\System32\WS2_32.dll
0x00007ffb9fed0000 - 0x00007ffb9ff2e000 	C:\WINDOWS\SYSTEM32\POWRPROF.dll
0x00007ffb99880000 - 0x00007ffb9988b000 	C:\WINDOWS\SYSTEM32\VERSION.dll
0x00007ffb99840000 - 0x00007ffb99876000 	C:\WINDOWS\SYSTEM32\WINMM.dll
0x00007ffb9feb0000 - 0x00007ffb9fec5000 	C:\WINDOWS\SYSTEM32\UMPDC.dll
0x00007ffb9ed60000 - 0x00007ffb9ed7b000 	C:\WINDOWS\SYSTEM32\kernel.appcore.dll
0x00007ffb82eb0000 - 0x00007ffb82eba000 	C:\Users\NAGARAJU\.antigravity-ide\extensions\redhat.java-1.56.0-win32-x64\jre\21.0.12.1-win32-x86_64\bin\jimage.dll
0x00007ffb94900000 - 0x00007ffb94b42000 	C:\WINDOWS\SYSTEM32\DBGHELP.DLL
0x00007ffba2a10000 - 0x00007ffba2d95000 	C:\WINDOWS\System32\combase.dll
0x00007ffba21c0000 - 0x00007ffba2299000 	C:\WINDOWS\System32\OLEAUT32.dll
0x00007ffb81c30000 - 0x00007ffb81c6b000 	C:\WINDOWS\SYSTEM32\dbgcore.DLL
0x00007ffba08d0000 - 0x00007ffba097c000 	C:\WINDOWS\System32\bcryptPrimitives.dll
0x00007ffb65d80000 - 0x00007ffb65d8f000 	C:\Users\NAGARAJU\.antigravity-ide\extensions\redhat.java-1.56.0-win32-x64\jre\21.0.12.1-win32-x86_64\bin\instrument.dll
0x00007ffb5fe50000 - 0x00007ffb5fe70000 	C:\Users\NAGARAJU\.antigravity-ide\extensions\redhat.java-1.56.0-win32-x64\jre\21.0.12.1-win32-x86_64\bin\java.dll
0x00007ffba0f50000 - 0x00007ffba16d8000 	C:\WINDOWS\System32\SHELL32.dll
0x00007ffb9db40000 - 0x00007ffb9e3db000 	C:\WINDOWS\SYSTEM32\windows.storage.dll
0x00007ffba0dd0000 - 0x00007ffba0ec9000 	C:\WINDOWS\System32\SHCORE.dll
0x00007ffba0c90000 - 0x00007ffba0cf6000 	C:\WINDOWS\System32\shlwapi.dll
0x00007ffb9ff90000 - 0x00007ffb9ffb9000 	C:\WINDOWS\SYSTEM32\profapi.dll
0x00007ffb4d020000 - 0x00007ffb4d038000 	C:\Users\NAGARAJU\.antigravity-ide\extensions\redhat.java-1.56.0-win32-x64\jre\21.0.12.1-win32-x86_64\bin\zip.dll
0x00007ffb72940000 - 0x00007ffb72950000 	C:\Users\NAGARAJU\.antigravity-ide\extensions\redhat.java-1.56.0-win32-x64\jre\21.0.12.1-win32-x86_64\bin\net.dll
0x00007ffb95940000 - 0x00007ffb95a68000 	C:\WINDOWS\SYSTEM32\WINHTTP.dll
0x00007ffb9f310000 - 0x00007ffb9f37c000 	C:\WINDOWS\system32\mswsock.dll
0x00007ffb5f9d0000 - 0x00007ffb5f9e6000 	C:\Users\NAGARAJU\.antigravity-ide\extensions\redhat.java-1.56.0-win32-x64\jre\21.0.12.1-win32-x86_64\bin\nio.dll
0x00007ffb62900000 - 0x00007ffb62910000 	C:\Users\NAGARAJU\.antigravity-ide\extensions\redhat.java-1.56.0-win32-x64\jre\21.0.12.1-win32-x86_64\bin\verify.dll
0x00007ffb1ba00000 - 0x00007ffb1ba27000 	C:\Users\NAGARAJU\.gradle\native\1def1411415f61bf3af743bc5b6707747c0891f09f0c88961ee8f79bc544acac\windows-amd64\native-platform.dll
0x00007ffafafa0000 - 0x00007ffafb018000 	C:\Users\NAGARAJU\.gradle\native\0.2.7\x86_64-windows-gnu\gradle-fileevents.dll
0x00007ffb95860000 - 0x00007ffb9586a000 	C:\Users\NAGARAJU\.antigravity-ide\extensions\redhat.java-1.56.0-win32-x64\jre\21.0.12.1-win32-x86_64\bin\management.dll
0x00007ffb831e0000 - 0x00007ffb831ec000 	C:\Users\NAGARAJU\.antigravity-ide\extensions\redhat.java-1.56.0-win32-x64\jre\21.0.12.1-win32-x86_64\bin\management_ext.dll
0x00007ffba1cb0000 - 0x00007ffba1cb8000 	C:\WINDOWS\System32\PSAPI.DLL
0x00007ffb9e6b0000 - 0x00007ffb9e6e3000 	C:\WINDOWS\SYSTEM32\IPHLPAPI.DLL
0x00007ffba16e0000 - 0x00007ffba16ea000 	C:\WINDOWS\System32\NSI.dll
0x00007ffb831d0000 - 0x00007ffb831d9000 	C:\Users\NAGARAJU\.antigravity-ide\extensions\redhat.java-1.56.0-win32-x64\jre\21.0.12.1-win32-x86_64\bin\extnet.dll
0x00007ffb9f600000 - 0x00007ffb9f61b000 	C:\WINDOWS\SYSTEM32\CRYPTSP.dll
0x00007ffb9ecc0000 - 0x00007ffb9ecf9000 	C:\WINDOWS\system32\rsaenh.dll
0x00007ffb9f3c0000 - 0x00007ffb9f3f2000 	C:\WINDOWS\SYSTEM32\USERENV.dll
0x00007ffb9ff60000 - 0x00007ffb9ff8a000 	C:\WINDOWS\SYSTEM32\bcrypt.dll
0x00007ffb9f620000 - 0x00007ffb9f62c000 	C:\WINDOWS\SYSTEM32\CRYPTBASE.dll
0x00007ffb831c0000 - 0x00007ffb831ce000 	C:\Users\NAGARAJU\.antigravity-ide\extensions\redhat.java-1.56.0-win32-x64\jre\21.0.12.1-win32-x86_64\bin\sunmscapi.dll
0x00007ffba0710000 - 0x00007ffba088e000 	C:\WINDOWS\System32\CRYPT32.dll
0x00007ffb9f840000 - 0x00007ffb9f870000 	C:\WINDOWS\SYSTEM32\ncrypt.dll
0x00007ffb9f7f0000 - 0x00007ffb9f82f000 	C:\WINDOWS\SYSTEM32\NTASN1.dll
0x00007ffb15860000 - 0x00007ffb15868000 	C:\WINDOWS\system32\wshunix.dll

JVMTI agents:
C:\Users\NAGARAJU\.gradle\wrapper\dists\gradle-8.14.1-bin\baw1sv0jfoi8rxs14qo3h49cs\gradle-8.14.1\lib\agents\gradle-instrumentation-agent-8.14.1.jar path:C:\Users\NAGARAJU\.antigravity-ide\extensions\redhat.java-1.56.0-win32-x64\jre\21.0.12.1-win32-x86_64\bin\instrument.dll, loaded, initialized, instrumentlib options:none

dbghelp: loaded successfully - version: 4.0.5 - missing functions: none
symbol engine: initialized successfully - sym options: 0x614 - pdb path: .;C:\Users\NAGARAJU\.antigravity-ide\extensions\redhat.java-1.56.0-win32-x64\jre\21.0.12.1-win32-x86_64\bin;C:\WINDOWS\SYSTEM32;C:\WINDOWS\WinSxS\amd64_microsoft.windows.common-controls_6595b64144ccf1df_6.0.26100.8972_none_3e0da176e32f9d4b;C:\Users\NAGARAJU\.antigravity-ide\extensions\redhat.java-1.56.0-win32-x64\jre\21.0.12.1-win32-x86_64\bin\server;C:\Users\NAGARAJU\.gradle\native\1def1411415f61bf3af743bc5b6707747c0891f09f0c88961ee8f79bc544acac\windows-amd64;C:\Users\NAGARAJU\.gradle\native\0.2.7\x86_64-windows-gnu

VM Arguments:
jvm_args: --add-opens=java.base/java.lang=ALL-UNNAMED --add-opens=java.base/java.lang.invoke=ALL-UNNAMED --add-opens=java.base/java.util=ALL-UNNAMED --add-opens=java.prefs/java.util.prefs=ALL-UNNAMED --add-exports=jdk.compiler/com.sun.tools.javac.api=ALL-UNNAMED --add-exports=jdk.compiler/com.sun.tools.javac.util=ALL-UNNAMED --add-opens=java.base/java.util=ALL-UNNAMED --add-opens=java.prefs/java.util.prefs=ALL-UNNAMED --add-opens=java.base/java.nio.charset=ALL-UNNAMED --add-opens=java.base/java.net=ALL-UNNAMED --add-opens=java.base/java.util.concurrent.atomic=ALL-UNNAMED --add-opens=java.xml/javax.xml.namespace=ALL-UNNAMED -Xmx4096m -Dfile.encoding=UTF-8 -Duser.country=IN -Duser.language=en -Duser.variant -javaagent:C:\Users\NAGARAJU\.gradle\wrapper\dists\gradle-8.14.1-bin\baw1sv0jfoi8rxs14qo3h49cs\gradle-8.14.1\lib\agents\gradle-instrumentation-agent-8.14.1.jar 
java_command: org.gradle.launcher.daemon.bootstrap.GradleDaemon 8.14.1
java_class_path (initial): C:\Users\NAGARAJU\.gradle\wrapper\dists\gradle-8.14.1-bin\baw1sv0jfoi8rxs14qo3h49cs\gradle-8.14.1\lib\gradle-daemon-main-8.14.1.jar
Launcher Type: SUN_STANDARD

[Global flags]
     intx CICompilerCount                          = 4                                         {product} {ergonomic}
     uint ConcGCThreads                            = 2                                         {product} {ergonomic}
     uint G1ConcRefinementThreads                  = 8                                         {product} {ergonomic}
   size_t G1HeapRegionSize                         = 2097152                                   {product} {ergonomic}
    uintx GCDrainStackTargetSize                   = 64                                        {product} {ergonomic}
   size_t InitialHeapSize                          = 123731968                                 {product} {ergonomic}
   size_t MarkStackSize                            = 4194304                                   {product} {ergonomic}
   size_t MaxHeapSize                              = 4294967296                                {product} {command line}
   size_t MaxNewSize                               = 2575302656                                {product} {ergonomic}
   size_t MinHeapDeltaBytes                        = 2097152                                   {product} {ergonomic}
   size_t MinHeapSize                              = 8388608                                   {product} {ergonomic}
    uintx NonNMethodCodeHeapSize                   = 5839372                                {pd product} {ergonomic}
    uintx NonProfiledCodeHeapSize                  = 122909434                              {pd product} {ergonomic}
    uintx ProfiledCodeHeapSize                     = 122909434                              {pd product} {ergonomic}
    uintx ReservedCodeCacheSize                    = 251658240                              {pd product} {ergonomic}
     bool SegmentedCodeCache                       = true                                      {product} {ergonomic}
   size_t SoftMaxHeapSize                          = 4294967296                             {manageable} {ergonomic}
     bool UseCompressedOops                        = true                           {product lp64_product} {ergonomic}
     bool UseG1GC                                  = true                                      {product} {ergonomic}
     bool UseLargePagesIndividualAllocation        = false                                  {pd product} {ergonomic}

Logging:
Log output configuration:
 #0: stdout all=warning uptime,level,tags foldmultilines=false
 #1: stderr all=off uptime,level,tags foldmultilines=false

Release file:
JAVA_VERSION="21.0.12.1" 
MODULES="java.base java.compiler java.datatransfer java.xml java.prefs java.desktop java.instrument java.logging java.management java.security.sasl java.naming java.rmi java.management.rmi java.net.http java.scripting java.security.jgss java.transaction.xa java.sql java.sql.rowset java.xml.crypto java.se java.smartcardio jdk.accessibility jdk.internal.jvmstat jdk.attach jdk.charsets jdk.internal.opt jdk.zipfs jdk.compiler jdk.crypto.ec jdk.crypto.cryptoki jdk.crypto.mscapi jdk.dynalink jdk.internal.ed jdk.editpad jdk.hotspot.agent jdk.httpserver jdk.internal.le jdk.internal.vm.ci jdk.internal.vm.compiler jdk.internal.vm.compiler.management jdk.jartool jdk.javadoc jdk.jcmd jdk.management jdk.management.agent jdk.jconsole jdk.jdeps jdk.jdwp.agent jdk.jdi jdk.jfr jdk.jshell jdk.jsobject jdk.jstatd jdk.localedata jdk.management.jfr jdk.naming.dns jdk.naming.rmi jdk.net jdk.nio.mapmode jdk.random jdk.sctp jdk.security.auth jdk.security.jgss jdk.unsupported jdk.unsupported.desktop jdk.xml.dom" 

Environment Variables:
JAVA_HOME=C:\Program Files\Eclipse Adoptium\jdk-21.0.11.10-hotspot
PATH=C:\Program Files\Eclipse Adoptium\jdk-21.0.11.10-hotspot\bin;C:\Program Files\Eclipse Adoptium\jdk-11.0.26.4-hotspot\bin;C:\Program Files\Eclipse Adoptium\jdk-17.0.14.7-hotspot\bin;C:\Program Files\Java\jdk-17\bin;C:\Program Files\nodejs;E:\Android\Sdk\platform-tools;E:\Android\Sdk\emulator;E:\Android\Sdk\cmdline-tools\latest\bin;C:\Users\NAGARAJU\AppData\Local\Android\Sdk\platform-tools;C:\Users\NAGARAJU\AppData\Local\Android\Sdk\emulator;C:\Users\NAGARAJU\AppData\Local\Android\Sdk\cmdline-tools\latest\bin;C:\Program Files\Eclipse Adoptium\jdk-21.0.11.10-hotspot\bin;C:\Program Files\Eclipse Adoptium\jdk-11.0.26.4-hotspot\bin;C:\Program Files\Eclipse Adoptium\jdk-17.0.14.7-hotspot\bin;C:\Program Files\Java\jdk-17\bin;C:\Program Files\nodejs;E:\Android\Sdk\platform-tools;E:\Android\Sdk\emulator;E:\Android\Sdk\cmdline-tools\latest\bin;C:\Users\NAGARAJU\AppData\Local\Android\Sdk\platform-tools;C:\Users\NAGARAJU\AppData\Local\Android\Sdk\emulator;C:\Users\NAGARAJU\AppData\Local\Android\Sdk\cmdline-tools\latest\bin;C:\Program Files\Eclipse Adoptium\jdk-21.0.11.10-hotspot\bin;C:\Program Files\Eclipse Adoptium\jdk-11.0.26.4-hotspot\bin;C:\Program Files\Eclipse Adoptium\jdk-17.0.14.7-hotspot\bin;C:\Program Files\Java\jdk-17\bin;C:\Program Files\nodejs;E:\Android\Sdk\platform-tools;E:\Android\Sdk\emulator;E:\Android\Sdk\cmdline-tools\latest\bin;C:\Users\NAGARAJU\AppData\Local\Android\Sdk\platform-tools;C:\Users\NAGARAJU\AppData\Local\Android\Sdk\emulator;C:\Users\NAGARAJU\AppData\Local\Android\Sdk\cmdline-tools\latest\bin;C:\WINDOWS\System32;C:\ProgramData\chocolatey\bin;C:\Program Files\nodejs\;C:\Program Files\Git\cmd;C:\Windows\System32;C:\Windows\System32\WindowsPowerShell\v1.0;C:\Windows\System32\OpenSSH;C:\Windows\System32\WindowsPowerShell\v1.0\;C:\Users\NAGARAJU\Downloads\stripe_1.30.0_windows_x86_64;C:\WINDOWS\system32;C:\WINDOWS;C:\WINDOWS\System32\Wbem;C:\WINDOWS\System32\WindowsPowerShell\v1.0\;C:\WINDOWS\System32\OpenSSH\;C:\ProgramData\chocolatey\bin;C:\Program Files\nodejs\;C:\Program Files\Git\cmd;C:\Windows\System32;C:\Windows\System32\WindowsPowerShell\v1.0;C:\Windows\System32\OpenSSH;C:\Windows\System32\WindowsPowerShell\v1.0\;C:\Users\NAGARAJU\Downloads\stripe_1.30.0_windows_x86_64;C:\WINDOWS\system32;C:\WINDOWS;C:\WINDOWS\System32\Wbem;C:\WINDOWS\System32\WindowsPowerShell\v1.0\;C:\WINDOWS\System32\OpenSSH\;C:\ProgramData\chocolatey\bin;C:\Program Files\nodejs\;C:\Program Files\Git\cmd;C:\Windows\System32;C:\Windows\System32\WindowsPowerShell\v1.0;C:\Windows\System32\OpenSSH;C:\Windows\System32\WindowsPowerShell\v1.0\;C:\Users\NAGARAJU\Downloads\stripe_1.30.0_windows_x86_64;C:\WINDOWS\system32;C:\WINDOWS;C:\WINDOWS\System32\Wbem;C:\WINDOWS\System32\WindowsPowerShell\v1.0\;C:\WINDOWS\System32\OpenSSH\;C:\Program Files\Eclipse Adoptium\jdk-21.0.11.10-hotspot\bin;C:\Program Files\Eclipse Adoptium\jdk-11.0.26.4-hotspot\bin;C:\Program Files\Eclipse Adoptium\jdk-17.0.14.7-hotspot\bin;C:\Program Files\Java\jdk-17\bin;C:\Program Files\nodejs;E:\Android\Sdk\platform-tools;E:\Android\Sdk\emulator;E:\Android\Sdk\cmdline-tools\latest\bin;C:\Users\NAGARAJU\AppData\Local\Android\Sdk\platform-tools;C:\Users\NAGARAJU\AppData\Local\Android\Sdk\emulator;C:\Users\NAGARAJU\AppData\Local\Android\Sdk\cmdline-tools\latest\bin;C:\Program Files\Eclipse Adoptium\jdk-21.0.11.10-hotspot\bin;C:\Program Files\Eclipse Adoptium\jdk-11.0.26.4-hotspot\bin;C:\Program Files\Eclipse Adoptium\jdk-17.0.14.7-hotspot\bin;C:\Program Files\Java\jdk-17\bin;C:\Program Files\nodejs;E:\Android\Sdk\platform-tools;E:\Android\Sdk\emulator;E:\Android\Sdk\cmdline-tools\latest\bin;C:\Users\NAGARAJU\AppData\Local\Android\Sdk\platform-tools;C:\Users\NAGARAJU\AppData\Local\Android\Sdk\emulator;C:\Users\NAGARAJU\AppData\Local\Android\Sdk\cmdline-tools\latest\bin;C:\Program Files\Eclipse Adoptium\jdk-21.0.11.10-hotspot\bin;C:\Program Files\Eclipse Adoptium\jdk-11.0.26.4-hotspot\bin;C:\Program Files\Eclipse Adoptium\jdk-17.0.14.7-hotspot\bin;C:\Program Files\Java\jdk-17\bin;C:\Program Files\nodejs;E:\Android\Sdk\platform-tools;E:\Android\Sdk\emulator;E:\Android\Sdk\cmdline-tools\latest\bin;C:\Users\NAGARAJU\AppData\Local\Android\Sdk\platform-tools;C:\Users\NAGARAJU\AppData\Local\Android\Sdk\emulator;C:\Users\NAGARAJU\AppData\Local\Android\Sdk\cmdline-tools\latest\bin;C:\WINDOWS\System32;C:\ProgramData\chocolatey\bin;C:\Program Files\nodejs\;C:\Program Files\Git\cmd;C:\Windows\System32;C:\Windows\System32\WindowsPowerShell\v1.0;C:\Windows\System32\OpenSSH;C:\Windows\System32\WindowsPowerShell\v1.0\;C:\Users\NAGARAJU\Downloads\stripe_1.30.0_windows_x86_64;C:\WINDOWS\system32;C:\WINDOWS;C:\WINDOWS\System32\Wbem;C:\WINDOWS\System32\WindowsPowerShell\v1.0\;C:\WINDOWS\System32\OpenSSH\;C:\ProgramData\chocolatey\bin;C:\Program Files\nodejs\;C:\Program Files\Git\cmd;C:\Windows\System32;C:\Windows\System32\WindowsPowerShell\v1.0;C:\Windows\System32\OpenSSH;C:\Windows\System32\WindowsPowerShell\v1.0\;C:\Users\NAGARAJU\Downloads\stripe_1.30.0_windows_x86_64;C:\WINDOWS\system32;C:\WINDOWS;C:\WINDOWS\System32\Wbem;C:\WINDOWS\System32\WindowsPowerShell\v1.0\;C:\WINDOWS\System32\OpenSSH\;C:\ProgramData\chocolatey\bin;C:\Program Files\nodejs\;C:\Program Files\Git\cmd;C:\Windows\System32;C:\Windows\System32\WindowsPowerShell\v1.0;C:\Windows\System32\OpenSSH;C:\Windows\System32\WindowsPowerShell\v1.0\;C:\Users\NAGARAJU\Downloads\stripe_1.30.0_windows_x86_64;C:\WINDOWS\system32;C:\WINDOWS;C:\WINDOWS\System32\Wbem;C:\WINDOWS\System32\WindowsPowerShell\v1.0\;C:\WINDOWS\System32\OpenSSH\;C:\Users\NAGARAJU\AppData\Local\Android\Sdk\platform-tools;C:\Users\NAGARAJU\AppData\Local\Android\Sdk\cmdline-tools\latest\bin;C:\Users\NAGARAJU\AppData\Roaming\npm;C:\Users\NAGARAJU\AppData\Local\Programs\Microsoft VS Code\bin;C:\Users\NAGARAJU\AppData\Local\Programs\Antigravity IDE\bin;C:\Users\NAGARAJU\AppData\Local\Microsoft\WindowsApps;C:\Users\NAGARAJU\AppData\Local\Kingsoft\WPS Office\12.1.0.27458\clitool
USERNAME=NAGARAJU
OS=Windows_NT
PROCESSOR_IDENTIFIER=AMD64 Family 23 Model 104 Stepping 1, AuthenticAMD
TMP=C:\Users\NAGARAJU\AppData\Local\Temp
TEMP=C:\Users\NAGARAJU\AppData\Local\Temp




Periodic native trim disabled

---------------  S Y S T E M  ---------------

OS:
 Windows 11 , 64 bit Build 26100 (10.0.26100.9168)
OS uptime: 0 days 0:59 hours

CPU: total 8 (initial active 8) (8 cores per cpu, 2 threads per core) family 23 model 104 stepping 1 microcode 0x8608109, cx8, cmov, fxsr, ht, mmx, 3dnowpref, sse, sse2, sse3, ssse3, sse4a, sse4.1, sse4.2, popcnt, lzcnt, tsc, tscinvbit, avx, avx2, aes, clmul, bmi1, bmi2, adx, sha, fma, vzeroupper, clflush, clflushopt, rdtscp, rdpid, f16c
Processor Information for the first 8 processors :
  Max Mhz: 2600, Current Mhz: 2600, Mhz Limit: 2600

Memory: 4k page, system-wide physical 7502M (1051M free)
TotalPageFile size 40270M (AvailPageFile size 711M)
current process WorkingSet (physical memory assigned to process): 32M, peak: 165M
current process commit charge ("private bytes"): 317M, peak: 351M

vm_info: OpenJDK 64-Bit Server VM (21.0.12.1+1-LTS) for windows-amd64 JRE (21.0.12.1+1-LTS), built on 2026-08-18T00:00:00Z by "admin" with MS VC++ 17.12 (VS2022)

END.
