#
# There is insufficient memory for the Java Runtime Environment to continue.
# Native memory allocation (mmap) failed to map 56623104 bytes. Error detail: G1 virtual space
# Possible reasons:
#   The system is out of physical RAM or swap space
#   This process is running with CompressedOops enabled, and the Java Heap may be blocking the growth of the native heap
# Possible solutions:
#   Reduce memory load on the system
#   Increase physical memory or swap space
#   Check if swap backing store is full
#   Decrease Java heap size (-Xmx/-Xms)
#   Decrease number of Java threads
#   Decrease Java thread stack sizes (-Xss)
#   Set larger code cache with -XX:ReservedCodeCacheSize=
#   JVM is running with Zero Based Compressed Oops mode in which the Java heap is
#     placed in the first 32GB address space. The Java Heap base address is the
#     maximum limit for the native heap growth. Please use -XX:HeapBaseMinAddress
#     to set the Java Heap base and to place the Java Heap above 32GB virtual address.
# This output file may be truncated or incomplete.
#
#  Out of Memory Error (os_windows.cpp:3732), pid=31716, tid=31468
#
# JRE version: OpenJDK Runtime Environment Temurin-21.0.12.1+1 (21.0.12.1+1) (build 21.0.12.1+1-LTS)
# Java VM: OpenJDK 64-Bit Server VM Temurin-21.0.12.1+1 (21.0.12.1+1-LTS, mixed mode, sharing, tiered, compressed oops, compressed class ptrs, g1 gc, windows-amd64)
# No core dump will be written. Minidumps are not enabled by default on client versions of Windows
#

---------------  S U M M A R Y ------------

Command Line: --add-opens=java.base/java.lang=ALL-UNNAMED --add-opens=java.base/java.lang.invoke=ALL-UNNAMED --add-opens=java.base/java.util=ALL-UNNAMED --add-opens=java.prefs/java.util.prefs=ALL-UNNAMED --add-exports=jdk.compiler/com.sun.tools.javac.api=ALL-UNNAMED --add-exports=jdk.compiler/com.sun.tools.javac.util=ALL-UNNAMED --add-opens=java.base/java.util=ALL-UNNAMED --add-opens=java.prefs/java.util.prefs=ALL-UNNAMED --add-opens=java.base/java.nio.charset=ALL-UNNAMED --add-opens=java.base/java.net=ALL-UNNAMED --add-opens=java.base/java.util.concurrent.atomic=ALL-UNNAMED --add-opens=java.xml/javax.xml.namespace=ALL-UNNAMED -Xmx4096m -Dfile.encoding=UTF-8 -Duser.country=IN -Duser.language=en -Duser.variant -javaagent:C:\Users\NAGARAJU\.gradle\wrapper\dists\gradle-8.14.1-bin\baw1sv0jfoi8rxs14qo3h49cs\gradle-8.14.1\lib\agents\gradle-instrumentation-agent-8.14.1.jar org.gradle.launcher.daemon.bootstrap.GradleDaemon 8.14.1

Host: AMD Ryzen 3 5300U with Radeon Graphics         , 8 cores, 7G,  Windows 11 , 64 bit Build 26100 (10.0.26100.9168)
Time: Fri Sep  4 23:55:29 2026 India Standard Time elapsed time: 715.566957 seconds (0d 0h 11m 55s)

---------------  T H R E A D  ---------------

Current thread (0x0000015a169f5c60):  VMThread "VM Thread"          [id=31468, stack(0x000000132be00000,0x000000132bf00000) (1024K)]

Stack: [0x000000132be00000,0x000000132bf00000]
Native frames: (J=compiled Java code, j=interpreted, Vv=VM code, C=native code)
V  [jvm.dll+0x6d83e9]
V  [jvm.dll+0x8b5736]
V  [jvm.dll+0x8b7cee]
V  [jvm.dll+0x8b83d3]
V  [jvm.dll+0x284596]
V  [jvm.dll+0x6d4d05]
V  [jvm.dll+0x6c898a]
V  [jvm.dll+0x35f2f8]
V  [jvm.dll+0x366f36]
V  [jvm.dll+0x3b804e]
V  [jvm.dll+0x3b82f8]
V  [jvm.dll+0x33320c]
V  [jvm.dll+0x33329a]
V  [jvm.dll+0x377382]
V  [jvm.dll+0x375b1a]
V  [jvm.dll+0x332951]
V  [jvm.dll+0x37517a]
V  [jvm.dll+0x8be0c0]
V  [jvm.dll+0x8bf434]
V  [jvm.dll+0x8bf960]
V  [jvm.dll+0x8bfc03]
V  [jvm.dll+0x8600cd]
V  [jvm.dll+0x6d6c1d]
C  [ucrtbase.dll+0x2cd30]
C  [KERNEL32.DLL+0x2ccb7]
C  [ntdll.dll+0xaad6c]

VM_Operation (0x000000132d9ff020): G1CollectForAllocation, mode: safepoint, requested by thread 0x0000015a16b8cbd0


---------------  P R O C E S S  ---------------

Threads class SMR info:
_java_thread_list=0x0000015a5c7ed4b0, length=29, elements={
0x0000015a7a6b1ab0, 0x0000015a16a10d90, 0x0000015a16a12510, 0x0000015a16a16290,
0x0000015a16a17180, 0x0000015a16a21760, 0x0000015a16a26930, 0x0000015a16a26fa0,
0x0000015a16a27800, 0x0000015a16c8d2b0, 0x0000015a16c8dfd0, 0x0000015a16c8fa10,
0x0000015a16c8d940, 0x0000015a16c8e660, 0x0000015a16c8ecf0, 0x0000015a16c8f380,
0x0000015a16b8df80, 0x0000015a16b8d260, 0x0000015a16b8f330, 0x0000015a16b8e610,
0x0000015a16b8cbd0, 0x0000015a16b8d8f0, 0x0000015a16b8eca0, 0x0000015a16b8f9c0,
0x0000015a16b906e0, 0x0000015a16b92e40, 0x0000015a16b934d0, 0x0000015a16b90d70,
0x0000015a16b91a90
}

Java Threads: ( => current thread )
  0x0000015a7a6b1ab0 JavaThread "main"                              [_thread_blocked, id=30696, stack(0x000000132b700000,0x000000132b800000) (1024K)]
  0x0000015a16a10d90 JavaThread "Reference Handler"          daemon [_thread_blocked, id=25548, stack(0x000000132bf00000,0x000000132c000000) (1024K)]
  0x0000015a16a12510 JavaThread "Finalizer"                  daemon [_thread_blocked, id=27284, stack(0x000000132c000000,0x000000132c100000) (1024K)]
  0x0000015a16a16290 JavaThread "Signal Dispatcher"          daemon [_thread_blocked, id=31436, stack(0x000000132c100000,0x000000132c200000) (1024K)]
  0x0000015a16a17180 JavaThread "Attach Listener"            daemon [_thread_blocked, id=30716, stack(0x000000132c200000,0x000000132c300000) (1024K)]
  0x0000015a16a21760 JavaThread "Service Thread"             daemon [_thread_blocked, id=29708, stack(0x000000132c300000,0x000000132c400000) (1024K)]
  0x0000015a16a26930 JavaThread "Monitor Deflation Thread"   daemon [_thread_blocked, id=31404, stack(0x000000132c400000,0x000000132c500000) (1024K)]
  0x0000015a16a26fa0 JavaThread "C2 CompilerThread0"         daemon [_thread_blocked, id=31412, stack(0x000000132c500000,0x000000132c600000) (1024K)]
  0x0000015a16a27800 JavaThread "C1 CompilerThread0"         daemon [_thread_blocked, id=31408, stack(0x000000132c600000,0x000000132c700000) (1024K)]
  0x0000015a16c8d2b0 JavaThread "Common-Cleaner"             daemon [_thread_blocked, id=31636, stack(0x000000132c700000,0x000000132c800000) (1024K)]
  0x0000015a16c8dfd0 JavaThread "Notification Thread"        daemon [_thread_blocked, id=31628, stack(0x000000132c800000,0x000000132c900000) (1024K)]
  0x0000015a16c8fa10 JavaThread "Daemon health stats"               [_thread_blocked, id=28076, stack(0x000000132ce00000,0x000000132cf00000) (1024K)]
  0x0000015a16c8d940 JavaThread "Incoming local TCP Connector on port 54812"        [_thread_in_native, id=31612, stack(0x000000132cb00000,0x000000132cc00000) (1024K)]
  0x0000015a16c8e660 JavaThread "Daemon periodic checks"            [_thread_blocked, id=27960, stack(0x000000132cf00000,0x000000132d000000) (1024K)]
  0x0000015a16c8ecf0 JavaThread "Daemon"                            [_thread_blocked, id=30132, stack(0x000000132d300000,0x000000132d400000) (1024K)]
  0x0000015a16c8f380 JavaThread "Handler for socket connection from /127.0.0.1:54812 to /127.0.0.1:54824"        [_thread_in_native, id=28656, stack(0x000000132d400000,0x000000132d500000) (1024K)]
  0x0000015a16b8df80 JavaThread "Cancel handler"                    [_thread_blocked, id=31556, stack(0x000000132d500000,0x000000132d600000) (1024K)]
  0x0000015a16b8d260 JavaThread "Daemon worker"                     [_thread_blocked, id=17264, stack(0x000000132d600000,0x000000132d700000) (1024K)]
  0x0000015a16b8f330 JavaThread "Asynchronous log dispatcher for DefaultDaemonConnection: socket connection from /127.0.0.1:54812 to /127.0.0.1:54824"        [_thread_blocked, id=25608, stack(0x000000132d700000,0x000000132d800000) (1024K)]
  0x0000015a16b8e610 JavaThread "Stdin handler"                     [_thread_blocked, id=31748, stack(0x000000132d800000,0x000000132d900000) (1024K)]
  0x0000015a16b8cbd0 JavaThread "Daemon client event forwarder"        [_thread_blocked, id=31752, stack(0x000000132d900000,0x000000132da00000) (1024K)]
  0x0000015a16b8d8f0 JavaThread "Cache worker for journal cache (C:\Users\NAGARAJU\.gradle\caches\journal-1)"        [_thread_blocked, id=32076, stack(0x000000132da00000,0x000000132db00000) (1024K)]
  0x0000015a16b8eca0 JavaThread "File lock request listener"        [_thread_blocked, id=32084, stack(0x000000132db00000,0x000000132dc00000) (1024K)]
  0x0000015a16b8f9c0 JavaThread "Cache worker for file hash cache (C:\Users\NAGARAJU\.gradle\caches\8.14.1\fileHashes)"        [_thread_blocked, id=32128, stack(0x000000132dd00000,0x000000132de00000) (1024K)]
  0x0000015a16b906e0 JavaThread "Cache worker for file hash cache (C:\zynnative\DocApp-CLI\android\.gradle\8.14.1\fileHashes)"        [_thread_blocked, id=34412, stack(0x000000132b600000,0x000000132b700000) (1024K)]
  0x0000015a16b92e40 JavaThread "Cache worker for Build Output Cleanup Cache (C:\zynnative\DocApp-CLI\android\.gradle\buildOutputCleanup)"        [_thread_blocked, id=34148, stack(0x000000132dc00000,0x000000132dd00000) (1024K)]
  0x0000015a16b934d0 JavaThread "File watcher server"        daemon [_thread_in_native, id=30068, stack(0x000000132de00000,0x000000132df00000) (1024K)]
  0x0000015a16b90d70 JavaThread "File watcher consumer"      daemon [_thread_blocked, id=33116, stack(0x000000132df00000,0x000000132e000000) (1024K)]
  0x0000015a16b91a90 JavaThread "jar transforms"                    [_thread_blocked, id=34664, stack(0x000000132e000000,0x000000132e100000) (1024K)]
Total: 29

Other Threads:
=>0x0000015a169f5c60 VMThread "VM Thread"                           [id=31468, stack(0x000000132be00000,0x000000132bf00000) (1024K)]
  0x0000015a169e38f0 WatcherThread "VM Periodic Task Thread"        [id=31008, stack(0x000000132bd00000,0x000000132be00000) (1024K)]
  0x0000015a7caca040 WorkerThread "GC Thread#0"                     [id=30464, stack(0x000000132b800000,0x000000132b900000) (1024K)]
  0x0000015a16d13a60 WorkerThread "GC Thread#1"                     [id=30932, stack(0x000000132c900000,0x000000132ca00000) (1024K)]
  0x0000015a16e36370 WorkerThread "GC Thread#2"                     [id=31656, stack(0x000000132ca00000,0x000000132cb00000) (1024K)]
  0x0000015a16ab3bc0 WorkerThread "GC Thread#3"                     [id=26168, stack(0x000000132cc00000,0x000000132cd00000) (1024K)]
  0x0000015a5c0c54e0 WorkerThread "GC Thread#4"                     [id=26024, stack(0x000000132cd00000,0x000000132ce00000) (1024K)]
  0x0000015a5cb6bd80 WorkerThread "GC Thread#5"                     [id=11836, stack(0x000000132d000000,0x000000132d100000) (1024K)]
  0x0000015a16b39e10 WorkerThread "GC Thread#6"                     [id=27324, stack(0x000000132d100000,0x000000132d200000) (1024K)]
  0x0000015a5c9a4ff0 WorkerThread "GC Thread#7"                     [id=28568, stack(0x000000132d200000,0x000000132d300000) (1024K)]
  0x0000015a7a76dfb0 ConcurrentGCThread "G1 Main Marker"            [id=30740, stack(0x000000132b900000,0x000000132ba00000) (1024K)]
  0x0000015a7a76e770 WorkerThread "G1 Conc#0"                       [id=31428, stack(0x000000132ba00000,0x000000132bb00000) (1024K)]
  0x0000015a5e4fe180 WorkerThread "G1 Conc#1"                       [id=34196, stack(0x000000132b500000,0x000000132b600000) (1024K)]
  0x0000015a168b1520 ConcurrentGCThread "G1 Refine#0"               [id=18476, stack(0x000000132bb00000,0x000000132bc00000) (1024K)]
  0x0000015a168b1eb0 ConcurrentGCThread "G1 Service"                [id=31340, stack(0x000000132bc00000,0x000000132bd00000) (1024K)]
Total: 15

Threads with active compile tasks:
C2 CompilerThread0  715855 4286       4       java.util.Collections$UnmodifiableCollection::contains (11 bytes)
Total: 1

VM state: at safepoint (normal execution)

VM Mutex/Monitor currently owned by a thread:  ([mutex/lock_event])
[0x00007ff80a3df5b0] Threads_lock - owner thread: 0x0000015a169f5c60
[0x00007ff80a3df6b0] Heap_lock - owner thread: 0x0000015a16b8cbd0

Heap address: 0x0000000700000000, size: 4096 MB, Compressed Oops mode: Zero based, Oop shift amount: 3

CDS archive(s) mapped at: [0x0000015a17000000-0x0000015a17ba0000-0x0000015a17ba0000), size 12189696, SharedBaseAddress: 0x0000015a17000000, ArchiveRelocationMode: 1.
Compressed class space mapped at: 0x0000015a18000000-0x0000015a58000000, reserved size: 1073741824
Narrow klass base: 0x0000015a17000000, Narrow klass shift: 0, Narrow klass range: 0x100000000

GC Precious Log:
 CardTable entry size: 512
 Card Set container configuration: InlinePtr #cards 4 size 8 Array Of Cards #cards 16 size 48 Howl #buckets 8 coarsen threshold 3686 Howl Bitmap #cards 512 size 80 coarsen threshold 460 Card regions per heap region 1 cards per card region 4096
 CPUs: 8 total, 8 available
 Memory: 7502M
 Large Page Support: Disabled
 NUMA Support: Disabled
 Compressed Oops: Enabled (Zero based)
 Heap Region Size: 2M
 Heap Min Capacity: 8M
 Heap Initial Capacity: 118M
 Heap Max Capacity: 4G
 Pre-touch: Disabled
 Parallel Workers: 8
 Concurrent Workers: 2
 Concurrent Refinement Workers: 8
 Periodic GC: Disabled

Heap:
 garbage-first heap   total 120832K, used 27252K [0x0000000700000000, 0x0000000800000000)
  region size 2048K, 1 young (2048K), 1 survivors (2048K)
 Metaspace       used 26923K, committed 27904K, reserved 1114112K
  class space    used 4036K, committed 4480K, reserved 1048576K

Heap Regions: E=young(eden), S=young(survivor), O=old, HS=humongous(starts), HC=humongous(continues), CS=collection set, F=free, TAMS=top-at-mark-start, PB=parsable bottom
|   0|0x0000000700000000, 0x0000000700200000, 0x0000000700200000|100%|HS|  |TAMS 0x0000000700000000| PB 0x0000000700000000| Complete 
|   1|0x0000000700200000, 0x0000000700400000, 0x0000000700400000|100%|HC|  |TAMS 0x0000000700200000| PB 0x0000000700200000| Complete 
|   2|0x0000000700400000, 0x0000000700600000, 0x0000000700600000|100%| O|  |TAMS 0x0000000700400000| PB 0x0000000700400000| Untracked 
|   3|0x0000000700600000, 0x0000000700800000, 0x0000000700800000|100%| O|  |TAMS 0x0000000700600000| PB 0x0000000700600000| Untracked 
|   4|0x0000000700800000, 0x0000000700a00000, 0x0000000700a00000|100%| O|  |TAMS 0x0000000700800000| PB 0x0000000700800000| Untracked 
|   5|0x0000000700a00000, 0x0000000700c00000, 0x0000000700c00000|100%| O|  |TAMS 0x0000000700a00000| PB 0x0000000700a00000| Untracked 
|   6|0x0000000700c00000, 0x0000000700e00000, 0x0000000700e00000|100%| O|  |TAMS 0x0000000700c00000| PB 0x0000000700c00000| Untracked 
|   7|0x0000000700e00000, 0x0000000701000000, 0x0000000701000000|100%| O|  |TAMS 0x0000000700e00000| PB 0x0000000700e00000| Untracked 
|   8|0x0000000701000000, 0x0000000701200000, 0x0000000701200000|100%| O|  |TAMS 0x0000000701000000| PB 0x0000000701000000| Untracked 
|   9|0x0000000701200000, 0x0000000701400000, 0x0000000701400000|100%| O|  |TAMS 0x0000000701200000| PB 0x0000000701200000| Untracked 
|  10|0x0000000701400000, 0x0000000701600000, 0x0000000701600000|100%| O|  |TAMS 0x0000000701400000| PB 0x0000000701400000| Untracked 
|  11|0x0000000701600000, 0x00000007017a3d90, 0x0000000701800000| 82%| O|  |TAMS 0x0000000701600000| PB 0x0000000701600000| Untracked 
|  12|0x0000000701800000, 0x0000000701a00000, 0x0000000701a00000|100%| O|  |TAMS 0x0000000701800000| PB 0x0000000701800000| Untracked 
|  13|0x0000000701a00000, 0x0000000701a00000, 0x0000000701c00000|  0%| F|  |TAMS 0x0000000701a00000| PB 0x0000000701a00000| Untracked 
|  14|0x0000000701c00000, 0x0000000701c00000, 0x0000000701e00000|  0%| F|  |TAMS 0x0000000701c00000| PB 0x0000000701c00000| Untracked 
|  15|0x0000000701e00000, 0x0000000701e00000, 0x0000000702000000|  0%| F|  |TAMS 0x0000000701e00000| PB 0x0000000701e00000| Untracked 
|  16|0x0000000702000000, 0x0000000702000000, 0x0000000702200000|  0%| F|  |TAMS 0x0000000702000000| PB 0x0000000702000000| Untracked 
|  17|0x0000000702200000, 0x0000000702200000, 0x0000000702400000|  0%| F|  |TAMS 0x0000000702200000| PB 0x0000000702200000| Untracked 
|  18|0x0000000702400000, 0x0000000702400000, 0x0000000702600000|  0%| F|  |TAMS 0x0000000702400000| PB 0x0000000702400000| Untracked 
|  19|0x0000000702600000, 0x0000000702600000, 0x0000000702800000|  0%| F|  |TAMS 0x0000000702600000| PB 0x0000000702600000| Untracked 
|  20|0x0000000702800000, 0x0000000702800000, 0x0000000702a00000|  0%| F|  |TAMS 0x0000000702800000| PB 0x0000000702800000| Untracked 
|  21|0x0000000702a00000, 0x0000000702a00000, 0x0000000702c00000|  0%| F|  |TAMS 0x0000000702a00000| PB 0x0000000702a00000| Untracked 
|  22|0x0000000702c00000, 0x0000000702c00000, 0x0000000702e00000|  0%| F|  |TAMS 0x0000000702c00000| PB 0x0000000702c00000| Untracked 
|  23|0x0000000702e00000, 0x0000000702e00000, 0x0000000703000000|  0%| F|  |TAMS 0x0000000702e00000| PB 0x0000000702e00000| Untracked 
|  24|0x0000000703000000, 0x0000000703000000, 0x0000000703200000|  0%| F|  |TAMS 0x0000000703000000| PB 0x0000000703000000| Untracked 
|  25|0x0000000703200000, 0x0000000703200000, 0x0000000703400000|  0%| F|  |TAMS 0x0000000703200000| PB 0x0000000703200000| Untracked 
|  26|0x0000000703400000, 0x0000000703400000, 0x0000000703600000|  0%| F|  |TAMS 0x0000000703400000| PB 0x0000000703400000| Untracked 
|  27|0x0000000703600000, 0x0000000703600000, 0x0000000703800000|  0%| F|  |TAMS 0x0000000703600000| PB 0x0000000703600000| Untracked 
|  28|0x0000000703800000, 0x0000000703800000, 0x0000000703a00000|  0%| F|  |TAMS 0x0000000703800000| PB 0x0000000703800000| Untracked 
|  29|0x0000000703a00000, 0x0000000703a00000, 0x0000000703c00000|  0%| F|  |TAMS 0x0000000703a00000| PB 0x0000000703a00000| Untracked 
|  30|0x0000000703c00000, 0x0000000703c00000, 0x0000000703e00000|  0%| F|  |TAMS 0x0000000703c00000| PB 0x0000000703c00000| Untracked 
|  31|0x0000000703e00000, 0x0000000703e00000, 0x0000000704000000|  0%| F|  |TAMS 0x0000000703e00000| PB 0x0000000703e00000| Untracked 
|  32|0x0000000704000000, 0x0000000704000000, 0x0000000704200000|  0%| F|  |TAMS 0x0000000704000000| PB 0x0000000704000000| Untracked 
|  33|0x0000000704200000, 0x0000000704200000, 0x0000000704400000|  0%| F|  |TAMS 0x0000000704200000| PB 0x0000000704200000| Untracked 
|  34|0x0000000704400000, 0x0000000704400000, 0x0000000704600000|  0%| F|  |TAMS 0x0000000704400000| PB 0x0000000704400000| Untracked 
|  35|0x0000000704600000, 0x0000000704600000, 0x0000000704800000|  0%| F|  |TAMS 0x0000000704600000| PB 0x0000000704600000| Untracked 
|  36|0x0000000704800000, 0x0000000704800000, 0x0000000704a00000|  0%| F|  |TAMS 0x0000000704800000| PB 0x0000000704800000| Untracked 
|  37|0x0000000704a00000, 0x0000000704a00000, 0x0000000704c00000|  0%| F|  |TAMS 0x0000000704a00000| PB 0x0000000704a00000| Untracked 
|  38|0x0000000704c00000, 0x0000000704c00000, 0x0000000704e00000|  0%| F|  |TAMS 0x0000000704c00000| PB 0x0000000704c00000| Untracked 
|  39|0x0000000704e00000, 0x0000000704e00000, 0x0000000705000000|  0%| F|  |TAMS 0x0000000704e00000| PB 0x0000000704e00000| Untracked 
|  40|0x0000000705000000, 0x0000000705000000, 0x0000000705200000|  0%| F|  |TAMS 0x0000000705000000| PB 0x0000000705000000| Untracked 
|  41|0x0000000705200000, 0x0000000705200000, 0x0000000705400000|  0%| F|  |TAMS 0x0000000705200000| PB 0x0000000705200000| Untracked 
|  42|0x0000000705400000, 0x0000000705400000, 0x0000000705600000|  0%| F|  |TAMS 0x0000000705400000| PB 0x0000000705400000| Untracked 
|  43|0x0000000705600000, 0x0000000705600000, 0x0000000705800000|  0%| F|  |TAMS 0x0000000705600000| PB 0x0000000705600000| Untracked 
|  44|0x0000000705800000, 0x0000000705800000, 0x0000000705a00000|  0%| F|  |TAMS 0x0000000705800000| PB 0x0000000705800000| Untracked 
|  45|0x0000000705a00000, 0x0000000705a00000, 0x0000000705c00000|  0%| F|  |TAMS 0x0000000705a00000| PB 0x0000000705a00000| Untracked 
|  46|0x0000000705c00000, 0x0000000705c00000, 0x0000000705e00000|  0%| F|  |TAMS 0x0000000705c00000| PB 0x0000000705c00000| Untracked 
|  47|0x0000000705e00000, 0x0000000705e00000, 0x0000000706000000|  0%| F|  |TAMS 0x0000000705e00000| PB 0x0000000705e00000| Untracked 
|  48|0x0000000706000000, 0x0000000706000000, 0x0000000706200000|  0%| F|  |TAMS 0x0000000706000000| PB 0x0000000706000000| Untracked 
|  49|0x0000000706200000, 0x0000000706200000, 0x0000000706400000|  0%| F|  |TAMS 0x0000000706200000| PB 0x0000000706200000| Untracked 
|  50|0x0000000706400000, 0x0000000706400000, 0x0000000706600000|  0%| F|  |TAMS 0x0000000706400000| PB 0x0000000706400000| Untracked 
|  51|0x0000000706600000, 0x0000000706600000, 0x0000000706800000|  0%| F|  |TAMS 0x0000000706600000| PB 0x0000000706600000| Untracked 
|  52|0x0000000706800000, 0x0000000706800000, 0x0000000706a00000|  0%| F|  |TAMS 0x0000000706800000| PB 0x0000000706800000| Untracked 
|  53|0x0000000706a00000, 0x0000000706a00000, 0x0000000706c00000|  0%| F|  |TAMS 0x0000000706a00000| PB 0x0000000706a00000| Untracked 
|  54|0x0000000706c00000, 0x0000000706cf9410, 0x0000000706e00000| 48%| S|CS|TAMS 0x0000000706c00000| PB 0x0000000706c00000| Complete 
|  55|0x0000000706e00000, 0x0000000706e00000, 0x0000000707000000|  0%| F|  |TAMS 0x0000000706e00000| PB 0x0000000706e00000| Untracked 
|  56|0x0000000707000000, 0x0000000707000000, 0x0000000707200000|  0%| F|  |TAMS 0x0000000707000000| PB 0x0000000707000000| Untracked 
|  57|0x0000000707200000, 0x0000000707200000, 0x0000000707400000|  0%| F|  |TAMS 0x0000000707200000| PB 0x0000000707200000| Untracked 
|  58|0x0000000707400000, 0x0000000707400000, 0x0000000707600000|  0%| F|  |TAMS 0x0000000707400000| PB 0x0000000707400000| Untracked 

Card table byte_map: [0x0000015a0f800000,0x0000015a10000000] _byte_map_base: 0x0000015a0c000000

Marking Bits: (CMBitMap*) 0x0000015a7cacb570
 Bits: [0x0000015a10000000, 0x0000015a14000000)

Polling page: 0x0000015a7a8e0000

Metaspace:

Usage:
  Non-class:     22.35 MB used.
      Class:      3.94 MB used.
       Both:     26.29 MB used.

Virtual space:
  Non-class space:       64.00 MB reserved,      22.88 MB ( 36%) committed,  1 nodes.
      Class space:        1.00 GB reserved,       4.38 MB ( <1%) committed,  1 nodes.
             Both:        1.06 GB reserved,      27.25 MB (  3%) committed. 

Chunk freelists:
   Non-Class:  8.36 MB
       Class:  11.45 MB
        Both:  19.81 MB

MaxMetaspaceSize: unlimited
CompressedClassSpaceSize: 1.00 GB
Initial GC threshold: 21.00 MB
Current GC threshold: 35.12 MB
CDS: on
 - commit_granule_bytes: 65536.
 - commit_granule_words: 8192.
 - virtual_space_node_default_size: 8388608.
 - enlarge_chunks_in_place: 1.
 - use_allocation_guard: 0.


Internal statistics:

num_allocs_failed_limit: 3.
num_arena_births: 1496.
num_arena_deaths: 0.
num_vsnodes_births: 2.
num_vsnodes_deaths: 0.
num_space_committed: 436.
num_space_uncommitted: 0.
num_chunks_returned_to_freelist: 3.
num_chunks_taken_from_freelist: 2693.
num_chunk_merges: 3.
num_chunk_splits: 1737.
num_chunks_enlarged: 1097.
num_inconsistent_stats: 0.

CodeHeap 'non-profiled nmethods': size=120000Kb used=2561Kb max_used=2561Kb free=117438Kb
 bounds [0x0000015a07ad0000, 0x0000015a07d60000, 0x0000015a0f000000]
CodeHeap 'profiled nmethods': size=120000Kb used=8494Kb max_used=8494Kb free=111505Kb
 bounds [0x0000015a00000000, 0x0000015a00850000, 0x0000015a07530000]
CodeHeap 'non-nmethods': size=5760Kb used=1432Kb max_used=1474Kb free=4327Kb
 bounds [0x0000015a07530000, 0x0000015a077a0000, 0x0000015a07ad0000]
CodeCache: size=245760Kb, used=12487Kb, max_used=12529Kb, free=233270Kb
 total_blobs=4845, nmethods=4259, adapters=490, full_count=0
Compilation: enabled, stopped_count=0, restarted_count=0

Compilation events (20 events):
Event: 666.206 Thread 0x0000015a16a26fa0 nmethod 4276 0x0000015a07d47a10 code [0x0000015a07d47d20, 0x0000015a07d492d8]
Event: 667.645 Thread 0x0000015a16a26fa0 4277       4       java.util.Random::nextInt (74 bytes)
Event: 667.657 Thread 0x0000015a16a26fa0 nmethod 4277 0x0000015a07d4a090 code [0x0000015a07d4a220, 0x0000015a07d4a400]
Event: 667.671 Thread 0x0000015a16a26fa0 4278   !   4       org.gradle.cache.internal.DefaultFileLockManager$AwaitableFileLockReleasedSignal::await (78 bytes)
Event: 667.698 Thread 0x0000015a16a26fa0 nmethod 4278 0x0000015a07d4a590 code [0x0000015a07d4a7a0, 0x0000015a07d4ad48]
Event: 667.737 Thread 0x0000015a16a26fa0 4279       4       java.util.ComparableTimSort::countRunAndMakeAscending (123 bytes)
Event: 667.752 Thread 0x0000015a16a26fa0 nmethod 4279 0x0000015a07d4b190 code [0x0000015a07d4b380, 0x0000015a07d4bd08]
Event: 672.944 Thread 0x0000015a16a26fa0 4280       4       java.util.concurrent.locks.AbstractQueuedSynchronizer$ConditionObject::awaitNanos (202 bytes)
Event: 673.577 Thread 0x0000015a16a26fa0 nmethod 4280 0x0000015a07d4c090 code [0x0000015a07d4c3a0, 0x0000015a07d4d950]
Event: 685.154 Thread 0x0000015a16a27800 4283       2       java.util.ComparableTimSort::countRunAndMakeAscending (123 bytes)
Event: 685.193 Thread 0x0000015a16a27800 nmethod 4283 0x0000015a0084b190 code [0x0000015a0084b3a0, 0x0000015a0084b8a8]
Event: 685.264 Thread 0x0000015a16a26fa0 4281       4       java.util.HashMap$HashMapSpliterator::getFence (53 bytes)
Event: 686.219 Thread 0x0000015a16a26fa0 nmethod 4281 0x0000015a07d4e610 code [0x0000015a07d4e7a0, 0x0000015a07d4e880]
Event: 686.219 Thread 0x0000015a16a26fa0 4282       4       java.util.ComparableTimSort::reverseRange (32 bytes)
Event: 687.745 Thread 0x0000015a16a26fa0 nmethod 4282 0x0000015a07d4e990 code [0x0000015a07d4eb60, 0x0000015a07d4f688]
Event: 698.728 Thread 0x0000015a16a26fa0 4284       4       java.util.ComparableTimSort::reverseRange (32 bytes)
Event: 698.812 Thread 0x0000015a16a26fa0 nmethod 4284 0x0000015a07d4f810 code [0x0000015a07d4f9c0, 0x0000015a07d50260]
Event: 699.918 Thread 0x0000015a16a26fa0 4285       4       sun.management.spi.PlatformMBeanProvider$PlatformComponent$$Lambda/0x0000015a18077370::test (9 bytes)
Event: 700.900 Thread 0x0000015a16a26fa0 nmethod 4285 0x0000015a07d50410 code [0x0000015a07d505a0, 0x0000015a07d506c8]
Event: 706.872 Thread 0x0000015a16a26fa0 4286       4       java.util.Collections$UnmodifiableCollection::contains (11 bytes)

GC Heap History (20 events):
Event: 17.606 GC heap after
{Heap after GC invocations=3 (full 0):
 garbage-first heap   total 120832K, used 19654K [0x0000000700000000, 0x0000000800000000)
  region size 2048K, 4 young (8192K), 4 survivors (8192K)
 Metaspace       used 9336K, committed 9600K, reserved 1114112K
  class space    used 1271K, committed 1408K, reserved 1048576K
}
Event: 230.315 GC heap before
{Heap before GC invocations=3 (full 0):
 garbage-first heap   total 120832K, used 83142K [0x0000000700000000, 0x0000000800000000)
  region size 2048K, 35 young (71680K), 4 survivors (8192K)
 Metaspace       used 16971K, committed 17536K, reserved 1114112K
  class space    used 2373K, committed 2624K, reserved 1048576K
}
Event: 231.847 GC heap after
{Heap after GC invocations=4 (full 0):
 garbage-first heap   total 120832K, used 22948K [0x0000000700000000, 0x0000000800000000)
  region size 2048K, 2 young (4096K), 2 survivors (4096K)
 Metaspace       used 16971K, committed 17536K, reserved 1114112K
  class space    used 2373K, committed 2624K, reserved 1048576K
}
Event: 231.935 GC heap before
{Heap before GC invocations=4 (full 0):
 garbage-first heap   total 120832K, used 24996K [0x0000000700000000, 0x0000000800000000)
  region size 2048K, 3 young (6144K), 2 survivors (4096K)
 Metaspace       used 17076K, committed 17600K, reserved 1114112K
  class space    used 2388K, committed 2624K, reserved 1048576K
}
Event: 231.938 GC heap after
{Heap after GC invocations=5 (full 0):
 garbage-first heap   total 120832K, used 23346K [0x0000000700000000, 0x0000000800000000)
  region size 2048K, 1 young (2048K), 1 survivors (2048K)
 Metaspace       used 17076K, committed 17600K, reserved 1114112K
  class space    used 2388K, committed 2624K, reserved 1048576K
}
Event: 235.627 GC heap before
{Heap before GC invocations=5 (full 0):
 garbage-first heap   total 120832K, used 43826K [0x0000000700000000, 0x0000000800000000)
  region size 2048K, 12 young (24576K), 1 survivors (2048K)
 Metaspace       used 19951K, committed 20608K, reserved 1114112K
  class space    used 2901K, committed 3200K, reserved 1048576K
}
Event: 235.633 GC heap after
{Heap after GC invocations=6 (full 0):
 garbage-first heap   total 120832K, used 24540K [0x0000000700000000, 0x0000000800000000)
  region size 2048K, 1 young (2048K), 1 survivors (2048K)
 Metaspace       used 19951K, committed 20608K, reserved 1114112K
  class space    used 2901K, committed 3200K, reserved 1048576K
}
Event: 236.503 GC heap before
{Heap before GC invocations=6 (full 0):
 garbage-first heap   total 120832K, used 30684K [0x0000000700000000, 0x0000000800000000)
  region size 2048K, 5 young (10240K), 1 survivors (2048K)
 Metaspace       used 20842K, committed 21504K, reserved 1114112K
  class space    used 3040K, committed 3392K, reserved 1048576K
}
Event: 236.508 GC heap after
{Heap after GC invocations=7 (full 0):
 garbage-first heap   total 120832K, used 25066K [0x0000000700000000, 0x0000000800000000)
  region size 2048K, 2 young (4096K), 2 survivors (4096K)
 Metaspace       used 20842K, committed 21504K, reserved 1114112K
  class space    used 3040K, committed 3392K, reserved 1048576K
}
Event: 239.080 GC heap before
{Heap before GC invocations=8 (full 0):
 garbage-first heap   total 96256K, used 45546K [0x0000000700000000, 0x0000000800000000)
  region size 2048K, 12 young (24576K), 2 survivors (4096K)
 Metaspace       used 23369K, committed 24256K, reserved 1114112K
  class space    used 3472K, committed 3904K, reserved 1048576K
}
Event: 239.088 GC heap after
{Heap after GC invocations=9 (full 0):
 garbage-first heap   total 96256K, used 26335K [0x0000000700000000, 0x0000000800000000)
  region size 2048K, 2 young (4096K), 2 survivors (4096K)
 Metaspace       used 23369K, committed 24256K, reserved 1114112K
  class space    used 3472K, committed 3904K, reserved 1048576K
}
Event: 369.920 GC heap before
{Heap before GC invocations=9 (full 0):
 garbage-first heap   total 96256K, used 57055K [0x0000000700000000, 0x0000000800000000)
  region size 2048K, 17 young (34816K), 2 survivors (4096K)
 Metaspace       used 26245K, committed 27136K, reserved 1114112K
  class space    used 3920K, committed 4352K, reserved 1048576K
}
Event: 370.165 GC heap after
{Heap after GC invocations=10 (full 0):
 garbage-first heap   total 96256K, used 27162K [0x0000000700000000, 0x0000000800000000)
  region size 2048K, 2 young (4096K), 2 survivors (4096K)
 Metaspace       used 26245K, committed 27136K, reserved 1114112K
  class space    used 3920K, committed 4352K, reserved 1048576K
}
Event: 633.756 GC heap before
{Heap before GC invocations=10 (full 0):
 garbage-first heap   total 96256K, used 57882K [0x0000000700000000, 0x0000000800000000)
  region size 2048K, 17 young (34816K), 2 survivors (4096K)
 Metaspace       used 26923K, committed 27904K, reserved 1114112K
  class space    used 4036K, committed 4480K, reserved 1048576K
}
Event: 634.695 GC heap after
{Heap after GC invocations=11 (full 0):
 garbage-first heap   total 96256K, used 27513K [0x0000000700000000, 0x0000000800000000)
  region size 2048K, 2 young (4096K), 2 survivors (4096K)
 Metaspace       used 26923K, committed 27904K, reserved 1114112K
  class space    used 4036K, committed 4480K, reserved 1048576K
}
Event: 656.725 GC heap before
{Heap before GC invocations=11 (full 0):
 garbage-first heap   total 96256K, used 29561K [0x0000000700000000, 0x0000000800000000)
  region size 2048K, 3 young (6144K), 2 survivors (4096K)
 Metaspace       used 26923K, committed 27904K, reserved 1114112K
  class space    used 4036K, committed 4480K, reserved 1048576K
}
Event: 656.738 GC heap after
{Heap after GC invocations=12 (full 0):
 garbage-first heap   total 96256K, used 27395K [0x0000000700000000, 0x0000000800000000)
  region size 2048K, 1 young (2048K), 1 survivors (2048K)
 Metaspace       used 26923K, committed 27904K, reserved 1114112K
  class space    used 4036K, committed 4480K, reserved 1048576K
}
Event: 678.695 GC heap before
{Heap before GC invocations=12 (full 0):
 garbage-first heap   total 96256K, used 29443K [0x0000000700000000, 0x0000000800000000)
  region size 2048K, 2 young (4096K), 1 survivors (2048K)
 Metaspace       used 26923K, committed 27904K, reserved 1114112K
  class space    used 4036K, committed 4480K, reserved 1048576K
}
Event: 684.731 GC heap after
{Heap after GC invocations=13 (full 0):
 garbage-first heap   total 96256K, used 27438K [0x0000000700000000, 0x0000000800000000)
  region size 2048K, 1 young (2048K), 1 survivors (2048K)
 Metaspace       used 26923K, committed 27904K, reserved 1114112K
  class space    used 4036K, committed 4480K, reserved 1048576K
}
Event: 708.173 GC heap before
{Heap before GC invocations=13 (full 0):
 garbage-first heap   total 96256K, used 29486K [0x0000000700000000, 0x0000000800000000)
  region size 2048K, 2 young (4096K), 1 survivors (2048K)
 Metaspace       used 26923K, committed 27904K, reserved 1114112K
  class space    used 4036K, committed 4480K, reserved 1048576K
}

Dll operation events (20 events):
Event: 1.796 Attempting to load shared library C:\Users\NAGARAJU\.antigravity-ide\extensions\redhat.java-1.56.0-win32-x64\jre\21.0.12.1-win32-x86_64\bin\nio.dll
Event: 1.840 Loaded shared library C:\Users\NAGARAJU\.antigravity-ide\extensions\redhat.java-1.56.0-win32-x64\jre\21.0.12.1-win32-x86_64\bin\nio.dll
Event: 1.846 Attempting to load shared library C:\Users\NAGARAJU\.antigravity-ide\extensions\redhat.java-1.56.0-win32-x64\jre\21.0.12.1-win32-x86_64\bin\zip.dll
Event: 1.846 Loaded shared library C:\Users\NAGARAJU\.antigravity-ide\extensions\redhat.java-1.56.0-win32-x64\jre\21.0.12.1-win32-x86_64\bin\zip.dll
Event: 4.787 Attempting to load shared library C:\Users\NAGARAJU\.antigravity-ide\extensions\redhat.java-1.56.0-win32-x64\jre\21.0.12.1-win32-x86_64\bin\jimage.dll
Event: 4.787 Loaded shared library C:\Users\NAGARAJU\.antigravity-ide\extensions\redhat.java-1.56.0-win32-x64\jre\21.0.12.1-win32-x86_64\bin\jimage.dll
Event: 6.463 Attempting to load shared library C:\Users\NAGARAJU\.antigravity-ide\extensions\redhat.java-1.56.0-win32-x64\jre\21.0.12.1-win32-x86_64\bin\verify.dll
Event: 6.465 Loaded shared library C:\Users\NAGARAJU\.antigravity-ide\extensions\redhat.java-1.56.0-win32-x64\jre\21.0.12.1-win32-x86_64\bin\verify.dll
Event: 7.281 Attempting to load shared library C:\Users\NAGARAJU\.gradle\native\1def1411415f61bf3af743bc5b6707747c0891f09f0c88961ee8f79bc544acac\windows-amd64\native-platform.dll
Event: 7.287 Loaded shared library C:\Users\NAGARAJU\.gradle\native\1def1411415f61bf3af743bc5b6707747c0891f09f0c88961ee8f79bc544acac\windows-amd64\native-platform.dll
Event: 7.454 Attempting to load shared library C:\Users\NAGARAJU\.gradle\native\0.2.7\x86_64-windows-gnu\gradle-fileevents.dll
Event: 7.483 Loaded shared library C:\Users\NAGARAJU\.gradle\native\0.2.7\x86_64-windows-gnu\gradle-fileevents.dll
Event: 12.641 Attempting to load shared library C:\Users\NAGARAJU\.antigravity-ide\extensions\redhat.java-1.56.0-win32-x64\jre\21.0.12.1-win32-x86_64\bin\management.dll
Event: 12.642 Loaded shared library C:\Users\NAGARAJU\.antigravity-ide\extensions\redhat.java-1.56.0-win32-x64\jre\21.0.12.1-win32-x86_64\bin\management.dll
Event: 12.648 Attempting to load shared library C:\Users\NAGARAJU\.antigravity-ide\extensions\redhat.java-1.56.0-win32-x64\jre\21.0.12.1-win32-x86_64\bin\management_ext.dll
Event: 12.649 Loaded shared library C:\Users\NAGARAJU\.antigravity-ide\extensions\redhat.java-1.56.0-win32-x64\jre\21.0.12.1-win32-x86_64\bin\management_ext.dll
Event: 13.664 Attempting to load shared library C:\Users\NAGARAJU\.antigravity-ide\extensions\redhat.java-1.56.0-win32-x64\jre\21.0.12.1-win32-x86_64\bin\extnet.dll
Event: 13.666 Loaded shared library C:\Users\NAGARAJU\.antigravity-ide\extensions\redhat.java-1.56.0-win32-x64\jre\21.0.12.1-win32-x86_64\bin\extnet.dll
Event: 17.912 Attempting to load shared library C:\Users\NAGARAJU\.antigravity-ide\extensions\redhat.java-1.56.0-win32-x64\jre\21.0.12.1-win32-x86_64\bin\sunmscapi.dll
Event: 17.919 Loaded shared library C:\Users\NAGARAJU\.antigravity-ide\extensions\redhat.java-1.56.0-win32-x64\jre\21.0.12.1-win32-x86_64\bin\sunmscapi.dll

Deoptimization events (20 events):
Event: 668.727 Thread 0x0000015a16c8fa10 Uncommon trap: trap_request=0xffffffd6 fr.pc=0x0000015a07d4bb04 relative=0x0000000000000784
Event: 668.727 Thread 0x0000015a16c8fa10 Uncommon trap: reason=array_check action=maybe_recompile pc=0x0000015a07d4bb04 method=java.util.ComparableTimSort.reverseRange([Ljava/lang/Object;II)V @ 20 c2
Event: 668.727 Thread 0x0000015a16c8fa10 DEOPT PACKING pc=0x0000015a07d4bb04 sp=0x000000132cefe280
Event: 668.728 Thread 0x0000015a16c8fa10 DEOPT UNPACKING pc=0x0000015a07584422 sp=0x000000132cefe1b8 mode 2
Event: 668.728 Thread 0x0000015a16c8fa10 Uncommon trap: trap_request=0xffffffd6 fr.pc=0x0000015a07d4bb04 relative=0x0000000000000784
Event: 668.728 Thread 0x0000015a16c8fa10 Uncommon trap: reason=array_check action=maybe_recompile pc=0x0000015a07d4bb04 method=java.util.ComparableTimSort.reverseRange([Ljava/lang/Object;II)V @ 20 c2
Event: 668.728 Thread 0x0000015a16c8fa10 DEOPT PACKING pc=0x0000015a07d4bb04 sp=0x000000132cefe280
Event: 668.728 Thread 0x0000015a16c8fa10 DEOPT UNPACKING pc=0x0000015a07584422 sp=0x000000132cefe1b8 mode 2
Event: 668.728 Thread 0x0000015a16c8fa10 Uncommon trap: trap_request=0xffffffd6 fr.pc=0x0000015a07d4bb04 relative=0x0000000000000784
Event: 668.728 Thread 0x0000015a16c8fa10 Uncommon trap: reason=array_check action=maybe_recompile pc=0x0000015a07d4bb04 method=java.util.ComparableTimSort.reverseRange([Ljava/lang/Object;II)V @ 20 c2
Event: 668.728 Thread 0x0000015a16c8fa10 DEOPT PACKING pc=0x0000015a07d4bb04 sp=0x000000132cefe280
Event: 668.728 Thread 0x0000015a16c8fa10 DEOPT UNPACKING pc=0x0000015a07584422 sp=0x000000132cefe1b8 mode 2
Event: 688.726 Thread 0x0000015a16c8fa10 Uncommon trap: trap_request=0xffffffd6 fr.pc=0x0000015a07d4f468 relative=0x0000000000000908
Event: 688.726 Thread 0x0000015a16c8fa10 Uncommon trap: reason=array_check action=maybe_recompile pc=0x0000015a07d4f468 method=java.util.ComparableTimSort.reverseRange([Ljava/lang/Object;II)V @ 27 c2
Event: 688.727 Thread 0x0000015a16c8fa10 DEOPT PACKING pc=0x0000015a07d4f468 sp=0x000000132cefe210
Event: 688.727 Thread 0x0000015a16c8fa10 DEOPT UNPACKING pc=0x0000015a07584422 sp=0x000000132cefe1d0 mode 2
Event: 688.727 Thread 0x0000015a16c8fa10 Uncommon trap: trap_request=0xffffffd6 fr.pc=0x0000015a07d4f468 relative=0x0000000000000908
Event: 688.727 Thread 0x0000015a16c8fa10 Uncommon trap: reason=array_check action=maybe_recompile pc=0x0000015a07d4f468 method=java.util.ComparableTimSort.reverseRange([Ljava/lang/Object;II)V @ 27 c2
Event: 688.727 Thread 0x0000015a16c8fa10 DEOPT PACKING pc=0x0000015a07d4f468 sp=0x000000132cefe210
Event: 688.727 Thread 0x0000015a16c8fa10 DEOPT UNPACKING pc=0x0000015a07584422 sp=0x000000132cefe1d0 mode 2

Classes loaded (20 events):
Event: 240.144 Loading class java/nio/charset/CharacterCodingException
Event: 240.144 Loading class java/nio/charset/CharacterCodingException done
Event: 240.146 Loading class java/nio/file/FileTreeWalker$DirectoryNode
Event: 240.156 Loading class java/nio/file/FileTreeWalker$DirectoryNode done
Event: 240.156 Loading class java/nio/file/FileTreeWalker$Event
Event: 240.156 Loading class java/nio/file/FileTreeWalker$Event done
Event: 240.156 Loading class java/nio/file/FileTreeWalker$EventType
Event: 240.156 Loading class java/nio/file/FileTreeWalker$EventType done
Event: 240.156 Loading class java/nio/file/Files$3
Event: 240.156 Loading class java/nio/file/Files$3 done
Event: 240.158 Loading class java/nio/file/FileVisitResult
Event: 240.158 Loading class java/nio/file/FileVisitResult done
Event: 446.549 Loading class java/util/stream/IntStream
Event: 446.571 Loading class java/util/stream/IntStream done
Event: 446.573 Loading class java/util/stream/Streams$RangeIntSpliterator
Event: 446.575 Loading class java/util/stream/Streams$RangeIntSpliterator done
Event: 446.576 Loading class java/util/stream/IntPipeline$Head
Event: 446.583 Loading class java/util/stream/IntPipeline
Event: 446.618 Loading class java/util/stream/IntPipeline done
Event: 446.621 Loading class java/util/stream/IntPipeline$Head done

Classes unloaded (0 events):
No events

Classes redefined (0 events):
No events

Internal exceptions (20 events):
Event: 238.355 Thread 0x0000015a16b8d260 Exception <a 'java/lang/NoSuchMethodError'{0x0000000704c155b8}: 'java.lang.Object java.lang.invoke.DirectMethodHandle$Holder.invokeStaticInit(java.lang.Object, java.lang.Object, java.lang.Object, java.lang.Object)'> (0x0000000704c155b8) 
thrown [s\src\hotspot\share\interpreter\linkResolver.cpp, line 773]
Event: 238.487 Thread 0x0000015a16b8d260 Exception <a 'java/lang/NoSuchMethodError'{0x0000000704da1c18}: 'java.lang.Object java.lang.invoke.DirectMethodHandle$Holder.newInvokeSpecial(java.lang.Object, java.lang.Object, java.lang.Object, java.lang.Object, java.lang.Object, java.lang.Object, java.lang.Object, java.lang.Object)'> (0x0000000704da1c18) 
thrown [s\src\hotspot\share\interpreter\linkResolver.cpp, line 773]
Event: 238.608 Thread 0x0000015a16b8d260 Exception <a 'java/lang/IncompatibleClassChangeError'{0x0000000704ad46c0}: Found class java.lang.Object, but interface was expected> (0x0000000704ad46c0) 
thrown [s\src\hotspot\share\interpreter\linkResolver.cpp, line 840]
Event: 238.681 Thread 0x0000015a16b8d260 Exception <a 'java/lang/NoSuchMethodError'{0x0000000704b42990}: 'java.lang.Object java.lang.invoke.DirectMethodHandle$Holder.invokeVirtual(java.lang.Object, java.lang.Object, java.lang.Object, java.lang.Object, java.lang.Object, java.lang.Object, java.lang.Object, java.lang.Object, java.lang.Object, java.lang.Object, java.lang.Object, java.lang.Object, java.lang.Object)'> (0x0000000704b42990) 
thrown [s\src\hotspot\share\interpreter\linkResolver.cpp, line 773]
Event: 238.682 Thread 0x0000015a16b8d260 Exception <a 'java/lang/NoSuchMethodError'{0x0000000704b47bc8}: 'java.lang.Object java.lang.invoke.DirectMethodHandle$Holder.invokeSpecial(java.lang.Object, java.lang.Object, java.lang.Object, java.lang.Object, java.lang.Object, java.lang.Object, java.lang.Object, java.lang.Object, java.lang.Object, java.lang.Object, java.lang.Object, java.lang.Object, java.lang.Object, java.lang.Object)'> (0x0000000704b47bc8) 
thrown [s\src\hotspot\share\interpreter\linkResolver.cpp, line 773]
Event: 238.683 Thread 0x0000015a16b8d260 Exception <a 'java/lang/NoSuchMethodError'{0x0000000704b4c918}: 'java.lang.Object java.lang.invoke.DelegatingMethodHandle$Holder.reinvoke_L(java.lang.Object, java.lang.Object, java.lang.Object, java.lang.Object, java.lang.Object, java.lang.Object, java.lang.Object, java.lang.Object, java.lang.Object, java.lang.Object, java.lang.Object, java.lang.Object, java.lang.Object)'> (0x0000000704b4c918) 
thrown [s\src\hotspot\share\interpreter\linkResolver.cpp, line 773]
Event: 238.817 Thread 0x0000015a16b8d260 Exception <a 'java/lang/NoSuchMethodError'{0x00000007048e3150}: 'void java.lang.invoke.DirectMethodHandle$Holder.invokeStaticInit(java.lang.Object, java.lang.Object)'> (0x00000007048e3150) 
thrown [s\src\hotspot\share\interpreter\linkResolver.cpp, line 773]
Event: 239.161 Thread 0x0000015a16b8d260 Exception <a 'java/lang/NoSuchMethodError'{0x00000007074d0978}: 'java.lang.Object java.lang.invoke.DirectMethodHandle$Holder.newInvokeSpecial(java.lang.Object, java.lang.Object, java.lang.Object, java.lang.Object, java.lang.Object, java.lang.Object, java.lang.Object, java.lang.Object, java.lang.Object)'> (0x00000007074d0978) 
thrown [s\src\hotspot\share\interpreter\linkResolver.cpp, line 773]
Event: 239.385 Thread 0x0000015a16b8d260 Exception <a 'java/lang/NoSuchMethodError'{0x0000000706dd5318}: 'int java.lang.invoke.DirectMethodHandle$Holder.invokeVirtual(java.lang.Object, java.lang.Object)'> (0x0000000706dd5318) 
thrown [s\src\hotspot\share\interpreter\linkResolver.cpp, line 773]
Event: 239.581 Thread 0x0000015a16b8d260 Exception <a 'java/lang/NoSuchMethodError'{0x00000007056b4508}: 'void java.lang.invoke.DirectMethodHandle$Holder.invokeInterface(java.lang.Object, java.lang.Object, java.lang.Object, java.lang.Object, java.lang.Object)'> (0x00000007056b4508) 
thrown [s\src\hotspot\share\interpreter\linkResolver.cpp, line 773]
Event: 239.590 Thread 0x0000015a16b8d260 Exception <a 'java/lang/NoSuchMethodError'{0x00000007056f3d58}: 'void java.lang.invoke.DirectMethodHandle$Holder.invokeStatic(java.lang.Object, java.lang.Object, java.lang.Object, java.lang.Object, java.lang.Object, java.lang.Object)'> (0x00000007056f3d58) 
thrown [s\src\hotspot\share\interpreter\linkResolver.cpp, line 773]
Event: 240.021 Thread 0x0000015a16b8d260 Exception <a 'java/lang/IncompatibleClassChangeError'{0x0000000704ef3740}: Found class java.lang.Object, but interface was expected> (0x0000000704ef3740) 
thrown [s\src\hotspot\share\interpreter\linkResolver.cpp, line 840]
Event: 240.092 Thread 0x0000015a16b8d260 Exception <a 'java/lang/NoSuchMethodError'{0x0000000704fe9508}: 'java.lang.Object java.lang.invoke.DirectMethodHandle$Holder.newInvokeSpecial(java.lang.Object, java.lang.Object, long)'> (0x0000000704fe9508) 
thrown [s\src\hotspot\share\interpreter\linkResolver.cpp, line 773]
Event: 240.093 Thread 0x0000015a16b8d260 Exception <a 'java/lang/NoSuchMethodError'{0x0000000704fed8b0}: 'java.lang.Object java.lang.invoke.Invokers$Holder.linkToTargetMethod(java.lang.Object, long, java.lang.Object)'> (0x0000000704fed8b0) 
thrown [s\src\hotspot\share\interpreter\linkResolver.cpp, line 773]
Event: 240.128 Thread 0x0000015a16b8d8f0 Implicit null exception at 0x0000015a07c5b701 to 0x0000015a07c5bd98
Event: 444.650 Thread 0x0000015a16b8d260 Exception <a 'java/lang/NoSuchMethodError'{0x00000007057c19b0}: 'int java.lang.invoke.DirectMethodHandle$Holder.invokeInterface(java.lang.Object, java.lang.Object)'> (0x00000007057c19b0) 
thrown [s\src\hotspot\share\interpreter\linkResolver.cpp, line 773]
Event: 446.515 Thread 0x0000015a16b8d260 Exception <a 'java/lang/NoSuchMethodError'{0x00000007054520c8}: 'java.lang.Object java.lang.invoke.DirectMethodHandle$Holder.invokeVirtual(java.lang.Object, java.lang.Object, int)'> (0x00000007054520c8) 
thrown [s\src\hotspot\share\interpreter\linkResolver.cpp, line 773]
Event: 453.200 Thread 0x0000015a16b8d260 Exception <a 'java/lang/NoSuchMethodError'{0x00000007055534e0}: 'java.lang.Object java.lang.invoke.DirectMethodHandle$Holder.invokeStatic(java.lang.Object, java.lang.Object, int, java.lang.Object)'> (0x00000007055534e0) 
thrown [s\src\hotspot\share\interpreter\linkResolver.cpp, line 773]
Event: 453.206 Thread 0x0000015a16b8d260 Exception <a 'java/lang/NoSuchMethodError'{0x000000070555a938}: 'java.lang.Object java.lang.invoke.DirectMethodHandle$Holder.newInvokeSpecial(java.lang.Object, java.lang.Object, int, java.lang.Object)'> (0x000000070555a938) 
thrown [s\src\hotspot\share\interpreter\linkResolver.cpp, line 773]
Event: 453.210 Thread 0x0000015a16b8d260 Exception <a 'java/lang/NoSuchMethodError'{0x000000070555f0d0}: 'java.lang.Object java.lang.invoke.DirectMethodHandle$Holder.invokeSpecial(java.lang.Object, java.lang.Object, java.lang.Object, int, java.lang.Object)'> (0x000000070555f0d0) 
thrown [s\src\hotspot\share\interpreter\linkResolver.cpp, line 773]

ZGC Phase Switch (0 events):
No events

VM Operations (20 events):
Event: 557.842 Executing safepoint VM operation: Cleanup done
Event: 567.902 Executing safepoint VM operation: Cleanup
Event: 567.902 Executing safepoint VM operation: Cleanup done
Event: 588.041 Executing safepoint VM operation: Cleanup
Event: 588.286 Executing safepoint VM operation: Cleanup done
Event: 616.453 Executing safepoint VM operation: Cleanup
Event: 616.467 Executing safepoint VM operation: Cleanup done
Event: 633.737 Executing safepoint VM operation: G1CollectForAllocation (G1 Evacuation Pause)
Event: 634.695 Executing safepoint VM operation: G1CollectForAllocation (G1 Evacuation Pause) done
Event: 647.810 Executing safepoint VM operation: Cleanup
Event: 647.810 Executing safepoint VM operation: Cleanup done
Event: 656.725 Executing safepoint VM operation: G1CollectForAllocation (G1 Evacuation Pause)
Event: 656.738 Executing safepoint VM operation: G1CollectForAllocation (G1 Evacuation Pause) done
Event: 667.827 Executing safepoint VM operation: Cleanup
Event: 667.828 Executing safepoint VM operation: Cleanup done
Event: 678.695 Executing safepoint VM operation: G1CollectForAllocation (G1 Evacuation Pause)
Event: 684.732 Executing safepoint VM operation: G1CollectForAllocation (G1 Evacuation Pause) done
Event: 701.874 Executing safepoint VM operation: Cleanup
Event: 701.935 Executing safepoint VM operation: Cleanup done
Event: 707.662 Executing safepoint VM operation: G1CollectForAllocation (G1 Evacuation Pause)

Memory protections (0 events):
No events

Nmethod flushes (0 events):
No events

Events (20 events):
Event: 147.399 Thread 0x0000015a16b8beb0 Thread exited: 0x0000015a16b8beb0
Event: 223.935 Thread 0x0000015a16b8eca0 Thread added: 0x0000015a16b8beb0
Event: 231.908 Thread 0x0000015a16a27800 Thread added: 0x0000015a5e774810
Event: 232.069 Thread 0x0000015a5e774810 Thread exited: 0x0000015a5e774810
Event: 235.323 Thread 0x0000015a16a27800 Thread added: 0x0000015a5e272390
Event: 235.566 Thread 0x0000015a5e272390 Thread exited: 0x0000015a5e272390
Event: 237.222 Thread 0x0000015a16a27800 Thread added: 0x0000015a5defe060
Event: 237.346 Thread 0x0000015a5defe060 Thread exited: 0x0000015a5defe060
Event: 237.774 Thread 0x0000015a16b8d260 Thread added: 0x0000015a16b906e0
Event: 237.962 Thread 0x0000015a16b8d260 Thread added: 0x0000015a16b92e40
Event: 239.342 Thread 0x0000015a16b8d260 Thread added: 0x0000015a16b934d0
Event: 239.383 Thread 0x0000015a16b8d260 Thread added: 0x0000015a16b90d70
Event: 332.267 Thread 0x0000015a16b8beb0 Thread exited: 0x0000015a16b8beb0
Event: 342.185 Thread 0x0000015a16b8eca0 Thread added: 0x0000015a16b8beb0
Event: 402.317 Thread 0x0000015a16b8beb0 Thread exited: 0x0000015a16b8beb0
Event: 442.768 Thread 0x0000015a16b8eca0 Thread added: 0x0000015a16b8beb0
Event: 453.235 Thread 0x0000015a16b8d260 Thread added: 0x0000015a16b91a90
Event: 514.321 Thread 0x0000015a16b8beb0 Thread exited: 0x0000015a16b8beb0
Event: 564.393 Thread 0x0000015a16b8eca0 Thread added: 0x0000015a16b8beb0
Event: 624.925 Thread 0x0000015a16b8beb0 Thread exited: 0x0000015a16b8beb0


Dynamic libraries:
0x00007ff6aa6f0000 - 0x00007ff6aa6fe000 	C:\Users\NAGARAJU\.antigravity-ide\extensions\redhat.java-1.56.0-win32-x64\jre\21.0.12.1-win32-x86_64\bin\java.exe
0x00007ff8fb240000 - 0x00007ff8fb4a6000 	C:\WINDOWS\SYSTEM32\ntdll.dll
0x00007ff8fa310000 - 0x00007ff8fa3d9000 	C:\WINDOWS\System32\KERNEL32.DLL
0x00007ff8f8530000 - 0x00007ff8f892f000 	C:\WINDOWS\System32\KERNELBASE.dll
0x00007ff8f8e10000 - 0x00007ff8f8f5c000 	C:\WINDOWS\System32\ucrtbase.dll
0x00007ff8f3200000 - 0x00007ff8f321e000 	C:\Users\NAGARAJU\.antigravity-ide\extensions\redhat.java-1.56.0-win32-x64\jre\21.0.12.1-win32-x86_64\bin\VCRUNTIME140.dll
0x00007ff8e9d90000 - 0x00007ff8e9da8000 	C:\Users\NAGARAJU\.antigravity-ide\extensions\redhat.java-1.56.0-win32-x64\jre\21.0.12.1-win32-x86_64\bin\jli.dll
0x00007ff8f9240000 - 0x00007ff8f9406000 	C:\WINDOWS\System32\USER32.dll
0x00007ff8f8450000 - 0x00007ff8f8477000 	C:\WINDOWS\System32\win32u.dll
0x00007ff8fa2e0000 - 0x00007ff8fa30b000 	C:\WINDOWS\System32\GDI32.dll
0x00007ff8f8ad0000 - 0x00007ff8f8bf9000 	C:\WINDOWS\System32\gdi32full.dll
0x00007ff8f8480000 - 0x00007ff8f8523000 	C:\WINDOWS\System32\msvcp_win.dll
0x00007ff8e1270000 - 0x00007ff8e1501000 	C:\WINDOWS\WinSxS\amd64_microsoft.windows.common-controls_6595b64144ccf1df_6.0.26100.8972_none_3e0da176e32f9d4b\COMCTL32.dll
0x00007ff8fa7b0000 - 0x00007ff8fa859000 	C:\WINDOWS\System32\msvcrt.dll
0x00007ff8fb0f0000 - 0x00007ff8fb122000 	C:\WINDOWS\System32\IMM32.DLL
0x00007ff8f31a0000 - 0x00007ff8f31ac000 	C:\Users\NAGARAJU\.antigravity-ide\extensions\redhat.java-1.56.0-win32-x64\jre\21.0.12.1-win32-x86_64\bin\vcruntime140_1.dll
0x00007ff8db580000 - 0x00007ff8db60d000 	C:\Users\NAGARAJU\.antigravity-ide\extensions\redhat.java-1.56.0-win32-x64\jre\21.0.12.1-win32-x86_64\bin\msvcp140.dll
0x00007ff809720000 - 0x00007ff80a4c2000 	C:\Users\NAGARAJU\.antigravity-ide\extensions\redhat.java-1.56.0-win32-x64\jre\21.0.12.1-win32-x86_64\bin\server\jvm.dll
0x00007ff8fb130000 - 0x00007ff8fb1ec000 	C:\WINDOWS\System32\ADVAPI32.dll
0x00007ff8fb040000 - 0x00007ff8fb0ea000 	C:\WINDOWS\System32\sechost.dll
0x00007ff8f8f70000 - 0x00007ff8f9088000 	C:\WINDOWS\System32\RPCRT4.dll
0x00007ff8fa250000 - 0x00007ff8fa2d2000 	C:\WINDOWS\System32\WS2_32.dll
0x00007ff8f1dc0000 - 0x00007ff8f1df6000 	C:\WINDOWS\SYSTEM32\WINMM.dll
0x00007ff8f1e00000 - 0x00007ff8f1e0b000 	C:\WINDOWS\SYSTEM32\VERSION.dll
0x00007ff8f82b0000 - 0x00007ff8f830e000 	C:\WINDOWS\SYSTEM32\POWRPROF.dll
0x00007ff8f8290000 - 0x00007ff8f82a5000 	C:\WINDOWS\SYSTEM32\UMPDC.dll
0x00007ff8f7140000 - 0x00007ff8f715b000 	C:\WINDOWS\SYSTEM32\kernel.appcore.dll
0x00007ff8dcb50000 - 0x00007ff8dcb5a000 	C:\Users\NAGARAJU\.antigravity-ide\extensions\redhat.java-1.56.0-win32-x64\jre\21.0.12.1-win32-x86_64\bin\jimage.dll
0x00007ff8ec240000 - 0x00007ff8ec482000 	C:\WINDOWS\SYSTEM32\DBGHELP.DLL
0x00007ff8f9ec0000 - 0x00007ff8fa245000 	C:\WINDOWS\System32\combase.dll
0x00007ff8fa9f0000 - 0x00007ff8faac9000 	C:\WINDOWS\System32\OLEAUT32.dll
0x00007ff8dc630000 - 0x00007ff8dc66b000 	C:\WINDOWS\SYSTEM32\dbgcore.DLL
0x00007ff8f8cc0000 - 0x00007ff8f8d6c000 	C:\WINDOWS\System32\bcryptPrimitives.dll
0x00007ff8dcb40000 - 0x00007ff8dcb4f000 	C:\Users\NAGARAJU\.antigravity-ide\extensions\redhat.java-1.56.0-win32-x64\jre\21.0.12.1-win32-x86_64\bin\instrument.dll
0x00007ff8dcb00000 - 0x00007ff8dcb20000 	C:\Users\NAGARAJU\.antigravity-ide\extensions\redhat.java-1.56.0-win32-x64\jre\21.0.12.1-win32-x86_64\bin\java.dll
0x00007ff8f9730000 - 0x00007ff8f9eb8000 	C:\WINDOWS\System32\SHELL32.dll
0x00007ff8f5f20000 - 0x00007ff8f67bb000 	C:\WINDOWS\SYSTEM32\windows.storage.dll
0x00007ff8f95d0000 - 0x00007ff8f96c9000 	C:\WINDOWS\System32\SHCORE.dll
0x00007ff8fa690000 - 0x00007ff8fa6f6000 	C:\WINDOWS\System32\shlwapi.dll
0x00007ff8f8370000 - 0x00007ff8f8399000 	C:\WINDOWS\SYSTEM32\profapi.dll
0x00007ff8db620000 - 0x00007ff8db638000 	C:\Users\NAGARAJU\.antigravity-ide\extensions\redhat.java-1.56.0-win32-x64\jre\21.0.12.1-win32-x86_64\bin\zip.dll
0x00007ff8dc0f0000 - 0x00007ff8dc100000 	C:\Users\NAGARAJU\.antigravity-ide\extensions\redhat.java-1.56.0-win32-x64\jre\21.0.12.1-win32-x86_64\bin\net.dll
0x00007ff8ee090000 - 0x00007ff8ee1b8000 	C:\WINDOWS\SYSTEM32\WINHTTP.dll
0x00007ff8f76f0000 - 0x00007ff8f775c000 	C:\WINDOWS\system32\mswsock.dll
0x00007ff8dcb20000 - 0x00007ff8dcb36000 	C:\Users\NAGARAJU\.antigravity-ide\extensions\redhat.java-1.56.0-win32-x64\jre\21.0.12.1-win32-x86_64\bin\nio.dll
0x00007ff8dc120000 - 0x00007ff8dc130000 	C:\Users\NAGARAJU\.antigravity-ide\extensions\redhat.java-1.56.0-win32-x64\jre\21.0.12.1-win32-x86_64\bin\verify.dll
0x00007ff86e570000 - 0x00007ff86e597000 	C:\Users\NAGARAJU\.gradle\native\1def1411415f61bf3af743bc5b6707747c0891f09f0c88961ee8f79bc544acac\windows-amd64\native-platform.dll
0x00007ff8956e0000 - 0x00007ff895758000 	C:\Users\NAGARAJU\.gradle\native\0.2.7\x86_64-windows-gnu\gradle-fileevents.dll
0x00007ff8f3230000 - 0x00007ff8f323a000 	C:\Users\NAGARAJU\.antigravity-ide\extensions\redhat.java-1.56.0-win32-x64\jre\21.0.12.1-win32-x86_64\bin\management.dll
0x00007ff8dc0b0000 - 0x00007ff8dc0bc000 	C:\Users\NAGARAJU\.antigravity-ide\extensions\redhat.java-1.56.0-win32-x64\jre\21.0.12.1-win32-x86_64\bin\management_ext.dll
0x00007ff8fa3e0000 - 0x00007ff8fa3e8000 	C:\WINDOWS\System32\PSAPI.DLL
0x00007ff8f6af0000 - 0x00007ff8f6b23000 	C:\WINDOWS\SYSTEM32\IPHLPAPI.DLL
0x00007ff8f9090000 - 0x00007ff8f909a000 	C:\WINDOWS\System32\NSI.dll
0x00007ff8dc100000 - 0x00007ff8dc109000 	C:\Users\NAGARAJU\.antigravity-ide\extensions\redhat.java-1.56.0-win32-x64\jre\21.0.12.1-win32-x86_64\bin\extnet.dll
0x00007ff8f79e0000 - 0x00007ff8f79fb000 	C:\WINDOWS\SYSTEM32\CRYPTSP.dll
0x00007ff8f70a0000 - 0x00007ff8f70d9000 	C:\WINDOWS\system32\rsaenh.dll
0x00007ff8f77a0000 - 0x00007ff8f77d2000 	C:\WINDOWS\SYSTEM32\USERENV.dll
0x00007ff8f8340000 - 0x00007ff8f836a000 	C:\WINDOWS\SYSTEM32\bcrypt.dll
0x00007ff8f7a00000 - 0x00007ff8f7a0c000 	C:\WINDOWS\SYSTEM32\CRYPTBASE.dll
0x00007ff8dc110000 - 0x00007ff8dc11e000 	C:\Users\NAGARAJU\.antigravity-ide\extensions\redhat.java-1.56.0-win32-x64\jre\21.0.12.1-win32-x86_64\bin\sunmscapi.dll
0x00007ff8f8940000 - 0x00007ff8f8abe000 	C:\WINDOWS\System32\CRYPT32.dll
0x00007ff8f7c20000 - 0x00007ff8f7c50000 	C:\WINDOWS\SYSTEM32\ncrypt.dll
0x00007ff8f7bd0000 - 0x00007ff8f7c0f000 	C:\WINDOWS\SYSTEM32\NTASN1.dll
0x00007ff8c7b30000 - 0x00007ff8c7b38000 	C:\WINDOWS\system32\wshunix.dll

JVMTI agents:
C:\Users\NAGARAJU\.gradle\wrapper\dists\gradle-8.14.1-bin\baw1sv0jfoi8rxs14qo3h49cs\gradle-8.14.1\lib\agents\gradle-instrumentation-agent-8.14.1.jar path:C:\Users\NAGARAJU\.antigravity-ide\extensions\redhat.java-1.56.0-win32-x64\jre\21.0.12.1-win32-x86_64\bin\instrument.dll, loaded, initialized, instrumentlib options:none

dbghelp: loaded successfully - version: 4.0.5 - missing functions: none
symbol engine: initialized successfully - sym options: 0x614 - pdb path: .;C:\Users\NAGARAJU\.antigravity-ide\extensions\redhat.java-1.56.0-win32-x64\jre\21.0.12.1-win32-x86_64\bin;C:\WINDOWS\SYSTEM32;C:\WINDOWS\WinSxS\amd64_microsoft.windows.common-controls_6595b64144ccf1df_6.0.26100.8972_none_3e0da176e32f9d4b;C:\Users\NAGARAJU\.antigravity-ide\extensions\redhat.java-1.56.0-win32-x64\jre\21.0.12.1-win32-x86_64\bin\server;C:\Users\NAGARAJU\.gradle\native\1def1411415f61bf3af743bc5b6707747c0891f09f0c88961ee8f79bc544acac\windows-amd64;C:\Users\NAGARAJU\.gradle\native\0.2.7\x86_64-windows-gnu

VM Arguments:
jvm_args: --add-opens=java.base/java.lang=ALL-UNNAMED --add-opens=java.base/java.lang.invoke=ALL-UNNAMED --add-opens=java.base/java.util=ALL-UNNAMED --add-opens=java.prefs/java.util.prefs=ALL-UNNAMED --add-exports=jdk.compiler/com.sun.tools.javac.api=ALL-UNNAMED --add-exports=jdk.compiler/com.sun.tools.javac.util=ALL-UNNAMED --add-opens=java.base/java.util=ALL-UNNAMED --add-opens=java.prefs/java.util.prefs=ALL-UNNAMED --add-opens=java.base/java.nio.charset=ALL-UNNAMED --add-opens=java.base/java.net=ALL-UNNAMED --add-opens=java.base/java.util.concurrent.atomic=ALL-UNNAMED --add-opens=java.xml/javax.xml.namespace=ALL-UNNAMED -Xmx4096m -Dfile.encoding=UTF-8 -Duser.country=IN -Duser.language=en -Duser.variant -javaagent:C:\Users\NAGARAJU\.gradle\wrapper\dists\gradle-8.14.1-bin\baw1sv0jfoi8rxs14qo3h49cs\gradle-8.14.1\lib\agents\gradle-instrumentation-agent-8.14.1.jar 
java_command: org.gradle.launcher.daemon.bootstrap.GradleDaemon 8.14.1
java_class_path (initial): C:\Users\NAGARAJU\.gradle\wrapper\dists\gradle-8.14.1-bin\baw1sv0jfoi8rxs14qo3h49cs\gradle-8.14.1\lib\gradle-daemon-main-8.14.1.jar
Launcher Type: SUN_STANDARD

[Global flags]
     intx CICompilerCount                          = 4                                         {product} {ergonomic}
     uint ConcGCThreads                            = 2                                         {product} {ergonomic}
     uint G1ConcRefinementThreads                  = 8                                         {product} {ergonomic}
   size_t G1HeapRegionSize                         = 2097152                                   {product} {ergonomic}
    uintx GCDrainStackTargetSize                   = 64                                        {product} {ergonomic}
   size_t InitialHeapSize                          = 123731968                                 {product} {ergonomic}
   size_t MarkStackSize                            = 4194304                                   {product} {ergonomic}
   size_t MaxHeapSize                              = 4294967296                                {product} {command line}
   size_t MaxNewSize                               = 2575302656                                {product} {ergonomic}
   size_t MinHeapDeltaBytes                        = 2097152                                   {product} {ergonomic}
   size_t MinHeapSize                              = 8388608                                   {product} {ergonomic}
    uintx NonNMethodCodeHeapSize                   = 5839372                                {pd product} {ergonomic}
    uintx NonProfiledCodeHeapSize                  = 122909434                              {pd product} {ergonomic}
    uintx ProfiledCodeHeapSize                     = 122909434                              {pd product} {ergonomic}
    uintx ReservedCodeCacheSize                    = 251658240                              {pd product} {ergonomic}
     bool SegmentedCodeCache                       = true                                      {product} {ergonomic}
   size_t SoftMaxHeapSize                          = 4294967296                             {manageable} {ergonomic}
     bool UseCompressedOops                        = true                           {product lp64_product} {ergonomic}
     bool UseG1GC                                  = true                                      {product} {ergonomic}
     bool UseLargePagesIndividualAllocation        = false                                  {pd product} {ergonomic}

Logging:
Log output configuration:
 #0: stdout all=warning uptime,level,tags foldmultilines=false
 #1: stderr all=off uptime,level,tags foldmultilines=false

Release file:
JAVA_VERSION="21.0.12.1" 
MODULES="java.base java.compiler java.datatransfer java.xml java.prefs java.desktop java.instrument java.logging java.management java.security.sasl java.naming java.rmi java.management.rmi java.net.http java.scripting java.security.jgss java.transaction.xa java.sql java.sql.rowset java.xml.crypto java.se java.smartcardio jdk.accessibility jdk.internal.jvmstat jdk.attach jdk.charsets jdk.internal.opt jdk.zipfs jdk.compiler jdk.crypto.ec jdk.crypto.cryptoki jdk.crypto.mscapi jdk.dynalink jdk.internal.ed jdk.editpad jdk.hotspot.agent jdk.httpserver jdk.internal.le jdk.internal.vm.ci jdk.internal.vm.compiler jdk.internal.vm.compiler.management jdk.jartool jdk.javadoc jdk.jcmd jdk.management jdk.management.agent jdk.jconsole jdk.jdeps jdk.jdwp.agent jdk.jdi jdk.jfr jdk.jshell jdk.jsobject jdk.jstatd jdk.localedata jdk.management.jfr jdk.naming.dns jdk.naming.rmi jdk.net jdk.nio.mapmode jdk.random jdk.sctp jdk.security.auth jdk.security.jgss jdk.unsupported jdk.unsupported.desktop jdk.xml.dom" 

Environment Variables:
JAVA_HOME=C:\Program Files\Eclipse Adoptium\jdk-21.0.11.10-hotspot
PATH=C:\Program Files\Eclipse Adoptium\jdk-21.0.11.10-hotspot\bin;C:\Program Files\Eclipse Adoptium\jdk-11.0.26.4-hotspot\bin;C:\Program Files\Eclipse Adoptium\jdk-17.0.14.7-hotspot\bin;C:\Program Files\Java\jdk-17\bin;C:\Program Files\nodejs;E:\Android\Sdk\platform-tools;E:\Android\Sdk\emulator;E:\Android\Sdk\cmdline-tools\latest\bin;C:\Users\NAGARAJU\AppData\Local\Android\Sdk\platform-tools;C:\Users\NAGARAJU\AppData\Local\Android\Sdk\emulator;C:\Users\NAGARAJU\AppData\Local\Android\Sdk\cmdline-tools\latest\bin;C:\Program Files\Eclipse Adoptium\jdk-21.0.11.10-hotspot\bin;C:\Program Files\Eclipse Adoptium\jdk-11.0.26.4-hotspot\bin;C:\Program Files\Eclipse Adoptium\jdk-17.0.14.7-hotspot\bin;C:\Program Files\Java\jdk-17\bin;C:\Program Files\nodejs;E:\Android\Sdk\platform-tools;E:\Android\Sdk\emulator;E:\Android\Sdk\cmdline-tools\latest\bin;C:\Users\NAGARAJU\AppData\Local\Android\Sdk\platform-tools;C:\Users\NAGARAJU\AppData\Local\Android\Sdk\emulator;C:\Users\NAGARAJU\AppData\Local\Android\Sdk\cmdline-tools\latest\bin;C:\Program Files\Eclipse Adoptium\jdk-21.0.11.10-hotspot\bin;C:\Program Files\Eclipse Adoptium\jdk-11.0.26.4-hotspot\bin;C:\Program Files\Eclipse Adoptium\jdk-17.0.14.7-hotspot\bin;C:\Program Files\Java\jdk-17\bin;C:\Program Files\nodejs;E:\Android\Sdk\platform-tools;E:\Android\Sdk\emulator;E:\Android\Sdk\cmdline-tools\latest\bin;C:\Users\NAGARAJU\AppData\Local\Android\Sdk\platform-tools;C:\Users\NAGARAJU\AppData\Local\Android\Sdk\emulator;C:\Users\NAGARAJU\AppData\Local\Android\Sdk\cmdline-tools\latest\bin;C:\WINDOWS\System32;C:\ProgramData\chocolatey\bin;C:\Program Files\nodejs\;C:\Program Files\Git\cmd;C:\Windows\System32;C:\Windows\System32\WindowsPowerShell\v1.0;C:\Windows\System32\OpenSSH;C:\Windows\System32\WindowsPowerShell\v1.0\;C:\Users\NAGARAJU\Downloads\stripe_1.30.0_windows_x86_64;C:\WINDOWS\system32;C:\WINDOWS;C:\WINDOWS\System32\Wbem;C:\WINDOWS\System32\WindowsPowerShell\v1.0\;C:\WINDOWS\System32\OpenSSH\;C:\ProgramData\chocolatey\bin;C:\Program Files\nodejs\;C:\Program Files\Git\cmd;C:\Windows\System32;C:\Windows\System32\WindowsPowerShell\v1.0;C:\Windows\System32\OpenSSH;C:\Windows\System32\WindowsPowerShell\v1.0\;C:\Users\NAGARAJU\Downloads\stripe_1.30.0_windows_x86_64;C:\WINDOWS\system32;C:\WINDOWS;C:\WINDOWS\System32\Wbem;C:\WINDOWS\System32\WindowsPowerShell\v1.0\;C:\WINDOWS\System32\OpenSSH\;C:\ProgramData\chocolatey\bin;C:\Program Files\nodejs\;C:\Program Files\Git\cmd;C:\Windows\System32;C:\Windows\System32\WindowsPowerShell\v1.0;C:\Windows\System32\OpenSSH;C:\Windows\System32\WindowsPowerShell\v1.0\;C:\Users\NAGARAJU\Downloads\stripe_1.30.0_windows_x86_64;C:\WINDOWS\system32;C:\WINDOWS;C:\WINDOWS\System32\Wbem;C:\WINDOWS\System32\WindowsPowerShell\v1.0\;C:\WINDOWS\System32\OpenSSH\;C:\Program Files\Eclipse Adoptium\jdk-21.0.11.10-hotspot\bin;C:\Program Files\Eclipse Adoptium\jdk-11.0.26.4-hotspot\bin;C:\Program Files\Eclipse Adoptium\jdk-17.0.14.7-hotspot\bin;C:\Program Files\Java\jdk-17\bin;C:\Program Files\nodejs;E:\Android\Sdk\platform-tools;E:\Android\Sdk\emulator;E:\Android\Sdk\cmdline-tools\latest\bin;C:\Users\NAGARAJU\AppData\Local\Android\Sdk\platform-tools;C:\Users\NAGARAJU\AppData\Local\Android\Sdk\emulator;C:\Users\NAGARAJU\AppData\Local\Android\Sdk\cmdline-tools\latest\bin;C:\Program Files\Eclipse Adoptium\jdk-21.0.11.10-hotspot\bin;C:\Program Files\Eclipse Adoptium\jdk-11.0.26.4-hotspot\bin;C:\Program Files\Eclipse Adoptium\jdk-17.0.14.7-hotspot\bin;C:\Program Files\Java\jdk-17\bin;C:\Program Files\nodejs;E:\Android\Sdk\platform-tools;E:\Android\Sdk\emulator;E:\Android\Sdk\cmdline-tools\latest\bin;C:\Users\NAGARAJU\AppData\Local\Android\Sdk\platform-tools;C:\Users\NAGARAJU\AppData\Local\Android\Sdk\emulator;C:\Users\NAGARAJU\AppData\Local\Android\Sdk\cmdline-tools\latest\bin;C:\Program Files\Eclipse Adoptium\jdk-21.0.11.10-hotspot\bin;C:\Program Files\Eclipse Adoptium\jdk-11.0.26.4-hotspot\bin;C:\Program Files\Eclipse Adoptium\jdk-17.0.14.7-hotspot\bin;C:\Program Files\Java\jdk-17\bin;C:\Program Files\nodejs;E:\Android\Sdk\platform-tools;E:\Android\Sdk\emulator;E:\Android\Sdk\cmdline-tools\latest\bin;C:\Users\NAGARAJU\AppData\Local\Android\Sdk\platform-tools;C:\Users\NAGARAJU\AppData\Local\Android\Sdk\emulator;C:\Users\NAGARAJU\AppData\Local\Android\Sdk\cmdline-tools\latest\bin;C:\WINDOWS\System32;C:\ProgramData\chocolatey\bin;C:\Program Files\nodejs\;C:\Program Files\Git\cmd;C:\Windows\System32;C:\Windows\System32\WindowsPowerShell\v1.0;C:\Windows\System32\OpenSSH;C:\Windows\System32\WindowsPowerShell\v1.0\;C:\Users\NAGARAJU\Downloads\stripe_1.30.0_windows_x86_64;C:\WINDOWS\system32;C:\WINDOWS;C:\WINDOWS\System32\Wbem;C:\WINDOWS\System32\WindowsPowerShell\v1.0\;C:\WINDOWS\System32\OpenSSH\;C:\ProgramData\chocolatey\bin;C:\Program Files\nodejs\;C:\Program Files\Git\cmd;C:\Windows\System32;C:\Windows\System32\WindowsPowerShell\v1.0;C:\Windows\System32\OpenSSH;C:\Windows\System32\WindowsPowerShell\v1.0\;C:\Users\NAGARAJU\Downloads\stripe_1.30.0_windows_x86_64;C:\WINDOWS\system32;C:\WINDOWS;C:\WINDOWS\System32\Wbem;C:\WINDOWS\System32\WindowsPowerShell\v1.0\;C:\WINDOWS\System32\OpenSSH\;C:\ProgramData\chocolatey\bin;C:\Program Files\nodejs\;C:\Program Files\Git\cmd;C:\Windows\System32;C:\Windows\System32\WindowsPowerShell\v1.0;C:\Windows\System32\OpenSSH;C:\Windows\System32\WindowsPowerShell\v1.0\;C:\Users\NAGARAJU\Downloads\stripe_1.30.0_windows_x86_64;C:\WINDOWS\system32;C:\WINDOWS;C:\WINDOWS\System32\Wbem;C:\WINDOWS\System32\WindowsPowerShell\v1.0\;C:\WINDOWS\System32\OpenSSH\;C:\Users\NAGARAJU\AppData\Local\Android\Sdk\platform-tools;C:\Users\NAGARAJU\AppData\Local\Android\Sdk\cmdline-tools\latest\bin;C:\Users\NAGARAJU\AppData\Roaming\npm;C:\Users\NAGARAJU\AppData\Local\Programs\Microsoft VS Code\bin;C:\Users\NAGARAJU\AppData\Local\Programs\Antigravity IDE\bin;C:\Users\NAGARAJU\AppData\Local\Microsoft\WindowsApps;C:\Users\NAGARAJU\AppData\Local\Kingsoft\WPS Office\12.1.0.27458\clitool
USERNAME=NAGARAJU
OS=Windows_NT
PROCESSOR_IDENTIFIER=AMD64 Family 23 Model 104 Stepping 1, AuthenticAMD
TMP=C:\Users\NAGARAJU\AppData\Local\Temp
TEMP=C:\Users\NAGARAJU\AppData\Local\Temp




Periodic native trim disabled

---------------  S Y S T E M  ---------------

OS:
 Windows 11 , 64 bit Build 26100 (10.0.26100.9168)
OS uptime: 0 days 0:33 hours

CPU: total 8 (initial active 8) (8 cores per cpu, 2 threads per core) family 23 model 104 stepping 1 microcode 0x8608109, cx8, cmov, fxsr, ht, mmx, 3dnowpref, sse, sse2, sse3, ssse3, sse4a, sse4.1, sse4.2, popcnt, lzcnt, tsc, tscinvbit, avx, avx2, aes, clmul, bmi1, bmi2, adx, sha, fma, vzeroupper, clflush, clflushopt, rdtscp, rdpid, f16c
Processor Information for the first 8 processors :
  Max Mhz: 2600, Current Mhz: 2600, Mhz Limit: 2600

Memory: 4k page, system-wide physical 7502M (361M free)
TotalPageFile size 40270M (AvailPageFile size 11M)
current process WorkingSet (physical memory assigned to process): 42M, peak: 190M
current process commit charge ("private bytes"): 269M, peak: 323M

vm_info: OpenJDK 64-Bit Server VM (21.0.12.1+1-LTS) for windows-amd64 JRE (21.0.12.1+1-LTS), built on 2026-08-18T00:00:00Z by "admin" with MS VC++ 17.12 (VS2022)

END.
