#
# There is insufficient memory for the Java Runtime Environment to continue.
# Native memory allocation (malloc) failed to allocate 32744 bytes. Error detail: Chunk::new
# Possible reasons:
#   The system is out of physical RAM or swap space
#   This process is running with CompressedOops enabled, and the Java Heap may be blocking the growth of the native heap
# Possible solutions:
#   Reduce memory load on the system
#   Increase physical memory or swap space
#   Check if swap backing store is full
#   Decrease Java heap size (-Xmx/-Xms)
#   Decrease number of Java threads
#   Decrease Java thread stack sizes (-Xss)
#   Set larger code cache with -XX:ReservedCodeCacheSize=
#   JVM is running with Zero Based Compressed Oops mode in which the Java heap is
#     placed in the first 32GB address space. The Java Heap base address is the
#     maximum limit for the native heap growth. Please use -XX:HeapBaseMinAddress
#     to set the Java Heap base and to place the Java Heap above 32GB virtual address.
# This output file may be truncated or incomplete.
#
#  Out of Memory Error (arena.cpp:168), pid=22884, tid=29188
#
# JRE version: OpenJDK Runtime Environment Temurin-21.0.12.1+1 (21.0.12.1+1) (build 21.0.12.1+1-LTS)
# Java VM: OpenJDK 64-Bit Server VM Temurin-21.0.12.1+1 (21.0.12.1+1-LTS, mixed mode, sharing, tiered, compressed oops, compressed class ptrs, g1 gc, windows-amd64)
# No core dump will be written. Minidumps are not enabled by default on client versions of Windows
#

---------------  S U M M A R Y ------------

Command Line: --add-opens=java.base/java.lang=ALL-UNNAMED --add-opens=java.base/java.lang.invoke=ALL-UNNAMED --add-opens=java.base/java.util=ALL-UNNAMED --add-opens=java.prefs/java.util.prefs=ALL-UNNAMED --add-exports=jdk.compiler/com.sun.tools.javac.api=ALL-UNNAMED --add-exports=jdk.compiler/com.sun.tools.javac.util=ALL-UNNAMED --add-opens=java.base/java.util=ALL-UNNAMED --add-opens=java.prefs/java.util.prefs=ALL-UNNAMED --add-opens=java.base/java.nio.charset=ALL-UNNAMED --add-opens=java.base/java.net=ALL-UNNAMED --add-opens=java.base/java.util.concurrent.atomic=ALL-UNNAMED --add-opens=java.xml/javax.xml.namespace=ALL-UNNAMED -Xmx4096m -Dfile.encoding=UTF-8 -Duser.country=IN -Duser.language=en -Duser.variant -javaagent:C:\Users\NAGARAJU\.gradle\wrapper\dists\gradle-8.14.1-bin\baw1sv0jfoi8rxs14qo3h49cs\gradle-8.14.1\lib\agents\gradle-instrumentation-agent-8.14.1.jar org.gradle.launcher.daemon.bootstrap.GradleDaemon 8.14.1

Host: AMD Ryzen 3 5300U with Radeon Graphics         , 8 cores, 7G,  Windows 11 , 64 bit Build 26100 (10.0.26100.9168)
Time: Tue Sep  8 17:43:24 2026 India Standard Time elapsed time: 512.553957 seconds (0d 0h 8m 32s)

---------------  T H R E A D  ---------------

Current thread (0x000002084d527290):  JavaThread "C2 CompilerThread0" daemon [_thread_in_native, id=29188, stack(0x0000002e8cc00000,0x0000002e8cd00000) (1024K)]


Current CompileTask:
C2:512588 4287       4       org.gradle.launcher.daemon.registry.DaemonStopEvent$Serializer::read (6 bytes)

Stack: [0x0000002e8cc00000,0x0000002e8cd00000]
Native frames: (J=compiled Java code, j=interpreted, Vv=VM code, C=native code)
V  [jvm.dll+0x6d83e9]
V  [jvm.dll+0x8b5736]
V  [jvm.dll+0x8b7cee]
V  [jvm.dll+0x8b83d3]
V  [jvm.dll+0x284596]
V  [jvm.dll+0xc685d]
V  [jvm.dll+0xc6da1]
V  [jvm.dll+0xbb871]
V  [jvm.dll+0x701846]
V  [jvm.dll+0x328ae9]
V  [jvm.dll+0x3299e5]
V  [jvm.dll+0x6994d7]
V  [jvm.dll+0x13a05c]
V  [jvm.dll+0x39b114]
V  [jvm.dll+0x6f5f9e]
V  [jvm.dll+0x6f5287]
V  [jvm.dll+0x6f0656]
V  [jvm.dll+0x6ea969]
V  [jvm.dll+0x6ea069]
V  [jvm.dll+0x6e80ee]
V  [jvm.dll+0x1ce4fc]
V  [jvm.dll+0x2fa7dc]
V  [jvm.dll+0x6f2873]
V  [jvm.dll+0x6ea969]
V  [jvm.dll+0x6ea069]
V  [jvm.dll+0x6e80ee]
V  [jvm.dll+0x1ce4fc]
V  [jvm.dll+0x1cf09e]
V  [jvm.dll+0x2fa7dc]
V  [jvm.dll+0x6f2873]
V  [jvm.dll+0x6ea969]
V  [jvm.dll+0x6ea069]
V  [jvm.dll+0x6e80ee]
V  [jvm.dll+0x1ce4fc]
V  [jvm.dll+0x24b919]
V  [jvm.dll+0x1cb4ae]
V  [jvm.dll+0x25baad]
V  [jvm.dll+0x25a03a]
V  [jvm.dll+0x3f8aae]
V  [jvm.dll+0x8600cd]
V  [jvm.dll+0x6d6c1d]
C  [ucrtbase.dll+0x2cd30]
C  [KERNEL32.DLL+0x2ccb7]
C  [ntdll.dll+0xaad6c]


---------------  P R O C E S S  ---------------

Threads class SMR info:
_java_thread_list=0x00000208955bbc70, length=28, elements={
0x00000208335dd720, 0x000002084d511a10, 0x000002084d5151a0, 0x000002084d517010,
0x000002084d517a70, 0x000002084d519f10, 0x000002084d522980, 0x000002084d527290,
0x000002084d528a50, 0x000002084d73d1d0, 0x000002084d73e580, 0x000002084d73ec10,
0x000002084d73be20, 0x000002084d73c4b0, 0x000002084d73d860, 0x000002084d73def0,
0x00000208944b7eb0, 0x00000208944b9260, 0x00000208944b8540, 0x00000208944b8bd0,
0x00000208944b7190, 0x00000208944b5de0, 0x00000208944b98f0, 0x00000208944b9f80,
0x00000208944b7820, 0x00000208944bb9c0, 0x00000208944ba610, 0x00000208944baca0
}

Java Threads: ( => current thread )
  0x00000208335dd720 JavaThread "main"                              [_thread_blocked, id=4792, stack(0x0000002e8be00000,0x0000002e8bf00000) (1024K)]
  0x000002084d511a10 JavaThread "Reference Handler"          daemon [_thread_blocked, id=35460, stack(0x0000002e8c600000,0x0000002e8c700000) (1024K)]
  0x000002084d5151a0 JavaThread "Finalizer"                  daemon [_thread_blocked, id=30876, stack(0x0000002e8c700000,0x0000002e8c800000) (1024K)]
  0x000002084d517010 JavaThread "Signal Dispatcher"          daemon [_thread_blocked, id=13696, stack(0x0000002e8c800000,0x0000002e8c900000) (1024K)]
  0x000002084d517a70 JavaThread "Attach Listener"            daemon [_thread_blocked, id=4236, stack(0x0000002e8c900000,0x0000002e8ca00000) (1024K)]
  0x000002084d519f10 JavaThread "Service Thread"             daemon [_thread_blocked, id=33636, stack(0x0000002e8ca00000,0x0000002e8cb00000) (1024K)]
  0x000002084d522980 JavaThread "Monitor Deflation Thread"   daemon [_thread_blocked, id=25228, stack(0x0000002e8cb00000,0x0000002e8cc00000) (1024K)]
=>0x000002084d527290 JavaThread "C2 CompilerThread0"         daemon [_thread_in_native, id=29188, stack(0x0000002e8cc00000,0x0000002e8cd00000) (1024K)]
  0x000002084d528a50 JavaThread "C1 CompilerThread0"         daemon [_thread_blocked, id=36704, stack(0x0000002e8cd00000,0x0000002e8ce00000) (1024K)]
  0x000002084d73d1d0 JavaThread "Common-Cleaner"             daemon [_thread_blocked, id=6484, stack(0x0000002e8ce00000,0x0000002e8cf00000) (1024K)]
  0x000002084d73e580 JavaThread "Notification Thread"        daemon [_thread_blocked, id=39452, stack(0x0000002e8cf00000,0x0000002e8d000000) (1024K)]
  0x000002084d73ec10 JavaThread "Daemon health stats"               [_thread_blocked, id=29808, stack(0x0000002e8d400000,0x0000002e8d500000) (1024K)]
  0x000002084d73be20 JavaThread "Incoming local TCP Connector on port 54916"        [_thread_in_native, id=22544, stack(0x0000002e8d500000,0x0000002e8d600000) (1024K)]
  0x000002084d73c4b0 JavaThread "Daemon periodic checks"            [_thread_blocked, id=39856, stack(0x0000002e8d900000,0x0000002e8da00000) (1024K)]
  0x000002084d73d860 JavaThread "Daemon"                            [_thread_blocked, id=6540, stack(0x0000002e8da00000,0x0000002e8db00000) (1024K)]
  0x000002084d73def0 JavaThread "Handler for socket connection from /127.0.0.1:54916 to /127.0.0.1:54917"        [_thread_in_native, id=37436, stack(0x0000002e8db00000,0x0000002e8dc00000) (1024K)]
  0x00000208944b7eb0 JavaThread "Cancel handler"                    [_thread_blocked, id=27360, stack(0x0000002e8dc00000,0x0000002e8dd00000) (1024K)]
  0x00000208944b9260 JavaThread "Daemon worker"                     [_thread_blocked, id=31372, stack(0x0000002e8dd00000,0x0000002e8de00000) (1024K)]
  0x00000208944b8540 JavaThread "Asynchronous log dispatcher for DefaultDaemonConnection: socket connection from /127.0.0.1:54916 to /127.0.0.1:54917"        [_thread_blocked, id=16576, stack(0x0000002e8de00000,0x0000002e8df00000) (1024K)]
  0x00000208944b8bd0 JavaThread "Stdin handler"                     [_thread_blocked, id=28340, stack(0x0000002e8df00000,0x0000002e8e000000) (1024K)]
  0x00000208944b7190 JavaThread "Daemon client event forwarder"        [_thread_blocked, id=36404, stack(0x0000002e8e000000,0x0000002e8e100000) (1024K)]
  0x00000208944b5de0 JavaThread "Cache worker for journal cache (C:\Users\NAGARAJU\.gradle\caches\journal-1)"        [_thread_blocked, id=24556, stack(0x0000002e8e100000,0x0000002e8e200000) (1024K)]
  0x00000208944b98f0 JavaThread "File lock request listener"        [_thread_in_native, id=24504, stack(0x0000002e8e200000,0x0000002e8e300000) (1024K)]
  0x00000208944b9f80 JavaThread "Cache worker for file hash cache (C:\Users\NAGARAJU\.gradle\caches\8.14.1\fileHashes)"        [_thread_blocked, id=21688, stack(0x0000002e8bc00000,0x0000002e8bd00000) (1024K)]
  0x00000208944b7820 JavaThread "Cache worker for file hash cache (C:\zynnative\DocApp-CLI\android\.gradle\8.14.1\fileHashes)"        [_thread_blocked, id=31272, stack(0x0000002e8e300000,0x0000002e8e400000) (1024K)]
  0x00000208944bb9c0 JavaThread "Cache worker for Build Output Cleanup Cache (C:\zynnative\DocApp-CLI\android\.gradle\buildOutputCleanup)"        [_thread_blocked, id=360, stack(0x0000002e8e400000,0x0000002e8e500000) (1024K)]
  0x00000208944ba610 JavaThread "File watcher server"        daemon [_thread_in_native, id=27620, stack(0x0000002e8e500000,0x0000002e8e600000) (1024K)]
  0x00000208944baca0 JavaThread "File watcher consumer"      daemon [_thread_blocked, id=35420, stack(0x0000002e8e600000,0x0000002e8e700000) (1024K)]
Total: 28

Other Threads:
  0x000002084d4f5660 VMThread "VM Thread"                           [id=9220, stack(0x0000002e8c500000,0x0000002e8c600000) (1024K)]
  0x000002084d4e32f0 WatcherThread "VM Periodic Task Thread"        [id=31060, stack(0x0000002e8c400000,0x0000002e8c500000) (1024K)]
  0x000002083364a140 WorkerThread "GC Thread#0"                     [id=30640, stack(0x0000002e8bf00000,0x0000002e8c000000) (1024K)]
  0x000002084d874a50 WorkerThread "GC Thread#1"                     [id=33088, stack(0x0000002e8d000000,0x0000002e8d100000) (1024K)]
  0x000002084d67f780 WorkerThread "GC Thread#2"                     [id=35160, stack(0x0000002e8d100000,0x0000002e8d200000) (1024K)]
  0x00000208937ed900 WorkerThread "GC Thread#3"                     [id=6576, stack(0x0000002e8d200000,0x0000002e8d300000) (1024K)]
  0x0000020893963a10 WorkerThread "GC Thread#4"                     [id=37880, stack(0x0000002e8d300000,0x0000002e8d400000) (1024K)]
  0x0000020894397220 WorkerThread "GC Thread#5"                     [id=36808, stack(0x0000002e8d600000,0x0000002e8d700000) (1024K)]
  0x0000020894457310 WorkerThread "GC Thread#6"                     [id=22680, stack(0x0000002e8d700000,0x0000002e8d800000) (1024K)]
  0x00000208944576c0 WorkerThread "GC Thread#7"                     [id=37516, stack(0x0000002e8d800000,0x0000002e8d900000) (1024K)]
  0x000002083134dfa0 ConcurrentGCThread "G1 Main Marker"            [id=31388, stack(0x0000002e8c000000,0x0000002e8c100000) (1024K)]
  0x000002083134e8c0 WorkerThread "G1 Conc#0"                       [id=33232, stack(0x0000002e8c100000,0x0000002e8c200000) (1024K)]
  0x00000208946d70e0 WorkerThread "G1 Conc#1"                       [id=30948, stack(0x0000002e8bd00000,0x0000002e8be00000) (1024K)]
  0x000002083368eb50 ConcurrentGCThread "G1 Refine#0"               [id=39884, stack(0x0000002e8c200000,0x0000002e8c300000) (1024K)]
  0x000002084d3b7d80 ConcurrentGCThread "G1 Service"                [id=24956, stack(0x0000002e8c300000,0x0000002e8c400000) (1024K)]
Total: 15

Threads with active compile tasks:
C2 CompilerThread0  514177 4287       4       org.gradle.launcher.daemon.registry.DaemonStopEvent$Serializer::read (6 bytes)
Total: 1

VM state: not at safepoint (normal execution)

VM Mutex/Monitor currently owned by a thread: None

Heap address: 0x0000000700000000, size: 4096 MB, Compressed Oops mode: Zero based, Oop shift amount: 3

CDS archive(s) mapped at: [0x000002084e000000-0x000002084eba0000-0x000002084eba0000), size 12189696, SharedBaseAddress: 0x000002084e000000, ArchiveRelocationMode: 1.
Compressed class space mapped at: 0x000002084f000000-0x000002088f000000, reserved size: 1073741824
Narrow klass base: 0x000002084e000000, Narrow klass shift: 0, Narrow klass range: 0x100000000

GC Precious Log:
 CardTable entry size: 512
 Card Set container configuration: InlinePtr #cards 4 size 8 Array Of Cards #cards 16 size 48 Howl #buckets 8 coarsen threshold 3686 Howl Bitmap #cards 512 size 80 coarsen threshold 460 Card regions per heap region 1 cards per card region 4096
 CPUs: 8 total, 8 available
 Memory: 7502M
 Large Page Support: Disabled
 NUMA Support: Disabled
 Compressed Oops: Enabled (Zero based)
 Heap Region Size: 2M
 Heap Min Capacity: 8M
 Heap Initial Capacity: 118M
 Heap Max Capacity: 4G
 Pre-touch: Disabled
 Parallel Workers: 8
 Concurrent Workers: 2
 Concurrent Refinement Workers: 8
 Periodic GC: Disabled

Heap:
 garbage-first heap   total 90112K, used 55944K [0x0000000700000000, 0x0000000800000000)
  region size 2048K, 18 young (36864K), 3 survivors (6144K)
 Metaspace       used 26621K, committed 27520K, reserved 1114112K
  class space    used 3979K, committed 4416K, reserved 1048576K

Heap Regions: E=young(eden), S=young(survivor), O=old, HS=humongous(starts), HC=humongous(continues), CS=collection set, F=free, TAMS=top-at-mark-start, PB=parsable bottom
|   0|0x0000000700000000, 0x0000000700200000, 0x0000000700200000|100%|HS|  |TAMS 0x0000000700000000| PB 0x0000000700000000| Complete 
|   1|0x0000000700200000, 0x0000000700400000, 0x0000000700400000|100%|HC|  |TAMS 0x0000000700200000| PB 0x0000000700200000| Complete 
|   2|0x0000000700400000, 0x0000000700600000, 0x0000000700600000|100%| O|  |TAMS 0x0000000700400000| PB 0x0000000700400000| Untracked 
|   3|0x0000000700600000, 0x0000000700800000, 0x0000000700800000|100%| O|  |TAMS 0x0000000700600000| PB 0x0000000700600000| Untracked 
|   4|0x0000000700800000, 0x0000000700a00000, 0x0000000700a00000|100%| O|  |TAMS 0x0000000700800000| PB 0x0000000700800000| Untracked 
|   5|0x0000000700a00000, 0x0000000700c00000, 0x0000000700c00000|100%| O|  |TAMS 0x0000000700a00000| PB 0x0000000700a00000| Untracked 
|   6|0x0000000700c00000, 0x0000000700e00000, 0x0000000700e00000|100%| O|  |TAMS 0x0000000700c00000| PB 0x0000000700c00000| Untracked 
|   7|0x0000000700e00000, 0x0000000701000000, 0x0000000701000000|100%| O|  |TAMS 0x0000000700e00000| PB 0x0000000700e00000| Untracked 
|   8|0x0000000701000000, 0x0000000701200000, 0x0000000701200000|100%| O|  |TAMS 0x0000000701000000| PB 0x0000000701000000| Untracked 
|   9|0x0000000701200000, 0x0000000701390560, 0x0000000701400000| 78%| O|Cm|TAMS 0x0000000701200000| PB 0x0000000701200000| Complete 
|  10|0x0000000701400000, 0x0000000701600000, 0x0000000701600000|100%| O|  |TAMS 0x0000000701400000| PB 0x0000000701400000| Untracked 
|  11|0x0000000701600000, 0x0000000701644f70, 0x0000000701800000| 13%| O|  |TAMS 0x0000000701600000| PB 0x0000000701600000| Untracked 
|  12|0x0000000701800000, 0x0000000701800000, 0x0000000701a00000|  0%| F|  |TAMS 0x0000000701800000| PB 0x0000000701800000| Untracked 
|  13|0x0000000701a00000, 0x0000000701a00000, 0x0000000701c00000|  0%| F|  |TAMS 0x0000000701a00000| PB 0x0000000701a00000| Untracked 
|  14|0x0000000701c00000, 0x0000000701c00000, 0x0000000701e00000|  0%| F|  |TAMS 0x0000000701c00000| PB 0x0000000701c00000| Untracked 
|  15|0x0000000701e00000, 0x0000000701eccd00, 0x0000000702000000| 40%| S|CS|TAMS 0x0000000701e00000| PB 0x0000000701e00000| Complete 
|  16|0x0000000702000000, 0x0000000702200000, 0x0000000702200000|100%| S|CS|TAMS 0x0000000702000000| PB 0x0000000702000000| Complete 
|  17|0x0000000702200000, 0x0000000702400000, 0x0000000702400000|100%| S|CS|TAMS 0x0000000702200000| PB 0x0000000702200000| Complete 
|  18|0x0000000702400000, 0x0000000702400000, 0x0000000702600000|  0%| F|  |TAMS 0x0000000702400000| PB 0x0000000702400000| Untracked 
|  19|0x0000000702600000, 0x0000000702600000, 0x0000000702800000|  0%| F|  |TAMS 0x0000000702600000| PB 0x0000000702600000| Untracked 
|  20|0x0000000702800000, 0x0000000702800000, 0x0000000702a00000|  0%| F|  |TAMS 0x0000000702800000| PB 0x0000000702800000| Untracked 
|  21|0x0000000702a00000, 0x0000000702a00000, 0x0000000702c00000|  0%| F|  |TAMS 0x0000000702a00000| PB 0x0000000702a00000| Untracked 
|  22|0x0000000702c00000, 0x0000000702c00000, 0x0000000702e00000|  0%| F|  |TAMS 0x0000000702c00000| PB 0x0000000702c00000| Untracked 
|  23|0x0000000702e00000, 0x0000000702e00000, 0x0000000703000000|  0%| F|  |TAMS 0x0000000702e00000| PB 0x0000000702e00000| Untracked 
|  24|0x0000000703000000, 0x0000000703000000, 0x0000000703200000|  0%| F|  |TAMS 0x0000000703000000| PB 0x0000000703000000| Untracked 
|  25|0x0000000703200000, 0x0000000703200000, 0x0000000703400000|  0%| F|  |TAMS 0x0000000703200000| PB 0x0000000703200000| Untracked 
|  26|0x0000000703400000, 0x0000000703400000, 0x0000000703600000|  0%| F|  |TAMS 0x0000000703400000| PB 0x0000000703400000| Untracked 
|  27|0x0000000703600000, 0x0000000703600000, 0x0000000703800000|  0%| F|  |TAMS 0x0000000703600000| PB 0x0000000703600000| Untracked 
|  28|0x0000000703800000, 0x0000000703800000, 0x0000000703a00000|  0%| F|  |TAMS 0x0000000703800000| PB 0x0000000703800000| Untracked 
|  29|0x0000000703a00000, 0x0000000703aeff88, 0x0000000703c00000| 46%| E|  |TAMS 0x0000000703a00000| PB 0x0000000703a00000| Complete 
|  30|0x0000000703c00000, 0x0000000703e00000, 0x0000000703e00000|100%| E|CS|TAMS 0x0000000703c00000| PB 0x0000000703c00000| Complete 
|  31|0x0000000703e00000, 0x0000000704000000, 0x0000000704000000|100%| E|CS|TAMS 0x0000000703e00000| PB 0x0000000703e00000| Complete 
|  32|0x0000000704000000, 0x0000000704200000, 0x0000000704200000|100%| E|CS|TAMS 0x0000000704000000| PB 0x0000000704000000| Complete 
|  33|0x0000000704200000, 0x0000000704400000, 0x0000000704400000|100%| E|CS|TAMS 0x0000000704200000| PB 0x0000000704200000| Complete 
|  34|0x0000000704400000, 0x0000000704600000, 0x0000000704600000|100%| E|CS|TAMS 0x0000000704400000| PB 0x0000000704400000| Complete 
|  35|0x0000000704600000, 0x0000000704800000, 0x0000000704800000|100%| E|CS|TAMS 0x0000000704600000| PB 0x0000000704600000| Complete 
|  36|0x0000000704800000, 0x0000000704a00000, 0x0000000704a00000|100%| E|CS|TAMS 0x0000000704800000| PB 0x0000000704800000| Complete 
|  37|0x0000000704a00000, 0x0000000704c00000, 0x0000000704c00000|100%| E|CS|TAMS 0x0000000704a00000| PB 0x0000000704a00000| Complete 
|  38|0x0000000704c00000, 0x0000000704e00000, 0x0000000704e00000|100%| E|CS|TAMS 0x0000000704c00000| PB 0x0000000704c00000| Complete 
|  39|0x0000000704e00000, 0x0000000705000000, 0x0000000705000000|100%| E|CS|TAMS 0x0000000704e00000| PB 0x0000000704e00000| Complete 
|  40|0x0000000705000000, 0x0000000705200000, 0x0000000705200000|100%| E|CS|TAMS 0x0000000705000000| PB 0x0000000705000000| Complete 
|  41|0x0000000705200000, 0x0000000705400000, 0x0000000705400000|100%| E|CS|TAMS 0x0000000705200000| PB 0x0000000705200000| Complete 
|  42|0x0000000705400000, 0x0000000705600000, 0x0000000705600000|100%| E|CS|TAMS 0x0000000705400000| PB 0x0000000705400000| Complete 
|  58|0x0000000707400000, 0x0000000707600000, 0x0000000707600000|100%| E|CS|TAMS 0x0000000707400000| PB 0x0000000707400000| Complete 

Card table byte_map: [0x0000020846300000,0x0000020846b00000] _byte_map_base: 0x0000020842b00000

Marking Bits: (CMBitMap*) 0x000002083364b670
 Bits: [0x0000020846b00000, 0x000002084ab00000)

Polling page: 0x0000020831430000

Metaspace:

Usage:
  Non-class:     22.11 MB used.
      Class:      3.89 MB used.
       Both:     26.00 MB used.

Virtual space:
  Non-class space:       64.00 MB reserved,      22.56 MB ( 35%) committed,  1 nodes.
      Class space:        1.00 GB reserved,       4.31 MB ( <1%) committed,  1 nodes.
             Both:        1.06 GB reserved,      26.88 MB (  2%) committed. 

Chunk freelists:
   Non-Class:  8.58 MB
       Class:  11.51 MB
        Both:  20.08 MB

MaxMetaspaceSize: unlimited
CompressedClassSpaceSize: 1.00 GB
Initial GC threshold: 21.00 MB
Current GC threshold: 35.12 MB
CDS: on
 - commit_granule_bytes: 65536.
 - commit_granule_words: 8192.
 - virtual_space_node_default_size: 8388608.
 - enlarge_chunks_in_place: 1.
 - use_allocation_guard: 0.


Internal statistics:

num_allocs_failed_limit: 3.
num_arena_births: 1476.
num_arena_deaths: 0.
num_vsnodes_births: 2.
num_vsnodes_deaths: 0.
num_space_committed: 430.
num_space_uncommitted: 0.
num_chunks_returned_to_freelist: 3.
num_chunks_taken_from_freelist: 2640.
num_chunk_merges: 3.
num_chunk_splits: 1719.
num_chunks_enlarged: 1094.
num_inconsistent_stats: 0.

CodeHeap 'non-profiled nmethods': size=120000Kb used=2480Kb max_used=2480Kb free=117519Kb
 bounds [0x000002083e2a0000, 0x000002083e510000, 0x00000208457d0000]
CodeHeap 'profiled nmethods': size=120000Kb used=8500Kb max_used=8500Kb free=111499Kb
 bounds [0x00000208367d0000, 0x0000020837020000, 0x000002083dd00000]
CodeHeap 'non-nmethods': size=5760Kb used=1431Kb max_used=1465Kb free=4328Kb
 bounds [0x000002083dd00000, 0x000002083df70000, 0x000002083e2a0000]
CodeCache: size=245760Kb, used=12411Kb, max_used=12445Kb, free=233346Kb
 total_blobs=4857, nmethods=4271, adapters=489, full_count=0
Compilation: enabled, stopped_count=0, restarted_count=0

Compilation events (20 events):
Event: 493.311 Thread 0x000002084d528a50 nmethod 4276 0x0000020837014910 code [0x0000020837014d20, 0x0000020837016aa8]
Event: 497.640 Thread 0x000002084d527290 4279       4       java.lang.Thread::interrupted (7 bytes)
Event: 497.645 Thread 0x000002084d527290 nmethod 4279 0x000002083e50be90 code [0x000002083e50c020, 0x000002083e50c0b8]
Event: 499.340 Thread 0x000002084d528a50 4280       3       java.util.HashMap::clear (50 bytes)
Event: 499.341 Thread 0x000002084d528a50 nmethod 4280 0x0000020837017990 code [0x0000020837017b40, 0x0000020837017f00]
Event: 509.464 Thread 0x000002084d528a50 4281       3       java.util.Formatter$Conversion::isValid (256 bytes)
Event: 509.467 Thread 0x000002084d528a50 nmethod 4281 0x0000020837018010 code [0x00000208370181c0, 0x0000020837018768]
Event: 509.467 Thread 0x000002084d528a50 4282       3       java.util.Formatter$FormatSpecifier::<init> (68 bytes)
Event: 509.473 Thread 0x000002084d528a50 nmethod 4282 0x0000020837018810 code [0x0000020837018a20, 0x0000020837019088]
Event: 509.473 Thread 0x000002084d528a50 4283       3       java.util.Formatter$Conversion::isText (34 bytes)
Event: 509.473 Thread 0x000002084d528a50 nmethod 4283 0x0000020837019310 code [0x00000208370194a0, 0x0000020837019608]
Event: 509.475 Thread 0x000002084d528a50 4284       3       java.util.Formatter$FormatSpecifier::print (234 bytes)
Event: 509.485 Thread 0x000002084d528a50 nmethod 4284 0x0000020837019690 code [0x0000020837019920, 0x000002083701a0c8]
Event: 509.485 Thread 0x000002084d528a50 4285       3       java.util.Formatter$FormatSpecifier::printString (97 bytes)
Event: 509.493 Thread 0x000002084d528a50 nmethod 4285 0x000002083701a290 code [0x000002083701a560, 0x000002083701b430]
Event: 509.493 Thread 0x000002084d528a50 4286       3       java.util.Formatter$FormatSpecifier::print (57 bytes)
Event: 509.502 Thread 0x000002084d528a50 nmethod 4286 0x000002083701b910 code [0x000002083701bb80, 0x000002083701c538]
Event: 510.008 Thread 0x000002084d527290 4287       4       org.gradle.launcher.daemon.registry.DaemonStopEvent$Serializer::read (6 bytes)
Event: 510.008 Thread 0x000002084d528a50 4288       3       java.util.LinkedHashMap::valuesToArray (80 bytes)
Event: 510.011 Thread 0x000002084d528a50 nmethod 4288 0x000002083701c910 code [0x000002083701cb00, 0x000002083701d138]

GC Heap History (12 events):
Event: 10.551 GC heap before
{Heap before GC invocations=0 (full 0):
 garbage-first heap   total 120832K, used 22528K [0x0000000700000000, 0x0000000800000000)
  region size 2048K, 11 young (22528K), 0 survivors (0K)
 Metaspace       used 890K, committed 1024K, reserved 1114112K
  class space    used 71K, committed 128K, reserved 1048576K
}
Event: 10.562 GC heap after
{Heap after GC invocations=1 (full 0):
 garbage-first heap   total 120832K, used 1536K [0x0000000700000000, 0x0000000800000000)
  region size 2048K, 1 young (2048K), 1 survivors (2048K)
 Metaspace       used 890K, committed 1024K, reserved 1114112K
  class space    used 71K, committed 128K, reserved 1048576K
}
Event: 20.865 GC heap before
{Heap before GC invocations=1 (full 0):
 garbage-first heap   total 120832K, used 44544K [0x0000000700000000, 0x0000000800000000)
  region size 2048K, 21 young (43008K), 1 survivors (2048K)
 Metaspace       used 4387K, committed 4544K, reserved 1114112K
  class space    used 556K, committed 640K, reserved 1048576K
}
Event: 20.876 GC heap after
{Heap after GC invocations=2 (full 0):
 garbage-first heap   total 120832K, used 11764K [0x0000000700000000, 0x0000000800000000)
  region size 2048K, 3 young (6144K), 3 survivors (6144K)
 Metaspace       used 4387K, committed 4544K, reserved 1114112K
  class space    used 556K, committed 640K, reserved 1048576K
}
Event: 29.252 GC heap before
{Heap before GC invocations=2 (full 0):
 garbage-first heap   total 120832K, used 75252K [0x0000000700000000, 0x0000000800000000)
  region size 2048K, 35 young (71680K), 3 survivors (6144K)
 Metaspace       used 9361K, committed 9728K, reserved 1114112K
  class space    used 1267K, committed 1472K, reserved 1048576K
}
Event: 29.276 GC heap after
{Heap after GC invocations=3 (full 0):
 garbage-first heap   total 120832K, used 19920K [0x0000000700000000, 0x0000000800000000)
  region size 2048K, 4 young (8192K), 4 survivors (8192K)
 Metaspace       used 9361K, committed 9728K, reserved 1114112K
  class space    used 1267K, committed 1472K, reserved 1048576K
}
Event: 194.868 GC heap before
{Heap before GC invocations=3 (full 0):
 garbage-first heap   total 120832K, used 83408K [0x0000000700000000, 0x0000000800000000)
  region size 2048K, 35 young (71680K), 4 survivors (8192K)
 Metaspace       used 16054K, committed 16576K, reserved 1114112K
  class space    used 2208K, committed 2432K, reserved 1048576K
}
Event: 194.985 GC heap after
{Heap after GC invocations=4 (full 0):
 garbage-first heap   total 120832K, used 22905K [0x0000000700000000, 0x0000000800000000)
  region size 2048K, 2 young (4096K), 2 survivors (4096K)
 Metaspace       used 16054K, committed 16576K, reserved 1114112K
  class space    used 2208K, committed 2432K, reserved 1048576K
}
Event: 201.117 GC heap before
{Heap before GC invocations=4 (full 0):
 garbage-first heap   total 120832K, used 59769K [0x0000000700000000, 0x0000000800000000)
  region size 2048K, 21 young (43008K), 2 survivors (4096K)
 Metaspace       used 20825K, committed 21504K, reserved 1114112K
  class space    used 3034K, committed 3392K, reserved 1048576K
}
Event: 201.147 GC heap after
{Heap after GC invocations=5 (full 0):
 garbage-first heap   total 120832K, used 25142K [0x0000000700000000, 0x0000000800000000)
  region size 2048K, 3 young (6144K), 3 survivors (6144K)
 Metaspace       used 20825K, committed 21504K, reserved 1114112K
  class space    used 3034K, committed 3392K, reserved 1048576K
}
Event: 269.380 GC heap before
{Heap before GC invocations=6 (full 0):
 garbage-first heap   total 90112K, used 70198K [0x0000000700000000, 0x0000000800000000)
  region size 2048K, 26 young (53248K), 3 survivors (6144K)
 Metaspace       used 25812K, committed 26752K, reserved 1114112K
  class space    used 3849K, committed 4288K, reserved 1048576K
}
Event: 269.586 GC heap after
{Heap after GC invocations=7 (full 0):
 garbage-first heap   total 90112K, used 27272K [0x0000000700000000, 0x0000000800000000)
  region size 2048K, 3 young (6144K), 3 survivors (6144K)
 Metaspace       used 25812K, committed 26752K, reserved 1114112K
  class space    used 3849K, committed 4288K, reserved 1048576K
}

Dll operation events (20 events):
Event: 2.197 Attempting to load shared library C:\Users\NAGARAJU\.antigravity-ide\extensions\redhat.java-1.56.0-win32-x64\jre\21.0.12.1-win32-x86_64\bin\nio.dll
Event: 2.276 Loaded shared library C:\Users\NAGARAJU\.antigravity-ide\extensions\redhat.java-1.56.0-win32-x64\jre\21.0.12.1-win32-x86_64\bin\nio.dll
Event: 2.284 Attempting to load shared library C:\Users\NAGARAJU\.antigravity-ide\extensions\redhat.java-1.56.0-win32-x64\jre\21.0.12.1-win32-x86_64\bin\zip.dll
Event: 2.284 Loaded shared library C:\Users\NAGARAJU\.antigravity-ide\extensions\redhat.java-1.56.0-win32-x64\jre\21.0.12.1-win32-x86_64\bin\zip.dll
Event: 10.609 Attempting to load shared library C:\Users\NAGARAJU\.antigravity-ide\extensions\redhat.java-1.56.0-win32-x64\jre\21.0.12.1-win32-x86_64\bin\jimage.dll
Event: 10.609 Loaded shared library C:\Users\NAGARAJU\.antigravity-ide\extensions\redhat.java-1.56.0-win32-x64\jre\21.0.12.1-win32-x86_64\bin\jimage.dll
Event: 14.657 Attempting to load shared library C:\Users\NAGARAJU\.antigravity-ide\extensions\redhat.java-1.56.0-win32-x64\jre\21.0.12.1-win32-x86_64\bin\verify.dll
Event: 14.663 Loaded shared library C:\Users\NAGARAJU\.antigravity-ide\extensions\redhat.java-1.56.0-win32-x64\jre\21.0.12.1-win32-x86_64\bin\verify.dll
Event: 15.888 Attempting to load shared library C:\Users\NAGARAJU\.gradle\native\1def1411415f61bf3af743bc5b6707747c0891f09f0c88961ee8f79bc544acac\windows-amd64\native-platform.dll
Event: 15.994 Loaded shared library C:\Users\NAGARAJU\.gradle\native\1def1411415f61bf3af743bc5b6707747c0891f09f0c88961ee8f79bc544acac\windows-amd64\native-platform.dll
Event: 16.222 Attempting to load shared library C:\Users\NAGARAJU\.gradle\native\0.2.7\x86_64-windows-gnu\gradle-fileevents.dll
Event: 16.396 Loaded shared library C:\Users\NAGARAJU\.gradle\native\0.2.7\x86_64-windows-gnu\gradle-fileevents.dll
Event: 24.365 Attempting to load shared library C:\Users\NAGARAJU\.antigravity-ide\extensions\redhat.java-1.56.0-win32-x64\jre\21.0.12.1-win32-x86_64\bin\management.dll
Event: 24.369 Loaded shared library C:\Users\NAGARAJU\.antigravity-ide\extensions\redhat.java-1.56.0-win32-x64\jre\21.0.12.1-win32-x86_64\bin\management.dll
Event: 24.378 Attempting to load shared library C:\Users\NAGARAJU\.antigravity-ide\extensions\redhat.java-1.56.0-win32-x64\jre\21.0.12.1-win32-x86_64\bin\management_ext.dll
Event: 24.383 Loaded shared library C:\Users\NAGARAJU\.antigravity-ide\extensions\redhat.java-1.56.0-win32-x64\jre\21.0.12.1-win32-x86_64\bin\management_ext.dll
Event: 26.310 Attempting to load shared library C:\Users\NAGARAJU\.antigravity-ide\extensions\redhat.java-1.56.0-win32-x64\jre\21.0.12.1-win32-x86_64\bin\extnet.dll
Event: 26.572 Loaded shared library C:\Users\NAGARAJU\.antigravity-ide\extensions\redhat.java-1.56.0-win32-x64\jre\21.0.12.1-win32-x86_64\bin\extnet.dll
Event: 29.656 Attempting to load shared library C:\Users\NAGARAJU\.antigravity-ide\extensions\redhat.java-1.56.0-win32-x64\jre\21.0.12.1-win32-x86_64\bin\sunmscapi.dll
Event: 29.715 Loaded shared library C:\Users\NAGARAJU\.antigravity-ide\extensions\redhat.java-1.56.0-win32-x64\jre\21.0.12.1-win32-x86_64\bin\sunmscapi.dll

Deoptimization events (20 events):
Event: 280.023 Thread 0x00000208944b5de0 Uncommon trap: trap_request=0xffffffde fr.pc=0x000002083e426f84 relative=0x0000000000000b04
Event: 280.023 Thread 0x00000208944b5de0 Uncommon trap: reason=class_check action=maybe_recompile pc=0x000002083e426f84 method=java.util.concurrent.locks.AbstractQueuedSynchronizer$ConditionObject.enableWait(Ljava/util/concurrent/locks/AbstractQueuedSynchronizer$ConditionNode;)I @ 4 c2
Event: 280.023 Thread 0x00000208944b5de0 DEOPT PACKING pc=0x000002083e426f84 sp=0x0000002e8e1fec60
Event: 280.023 Thread 0x00000208944b5de0 DEOPT UNPACKING pc=0x000002083dd54422 sp=0x0000002e8e1feb98 mode 2
Event: 280.230 Thread 0x00000208944b5de0 Uncommon trap: trap_request=0xffffffbe fr.pc=0x000002083e4d7b00 relative=0x0000000000000c80
Event: 280.230 Thread 0x00000208944b5de0 Uncommon trap: reason=profile_predicate action=maybe_recompile pc=0x000002083e4d7b00 method=java.util.concurrent.locks.AbstractQueuedSynchronizer.acquire(Ljava/util/concurrent/locks/AbstractQueuedSynchronizer$Node;IZZZJ)I @ 20 c2
Event: 280.230 Thread 0x00000208944b5de0 DEOPT PACKING pc=0x000002083e4d7b00 sp=0x0000002e8e1feb20
Event: 280.230 Thread 0x00000208944b5de0 DEOPT UNPACKING pc=0x000002083dd54422 sp=0x0000002e8e1fead0 mode 2
Event: 280.254 Thread 0x00000208944b5de0 Uncommon trap: trap_request=0xffffffde fr.pc=0x000002083e4251b0 relative=0x00000000000004b0
Event: 280.254 Thread 0x00000208944b5de0 Uncommon trap: reason=class_check action=maybe_recompile pc=0x000002083e4251b0 method=java.util.concurrent.locks.AbstractQueuedSynchronizer$ConditionObject.enableWait(Ljava/util/concurrent/locks/AbstractQueuedSynchronizer$ConditionNode;)I @ 4 c2
Event: 280.254 Thread 0x00000208944b5de0 DEOPT PACKING pc=0x000002083e4251b0 sp=0x0000002e8e1feeb0
Event: 280.254 Thread 0x00000208944b5de0 DEOPT UNPACKING pc=0x000002083dd54422 sp=0x0000002e8e1fee70 mode 2
Event: 280.748 Thread 0x00000208944b9f80 Uncommon trap: trap_request=0xffffffbe fr.pc=0x000002083e4d7b00 relative=0x0000000000000c80
Event: 280.750 Thread 0x00000208944b9f80 Uncommon trap: reason=profile_predicate action=maybe_recompile pc=0x000002083e4d7b00 method=java.util.concurrent.locks.AbstractQueuedSynchronizer.acquire(Ljava/util/concurrent/locks/AbstractQueuedSynchronizer$Node;IZZZJ)I @ 20 c2
Event: 280.750 Thread 0x00000208944b9f80 DEOPT PACKING pc=0x000002083e4d7b00 sp=0x0000002e8bcfeee0
Event: 280.750 Thread 0x00000208944b9f80 DEOPT UNPACKING pc=0x000002083dd54422 sp=0x0000002e8bcfee90 mode 2
Event: 280.780 Thread 0x00000208944b9f80 Uncommon trap: trap_request=0xffffffbe fr.pc=0x000002083e4d7b00 relative=0x0000000000000c80
Event: 280.780 Thread 0x00000208944b9f80 Uncommon trap: reason=profile_predicate action=maybe_recompile pc=0x000002083e4d7b00 method=java.util.concurrent.locks.AbstractQueuedSynchronizer.acquire(Ljava/util/concurrent/locks/AbstractQueuedSynchronizer$Node;IZZZJ)I @ 20 c2
Event: 280.780 Thread 0x00000208944b9f80 DEOPT PACKING pc=0x000002083e4d7b00 sp=0x0000002e8bcfec00
Event: 280.781 Thread 0x00000208944b9f80 DEOPT UNPACKING pc=0x000002083dd54422 sp=0x0000002e8bcfebb0 mode 2

Classes loaded (20 events):
Event: 279.972 Loading class java/nio/charset/CharacterCodingException done
Event: 280.011 Loading class java/nio/file/FileTreeWalker done
Event: 280.022 Loading class java/nio/file/FileTreeWalker$DirectoryNode
Event: 280.023 Loading class java/nio/file/FileTreeWalker$DirectoryNode done
Event: 280.024 Loading class java/nio/file/FileTreeWalker$Event
Event: 280.029 Loading class java/nio/file/FileTreeWalker$Event done
Event: 280.029 Loading class java/nio/file/FileTreeWalker$EventType
Event: 280.030 Loading class java/nio/file/FileTreeWalker$EventType done
Event: 280.030 Loading class java/nio/file/Files$3
Event: 280.031 Loading class java/nio/file/Files$3 done
Event: 280.039 Loading class java/nio/file/FileVisitResult
Event: 280.040 Loading class java/nio/file/FileVisitResult done
Event: 280.990 Loading class java/util/stream/IntStream
Event: 280.996 Loading class java/util/stream/IntStream done
Event: 280.996 Loading class java/util/stream/Streams$RangeIntSpliterator
Event: 280.996 Loading class java/util/stream/Streams$RangeIntSpliterator done
Event: 280.997 Loading class java/util/stream/IntPipeline$Head
Event: 280.999 Loading class java/util/stream/IntPipeline
Event: 281.012 Loading class java/util/stream/IntPipeline done
Event: 281.012 Loading class java/util/stream/IntPipeline$Head done

Classes unloaded (0 events):
No events

Classes redefined (0 events):
No events

Internal exceptions (20 events):
Event: 202.989 Thread 0x00000208944b9260 Exception <a 'java/lang/NoSuchMethodError'{0x000000070463eb48}: 'java.lang.Object java.lang.invoke.Invokers$Holder.invoker(java.lang.Object, java.lang.Object, java.lang.Object, java.lang.Object, java.lang.Object, java.lang.Object, java.lang.Object, java.lang.Object, java.lang.Object, java.lang.Object, java.lang.Object, java.lang.Object, java.lang.Object, java.lang.Object, java.lang.Object, java.lang.Object, java.lang.Object, java.lang.Object, java.lang.Object, java.lang.Object, java.lang.Object, java.lang.
Event: 202.991 Thread 0x00000208944b9260 Exception <a 'java/lang/NoSuchMethodError'{0x0000000704644ec8}: 'java.lang.Object java.lang.invoke.DelegatingMethodHandle$Holder.delegate(java.lang.Object, java.lang.Object, java.lang.Object, java.lang.Object, java.lang.Object, java.lang.Object, java.lang.Object, java.lang.Object, java.lang.Object, java.lang.Object, java.lang.Object, java.lang.Object, java.lang.Object, java.lang.Object, java.lang.Object, java.lang.Object, java.lang.Object, java.lang.Object, java.lang.Object, java.lang.Object, java.lang.Obj
Event: 203.496 Thread 0x00000208944b9260 Exception <a 'java/lang/NoSuchMethodError'{0x0000000704464df8}: 'java.lang.Object java.lang.invoke.DirectMethodHandle$Holder.invokeStaticInit(java.lang.Object, java.lang.Object, java.lang.Object, java.lang.Object)'> (0x0000000704464df8) 
thrown [s\src\hotspot\share\interpreter\linkResolver.cpp, line 773]
Event: 203.707 Thread 0x00000208944b9260 Exception <a 'java/lang/NoSuchMethodError'{0x0000000704205b88}: 'java.lang.Object java.lang.invoke.DirectMethodHandle$Holder.newInvokeSpecial(java.lang.Object, java.lang.Object, java.lang.Object, java.lang.Object, java.lang.Object, java.lang.Object, java.lang.Object, java.lang.Object)'> (0x0000000704205b88) 
thrown [s\src\hotspot\share\interpreter\linkResolver.cpp, line 773]
Event: 203.930 Thread 0x00000208944b9260 Exception <a 'java/lang/IncompatibleClassChangeError'{0x0000000704337380}: Found class java.lang.Object, but interface was expected> (0x0000000704337380) 
thrown [s\src\hotspot\share\interpreter\linkResolver.cpp, line 840]
Event: 204.018 Thread 0x00000208944b9260 Exception <a 'java/lang/NoSuchMethodError'{0x00000007043a8dd0}: 'java.lang.Object java.lang.invoke.DirectMethodHandle$Holder.invokeVirtual(java.lang.Object, java.lang.Object, java.lang.Object, java.lang.Object, java.lang.Object, java.lang.Object, java.lang.Object, java.lang.Object, java.lang.Object, java.lang.Object, java.lang.Object, java.lang.Object, java.lang.Object)'> (0x00000007043a8dd0) 
thrown [s\src\hotspot\share\interpreter\linkResolver.cpp, line 773]
Event: 204.028 Thread 0x00000208944b9260 Exception <a 'java/lang/NoSuchMethodError'{0x00000007043ae008}: 'java.lang.Object java.lang.invoke.DirectMethodHandle$Holder.invokeSpecial(java.lang.Object, java.lang.Object, java.lang.Object, java.lang.Object, java.lang.Object, java.lang.Object, java.lang.Object, java.lang.Object, java.lang.Object, java.lang.Object, java.lang.Object, java.lang.Object, java.lang.Object, java.lang.Object)'> (0x00000007043ae008) 
thrown [s\src\hotspot\share\interpreter\linkResolver.cpp, line 773]
Event: 204.029 Thread 0x00000208944b9260 Exception <a 'java/lang/NoSuchMethodError'{0x00000007043b2d58}: 'java.lang.Object java.lang.invoke.DelegatingMethodHandle$Holder.reinvoke_L(java.lang.Object, java.lang.Object, java.lang.Object, java.lang.Object, java.lang.Object, java.lang.Object, java.lang.Object, java.lang.Object, java.lang.Object, java.lang.Object, java.lang.Object, java.lang.Object, java.lang.Object)'> (0x00000007043b2d58) 
thrown [s\src\hotspot\share\interpreter\linkResolver.cpp, line 773]
Event: 204.218 Thread 0x00000208944b9260 Exception <a 'java/lang/NoSuchMethodError'{0x0000000704154018}: 'void java.lang.invoke.DirectMethodHandle$Holder.invokeStaticInit(java.lang.Object, java.lang.Object)'> (0x0000000704154018) 
thrown [s\src\hotspot\share\interpreter\linkResolver.cpp, line 773]
Event: 204.725 Thread 0x00000208944b9260 Exception <a 'java/lang/NoSuchMethodError'{0x0000000703d46338}: 'java.lang.Object java.lang.invoke.DirectMethodHandle$Holder.newInvokeSpecial(java.lang.Object, java.lang.Object, java.lang.Object, java.lang.Object, java.lang.Object, java.lang.Object, java.lang.Object, java.lang.Object, java.lang.Object)'> (0x0000000703d46338) 
thrown [s\src\hotspot\share\interpreter\linkResolver.cpp, line 773]
Event: 205.895 Thread 0x00000208944b9260 Exception <a 'java/lang/NoSuchMethodError'{0x000000070384c100}: 'int java.lang.invoke.DirectMethodHandle$Holder.invokeVirtual(java.lang.Object, java.lang.Object)'> (0x000000070384c100) 
thrown [s\src\hotspot\share\interpreter\linkResolver.cpp, line 773]
Event: 206.423 Thread 0x00000208944b9260 Exception <a 'java/lang/NoSuchMethodError'{0x0000000703730d10}: 'void java.lang.invoke.DirectMethodHandle$Holder.invokeInterface(java.lang.Object, java.lang.Object, java.lang.Object, java.lang.Object, java.lang.Object)'> (0x0000000703730d10) 
thrown [s\src\hotspot\share\interpreter\linkResolver.cpp, line 773]
Event: 206.460 Thread 0x00000208944b9260 Exception <a 'java/lang/NoSuchMethodError'{0x0000000703770bf0}: 'void java.lang.invoke.DirectMethodHandle$Holder.invokeStatic(java.lang.Object, java.lang.Object, java.lang.Object, java.lang.Object, java.lang.Object, java.lang.Object)'> (0x0000000703770bf0) 
thrown [s\src\hotspot\share\interpreter\linkResolver.cpp, line 773]
Event: 208.692 Thread 0x00000208944b9260 Exception <a 'java/lang/IncompatibleClassChangeError'{0x0000000702f816c8}: Found class java.lang.Object, but interface was expected> (0x0000000702f816c8) 
thrown [s\src\hotspot\share\interpreter\linkResolver.cpp, line 840]
Event: 278.503 Thread 0x00000208944b9260 Exception <a 'java/lang/NoSuchMethodError'{0x00000007075c15f8}: 'java.lang.Object java.lang.invoke.DirectMethodHandle$Holder.newInvokeSpecial(java.lang.Object, java.lang.Object, long)'> (0x00000007075c15f8) 
thrown [s\src\hotspot\share\interpreter\linkResolver.cpp, line 773]
Event: 278.519 Thread 0x00000208944b9260 Exception <a 'java/lang/NoSuchMethodError'{0x00000007075c59a0}: 'java.lang.Object java.lang.invoke.Invokers$Holder.linkToTargetMethod(java.lang.Object, long, java.lang.Object)'> (0x00000007075c59a0) 
thrown [s\src\hotspot\share\interpreter\linkResolver.cpp, line 773]
Event: 278.830 Thread 0x00000208944b5de0 Implicit null exception at 0x000002083e401ee1 to 0x000002083e402564
Event: 280.022 Thread 0x00000208944b5de0 Implicit null exception at 0x000002083e42a12f to 0x000002083e42a898
Event: 280.864 Thread 0x00000208944b9260 Exception <a 'java/lang/NoSuchMethodError'{0x0000000705313158}: 'int java.lang.invoke.DirectMethodHandle$Holder.invokeInterface(java.lang.Object, java.lang.Object)'> (0x0000000705313158) 
thrown [s\src\hotspot\share\interpreter\linkResolver.cpp, line 773]
Event: 280.974 Thread 0x00000208944b9260 Exception <a 'java/lang/NoSuchMethodError'{0x000000070539d668}: 'java.lang.Object java.lang.invoke.DirectMethodHandle$Holder.invokeVirtual(java.lang.Object, java.lang.Object, int)'> (0x000000070539d668) 
thrown [s\src\hotspot\share\interpreter\linkResolver.cpp, line 773]

ZGC Phase Switch (0 events):
No events

VM Operations (20 events):
Event: 405.293 Executing safepoint VM operation: Cleanup
Event: 405.296 Executing safepoint VM operation: Cleanup done
Event: 406.307 Executing safepoint VM operation: Cleanup
Event: 406.307 Executing safepoint VM operation: Cleanup done
Event: 412.376 Executing safepoint VM operation: Cleanup
Event: 412.641 Executing safepoint VM operation: Cleanup done
Event: 424.737 Executing safepoint VM operation: Cleanup
Event: 424.737 Executing safepoint VM operation: Cleanup done
Event: 447.917 Executing safepoint VM operation: Cleanup
Event: 447.925 Executing safepoint VM operation: Cleanup done
Event: 470.092 Executing safepoint VM operation: Cleanup
Event: 470.108 Executing safepoint VM operation: Cleanup done
Event: 480.181 Executing safepoint VM operation: Cleanup
Event: 480.181 Executing safepoint VM operation: Cleanup done
Event: 490.262 Executing safepoint VM operation: Cleanup
Event: 490.262 Executing safepoint VM operation: Cleanup done
Event: 500.326 Executing safepoint VM operation: Cleanup
Event: 500.326 Executing safepoint VM operation: Cleanup done
Event: 510.445 Executing safepoint VM operation: Cleanup
Event: 510.465 Executing safepoint VM operation: Cleanup done

Memory protections (0 events):
No events

Nmethod flushes (0 events):
No events

Events (20 events):
Event: 30.133 Thread 0x000002084d73be20 Thread added: 0x000002084d73d860
Event: 30.136 Thread 0x000002084d73d860 Thread added: 0x000002084d73def0
Event: 30.333 Thread 0x000002084d73d860 Thread added: 0x00000208944b7eb0
Event: 30.459 Thread 0x000002084d73d860 Thread added: 0x00000208944b9260
Event: 30.516 Thread 0x00000208944b9260 Thread added: 0x00000208944b8540
Event: 30.550 Thread 0x00000208944b9260 Thread added: 0x00000208944b8bd0
Event: 30.563 Thread 0x00000208944b9260 Thread added: 0x00000208944b7190
Event: 33.956 Thread 0x00000208944b9260 Thread added: 0x00000208944b5de0
Event: 34.096 Thread 0x00000208944b9260 Thread added: 0x00000208944b98f0
Event: 121.480 Thread 0x00000208944b98f0 Thread added: 0x00000208944b6470
Event: 183.543 Thread 0x00000208944b6470 Thread exited: 0x00000208944b6470
Event: 188.215 Thread 0x00000208944b98f0 Thread added: 0x00000208944b6470
Event: 190.794 Thread 0x00000208944b9260 Thread added: 0x00000208944b9f80
Event: 202.647 Thread 0x00000208944b9260 Thread added: 0x00000208944b7820
Event: 202.876 Thread 0x00000208944b9260 Thread added: 0x00000208944bb9c0
Event: 205.804 Thread 0x00000208944b9260 Thread added: 0x00000208944ba610
Event: 205.876 Thread 0x00000208944b9260 Thread added: 0x00000208944baca0
Event: 254.698 Thread 0x00000208944b6470 Thread exited: 0x00000208944b6470
Event: 269.103 Thread 0x00000208944b98f0 Thread added: 0x00000208944b6470
Event: 342.066 Thread 0x00000208944b6470 Thread exited: 0x00000208944b6470


Dynamic libraries:
0x00007ff7e88c0000 - 0x00007ff7e88ce000 	C:\Users\NAGARAJU\.antigravity-ide\extensions\redhat.java-1.56.0-win32-x64\jre\21.0.12.1-win32-x86_64\bin\java.exe
0x00007ff9a5f00000 - 0x00007ff9a6166000 	C:\WINDOWS\SYSTEM32\ntdll.dll
0x00007ff9a4c70000 - 0x00007ff9a4d39000 	C:\WINDOWS\System32\KERNEL32.DLL
0x00007ff9a3390000 - 0x00007ff9a378f000 	C:\WINDOWS\System32\KERNELBASE.dll
0x00007ff9a38d0000 - 0x00007ff9a3a1c000 	C:\WINDOWS\System32\ucrtbase.dll
0x00007ff974f70000 - 0x00007ff974f8e000 	C:\Users\NAGARAJU\.antigravity-ide\extensions\redhat.java-1.56.0-win32-x64\jre\21.0.12.1-win32-x86_64\bin\VCRUNTIME140.dll
0x00007ff972400000 - 0x00007ff972418000 	C:\Users\NAGARAJU\.antigravity-ide\extensions\redhat.java-1.56.0-win32-x64\jre\21.0.12.1-win32-x86_64\bin\jli.dll
0x00007ff9a4dd0000 - 0x00007ff9a4f96000 	C:\WINDOWS\System32\USER32.dll
0x00007ff9a3110000 - 0x00007ff9a3137000 	C:\WINDOWS\System32\win32u.dll
0x00007ff9a3d30000 - 0x00007ff9a3d5b000 	C:\WINDOWS\System32\GDI32.dll
0x00007ff9a37a0000 - 0x00007ff9a38c9000 	C:\WINDOWS\System32\gdi32full.dll
0x00007ff9a3a30000 - 0x00007ff9a3ad3000 	C:\WINDOWS\System32\msvcp_win.dll
0x00007ff98c800000 - 0x00007ff98ca91000 	C:\WINDOWS\WinSxS\amd64_microsoft.windows.common-controls_6595b64144ccf1df_6.0.26100.8972_none_3e0da176e32f9d4b\COMCTL32.dll
0x00007ff9a4ae0000 - 0x00007ff9a4b89000 	C:\WINDOWS\System32\msvcrt.dll
0x00007ff9a54a0000 - 0x00007ff9a54d2000 	C:\WINDOWS\System32\IMM32.DLL
0x00007ff9992b0000 - 0x00007ff9992bc000 	C:\Users\NAGARAJU\.antigravity-ide\extensions\redhat.java-1.56.0-win32-x64\jre\21.0.12.1-win32-x86_64\bin\vcruntime140_1.dll
0x00007ff925740000 - 0x00007ff9257cd000 	C:\Users\NAGARAJU\.antigravity-ide\extensions\redhat.java-1.56.0-win32-x64\jre\21.0.12.1-win32-x86_64\bin\msvcp140.dll
0x00007ff8fcc20000 - 0x00007ff8fd9c2000 	C:\Users\NAGARAJU\.antigravity-ide\extensions\redhat.java-1.56.0-win32-x64\jre\21.0.12.1-win32-x86_64\bin\server\jvm.dll
0x00007ff9a3f30000 - 0x00007ff9a3fec000 	C:\WINDOWS\System32\ADVAPI32.dll
0x00007ff9a4b90000 - 0x00007ff9a4c3a000 	C:\WINDOWS\System32\sechost.dll
0x00007ff9a3d60000 - 0x00007ff9a3e78000 	C:\WINDOWS\System32\RPCRT4.dll
0x00007ff9a4d40000 - 0x00007ff9a4dc2000 	C:\WINDOWS\System32\WS2_32.dll
0x00007ff9a2f70000 - 0x00007ff9a2fce000 	C:\WINDOWS\SYSTEM32\POWRPROF.dll
0x00007ff99c510000 - 0x00007ff99c546000 	C:\WINDOWS\SYSTEM32\WINMM.dll
0x00007ff99c550000 - 0x00007ff99c55b000 	C:\WINDOWS\SYSTEM32\VERSION.dll
0x00007ff9a2f50000 - 0x00007ff9a2f65000 	C:\WINDOWS\SYSTEM32\UMPDC.dll
0x00007ff9a1e00000 - 0x00007ff9a1e1b000 	C:\WINDOWS\SYSTEM32\kernel.appcore.dll
0x00007ff972540000 - 0x00007ff97254a000 	C:\Users\NAGARAJU\.antigravity-ide\extensions\redhat.java-1.56.0-win32-x64\jre\21.0.12.1-win32-x86_64\bin\jimage.dll
0x00007ff997ba0000 - 0x00007ff997de2000 	C:\WINDOWS\SYSTEM32\DBGHELP.DLL
0x00007ff9a5110000 - 0x00007ff9a5495000 	C:\WINDOWS\System32\combase.dll
0x00007ff9a47a0000 - 0x00007ff9a4879000 	C:\WINDOWS\System32\OLEAUT32.dll
0x00007ff981b60000 - 0x00007ff981b9b000 	C:\WINDOWS\SYSTEM32\dbgcore.DLL
0x00007ff9a32d0000 - 0x00007ff9a337c000 	C:\WINDOWS\System32\bcryptPrimitives.dll
0x00007ff9395e0000 - 0x00007ff9395ef000 	C:\Users\NAGARAJU\.antigravity-ide\extensions\redhat.java-1.56.0-win32-x64\jre\21.0.12.1-win32-x86_64\bin\instrument.dll
0x00007ff95a160000 - 0x00007ff95a180000 	C:\Users\NAGARAJU\.antigravity-ide\extensions\redhat.java-1.56.0-win32-x64\jre\21.0.12.1-win32-x86_64\bin\java.dll
0x00007ff9a5730000 - 0x00007ff9a5eb8000 	C:\WINDOWS\System32\SHELL32.dll
0x00007ff9a0be0000 - 0x00007ff9a147b000 	C:\WINDOWS\SYSTEM32\windows.storage.dll
0x00007ff9a54e0000 - 0x00007ff9a55d9000 	C:\WINDOWS\System32\SHCORE.dll
0x00007ff9a4580000 - 0x00007ff9a45e6000 	C:\WINDOWS\System32\shlwapi.dll
0x00007ff9a3030000 - 0x00007ff9a3059000 	C:\WINDOWS\SYSTEM32\profapi.dll
0x00007ff9395f0000 - 0x00007ff939608000 	C:\Users\NAGARAJU\.antigravity-ide\extensions\redhat.java-1.56.0-win32-x64\jre\21.0.12.1-win32-x86_64\bin\zip.dll
0x00007ff9395d0000 - 0x00007ff9395e0000 	C:\Users\NAGARAJU\.antigravity-ide\extensions\redhat.java-1.56.0-win32-x64\jre\21.0.12.1-win32-x86_64\bin\net.dll
0x00007ff998de0000 - 0x00007ff998f08000 	C:\WINDOWS\SYSTEM32\WINHTTP.dll
0x00007ff9a23b0000 - 0x00007ff9a241c000 	C:\WINDOWS\system32\mswsock.dll
0x00007ff925720000 - 0x00007ff925736000 	C:\Users\NAGARAJU\.antigravity-ide\extensions\redhat.java-1.56.0-win32-x64\jre\21.0.12.1-win32-x86_64\bin\nio.dll
0x00007ff925b90000 - 0x00007ff925ba0000 	C:\Users\NAGARAJU\.antigravity-ide\extensions\redhat.java-1.56.0-win32-x64\jre\21.0.12.1-win32-x86_64\bin\verify.dll
0x00007ff925bf0000 - 0x00007ff925c17000 	C:\Users\NAGARAJU\.gradle\native\1def1411415f61bf3af743bc5b6707747c0891f09f0c88961ee8f79bc544acac\windows-amd64\native-platform.dll
0x00007ff974fb0000 - 0x00007ff975028000 	C:\Users\NAGARAJU\.gradle\native\0.2.7\x86_64-windows-gnu\gradle-fileevents.dll
0x00007ff920130000 - 0x00007ff92013a000 	C:\Users\NAGARAJU\.antigravity-ide\extensions\redhat.java-1.56.0-win32-x64\jre\21.0.12.1-win32-x86_64\bin\management.dll
0x00007ff920120000 - 0x00007ff92012c000 	C:\Users\NAGARAJU\.antigravity-ide\extensions\redhat.java-1.56.0-win32-x64\jre\21.0.12.1-win32-x86_64\bin\management_ext.dll
0x00007ff9a4c60000 - 0x00007ff9a4c68000 	C:\WINDOWS\System32\PSAPI.DLL
0x00007ff9a17d0000 - 0x00007ff9a1803000 	C:\WINDOWS\SYSTEM32\IPHLPAPI.DLL
0x00007ff9a3c30000 - 0x00007ff9a3c3a000 	C:\WINDOWS\System32\NSI.dll
0x00007ff916eb0000 - 0x00007ff916eb9000 	C:\Users\NAGARAJU\.antigravity-ide\extensions\redhat.java-1.56.0-win32-x64\jre\21.0.12.1-win32-x86_64\bin\extnet.dll
0x00007ff9a26a0000 - 0x00007ff9a26bb000 	C:\WINDOWS\SYSTEM32\CRYPTSP.dll
0x00007ff9a1d60000 - 0x00007ff9a1d99000 	C:\WINDOWS\system32\rsaenh.dll
0x00007ff9a2460000 - 0x00007ff9a2492000 	C:\WINDOWS\SYSTEM32\USERENV.dll
0x00007ff9a3000000 - 0x00007ff9a302a000 	C:\WINDOWS\SYSTEM32\bcrypt.dll
0x00007ff9a26c0000 - 0x00007ff9a26cc000 	C:\WINDOWS\SYSTEM32\CRYPTBASE.dll
0x00007ff916b00000 - 0x00007ff916b0e000 	C:\Users\NAGARAJU\.antigravity-ide\extensions\redhat.java-1.56.0-win32-x64\jre\21.0.12.1-win32-x86_64\bin\sunmscapi.dll
0x00007ff9a3140000 - 0x00007ff9a32be000 	C:\WINDOWS\System32\CRYPT32.dll
0x00007ff9a28e0000 - 0x00007ff9a2910000 	C:\WINDOWS\SYSTEM32\ncrypt.dll
0x00007ff9a2890000 - 0x00007ff9a28cf000 	C:\WINDOWS\SYSTEM32\NTASN1.dll
0x00007ff90fe20000 - 0x00007ff90fe28000 	C:\WINDOWS\system32\wshunix.dll

JVMTI agents:
C:\Users\NAGARAJU\.gradle\wrapper\dists\gradle-8.14.1-bin\baw1sv0jfoi8rxs14qo3h49cs\gradle-8.14.1\lib\agents\gradle-instrumentation-agent-8.14.1.jar path:C:\Users\NAGARAJU\.antigravity-ide\extensions\redhat.java-1.56.0-win32-x64\jre\21.0.12.1-win32-x86_64\bin\instrument.dll, loaded, initialized, instrumentlib options:none

dbghelp: loaded successfully - version: 4.0.5 - missing functions: none
symbol engine: initialized successfully - sym options: 0x614 - pdb path: .;C:\Users\NAGARAJU\.antigravity-ide\extensions\redhat.java-1.56.0-win32-x64\jre\21.0.12.1-win32-x86_64\bin;C:\WINDOWS\SYSTEM32;C:\WINDOWS\WinSxS\amd64_microsoft.windows.common-controls_6595b64144ccf1df_6.0.26100.8972_none_3e0da176e32f9d4b;C:\Users\NAGARAJU\.antigravity-ide\extensions\redhat.java-1.56.0-win32-x64\jre\21.0.12.1-win32-x86_64\bin\server;C:\Users\NAGARAJU\.gradle\native\1def1411415f61bf3af743bc5b6707747c0891f09f0c88961ee8f79bc544acac\windows-amd64;C:\Users\NAGARAJU\.gradle\native\0.2.7\x86_64-windows-gnu

VM Arguments:
jvm_args: --add-opens=java.base/java.lang=ALL-UNNAMED --add-opens=java.base/java.lang.invoke=ALL-UNNAMED --add-opens=java.base/java.util=ALL-UNNAMED --add-opens=java.prefs/java.util.prefs=ALL-UNNAMED --add-exports=jdk.compiler/com.sun.tools.javac.api=ALL-UNNAMED --add-exports=jdk.compiler/com.sun.tools.javac.util=ALL-UNNAMED --add-opens=java.base/java.util=ALL-UNNAMED --add-opens=java.prefs/java.util.prefs=ALL-UNNAMED --add-opens=java.base/java.nio.charset=ALL-UNNAMED --add-opens=java.base/java.net=ALL-UNNAMED --add-opens=java.base/java.util.concurrent.atomic=ALL-UNNAMED --add-opens=java.xml/javax.xml.namespace=ALL-UNNAMED -Xmx4096m -Dfile.encoding=UTF-8 -Duser.country=IN -Duser.language=en -Duser.variant -javaagent:C:\Users\NAGARAJU\.gradle\wrapper\dists\gradle-8.14.1-bin\baw1sv0jfoi8rxs14qo3h49cs\gradle-8.14.1\lib\agents\gradle-instrumentation-agent-8.14.1.jar 
java_command: org.gradle.launcher.daemon.bootstrap.GradleDaemon 8.14.1
java_class_path (initial): C:\Users\NAGARAJU\.gradle\wrapper\dists\gradle-8.14.1-bin\baw1sv0jfoi8rxs14qo3h49cs\gradle-8.14.1\lib\gradle-daemon-main-8.14.1.jar
Launcher Type: SUN_STANDARD

[Global flags]
     intx CICompilerCount                          = 4                                         {product} {ergonomic}
     uint ConcGCThreads                            = 2                                         {product} {ergonomic}
     uint G1ConcRefinementThreads                  = 8                                         {product} {ergonomic}
   size_t G1HeapRegionSize                         = 2097152                                   {product} {ergonomic}
    uintx GCDrainStackTargetSize                   = 64                                        {product} {ergonomic}
   size_t InitialHeapSize                          = 123731968                                 {product} {ergonomic}
   size_t MarkStackSize                            = 4194304                                   {product} {ergonomic}
   size_t MaxHeapSize                              = 4294967296                                {product} {command line}
   size_t MaxNewSize                               = 2575302656                                {product} {ergonomic}
   size_t MinHeapDeltaBytes                        = 2097152                                   {product} {ergonomic}
   size_t MinHeapSize                              = 8388608                                   {product} {ergonomic}
    uintx NonNMethodCodeHeapSize                   = 5839372                                {pd product} {ergonomic}
    uintx NonProfiledCodeHeapSize                  = 122909434                              {pd product} {ergonomic}
    uintx ProfiledCodeHeapSize                     = 122909434                              {pd product} {ergonomic}
    uintx ReservedCodeCacheSize                    = 251658240                              {pd product} {ergonomic}
     bool SegmentedCodeCache                       = true                                      {product} {ergonomic}
   size_t SoftMaxHeapSize                          = 4294967296                             {manageable} {ergonomic}
     bool UseCompressedOops                        = true                           {product lp64_product} {ergonomic}
     bool UseG1GC                                  = true                                      {product} {ergonomic}
     bool UseLargePagesIndividualAllocation        = false                                  {pd product} {ergonomic}

Logging:
Log output configuration:
 #0: stdout all=warning uptime,level,tags foldmultilines=false
 #1: stderr all=off uptime,level,tags foldmultilines=false

Release file:
JAVA_VERSION="21.0.12.1" 
MODULES="java.base java.compiler java.datatransfer java.xml java.prefs java.desktop java.instrument java.logging java.management java.security.sasl java.naming java.rmi java.management.rmi java.net.http java.scripting java.security.jgss java.transaction.xa java.sql java.sql.rowset java.xml.crypto java.se java.smartcardio jdk.accessibility jdk.internal.jvmstat jdk.attach jdk.charsets jdk.internal.opt jdk.zipfs jdk.compiler jdk.crypto.ec jdk.crypto.cryptoki jdk.crypto.mscapi jdk.dynalink jdk.internal.ed jdk.editpad jdk.hotspot.agent jdk.httpserver jdk.internal.le jdk.internal.vm.ci jdk.internal.vm.compiler jdk.internal.vm.compiler.management jdk.jartool jdk.javadoc jdk.jcmd jdk.management jdk.management.agent jdk.jconsole jdk.jdeps jdk.jdwp.agent jdk.jdi jdk.jfr jdk.jshell jdk.jsobject jdk.jstatd jdk.localedata jdk.management.jfr jdk.naming.dns jdk.naming.rmi jdk.net jdk.nio.mapmode jdk.random jdk.sctp jdk.security.auth jdk.security.jgss jdk.unsupported jdk.unsupported.desktop jdk.xml.dom" 

Environment Variables:
JAVA_HOME=C:\Program Files\Eclipse Adoptium\jdk-21.0.11.10-hotspot
PATH=C:\Program Files\Eclipse Adoptium\jdk-21.0.11.10-hotspot\bin;C:\Program Files\Eclipse Adoptium\jdk-11.0.26.4-hotspot\bin;C:\Program Files\Eclipse Adoptium\jdk-17.0.14.7-hotspot\bin;C:\Program Files\Java\jdk-17\bin;C:\Program Files\nodejs;E:\Android\Sdk\platform-tools;E:\Android\Sdk\emulator;E:\Android\Sdk\cmdline-tools\latest\bin;C:\Users\NAGARAJU\AppData\Local\Android\Sdk\platform-tools;C:\Users\NAGARAJU\AppData\Local\Android\Sdk\emulator;C:\Users\NAGARAJU\AppData\Local\Android\Sdk\cmdline-tools\latest\bin;C:\Program Files\Eclipse Adoptium\jdk-21.0.11.10-hotspot\bin;C:\Program Files\Eclipse Adoptium\jdk-11.0.26.4-hotspot\bin;C:\Program Files\Eclipse Adoptium\jdk-17.0.14.7-hotspot\bin;C:\Program Files\Java\jdk-17\bin;C:\Program Files\nodejs;E:\Android\Sdk\platform-tools;E:\Android\Sdk\emulator;E:\Android\Sdk\cmdline-tools\latest\bin;C:\Users\NAGARAJU\AppData\Local\Android\Sdk\platform-tools;C:\Users\NAGARAJU\AppData\Local\Android\Sdk\emulator;C:\Users\NAGARAJU\AppData\Local\Android\Sdk\cmdline-tools\latest\bin;C:\Program Files\Eclipse Adoptium\jdk-21.0.11.10-hotspot\bin;C:\Program Files\Eclipse Adoptium\jdk-11.0.26.4-hotspot\bin;C:\Program Files\Eclipse Adoptium\jdk-17.0.14.7-hotspot\bin;C:\Program Files\Java\jdk-17\bin;C:\Program Files\nodejs;E:\Android\Sdk\platform-tools;E:\Android\Sdk\emulator;E:\Android\Sdk\cmdline-tools\latest\bin;C:\Users\NAGARAJU\AppData\Local\Android\Sdk\platform-tools;C:\Users\NAGARAJU\AppData\Local\Android\Sdk\emulator;C:\Users\NAGARAJU\AppData\Local\Android\Sdk\cmdline-tools\latest\bin;C:\WINDOWS\System32;C:\ProgramData\chocolatey\bin;C:\Program Files\nodejs\;C:\Program Files\Git\cmd;C:\Windows\System32;C:\Windows\System32\WindowsPowerShell\v1.0;C:\Windows\System32\OpenSSH;C:\Windows\System32\WindowsPowerShell\v1.0\;C:\Users\NAGARAJU\Downloads\stripe_1.30.0_windows_x86_64;C:\WINDOWS\system32;C:\WINDOWS;C:\WINDOWS\System32\Wbem;C:\WINDOWS\System32\WindowsPowerShell\v1.0\;C:\WINDOWS\System32\OpenSSH\;C:\ProgramData\chocolatey\bin;C:\Program Files\nodejs\;C:\Program Files\Git\cmd;C:\Windows\System32;C:\Windows\System32\WindowsPowerShell\v1.0;C:\Windows\System32\OpenSSH;C:\Windows\System32\WindowsPowerShell\v1.0\;C:\Users\NAGARAJU\Downloads\stripe_1.30.0_windows_x86_64;C:\WINDOWS\system32;C:\WINDOWS;C:\WINDOWS\System32\Wbem;C:\WINDOWS\System32\WindowsPowerShell\v1.0\;C:\WINDOWS\System32\OpenSSH\;C:\ProgramData\chocolatey\bin;C:\Program Files\nodejs\;C:\Program Files\Git\cmd;C:\Windows\System32;C:\Windows\System32\WindowsPowerShell\v1.0;C:\Windows\System32\OpenSSH;C:\Windows\System32\WindowsPowerShell\v1.0\;C:\Users\NAGARAJU\Downloads\stripe_1.30.0_windows_x86_64;C:\WINDOWS\system32;C:\WINDOWS;C:\WINDOWS\System32\Wbem;C:\WINDOWS\System32\WindowsPowerShell\v1.0\;C:\WINDOWS\System32\OpenSSH\;C:\Program Files\Eclipse Adoptium\jdk-21.0.11.10-hotspot\bin;C:\Program Files\Eclipse Adoptium\jdk-11.0.26.4-hotspot\bin;C:\Program Files\Eclipse Adoptium\jdk-17.0.14.7-hotspot\bin;C:\Program Files\Java\jdk-17\bin;C:\Program Files\nodejs;E:\Android\Sdk\platform-tools;E:\Android\Sdk\emulator;E:\Android\Sdk\cmdline-tools\latest\bin;C:\Users\NAGARAJU\AppData\Local\Android\Sdk\platform-tools;C:\Users\NAGARAJU\AppData\Local\Android\Sdk\emulator;C:\Users\NAGARAJU\AppData\Local\Android\Sdk\cmdline-tools\latest\bin;C:\Program Files\Eclipse Adoptium\jdk-21.0.11.10-hotspot\bin;C:\Program Files\Eclipse Adoptium\jdk-11.0.26.4-hotspot\bin;C:\Program Files\Eclipse Adoptium\jdk-17.0.14.7-hotspot\bin;C:\Program Files\Java\jdk-17\bin;C:\Program Files\nodejs;E:\Android\Sdk\platform-tools;E:\Android\Sdk\emulator;E:\Android\Sdk\cmdline-tools\latest\bin;C:\Users\NAGARAJU\AppData\Local\Android\Sdk\platform-tools;C:\Users\NAGARAJU\AppData\Local\Android\Sdk\emulator;C:\Users\NAGARAJU\AppData\Local\Android\Sdk\cmdline-tools\latest\bin;C:\Program Files\Eclipse Adoptium\jdk-21.0.11.10-hotspot\bin;C:\Program Files\Eclipse Adoptium\jdk-11.0.26.4-hotspot\bin;C:\Program Files\Eclipse Adoptium\jdk-17.0.14.7-hotspot\bin;C:\Program Files\Java\jdk-17\bin;C:\Program Files\nodejs;E:\Android\Sdk\platform-tools;E:\Android\Sdk\emulator;E:\Android\Sdk\cmdline-tools\latest\bin;C:\Users\NAGARAJU\AppData\Local\Android\Sdk\platform-tools;C:\Users\NAGARAJU\AppData\Local\Android\Sdk\emulator;C:\Users\NAGARAJU\AppData\Local\Android\Sdk\cmdline-tools\latest\bin;C:\WINDOWS\System32;C:\ProgramData\chocolatey\bin;C:\Program Files\nodejs\;C:\Program Files\Git\cmd;C:\Windows\System32;C:\Windows\System32\WindowsPowerShell\v1.0;C:\Windows\System32\OpenSSH;C:\Windows\System32\WindowsPowerShell\v1.0\;C:\Users\NAGARAJU\Downloads\stripe_1.30.0_windows_x86_64;C:\WINDOWS\system32;C:\WINDOWS;C:\WINDOWS\System32\Wbem;C:\WINDOWS\System32\WindowsPowerShell\v1.0\;C:\WINDOWS\System32\OpenSSH\;C:\ProgramData\chocolatey\bin;C:\Program Files\nodejs\;C:\Program Files\Git\cmd;C:\Windows\System32;C:\Windows\System32\WindowsPowerShell\v1.0;C:\Windows\System32\OpenSSH;C:\Windows\System32\WindowsPowerShell\v1.0\;C:\Users\NAGARAJU\Downloads\stripe_1.30.0_windows_x86_64;C:\WINDOWS\system32;C:\WINDOWS;C:\WINDOWS\System32\Wbem;C:\WINDOWS\System32\WindowsPowerShell\v1.0\;C:\WINDOWS\System32\OpenSSH\;C:\ProgramData\chocolatey\bin;C:\Program Files\nodejs\;C:\Program Files\Git\cmd;C:\Windows\System32;C:\Windows\System32\WindowsPowerShell\v1.0;C:\Windows\System32\OpenSSH;C:\Windows\System32\WindowsPowerShell\v1.0\;C:\Users\NAGARAJU\Downloads\stripe_1.30.0_windows_x86_64;C:\WINDOWS\system32;C:\WINDOWS;C:\WINDOWS\System32\Wbem;C:\WINDOWS\System32\WindowsPowerShell\v1.0\;C:\WINDOWS\System32\OpenSSH\;C:\Users\NAGARAJU\AppData\Local\Android\Sdk\platform-tools;C:\Users\NAGARAJU\AppData\Local\Android\Sdk\cmdline-tools\latest\bin;C:\Users\NAGARAJU\AppData\Roaming\npm;C:\Users\NAGARAJU\AppData\Local\Programs\Microsoft VS Code\bin;C:\Users\NAGARAJU\AppData\Local\Programs\Antigravity IDE\bin;C:\Users\NAGARAJU\AppData\Local\Microsoft\WindowsApps;C:\Users\NAGARAJU\AppData\Local\Kingsoft\WPS Office\12.1.0.27458\clitool
USERNAME=NAGARAJU
OS=Windows_NT
PROCESSOR_IDENTIFIER=AMD64 Family 23 Model 104 Stepping 1, AuthenticAMD
TMP=C:\Users\NAGARAJU\AppData\Local\Temp
TEMP=C:\Users\NAGARAJU\AppData\Local\Temp




Periodic native trim disabled

---------------  S Y S T E M  ---------------

OS:
 Windows 11 , 64 bit Build 26100 (10.0.26100.9168)
OS uptime: 0 days 1:10 hours

CPU: total 8 (initial active 8) (8 cores per cpu, 2 threads per core) family 23 model 104 stepping 1 microcode 0x8608109, cx8, cmov, fxsr, ht, mmx, 3dnowpref, sse, sse2, sse3, ssse3, sse4a, sse4.1, sse4.2, popcnt, lzcnt, tsc, tscinvbit, avx, avx2, aes, clmul, bmi1, bmi2, adx, sha, fma, vzeroupper, clflush, clflushopt, rdtscp, rdpid, f16c
Processor Information for the first 8 processors :
  Max Mhz: 2600, Current Mhz: 1514, Mhz Limit: 1508

Memory: 4k page, system-wide physical 7502M (312M free)
TotalPageFile size 40270M (AvailPageFile size 167M)
current process WorkingSet (physical memory assigned to process): 21M, peak: 174M
current process commit charge ("private bytes"): 237M, peak: 273M

vm_info: OpenJDK 64-Bit Server VM (21.0.12.1+1-LTS) for windows-amd64 JRE (21.0.12.1+1-LTS), built on 2026-08-18T00:00:00Z by "admin" with MS VC++ 17.12 (VS2022)

END.
