#
# There is insufficient memory for the Java Runtime Environment to continue.
# Native memory allocation (malloc) failed to allocate 485776 bytes. Error detail: Chunk::new
# Possible reasons:
#   The system is out of physical RAM or swap space
#   This process is running with CompressedOops enabled, and the Java Heap may be blocking the growth of the native heap
# Possible solutions:
#   Reduce memory load on the system
#   Increase physical memory or swap space
#   Check if swap backing store is full
#   Decrease Java heap size (-Xmx/-Xms)
#   Decrease number of Java threads
#   Decrease Java thread stack sizes (-Xss)
#   Set larger code cache with -XX:ReservedCodeCacheSize=
#   JVM is running with Zero Based Compressed Oops mode in which the Java heap is
#     placed in the first 32GB address space. The Java Heap base address is the
#     maximum limit for the native heap growth. Please use -XX:HeapBaseMinAddress
#     to set the Java Heap base and to place the Java Heap above 32GB virtual address.
# This output file may be truncated or incomplete.
#
#  Out of Memory Error (arena.cpp:168), pid=34940, tid=35392
#
# JRE version: OpenJDK Runtime Environment Temurin-21.0.12.1+1 (21.0.12.1+1) (build 21.0.12.1+1-LTS)
# Java VM: OpenJDK 64-Bit Server VM Temurin-21.0.12.1+1 (21.0.12.1+1-LTS, mixed mode, sharing, tiered, compressed oops, compressed class ptrs, g1 gc, windows-amd64)
# No core dump will be written. Minidumps are not enabled by default on client versions of Windows
#

---------------  S U M M A R Y ------------

Command Line: --add-opens=java.base/java.lang=ALL-UNNAMED --add-opens=java.base/java.lang.invoke=ALL-UNNAMED --add-opens=java.base/java.util=ALL-UNNAMED --add-opens=java.prefs/java.util.prefs=ALL-UNNAMED --add-exports=jdk.compiler/com.sun.tools.javac.api=ALL-UNNAMED --add-exports=jdk.compiler/com.sun.tools.javac.util=ALL-UNNAMED --add-opens=java.base/java.util=ALL-UNNAMED --add-opens=java.prefs/java.util.prefs=ALL-UNNAMED --add-opens=java.base/java.nio.charset=ALL-UNNAMED --add-opens=java.base/java.net=ALL-UNNAMED --add-opens=java.base/java.util.concurrent.atomic=ALL-UNNAMED --add-opens=java.xml/javax.xml.namespace=ALL-UNNAMED -Xmx4096m -Dfile.encoding=UTF-8 -Duser.country=IN -Duser.language=en -Duser.variant -javaagent:C:\Users\NAGARAJU\.gradle\wrapper\dists\gradle-8.14.1-bin\baw1sv0jfoi8rxs14qo3h49cs\gradle-8.14.1\lib\agents\gradle-instrumentation-agent-8.14.1.jar org.gradle.launcher.daemon.bootstrap.GradleDaemon 8.14.1

Host: AMD Ryzen 3 5300U with Radeon Graphics         , 8 cores, 7G,  Windows 11 , 64 bit Build 26100 (10.0.26100.9168)
Time: Fri Sep  4 23:55:16 2026 India Standard Time elapsed time: 399.840380 seconds (0d 0h 6m 39s)

---------------  T H R E A D  ---------------

Current thread (0x000001f742e28020):  JavaThread "C2 CompilerThread0" daemon [_thread_in_native, id=35392, stack(0x000000c99f100000,0x000000c99f200000) (1024K)]


Current CompileTask:
C2:399840 4139       4       org.gradle.internal.remote.internal.inet.MultiChoiceAddressSerializer::read (95 bytes)

Stack: [0x000000c99f100000,0x000000c99f200000]
Native frames: (J=compiled Java code, j=interpreted, Vv=VM code, C=native code)
V  [jvm.dll+0x6d83e9]
V  [jvm.dll+0x8b5736]
V  [jvm.dll+0x8b7cee]
V  [jvm.dll+0x8b83d3]
V  [jvm.dll+0x284596]
V  [jvm.dll+0xc685d]
V  [jvm.dll+0xc6da1]
V  [jvm.dll+0x3bf151]
V  [jvm.dll+0x38b6d2]
V  [jvm.dll+0x38ab1a]
V  [jvm.dll+0x24c700]
V  [jvm.dll+0x24bce0]
V  [jvm.dll+0x1cb4ae]
V  [jvm.dll+0x25baad]
V  [jvm.dll+0x25a03a]
V  [jvm.dll+0x3f8aae]
V  [jvm.dll+0x8600cd]
V  [jvm.dll+0x6d6c1d]
C  [ucrtbase.dll+0x2cd30]
C  [KERNEL32.DLL+0x2ccb7]
C  [ntdll.dll+0xaad6c]


---------------  P R O C E S S  ---------------

Threads class SMR info:
_java_thread_list=0x000001f789a7aed0, length=30, elements={
0x000001f726c318b0, 0x000001f742e1e450, 0x000001f742e1fbd0, 0x000001f742e20630,
0x000001f742e23dc0, 0x000001f742e26830, 0x000001f742e27290, 0x000001f742e28020,
0x000001f742e2fa70, 0x000001f788243b70, 0x000001f78826eca0, 0x000001f789a042e0,
0x000001f788085550, 0x000001f789062130, 0x000001f7880ec140, 0x000001f7899c9600,
0x000001f7890fa400, 0x000001f7890ee780, 0x000001f7890eda60, 0x000001f7890f01c0,
0x000001f7890efb30, 0x000001f7890ef4a0, 0x000001f7890f0850, 0x000001f78a07df00,
0x000001f78a07c4c0, 0x000001f78a07ec20, 0x000001f78a07cb50, 0x000001f78a07b7a0,
0x000001f78a07f2b0, 0x000001f78a07be30
}

Java Threads: ( => current thread )
  0x000001f726c318b0 JavaThread "main"                              [_thread_blocked, id=33028, stack(0x000000c99e300000,0x000000c99e400000) (1024K)]
  0x000001f742e1e450 JavaThread "Reference Handler"          daemon [_thread_blocked, id=34876, stack(0x000000c99eb00000,0x000000c99ec00000) (1024K)]
  0x000001f742e1fbd0 JavaThread "Finalizer"                  daemon [_thread_blocked, id=29780, stack(0x000000c99ec00000,0x000000c99ed00000) (1024K)]
  0x000001f742e20630 JavaThread "Signal Dispatcher"          daemon [_thread_blocked, id=35096, stack(0x000000c99ed00000,0x000000c99ee00000) (1024K)]
  0x000001f742e23dc0 JavaThread "Attach Listener"            daemon [_thread_blocked, id=35176, stack(0x000000c99ee00000,0x000000c99ef00000) (1024K)]
  0x000001f742e26830 JavaThread "Service Thread"             daemon [_thread_blocked, id=34820, stack(0x000000c99ef00000,0x000000c99f000000) (1024K)]
  0x000001f742e27290 JavaThread "Monitor Deflation Thread"   daemon [_thread_blocked, id=35420, stack(0x000000c99f000000,0x000000c99f100000) (1024K)]
=>0x000001f742e28020 JavaThread "C2 CompilerThread0"         daemon [_thread_in_native, id=35392, stack(0x000000c99f100000,0x000000c99f200000) (1024K)]
  0x000001f742e2fa70 JavaThread "C1 CompilerThread0"         daemon [_thread_blocked, id=33844, stack(0x000000c99f200000,0x000000c99f300000) (1024K)]
  0x000001f788243b70 JavaThread "Common-Cleaner"             daemon [_thread_blocked, id=26172, stack(0x000000c99f300000,0x000000c99f400000) (1024K)]
  0x000001f78826eca0 JavaThread "Notification Thread"        daemon [_thread_blocked, id=31392, stack(0x000000c99f400000,0x000000c99f500000) (1024K)]
  0x000001f789a042e0 JavaThread "Daemon health stats"               [_thread_blocked, id=34220, stack(0x000000c99f900000,0x000000c99fa00000) (1024K)]
  0x000001f788085550 JavaThread "Incoming local TCP Connector on port 54893"        [_thread_in_native, id=33376, stack(0x000000c99fd00000,0x000000c99fe00000) (1024K)]
  0x000001f789062130 JavaThread "Daemon periodic checks"            [_thread_blocked, id=32716, stack(0x000000c99fe00000,0x000000c99ff00000) (1024K)]
  0x000001f7880ec140 JavaThread "Daemon"                            [_thread_blocked, id=32376, stack(0x000000c99ff00000,0x000000c9a0000000) (1024K)]
  0x000001f7899c9600 JavaThread "Handler for socket connection from /127.0.0.1:54893 to /127.0.0.1:54896"        [_thread_in_native, id=31048, stack(0x000000c9a0000000,0x000000c9a0100000) (1024K)]
  0x000001f7890fa400 JavaThread "Cancel handler"                    [_thread_blocked, id=32676, stack(0x000000c9a0100000,0x000000c9a0200000) (1024K)]
  0x000001f7890ee780 JavaThread "Daemon worker"                     [_thread_in_vm, id=27504, stack(0x000000c9a0200000,0x000000c9a0300000) (1024K)]
  0x000001f7890eda60 JavaThread "Asynchronous log dispatcher for DefaultDaemonConnection: socket connection from /127.0.0.1:54893 to /127.0.0.1:54896"        [_thread_blocked, id=27056, stack(0x000000c9a0300000,0x000000c9a0400000) (1024K)]
  0x000001f7890f01c0 JavaThread "Stdin handler"                     [_thread_blocked, id=31872, stack(0x000000c9a0400000,0x000000c9a0500000) (1024K)]
  0x000001f7890efb30 JavaThread "Daemon client event forwarder"        [_thread_blocked, id=35508, stack(0x000000c9a0500000,0x000000c9a0600000) (1024K)]
  0x000001f7890ef4a0 JavaThread "Cache worker for journal cache (C:\Users\NAGARAJU\.gradle\caches\journal-1)"        [_thread_blocked, id=36008, stack(0x000000c9a0600000,0x000000c9a0700000) (1024K)]
  0x000001f7890f0850 JavaThread "File lock request listener"        [_thread_in_native, id=36032, stack(0x000000c9a0700000,0x000000c9a0800000) (1024K)]
  0x000001f78a07df00 JavaThread "Cache worker for file hash cache (C:\Users\NAGARAJU\.gradle\caches\8.14.1\fileHashes)"        [_thread_blocked, id=36084, stack(0x000000c9a0900000,0x000000c9a0a00000) (1024K)]
  0x000001f78a07c4c0 JavaThread "File lock release action executor Thread 3"        [_thread_blocked, id=38368, stack(0x000000c99e200000,0x000000c99e300000) (1024K)]
  0x000001f78a07ec20 JavaThread "Cache worker for file hash cache (C:\zynnative\DocApp-CLI\android\.gradle\8.14.1\fileHashes)"        [_thread_blocked, id=40900, stack(0x000000c9a0a00000,0x000000c9a0b00000) (1024K)]
  0x000001f78a07cb50 JavaThread "Cache worker for Build Output Cleanup Cache (C:\zynnative\DocApp-CLI\android\.gradle\buildOutputCleanup)"        [_thread_blocked, id=40932, stack(0x000000c9a0b00000,0x000000c9a0c00000) (1024K)]
  0x000001f78a07b7a0 JavaThread "File watcher server"        daemon [_thread_in_native, id=35584, stack(0x000000c9a0c00000,0x000000c9a0d00000) (1024K)]
  0x000001f78a07f2b0 JavaThread "File watcher consumer"      daemon [_thread_blocked, id=5164, stack(0x000000c9a0d00000,0x000000c9a0e00000) (1024K)]
  0x000001f78a07be30 JavaThread "jar transforms"                    [_thread_blocked, id=39788, stack(0x000000c9a0e00000,0x000000c9a0f00000) (1024K)]
Total: 30

Other Threads:
  0x000001f742e01a10 VMThread "VM Thread"                           [id=35056, stack(0x000000c99ea00000,0x000000c99eb00000) (1024K)]
  0x000001f742df1800 WatcherThread "VM Periodic Task Thread"        [id=34904, stack(0x000000c99e900000,0x000000c99ea00000) (1024K)]
  0x000001f728f49cd0 WorkerThread "GC Thread#0"                     [id=34308, stack(0x000000c99e400000,0x000000c99e500000) (1024K)]
  0x000001f78828fcc0 WorkerThread "GC Thread#1"                     [id=25840, stack(0x000000c99f500000,0x000000c99f600000) (1024K)]
  0x000001f78841ad50 WorkerThread "GC Thread#2"                     [id=35092, stack(0x000000c99f600000,0x000000c99f700000) (1024K)]
  0x000001f788085d60 WorkerThread "GC Thread#3"                     [id=33340, stack(0x000000c99f700000,0x000000c99f800000) (1024K)]
  0x000001f7880d9350 WorkerThread "GC Thread#4"                     [id=34516, stack(0x000000c99f800000,0x000000c99f900000) (1024K)]
  0x000001f7899819d0 WorkerThread "GC Thread#5"                     [id=28200, stack(0x000000c99fa00000,0x000000c99fb00000) (1024K)]
  0x000001f7899a3a60 WorkerThread "GC Thread#6"                     [id=35136, stack(0x000000c99fb00000,0x000000c99fc00000) (1024K)]
  0x000001f78832b1d0 WorkerThread "GC Thread#7"                     [id=35180, stack(0x000000c99fc00000,0x000000c99fd00000) (1024K)]
  0x000001f728f57ad0 ConcurrentGCThread "G1 Main Marker"            [id=31432, stack(0x000000c99e500000,0x000000c99e600000) (1024K)]
  0x000001f728f58a10 WorkerThread "G1 Conc#0"                       [id=34908, stack(0x000000c99e600000,0x000000c99e700000) (1024K)]
  0x000001f78a5d00b0 WorkerThread "G1 Conc#1"                       [id=40656, stack(0x000000c9a0800000,0x000000c9a0900000) (1024K)]
  0x000001f742cc0110 ConcurrentGCThread "G1 Refine#0"               [id=29544, stack(0x000000c99e700000,0x000000c99e800000) (1024K)]
  0x000001f742cc0aa0 ConcurrentGCThread "G1 Service"                [id=34012, stack(0x000000c99e800000,0x000000c99e900000) (1024K)]
Total: 15

Threads with active compile tasks:
C2 CompilerThread0  409083 4139       4       org.gradle.internal.remote.internal.inet.MultiChoiceAddressSerializer::read (95 bytes)
Total: 1

VM state: not at safepoint (normal execution)

VM Mutex/Monitor currently owned by a thread: None

Heap address: 0x0000000700000000, size: 4096 MB, Compressed Oops mode: Zero based, Oop shift amount: 3

CDS archive(s) mapped at: [0x000001f743000000-0x000001f743ba0000-0x000001f743ba0000), size 12189696, SharedBaseAddress: 0x000001f743000000, ArchiveRelocationMode: 1.
Compressed class space mapped at: 0x000001f744000000-0x000001f784000000, reserved size: 1073741824
Narrow klass base: 0x000001f743000000, Narrow klass shift: 0, Narrow klass range: 0x100000000

GC Precious Log:
 CardTable entry size: 512
 Card Set container configuration: InlinePtr #cards 4 size 8 Array Of Cards #cards 16 size 48 Howl #buckets 8 coarsen threshold 3686 Howl Bitmap #cards 512 size 80 coarsen threshold 460 Card regions per heap region 1 cards per card region 4096
 CPUs: 8 total, 8 available
 Memory: 7502M
 Large Page Support: Disabled
 NUMA Support: Disabled
 Compressed Oops: Enabled (Zero based)
 Heap Region Size: 2M
 Heap Min Capacity: 8M
 Heap Initial Capacity: 118M
 Heap Max Capacity: 4G
 Pre-touch: Disabled
 Parallel Workers: 8
 Concurrent Workers: 2
 Concurrent Refinement Workers: 8
 Periodic GC: Disabled

Heap:
 garbage-first heap   total 90112K, used 70129K [0x0000000700000000, 0x0000000800000000)
  region size 2048K, 25 young (51200K), 2 survivors (4096K)
 Metaspace       used 26664K, committed 27648K, reserved 1114112K
  class space    used 4000K, committed 4480K, reserved 1048576K

Heap Regions: E=young(eden), S=young(survivor), O=old, HS=humongous(starts), HC=humongous(continues), CS=collection set, F=free, TAMS=top-at-mark-start, PB=parsable bottom
|   0|0x0000000700000000, 0x0000000700200000, 0x0000000700200000|100%|HS|  |TAMS 0x0000000700000000| PB 0x0000000700000000| Complete 
|   1|0x0000000700200000, 0x0000000700400000, 0x0000000700400000|100%|HC|  |TAMS 0x0000000700200000| PB 0x0000000700200000| Complete 
|   2|0x0000000700400000, 0x0000000700600000, 0x0000000700600000|100%| O|  |TAMS 0x0000000700400000| PB 0x0000000700400000| Untracked 
|   3|0x0000000700600000, 0x0000000700800000, 0x0000000700800000|100%| O|  |TAMS 0x0000000700600000| PB 0x0000000700600000| Untracked 
|   4|0x0000000700800000, 0x0000000700a00000, 0x0000000700a00000|100%| O|  |TAMS 0x0000000700800000| PB 0x0000000700800000| Untracked 
|   5|0x0000000700a00000, 0x0000000700c00000, 0x0000000700c00000|100%| O|  |TAMS 0x0000000700a00000| PB 0x0000000700a00000| Untracked 
|   6|0x0000000700c00000, 0x0000000700e00000, 0x0000000700e00000|100%| O|  |TAMS 0x0000000700c00000| PB 0x0000000700c00000| Untracked 
|   7|0x0000000700e00000, 0x0000000701000000, 0x0000000701000000|100%| O|  |TAMS 0x0000000700e00000| PB 0x0000000700e00000| Untracked 
|   8|0x0000000701000000, 0x0000000701200000, 0x0000000701200000|100%| O|  |TAMS 0x0000000701000000| PB 0x0000000701000000| Untracked 
|   9|0x0000000701200000, 0x0000000701400000, 0x0000000701400000|100%| O|  |TAMS 0x0000000701200000| PB 0x0000000701200000| Untracked 
|  10|0x0000000701400000, 0x00000007015c4fe8, 0x0000000701600000| 88%| O|Cm|TAMS 0x0000000701400000| PB 0x0000000701400000| Complete 
|  11|0x0000000701600000, 0x0000000701600000, 0x0000000701800000|  0%| F|  |TAMS 0x0000000701600000| PB 0x0000000701600000| Untracked 
|  12|0x0000000701800000, 0x0000000701800000, 0x0000000701a00000|  0%| F|  |TAMS 0x0000000701800000| PB 0x0000000701800000| Untracked 
|  13|0x0000000701a00000, 0x0000000701a00000, 0x0000000701c00000|  0%| F|  |TAMS 0x0000000701a00000| PB 0x0000000701a00000| Untracked 
|  14|0x0000000701c00000, 0x0000000701c00000, 0x0000000701e00000|  0%| F|  |TAMS 0x0000000701c00000| PB 0x0000000701c00000| Untracked 
|  15|0x0000000701e00000, 0x0000000701e00000, 0x0000000702000000|  0%| F|  |TAMS 0x0000000701e00000| PB 0x0000000701e00000| Untracked 
|  16|0x0000000702000000, 0x0000000702000000, 0x0000000702200000|  0%| F|  |TAMS 0x0000000702000000| PB 0x0000000702000000| Untracked 
|  17|0x0000000702200000, 0x0000000702200000, 0x0000000702400000|  0%| F|  |TAMS 0x0000000702200000| PB 0x0000000702200000| Untracked 
|  18|0x0000000702400000, 0x0000000702400000, 0x0000000702600000|  0%| F|  |TAMS 0x0000000702400000| PB 0x0000000702400000| Untracked 
|  19|0x0000000702600000, 0x00000007026bc3a0, 0x0000000702800000| 36%| E|  |TAMS 0x0000000702600000| PB 0x0000000702600000| Complete 
|  20|0x0000000702800000, 0x0000000702a00000, 0x0000000702a00000|100%| E|CS|TAMS 0x0000000702800000| PB 0x0000000702800000| Complete 
|  21|0x0000000702a00000, 0x0000000702c00000, 0x0000000702c00000|100%| E|CS|TAMS 0x0000000702a00000| PB 0x0000000702a00000| Complete 
|  22|0x0000000702c00000, 0x0000000702e00000, 0x0000000702e00000|100%| E|CS|TAMS 0x0000000702c00000| PB 0x0000000702c00000| Complete 
|  23|0x0000000702e00000, 0x0000000703000000, 0x0000000703000000|100%| E|CS|TAMS 0x0000000702e00000| PB 0x0000000702e00000| Complete 
|  24|0x0000000703000000, 0x0000000703200000, 0x0000000703200000|100%| E|CS|TAMS 0x0000000703000000| PB 0x0000000703000000| Complete 
|  25|0x0000000703200000, 0x0000000703400000, 0x0000000703400000|100%| E|CS|TAMS 0x0000000703200000| PB 0x0000000703200000| Complete 
|  26|0x0000000703400000, 0x0000000703600000, 0x0000000703600000|100%| E|CS|TAMS 0x0000000703400000| PB 0x0000000703400000| Complete 
|  27|0x0000000703600000, 0x0000000703800000, 0x0000000703800000|100%| E|CS|TAMS 0x0000000703600000| PB 0x0000000703600000| Complete 
|  28|0x0000000703800000, 0x0000000703a00000, 0x0000000703a00000|100%| E|CS|TAMS 0x0000000703800000| PB 0x0000000703800000| Complete 
|  29|0x0000000703a00000, 0x0000000703c00000, 0x0000000703c00000|100%| E|CS|TAMS 0x0000000703a00000| PB 0x0000000703a00000| Complete 
|  30|0x0000000703c00000, 0x0000000703e00000, 0x0000000703e00000|100%| E|CS|TAMS 0x0000000703c00000| PB 0x0000000703c00000| Complete 
|  31|0x0000000703e00000, 0x0000000704000000, 0x0000000704000000|100%| E|CS|TAMS 0x0000000703e00000| PB 0x0000000703e00000| Complete 
|  32|0x0000000704000000, 0x0000000704200000, 0x0000000704200000|100%| E|CS|TAMS 0x0000000704000000| PB 0x0000000704000000| Complete 
|  33|0x0000000704200000, 0x0000000704400000, 0x0000000704400000|100%| E|CS|TAMS 0x0000000704200000| PB 0x0000000704200000| Complete 
|  34|0x0000000704400000, 0x0000000704600000, 0x0000000704600000|100%| E|CS|TAMS 0x0000000704400000| PB 0x0000000704400000| Complete 
|  35|0x0000000704600000, 0x0000000704800000, 0x0000000704800000|100%| E|CS|TAMS 0x0000000704600000| PB 0x0000000704600000| Complete 
|  36|0x0000000704800000, 0x0000000704a00000, 0x0000000704a00000|100%| E|CS|TAMS 0x0000000704800000| PB 0x0000000704800000| Complete 
|  37|0x0000000704a00000, 0x0000000704c00000, 0x0000000704c00000|100%| E|CS|TAMS 0x0000000704a00000| PB 0x0000000704a00000| Complete 
|  38|0x0000000704c00000, 0x0000000704e00000, 0x0000000704e00000|100%| E|CS|TAMS 0x0000000704c00000| PB 0x0000000704c00000| Complete 
|  39|0x0000000704e00000, 0x0000000705000000, 0x0000000705000000|100%| E|CS|TAMS 0x0000000704e00000| PB 0x0000000704e00000| Complete 
|  40|0x0000000705000000, 0x0000000705200000, 0x0000000705200000|100%| E|CS|TAMS 0x0000000705000000| PB 0x0000000705000000| Complete 
|  48|0x0000000706000000, 0x00000007060b7510, 0x0000000706200000| 35%| S|CS|TAMS 0x0000000706000000| PB 0x0000000706000000| Complete 
|  49|0x0000000706200000, 0x0000000706400000, 0x0000000706400000|100%| S|CS|TAMS 0x0000000706200000| PB 0x0000000706200000| Complete 
|  58|0x0000000707400000, 0x0000000707600000, 0x0000000707600000|100%| E|CS|TAMS 0x0000000707400000| PB 0x0000000707400000| Complete 

Card table byte_map: [0x000001f73bc00000,0x000001f73c400000] _byte_map_base: 0x000001f738400000

Marking Bits: (CMBitMap*) 0x000001f728f4b200
 Bits: [0x000001f73c400000, 0x000001f740400000)

Polling page: 0x000001f726f30000

Metaspace:

Usage:
  Non-class:     22.13 MB used.
      Class:      3.91 MB used.
       Both:     26.04 MB used.

Virtual space:
  Non-class space:       64.00 MB reserved,      22.62 MB ( 35%) committed,  1 nodes.
      Class space:        1.00 GB reserved,       4.38 MB ( <1%) committed,  1 nodes.
             Both:        1.06 GB reserved,      27.00 MB (  2%) committed. 

Chunk freelists:
   Non-Class:  8.52 MB
       Class:  11.61 MB
        Both:  20.12 MB

MaxMetaspaceSize: unlimited
CompressedClassSpaceSize: 1.00 GB
Initial GC threshold: 21.00 MB
Current GC threshold: 35.12 MB
CDS: on
 - commit_granule_bytes: 65536.
 - commit_granule_words: 8192.
 - virtual_space_node_default_size: 8388608.
 - enlarge_chunks_in_place: 1.
 - use_allocation_guard: 0.


Internal statistics:

num_allocs_failed_limit: 3.
num_arena_births: 1496.
num_arena_deaths: 0.
num_vsnodes_births: 2.
num_vsnodes_deaths: 0.
num_space_committed: 432.
num_space_uncommitted: 0.
num_chunks_returned_to_freelist: 3.
num_chunks_taken_from_freelist: 2681.
num_chunk_merges: 3.
num_chunk_splits: 1736.
num_chunks_enlarged: 1085.
num_inconsistent_stats: 0.

CodeHeap 'non-profiled nmethods': size=120000Kb used=2310Kb max_used=2310Kb free=117689Kb
 bounds [0x000001f733ba0000, 0x000001f733e10000, 0x000001f73b0d0000]
CodeHeap 'profiled nmethods': size=120000Kb used=8189Kb max_used=8189Kb free=111810Kb
 bounds [0x000001f72c0d0000, 0x000001f72c8d0000, 0x000001f733600000]
CodeHeap 'non-nmethods': size=5760Kb used=1433Kb max_used=1464Kb free=4326Kb
 bounds [0x000001f733600000, 0x000001f733870000, 0x000001f733ba0000]
CodeCache: size=245760Kb, used=11932Kb, max_used=11963Kb, free=233825Kb
 total_blobs=4701, nmethods=4115, adapters=490, full_count=0
Compilation: enabled, stopped_count=0, restarted_count=0

Compilation events (20 events):
Event: 390.465 Thread 0x000001f742e2fa70 nmethod 4124 0x000001f72c8c1790 code [0x000001f72c8c1980, 0x000001f72c8c1e08]
Event: 390.662 Thread 0x000001f742e2fa70 4125       3       java.lang.Module::allows (60 bytes)
Event: 390.664 Thread 0x000001f742e2fa70 nmethod 4125 0x000001f72c8c2010 code [0x000001f72c8c2220, 0x000001f72c8c2828]
Event: 390.716 Thread 0x000001f742e2fa70 4126       3       jdk.internal.org.objectweb.asm.MethodVisitor::visitEnd (15 bytes)
Event: 390.717 Thread 0x000001f742e2fa70 nmethod 4126 0x000001f72c8c2990 code [0x000001f72c8c2b40, 0x000001f72c8c2d50]
Event: 390.750 Thread 0x000001f742e2fa70 4127       3       java.lang.invoke.InnerClassLambdaMetafactory$ForwardingMethodGenerator::generate (272 bytes)
Event: 390.756 Thread 0x000001f742e2fa70 nmethod 4127 0x000001f72c8c2e10 code [0x000001f72c8c31c0, 0x000001f72c8c4e38]
Event: 390.756 Thread 0x000001f742e2fa70 4128       3       java.lang.invoke.InnerClassLambdaMetafactory$ForwardingMethodGenerator::convertArgumentTypes (96 bytes)
Event: 390.757 Thread 0x000001f742e2fa70 nmethod 4128 0x000001f72c8c5710 code [0x000001f72c8c5960, 0x000001f72c8c63b0]
Event: 390.757 Thread 0x000001f742e2fa70 4129       3       java.lang.invoke.InnerClassLambdaMetafactory$ForwardingMethodGenerator::invocationOpcode (104 bytes)
Event: 390.759 Thread 0x000001f742e2fa70 nmethod 4129 0x000001f72c8c6910 code [0x000001f72c8c6b60, 0x000001f72c8c72c8]
Event: 390.759 Thread 0x000001f742e2fa70 4130       3       java.lang.invoke.InnerClassLambdaMetafactory::getReturnOpcode (20 bytes)
Event: 390.759 Thread 0x000001f742e2fa70 nmethod 4130 0x000001f72c8c7590 code [0x000001f72c8c7740, 0x000001f72c8c78c0]
Event: 390.981 Thread 0x000001f742e2fa70 4131       3       jdk.internal.org.objectweb.asm.MethodWriter::visitFieldInsn (258 bytes)
Event: 390.986 Thread 0x000001f742e2fa70 nmethod 4131 0x000001f72c8c7990 code [0x000001f72c8c7c00, 0x000001f72c8c8748]
Event: 392.443 Thread 0x000001f742e2fa70 4132       3       java.util.concurrent.locks.AbstractQueuedSynchronizer$ConditionObject::awaitNanos (202 bytes)
Event: 392.688 Thread 0x000001f742e2fa70 nmethod 4132 0x000001f72c8c8b90 code [0x000001f72c8c8e80, 0x000001f72c8c9d10]
Event: 393.506 Thread 0x000001f742e2fa70 4138   !   3       java.util.concurrent.LinkedBlockingDeque::peekLast (41 bytes)
Event: 393.508 Thread 0x000001f742e2fa70 nmethod 4138 0x000001f72c8ca290 code [0x000001f72c8ca4c0, 0x000001f72c8cae30]
Event: 395.252 Thread 0x000001f742e28020 4139       4       org.gradle.internal.remote.internal.inet.MultiChoiceAddressSerializer::read (95 bytes)

GC Heap History (12 events):
Event: 2.044 GC heap before
{Heap before GC invocations=0 (full 0):
 garbage-first heap   total 120832K, used 22528K [0x0000000700000000, 0x0000000800000000)
  region size 2048K, 11 young (22528K), 0 survivors (0K)
 Metaspace       used 883K, committed 1024K, reserved 1114112K
  class space    used 71K, committed 128K, reserved 1048576K
}
Event: 2.100 GC heap after
{Heap after GC invocations=1 (full 0):
 garbage-first heap   total 120832K, used 1536K [0x0000000700000000, 0x0000000800000000)
  region size 2048K, 1 young (2048K), 1 survivors (2048K)
 Metaspace       used 883K, committed 1024K, reserved 1114112K
  class space    used 71K, committed 128K, reserved 1048576K
}
Event: 7.077 GC heap before
{Heap before GC invocations=1 (full 0):
 garbage-first heap   total 120832K, used 42496K [0x0000000700000000, 0x0000000800000000)
  region size 2048K, 20 young (40960K), 1 survivors (2048K)
 Metaspace       used 4393K, committed 4544K, reserved 1114112K
  class space    used 558K, committed 640K, reserved 1048576K
}
Event: 7.087 GC heap after
{Heap after GC invocations=2 (full 0):
 garbage-first heap   total 120832K, used 11744K [0x0000000700000000, 0x0000000800000000)
  region size 2048K, 3 young (6144K), 3 survivors (6144K)
 Metaspace       used 4393K, committed 4544K, reserved 1114112K
  class space    used 558K, committed 640K, reserved 1048576K
}
Event: 12.178 GC heap before
{Heap before GC invocations=2 (full 0):
 garbage-first heap   total 120832K, used 73184K [0x0000000700000000, 0x0000000800000000)
  region size 2048K, 34 young (69632K), 3 survivors (6144K)
 Metaspace       used 8553K, committed 8832K, reserved 1114112K
  class space    used 1177K, committed 1344K, reserved 1048576K
}
Event: 12.190 GC heap after
{Heap after GC invocations=3 (full 0):
 garbage-first heap   total 120832K, used 19160K [0x0000000700000000, 0x0000000800000000)
  region size 2048K, 4 young (8192K), 4 survivors (8192K)
 Metaspace       used 8553K, committed 8832K, reserved 1114112K
  class space    used 1177K, committed 1344K, reserved 1048576K
}
Event: 267.641 GC heap before
{Heap before GC invocations=3 (full 0):
 garbage-first heap   total 120832K, used 82648K [0x0000000700000000, 0x0000000800000000)
  region size 2048K, 35 young (71680K), 4 survivors (8192K)
 Metaspace       used 15740K, committed 16192K, reserved 1114112K
  class space    used 2155K, committed 2368K, reserved 1048576K
}
Event: 268.127 GC heap after
{Heap after GC invocations=4 (full 0):
 garbage-first heap   total 120832K, used 22238K [0x0000000700000000, 0x0000000800000000)
  region size 2048K, 2 young (4096K), 2 survivors (4096K)
 Metaspace       used 15740K, committed 16192K, reserved 1114112K
  class space    used 2155K, committed 2368K, reserved 1048576K
}
Event: 348.603 GC heap before
{Heap before GC invocations=4 (full 0):
 garbage-first heap   total 120832K, used 50910K [0x0000000700000000, 0x0000000800000000)
  region size 2048K, 16 young (32768K), 2 survivors (4096K)
 Metaspace       used 18665K, committed 19264K, reserved 1114112K
  class space    used 2657K, committed 2944K, reserved 1048576K
}
Event: 348.673 GC heap after
{Heap after GC invocations=5 (full 0):
 garbage-first heap   total 120832K, used 23892K [0x0000000700000000, 0x0000000800000000)
  region size 2048K, 1 young (2048K), 1 survivors (2048K)
 Metaspace       used 18665K, committed 19264K, reserved 1114112K
  class space    used 2657K, committed 2944K, reserved 1048576K
}
Event: 350.984 GC heap before
{Heap before GC invocations=5 (full 0):
 garbage-first heap   total 120832K, used 40276K [0x0000000700000000, 0x0000000800000000)
  region size 2048K, 10 young (20480K), 1 survivors (2048K)
 Metaspace       used 20801K, committed 21504K, reserved 1114112K
  class space    used 3030K, committed 3392K, reserved 1048576K
}
Event: 350.995 GC heap after
{Heap after GC invocations=6 (full 0):
 garbage-first heap   total 120832K, used 25073K [0x0000000700000000, 0x0000000800000000)
  region size 2048K, 2 young (4096K), 2 survivors (4096K)
 Metaspace       used 20801K, committed 21504K, reserved 1114112K
  class space    used 3030K, committed 3392K, reserved 1048576K
}

Dll operation events (20 events):
Event: 0.690 Attempting to load shared library C:\Users\NAGARAJU\.antigravity-ide\extensions\redhat.java-1.56.0-win32-x64\jre\21.0.12.1-win32-x86_64\bin\nio.dll
Event: 0.694 Loaded shared library C:\Users\NAGARAJU\.antigravity-ide\extensions\redhat.java-1.56.0-win32-x64\jre\21.0.12.1-win32-x86_64\bin\nio.dll
Event: 0.701 Attempting to load shared library C:\Users\NAGARAJU\.antigravity-ide\extensions\redhat.java-1.56.0-win32-x64\jre\21.0.12.1-win32-x86_64\bin\zip.dll
Event: 0.701 Loaded shared library C:\Users\NAGARAJU\.antigravity-ide\extensions\redhat.java-1.56.0-win32-x64\jre\21.0.12.1-win32-x86_64\bin\zip.dll
Event: 2.108 Attempting to load shared library C:\Users\NAGARAJU\.antigravity-ide\extensions\redhat.java-1.56.0-win32-x64\jre\21.0.12.1-win32-x86_64\bin\jimage.dll
Event: 2.108 Loaded shared library C:\Users\NAGARAJU\.antigravity-ide\extensions\redhat.java-1.56.0-win32-x64\jre\21.0.12.1-win32-x86_64\bin\jimage.dll
Event: 3.980 Attempting to load shared library C:\Users\NAGARAJU\.antigravity-ide\extensions\redhat.java-1.56.0-win32-x64\jre\21.0.12.1-win32-x86_64\bin\verify.dll
Event: 4.024 Loaded shared library C:\Users\NAGARAJU\.antigravity-ide\extensions\redhat.java-1.56.0-win32-x64\jre\21.0.12.1-win32-x86_64\bin\verify.dll
Event: 4.269 Attempting to load shared library C:\Users\NAGARAJU\.gradle\native\1def1411415f61bf3af743bc5b6707747c0891f09f0c88961ee8f79bc544acac\windows-amd64\native-platform.dll
Event: 4.415 Loaded shared library C:\Users\NAGARAJU\.gradle\native\1def1411415f61bf3af743bc5b6707747c0891f09f0c88961ee8f79bc544acac\windows-amd64\native-platform.dll
Event: 4.478 Attempting to load shared library C:\Users\NAGARAJU\.gradle\native\0.2.7\x86_64-windows-gnu\gradle-fileevents.dll
Event: 4.536 Loaded shared library C:\Users\NAGARAJU\.gradle\native\0.2.7\x86_64-windows-gnu\gradle-fileevents.dll
Event: 9.170 Attempting to load shared library C:\Users\NAGARAJU\.antigravity-ide\extensions\redhat.java-1.56.0-win32-x64\jre\21.0.12.1-win32-x86_64\bin\management.dll
Event: 9.222 Loaded shared library C:\Users\NAGARAJU\.antigravity-ide\extensions\redhat.java-1.56.0-win32-x64\jre\21.0.12.1-win32-x86_64\bin\management.dll
Event: 9.225 Attempting to load shared library C:\Users\NAGARAJU\.antigravity-ide\extensions\redhat.java-1.56.0-win32-x64\jre\21.0.12.1-win32-x86_64\bin\management_ext.dll
Event: 9.309 Loaded shared library C:\Users\NAGARAJU\.antigravity-ide\extensions\redhat.java-1.56.0-win32-x64\jre\21.0.12.1-win32-x86_64\bin\management_ext.dll
Event: 9.714 Attempting to load shared library C:\Users\NAGARAJU\.antigravity-ide\extensions\redhat.java-1.56.0-win32-x64\jre\21.0.12.1-win32-x86_64\bin\extnet.dll
Event: 9.715 Loaded shared library C:\Users\NAGARAJU\.antigravity-ide\extensions\redhat.java-1.56.0-win32-x64\jre\21.0.12.1-win32-x86_64\bin\extnet.dll
Event: 15.393 Attempting to load shared library C:\Users\NAGARAJU\.antigravity-ide\extensions\redhat.java-1.56.0-win32-x64\jre\21.0.12.1-win32-x86_64\bin\sunmscapi.dll
Event: 15.414 Loaded shared library C:\Users\NAGARAJU\.antigravity-ide\extensions\redhat.java-1.56.0-win32-x64\jre\21.0.12.1-win32-x86_64\bin\sunmscapi.dll

Deoptimization events (20 events):
Event: 361.770 Thread 0x000001f7890ef4a0 Uncommon trap: trap_request=0xffffffde fr.pc=0x000001f733d30e08 relative=0x0000000000000ce8
Event: 361.770 Thread 0x000001f7890ef4a0 Uncommon trap: reason=class_check action=maybe_recompile pc=0x000001f733d30e08 method=java.util.concurrent.locks.AbstractQueuedSynchronizer$ConditionObject.enableWait(Ljava/util/concurrent/locks/AbstractQueuedSynchronizer$ConditionNode;)I @ 4 c2
Event: 361.770 Thread 0x000001f7890ef4a0 DEOPT PACKING pc=0x000001f733d30e08 sp=0x000000c9a06ff030
Event: 361.770 Thread 0x000001f7890ef4a0 DEOPT UNPACKING pc=0x000001f733654422 sp=0x000000c9a06fef68 mode 2
Event: 362.005 Thread 0x000001f7890ef4a0 Uncommon trap: trap_request=0xffffffde fr.pc=0x000001f733d2b0b8 relative=0x00000000000004b8
Event: 362.005 Thread 0x000001f7890ef4a0 Uncommon trap: reason=class_check action=maybe_recompile pc=0x000001f733d2b0b8 method=java.util.concurrent.locks.AbstractQueuedSynchronizer$ConditionObject.enableWait(Ljava/util/concurrent/locks/AbstractQueuedSynchronizer$ConditionNode;)I @ 4 c2
Event: 362.005 Thread 0x000001f7890ef4a0 DEOPT PACKING pc=0x000001f733d2b0b8 sp=0x000000c9a06ff280
Event: 362.005 Thread 0x000001f7890ef4a0 DEOPT UNPACKING pc=0x000001f733654422 sp=0x000000c9a06ff240 mode 2
Event: 389.817 Thread 0x000001f78a07df00 Uncommon trap: trap_request=0xffffffde fr.pc=0x000001f733d30e08 relative=0x0000000000000ce8
Event: 389.817 Thread 0x000001f78a07df00 Uncommon trap: reason=class_check action=maybe_recompile pc=0x000001f733d30e08 method=java.util.concurrent.locks.AbstractQueuedSynchronizer$ConditionObject.enableWait(Ljava/util/concurrent/locks/AbstractQueuedSynchronizer$ConditionNode;)I @ 4 c2
Event: 389.817 Thread 0x000001f78a07df00 DEOPT PACKING pc=0x000001f733d30e08 sp=0x000000c9a09feb70
Event: 389.817 Thread 0x000001f78a07df00 DEOPT UNPACKING pc=0x000001f733654422 sp=0x000000c9a09feaa8 mode 2
Event: 390.659 Thread 0x000001f7890ee780 Uncommon trap: trap_request=0xffffff45 fr.pc=0x000001f733d5b588 relative=0x0000000000000068
Event: 390.659 Thread 0x000001f7890ee780 Uncommon trap: reason=unstable_if action=reinterpret pc=0x000001f733d5b588 method=java.util.stream.StreamOpFlag.fromCharacteristics(Ljava/util/Spliterator;)I @ 10 c2
Event: 390.659 Thread 0x000001f7890ee780 DEOPT PACKING pc=0x000001f733d5b588 sp=0x000000c9a02f9c30
Event: 390.659 Thread 0x000001f7890ee780 DEOPT UNPACKING pc=0x000001f733654422 sp=0x000000c9a02f9bc8 mode 2
Event: 392.637 Thread 0x000001f7890ee780 Uncommon trap: trap_request=0xffffff3d fr.pc=0x000001f733cc04b0 relative=0x00000000000002f0
Event: 392.637 Thread 0x000001f7890ee780 Uncommon trap: reason=unstable_fused_if action=reinterpret pc=0x000001f733cc04b0 method=java.lang.CharacterDataLatin1.equalsIgnoreCase(BB)Z @ 16 c2
Event: 392.637 Thread 0x000001f7890ee780 DEOPT PACKING pc=0x000001f733cc04b0 sp=0x000000c9a02fa040
Event: 392.637 Thread 0x000001f7890ee780 DEOPT UNPACKING pc=0x000001f733654422 sp=0x000000c9a02f9e98 mode 2

Classes loaded (20 events):
Event: 361.841 Loading class java/nio/file/FileTreeWalker
Event: 361.841 Loading class java/nio/file/FileTreeWalker done
Event: 361.844 Loading class java/nio/file/FileTreeWalker$DirectoryNode
Event: 361.845 Loading class java/nio/file/FileTreeWalker$DirectoryNode done
Event: 361.845 Loading class java/nio/file/FileTreeWalker$Event
Event: 361.845 Loading class java/nio/file/FileTreeWalker$Event done
Event: 361.846 Loading class java/nio/file/FileTreeWalker$EventType
Event: 361.847 Loading class java/nio/file/FileTreeWalker$EventType done
Event: 361.847 Loading class java/nio/file/Files$3
Event: 361.848 Loading class java/nio/file/Files$3 done
Event: 361.851 Loading class java/nio/file/FileVisitResult
Event: 361.851 Loading class java/nio/file/FileVisitResult done
Event: 390.497 Loading class java/util/stream/IntStream
Event: 390.517 Loading class java/util/stream/IntStream done
Event: 390.518 Loading class java/util/stream/Streams$RangeIntSpliterator
Event: 390.524 Loading class java/util/stream/Streams$RangeIntSpliterator done
Event: 390.524 Loading class java/util/stream/IntPipeline$Head
Event: 390.527 Loading class java/util/stream/IntPipeline
Event: 390.659 Loading class java/util/stream/IntPipeline done
Event: 390.659 Loading class java/util/stream/IntPipeline$Head done

Classes unloaded (0 events):
No events

Classes redefined (0 events):
No events

Internal exceptions (20 events):
Event: 353.832 Thread 0x000001f7890ee780 Exception <a 'java/lang/NoSuchMethodError'{0x00000007047456f0}: 'java.lang.Object java.lang.invoke.DirectMethodHandle$Holder.invokeStaticInit(java.lang.Object, java.lang.Object, java.lang.Object, java.lang.Object)'> (0x00000007047456f0) 
thrown [s\src\hotspot\share\interpreter\linkResolver.cpp, line 773]
Event: 355.168 Thread 0x000001f7890ee780 Exception <a 'java/lang/NoSuchMethodError'{0x00000007044e16a8}: 'java.lang.Object java.lang.invoke.DirectMethodHandle$Holder.newInvokeSpecial(java.lang.Object, java.lang.Object, java.lang.Object, java.lang.Object, java.lang.Object, java.lang.Object, java.lang.Object, java.lang.Object)'> (0x00000007044e16a8) 
thrown [s\src\hotspot\share\interpreter\linkResolver.cpp, line 773]
Event: 356.658 Thread 0x000001f7890ee780 Exception <a 'java/lang/IncompatibleClassChangeError'{0x000000070426de08}: Found class java.lang.Object, but interface was expected> (0x000000070426de08) 
thrown [s\src\hotspot\share\interpreter\linkResolver.cpp, line 840]
Event: 357.171 Thread 0x000001f7890ee780 Exception <a 'java/lang/NoSuchMethodError'{0x00000007042d0310}: 'java.lang.Object java.lang.invoke.DirectMethodHandle$Holder.invokeVirtual(java.lang.Object, java.lang.Object, java.lang.Object, java.lang.Object, java.lang.Object, java.lang.Object, java.lang.Object, java.lang.Object, java.lang.Object, java.lang.Object, java.lang.Object, java.lang.Object, java.lang.Object)'> (0x00000007042d0310) 
thrown [s\src\hotspot\share\interpreter\linkResolver.cpp, line 773]
Event: 357.172 Thread 0x000001f7890ee780 Exception <a 'java/lang/NoSuchMethodError'{0x00000007042d57a8}: 'java.lang.Object java.lang.invoke.DirectMethodHandle$Holder.invokeSpecial(java.lang.Object, java.lang.Object, java.lang.Object, java.lang.Object, java.lang.Object, java.lang.Object, java.lang.Object, java.lang.Object, java.lang.Object, java.lang.Object, java.lang.Object, java.lang.Object, java.lang.Object, java.lang.Object)'> (0x00000007042d57a8) 
thrown [s\src\hotspot\share\interpreter\linkResolver.cpp, line 773]
Event: 357.173 Thread 0x000001f7890ee780 Exception <a 'java/lang/NoSuchMethodError'{0x00000007042da4f8}: 'java.lang.Object java.lang.invoke.DelegatingMethodHandle$Holder.reinvoke_L(java.lang.Object, java.lang.Object, java.lang.Object, java.lang.Object, java.lang.Object, java.lang.Object, java.lang.Object, java.lang.Object, java.lang.Object, java.lang.Object, java.lang.Object, java.lang.Object, java.lang.Object)'> (0x00000007042da4f8) 
thrown [s\src\hotspot\share\interpreter\linkResolver.cpp, line 773]
Event: 357.897 Thread 0x000001f7890ee780 Exception <a 'java/lang/NoSuchMethodError'{0x0000000704070990}: 'void java.lang.invoke.DirectMethodHandle$Holder.invokeStaticInit(java.lang.Object, java.lang.Object)'> (0x0000000704070990) 
thrown [s\src\hotspot\share\interpreter\linkResolver.cpp, line 773]
Event: 358.331 Thread 0x000001f7890ee780 Exception <a 'java/lang/NoSuchMethodError'{0x0000000703c5d148}: 'java.lang.Object java.lang.invoke.DirectMethodHandle$Holder.newInvokeSpecial(java.lang.Object, java.lang.Object, java.lang.Object, java.lang.Object, java.lang.Object, java.lang.Object, java.lang.Object, java.lang.Object, java.lang.Object)'> (0x0000000703c5d148) 
thrown [s\src\hotspot\share\interpreter\linkResolver.cpp, line 773]
Event: 358.694 Thread 0x000001f7890ee780 Exception <a 'java/lang/NoSuchMethodError'{0x0000000703b42470}: 'int java.lang.invoke.DirectMethodHandle$Holder.invokeVirtual(java.lang.Object, java.lang.Object)'> (0x0000000703b42470) 
thrown [s\src\hotspot\share\interpreter\linkResolver.cpp, line 773]
Event: 359.181 Thread 0x000001f7890ee780 Exception <a 'java/lang/NoSuchMethodError'{0x000000070364a6c0}: 'void java.lang.invoke.DirectMethodHandle$Holder.invokeInterface(java.lang.Object, java.lang.Object, java.lang.Object, java.lang.Object, java.lang.Object)'> (0x000000070364a6c0) 
thrown [s\src\hotspot\share\interpreter\linkResolver.cpp, line 773]
Event: 359.199 Thread 0x000001f7890ee780 Exception <a 'java/lang/NoSuchMethodError'{0x0000000703689f10}: 'void java.lang.invoke.DirectMethodHandle$Holder.invokeStatic(java.lang.Object, java.lang.Object, java.lang.Object, java.lang.Object, java.lang.Object, java.lang.Object)'> (0x0000000703689f10) 
thrown [s\src\hotspot\share\interpreter\linkResolver.cpp, line 773]
Event: 361.056 Thread 0x000001f7890ee780 Exception <a 'java/lang/IncompatibleClassChangeError'{0x0000000702ec1260}: Found class java.lang.Object, but interface was expected> (0x0000000702ec1260) 
thrown [s\src\hotspot\share\interpreter\linkResolver.cpp, line 840]
Event: 361.637 Thread 0x000001f7890ee780 Exception <a 'java/lang/NoSuchMethodError'{0x0000000702fd74b0}: 'java.lang.Object java.lang.invoke.DirectMethodHandle$Holder.newInvokeSpecial(java.lang.Object, java.lang.Object, long)'> (0x0000000702fd74b0) 
thrown [s\src\hotspot\share\interpreter\linkResolver.cpp, line 773]
Event: 361.638 Thread 0x000001f7890ee780 Exception <a 'java/lang/NoSuchMethodError'{0x0000000702fdb858}: 'java.lang.Object java.lang.invoke.Invokers$Holder.linkToTargetMethod(java.lang.Object, long, java.lang.Object)'> (0x0000000702fdb858) 
thrown [s\src\hotspot\share\interpreter\linkResolver.cpp, line 773]
Event: 361.640 Thread 0x000001f7890ef4a0 Implicit null exception at 0x000001f733d16501 to 0x000001f733d16b9c
Event: 390.220 Thread 0x000001f7890ee780 Exception <a 'java/lang/NoSuchMethodError'{0x0000000702854a68}: 'int java.lang.invoke.DirectMethodHandle$Holder.invokeInterface(java.lang.Object, java.lang.Object)'> (0x0000000702854a68) 
thrown [s\src\hotspot\share\interpreter\linkResolver.cpp, line 773]
Event: 390.405 Thread 0x000001f7890ee780 Exception <a 'java/lang/NoSuchMethodError'{0x00000007028ded38}: 'java.lang.Object java.lang.invoke.DirectMethodHandle$Holder.invokeVirtual(java.lang.Object, java.lang.Object, int)'> (0x00000007028ded38) 
thrown [s\src\hotspot\share\interpreter\linkResolver.cpp, line 773]
Event: 392.738 Thread 0x000001f7890ee780 Exception <a 'java/lang/NoSuchMethodError'{0x000000070299cc18}: 'java.lang.Object java.lang.invoke.DirectMethodHandle$Holder.invokeStatic(java.lang.Object, java.lang.Object, int, java.lang.Object)'> (0x000000070299cc18) 
thrown [s\src\hotspot\share\interpreter\linkResolver.cpp, line 773]
Event: 392.897 Thread 0x000001f7890ee780 Exception <a 'java/lang/NoSuchMethodError'{0x00000007029a4070}: 'java.lang.Object java.lang.invoke.DirectMethodHandle$Holder.newInvokeSpecial(java.lang.Object, java.lang.Object, int, java.lang.Object)'> (0x00000007029a4070) 
thrown [s\src\hotspot\share\interpreter\linkResolver.cpp, line 773]
Event: 392.995 Thread 0x000001f7890ee780 Exception <a 'java/lang/NoSuchMethodError'{0x00000007029a8808}: 'java.lang.Object java.lang.invoke.DirectMethodHandle$Holder.invokeSpecial(java.lang.Object, java.lang.Object, java.lang.Object, int, java.lang.Object)'> (0x00000007029a8808) 
thrown [s\src\hotspot\share\interpreter\linkResolver.cpp, line 773]

ZGC Phase Switch (0 events):
No events

VM Operations (20 events):
Event: 364.654 Executing safepoint VM operation: Cleanup
Event: 364.654 Executing safepoint VM operation: Cleanup done
Event: 365.661 Executing safepoint VM operation: Cleanup
Event: 365.661 Executing safepoint VM operation: Cleanup done
Event: 375.756 Executing safepoint VM operation: Cleanup
Event: 375.833 Executing safepoint VM operation: Cleanup done
Event: 376.840 Executing safepoint VM operation: Cleanup
Event: 376.840 Executing safepoint VM operation: Cleanup done
Event: 383.874 Executing safepoint VM operation: Cleanup
Event: 383.874 Executing safepoint VM operation: Cleanup done
Event: 385.892 Executing safepoint VM operation: Cleanup
Event: 385.892 Executing safepoint VM operation: Cleanup done
Event: 389.915 Executing safepoint VM operation: Cleanup
Event: 389.915 Executing safepoint VM operation: Cleanup done
Event: 390.927 Executing safepoint VM operation: Cleanup
Event: 390.974 Executing safepoint VM operation: Cleanup done
Event: 391.984 Executing safepoint VM operation: Cleanup
Event: 391.984 Executing safepoint VM operation: Cleanup done
Event: 392.996 Executing safepoint VM operation: Cleanup
Event: 392.997 Executing safepoint VM operation: Cleanup done

Memory protections (0 events):
No events

Nmethod flushes (0 events):
No events

Events (20 events):
Event: 15.591 Thread 0x000001f788085550 Thread added: 0x000001f7880ec140
Event: 15.691 Thread 0x000001f7880ec140 Thread added: 0x000001f7899c9600
Event: 15.967 Thread 0x000001f7880ec140 Thread added: 0x000001f7890fa400
Event: 16.006 Thread 0x000001f7880ec140 Thread added: 0x000001f7890ee780
Event: 16.121 Thread 0x000001f7890ee780 Thread added: 0x000001f7890eda60
Event: 16.129 Thread 0x000001f7890ee780 Thread added: 0x000001f7890f01c0
Event: 16.142 Thread 0x000001f7890ee780 Thread added: 0x000001f7890efb30
Event: 19.881 Thread 0x000001f7890ee780 Thread added: 0x000001f7890ef4a0
Event: 20.801 Thread 0x000001f7890ee780 Thread added: 0x000001f7890f0850
Event: 21.276 Thread 0x000001f7890f0850 Thread added: 0x000001f7890f0ee0
Event: 21.297 Thread 0x000001f7890ee780 Thread added: 0x000001f78a07df00
Event: 82.596 Thread 0x000001f7890f0ee0 Thread exited: 0x000001f7890f0ee0
Event: 184.278 Thread 0x000001f7890f0850 Thread added: 0x000001f78a07c4c0
Event: 245.658 Thread 0x000001f78a07c4c0 Thread exited: 0x000001f78a07c4c0
Event: 326.933 Thread 0x000001f7890f0850 Thread added: 0x000001f78a07c4c0
Event: 352.823 Thread 0x000001f7890ee780 Thread added: 0x000001f78a07ec20
Event: 353.084 Thread 0x000001f7890ee780 Thread added: 0x000001f78a07cb50
Event: 358.646 Thread 0x000001f7890ee780 Thread added: 0x000001f78a07b7a0
Event: 358.690 Thread 0x000001f7890ee780 Thread added: 0x000001f78a07f2b0
Event: 394.774 Thread 0x000001f7890ee780 Thread added: 0x000001f78a07be30


Dynamic libraries:
0x00007ff6aa6f0000 - 0x00007ff6aa6fe000 	C:\Users\NAGARAJU\.antigravity-ide\extensions\redhat.java-1.56.0-win32-x64\jre\21.0.12.1-win32-x86_64\bin\java.exe
0x00007ff8fb240000 - 0x00007ff8fb4a6000 	C:\WINDOWS\SYSTEM32\ntdll.dll
0x00007ff8fa310000 - 0x00007ff8fa3d9000 	C:\WINDOWS\System32\KERNEL32.DLL
0x00007ff8f8530000 - 0x00007ff8f892f000 	C:\WINDOWS\System32\KERNELBASE.dll
0x00007ff8f8e10000 - 0x00007ff8f8f5c000 	C:\WINDOWS\System32\ucrtbase.dll
0x00007ff8e9d90000 - 0x00007ff8e9da8000 	C:\Users\NAGARAJU\.antigravity-ide\extensions\redhat.java-1.56.0-win32-x64\jre\21.0.12.1-win32-x86_64\bin\jli.dll
0x00007ff8f9240000 - 0x00007ff8f9406000 	C:\WINDOWS\System32\USER32.dll
0x00007ff8f8450000 - 0x00007ff8f8477000 	C:\WINDOWS\System32\win32u.dll
0x00007ff8fa2e0000 - 0x00007ff8fa30b000 	C:\WINDOWS\System32\GDI32.dll
0x00007ff8f8ad0000 - 0x00007ff8f8bf9000 	C:\WINDOWS\System32\gdi32full.dll
0x00007ff8f8480000 - 0x00007ff8f8523000 	C:\WINDOWS\System32\msvcp_win.dll
0x00007ff8e1270000 - 0x00007ff8e1501000 	C:\WINDOWS\WinSxS\amd64_microsoft.windows.common-controls_6595b64144ccf1df_6.0.26100.8972_none_3e0da176e32f9d4b\COMCTL32.dll
0x00007ff8fa7b0000 - 0x00007ff8fa859000 	C:\WINDOWS\System32\msvcrt.dll
0x00007ff8f3200000 - 0x00007ff8f321e000 	C:\Users\NAGARAJU\.antigravity-ide\extensions\redhat.java-1.56.0-win32-x64\jre\21.0.12.1-win32-x86_64\bin\VCRUNTIME140.dll
0x00007ff8fb0f0000 - 0x00007ff8fb122000 	C:\WINDOWS\System32\IMM32.DLL
0x00007ff8f31a0000 - 0x00007ff8f31ac000 	C:\Users\NAGARAJU\.antigravity-ide\extensions\redhat.java-1.56.0-win32-x64\jre\21.0.12.1-win32-x86_64\bin\vcruntime140_1.dll
0x00007ff8db580000 - 0x00007ff8db60d000 	C:\Users\NAGARAJU\.antigravity-ide\extensions\redhat.java-1.56.0-win32-x64\jre\21.0.12.1-win32-x86_64\bin\msvcp140.dll
0x00007ff809720000 - 0x00007ff80a4c2000 	C:\Users\NAGARAJU\.antigravity-ide\extensions\redhat.java-1.56.0-win32-x64\jre\21.0.12.1-win32-x86_64\bin\server\jvm.dll
0x00007ff8fb130000 - 0x00007ff8fb1ec000 	C:\WINDOWS\System32\ADVAPI32.dll
0x00007ff8fb040000 - 0x00007ff8fb0ea000 	C:\WINDOWS\System32\sechost.dll
0x00007ff8f8f70000 - 0x00007ff8f9088000 	C:\WINDOWS\System32\RPCRT4.dll
0x00007ff8fa250000 - 0x00007ff8fa2d2000 	C:\WINDOWS\System32\WS2_32.dll
0x00007ff8f82b0000 - 0x00007ff8f830e000 	C:\WINDOWS\SYSTEM32\POWRPROF.dll
0x00007ff8f1dc0000 - 0x00007ff8f1df6000 	C:\WINDOWS\SYSTEM32\WINMM.dll
0x00007ff8f1e00000 - 0x00007ff8f1e0b000 	C:\WINDOWS\SYSTEM32\VERSION.dll
0x00007ff8f8290000 - 0x00007ff8f82a5000 	C:\WINDOWS\SYSTEM32\UMPDC.dll
0x00007ff8f7140000 - 0x00007ff8f715b000 	C:\WINDOWS\SYSTEM32\kernel.appcore.dll
0x00007ff8dcb50000 - 0x00007ff8dcb5a000 	C:\Users\NAGARAJU\.antigravity-ide\extensions\redhat.java-1.56.0-win32-x64\jre\21.0.12.1-win32-x86_64\bin\jimage.dll
0x00007ff8ec240000 - 0x00007ff8ec482000 	C:\WINDOWS\SYSTEM32\DBGHELP.DLL
0x00007ff8f9ec0000 - 0x00007ff8fa245000 	C:\WINDOWS\System32\combase.dll
0x00007ff8fa9f0000 - 0x00007ff8faac9000 	C:\WINDOWS\System32\OLEAUT32.dll
0x00007ff8dc630000 - 0x00007ff8dc66b000 	C:\WINDOWS\SYSTEM32\dbgcore.DLL
0x00007ff8f8cc0000 - 0x00007ff8f8d6c000 	C:\WINDOWS\System32\bcryptPrimitives.dll
0x00007ff8dcb40000 - 0x00007ff8dcb4f000 	C:\Users\NAGARAJU\.antigravity-ide\extensions\redhat.java-1.56.0-win32-x64\jre\21.0.12.1-win32-x86_64\bin\instrument.dll
0x00007ff8dcb00000 - 0x00007ff8dcb20000 	C:\Users\NAGARAJU\.antigravity-ide\extensions\redhat.java-1.56.0-win32-x64\jre\21.0.12.1-win32-x86_64\bin\java.dll
0x00007ff8f9730000 - 0x00007ff8f9eb8000 	C:\WINDOWS\System32\SHELL32.dll
0x00007ff8f5f20000 - 0x00007ff8f67bb000 	C:\WINDOWS\SYSTEM32\windows.storage.dll
0x00007ff8f95d0000 - 0x00007ff8f96c9000 	C:\WINDOWS\System32\SHCORE.dll
0x00007ff8fa690000 - 0x00007ff8fa6f6000 	C:\WINDOWS\System32\shlwapi.dll
0x00007ff8f8370000 - 0x00007ff8f8399000 	C:\WINDOWS\SYSTEM32\profapi.dll
0x00007ff8db620000 - 0x00007ff8db638000 	C:\Users\NAGARAJU\.antigravity-ide\extensions\redhat.java-1.56.0-win32-x64\jre\21.0.12.1-win32-x86_64\bin\zip.dll
0x00007ff8dc0f0000 - 0x00007ff8dc100000 	C:\Users\NAGARAJU\.antigravity-ide\extensions\redhat.java-1.56.0-win32-x64\jre\21.0.12.1-win32-x86_64\bin\net.dll
0x00007ff8ee090000 - 0x00007ff8ee1b8000 	C:\WINDOWS\SYSTEM32\WINHTTP.dll
0x00007ff8f76f0000 - 0x00007ff8f775c000 	C:\WINDOWS\system32\mswsock.dll
0x00007ff8dcb20000 - 0x00007ff8dcb36000 	C:\Users\NAGARAJU\.antigravity-ide\extensions\redhat.java-1.56.0-win32-x64\jre\21.0.12.1-win32-x86_64\bin\nio.dll
0x00007ff8dc120000 - 0x00007ff8dc130000 	C:\Users\NAGARAJU\.antigravity-ide\extensions\redhat.java-1.56.0-win32-x64\jre\21.0.12.1-win32-x86_64\bin\verify.dll
0x00007ff86e570000 - 0x00007ff86e597000 	C:\Users\NAGARAJU\.gradle\native\1def1411415f61bf3af743bc5b6707747c0891f09f0c88961ee8f79bc544acac\windows-amd64\native-platform.dll
0x00007ff8956e0000 - 0x00007ff895758000 	C:\Users\NAGARAJU\.gradle\native\0.2.7\x86_64-windows-gnu\gradle-fileevents.dll
0x00007ff8f3230000 - 0x00007ff8f323a000 	C:\Users\NAGARAJU\.antigravity-ide\extensions\redhat.java-1.56.0-win32-x64\jre\21.0.12.1-win32-x86_64\bin\management.dll
0x00007ff8dc0b0000 - 0x00007ff8dc0bc000 	C:\Users\NAGARAJU\.antigravity-ide\extensions\redhat.java-1.56.0-win32-x64\jre\21.0.12.1-win32-x86_64\bin\management_ext.dll
0x00007ff8fa3e0000 - 0x00007ff8fa3e8000 	C:\WINDOWS\System32\PSAPI.DLL
0x00007ff8f6af0000 - 0x00007ff8f6b23000 	C:\WINDOWS\SYSTEM32\IPHLPAPI.DLL
0x00007ff8f9090000 - 0x00007ff8f909a000 	C:\WINDOWS\System32\NSI.dll
0x00007ff8dc100000 - 0x00007ff8dc109000 	C:\Users\NAGARAJU\.antigravity-ide\extensions\redhat.java-1.56.0-win32-x64\jre\21.0.12.1-win32-x86_64\bin\extnet.dll
0x00007ff8f79e0000 - 0x00007ff8f79fb000 	C:\WINDOWS\SYSTEM32\CRYPTSP.dll
0x00007ff8f70a0000 - 0x00007ff8f70d9000 	C:\WINDOWS\system32\rsaenh.dll
0x00007ff8f77a0000 - 0x00007ff8f77d2000 	C:\WINDOWS\SYSTEM32\USERENV.dll
0x00007ff8f8340000 - 0x00007ff8f836a000 	C:\WINDOWS\SYSTEM32\bcrypt.dll
0x00007ff8f7a00000 - 0x00007ff8f7a0c000 	C:\WINDOWS\SYSTEM32\CRYPTBASE.dll
0x00007ff8dc110000 - 0x00007ff8dc11e000 	C:\Users\NAGARAJU\.antigravity-ide\extensions\redhat.java-1.56.0-win32-x64\jre\21.0.12.1-win32-x86_64\bin\sunmscapi.dll
0x00007ff8f8940000 - 0x00007ff8f8abe000 	C:\WINDOWS\System32\CRYPT32.dll
0x00007ff8f7c20000 - 0x00007ff8f7c50000 	C:\WINDOWS\SYSTEM32\ncrypt.dll
0x00007ff8f7bd0000 - 0x00007ff8f7c0f000 	C:\WINDOWS\SYSTEM32\NTASN1.dll
0x00007ff8c7b30000 - 0x00007ff8c7b38000 	C:\WINDOWS\system32\wshunix.dll

JVMTI agents:
C:\Users\NAGARAJU\.gradle\wrapper\dists\gradle-8.14.1-bin\baw1sv0jfoi8rxs14qo3h49cs\gradle-8.14.1\lib\agents\gradle-instrumentation-agent-8.14.1.jar path:C:\Users\NAGARAJU\.antigravity-ide\extensions\redhat.java-1.56.0-win32-x64\jre\21.0.12.1-win32-x86_64\bin\instrument.dll, loaded, initialized, instrumentlib options:none

dbghelp: loaded successfully - version: 4.0.5 - missing functions: none
symbol engine: initialized successfully - sym options: 0x614 - pdb path: .;C:\Users\NAGARAJU\.antigravity-ide\extensions\redhat.java-1.56.0-win32-x64\jre\21.0.12.1-win32-x86_64\bin;C:\WINDOWS\SYSTEM32;C:\WINDOWS\WinSxS\amd64_microsoft.windows.common-controls_6595b64144ccf1df_6.0.26100.8972_none_3e0da176e32f9d4b;C:\Users\NAGARAJU\.antigravity-ide\extensions\redhat.java-1.56.0-win32-x64\jre\21.0.12.1-win32-x86_64\bin\server;C:\Users\NAGARAJU\.gradle\native\1def1411415f61bf3af743bc5b6707747c0891f09f0c88961ee8f79bc544acac\windows-amd64;C:\Users\NAGARAJU\.gradle\native\0.2.7\x86_64-windows-gnu

VM Arguments:
jvm_args: --add-opens=java.base/java.lang=ALL-UNNAMED --add-opens=java.base/java.lang.invoke=ALL-UNNAMED --add-opens=java.base/java.util=ALL-UNNAMED --add-opens=java.prefs/java.util.prefs=ALL-UNNAMED --add-exports=jdk.compiler/com.sun.tools.javac.api=ALL-UNNAMED --add-exports=jdk.compiler/com.sun.tools.javac.util=ALL-UNNAMED --add-opens=java.base/java.util=ALL-UNNAMED --add-opens=java.prefs/java.util.prefs=ALL-UNNAMED --add-opens=java.base/java.nio.charset=ALL-UNNAMED --add-opens=java.base/java.net=ALL-UNNAMED --add-opens=java.base/java.util.concurrent.atomic=ALL-UNNAMED --add-opens=java.xml/javax.xml.namespace=ALL-UNNAMED -Xmx4096m -Dfile.encoding=UTF-8 -Duser.country=IN -Duser.language=en -Duser.variant -javaagent:C:\Users\NAGARAJU\.gradle\wrapper\dists\gradle-8.14.1-bin\baw1sv0jfoi8rxs14qo3h49cs\gradle-8.14.1\lib\agents\gradle-instrumentation-agent-8.14.1.jar 
java_command: org.gradle.launcher.daemon.bootstrap.GradleDaemon 8.14.1
java_class_path (initial): C:\Users\NAGARAJU\.gradle\wrapper\dists\gradle-8.14.1-bin\baw1sv0jfoi8rxs14qo3h49cs\gradle-8.14.1\lib\gradle-daemon-main-8.14.1.jar
Launcher Type: SUN_STANDARD

[Global flags]
     intx CICompilerCount                          = 4                                         {product} {ergonomic}
     uint ConcGCThreads                            = 2                                         {product} {ergonomic}
     uint G1ConcRefinementThreads                  = 8                                         {product} {ergonomic}
   size_t G1HeapRegionSize                         = 2097152                                   {product} {ergonomic}
    uintx GCDrainStackTargetSize                   = 64                                        {product} {ergonomic}
   size_t InitialHeapSize                          = 123731968                                 {product} {ergonomic}
   size_t MarkStackSize                            = 4194304                                   {product} {ergonomic}
   size_t MaxHeapSize                              = 4294967296                                {product} {command line}
   size_t MaxNewSize                               = 2575302656                                {product} {ergonomic}
   size_t MinHeapDeltaBytes                        = 2097152                                   {product} {ergonomic}
   size_t MinHeapSize                              = 8388608                                   {product} {ergonomic}
    uintx NonNMethodCodeHeapSize                   = 5839372                                {pd product} {ergonomic}
    uintx NonProfiledCodeHeapSize                  = 122909434                              {pd product} {ergonomic}
    uintx ProfiledCodeHeapSize                     = 122909434                              {pd product} {ergonomic}
    uintx ReservedCodeCacheSize                    = 251658240                              {pd product} {ergonomic}
     bool SegmentedCodeCache                       = true                                      {product} {ergonomic}
   size_t SoftMaxHeapSize                          = 4294967296                             {manageable} {ergonomic}
     bool UseCompressedOops                        = true                           {product lp64_product} {ergonomic}
     bool UseG1GC                                  = true                                      {product} {ergonomic}
     bool UseLargePagesIndividualAllocation        = false                                  {pd product} {ergonomic}

Logging:
Log output configuration:
 #0: stdout all=warning uptime,level,tags foldmultilines=false
 #1: stderr all=off uptime,level,tags foldmultilines=false

Release file:
JAVA_VERSION="21.0.12.1" 
MODULES="java.base java.compiler java.datatransfer java.xml java.prefs java.desktop java.instrument java.logging java.management java.security.sasl java.naming java.rmi java.management.rmi java.net.http java.scripting java.security.jgss java.transaction.xa java.sql java.sql.rowset java.xml.crypto java.se java.smartcardio jdk.accessibility jdk.internal.jvmstat jdk.attach jdk.charsets jdk.internal.opt jdk.zipfs jdk.compiler jdk.crypto.ec jdk.crypto.cryptoki jdk.crypto.mscapi jdk.dynalink jdk.internal.ed jdk.editpad jdk.hotspot.agent jdk.httpserver jdk.internal.le jdk.internal.vm.ci jdk.internal.vm.compiler jdk.internal.vm.compiler.management jdk.jartool jdk.javadoc jdk.jcmd jdk.management jdk.management.agent jdk.jconsole jdk.jdeps jdk.jdwp.agent jdk.jdi jdk.jfr jdk.jshell jdk.jsobject jdk.jstatd jdk.localedata jdk.management.jfr jdk.naming.dns jdk.naming.rmi jdk.net jdk.nio.mapmode jdk.random jdk.sctp jdk.security.auth jdk.security.jgss jdk.unsupported jdk.unsupported.desktop jdk.xml.dom" 

Environment Variables:
JAVA_HOME=C:\Program Files\Eclipse Adoptium\jdk-21.0.11.10-hotspot
PATH=C:\Program Files\Eclipse Adoptium\jdk-21.0.11.10-hotspot\bin;C:\Program Files\Eclipse Adoptium\jdk-11.0.26.4-hotspot\bin;C:\Program Files\Eclipse Adoptium\jdk-17.0.14.7-hotspot\bin;C:\Program Files\Java\jdk-17\bin;C:\Program Files\nodejs;E:\Android\Sdk\platform-tools;E:\Android\Sdk\emulator;E:\Android\Sdk\cmdline-tools\latest\bin;C:\Users\NAGARAJU\AppData\Local\Android\Sdk\platform-tools;C:\Users\NAGARAJU\AppData\Local\Android\Sdk\emulator;C:\Users\NAGARAJU\AppData\Local\Android\Sdk\cmdline-tools\latest\bin;C:\Program Files\Eclipse Adoptium\jdk-21.0.11.10-hotspot\bin;C:\Program Files\Eclipse Adoptium\jdk-11.0.26.4-hotspot\bin;C:\Program Files\Eclipse Adoptium\jdk-17.0.14.7-hotspot\bin;C:\Program Files\Java\jdk-17\bin;C:\Program Files\nodejs;E:\Android\Sdk\platform-tools;E:\Android\Sdk\emulator;E:\Android\Sdk\cmdline-tools\latest\bin;C:\Users\NAGARAJU\AppData\Local\Android\Sdk\platform-tools;C:\Users\NAGARAJU\AppData\Local\Android\Sdk\emulator;C:\Users\NAGARAJU\AppData\Local\Android\Sdk\cmdline-tools\latest\bin;C:\Program Files\Eclipse Adoptium\jdk-21.0.11.10-hotspot\bin;C:\Program Files\Eclipse Adoptium\jdk-11.0.26.4-hotspot\bin;C:\Program Files\Eclipse Adoptium\jdk-17.0.14.7-hotspot\bin;C:\Program Files\Java\jdk-17\bin;C:\Program Files\nodejs;E:\Android\Sdk\platform-tools;E:\Android\Sdk\emulator;E:\Android\Sdk\cmdline-tools\latest\bin;C:\Users\NAGARAJU\AppData\Local\Android\Sdk\platform-tools;C:\Users\NAGARAJU\AppData\Local\Android\Sdk\emulator;C:\Users\NAGARAJU\AppData\Local\Android\Sdk\cmdline-tools\latest\bin;C:\WINDOWS\System32;C:\ProgramData\chocolatey\bin;C:\Program Files\nodejs\;C:\Program Files\Git\cmd;C:\Windows\System32;C:\Windows\System32\WindowsPowerShell\v1.0;C:\Windows\System32\OpenSSH;C:\Windows\System32\WindowsPowerShell\v1.0\;C:\Users\NAGARAJU\Downloads\stripe_1.30.0_windows_x86_64;C:\WINDOWS\system32;C:\WINDOWS;C:\WINDOWS\System32\Wbem;C:\WINDOWS\System32\WindowsPowerShell\v1.0\;C:\WINDOWS\System32\OpenSSH\;C:\ProgramData\chocolatey\bin;C:\Program Files\nodejs\;C:\Program Files\Git\cmd;C:\Windows\System32;C:\Windows\System32\WindowsPowerShell\v1.0;C:\Windows\System32\OpenSSH;C:\Windows\System32\WindowsPowerShell\v1.0\;C:\Users\NAGARAJU\Downloads\stripe_1.30.0_windows_x86_64;C:\WINDOWS\system32;C:\WINDOWS;C:\WINDOWS\System32\Wbem;C:\WINDOWS\System32\WindowsPowerShell\v1.0\;C:\WINDOWS\System32\OpenSSH\;C:\ProgramData\chocolatey\bin;C:\Program Files\nodejs\;C:\Program Files\Git\cmd;C:\Windows\System32;C:\Windows\System32\WindowsPowerShell\v1.0;C:\Windows\System32\OpenSSH;C:\Windows\System32\WindowsPowerShell\v1.0\;C:\Users\NAGARAJU\Downloads\stripe_1.30.0_windows_x86_64;C:\WINDOWS\system32;C:\WINDOWS;C:\WINDOWS\System32\Wbem;C:\WINDOWS\System32\WindowsPowerShell\v1.0\;C:\WINDOWS\System32\OpenSSH\;C:\Program Files\Eclipse Adoptium\jdk-21.0.11.10-hotspot\bin;C:\Program Files\Eclipse Adoptium\jdk-11.0.26.4-hotspot\bin;C:\Program Files\Eclipse Adoptium\jdk-17.0.14.7-hotspot\bin;C:\Program Files\Java\jdk-17\bin;C:\Program Files\nodejs;E:\Android\Sdk\platform-tools;E:\Android\Sdk\emulator;E:\Android\Sdk\cmdline-tools\latest\bin;C:\Users\NAGARAJU\AppData\Local\Android\Sdk\platform-tools;C:\Users\NAGARAJU\AppData\Local\Android\Sdk\emulator;C:\Users\NAGARAJU\AppData\Local\Android\Sdk\cmdline-tools\latest\bin;C:\Program Files\Eclipse Adoptium\jdk-21.0.11.10-hotspot\bin;C:\Program Files\Eclipse Adoptium\jdk-11.0.26.4-hotspot\bin;C:\Program Files\Eclipse Adoptium\jdk-17.0.14.7-hotspot\bin;C:\Program Files\Java\jdk-17\bin;C:\Program Files\nodejs;E:\Android\Sdk\platform-tools;E:\Android\Sdk\emulator;E:\Android\Sdk\cmdline-tools\latest\bin;C:\Users\NAGARAJU\AppData\Local\Android\Sdk\platform-tools;C:\Users\NAGARAJU\AppData\Local\Android\Sdk\emulator;C:\Users\NAGARAJU\AppData\Local\Android\Sdk\cmdline-tools\latest\bin;C:\Program Files\Eclipse Adoptium\jdk-21.0.11.10-hotspot\bin;C:\Program Files\Eclipse Adoptium\jdk-11.0.26.4-hotspot\bin;C:\Program Files\Eclipse Adoptium\jdk-17.0.14.7-hotspot\bin;C:\Program Files\Java\jdk-17\bin;C:\Program Files\nodejs;E:\Android\Sdk\platform-tools;E:\Android\Sdk\emulator;E:\Android\Sdk\cmdline-tools\latest\bin;C:\Users\NAGARAJU\AppData\Local\Android\Sdk\platform-tools;C:\Users\NAGARAJU\AppData\Local\Android\Sdk\emulator;C:\Users\NAGARAJU\AppData\Local\Android\Sdk\cmdline-tools\latest\bin;C:\WINDOWS\System32;C:\ProgramData\chocolatey\bin;C:\Program Files\nodejs\;C:\Program Files\Git\cmd;C:\Windows\System32;C:\Windows\System32\WindowsPowerShell\v1.0;C:\Windows\System32\OpenSSH;C:\Windows\System32\WindowsPowerShell\v1.0\;C:\Users\NAGARAJU\Downloads\stripe_1.30.0_windows_x86_64;C:\WINDOWS\system32;C:\WINDOWS;C:\WINDOWS\System32\Wbem;C:\WINDOWS\System32\WindowsPowerShell\v1.0\;C:\WINDOWS\System32\OpenSSH\;C:\ProgramData\chocolatey\bin;C:\Program Files\nodejs\;C:\Program Files\Git\cmd;C:\Windows\System32;C:\Windows\System32\WindowsPowerShell\v1.0;C:\Windows\System32\OpenSSH;C:\Windows\System32\WindowsPowerShell\v1.0\;C:\Users\NAGARAJU\Downloads\stripe_1.30.0_windows_x86_64;C:\WINDOWS\system32;C:\WINDOWS;C:\WINDOWS\System32\Wbem;C:\WINDOWS\System32\WindowsPowerShell\v1.0\;C:\WINDOWS\System32\OpenSSH\;C:\ProgramData\chocolatey\bin;C:\Program Files\nodejs\;C:\Program Files\Git\cmd;C:\Windows\System32;C:\Windows\System32\WindowsPowerShell\v1.0;C:\Windows\System32\OpenSSH;C:\Windows\System32\WindowsPowerShell\v1.0\;C:\Users\NAGARAJU\Downloads\stripe_1.30.0_windows_x86_64;C:\WINDOWS\system32;C:\WINDOWS;C:\WINDOWS\System32\Wbem;C:\WINDOWS\System32\WindowsPowerShell\v1.0\;C:\WINDOWS\System32\OpenSSH\;C:\Users\NAGARAJU\AppData\Local\Android\Sdk\platform-tools;C:\Users\NAGARAJU\AppData\Local\Android\Sdk\cmdline-tools\latest\bin;C:\Users\NAGARAJU\AppData\Roaming\npm;C:\Users\NAGARAJU\AppData\Local\Programs\Microsoft VS Code\bin;C:\Users\NAGARAJU\AppData\Local\Programs\Antigravity IDE\bin;C:\Users\NAGARAJU\AppData\Local\Microsoft\WindowsApps;C:\Users\NAGARAJU\AppData\Local\Kingsoft\WPS Office\12.1.0.27458\clitool
USERNAME=NAGARAJU
OS=Windows_NT
PROCESSOR_IDENTIFIER=AMD64 Family 23 Model 104 Stepping 1, AuthenticAMD
TMP=C:\Users\NAGARAJU\AppData\Local\Temp
TEMP=C:\Users\NAGARAJU\AppData\Local\Temp




Periodic native trim disabled

---------------  S Y S T E M  ---------------

OS:
 Windows 11 , 64 bit Build 26100 (10.0.26100.9168)
OS uptime: 0 days 0:33 hours

CPU: total 8 (initial active 8) (8 cores per cpu, 2 threads per core) family 23 model 104 stepping 1 microcode 0x8608109, cx8, cmov, fxsr, ht, mmx, 3dnowpref, sse, sse2, sse3, ssse3, sse4a, sse4.1, sse4.2, popcnt, lzcnt, tsc, tscinvbit, avx, avx2, aes, clmul, bmi1, bmi2, adx, sha, fma, vzeroupper, clflush, clflushopt, rdtscp, rdpid, f16c
Processor Information for the first 8 processors :
  Max Mhz: 2600, Current Mhz: 2600, Mhz Limit: 2600

Memory: 4k page, system-wide physical 7502M (279M free)
TotalPageFile size 40270M (AvailPageFile size 28M)
current process WorkingSet (physical memory assigned to process): 67M, peak: 188M
current process commit charge ("private bytes"): 239M, peak: 276M

vm_info: OpenJDK 64-Bit Server VM (21.0.12.1+1-LTS) for windows-amd64 JRE (21.0.12.1+1-LTS), built on 2026-08-18T00:00:00Z by "admin" with MS VC++ 17.12 (VS2022)

END.
