#
# There is insufficient memory for the Java Runtime Environment to continue.
# Native memory allocation (malloc) failed to allocate 596128 bytes. Error detail: Chunk::new
# Possible reasons:
#   The system is out of physical RAM or swap space
#   This process is running with CompressedOops enabled, and the Java Heap may be blocking the growth of the native heap
# Possible solutions:
#   Reduce memory load on the system
#   Increase physical memory or swap space
#   Check if swap backing store is full
#   Decrease Java heap size (-Xmx/-Xms)
#   Decrease number of Java threads
#   Decrease Java thread stack sizes (-Xss)
#   Set larger code cache with -XX:ReservedCodeCacheSize=
#   JVM is running with Unscaled Compressed Oops mode in which the Java heap is
#     placed in the first 4GB address space. The Java Heap base address is the
#     maximum limit for the native heap growth. Please use -XX:HeapBaseMinAddress
#     to set the Java Heap base and to place the Java Heap above 4GB virtual address.
# This output file may be truncated or incomplete.
#
#  Out of Memory Error (arena.cpp:168), pid=20048, tid=5400
#
# JRE version: OpenJDK Runtime Environment Temurin-21.0.9+10 (21.0.9+10) (build 21.0.9+10-LTS)
# Java VM: OpenJDK 64-Bit Server VM Temurin-21.0.9+10 (21.0.9+10-LTS, mixed mode, sharing, tiered, compressed oops, compressed class ptrs, parallel gc, windows-amd64)
# No core dump will be written. Minidumps are not enabled by default on client versions of Windows
#

---------------  S U M M A R Y ------------

Command Line: --add-modules=ALL-SYSTEM --add-opens=java.base/java.util=ALL-UNNAMED --add-opens=java.base/java.lang=ALL-UNNAMED --add-opens=java.base/sun.nio.fs=ALL-UNNAMED -Declipse.application=org.eclipse.jdt.ls.core.id1 -Dosgi.bundles.defaultStartLevel=4 -Declipse.product=org.eclipse.jdt.ls.core.product -Djava.import.generatesMetadataFilesAtProjectRoot=false -DDetectVMInstallationsJob.disabled=true -Dfile.encoding=utf8 -XX:+UseParallelGC -XX:GCTimeRatio=4 -XX:AdaptiveSizePolicyWeight=90 -Dsun.zip.disableMemoryMapping=true -Xmx2G -Xms100m -Xlog:disable -javaagent:c:\Users\NAGARAJU\.vscode\extensions\redhat.java-1.51.0-win32-x64\lombok\lombok-1.18.39-4050.jar -XX:+HeapDumpOnOutOfMemoryError -XX:HeapDumpPath=c:\Users\NAGARAJU\AppData\Roaming\Code\User\workspaceStorage\a678f10e9dfb1fe659294f81c59f0ef5\redhat.java -Daether.dependencyCollector.impl=bf c:\Users\NAGARAJU\.vscode\extensions\redhat.java-1.51.0-win32-x64\server\plugins\org.eclipse.equinox.launcher_1.7.100.v20251111-0406.jar -configuration c:\Users\NAGARAJU\AppData\Roaming\Code\User\globalStorage\redhat.java\1.51.0\config_win -data c:\Users\NAGARAJU\AppData\Roaming\Code\User\workspaceStorage\a678f10e9dfb1fe659294f81c59f0ef5\redhat.java\jdt_ws --pipe=\\.\pipe\lsp-6cdb3803f162d9ff8c12f6e72741d32c-sock

Host: AMD Ryzen 3 5300U with Radeon Graphics         , 8 cores, 7G,  Windows 11 , 64 bit Build 22621 (10.0.22621.5415)
Time: Mon Jun  1 20:19:11 2026 India Standard Time elapsed time: 1.466515 seconds (0d 0h 0m 1s)

---------------  T H R E A D  ---------------

Current thread (0x0000023fe8c45210):  JavaThread "C2 CompilerThread0" daemon [_thread_in_native, id=5400, stack(0x0000004aba900000,0x0000004abaa00000) (1024K)]


Current CompileTask:
C2:1466 1047   !   4       java.util.jar.Attributes::read (494 bytes)

Stack: [0x0000004aba900000,0x0000004abaa00000]
Native frames: (J=compiled Java code, j=interpreted, Vv=VM code, C=native code)
V  [jvm.dll+0x6d6e29]
V  [jvm.dll+0x8b4b76]
V  [jvm.dll+0x8b712e]
V  [jvm.dll+0x8b7813]
V  [jvm.dll+0x283d86]
V  [jvm.dll+0xc66ed]
V  [jvm.dll+0xc6c31]
V  [jvm.dll+0x3be53b]
V  [jvm.dll+0x38ab92]
V  [jvm.dll+0x389fda]
V  [jvm.dll+0x24bfa0]
V  [jvm.dll+0x24b580]
V  [jvm.dll+0x1cb13e]
V  [jvm.dll+0x25b29d]
V  [jvm.dll+0x25982a]
V  [jvm.dll+0x3f7ea6]
V  [jvm.dll+0x85e9ad]
V  [jvm.dll+0x6d565d]
C  [ucrtbase.dll+0x29333]
C  [KERNEL32.DLL+0x1259d]
C  [ntdll.dll+0x5af78]


---------------  P R O C E S S  ---------------

Threads class SMR info:
_java_thread_list=0x0000023fea97d610, length=11, elements={
0x0000023fd02b8bc0, 0x0000023fe8c3b920, 0x0000023fd036e170, 0x0000023fe8c3d440,
0x0000023fe8c3e3f0, 0x0000023fe8c3fd80, 0x0000023fe8c419e0, 0x0000023fe8c45210,
0x0000023fe8c500e0, 0x0000023fea857010, 0x0000023fea971dd0
}

Java Threads: ( => current thread )
  0x0000023fd02b8bc0 JavaThread "main"                              [_thread_in_native, id=25660, stack(0x0000004ab9f00000,0x0000004aba000000) (1024K)]
  0x0000023fe8c3b920 JavaThread "Reference Handler"          daemon [_thread_blocked, id=28780, stack(0x0000004aba300000,0x0000004aba400000) (1024K)]
  0x0000023fd036e170 JavaThread "Finalizer"                  daemon [_thread_blocked, id=25716, stack(0x0000004aba400000,0x0000004aba500000) (1024K)]
  0x0000023fe8c3d440 JavaThread "Signal Dispatcher"          daemon [_thread_blocked, id=7252, stack(0x0000004aba500000,0x0000004aba600000) (1024K)]
  0x0000023fe8c3e3f0 JavaThread "Attach Listener"            daemon [_thread_blocked, id=29724, stack(0x0000004aba600000,0x0000004aba700000) (1024K)]
  0x0000023fe8c3fd80 JavaThread "Service Thread"             daemon [_thread_blocked, id=28428, stack(0x0000004aba700000,0x0000004aba800000) (1024K)]
  0x0000023fe8c419e0 JavaThread "Monitor Deflation Thread"   daemon [_thread_blocked, id=29104, stack(0x0000004aba800000,0x0000004aba900000) (1024K)]
=>0x0000023fe8c45210 JavaThread "C2 CompilerThread0"         daemon [_thread_in_native, id=5400, stack(0x0000004aba900000,0x0000004abaa00000) (1024K)]
  0x0000023fe8c500e0 JavaThread "C1 CompilerThread0"         daemon [_thread_blocked, id=26888, stack(0x0000004abaa00000,0x0000004abab00000) (1024K)]
  0x0000023fea857010 JavaThread "Common-Cleaner"             daemon [_thread_blocked, id=30452, stack(0x0000004abab00000,0x0000004abac00000) (1024K)]
  0x0000023fea971dd0 JavaThread "Notification Thread"        daemon [_thread_blocked, id=8840, stack(0x0000004abac00000,0x0000004abad00000) (1024K)]
Total: 11

Other Threads:
  0x0000023fd035a480 VMThread "VM Thread"                           [id=1784, stack(0x0000004aba200000,0x0000004aba300000) (1024K)]
  0x0000023fe8b4ca10 WatcherThread "VM Periodic Task Thread"        [id=3528, stack(0x0000004aba100000,0x0000004aba200000) (1024K)]
  0x0000023fd02d6dc0 WorkerThread "GC Thread#0"                     [id=22848, stack(0x0000004aba000000,0x0000004aba100000) (1024K)]
  0x0000023fef135d10 WorkerThread "GC Thread#1"                     [id=21628, stack(0x0000004abad00000,0x0000004abae00000) (1024K)]
  0x0000023fef382550 WorkerThread "GC Thread#2"                     [id=10564, stack(0x0000004abae00000,0x0000004abaf00000) (1024K)]
  0x0000023fef0ee110 WorkerThread "GC Thread#3"                     [id=12172, stack(0x0000004abaf00000,0x0000004abb000000) (1024K)]
  0x0000023fef0ee4b0 WorkerThread "GC Thread#4"                     [id=12540, stack(0x0000004abb000000,0x0000004abb100000) (1024K)]
  0x0000023fef0ee850 WorkerThread "GC Thread#5"                     [id=26132, stack(0x0000004abb100000,0x0000004abb200000) (1024K)]
  0x0000023fef0eebf0 WorkerThread "GC Thread#6"                     [id=24892, stack(0x0000004abb200000,0x0000004abb300000) (1024K)]
Total: 9

Threads with active compile tasks:
C2 CompilerThread0  1524 1047   !   4       java.util.jar.Attributes::read (494 bytes)
Total: 1

VM state: not at safepoint (normal execution)

VM Mutex/Monitor currently owned by a thread: None

Heap address: 0x0000000080000000, size: 2048 MB, Compressed Oops mode: 32-bit

CDS archive(s) mapped at: [0x0000023f80000000-0x0000023f80ba0000-0x0000023f80ba0000), size 12189696, SharedBaseAddress: 0x0000023f80000000, ArchiveRelocationMode: 1.
Compressed class space mapped at: 0x0000023f81000000-0x0000023fc1000000, reserved size: 1073741824
Narrow klass base: 0x0000023f80000000, Narrow klass shift: 0, Narrow klass range: 0x100000000

GC Precious Log:
 CardTable entry size: 512
 CPUs: 8 total, 8 available
 Memory: 7502M
 Large Page Support: Disabled
 NUMA Support: Disabled
 Compressed Oops: Enabled (32-bit)
 Alignments: Space 512K, Generation 512K, Heap 2M
 Heap Min Capacity: 100M
 Heap Initial Capacity: 100M
 Heap Max Capacity: 2G
 Pre-touch: Disabled
 Parallel Workers: 8

Heap:
 PSYoungGen      total 29696K, used 3804K [0x00000000d5580000, 0x00000000d7680000, 0x0000000100000000)
  eden space 25600K, 1% used [0x00000000d5580000,0x00000000d55fd2e8,0x00000000d6e80000)
  from space 4096K, 80% used [0x00000000d6e80000,0x00000000d71b9e98,0x00000000d7280000)
  to   space 4096K, 0% used [0x00000000d7280000,0x00000000d7280000,0x00000000d7680000)
 ParOldGen       total 68608K, used 16K [0x0000000080000000, 0x0000000084300000, 0x00000000d5580000)
  object space 68608K, 0% used [0x0000000080000000,0x0000000080004000,0x0000000084300000)
 Metaspace       used 4424K, committed 4736K, reserved 1114112K
  class space    used 477K, committed 640K, reserved 1048576K

Card table byte_map: [0x0000023fe3f80000,0x0000023fe4390000] _byte_map_base: 0x0000023fe3b80000

Marking Bits: (ParMarkBitMap*) 0x00007ff848602460
 Begin Bits: [0x0000023fe4640000, 0x0000023fe6640000)
 End Bits:   [0x0000023fe6640000, 0x0000023fe8640000)

Polling page: 0x0000023fd4d70000

Metaspace:

Usage:
  Non-class:      3.85 MB used.
      Class:    477.84 KB used.
       Both:      4.32 MB used.

Virtual space:
  Non-class space:       64.00 MB reserved,       4.00 MB (  6%) committed,  1 nodes.
      Class space:        1.00 GB reserved,     640.00 KB ( <1%) committed,  1 nodes.
             Both:        1.06 GB reserved,       4.62 MB ( <1%) committed. 

Chunk freelists:
   Non-Class:  11.09 MB
       Class:  15.42 MB
        Both:  26.52 MB

MaxMetaspaceSize: unlimited
CompressedClassSpaceSize: 1.00 GB
Initial GC threshold: 21.00 MB
Current GC threshold: 21.00 MB
CDS: on
 - commit_granule_bytes: 65536.
 - commit_granule_words: 8192.
 - virtual_space_node_default_size: 8388608.
 - enlarge_chunks_in_place: 1.
 - use_allocation_guard: 0.


Internal statistics:

num_allocs_failed_limit: 0.
num_arena_births: 184.
num_arena_deaths: 0.
num_vsnodes_births: 2.
num_vsnodes_deaths: 0.
num_space_committed: 74.
num_space_uncommitted: 0.
num_chunks_returned_to_freelist: 0.
num_chunks_taken_from_freelist: 255.
num_chunk_merges: 0.
num_chunk_splits: 163.
num_chunks_enlarged: 93.
num_inconsistent_stats: 0.

CodeHeap 'non-profiled nmethods': size=120000Kb used=379Kb max_used=379Kb free=119620Kb
 bounds [0x0000023fdc860000, 0x0000023fdcad0000, 0x0000023fe3d90000]
CodeHeap 'profiled nmethods': size=120000Kb used=1780Kb max_used=1780Kb free=118219Kb
 bounds [0x0000023fd4d90000, 0x0000023fd5000000, 0x0000023fdc2c0000]
CodeHeap 'non-nmethods': size=5760Kb used=1194Kb max_used=1206Kb free=4565Kb
 bounds [0x0000023fdc2c0000, 0x0000023fdc530000, 0x0000023fdc860000]
CodeCache: size=245760Kb, used=3353Kb, max_used=3365Kb, free=242404Kb
 total_blobs=1544, nmethods=1089, adapters=362, full_count=0
Compilation: enabled, stopped_count=0, restarted_count=0

Compilation events (20 events):
Event: 1.444 Thread 0x0000023fe8c500e0 1079       3       org.eclipse.osgi.internal.util.Tokenizer::skipWhiteSpace (58 bytes)
Event: 1.444 Thread 0x0000023fe8c500e0 nmethod 1079 0x0000023fd4f46f10 code [0x0000023fd4f470c0, 0x0000023fd4f47370]
Event: 1.445 Thread 0x0000023fe8c500e0 1080       1       java.util.concurrent.locks.AbstractOwnableSynchronizer::setExclusiveOwnerThread (6 bytes)
Event: 1.445 Thread 0x0000023fe8c500e0 nmethod 1080 0x0000023fdc8bdb90 code [0x0000023fdc8bdd20, 0x0000023fdc8bde00]
Event: 1.446 Thread 0x0000023fe8c500e0 1081       3       java.util.AbstractCollection::addAll (42 bytes)
Event: 1.446 Thread 0x0000023fe8c500e0 nmethod 1081 0x0000023fd4f47490 code [0x0000023fd4f47680, 0x0000023fd4f47ba0]
Event: 1.447 Thread 0x0000023fe8c500e0 1082       3       java.lang.StringLatin1::inflate (34 bytes)
Event: 1.447 Thread 0x0000023fe8c500e0 nmethod 1082 0x0000023fd4f47d10 code [0x0000023fd4f47ec0, 0x0000023fd4f480c0]
Event: 1.449 Thread 0x0000023fe8c500e0 1083   !   3       jdk.internal.loader.BuiltinClassLoader::loadClassOrNull (143 bytes)
Event: 1.450 Thread 0x0000023fe8c500e0 nmethod 1083 0x0000023fd4f48210 code [0x0000023fd4f484e0, 0x0000023fd4f49400]
Event: 1.450 Thread 0x0000023fe8c500e0 1084       3       java.lang.Object::toString (36 bytes)
Event: 1.451 Thread 0x0000023fe8c500e0 nmethod 1084 0x0000023fd4f49a90 code [0x0000023fd4f49d00, 0x0000023fd4f4a4e8]
Event: 1.451 Thread 0x0000023fe8c500e0 1085       1       java.lang.Boolean::booleanValue (5 bytes)
Event: 1.451 Thread 0x0000023fe8c500e0 nmethod 1085 0x0000023fdc8bde90 code [0x0000023fdc8be020, 0x0000023fdc8be0f0]
Event: 1.451 Thread 0x0000023fe8c500e0 1086       3       java.util.ArrayDeque::elementAt (4 bytes)
Event: 1.452 Thread 0x0000023fe8c500e0 nmethod 1086 0x0000023fd4f4a810 code [0x0000023fd4f4a9a0, 0x0000023fd4f4aab8]
Event: 1.453 Thread 0x0000023fe8c500e0 1087       3       jdk.internal.loader.BuiltinClassLoader::loadClass (22 bytes)
Event: 1.453 Thread 0x0000023fe8c500e0 nmethod 1087 0x0000023fd4f4ab90 code [0x0000023fd4f4ad60, 0x0000023fd4f4b018]
Event: 1.456 Thread 0x0000023fe8c500e0 1088       3       java.util.ArrayDeque::pollFirst (36 bytes)
Event: 1.457 Thread 0x0000023fe8c500e0 nmethod 1088 0x0000023fd4f4b110 code [0x0000023fd4f4b2e0, 0x0000023fd4f4b690]

GC Heap History (0 events):
No events

Dll operation events (8 events):
Event: 0.057 Loaded shared library c:\Users\NAGARAJU\.vscode\extensions\redhat.java-1.51.0-win32-x64\jre\21.0.9-win32-x86_64\bin\java.dll
Event: 0.221 Loaded shared library c:\Users\NAGARAJU\.vscode\extensions\redhat.java-1.51.0-win32-x64\jre\21.0.9-win32-x86_64\bin\zip.dll
Event: 0.261 Loaded shared library C:\Users\NAGARAJU\.vscode\extensions\redhat.java-1.51.0-win32-x64\jre\21.0.9-win32-x86_64\bin\instrument.dll
Event: 0.309 Loaded shared library C:\Users\NAGARAJU\.vscode\extensions\redhat.java-1.51.0-win32-x64\jre\21.0.9-win32-x86_64\bin\net.dll
Event: 0.313 Loaded shared library C:\Users\NAGARAJU\.vscode\extensions\redhat.java-1.51.0-win32-x64\jre\21.0.9-win32-x86_64\bin\nio.dll
Event: 0.321 Loaded shared library C:\Users\NAGARAJU\.vscode\extensions\redhat.java-1.51.0-win32-x64\jre\21.0.9-win32-x86_64\bin\zip.dll
Event: 0.355 Loaded shared library C:\Users\NAGARAJU\.vscode\extensions\redhat.java-1.51.0-win32-x64\jre\21.0.9-win32-x86_64\bin\jimage.dll
Event: 0.580 Loaded shared library c:\Users\NAGARAJU\.vscode\extensions\redhat.java-1.51.0-win32-x64\jre\21.0.9-win32-x86_64\bin\verify.dll

Deoptimization events (20 events):
Event: 1.403 Thread 0x0000023fd02b8bc0 DEOPT PACKING pc=0x0000023fd4f0abb1 sp=0x0000004ab9ffe220
Event: 1.404 Thread 0x0000023fd02b8bc0 DEOPT UNPACKING pc=0x0000023fdc314242 sp=0x0000004ab9ffd698 mode 0
Event: 1.404 Thread 0x0000023fd02b8bc0 DEOPT PACKING pc=0x0000023fd4f0abb1 sp=0x0000004ab9ffe220
Event: 1.404 Thread 0x0000023fd02b8bc0 DEOPT UNPACKING pc=0x0000023fdc314242 sp=0x0000004ab9ffd698 mode 0
Event: 1.404 Thread 0x0000023fd02b8bc0 DEOPT PACKING pc=0x0000023fd4f0abb1 sp=0x0000004ab9ffe220
Event: 1.404 Thread 0x0000023fd02b8bc0 DEOPT UNPACKING pc=0x0000023fdc314242 sp=0x0000004ab9ffd698 mode 0
Event: 1.404 Thread 0x0000023fd02b8bc0 DEOPT PACKING pc=0x0000023fd4f0abb1 sp=0x0000004ab9ffe220
Event: 1.404 Thread 0x0000023fd02b8bc0 DEOPT UNPACKING pc=0x0000023fdc314242 sp=0x0000004ab9ffd698 mode 0
Event: 1.404 Thread 0x0000023fd02b8bc0 DEOPT PACKING pc=0x0000023fd4f0abb1 sp=0x0000004ab9ffe220
Event: 1.404 Thread 0x0000023fd02b8bc0 DEOPT UNPACKING pc=0x0000023fdc314242 sp=0x0000004ab9ffd698 mode 0
Event: 1.405 Thread 0x0000023fd02b8bc0 DEOPT PACKING pc=0x0000023fd4f0abb1 sp=0x0000004ab9ffe220
Event: 1.405 Thread 0x0000023fd02b8bc0 DEOPT UNPACKING pc=0x0000023fdc314242 sp=0x0000004ab9ffd698 mode 0
Event: 1.405 Thread 0x0000023fd02b8bc0 DEOPT PACKING pc=0x0000023fd4f0abb1 sp=0x0000004ab9ffe220
Event: 1.405 Thread 0x0000023fd02b8bc0 DEOPT UNPACKING pc=0x0000023fdc314242 sp=0x0000004ab9ffd698 mode 0
Event: 1.405 Thread 0x0000023fd02b8bc0 DEOPT PACKING pc=0x0000023fd4f0abb1 sp=0x0000004ab9ffe220
Event: 1.405 Thread 0x0000023fd02b8bc0 DEOPT UNPACKING pc=0x0000023fdc314242 sp=0x0000004ab9ffd698 mode 0
Event: 1.405 Thread 0x0000023fd02b8bc0 DEOPT PACKING pc=0x0000023fd4f0abb1 sp=0x0000004ab9ffe220
Event: 1.405 Thread 0x0000023fd02b8bc0 DEOPT UNPACKING pc=0x0000023fdc314242 sp=0x0000004ab9ffd698 mode 0
Event: 1.405 Thread 0x0000023fd02b8bc0 DEOPT PACKING pc=0x0000023fd4f0abb1 sp=0x0000004ab9ffe220
Event: 1.405 Thread 0x0000023fd02b8bc0 DEOPT UNPACKING pc=0x0000023fdc314242 sp=0x0000004ab9ffd698 mode 0

Classes loaded (20 events):
Event: 1.411 Loading class jdk/internal/logger/SimpleConsoleLogger done
Event: 1.411 Loading class jdk/internal/logger/SurrogateLogger done
Event: 1.413 Loading class sun/util/logging/PlatformLogger
Event: 1.422 Loading class sun/util/logging/PlatformLogger done
Event: 1.422 Loading class sun/util/logging/PlatformLogger$Level
Event: 1.423 Loading class sun/util/logging/PlatformLogger$Level done
Event: 1.438 Loading class java/io/BufferedReader
Event: 1.438 Loading class java/io/BufferedReader done
Event: 1.438 Loading class sun/nio/cs/StreamDecoder
Event: 1.438 Loading class sun/nio/cs/StreamDecoder done
Event: 1.439 Loading class sun/nio/cs/UTF_8$Decoder
Event: 1.439 Loading class sun/nio/cs/UTF_8$Decoder done
Event: 1.459 Loading class java/util/UUID
Event: 1.459 Loading class java/util/UUID done
Event: 1.460 Loading class java/util/concurrent/atomic/AtomicBoolean
Event: 1.460 Loading class java/util/concurrent/atomic/AtomicBoolean done
Event: 1.460 Loading class java/lang/invoke/VarHandleInts$FieldInstanceReadWrite
Event: 1.460 Loading class java/lang/invoke/VarHandleInts$FieldInstanceReadOnly
Event: 1.460 Loading class java/lang/invoke/VarHandleInts$FieldInstanceReadOnly done
Event: 1.460 Loading class java/lang/invoke/VarHandleInts$FieldInstanceReadWrite done

Classes unloaded (0 events):
No events

Classes redefined (0 events):
No events

Internal exceptions (20 events):
Event: 0.484 Thread 0x0000023fd02b8bc0 Exception <a 'java/lang/NoSuchMethodError'{0x00000000d59fe710}: 'int java.lang.invoke.DirectMethodHandle$Holder.invokeSpecial(java.lang.Object, java.lang.Object, java.lang.Object)'> (0x00000000d59fe710) 
thrown [s\src\hotspot\share\interpreter\linkResolver.cpp, line 773]
Event: 0.489 Thread 0x0000023fd02b8bc0 Exception <a 'java/lang/NoSuchMethodError'{0x00000000d5a0a3d0}: 'java.lang.Object java.lang.invoke.DirectMethodHandle$Holder.invokeStatic(java.lang.Object, java.lang.Object, int)'> (0x00000000d5a0a3d0) 
thrown [s\src\hotspot\share\interpreter\linkResolver.cpp, line 773]
Event: 0.491 Thread 0x0000023fd02b8bc0 Exception <a 'java/lang/NoSuchMethodError'{0x00000000d5a0ed20}: 'void java.lang.invoke.DirectMethodHandle$Holder.invokeStatic(java.lang.Object, java.lang.Object, int, java.lang.Object)'> (0x00000000d5a0ed20) 
thrown [s\src\hotspot\share\interpreter\linkResolver.cpp, line 773]
Event: 0.492 Thread 0x0000023fd02b8bc0 Exception <a 'java/lang/NoSuchMethodError'{0x00000000d5a12b00}: 'void java.lang.invoke.DirectMethodHandle$Holder.invokeSpecial(java.lang.Object, java.lang.Object, java.lang.Object, int, java.lang.Object)'> (0x00000000d5a12b00) 
thrown [s\src\hotspot\share\interpreter\linkResolver.cpp, line 773]
Event: 0.493 Thread 0x0000023fd02b8bc0 Exception <a 'java/lang/NoSuchMethodError'{0x00000000d5a15f70}: 'void java.lang.invoke.DelegatingMethodHandle$Holder.delegate(java.lang.Object, java.lang.Object, int, java.lang.Object)'> (0x00000000d5a15f70) 
thrown [s\src\hotspot\share\interpreter\linkResolver.cpp, line 773]
Event: 0.649 Thread 0x0000023fd02b8bc0 Exception <a 'java/lang/NoSuchMethodError'{0x00000000d5bd53d0}: 'void java.lang.invoke.DelegatingMethodHandle$Holder.reinvoke_L(java.lang.Object, java.lang.Object, java.lang.Object, int)'> (0x00000000d5bd53d0) 
thrown [s\src\hotspot\share\interpreter\linkResolver.cpp, line 773]
Event: 0.882 Thread 0x0000023fd02b8bc0 Exception <a 'java/lang/NoSuchMethodError'{0x00000000d6063ba8}: 'void java.lang.invoke.DirectMethodHandle$Holder.invokeVirtual(java.lang.Object, java.lang.Object)'> (0x00000000d6063ba8) 
thrown [s\src\hotspot\share\interpreter\linkResolver.cpp, line 773]
Event: 1.052 Thread 0x0000023fd02b8bc0 Exception <a 'java/lang/NoSuchMethodError'{0x00000000d6448068}: 'void java.lang.invoke.DirectMethodHandle$Holder.invokeStatic(java.lang.Object, java.lang.Object)'> (0x00000000d6448068) 
thrown [s\src\hotspot\share\interpreter\linkResolver.cpp, line 773]
Event: 1.061 Thread 0x0000023fd02b8bc0 Exception <a 'java/lang/ClassNotFoundException'{0x00000000d6470160}: sun/net/www/protocol/c/Handler> (0x00000000d6470160) 
thrown [s\src\hotspot\share\classfile\systemDictionary.cpp, line 312]
Event: 1.085 Thread 0x0000023fd02b8bc0 Exception <a 'java/io/FileNotFoundException'{0x00000000d64cf2f8}> (0x00000000d64cf2f8) 
thrown [s\src\hotspot\share\prims\jni.cpp, line 520]
Event: 1.086 Thread 0x0000023fd02b8bc0 Exception <a 'java/io/FileNotFoundException'{0x00000000d64d0630}> (0x00000000d64d0630) 
thrown [s\src\hotspot\share\prims\jni.cpp, line 520]
Event: 1.086 Thread 0x0000023fd02b8bc0 Exception <a 'java/io/FileNotFoundException'{0x00000000d64d12b8}> (0x00000000d64d12b8) 
thrown [s\src\hotspot\share\prims\jni.cpp, line 520]
Event: 1.086 Thread 0x0000023fd02b8bc0 Exception <a 'java/io/FileNotFoundException'{0x00000000d64d1e28}> (0x00000000d64d1e28) 
thrown [s\src\hotspot\share\prims\jni.cpp, line 520]
Event: 1.092 Thread 0x0000023fd02b8bc0 Implicit null exception at 0x0000023fdc8928a4 to 0x0000023fdc892e38
Event: 1.096 Thread 0x0000023fd02b8bc0 Exception <a 'java/io/FileNotFoundException'{0x00000000d650b3a0}> (0x00000000d650b3a0) 
thrown [s\src\hotspot\share\prims\jni.cpp, line 520]
Event: 1.115 Thread 0x0000023fd02b8bc0 Exception <a 'java/lang/NoSuchMethodError'{0x00000000d6544980}: 'java.lang.Object java.lang.invoke.DirectMethodHandle$Holder.invokeInterface(java.lang.Object, java.lang.Object)'> (0x00000000d6544980) 
thrown [s\src\hotspot\share\interpreter\linkResolver.cpp, line 773]
Event: 1.121 Thread 0x0000023fd02b8bc0 Exception <a 'java/lang/NoSuchMethodError'{0x00000000d6557f20}: 'java.lang.Object java.lang.invoke.Invokers$Holder.invokeExact_MT(java.lang.Object, java.lang.Object, java.lang.Object, java.lang.Object, java.lang.Object, java.lang.Object)'> (0x00000000d6557f20) 
thrown [s\src\hotspot\share\interpreter\linkResolver.cpp, line 773]
Event: 1.128 Thread 0x0000023fd02b8bc0 Exception <a 'java/lang/NoSuchMethodError'{0x00000000d656eff8}: 'int java.lang.invoke.DirectMethodHandle$Holder.invokeStatic(java.lang.Object, java.lang.Object, java.lang.Object, java.lang.Object, java.lang.Object)'> (0x00000000d656eff8) 
thrown [s\src\hotspot\share\interpreter\linkResolver.cpp, line 773]
Event: 1.161 Thread 0x0000023fd02b8bc0 Exception <a 'java/lang/NoSuchMethodError'{0x00000000d66043b8}: 'java.lang.Object java.lang.invoke.DirectMethodHandle$Holder.invokeInterface(java.lang.Object, java.lang.Object, int)'> (0x00000000d66043b8) 
thrown [s\src\hotspot\share\interpreter\linkResolver.cpp, line 773]
Event: 1.351 Thread 0x0000023fd02b8bc0 Exception <a 'java/lang/NoSuchMethodError'{0x00000000d6a6a780}: 'java.lang.ClassLoader java.lang.ClassLoader.getPlatformClassLoader(java.lang.Class)'> (0x00000000d6a6a780) 
thrown [s\src\hotspot\share\interpreter\linkResolver.cpp, line 773]

ZGC Phase Switch (0 events):
No events

VM Operations (10 events):
Event: 0.218 Executing VM operation: HandshakeAllThreads (Deoptimize)
Event: 0.218 Executing VM operation: HandshakeAllThreads (Deoptimize) done
Event: 0.377 Executing VM operation: HandshakeAllThreads (Deoptimize)
Event: 0.377 Executing VM operation: HandshakeAllThreads (Deoptimize) done
Event: 1.014 Executing VM operation: HandshakeAllThreads (Deoptimize)
Event: 1.014 Executing VM operation: HandshakeAllThreads (Deoptimize) done
Event: 1.043 Executing VM operation: HandshakeAllThreads (Deoptimize)
Event: 1.043 Executing VM operation: HandshakeAllThreads (Deoptimize) done
Event: 1.432 Executing VM operation: ICBufferFull
Event: 1.432 Executing VM operation: ICBufferFull done

Memory protections (0 events):
No events

Nmethod flushes (0 events):
No events

Events (11 events):
Event: 0.080 Thread 0x0000023fd02b8bc0 Thread added: 0x0000023fd02b8bc0
Event: 0.131 Thread 0x0000023fd02b8bc0 Thread added: 0x0000023fe8c3b920
Event: 0.131 Thread 0x0000023fd02b8bc0 Thread added: 0x0000023fd036e170
Event: 0.131 Thread 0x0000023fd02b8bc0 Thread added: 0x0000023fe8c3d440
Event: 0.131 Thread 0x0000023fd02b8bc0 Thread added: 0x0000023fe8c3e3f0
Event: 0.132 Thread 0x0000023fd02b8bc0 Thread added: 0x0000023fe8c3fd80
Event: 0.132 Thread 0x0000023fd02b8bc0 Thread added: 0x0000023fe8c419e0
Event: 0.132 Thread 0x0000023fd02b8bc0 Thread added: 0x0000023fe8c45210
Event: 0.132 Thread 0x0000023fd02b8bc0 Thread added: 0x0000023fe8c500e0
Event: 0.266 Thread 0x0000023fd02b8bc0 Thread added: 0x0000023fea857010
Event: 0.782 Thread 0x0000023fd02b8bc0 Thread added: 0x0000023fea971dd0


Dynamic libraries:
0x00007ff7be440000 - 0x00007ff7be44e000 	c:\Users\NAGARAJU\.vscode\extensions\redhat.java-1.51.0-win32-x64\jre\21.0.9-win32-x86_64\bin\java.exe
0x00007ff97bf90000 - 0x00007ff97c1a7000 	C:\WINDOWS\SYSTEM32\ntdll.dll
0x00007ff97a7a0000 - 0x00007ff97a864000 	C:\WINDOWS\System32\KERNEL32.DLL
0x00007ff9796e0000 - 0x00007ff979ab0000 	C:\WINDOWS\System32\KERNELBASE.dll
0x00007ff9791c0000 - 0x00007ff9792d1000 	C:\WINDOWS\System32\ucrtbase.dll
0x00007ff94dc40000 - 0x00007ff94dc5e000 	c:\Users\NAGARAJU\.vscode\extensions\redhat.java-1.51.0-win32-x64\jre\21.0.9-win32-x86_64\bin\VCRUNTIME140.dll
0x00007ff938b50000 - 0x00007ff938b68000 	c:\Users\NAGARAJU\.vscode\extensions\redhat.java-1.51.0-win32-x64\jre\21.0.9-win32-x86_64\bin\jli.dll
0x00007ff979e20000 - 0x00007ff979fd1000 	C:\WINDOWS\System32\USER32.dll
0x00007ff9794d0000 - 0x00007ff9794f6000 	C:\WINDOWS\System32\win32u.dll
0x00007ff97b1f0000 - 0x00007ff97b219000 	C:\WINDOWS\System32\GDI32.dll
0x00007ff979090000 - 0x00007ff9791b3000 	C:\WINDOWS\System32\gdi32full.dll
0x00007ff960c70000 - 0x00007ff960f0c000 	C:\WINDOWS\WinSxS\amd64_microsoft.windows.common-controls_6595b64144ccf1df_6.0.22621.5840_none_2710ea077384a4fe\COMCTL32.dll
0x00007ff97ab00000 - 0x00007ff97aba7000 	C:\WINDOWS\System32\msvcrt.dll
0x00007ff979640000 - 0x00007ff9796da000 	C:\WINDOWS\System32\msvcp_win.dll
0x00007ff97aac0000 - 0x00007ff97aaf1000 	C:\WINDOWS\System32\IMM32.DLL
0x00007ff9501a0000 - 0x00007ff9501ac000 	c:\Users\NAGARAJU\.vscode\extensions\redhat.java-1.51.0-win32-x64\jre\21.0.9-win32-x86_64\bin\vcruntime140_1.dll
0x00007ff91d8e0000 - 0x00007ff91d96d000 	c:\Users\NAGARAJU\.vscode\extensions\redhat.java-1.51.0-win32-x64\jre\21.0.9-win32-x86_64\bin\msvcp140.dll
0x00007ff847940000 - 0x00007ff8486e0000 	c:\Users\NAGARAJU\.vscode\extensions\redhat.java-1.51.0-win32-x64\jre\21.0.9-win32-x86_64\bin\server\jvm.dll
0x00007ff97a2b0000 - 0x00007ff97a361000 	C:\WINDOWS\System32\ADVAPI32.dll
0x00007ff97b220000 - 0x00007ff97b2c8000 	C:\WINDOWS\System32\sechost.dll
0x00007ff979ab0000 - 0x00007ff979ad8000 	C:\WINDOWS\System32\bcrypt.dll
0x00007ff97abc0000 - 0x00007ff97acd8000 	C:\WINDOWS\System32\RPCRT4.dll
0x00007ff97b320000 - 0x00007ff97b391000 	C:\WINDOWS\System32\WS2_32.dll
0x00007ff978f60000 - 0x00007ff978fad000 	C:\WINDOWS\SYSTEM32\POWRPROF.dll
0x00007ff973bc0000 - 0x00007ff973bf4000 	C:\WINDOWS\SYSTEM32\WINMM.dll
0x00007ff96f580000 - 0x00007ff96f58a000 	C:\WINDOWS\SYSTEM32\VERSION.dll
0x00007ff978f40000 - 0x00007ff978f53000 	C:\WINDOWS\SYSTEM32\UMPDC.dll
0x00007ff978060000 - 0x00007ff978078000 	C:\WINDOWS\SYSTEM32\kernel.appcore.dll
0x00007ff94ff70000 - 0x00007ff94ff7a000 	c:\Users\NAGARAJU\.vscode\extensions\redhat.java-1.51.0-win32-x64\jre\21.0.9-win32-x86_64\bin\jimage.dll
0x00007ff9709a0000 - 0x00007ff970bd3000 	C:\WINDOWS\SYSTEM32\DBGHELP.DLL
0x00007ff97a370000 - 0x00007ff97a701000 	C:\WINDOWS\System32\combase.dll
0x00007ff97a9e0000 - 0x00007ff97aab8000 	C:\WINDOWS\System32\OLEAUT32.dll
0x00007ff9585a0000 - 0x00007ff9585d2000 	C:\WINDOWS\SYSTEM32\dbgcore.DLL
0x00007ff979ba0000 - 0x00007ff979c1b000 	C:\WINDOWS\System32\bcryptPrimitives.dll
0x00007ff94e2d0000 - 0x00007ff94e2df000 	c:\Users\NAGARAJU\.vscode\extensions\redhat.java-1.51.0-win32-x64\jre\21.0.9-win32-x86_64\bin\instrument.dll
0x00007ff934240000 - 0x00007ff934260000 	c:\Users\NAGARAJU\.vscode\extensions\redhat.java-1.51.0-win32-x64\jre\21.0.9-win32-x86_64\bin\java.dll
0x00007ff97b590000 - 0x00007ff97be31000 	C:\WINDOWS\System32\SHELL32.dll
0x00007ff979500000 - 0x00007ff97963f000 	C:\WINDOWS\System32\wintypes.dll
0x00007ff976f60000 - 0x00007ff97787a000 	C:\WINDOWS\SYSTEM32\windows.storage.dll
0x00007ff97be40000 - 0x00007ff97bf4a000 	C:\WINDOWS\System32\SHCORE.dll
0x00007ff97b180000 - 0x00007ff97b1e9000 	C:\WINDOWS\System32\shlwapi.dll
0x00007ff978fc0000 - 0x00007ff978fe5000 	C:\WINDOWS\SYSTEM32\profapi.dll
0x00007ff930a10000 - 0x00007ff930a28000 	c:\Users\NAGARAJU\.vscode\extensions\redhat.java-1.51.0-win32-x64\jre\21.0.9-win32-x86_64\bin\zip.dll
0x00007ff94eb90000 - 0x00007ff94eba0000 	C:\Users\NAGARAJU\.vscode\extensions\redhat.java-1.51.0-win32-x64\jre\21.0.9-win32-x86_64\bin\net.dll
0x00007ff974850000 - 0x00007ff97497c000 	C:\WINDOWS\SYSTEM32\WINHTTP.dll
0x00007ff978540000 - 0x00007ff9785a9000 	C:\WINDOWS\system32\mswsock.dll
0x00007ff92dba0000 - 0x00007ff92dbb6000 	C:\Users\NAGARAJU\.vscode\extensions\redhat.java-1.51.0-win32-x64\jre\21.0.9-win32-x86_64\bin\nio.dll
0x00007ff93e270000 - 0x00007ff93e280000 	c:\Users\NAGARAJU\.vscode\extensions\redhat.java-1.51.0-win32-x64\jre\21.0.9-win32-x86_64\bin\verify.dll

JVMTI agents:
c:\Users\NAGARAJU\.vscode\extensions\redhat.java-1.51.0-win32-x64\lombok\lombok-1.18.39-4050.jar path:c:\Users\NAGARAJU\.vscode\extensions\redhat.java-1.51.0-win32-x64\jre\21.0.9-win32-x86_64\bin\instrument.dll, loaded, initialized, instrumentlib options:none

dbghelp: loaded successfully - version: 4.0.5 - missing functions: none
symbol engine: initialized successfully - sym options: 0x614 - pdb path: .;c:\Users\NAGARAJU\.vscode\extensions\redhat.java-1.51.0-win32-x64\jre\21.0.9-win32-x86_64\bin;C:\WINDOWS\SYSTEM32;C:\WINDOWS\WinSxS\amd64_microsoft.windows.common-controls_6595b64144ccf1df_6.0.22621.5840_none_2710ea077384a4fe;c:\Users\NAGARAJU\.vscode\extensions\redhat.java-1.51.0-win32-x64\jre\21.0.9-win32-x86_64\bin\server

VM Arguments:
jvm_args: --add-modules=ALL-SYSTEM --add-opens=java.base/java.util=ALL-UNNAMED --add-opens=java.base/java.lang=ALL-UNNAMED --add-opens=java.base/sun.nio.fs=ALL-UNNAMED -Declipse.application=org.eclipse.jdt.ls.core.id1 -Dosgi.bundles.defaultStartLevel=4 -Declipse.product=org.eclipse.jdt.ls.core.product -Djava.import.generatesMetadataFilesAtProjectRoot=false -DDetectVMInstallationsJob.disabled=true -Dfile.encoding=utf8 -XX:+UseParallelGC -XX:GCTimeRatio=4 -XX:AdaptiveSizePolicyWeight=90 -Dsun.zip.disableMemoryMapping=true -Xmx2G -Xms100m -Xlog:disable -javaagent:c:\Users\NAGARAJU\.vscode\extensions\redhat.java-1.51.0-win32-x64\lombok\lombok-1.18.39-4050.jar -XX:+HeapDumpOnOutOfMemoryError -XX:HeapDumpPath=c:\Users\NAGARAJU\AppData\Roaming\Code\User\workspaceStorage\a678f10e9dfb1fe659294f81c59f0ef5\redhat.java -Daether.dependencyCollector.impl=bf 
java_command: c:\Users\NAGARAJU\.vscode\extensions\redhat.java-1.51.0-win32-x64\server\plugins\org.eclipse.equinox.launcher_1.7.100.v20251111-0406.jar -configuration c:\Users\NAGARAJU\AppData\Roaming\Code\User\globalStorage\redhat.java\1.51.0\config_win -data c:\Users\NAGARAJU\AppData\Roaming\Code\User\workspaceStorage\a678f10e9dfb1fe659294f81c59f0ef5\redhat.java\jdt_ws --pipe=\\.\pipe\lsp-6cdb3803f162d9ff8c12f6e72741d32c-sock
java_class_path (initial): c:\Users\NAGARAJU\.vscode\extensions\redhat.java-1.51.0-win32-x64\server\plugins\org.eclipse.equinox.launcher_1.7.100.v20251111-0406.jar
Launcher Type: SUN_STANDARD

[Global flags]
    uintx AdaptiveSizePolicyWeight                 = 90                                        {product} {command line}
     intx CICompilerCount                          = 4                                         {product} {ergonomic}
    uintx GCTimeRatio                              = 4                                         {product} {command line}
     bool HeapDumpOnOutOfMemoryError               = true                                   {manageable} {command line}
    ccstr HeapDumpPath                             = c:\Users\NAGARAJU\AppData\Roaming\Code\User\workspaceStorage\a678f10e9dfb1fe659294f81c59f0ef5\redhat.java         {manageable} {command line}
   size_t InitialHeapSize                          = 104857600                                 {product} {command line}
   size_t MaxHeapSize                              = 2147483648                                {product} {command line}
   size_t MaxNewSize                               = 715653120                                 {product} {ergonomic}
   size_t MinHeapDeltaBytes                        = 524288                                    {product} {ergonomic}
   size_t MinHeapSize                              = 104857600                                 {product} {command line}
   size_t NewSize                                  = 34603008                                  {product} {ergonomic}
    uintx NonNMethodCodeHeapSize                   = 5839372                                {pd product} {ergonomic}
    uintx NonProfiledCodeHeapSize                  = 122909434                              {pd product} {ergonomic}
   size_t OldSize                                  = 70254592                                  {product} {ergonomic}
    uintx ProfiledCodeHeapSize                     = 122909434                              {pd product} {ergonomic}
    uintx ReservedCodeCacheSize                    = 251658240                              {pd product} {ergonomic}
     bool SegmentedCodeCache                       = true                                      {product} {ergonomic}
   size_t SoftMaxHeapSize                          = 2147483648                             {manageable} {ergonomic}
     bool UseCompressedOops                        = true                           {product lp64_product} {ergonomic}
     bool UseLargePagesIndividualAllocation        = false                                  {pd product} {ergonomic}
     bool UseParallelGC                            = true                                      {product} {command line}

Logging:
Log output configuration:
 #0: stdout all=off uptime,level,tags foldmultilines=false
 #1: stderr all=off uptime,level,tags foldmultilines=false

Release file:
JAVA_VERSION="21.0.9" 
MODULES="java.base java.compiler java.datatransfer java.xml java.prefs java.desktop java.instrument java.logging java.management java.security.sasl java.naming java.rmi java.management.rmi java.net.http java.scripting java.security.jgss java.transaction.xa java.sql java.sql.rowset java.xml.crypto java.se java.smartcardio jdk.accessibility jdk.internal.jvmstat jdk.attach jdk.charsets jdk.internal.opt jdk.zipfs jdk.compiler jdk.crypto.ec jdk.crypto.cryptoki jdk.crypto.mscapi jdk.dynalink jdk.internal.ed jdk.editpad jdk.hotspot.agent jdk.httpserver jdk.internal.le jdk.internal.vm.ci jdk.internal.vm.compiler jdk.internal.vm.compiler.management jdk.jartool jdk.javadoc jdk.jcmd jdk.management jdk.management.agent jdk.jconsole jdk.jdeps jdk.jdwp.agent jdk.jdi jdk.jfr jdk.jshell jdk.jsobject jdk.jstatd jdk.localedata jdk.management.jfr jdk.naming.dns jdk.naming.rmi jdk.net jdk.nio.mapmode jdk.random jdk.sctp jdk.security.auth jdk.security.jgss jdk.unsupported jdk.unsupported.desktop jdk.xml.dom" 

Environment Variables:
JAVA_HOME=C:\Program Files\Java\jdk-17
PATH=C:\Program Files\Eclipse Adoptium\jdk-11.0.26.4-hotspot\bin;C:\Program Files\Eclipse Adoptium\jdk-17.0.14.7-hotspot\bin;C:\Program Files\Java\jdk-17\bin;C:\Program Files\nodejs;E:\Android\Sdk\platform-tools;E:\Android\Sdk\emulator;E:\Android\Sdk\cmdline-tools\latest\bin;E:\Android\Sdk\platform-tools;E:\Android\Sdk\emulator;E:\Android\Sdk\cmdline-tools\latest\bin;C:\Users\NAGARAJU\AppData\Local\Android\Sdk\platform-tools;C:\Users\NAGARAJU\AppData\Local\Android\Sdk\emulator;C:\Users\NAGARAJU\AppData\Local\Android\Sdk\cmdline-tools\latest\bin;C:\Users\NAGARAJU\AppData\Local\Android\Sdk\platform-tools;C:\Users\NAGARAJU\AppData\Local\Android\Sdk\platform-tools;C:\Users\NAGARAJU\AppData\Local\Android\Sdk\platform-tools;C:\Users\NAGARAJU\AppData\Local\Android\Sdk\emulator;C:\Users\NAGARAJU\AppData\Local\Android\Sdk\cmdline-tools\latest\bin;C:\Users\NAGARAJU\AppData\Local\Android\Sdk\platform-tools;C:\Users\NAGARAJU\AppData\Local\Android\Sdk\emulator;C:\Users\NAGARAJU\AppData\Local\Android\Sdk\cmdline-tools\latest\bin;C:\Users\NAGARAJU\AppData\Local\Android\Sdk\platform-tools;C:\Users\NAGARAJU\AppData\Local\Android\Sdk\emulator;C:\Users\NAGARAJU\AppData\Local\Android\Sdk\cmdline-tools\latest\bin;C:\Program Files\Eclipse Adoptium\jdk-11.0.26.4-hotspot\bin;C:\Program Files\Eclipse Adoptium\jdk-17.0.14.7-hotspot\bin;C:\Program Files\Java\jdk-17\bin;C:\Program Files\nodejs;E:\Android\Sdk\platform-tools;E:\Android\Sdk\emulator;E:\Android\Sdk\cmdline-tools\latest\bin;E:\Android\Sdk\platform-tools;E:\Android\Sdk\emulator;E:\Android\Sdk\cmdline-tools\latest\bin;C:\Users\NAGARAJU\AppData\Local\Android\Sdk\platform-tools;C:\Users\NAGARAJU\AppData\Local\Android\Sdk\emulator;C:\Users\NAGARAJU\AppData\Local\Android\Sdk\cmdline-tools\latest\bin;C:\Users\NAGARAJU\AppData\Local\Android\Sdk\platform-tools;C:\Users\NAGARAJU\AppData\Local\Android\Sdk\platform-tools;C:\Users\NAGARAJU\AppData\Local\Android\Sdk\platform-tools;C:\Users\NAGARAJU\AppData\Local\Android\Sdk\emulator;C:\Users\NAGARAJU\AppData\Local\Android\Sdk\cmdline-tools\latest\bin;C:\Users\NAGARAJU\AppData\Local\Android\Sdk\platform-tools;C:\Users\NAGARAJU\AppData\Local\Android\Sdk\emulator;C:\Users\NAGARAJU\AppData\Local\Android\Sdk\cmdline-tools\latest\bin;C:\Users\NAGARAJU\AppData\Local\Android\Sdk\platform-tools;C:\Users\NAGARAJU\AppData\Local\Android\Sdk\emulator;C:\Users\NAGARAJU\AppData\Local\Android\Sdk\cmdline-tools\latest\bin;%PATH%;C:\ProgramData\chocolatey\bin;C:\Program Files\nodejs\;C:\Program Files\Git\cmd;C:\Windows\System32;C:\Windows\System32\WindowsPowerShell\v1.0;C:\Program Files\nodejs\;C:\Windows\System32\OpenSSH;C:\Windows\System32\WindowsPowerShell\v1.0\;C:\Users\NAGARAJU\Downloads\stripe_1.30.0_windows_x86_64;C:\ProgramData\chocolatey\bin;C:\Program Files\nodejs\;C:\Program Files\Git\cmd;C:\Windows\System32;C:\Windows\System32\WindowsPowerShell\v1.0;C:\Program Files\nodejs\;C:\Windows\System32\OpenSSH;C:\Windows\System32\WindowsPowerShell\v1.0\;C:\Users\NAGARAJU\Downloads\stripe_1.30.0_windows_x86_64;C:\Program Files\Eclipse Adoptium\jdk-11.0.26.4-hotspot\bin;C:\Program Files\Eclipse Adoptium\jdk-17.0.14.7-hotspot\bin;C:\Program Files\Java\jdk-17\bin;C:\Program Files\nodejs;E:\Android\Sdk\platform-tools;E:\Android\Sdk\emulator;E:\Android\Sdk\cmdline-tools\latest\bin;E:\Android\Sdk\platform-tools;E:\Android\Sdk\emulator;E:\Android\Sdk\cmdline-tools\latest\bin;C:\Users\NAGARAJU\AppData\Local\Android\Sdk\platform-tools;C:\Users\NAGARAJU\AppData\Local\Android\Sdk\emulator;C:\Users\NAGARAJU\AppData\Local\Android\Sdk\cmdline-tools\latest\bin;C:\Users\NAGARAJU\AppData\Local\Android\Sdk\platform-tools;C:\Users\NAGARAJU\AppData\Local\Android\Sdk\platform-tools;C:\Users\NAGARAJU\AppData\Local\Android\Sdk\platform-tools;C:\Users\NAGARAJU\AppData\Local\Android\Sdk\emulator;C:\Users\NAGARAJU\AppData\Local\Android\Sdk\cmdline-tools\latest\bin;C:\Users\NAGARAJU\AppData\Local\Android\Sdk\platform-tools;C:\Users\NAGARAJU\AppData\Local\Android\Sdk\emulator;C:\Users\NAGARAJU\AppData\Local\Android\Sdk\cmdline-tools\latest\bin;C:\Users\NAGARAJU\AppData\Local\Android\Sdk\platform-tools;C:\Users\NAGARAJU\AppData\Local\Android\Sdk\emulator;C:\Users\NAGARAJU\AppData\Local\Android\Sdk\cmdline-tools\latest\bin;C:\Program Files\Eclipse Adoptium\jdk-11.0.26.4-hotspot\bin;C:\Program Files\Eclipse Adoptium\jdk-17.0.14.7-hotspot\bin;C:\Program Files\Java\jdk-17\bin;C:\Program Files\nodejs;E:\Android\Sdk\platform-tools;E:\Android\Sdk\emulator;E:\Android\Sdk\cmdline-tools\latest\bin;E:\Android\Sdk\platform-tools;E:\Android\Sdk\emulator;E:\Android\Sdk\cmdline-tools\latest\bin;C:\Users\NAGARAJU\AppData\Local\Android\Sdk\platform-tools;C:\Users\NAGARAJU\AppData\Local\Android\Sdk\emulator;C:\Users\NAGARAJU\AppData\Local\Android\Sdk\cmdline-tools\latest\bin;C:\Users\NAGARAJU\AppData\Local\Android\Sdk\platform-tools;C:\Users\NAGARAJU\AppData\Local\Android\Sdk\platform-tools;C:\Users\NAGARAJU\AppData\Local\Android\Sdk\platform-tools;C:\Users\NAGARAJU\AppData\Local\Android\Sdk\emulator;C:\Users\NAGARAJU\AppData\Local\Android\Sdk\cmdline-tools\latest\bin;C:\Users\NAGARAJU\AppData\Local\Android\Sdk\platform-tools;C:\Users\NAGARAJU\AppData\Local\Android\Sdk\emulator;C:\Users\NAGARAJU\AppData\Local\Android\Sdk\cmdline-tools\latest\bin;C:\Users\NAGARAJU\AppData\Local\Android\Sdk\platform-tools;C:\Users\NAGARAJU\AppData\Local\Android\Sdk\emulator;C:\Users\NAGARAJU\AppData\Local\Android\Sdk\cmdline-tools\latest\bin;%PATH%;C:\ProgramData\chocolatey\bin;C:\Program Files\nodejs\;C:\Program Files\Git\cmd;C:\Windows\System32;C:\Windows\System32\WindowsPowerShell\v1.0;C:\Program Files\nodejs\;C:\Windows\System32\OpenSSH;C:\Windows\System32\WindowsPowerShell\v1.0\;C:\Users\NAGARAJU\Downloads\stripe_1.30.0_windows_x86_64;C:\ProgramData\chocolatey\bin;C:\Program Files\nodejs\;C:\Program Files\Git\cmd;C:\Windows\System32;C:\Windows\System32\WindowsPowerShell\v1.0;C:\Program Files\nodejs\;C:\Windows\System32\OpenSSH;C:\Windows\System32\WindowsPowerShell\v1.0\;C:\Users\NAGARAJU\Downloads\stripe_1.30.0_windows_x86_64;C:\Users\NAGARAJU\AppData\Local\Android\Sdk\platform-tools;C:\Users\NAGARAJU\AppData\Local\Android\Sdk\cmdline-tools\latest\bin;C:\Users\NAGARAJU\AppData\Roaming\npm;C:\Users\NAGARAJU\AppData\Local\Programs\Microsoft VS Code\bin
USERNAME=NAGARAJU
OS=Windows_NT
PROCESSOR_IDENTIFIER=AMD64 Family 23 Model 104 Stepping 1, AuthenticAMD
TMP=C:\Users\NAGARAJU\AppData\Local\Temp
TEMP=C:\Users\NAGARAJU\AppData\Local\Temp




Periodic native trim disabled

---------------  S Y S T E M  ---------------

OS:
 Windows 11 , 64 bit Build 22621 (10.0.22621.5415)
OS uptime: 1 days 9:55 hours

CPU: total 8 (initial active 8) (8 cores per cpu, 2 threads per core) family 23 model 104 stepping 1 microcode 0x0, cx8, cmov, fxsr, ht, mmx, 3dnowpref, sse, sse2, sse3, ssse3, sse4a, sse4.1, sse4.2, popcnt, lzcnt, tsc, tscinvbit, avx, avx2, aes, clmul, bmi1, bmi2, adx, sha, fma, vzeroupper, clflush, clflushopt, rdtscp, rdpid, f16c
Processor Information for the first 8 processors :
  Max Mhz: 2600, Current Mhz: 2600, Mhz Limit: 2600

Memory: 4k page, system-wide physical 7502M (199M free)
TotalPageFile size 21532M (AvailPageFile size 6M)
current process WorkingSet (physical memory assigned to process): 76M, peak: 76M
current process commit charge ("private bytes"): 232M, peak: 232M

vm_info: OpenJDK 64-Bit Server VM (21.0.9+10-LTS) for windows-amd64 JRE (21.0.9+10-LTS), built on 2025-10-21T00:00:00Z by "admin" with unknown MS VC++:1942

END.
