#
# There is insufficient memory for the Java Runtime Environment to continue.
# Native memory allocation (malloc) failed to allocate 575456 bytes. Error detail: Chunk::new
# Possible reasons:
#   The system is out of physical RAM or swap space
#   This process is running with CompressedOops enabled, and the Java Heap may be blocking the growth of the native heap
# Possible solutions:
#   Reduce memory load on the system
#   Increase physical memory or swap space
#   Check if swap backing store is full
#   Decrease Java heap size (-Xmx/-Xms)
#   Decrease number of Java threads
#   Decrease Java thread stack sizes (-Xss)
#   Set larger code cache with -XX:ReservedCodeCacheSize=
#   JVM is running with Zero Based Compressed Oops mode in which the Java heap is
#     placed in the first 32GB address space. The Java Heap base address is the
#     maximum limit for the native heap growth. Please use -XX:HeapBaseMinAddress
#     to set the Java Heap base and to place the Java Heap above 32GB virtual address.
# This output file may be truncated or incomplete.
#
#  Out of Memory Error (arena.cpp:168), pid=33836, tid=32516
#
# JRE version: OpenJDK Runtime Environment Temurin-21.0.12.1+1 (21.0.12.1+1) (build 21.0.12.1+1-LTS)
# Java VM: OpenJDK 64-Bit Server VM Temurin-21.0.12.1+1 (21.0.12.1+1-LTS, mixed mode, sharing, tiered, compressed oops, compressed class ptrs, g1 gc, windows-amd64)
# No core dump will be written. Minidumps are not enabled by default on client versions of Windows
#

---------------  S U M M A R Y ------------

Command Line: --add-opens=java.base/java.lang=ALL-UNNAMED --add-opens=java.base/java.lang.invoke=ALL-UNNAMED --add-opens=java.base/java.util=ALL-UNNAMED --add-opens=java.prefs/java.util.prefs=ALL-UNNAMED --add-exports=jdk.compiler/com.sun.tools.javac.api=ALL-UNNAMED --add-exports=jdk.compiler/com.sun.tools.javac.util=ALL-UNNAMED --add-opens=java.base/java.util=ALL-UNNAMED --add-opens=java.prefs/java.util.prefs=ALL-UNNAMED --add-opens=java.base/java.nio.charset=ALL-UNNAMED --add-opens=java.base/java.net=ALL-UNNAMED --add-opens=java.base/java.util.concurrent.atomic=ALL-UNNAMED --add-opens=java.xml/javax.xml.namespace=ALL-UNNAMED -Xmx4096m -Dfile.encoding=UTF-8 -Duser.country=IN -Duser.language=en -Duser.variant -javaagent:C:\Users\NAGARAJU\.gradle\wrapper\dists\gradle-8.14.1-bin\baw1sv0jfoi8rxs14qo3h49cs\gradle-8.14.1\lib\agents\gradle-instrumentation-agent-8.14.1.jar org.gradle.launcher.daemon.bootstrap.GradleDaemon 8.14.1

Host: AMD Ryzen 3 5300U with Radeon Graphics         , 8 cores, 7G,  Windows 11 , 64 bit Build 26100 (10.0.26100.9168)
Time: Tue Sep  8 21:11:27 2026 India Standard Time elapsed time: 783.467207 seconds (0d 0h 13m 3s)

---------------  T H R E A D  ---------------

Current thread (0x000001e537b470e0):  JavaThread "C2 CompilerThread0" daemon [_thread_in_native, id=32516, stack(0x00000061d7400000,0x00000061d7500000) (1024K)]


Current CompileTask:
C2:783467 5490       4       java.lang.String::split (148 bytes)

Stack: [0x00000061d7400000,0x00000061d7500000]
Native frames: (J=compiled Java code, j=interpreted, Vv=VM code, C=native code)
V  [jvm.dll+0x6d83e9]
V  [jvm.dll+0x8b5736]
V  [jvm.dll+0x8b7cee]
V  [jvm.dll+0x8b83d3]
V  [jvm.dll+0x284596]
V  [jvm.dll+0xc685d]
V  [jvm.dll+0xc6da1]
V  [jvm.dll+0x2fb5ae]
V  [jvm.dll+0x5fee94]
V  [jvm.dll+0x255d67]
V  [jvm.dll+0x24ddab]
V  [jvm.dll+0x24bbe6]
V  [jvm.dll+0x1cb4ae]
V  [jvm.dll+0x25baad]
V  [jvm.dll+0x25a03a]
V  [jvm.dll+0x3f8aae]
V  [jvm.dll+0x8600cd]
V  [jvm.dll+0x6d6c1d]
C  [ucrtbase.dll+0x2cd30]
C  [KERNEL32.DLL+0x2ccb7]
C  [ntdll.dll+0xaad6c]


---------------  P R O C E S S  ---------------

Threads class SMR info:
_java_thread_list=0x000001e57f45ea90, length=34, elements={
0x000001e51b941380, 0x000001e537b3d510, 0x000001e537b3ec90, 0x000001e537b40410,
0x000001e537b42e80, 0x000001e537b458f0, 0x000001e537b46350, 0x000001e537b470e0,
0x000001e537b4a2e0, 0x000001e537de2100, 0x000001e537e2c130, 0x000001e57e4fff10,
0x000001e57e4588a0, 0x000001e537f80480, 0x000001e57daa2da0, 0x000001e57dab1c50,
0x000001e57dba4440, 0x000001e57e3670a0, 0x000001e57e369e90, 0x000001e57e369800,
0x000001e57e368450, 0x000001e57e369170, 0x000001e57e367730, 0x000001e57e36a520,
0x000001e50077b6d0, 0x000001e50077f1e0, 0x000001e50077d7a0, 0x000001e50077d110,
0x000001e50077bd60, 0x000001e50077de30, 0x000001e50077e4c0, 0x000001e50077c3f0,
0x000001e50077ff00, 0x000001e50077ca80
}

Java Threads: ( => current thread )
  0x000001e51b941380 JavaThread "main"                              [_thread_blocked, id=32616, stack(0x00000061d6600000,0x00000061d6700000) (1024K)]
  0x000001e537b3d510 JavaThread "Reference Handler"          daemon [_thread_blocked, id=10744, stack(0x00000061d6e00000,0x00000061d6f00000) (1024K)]
  0x000001e537b3ec90 JavaThread "Finalizer"                  daemon [_thread_blocked, id=29052, stack(0x00000061d6f00000,0x00000061d7000000) (1024K)]
  0x000001e537b40410 JavaThread "Signal Dispatcher"          daemon [_thread_blocked, id=4436, stack(0x00000061d7000000,0x00000061d7100000) (1024K)]
  0x000001e537b42e80 JavaThread "Attach Listener"            daemon [_thread_blocked, id=28200, stack(0x00000061d7100000,0x00000061d7200000) (1024K)]
  0x000001e537b458f0 JavaThread "Service Thread"             daemon [_thread_blocked, id=27480, stack(0x00000061d7200000,0x00000061d7300000) (1024K)]
  0x000001e537b46350 JavaThread "Monitor Deflation Thread"   daemon [_thread_blocked, id=32520, stack(0x00000061d7300000,0x00000061d7400000) (1024K)]
=>0x000001e537b470e0 JavaThread "C2 CompilerThread0"         daemon [_thread_in_native, id=32516, stack(0x00000061d7400000,0x00000061d7500000) (1024K)]
  0x000001e537b4a2e0 JavaThread "C1 CompilerThread0"         daemon [_thread_blocked, id=33132, stack(0x00000061d7500000,0x00000061d7600000) (1024K)]
  0x000001e537de2100 JavaThread "Common-Cleaner"             daemon [_thread_blocked, id=34156, stack(0x00000061d7600000,0x00000061d7700000) (1024K)]
  0x000001e537e2c130 JavaThread "Notification Thread"        daemon [_thread_blocked, id=34588, stack(0x00000061d7700000,0x00000061d7800000) (1024K)]
  0x000001e57e4fff10 JavaThread "Daemon health stats"               [_thread_blocked, id=31892, stack(0x00000061d7c00000,0x00000061d7d00000) (1024K)]
  0x000001e57e4588a0 JavaThread "Incoming local TCP Connector on port 58523"        [_thread_in_native, id=33976, stack(0x00000061d8000000,0x00000061d8100000) (1024K)]
  0x000001e537f80480 JavaThread "Daemon periodic checks"            [_thread_in_Java, id=34604, stack(0x00000061d8100000,0x00000061d8200000) (1024K)]
  0x000001e57daa2da0 JavaThread "Daemon"                            [_thread_blocked, id=34020, stack(0x00000061d8200000,0x00000061d8300000) (1024K)]
  0x000001e57dab1c50 JavaThread "Handler for socket connection from /127.0.0.1:58523 to /127.0.0.1:58524"        [_thread_in_native, id=32452, stack(0x00000061d8300000,0x00000061d8400000) (1024K)]
  0x000001e57dba4440 JavaThread "Cancel handler"                    [_thread_blocked, id=34692, stack(0x00000061d8400000,0x00000061d8500000) (1024K)]
  0x000001e57e3670a0 JavaThread "Daemon worker"                     [_thread_in_Java, id=33832, stack(0x00000061d8500000,0x00000061d8600000) (1024K)]
  0x000001e57e369e90 JavaThread "Asynchronous log dispatcher for DefaultDaemonConnection: socket connection from /127.0.0.1:58523 to /127.0.0.1:58524"        [_thread_blocked, id=32624, stack(0x00000061d8600000,0x00000061d8700000) (1024K)]
  0x000001e57e369800 JavaThread "Stdin handler"                     [_thread_blocked, id=28904, stack(0x00000061d8700000,0x00000061d8800000) (1024K)]
  0x000001e57e368450 JavaThread "Daemon client event forwarder"        [_thread_blocked, id=33716, stack(0x00000061d8800000,0x00000061d8900000) (1024K)]
  0x000001e57e369170 JavaThread "Cache worker for journal cache (C:\Users\NAGARAJU\.gradle\caches\journal-1)"        [_thread_blocked, id=31772, stack(0x00000061d8900000,0x00000061d8a00000) (1024K)]
  0x000001e57e367730 JavaThread "File lock request listener"        [_thread_in_native, id=11708, stack(0x00000061d8a00000,0x00000061d8b00000) (1024K)]
  0x000001e57e36a520 JavaThread "Cache worker for file hash cache (C:\Users\NAGARAJU\.gradle\caches\8.14.1\fileHashes)"        [_thread_blocked, id=34024, stack(0x00000061d8b00000,0x00000061d8c00000) (1024K)]
  0x000001e50077b6d0 JavaThread "Cache worker for file hash cache (C:\zynnative\DocApp-CLI\android\.gradle\8.14.1\fileHashes)"        [_thread_blocked, id=38132, stack(0x00000061d8f00000,0x00000061d9000000) (1024K)]
  0x000001e50077f1e0 JavaThread "Cache worker for Build Output Cleanup Cache (C:\zynnative\DocApp-CLI\android\.gradle\buildOutputCleanup)"        [_thread_blocked, id=38152, stack(0x00000061d9000000,0x00000061d9100000) (1024K)]
  0x000001e50077d7a0 JavaThread "File watcher server"        daemon [_thread_in_native, id=37924, stack(0x00000061d9100000,0x00000061d9200000) (1024K)]
  0x000001e50077d110 JavaThread "File watcher consumer"      daemon [_thread_blocked, id=24300, stack(0x00000061d9200000,0x00000061d9300000) (1024K)]
  0x000001e50077bd60 JavaThread "jar transforms"                    [_thread_blocked, id=39724, stack(0x00000061d6500000,0x00000061d6600000) (1024K)]
  0x000001e50077de30 JavaThread "jar transforms Thread 2"           [_thread_blocked, id=34972, stack(0x00000061d8c00000,0x00000061d8d00000) (1024K)]
  0x000001e50077e4c0 JavaThread "Cache worker for checksums cache (C:\zynnative\DocApp-CLI\android\.gradle\8.14.1\checksums)"        [_thread_blocked, id=35284, stack(0x00000061d8d00000,0x00000061d8e00000) (1024K)]
  0x000001e50077c3f0 JavaThread "Cache worker for file content cache (C:\Users\NAGARAJU\.gradle\caches\8.14.1\fileContent)"        [_thread_blocked, id=23164, stack(0x00000061d9300000,0x00000061d9400000) (1024K)]
  0x000001e50077ff00 JavaThread "File lock release action executor Thread 6"        [_thread_blocked, id=36800, stack(0x00000061d6400000,0x00000061d6500000) (1024K)]
  0x000001e50077ca80 JavaThread "jar transforms Thread 3"           [_thread_blocked, id=35912, stack(0x00000061d9400000,0x00000061d9500000) (1024K)]
Total: 34

Other Threads:
  0x000001e537b1e3e0 VMThread "VM Thread"                           [id=32940, stack(0x00000061d6d00000,0x00000061d6e00000) (1024K)]
  0x000001e537b0d440 WatcherThread "VM Periodic Task Thread"        [id=32972, stack(0x00000061d6c00000,0x00000061d6d00000) (1024K)]
  0x000001e51dc59f20 WorkerThread "GC Thread#0"                     [id=29624, stack(0x00000061d6700000,0x00000061d6800000) (1024K)]
  0x000001e537cc5a70 WorkerThread "GC Thread#1"                     [id=33848, stack(0x00000061d7800000,0x00000061d7900000) (1024K)]
  0x000001e537cc7250 WorkerThread "GC Thread#2"                     [id=33980, stack(0x00000061d7900000,0x00000061d7a00000) (1024K)]
  0x000001e57dd30bb0 WorkerThread "GC Thread#3"                     [id=32916, stack(0x00000061d7a00000,0x00000061d7b00000) (1024K)]
  0x000001e57db47b20 WorkerThread "GC Thread#4"                     [id=33972, stack(0x00000061d7b00000,0x00000061d7c00000) (1024K)]
  0x000001e57e459c50 WorkerThread "GC Thread#5"                     [id=3032, stack(0x00000061d7d00000,0x00000061d7e00000) (1024K)]
  0x000001e57db37b00 WorkerThread "GC Thread#6"                     [id=32488, stack(0x00000061d7e00000,0x00000061d7f00000) (1024K)]
  0x000001e57da6a5e0 WorkerThread "GC Thread#7"                     [id=3472, stack(0x00000061d7f00000,0x00000061d8000000) (1024K)]
  0x000001e51b9fdfa0 ConcurrentGCThread "G1 Main Marker"            [id=31656, stack(0x00000061d6800000,0x00000061d6900000) (1024K)]
  0x000001e51b9fe760 WorkerThread "G1 Conc#0"                       [id=32168, stack(0x00000061d6900000,0x00000061d6a00000) (1024K)]
  0x000001e57d9b1350 WorkerThread "G1 Conc#1"                       [id=37108, stack(0x00000061d8e00000,0x00000061d8f00000) (1024K)]
  0x000001e5379e1120 ConcurrentGCThread "G1 Refine#0"               [id=32924, stack(0x00000061d6a00000,0x00000061d6b00000) (1024K)]
  0x000001e5379e1ab0 ConcurrentGCThread "G1 Service"                [id=24128, stack(0x00000061d6b00000,0x00000061d6c00000) (1024K)]
Total: 15

Threads with active compile tasks:
C2 CompilerThread0  783566 5490       4       java.lang.String::split (148 bytes)
Total: 1

VM state: not at safepoint (normal execution)

VM Mutex/Monitor currently owned by a thread: None

Heap address: 0x0000000700000000, size: 4096 MB, Compressed Oops mode: Zero based, Oop shift amount: 3

CDS archive(s) mapped at: [0x000001e538000000-0x000001e538ba0000-0x000001e538ba0000), size 12189696, SharedBaseAddress: 0x000001e538000000, ArchiveRelocationMode: 1.
Compressed class space mapped at: 0x000001e539000000-0x000001e579000000, reserved size: 1073741824
Narrow klass base: 0x000001e538000000, Narrow klass shift: 0, Narrow klass range: 0x100000000

GC Precious Log:
 CardTable entry size: 512
 Card Set container configuration: InlinePtr #cards 4 size 8 Array Of Cards #cards 16 size 48 Howl #buckets 8 coarsen threshold 3686 Howl Bitmap #cards 512 size 80 coarsen threshold 460 Card regions per heap region 1 cards per card region 4096
 CPUs: 8 total, 8 available
 Memory: 7502M
 Large Page Support: Disabled
 NUMA Support: Disabled
 Compressed Oops: Enabled (Zero based)
 Heap Region Size: 2M
 Heap Min Capacity: 8M
 Heap Initial Capacity: 118M
 Heap Max Capacity: 4G
 Pre-touch: Disabled
 Parallel Workers: 8
 Concurrent Workers: 2
 Concurrent Refinement Workers: 8
 Periodic GC: Disabled

Heap:
 garbage-first heap   total 116736K, used 48614K [0x0000000700000000, 0x0000000800000000)
  region size 2048K, 9 young (18432K), 1 survivors (2048K)
 Metaspace       used 38209K, committed 39424K, reserved 1114112K
  class space    used 5439K, committed 6016K, reserved 1048576K

Heap Regions: E=young(eden), S=young(survivor), O=old, HS=humongous(starts), HC=humongous(continues), CS=collection set, F=free, TAMS=top-at-mark-start, PB=parsable bottom
|   0|0x0000000700000000, 0x0000000700200000, 0x0000000700200000|100%|HS|  |TAMS 0x0000000700000000| PB 0x0000000700000000| Complete 
|   1|0x0000000700200000, 0x0000000700400000, 0x0000000700400000|100%|HC|  |TAMS 0x0000000700200000| PB 0x0000000700200000| Complete 
|   2|0x0000000700400000, 0x0000000700600000, 0x0000000700600000|100%| O|  |TAMS 0x0000000700400000| PB 0x0000000700400000| Untracked 
|   3|0x0000000700600000, 0x0000000700800000, 0x0000000700800000|100%| O|  |TAMS 0x0000000700600000| PB 0x0000000700600000| Untracked 
|   4|0x0000000700800000, 0x0000000700a00000, 0x0000000700a00000|100%| O|  |TAMS 0x0000000700800000| PB 0x0000000700800000| Untracked 
|   5|0x0000000700a00000, 0x0000000700c00000, 0x0000000700c00000|100%| O|  |TAMS 0x0000000700a00000| PB 0x0000000700a00000| Untracked 
|   6|0x0000000700c00000, 0x0000000700e00000, 0x0000000700e00000|100%| O|  |TAMS 0x0000000700c00000| PB 0x0000000700c00000| Untracked 
|   7|0x0000000700e00000, 0x0000000701000000, 0x0000000701000000|100%| O|  |TAMS 0x0000000700e00000| PB 0x0000000700e00000| Untracked 
|   8|0x0000000701000000, 0x0000000701200000, 0x0000000701200000|100%| O|  |TAMS 0x0000000701000000| PB 0x0000000701000000| Untracked 
|   9|0x0000000701200000, 0x0000000701400000, 0x0000000701400000|100%| O|  |TAMS 0x0000000701200000| PB 0x0000000701200000| Untracked 
|  10|0x0000000701400000, 0x0000000701600000, 0x0000000701600000|100%| O|  |TAMS 0x0000000701400000| PB 0x0000000701400000| Untracked 
|  11|0x0000000701600000, 0x0000000701800000, 0x0000000701800000|100%| O|  |TAMS 0x0000000701600000| PB 0x0000000701600000| Untracked 
|  12|0x0000000701800000, 0x0000000701a00000, 0x0000000701a00000|100%| O|  |TAMS 0x0000000701800000| PB 0x0000000701800000| Untracked 
|  13|0x0000000701a00000, 0x0000000701c00000, 0x0000000701c00000|100%| O|  |TAMS 0x0000000701a00000| PB 0x0000000701a00000| Untracked 
|  14|0x0000000701c00000, 0x0000000701e00000, 0x0000000701e00000|100%| O|  |TAMS 0x0000000701c00000| PB 0x0000000701c00000| Untracked 
|  15|0x0000000701e00000, 0x0000000701ece450, 0x0000000702000000| 40%| O|  |TAMS 0x0000000701e00000| PB 0x0000000701e00000| Untracked 
|  16|0x0000000702000000, 0x0000000702000000, 0x0000000702200000|  0%| F|  |TAMS 0x0000000702000000| PB 0x0000000702000000| Untracked 
|  17|0x0000000702200000, 0x000000070238eee0, 0x0000000702400000| 77%| O|Cm|TAMS 0x0000000702200000| PB 0x0000000702200000| Complete 
|  18|0x0000000702400000, 0x0000000702400000, 0x0000000702600000|  0%| F|  |TAMS 0x0000000702400000| PB 0x0000000702400000| Untracked 
|  19|0x0000000702600000, 0x0000000702600000, 0x0000000702800000|  0%| F|  |TAMS 0x0000000702600000| PB 0x0000000702600000| Untracked 
|  20|0x0000000702800000, 0x0000000702800000, 0x0000000702a00000|  0%| F|  |TAMS 0x0000000702800000| PB 0x0000000702800000| Untracked 
|  21|0x0000000702a00000, 0x0000000702a00000, 0x0000000702c00000|  0%| F|  |TAMS 0x0000000702a00000| PB 0x0000000702a00000| Untracked 
|  22|0x0000000702c00000, 0x0000000702c00000, 0x0000000702e00000|  0%| F|  |TAMS 0x0000000702c00000| PB 0x0000000702c00000| Untracked 
|  23|0x0000000702e00000, 0x0000000702e00000, 0x0000000703000000|  0%| F|  |TAMS 0x0000000702e00000| PB 0x0000000702e00000| Untracked 
|  24|0x0000000703000000, 0x0000000703000000, 0x0000000703200000|  0%| F|  |TAMS 0x0000000703000000| PB 0x0000000703000000| Untracked 
|  25|0x0000000703200000, 0x0000000703200000, 0x0000000703400000|  0%| F|  |TAMS 0x0000000703200000| PB 0x0000000703200000| Untracked 
|  26|0x0000000703400000, 0x0000000703400000, 0x0000000703600000|  0%| F|  |TAMS 0x0000000703400000| PB 0x0000000703400000| Untracked 
|  27|0x0000000703600000, 0x0000000703600000, 0x0000000703800000|  0%| F|  |TAMS 0x0000000703600000| PB 0x0000000703600000| Untracked 
|  28|0x0000000703800000, 0x0000000703800000, 0x0000000703a00000|  0%| F|  |TAMS 0x0000000703800000| PB 0x0000000703800000| Untracked 
|  29|0x0000000703a00000, 0x0000000703a00000, 0x0000000703c00000|  0%| F|  |TAMS 0x0000000703a00000| PB 0x0000000703a00000| Untracked 
|  30|0x0000000703c00000, 0x0000000703c00000, 0x0000000703e00000|  0%| F|  |TAMS 0x0000000703c00000| PB 0x0000000703c00000| Untracked 
|  31|0x0000000703e00000, 0x0000000703e00000, 0x0000000704000000|  0%| F|  |TAMS 0x0000000703e00000| PB 0x0000000703e00000| Untracked 
|  32|0x0000000704000000, 0x0000000704000000, 0x0000000704200000|  0%| F|  |TAMS 0x0000000704000000| PB 0x0000000704000000| Untracked 
|  33|0x0000000704200000, 0x0000000704200000, 0x0000000704400000|  0%| F|  |TAMS 0x0000000704200000| PB 0x0000000704200000| Untracked 
|  34|0x0000000704400000, 0x0000000704400000, 0x0000000704600000|  0%| F|  |TAMS 0x0000000704400000| PB 0x0000000704400000| Untracked 
|  35|0x0000000704600000, 0x0000000704600000, 0x0000000704800000|  0%| F|  |TAMS 0x0000000704600000| PB 0x0000000704600000| Untracked 
|  36|0x0000000704800000, 0x0000000704800000, 0x0000000704a00000|  0%| F|  |TAMS 0x0000000704800000| PB 0x0000000704800000| Untracked 
|  37|0x0000000704a00000, 0x0000000704a00000, 0x0000000704c00000|  0%| F|  |TAMS 0x0000000704a00000| PB 0x0000000704a00000| Untracked 
|  38|0x0000000704c00000, 0x0000000704c00000, 0x0000000704e00000|  0%| F|  |TAMS 0x0000000704c00000| PB 0x0000000704c00000| Untracked 
|  39|0x0000000704e00000, 0x0000000704e00000, 0x0000000705000000|  0%| F|  |TAMS 0x0000000704e00000| PB 0x0000000704e00000| Untracked 
|  40|0x0000000705000000, 0x0000000705000000, 0x0000000705200000|  0%| F|  |TAMS 0x0000000705000000| PB 0x0000000705000000| Untracked 
|  41|0x0000000705200000, 0x0000000705200000, 0x0000000705400000|  0%| F|  |TAMS 0x0000000705200000| PB 0x0000000705200000| Untracked 
|  42|0x0000000705400000, 0x0000000705400000, 0x0000000705600000|  0%| F|  |TAMS 0x0000000705400000| PB 0x0000000705400000| Untracked 
|  43|0x0000000705600000, 0x0000000705600000, 0x0000000705800000|  0%| F|  |TAMS 0x0000000705600000| PB 0x0000000705600000| Untracked 
|  44|0x0000000705800000, 0x0000000705800000, 0x0000000705a00000|  0%| F|  |TAMS 0x0000000705800000| PB 0x0000000705800000| Untracked 
|  45|0x0000000705a00000, 0x0000000705a00000, 0x0000000705c00000|  0%| F|  |TAMS 0x0000000705a00000| PB 0x0000000705a00000| Untracked 
|  46|0x0000000705c00000, 0x0000000705c00000, 0x0000000705e00000|  0%| F|  |TAMS 0x0000000705c00000| PB 0x0000000705c00000| Untracked 
|  47|0x0000000705e00000, 0x0000000705e00000, 0x0000000706000000|  0%| F|  |TAMS 0x0000000705e00000| PB 0x0000000705e00000| Untracked 
|  48|0x0000000706000000, 0x00000007060c0c60, 0x0000000706200000| 37%| E|  |TAMS 0x0000000706000000| PB 0x0000000706000000| Complete 
|  49|0x0000000706200000, 0x0000000706400000, 0x0000000706400000|100%| E|CS|TAMS 0x0000000706200000| PB 0x0000000706200000| Complete 
|  50|0x0000000706400000, 0x0000000706600000, 0x0000000706600000|100%| E|CS|TAMS 0x0000000706400000| PB 0x0000000706400000| Complete 
|  51|0x0000000706600000, 0x0000000706800000, 0x0000000706800000|100%| E|CS|TAMS 0x0000000706600000| PB 0x0000000706600000| Complete 
|  52|0x0000000706800000, 0x000000070691c738, 0x0000000706a00000| 55%| S|CS|TAMS 0x0000000706800000| PB 0x0000000706800000| Complete 
|  53|0x0000000706a00000, 0x0000000706c00000, 0x0000000706c00000|100%| E|CS|TAMS 0x0000000706a00000| PB 0x0000000706a00000| Complete 
|  54|0x0000000706c00000, 0x0000000706e00000, 0x0000000706e00000|100%| E|CS|TAMS 0x0000000706c00000| PB 0x0000000706c00000| Complete 
| 104|0x000000070d000000, 0x000000070d200000, 0x000000070d200000|100%| E|CS|TAMS 0x000000070d000000| PB 0x000000070d000000| Complete 
| 107|0x000000070d600000, 0x000000070d800000, 0x000000070d800000|100%| E|CS|TAMS 0x000000070d600000| PB 0x000000070d600000| Complete 

Card table byte_map: [0x000001e530920000,0x000001e531120000] _byte_map_base: 0x000001e52d120000

Marking Bits: (CMBitMap*) 0x000001e51dc5b450
 Bits: [0x000001e531120000, 0x000001e535120000)

Polling page: 0x000001e51baa0000

Metaspace:

Usage:
  Non-class:     32.00 MB used.
      Class:      5.31 MB used.
       Both:     37.31 MB used.

Virtual space:
  Non-class space:       64.00 MB reserved,      32.62 MB ( 51%) committed,  1 nodes.
      Class space:        1.00 GB reserved,       5.88 MB ( <1%) committed,  1 nodes.
             Both:        1.06 GB reserved,      38.50 MB (  4%) committed. 

Chunk freelists:
   Non-Class:  15.36 MB
       Class:  9.94 MB
        Both:  25.30 MB

MaxMetaspaceSize: unlimited
CompressedClassSpaceSize: 1.00 GB
Initial GC threshold: 21.00 MB
Current GC threshold: 60.25 MB
CDS: on
 - commit_granule_bytes: 65536.
 - commit_granule_words: 8192.
 - virtual_space_node_default_size: 8388608.
 - enlarge_chunks_in_place: 1.
 - use_allocation_guard: 0.


Internal statistics:

num_allocs_failed_limit: 9.
num_arena_births: 2006.
num_arena_deaths: 0.
num_vsnodes_births: 2.
num_vsnodes_deaths: 0.
num_space_committed: 616.
num_space_uncommitted: 0.
num_chunks_returned_to_freelist: 9.
num_chunks_taken_from_freelist: 3626.
num_chunk_merges: 9.
num_chunk_splits: 2377.
num_chunks_enlarged: 1524.
num_inconsistent_stats: 0.

CodeHeap 'non-profiled nmethods': size=120000Kb used=3209Kb max_used=3403Kb free=116790Kb
 bounds [0x000001e5288b0000, 0x000001e528c20000, 0x000001e52fde0000]
CodeHeap 'profiled nmethods': size=120000Kb used=8998Kb max_used=10370Kb free=111001Kb
 bounds [0x000001e520de0000, 0x000001e521810000, 0x000001e528310000]
CodeHeap 'non-nmethods': size=5760Kb used=2556Kb max_used=2597Kb free=3203Kb
 bounds [0x000001e528310000, 0x000001e5285b0000, 0x000001e5288b0000]
CodeCache: size=245760Kb, used=14763Kb, max_used=16370Kb, free=230994Kb
 total_blobs=5614, nmethods=4785, adapters=734, full_count=0
Compilation: enabled, stopped_count=0, restarted_count=0

Compilation events (20 events):
Event: 780.125 Thread 0x000001e537b4a2e0 nmethod 5480 0x000001e520ee9990 code [0x000001e520ee9f80, 0x000001e520eed190]
Event: 780.125 Thread 0x000001e537b4a2e0 5482       3       java.lang.reflect.ProxyGenerator$ProxyMethod::codeFieldInitialization (159 bytes)
Event: 780.126 Thread 0x000001e537b4a2e0 nmethod 5482 0x000001e5213a5490 code [0x000001e5213a5740, 0x000001e5213a6270]
Event: 780.126 Thread 0x000001e537b4a2e0 5481       3       java.lang.reflect.ProxyGenerator::computeUniqueCatchList (163 bytes)
Event: 780.129 Thread 0x000001e537b4a2e0 nmethod 5481 0x000001e520ea7010 code [0x000001e520ea7360, 0x000001e520ea8890]
Event: 780.140 Thread 0x000001e537b4a2e0 5483       3       org.gradle.internal.service.DefaultServiceRegistry$FactoryService::assembleParameters (58 bytes)
Event: 780.141 Thread 0x000001e537b4a2e0 nmethod 5483 0x000001e520f7ff90 code [0x000001e520f80180, 0x000001e520f80790]
Event: 780.141 Thread 0x000001e537b4a2e0 5484       3       java.lang.invoke.BoundMethodHandle$Species_LLLL::make (16 bytes)
Event: 780.142 Thread 0x000001e537b4a2e0 nmethod 5484 0x000001e520f38c90 code [0x000001e520f38e60, 0x000001e520f39228]
Event: 780.142 Thread 0x000001e537b4a2e0 5485       3       java.lang.invoke.BoundMethodHandle$Species_LLLL::<init> (30 bytes)
Event: 780.142 Thread 0x000001e537b4a2e0 nmethod 5485 0x000001e521035a10 code [0x000001e521035be0, 0x000001e521035f50]
Event: 780.237 Thread 0x000001e537b4a2e0 5486   !   3       sun.invoke.util.VerifyAccess$1::run (16 bytes)
Event: 780.238 Thread 0x000001e537b4a2e0 nmethod 5486 0x000001e52131bf90 code [0x000001e52131c140, 0x000001e52131c2e8]
Event: 780.625 Thread 0x000001e537b4a2e0 5487       3       java.lang.invoke.MethodHandles$Lookup::unreflectConstructor (55 bytes)
Event: 780.626 Thread 0x000001e537b4a2e0 nmethod 5487 0x000001e52103eb90 code [0x000001e52103ed60, 0x000001e52103f090]
Event: 780.634 Thread 0x000001e537b4a2e0 5488       3       jdk.internal.reflect.MethodHandleAccessorFactory::specializedMethodTypeForConstructor (66 bytes)
Event: 780.634 Thread 0x000001e537b4a2e0 nmethod 5488 0x000001e5212bd990 code [0x000001e5212bdbc0, 0x000001e5212be090]
Event: 780.732 Thread 0x000001e537b470e0 5489       4       java.lang.invoke.LambdaFormBuffer::clearDuplicatesAndNulls (268 bytes)
Event: 780.765 Thread 0x000001e537b470e0 nmethod 5489 0x000001e52891b890 code [0x000001e52891ba80, 0x000001e52891c528]
Event: 780.806 Thread 0x000001e537b470e0 5490       4       java.lang.String::split (148 bytes)

GC Heap History (20 events):
Event: 582.423 GC heap before
{Heap before GC invocations=19 (full 0):
 garbage-first heap   total 174080K, used 36245K [0x0000000700000000, 0x0000000800000000)
  region size 2048K, 4 young (8192K), 1 survivors (2048K)
 Metaspace       used 32923K, committed 33856K, reserved 1114112K
  class space    used 4712K, committed 5120K, reserved 1048576K
}
Event: 582.427 GC heap after
{Heap after GC invocations=20 (full 0):
 garbage-first heap   total 174080K, used 30527K [0x0000000700000000, 0x0000000800000000)
  region size 2048K, 1 young (2048K), 1 survivors (2048K)
 Metaspace       used 32923K, committed 33856K, reserved 1114112K
  class space    used 4712K, committed 5120K, reserved 1048576K
}
Event: 582.527 GC heap before
{Heap before GC invocations=20 (full 0):
 garbage-first heap   total 174080K, used 36671K [0x0000000700000000, 0x0000000800000000)
  region size 2048K, 4 young (8192K), 1 survivors (2048K)
 Metaspace       used 32963K, committed 33856K, reserved 1114112K
  class space    used 4712K, committed 5120K, reserved 1048576K
}
Event: 582.533 GC heap after
{Heap after GC invocations=21 (full 0):
 garbage-first heap   total 174080K, used 30675K [0x0000000700000000, 0x0000000800000000)
  region size 2048K, 1 young (2048K), 1 survivors (2048K)
 Metaspace       used 32963K, committed 33856K, reserved 1114112K
  class space    used 4712K, committed 5120K, reserved 1048576K
}
Event: 582.677 GC heap before
{Heap before GC invocations=21 (full 0):
 garbage-first heap   total 174080K, used 36819K [0x0000000700000000, 0x0000000800000000)
  region size 2048K, 4 young (8192K), 1 survivors (2048K)
 Metaspace       used 32963K, committed 33856K, reserved 1114112K
  class space    used 4712K, committed 5120K, reserved 1048576K
}
Event: 582.684 GC heap after
{Heap after GC invocations=22 (full 0):
 garbage-first heap   total 221184K, used 31397K [0x0000000700000000, 0x0000000800000000)
  region size 2048K, 1 young (2048K), 1 survivors (2048K)
 Metaspace       used 32963K, committed 33856K, reserved 1114112K
  class space    used 4712K, committed 5120K, reserved 1048576K
}
Event: 583.236 GC heap before
{Heap before GC invocations=22 (full 0):
 garbage-first heap   total 221184K, used 39589K [0x0000000700000000, 0x0000000800000000)
  region size 2048K, 5 young (10240K), 1 survivors (2048K)
 Metaspace       used 33119K, committed 34048K, reserved 1114112K
  class space    used 4726K, committed 5184K, reserved 1048576K
}
Event: 583.241 GC heap after
{Heap after GC invocations=23 (full 0):
 garbage-first heap   total 221184K, used 31674K [0x0000000700000000, 0x0000000800000000)
  region size 2048K, 1 young (2048K), 1 survivors (2048K)
 Metaspace       used 33119K, committed 34048K, reserved 1114112K
  class space    used 4726K, committed 5184K, reserved 1048576K
}
Event: 585.321 GC heap before
{Heap before GC invocations=23 (full 0):
 garbage-first heap   total 221184K, used 41914K [0x0000000700000000, 0x0000000800000000)
  region size 2048K, 5 young (10240K), 1 survivors (2048K)
 Metaspace       used 34470K, committed 35520K, reserved 1114112K
  class space    used 4851K, committed 5376K, reserved 1048576K
}
Event: 585.325 GC heap after
{Heap after GC invocations=24 (full 0):
 garbage-first heap   total 221184K, used 32306K [0x0000000700000000, 0x0000000800000000)
  region size 2048K, 1 young (2048K), 1 survivors (2048K)
 Metaspace       used 34470K, committed 35520K, reserved 1114112K
  class space    used 4851K, committed 5376K, reserved 1048576K
}
Event: 585.884 GC heap before
{Heap before GC invocations=24 (full 0):
 garbage-first heap   total 221184K, used 40498K [0x0000000700000000, 0x0000000800000000)
  region size 2048K, 5 young (10240K), 1 survivors (2048K)
 Metaspace       used 35476K, committed 36480K, reserved 1114112K
  class space    used 5001K, committed 5504K, reserved 1048576K
}
Event: 585.891 GC heap after
{Heap after GC invocations=25 (full 0):
 garbage-first heap   total 221184K, used 33159K [0x0000000700000000, 0x0000000800000000)
  region size 2048K, 1 young (2048K), 1 survivors (2048K)
 Metaspace       used 35476K, committed 36480K, reserved 1114112K
  class space    used 5001K, committed 5504K, reserved 1048576K
}
Event: 622.222 GC heap before
{Heap before GC invocations=25 (full 0):
 garbage-first heap   total 221184K, used 41351K [0x0000000700000000, 0x0000000800000000)
  region size 2048K, 5 young (10240K), 1 survivors (2048K)
 Metaspace       used 35761K, committed 36864K, reserved 1114112K
  class space    used 5053K, committed 5568K, reserved 1048576K
}
Event: 622.262 GC heap after
{Heap after GC invocations=26 (full 0):
 garbage-first heap   total 221184K, used 33376K [0x0000000700000000, 0x0000000800000000)
  region size 2048K, 1 young (2048K), 1 survivors (2048K)
 Metaspace       used 35761K, committed 36864K, reserved 1114112K
  class space    used 5053K, committed 5568K, reserved 1048576K
}
Event: 762.223 GC heap before
{Heap before GC invocations=26 (full 0):
 garbage-first heap   total 221184K, used 53856K [0x0000000700000000, 0x0000000800000000)
  region size 2048K, 12 young (24576K), 1 survivors (2048K)
 Metaspace       used 35772K, committed 36864K, reserved 1114112K
  class space    used 5054K, committed 5568K, reserved 1048576K
}
Event: 762.281 GC heap after
{Heap after GC invocations=27 (full 0):
 garbage-first heap   total 221184K, used 33328K [0x0000000700000000, 0x0000000800000000)
  region size 2048K, 1 young (2048K), 1 survivors (2048K)
 Metaspace       used 35772K, committed 36864K, reserved 1114112K
  class space    used 5054K, committed 5568K, reserved 1048576K
}
Event: 773.558 GC heap before
{Heap before GC invocations=27 (full 0):
 garbage-first heap   total 221184K, used 37424K [0x0000000700000000, 0x0000000800000000)
  region size 2048K, 4 young (8192K), 1 survivors (2048K)
 Metaspace       used 35848K, committed 36928K, reserved 1114112K
  class space    used 5063K, committed 5632K, reserved 1048576K
}
Event: 773.597 GC heap after
{Heap after GC invocations=28 (full 0):
 garbage-first heap   total 221184K, used 33922K [0x0000000700000000, 0x0000000800000000)
  region size 2048K, 1 young (2048K), 1 survivors (2048K)
 Metaspace       used 35848K, committed 36928K, reserved 1114112K
  class space    used 5063K, committed 5632K, reserved 1048576K
}
Event: 775.389 GC heap before
{Heap before GC invocations=29 (full 0):
 garbage-first heap   total 116736K, used 40066K [0x0000000700000000, 0x0000000800000000)
  region size 2048K, 4 young (8192K), 1 survivors (2048K)
 Metaspace       used 36646K, committed 37696K, reserved 1114112K
  class space    used 5170K, committed 5696K, reserved 1048576K
}
Event: 775.396 GC heap after
{Heap after GC invocations=30 (full 0):
 garbage-first heap   total 116736K, used 34278K [0x0000000700000000, 0x0000000800000000)
  region size 2048K, 1 young (2048K), 1 survivors (2048K)
 Metaspace       used 36646K, committed 37696K, reserved 1114112K
  class space    used 5170K, committed 5696K, reserved 1048576K
}

Dll operation events (20 events):
Event: 2.379 Attempting to load shared library C:\Users\NAGARAJU\.antigravity-ide\extensions\redhat.java-1.56.0-win32-x64\jre\21.0.12.1-win32-x86_64\bin\nio.dll
Event: 2.489 Loaded shared library C:\Users\NAGARAJU\.antigravity-ide\extensions\redhat.java-1.56.0-win32-x64\jre\21.0.12.1-win32-x86_64\bin\nio.dll
Event: 2.494 Attempting to load shared library C:\Users\NAGARAJU\.antigravity-ide\extensions\redhat.java-1.56.0-win32-x64\jre\21.0.12.1-win32-x86_64\bin\zip.dll
Event: 2.494 Loaded shared library C:\Users\NAGARAJU\.antigravity-ide\extensions\redhat.java-1.56.0-win32-x64\jre\21.0.12.1-win32-x86_64\bin\zip.dll
Event: 10.367 Attempting to load shared library C:\Users\NAGARAJU\.antigravity-ide\extensions\redhat.java-1.56.0-win32-x64\jre\21.0.12.1-win32-x86_64\bin\jimage.dll
Event: 10.367 Loaded shared library C:\Users\NAGARAJU\.antigravity-ide\extensions\redhat.java-1.56.0-win32-x64\jre\21.0.12.1-win32-x86_64\bin\jimage.dll
Event: 11.266 Attempting to load shared library C:\Users\NAGARAJU\.antigravity-ide\extensions\redhat.java-1.56.0-win32-x64\jre\21.0.12.1-win32-x86_64\bin\verify.dll
Event: 11.319 Loaded shared library C:\Users\NAGARAJU\.antigravity-ide\extensions\redhat.java-1.56.0-win32-x64\jre\21.0.12.1-win32-x86_64\bin\verify.dll
Event: 11.593 Attempting to load shared library C:\Users\NAGARAJU\.gradle\native\1def1411415f61bf3af743bc5b6707747c0891f09f0c88961ee8f79bc544acac\windows-amd64\native-platform.dll
Event: 11.597 Loaded shared library C:\Users\NAGARAJU\.gradle\native\1def1411415f61bf3af743bc5b6707747c0891f09f0c88961ee8f79bc544acac\windows-amd64\native-platform.dll
Event: 11.628 Attempting to load shared library C:\Users\NAGARAJU\.gradle\native\0.2.7\x86_64-windows-gnu\gradle-fileevents.dll
Event: 11.634 Loaded shared library C:\Users\NAGARAJU\.gradle\native\0.2.7\x86_64-windows-gnu\gradle-fileevents.dll
Event: 17.021 Attempting to load shared library C:\Users\NAGARAJU\.antigravity-ide\extensions\redhat.java-1.56.0-win32-x64\jre\21.0.12.1-win32-x86_64\bin\management.dll
Event: 17.029 Loaded shared library C:\Users\NAGARAJU\.antigravity-ide\extensions\redhat.java-1.56.0-win32-x64\jre\21.0.12.1-win32-x86_64\bin\management.dll
Event: 17.048 Attempting to load shared library C:\Users\NAGARAJU\.antigravity-ide\extensions\redhat.java-1.56.0-win32-x64\jre\21.0.12.1-win32-x86_64\bin\management_ext.dll
Event: 17.055 Loaded shared library C:\Users\NAGARAJU\.antigravity-ide\extensions\redhat.java-1.56.0-win32-x64\jre\21.0.12.1-win32-x86_64\bin\management_ext.dll
Event: 19.022 Attempting to load shared library C:\Users\NAGARAJU\.antigravity-ide\extensions\redhat.java-1.56.0-win32-x64\jre\21.0.12.1-win32-x86_64\bin\extnet.dll
Event: 19.030 Loaded shared library C:\Users\NAGARAJU\.antigravity-ide\extensions\redhat.java-1.56.0-win32-x64\jre\21.0.12.1-win32-x86_64\bin\extnet.dll
Event: 22.344 Attempting to load shared library C:\Users\NAGARAJU\.antigravity-ide\extensions\redhat.java-1.56.0-win32-x64\jre\21.0.12.1-win32-x86_64\bin\sunmscapi.dll
Event: 22.385 Loaded shared library C:\Users\NAGARAJU\.antigravity-ide\extensions\redhat.java-1.56.0-win32-x64\jre\21.0.12.1-win32-x86_64\bin\sunmscapi.dll

Deoptimization events (20 events):
Event: 776.209 Thread 0x000001e57e3670a0 Uncommon trap: trap_request=0xffffffbe fr.pc=0x000001e528944940 relative=0x0000000000001060
Event: 776.209 Thread 0x000001e57e3670a0 Uncommon trap: reason=profile_predicate action=maybe_recompile pc=0x000001e528944940 method=java.lang.invoke.InvokerBytecodeGenerator.<init>(Ljava/lang/String;Ljava/lang/String;Ljava/lang/invoke/LambdaForm;Ljava/lang/invoke/MethodType;)V @ 33 c2
Event: 776.209 Thread 0x000001e57e3670a0 DEOPT PACKING pc=0x000001e528944940 sp=0x00000061d85f9400
Event: 776.209 Thread 0x000001e57e3670a0 DEOPT UNPACKING pc=0x000001e528364422 sp=0x00000061d85f93b0 mode 2
Event: 776.210 Thread 0x000001e57e3670a0 Uncommon trap: trap_request=0xffffffbe fr.pc=0x000001e528944940 relative=0x0000000000001060
Event: 776.210 Thread 0x000001e57e3670a0 Uncommon trap: reason=profile_predicate action=maybe_recompile pc=0x000001e528944940 method=java.lang.invoke.InvokerBytecodeGenerator.<init>(Ljava/lang/String;Ljava/lang/String;Ljava/lang/invoke/LambdaForm;Ljava/lang/invoke/MethodType;)V @ 33 c2
Event: 776.210 Thread 0x000001e57e3670a0 DEOPT PACKING pc=0x000001e528944940 sp=0x00000061d85f9820
Event: 776.210 Thread 0x000001e57e3670a0 DEOPT UNPACKING pc=0x000001e528364422 sp=0x00000061d85f97d0 mode 2
Event: 776.313 Thread 0x000001e57e3670a0 Uncommon trap: trap_request=0xffffff45 fr.pc=0x000001e528b7e1d4 relative=0x0000000000002474
Event: 776.313 Thread 0x000001e57e3670a0 Uncommon trap: reason=unstable_if action=reinterpret pc=0x000001e528b7e1d4 method=java.util.regex.Pattern.compile()V @ 338 c2
Event: 776.313 Thread 0x000001e57e3670a0 DEOPT PACKING pc=0x000001e528b7e1d4 sp=0x00000061d85f8ab0
Event: 776.313 Thread 0x000001e57e3670a0 DEOPT UNPACKING pc=0x000001e528364422 sp=0x00000061d85f8a90 mode 2
Event: 776.336 Thread 0x000001e57e3670a0 Uncommon trap: trap_request=0xffffffbe fr.pc=0x000001e528944940 relative=0x0000000000001060
Event: 776.336 Thread 0x000001e57e3670a0 Uncommon trap: reason=profile_predicate action=maybe_recompile pc=0x000001e528944940 method=java.lang.invoke.InvokerBytecodeGenerator.<init>(Ljava/lang/String;Ljava/lang/String;Ljava/lang/invoke/LambdaForm;Ljava/lang/invoke/MethodType;)V @ 33 c2
Event: 776.336 Thread 0x000001e57e3670a0 DEOPT PACKING pc=0x000001e528944940 sp=0x00000061d85f8b10
Event: 776.336 Thread 0x000001e57e3670a0 DEOPT UNPACKING pc=0x000001e528364422 sp=0x00000061d85f8ac0 mode 2
Event: 776.337 Thread 0x000001e57e3670a0 Uncommon trap: trap_request=0xffffffbe fr.pc=0x000001e528944940 relative=0x0000000000001060
Event: 776.345 Thread 0x000001e57e3670a0 Uncommon trap: reason=profile_predicate action=maybe_recompile pc=0x000001e528944940 method=java.lang.invoke.InvokerBytecodeGenerator.<init>(Ljava/lang/String;Ljava/lang/String;Ljava/lang/invoke/LambdaForm;Ljava/lang/invoke/MethodType;)V @ 33 c2
Event: 776.345 Thread 0x000001e57e3670a0 DEOPT PACKING pc=0x000001e528944940 sp=0x00000061d85f8a10
Event: 776.345 Thread 0x000001e57e3670a0 DEOPT UNPACKING pc=0x000001e528364422 sp=0x00000061d85f89c0 mode 2

Classes loaded (20 events):
Event: 585.728 Loading class java/util/BitSet$1BitSetSpliterator
Event: 585.728 Loading class java/util/BitSet$1BitSetSpliterator done
Event: 585.843 Loading class java/lang/SafeVarargs
Event: 585.844 Loading class java/lang/SafeVarargs done
Event: 585.910 Loading class jdk/internal/reflect/MethodHandleIntegerFieldAccessorImpl
Event: 585.914 Loading class jdk/internal/reflect/MethodHandleIntegerFieldAccessorImpl done
Event: 586.002 Loading class sun/nio/fs/WindowsException
Event: 586.003 Loading class sun/nio/fs/WindowsException done
Event: 774.456 Loading class java/util/function/IntBinaryOperator
Event: 774.460 Loading class java/util/function/IntBinaryOperator done
Event: 774.685 Loading class java/security/CodeSigner
Event: 774.687 Loading class java/security/CodeSigner done
Event: 774.836 Loading class sun/reflect/MagicAccessorImpl
Event: 774.836 Loading class sun/reflect/MagicAccessorImpl done
Event: 775.011 Loading class sun/invoke/util/ValueConversions$1
Event: 775.012 Loading class sun/invoke/util/ValueConversions$1 done
Event: 775.016 Loading class java/lang/invoke/BoundMethodHandle$Species_LI
Event: 775.016 Loading class java/lang/invoke/BoundMethodHandle$Species_LI done
Event: 775.053 Loading class java/util/DualPivotQuicksort
Event: 775.059 Loading class java/util/DualPivotQuicksort done

Classes unloaded (0 events):
No events

Classes redefined (0 events):
No events

Internal exceptions (20 events):
Event: 769.092 Thread 0x000001e57e3670a0 Exception <a 'java/lang/ClassNotFoundException'{0x000000070d48cf20}: org/gradle/initialization/DefaultSettingsBeanInfo> (0x000000070d48cf20) 
thrown [s\src\hotspot\share\classfile\systemDictionary.cpp, line 313]
Event: 769.401 Thread 0x000001e57e3670a0 Exception <a 'java/lang/ClassNotFoundException'{0x000000070d49b268}: org/gradle/initialization/DefaultSettingsCustomizer> (0x000000070d49b268) 
thrown [s\src\hotspot\share\classfile\systemDictionary.cpp, line 313]
Event: 770.652 Thread 0x000001e57e3670a0 Exception <a 'java/lang/ClassNotFoundException'{0x000000070d4f0f80}: org/gradle/initialization/DefaultSettings_DecoratedCustomizer> (0x000000070d4f0f80) 
thrown [s\src\hotspot\share\classfile\systemDictionary.cpp, line 313]
Event: 773.840 Thread 0x000001e57e3670a0 Exception <a 'java/lang/ClassNotFoundException'{0x000000070d62d1d8}: org/gradle/internal/metaobject/ConfigureDelegateBeanInfo> (0x000000070d62d1d8) 
thrown [s\src\hotspot\share\classfile\systemDictionary.cpp, line 313]
Event: 773.859 Thread 0x000001e57e3670a0 Exception <a 'java/lang/ClassNotFoundException'{0x000000070d63ca28}: org/gradle/internal/metaobject/ConfigureDelegateCustomizer> (0x000000070d63ca28) 
thrown [s\src\hotspot\share\classfile\systemDictionary.cpp, line 313]
Event: 774.611 Thread 0x000001e57e3670a0 Exception <a 'java/lang/ClassNotFoundException'{0x000000070d714e08}: org/gradle/plugin/management/internal/DefaultPluginManagementSpec_DecoratedBeanInfo> (0x000000070d714e08) 
thrown [s\src\hotspot\share\classfile\systemDictionary.cpp, line 313]
Event: 774.618 Thread 0x000001e57e3670a0 Exception <a 'java/lang/ClassNotFoundException'{0x000000070d727b58}: org/gradle/plugin/management/internal/DefaultPluginManagementSpecBeanInfo> (0x000000070d727b58) 
thrown [s\src\hotspot\share\classfile\systemDictionary.cpp, line 313]
Event: 774.626 Thread 0x000001e57e3670a0 Exception <a 'java/lang/ClassNotFoundException'{0x000000070d73a348}: org/gradle/plugin/management/internal/DefaultPluginManagementSpecCustomizer> (0x000000070d73a348) 
thrown [s\src\hotspot\share\classfile\systemDictionary.cpp, line 313]
Event: 774.640 Thread 0x000001e57e3670a0 Exception <a 'java/lang/ClassNotFoundException'{0x000000070d75d008}: org/gradle/plugin/management/internal/DefaultPluginManagementSpec_DecoratedCustomizer> (0x000000070d75d008) 
thrown [s\src\hotspot\share\classfile\systemDictionary.cpp, line 313]
Event: 774.997 Thread 0x000001e57e3670a0 Exception <a 'java/lang/ClassNotFoundException'{0x0000000706d7c0f8}: org/gradle/plugin/use/internal/PluginRequestCollector$PluginDependenciesSpecImplBeanInfo> (0x0000000706d7c0f8) 
thrown [s\src\hotspot\share\classfile\systemDictionary.cpp, line 313]
Event: 774.999 Thread 0x000001e57e3670a0 Exception <a 'java/lang/ClassNotFoundException'{0x0000000706d8c580}: org/gradle/plugin/use/internal/PluginRequestCollector$PluginDependenciesSpecImplCustomizer> (0x0000000706d8c580) 
thrown [s\src\hotspot\share\classfile\systemDictionary.cpp, line 313]
Event: 775.008 Thread 0x000001e57e3670a0 Exception <a 'java/lang/NoSuchMethodError'{0x0000000706d9ad78}: 'java.lang.Object java.lang.invoke.DirectMethodHandle$Holder.invokeVirtual(java.lang.Object, java.lang.Object, java.lang.Object, int)'> (0x0000000706d9ad78) 
thrown [s\src\hotspot\share\interpreter\linkResolver.cpp, line 773]
Event: 775.009 Thread 0x000001e57e3670a0 Implicit null exception at 0x000001e528a8bbf2 to 0x000001e528a8be70
Event: 775.014 Thread 0x000001e57e3670a0 Exception <a 'java/lang/NoSuchMethodError'{0x0000000706da0068}: 'int java.lang.invoke.DirectMethodHandle$Holder.invokeSpecial(java.lang.Object, java.lang.Object, java.lang.Object, int)'> (0x0000000706da0068) 
thrown [s\src\hotspot\share\interpreter\linkResolver.cpp, line 773]
Event: 775.022 Thread 0x000001e57e3670a0 Exception <a 'java/lang/NoSuchMethodError'{0x0000000706db1258}: 'java.lang.Object java.lang.invoke.DirectMethodHandle$Holder.invokeStatic(java.lang.Object, java.lang.Object, java.lang.Object, java.lang.Object, int)'> (0x0000000706db1258) 
thrown [s\src\hotspot\share\interpreter\linkResolver.cpp, line 773]
Event: 775.024 Thread 0x000001e57e3670a0 Exception <a 'java/lang/NoSuchMethodError'{0x0000000706db9668}: 'java.lang.Object java.lang.invoke.DirectMethodHandle$Holder.invokeSpecial(java.lang.Object, java.lang.Object, java.lang.Object, java.lang.Object, int)'> (0x0000000706db9668) 
thrown [s\src\hotspot\share\interpreter\linkResolver.cpp, line 773]
Event: 775.495 Thread 0x000001e57e3670a0 Exception <a 'java/lang/IncompatibleClassChangeError'{0x000000070d678cb0}: Found class java.lang.Object, but interface was expected> (0x000000070d678cb0) 
thrown [s\src\hotspot\share\interpreter\linkResolver.cpp, line 840]
Event: 779.636 Thread 0x000001e57e3670a0 Exception <a 'java/lang/NoSuchMethodError'{0x00000007065607c8}: 'java.lang.Object java.lang.invoke.DirectMethodHandle$Holder.newInvokeSpecial(java.lang.Object, java.lang.Object, java.lang.Object, java.lang.Object, java.lang.Object, java.lang.Object, java.lang.Object, java.lang.Object, java.lang.Object, java.lang.Object, java.lang.Object)'> (0x00000007065607c8) 
thrown [s\src\hotspot\share\interpreter\linkResolver.cpp, line 773]
Event: 781.880 Thread 0x000001e57e3670a0 Exception <a 'java/lang/NoSuchMethodError'{0x00000007063cea40}: 'java.lang.Object java.lang.invoke.DirectMethodHandle$Holder.newInvokeSpecial(java.lang.Object, java.lang.Object, java.lang.Object, java.lang.Object, java.lang.Object, java.lang.Object, java.lang.Object, java.lang.Object, java.lang.Object, java.lang.Object, java.lang.Object, java.lang.Object)'> (0x00000007063cea40) 
thrown [s\src\hotspot\share\interpreter\linkResolver.cpp, line 773]
Event: 781.881 Thread 0x000001e57e3670a0 Exception <a 'java/lang/NoSuchMethodError'{0x00000007063d3e58}: 'java.lang.Object java.lang.invoke.Invokers$Holder.linkToTargetMethod(java.lang.Object, java.lang.Object, java.lang.Object, java.lang.Object, java.lang.Object, java.lang.Object, java.lang.Object, java.lang.Object, java.lang.Object, java.lang.Object, java.lang.Object, java.lang.Object)'> (0x00000007063d3e58) 
thrown [s\src\hotspot\share\interpreter\linkResolver.cpp, line 773]

ZGC Phase Switch (0 events):
No events

VM Operations (20 events):
Event: 773.558 Executing safepoint VM operation: CollectForMetadataAllocation (Metadata GC Threshold)
Event: 773.598 Executing safepoint VM operation: CollectForMetadataAllocation (Metadata GC Threshold) done
Event: 773.927 Executing safepoint VM operation: G1PauseRemark
Event: 774.133 Executing safepoint VM operation: G1PauseRemark done
Event: 774.146 Executing safepoint VM operation: G1PauseCleanup
Event: 774.168 Executing safepoint VM operation: G1PauseCleanup done
Event: 775.175 Executing safepoint VM operation: Cleanup
Event: 775.190 Executing safepoint VM operation: Cleanup done
Event: 775.389 Executing safepoint VM operation: G1CollectForAllocation (G1 Evacuation Pause)
Event: 775.396 Executing safepoint VM operation: G1CollectForAllocation (G1 Evacuation Pause) done
Event: 776.401 Executing safepoint VM operation: Cleanup
Event: 776.418 Executing safepoint VM operation: Cleanup done
Event: 777.418 Executing safepoint VM operation: Cleanup
Event: 777.419 Executing safepoint VM operation: Cleanup done
Event: 778.432 Executing safepoint VM operation: Cleanup
Event: 778.432 Executing safepoint VM operation: Cleanup done
Event: 779.435 Executing safepoint VM operation: Cleanup
Event: 779.450 Executing safepoint VM operation: Cleanup done
Event: 780.459 Executing safepoint VM operation: Cleanup
Event: 780.473 Executing safepoint VM operation: Cleanup done

Memory protections (0 events):
No events

Nmethod flushes (20 events):
Event: 774.064 Thread 0x000001e537b1e3e0 flushing  nmethod 0x000001e520ff2f10
Event: 774.064 Thread 0x000001e537b1e3e0 flushing  nmethod 0x000001e520ff5710
Event: 774.064 Thread 0x000001e537b1e3e0 flushing  nmethod 0x000001e520ff7010
Event: 774.065 Thread 0x000001e537b1e3e0 flushing  nmethod 0x000001e520ffcb90
Event: 774.065 Thread 0x000001e537b1e3e0 flushing  nmethod 0x000001e521067910
Event: 774.065 Thread 0x000001e537b1e3e0 flushing  nmethod 0x000001e5210d3c90
Event: 774.065 Thread 0x000001e537b1e3e0 flushing  nmethod 0x000001e521144790
Event: 774.066 Thread 0x000001e537b1e3e0 flushing  nmethod 0x000001e521145190
Event: 774.066 Thread 0x000001e537b1e3e0 flushing  nmethod 0x000001e521149310
Event: 774.066 Thread 0x000001e537b1e3e0 flushing  nmethod 0x000001e52117fe90
Event: 774.066 Thread 0x000001e537b1e3e0 flushing  nmethod 0x000001e521181090
Event: 774.066 Thread 0x000001e537b1e3e0 flushing  nmethod 0x000001e521182510
Event: 774.066 Thread 0x000001e537b1e3e0 flushing  nmethod 0x000001e521183d10
Event: 774.066 Thread 0x000001e537b1e3e0 flushing  nmethod 0x000001e521184a10
Event: 774.066 Thread 0x000001e537b1e3e0 flushing  nmethod 0x000001e521187810
Event: 774.066 Thread 0x000001e537b1e3e0 flushing  nmethod 0x000001e521187b10
Event: 774.066 Thread 0x000001e537b1e3e0 flushing  nmethod 0x000001e5211a0910
Event: 774.067 Thread 0x000001e537b1e3e0 flushing  nmethod 0x000001e5211d3190
Event: 774.067 Thread 0x000001e537b1e3e0 flushing  nmethod 0x000001e521374590
Event: 774.067 Thread 0x000001e537b1e3e0 flushing  nmethod 0x000001e521374a10

Events (20 events):
Event: 258.260 Thread 0x000001e57e367730 Thread added: 0x000001e57e367dc0
Event: 320.196 Thread 0x000001e57e367dc0 Thread exited: 0x000001e57e367dc0
Event: 359.965 Thread 0x000001e57e367730 Thread added: 0x000001e57e367dc0
Event: 372.916 Thread 0x000001e57e3670a0 Thread added: 0x000001e50077b6d0
Event: 373.063 Thread 0x000001e57e3670a0 Thread added: 0x000001e50077f1e0
Event: 374.172 Thread 0x000001e57e3670a0 Thread added: 0x000001e50077d7a0
Event: 374.195 Thread 0x000001e57e3670a0 Thread added: 0x000001e50077d110
Event: 461.035 Thread 0x000001e57e367dc0 Thread exited: 0x000001e57e367dc0
Event: 497.764 Thread 0x000001e57e367730 Thread added: 0x000001e50077de30
Event: 499.973 Thread 0x000001e57e3670a0 Thread added: 0x000001e50077bd60
Event: 566.633 Thread 0x000001e50077de30 Thread exited: 0x000001e50077de30
Event: 569.657 Thread 0x000001e57e367730 Thread added: 0x000001e50077eb50
Event: 571.380 Thread 0x000001e57e3670a0 Thread added: 0x000001e50077de30
Event: 578.505 Thread 0x000001e537b4a2e0 Thread added: 0x000001e57e6b2010
Event: 579.602 Thread 0x000001e57e6b2010 Thread exited: 0x000001e57e6b2010
Event: 584.135 Thread 0x000001e57e3670a0 Thread added: 0x000001e50077e4c0
Event: 584.441 Thread 0x000001e57e3670a0 Thread added: 0x000001e50077c3f0
Event: 739.049 Thread 0x000001e50077eb50 Thread exited: 0x000001e50077eb50
Event: 761.439 Thread 0x000001e57e367730 Thread added: 0x000001e50077ff00
Event: 762.415 Thread 0x000001e57e3670a0 Thread added: 0x000001e50077ca80


Dynamic libraries:
0x00007ff6b7110000 - 0x00007ff6b711e000 	C:\Users\NAGARAJU\.antigravity-ide\extensions\redhat.java-1.56.0-win32-x64\jre\21.0.12.1-win32-x86_64\bin\java.exe
0x00007ffa1e680000 - 0x00007ffa1e8e6000 	C:\WINDOWS\SYSTEM32\ntdll.dll
0x00007ffa1cfe0000 - 0x00007ffa1d0a9000 	C:\WINDOWS\System32\KERNEL32.DLL
0x00007ffa1bbd0000 - 0x00007ffa1bfcf000 	C:\WINDOWS\System32\KERNELBASE.dll
0x00007ffa1b890000 - 0x00007ffa1b9dc000 	C:\WINDOWS\System32\ucrtbase.dll
0x00007ff9e90f0000 - 0x00007ff9e9108000 	C:\Users\NAGARAJU\.antigravity-ide\extensions\redhat.java-1.56.0-win32-x64\jre\21.0.12.1-win32-x86_64\bin\jli.dll
0x00007ffa1d870000 - 0x00007ffa1da36000 	C:\WINDOWS\System32\USER32.dll
0x00007ffa1c380000 - 0x00007ffa1c3a7000 	C:\WINDOWS\System32\win32u.dll
0x00007ffa1e170000 - 0x00007ffa1e19b000 	C:\WINDOWS\System32\GDI32.dll
0x00007ffa1b9f0000 - 0x00007ffa1bb19000 	C:\WINDOWS\System32\gdi32full.dll
0x00007ffa1bb20000 - 0x00007ffa1bbc3000 	C:\WINDOWS\System32\msvcp_win.dll
0x00007ff9e9110000 - 0x00007ff9e912e000 	C:\Users\NAGARAJU\.antigravity-ide\extensions\redhat.java-1.56.0-win32-x64\jre\21.0.12.1-win32-x86_64\bin\VCRUNTIME140.dll
0x00007ffa046c0000 - 0x00007ffa04951000 	C:\WINDOWS\WinSxS\amd64_microsoft.windows.common-controls_6595b64144ccf1df_6.0.26100.8972_none_3e0da176e32f9d4b\COMCTL32.dll
0x00007ffa1e0c0000 - 0x00007ffa1e169000 	C:\WINDOWS\System32\msvcrt.dll
0x00007ffa1d550000 - 0x00007ffa1d582000 	C:\WINDOWS\System32\IMM32.DLL
0x00007ff9e90e0000 - 0x00007ff9e90ec000 	C:\Users\NAGARAJU\.antigravity-ide\extensions\redhat.java-1.56.0-win32-x64\jre\21.0.12.1-win32-x86_64\bin\vcruntime140_1.dll
0x00007ff9abe00000 - 0x00007ff9abe8d000 	C:\Users\NAGARAJU\.antigravity-ide\extensions\redhat.java-1.56.0-win32-x64\jre\21.0.12.1-win32-x86_64\bin\msvcp140.dll
0x00007ff9126f0000 - 0x00007ff913492000 	C:\Users\NAGARAJU\.antigravity-ide\extensions\redhat.java-1.56.0-win32-x64\jre\21.0.12.1-win32-x86_64\bin\server\jvm.dll
0x00007ffa1e4b0000 - 0x00007ffa1e56c000 	C:\WINDOWS\System32\ADVAPI32.dll
0x00007ffa1d0b0000 - 0x00007ffa1d15a000 	C:\WINDOWS\System32\sechost.dll
0x00007ffa1da40000 - 0x00007ffa1db58000 	C:\WINDOWS\System32\RPCRT4.dll
0x00007ffa1d260000 - 0x00007ffa1d2e2000 	C:\WINDOWS\System32\WS2_32.dll
0x00007ffa1b6f0000 - 0x00007ffa1b74e000 	C:\WINDOWS\SYSTEM32\POWRPROF.dll
0x00007ffa14ba0000 - 0x00007ffa14bd6000 	C:\WINDOWS\SYSTEM32\WINMM.dll
0x00007ffa14be0000 - 0x00007ffa14beb000 	C:\WINDOWS\SYSTEM32\VERSION.dll
0x00007ffa1b6d0000 - 0x00007ffa1b6e5000 	C:\WINDOWS\SYSTEM32\UMPDC.dll
0x00007ffa1a580000 - 0x00007ffa1a59b000 	C:\WINDOWS\SYSTEM32\kernel.appcore.dll
0x00007ff9e8950000 - 0x00007ff9e895a000 	C:\Users\NAGARAJU\.antigravity-ide\extensions\redhat.java-1.56.0-win32-x64\jre\21.0.12.1-win32-x86_64\bin\jimage.dll
0x00007ffa109a0000 - 0x00007ffa10be2000 	C:\WINDOWS\SYSTEM32\DBGHELP.DLL
0x00007ffa1db60000 - 0x00007ffa1dee5000 	C:\WINDOWS\System32\combase.dll
0x00007ffa1d770000 - 0x00007ffa1d849000 	C:\WINDOWS\System32\OLEAUT32.dll
0x00007ff9fa760000 - 0x00007ff9fa79b000 	C:\WINDOWS\SYSTEM32\dbgcore.DLL
0x00007ffa1c2c0000 - 0x00007ffa1c36c000 	C:\WINDOWS\System32\bcryptPrimitives.dll
0x00007ff9e8410000 - 0x00007ff9e841f000 	C:\Users\NAGARAJU\.antigravity-ide\extensions\redhat.java-1.56.0-win32-x64\jre\21.0.12.1-win32-x86_64\bin\instrument.dll
0x00007ff9b4920000 - 0x00007ff9b4940000 	C:\Users\NAGARAJU\.antigravity-ide\extensions\redhat.java-1.56.0-win32-x64\jre\21.0.12.1-win32-x86_64\bin\java.dll
0x00007ffa1c3b0000 - 0x00007ffa1cb38000 	C:\WINDOWS\System32\SHELL32.dll
0x00007ffa19360000 - 0x00007ffa19bfb000 	C:\WINDOWS\SYSTEM32\windows.storage.dll
0x00007ffa1d660000 - 0x00007ffa1d759000 	C:\WINDOWS\System32\SHCORE.dll
0x00007ffa1d590000 - 0x00007ffa1d5f6000 	C:\WINDOWS\System32\shlwapi.dll
0x00007ffa1b7b0000 - 0x00007ffa1b7d9000 	C:\WINDOWS\SYSTEM32\profapi.dll
0x00007ff9b4670000 - 0x00007ff9b4688000 	C:\Users\NAGARAJU\.antigravity-ide\extensions\redhat.java-1.56.0-win32-x64\jre\21.0.12.1-win32-x86_64\bin\zip.dll
0x00007ff9e8450000 - 0x00007ff9e8460000 	C:\Users\NAGARAJU\.antigravity-ide\extensions\redhat.java-1.56.0-win32-x64\jre\21.0.12.1-win32-x86_64\bin\net.dll
0x00007ffa11a00000 - 0x00007ffa11b28000 	C:\WINDOWS\SYSTEM32\WINHTTP.dll
0x00007ffa1ab30000 - 0x00007ffa1ab9c000 	C:\WINDOWS\system32\mswsock.dll
0x00007ff9e8430000 - 0x00007ff9e8446000 	C:\Users\NAGARAJU\.antigravity-ide\extensions\redhat.java-1.56.0-win32-x64\jre\21.0.12.1-win32-x86_64\bin\nio.dll
0x00007ff9e8400000 - 0x00007ff9e8410000 	C:\Users\NAGARAJU\.antigravity-ide\extensions\redhat.java-1.56.0-win32-x64\jre\21.0.12.1-win32-x86_64\bin\verify.dll
0x00007ff9b69d0000 - 0x00007ff9b69f7000 	C:\Users\NAGARAJU\.gradle\native\1def1411415f61bf3af743bc5b6707747c0891f09f0c88961ee8f79bc544acac\windows-amd64\native-platform.dll
0x00007ff9b3430000 - 0x00007ff9b34a8000 	C:\Users\NAGARAJU\.gradle\native\0.2.7\x86_64-windows-gnu\gradle-fileevents.dll
0x00007ff9d1040000 - 0x00007ff9d104a000 	C:\Users\NAGARAJU\.antigravity-ide\extensions\redhat.java-1.56.0-win32-x64\jre\21.0.12.1-win32-x86_64\bin\management.dll
0x00007ff9b70d0000 - 0x00007ff9b70dc000 	C:\Users\NAGARAJU\.antigravity-ide\extensions\redhat.java-1.56.0-win32-x64\jre\21.0.12.1-win32-x86_64\bin\management_ext.dll
0x00007ffa1cfd0000 - 0x00007ffa1cfd8000 	C:\WINDOWS\System32\PSAPI.DLL
0x00007ffa19f50000 - 0x00007ffa19f83000 	C:\WINDOWS\SYSTEM32\IPHLPAPI.DLL
0x00007ffa1d760000 - 0x00007ffa1d76a000 	C:\WINDOWS\System32\NSI.dll
0x00007ff9db4a0000 - 0x00007ff9db4a9000 	C:\Users\NAGARAJU\.antigravity-ide\extensions\redhat.java-1.56.0-win32-x64\jre\21.0.12.1-win32-x86_64\bin\extnet.dll
0x00007ffa1ae20000 - 0x00007ffa1ae3b000 	C:\WINDOWS\SYSTEM32\CRYPTSP.dll
0x00007ffa1a4e0000 - 0x00007ffa1a519000 	C:\WINDOWS\system32\rsaenh.dll
0x00007ffa1abe0000 - 0x00007ffa1ac12000 	C:\WINDOWS\SYSTEM32\USERENV.dll
0x00007ffa1b780000 - 0x00007ffa1b7aa000 	C:\WINDOWS\SYSTEM32\bcrypt.dll
0x00007ffa1ae40000 - 0x00007ffa1ae4c000 	C:\WINDOWS\SYSTEM32\CRYPTBASE.dll
0x00007ff9db4b0000 - 0x00007ff9db4be000 	C:\Users\NAGARAJU\.antigravity-ide\extensions\redhat.java-1.56.0-win32-x64\jre\21.0.12.1-win32-x86_64\bin\sunmscapi.dll
0x00007ffa1bfe0000 - 0x00007ffa1c15e000 	C:\WINDOWS\System32\CRYPT32.dll
0x00007ffa1b060000 - 0x00007ffa1b090000 	C:\WINDOWS\SYSTEM32\ncrypt.dll
0x00007ffa1b010000 - 0x00007ffa1b04f000 	C:\WINDOWS\SYSTEM32\NTASN1.dll
0x00007ff9eceb0000 - 0x00007ff9eceb8000 	C:\WINDOWS\system32\wshunix.dll

JVMTI agents:
C:\Users\NAGARAJU\.gradle\wrapper\dists\gradle-8.14.1-bin\baw1sv0jfoi8rxs14qo3h49cs\gradle-8.14.1\lib\agents\gradle-instrumentation-agent-8.14.1.jar path:C:\Users\NAGARAJU\.antigravity-ide\extensions\redhat.java-1.56.0-win32-x64\jre\21.0.12.1-win32-x86_64\bin\instrument.dll, loaded, initialized, instrumentlib options:none

dbghelp: loaded successfully - version: 4.0.5 - missing functions: none
symbol engine: initialized successfully - sym options: 0x614 - pdb path: .;C:\Users\NAGARAJU\.antigravity-ide\extensions\redhat.java-1.56.0-win32-x64\jre\21.0.12.1-win32-x86_64\bin;C:\WINDOWS\SYSTEM32;C:\WINDOWS\WinSxS\amd64_microsoft.windows.common-controls_6595b64144ccf1df_6.0.26100.8972_none_3e0da176e32f9d4b;C:\Users\NAGARAJU\.antigravity-ide\extensions\redhat.java-1.56.0-win32-x64\jre\21.0.12.1-win32-x86_64\bin\server;C:\Users\NAGARAJU\.gradle\native\1def1411415f61bf3af743bc5b6707747c0891f09f0c88961ee8f79bc544acac\windows-amd64;C:\Users\NAGARAJU\.gradle\native\0.2.7\x86_64-windows-gnu

VM Arguments:
jvm_args: --add-opens=java.base/java.lang=ALL-UNNAMED --add-opens=java.base/java.lang.invoke=ALL-UNNAMED --add-opens=java.base/java.util=ALL-UNNAMED --add-opens=java.prefs/java.util.prefs=ALL-UNNAMED --add-exports=jdk.compiler/com.sun.tools.javac.api=ALL-UNNAMED --add-exports=jdk.compiler/com.sun.tools.javac.util=ALL-UNNAMED --add-opens=java.base/java.util=ALL-UNNAMED --add-opens=java.prefs/java.util.prefs=ALL-UNNAMED --add-opens=java.base/java.nio.charset=ALL-UNNAMED --add-opens=java.base/java.net=ALL-UNNAMED --add-opens=java.base/java.util.concurrent.atomic=ALL-UNNAMED --add-opens=java.xml/javax.xml.namespace=ALL-UNNAMED -Xmx4096m -Dfile.encoding=UTF-8 -Duser.country=IN -Duser.language=en -Duser.variant -javaagent:C:\Users\NAGARAJU\.gradle\wrapper\dists\gradle-8.14.1-bin\baw1sv0jfoi8rxs14qo3h49cs\gradle-8.14.1\lib\agents\gradle-instrumentation-agent-8.14.1.jar 
java_command: org.gradle.launcher.daemon.bootstrap.GradleDaemon 8.14.1
java_class_path (initial): C:\Users\NAGARAJU\.gradle\wrapper\dists\gradle-8.14.1-bin\baw1sv0jfoi8rxs14qo3h49cs\gradle-8.14.1\lib\gradle-daemon-main-8.14.1.jar
Launcher Type: SUN_STANDARD

[Global flags]
     intx CICompilerCount                          = 4                                         {product} {ergonomic}
     uint ConcGCThreads                            = 2                                         {product} {ergonomic}
     uint G1ConcRefinementThreads                  = 8                                         {product} {ergonomic}
   size_t G1HeapRegionSize                         = 2097152                                   {product} {ergonomic}
    uintx GCDrainStackTargetSize                   = 64                                        {product} {ergonomic}
   size_t InitialHeapSize                          = 123731968                                 {product} {ergonomic}
   size_t MarkStackSize                            = 4194304                                   {product} {ergonomic}
   size_t MaxHeapSize                              = 4294967296                                {product} {command line}
   size_t MaxNewSize                               = 2575302656                                {product} {ergonomic}
   size_t MinHeapDeltaBytes                        = 2097152                                   {product} {ergonomic}
   size_t MinHeapSize                              = 8388608                                   {product} {ergonomic}
    uintx NonNMethodCodeHeapSize                   = 5839372                                {pd product} {ergonomic}
    uintx NonProfiledCodeHeapSize                  = 122909434                              {pd product} {ergonomic}
    uintx ProfiledCodeHeapSize                     = 122909434                              {pd product} {ergonomic}
    uintx ReservedCodeCacheSize                    = 251658240                              {pd product} {ergonomic}
     bool SegmentedCodeCache                       = true                                      {product} {ergonomic}
   size_t SoftMaxHeapSize                          = 4294967296                             {manageable} {ergonomic}
     bool UseCompressedOops                        = true                           {product lp64_product} {ergonomic}
     bool UseG1GC                                  = true                                      {product} {ergonomic}
     bool UseLargePagesIndividualAllocation        = false                                  {pd product} {ergonomic}

Logging:
Log output configuration:
 #0: stdout all=warning uptime,level,tags foldmultilines=false
 #1: stderr all=off uptime,level,tags foldmultilines=false

Release file:
JAVA_VERSION="21.0.12.1" 
MODULES="java.base java.compiler java.datatransfer java.xml java.prefs java.desktop java.instrument java.logging java.management java.security.sasl java.naming java.rmi java.management.rmi java.net.http java.scripting java.security.jgss java.transaction.xa java.sql java.sql.rowset java.xml.crypto java.se java.smartcardio jdk.accessibility jdk.internal.jvmstat jdk.attach jdk.charsets jdk.internal.opt jdk.zipfs jdk.compiler jdk.crypto.ec jdk.crypto.cryptoki jdk.crypto.mscapi jdk.dynalink jdk.internal.ed jdk.editpad jdk.hotspot.agent jdk.httpserver jdk.internal.le jdk.internal.vm.ci jdk.internal.vm.compiler jdk.internal.vm.compiler.management jdk.jartool jdk.javadoc jdk.jcmd jdk.management jdk.management.agent jdk.jconsole jdk.jdeps jdk.jdwp.agent jdk.jdi jdk.jfr jdk.jshell jdk.jsobject jdk.jstatd jdk.localedata jdk.management.jfr jdk.naming.dns jdk.naming.rmi jdk.net jdk.nio.mapmode jdk.random jdk.sctp jdk.security.auth jdk.security.jgss jdk.unsupported jdk.unsupported.desktop jdk.xml.dom" 

Environment Variables:
JAVA_HOME=C:\Program Files\Eclipse Adoptium\jdk-21.0.11.10-hotspot
PATH=C:\Program Files\Eclipse Adoptium\jdk-21.0.11.10-hotspot\bin;C:\Program Files\Eclipse Adoptium\jdk-11.0.26.4-hotspot\bin;C:\Program Files\Eclipse Adoptium\jdk-17.0.14.7-hotspot\bin;C:\Program Files\Java\jdk-17\bin;C:\Program Files\nodejs;E:\Android\Sdk\platform-tools;E:\Android\Sdk\emulator;E:\Android\Sdk\cmdline-tools\latest\bin;C:\Users\NAGARAJU\AppData\Local\Android\Sdk\platform-tools;C:\Users\NAGARAJU\AppData\Local\Android\Sdk\emulator;C:\Users\NAGARAJU\AppData\Local\Android\Sdk\cmdline-tools\latest\bin;C:\Program Files\Eclipse Adoptium\jdk-21.0.11.10-hotspot\bin;C:\Program Files\Eclipse Adoptium\jdk-11.0.26.4-hotspot\bin;C:\Program Files\Eclipse Adoptium\jdk-17.0.14.7-hotspot\bin;C:\Program Files\Java\jdk-17\bin;C:\Program Files\nodejs;E:\Android\Sdk\platform-tools;E:\Android\Sdk\emulator;E:\Android\Sdk\cmdline-tools\latest\bin;C:\Users\NAGARAJU\AppData\Local\Android\Sdk\platform-tools;C:\Users\NAGARAJU\AppData\Local\Android\Sdk\emulator;C:\Users\NAGARAJU\AppData\Local\Android\Sdk\cmdline-tools\latest\bin;C:\Program Files\Eclipse Adoptium\jdk-21.0.11.10-hotspot\bin;C:\Program Files\Eclipse Adoptium\jdk-11.0.26.4-hotspot\bin;C:\Program Files\Eclipse Adoptium\jdk-17.0.14.7-hotspot\bin;C:\Program Files\Java\jdk-17\bin;C:\Program Files\nodejs;E:\Android\Sdk\platform-tools;E:\Android\Sdk\emulator;E:\Android\Sdk\cmdline-tools\latest\bin;C:\Users\NAGARAJU\AppData\Local\Android\Sdk\platform-tools;C:\Users\NAGARAJU\AppData\Local\Android\Sdk\emulator;C:\Users\NAGARAJU\AppData\Local\Android\Sdk\cmdline-tools\latest\bin;C:\WINDOWS\System32;C:\ProgramData\chocolatey\bin;C:\Program Files\nodejs\;C:\Program Files\Git\cmd;C:\Windows\System32;C:\Windows\System32\WindowsPowerShell\v1.0;C:\Windows\System32\OpenSSH;C:\Windows\System32\WindowsPowerShell\v1.0\;C:\Users\NAGARAJU\Downloads\stripe_1.30.0_windows_x86_64;C:\WINDOWS\system32;C:\WINDOWS;C:\WINDOWS\System32\Wbem;C:\WINDOWS\System32\WindowsPowerShell\v1.0\;C:\WINDOWS\System32\OpenSSH\;C:\ProgramData\chocolatey\bin;C:\Program Files\nodejs\;C:\Program Files\Git\cmd;C:\Windows\System32;C:\Windows\System32\WindowsPowerShell\v1.0;C:\Windows\System32\OpenSSH;C:\Windows\System32\WindowsPowerShell\v1.0\;C:\Users\NAGARAJU\Downloads\stripe_1.30.0_windows_x86_64;C:\WINDOWS\system32;C:\WINDOWS;C:\WINDOWS\System32\Wbem;C:\WINDOWS\System32\WindowsPowerShell\v1.0\;C:\WINDOWS\System32\OpenSSH\;C:\ProgramData\chocolatey\bin;C:\Program Files\nodejs\;C:\Program Files\Git\cmd;C:\Windows\System32;C:\Windows\System32\WindowsPowerShell\v1.0;C:\Windows\System32\OpenSSH;C:\Windows\System32\WindowsPowerShell\v1.0\;C:\Users\NAGARAJU\Downloads\stripe_1.30.0_windows_x86_64;C:\WINDOWS\system32;C:\WINDOWS;C:\WINDOWS\System32\Wbem;C:\WINDOWS\System32\WindowsPowerShell\v1.0\;C:\WINDOWS\System32\OpenSSH\;C:\Program Files\Eclipse Adoptium\jdk-21.0.11.10-hotspot\bin;C:\Program Files\Eclipse Adoptium\jdk-11.0.26.4-hotspot\bin;C:\Program Files\Eclipse Adoptium\jdk-17.0.14.7-hotspot\bin;C:\Program Files\Java\jdk-17\bin;C:\Program Files\nodejs;E:\Android\Sdk\platform-tools;E:\Android\Sdk\emulator;E:\Android\Sdk\cmdline-tools\latest\bin;C:\Users\NAGARAJU\AppData\Local\Android\Sdk\platform-tools;C:\Users\NAGARAJU\AppData\Local\Android\Sdk\emulator;C:\Users\NAGARAJU\AppData\Local\Android\Sdk\cmdline-tools\latest\bin;C:\Program Files\Eclipse Adoptium\jdk-21.0.11.10-hotspot\bin;C:\Program Files\Eclipse Adoptium\jdk-11.0.26.4-hotspot\bin;C:\Program Files\Eclipse Adoptium\jdk-17.0.14.7-hotspot\bin;C:\Program Files\Java\jdk-17\bin;C:\Program Files\nodejs;E:\Android\Sdk\platform-tools;E:\Android\Sdk\emulator;E:\Android\Sdk\cmdline-tools\latest\bin;C:\Users\NAGARAJU\AppData\Local\Android\Sdk\platform-tools;C:\Users\NAGARAJU\AppData\Local\Android\Sdk\emulator;C:\Users\NAGARAJU\AppData\Local\Android\Sdk\cmdline-tools\latest\bin;C:\Program Files\Eclipse Adoptium\jdk-21.0.11.10-hotspot\bin;C:\Program Files\Eclipse Adoptium\jdk-11.0.26.4-hotspot\bin;C:\Program Files\Eclipse Adoptium\jdk-17.0.14.7-hotspot\bin;C:\Program Files\Java\jdk-17\bin;C:\Program Files\nodejs;E:\Android\Sdk\platform-tools;E:\Android\Sdk\emulator;E:\Android\Sdk\cmdline-tools\latest\bin;C:\Users\NAGARAJU\AppData\Local\Android\Sdk\platform-tools;C:\Users\NAGARAJU\AppData\Local\Android\Sdk\emulator;C:\Users\NAGARAJU\AppData\Local\Android\Sdk\cmdline-tools\latest\bin;C:\WINDOWS\System32;C:\ProgramData\chocolatey\bin;C:\Program Files\nodejs\;C:\Program Files\Git\cmd;C:\Windows\System32;C:\Windows\System32\WindowsPowerShell\v1.0;C:\Windows\System32\OpenSSH;C:\Windows\System32\WindowsPowerShell\v1.0\;C:\Users\NAGARAJU\Downloads\stripe_1.30.0_windows_x86_64;C:\WINDOWS\system32;C:\WINDOWS;C:\WINDOWS\System32\Wbem;C:\WINDOWS\System32\WindowsPowerShell\v1.0\;C:\WINDOWS\System32\OpenSSH\;C:\ProgramData\chocolatey\bin;C:\Program Files\nodejs\;C:\Program Files\Git\cmd;C:\Windows\System32;C:\Windows\System32\WindowsPowerShell\v1.0;C:\Windows\System32\OpenSSH;C:\Windows\System32\WindowsPowerShell\v1.0\;C:\Users\NAGARAJU\Downloads\stripe_1.30.0_windows_x86_64;C:\WINDOWS\system32;C:\WINDOWS;C:\WINDOWS\System32\Wbem;C:\WINDOWS\System32\WindowsPowerShell\v1.0\;C:\WINDOWS\System32\OpenSSH\;C:\ProgramData\chocolatey\bin;C:\Program Files\nodejs\;C:\Program Files\Git\cmd;C:\Windows\System32;C:\Windows\System32\WindowsPowerShell\v1.0;C:\Windows\System32\OpenSSH;C:\Windows\System32\WindowsPowerShell\v1.0\;C:\Users\NAGARAJU\Downloads\stripe_1.30.0_windows_x86_64;C:\WINDOWS\system32;C:\WINDOWS;C:\WINDOWS\System32\Wbem;C:\WINDOWS\System32\WindowsPowerShell\v1.0\;C:\WINDOWS\System32\OpenSSH\;C:\Users\NAGARAJU\AppData\Local\Android\Sdk\platform-tools;C:\Users\NAGARAJU\AppData\Local\Android\Sdk\cmdline-tools\latest\bin;C:\Users\NAGARAJU\AppData\Roaming\npm;C:\Users\NAGARAJU\AppData\Local\Programs\Microsoft VS Code\bin;C:\Users\NAGARAJU\AppData\Local\Programs\Antigravity IDE\bin;C:\Users\NAGARAJU\AppData\Local\Microsoft\WindowsApps;C:\Users\NAGARAJU\AppData\Local\Kingsoft\WPS Office\12.1.0.27458\clitool
USERNAME=NAGARAJU
OS=Windows_NT
PROCESSOR_IDENTIFIER=AMD64 Family 23 Model 104 Stepping 1, AuthenticAMD
TMP=C:\Users\NAGARAJU\AppData\Local\Temp
TEMP=C:\Users\NAGARAJU\AppData\Local\Temp




Periodic native trim disabled

---------------  S Y S T E M  ---------------

OS:
 Windows 11 , 64 bit Build 26100 (10.0.26100.9168)
OS uptime: 0 days 1:52 hours

CPU: total 8 (initial active 8) (8 cores per cpu, 2 threads per core) family 23 model 104 stepping 1 microcode 0x8608109, cx8, cmov, fxsr, ht, mmx, 3dnowpref, sse, sse2, sse3, ssse3, sse4a, sse4.1, sse4.2, popcnt, lzcnt, tsc, tscinvbit, avx, avx2, aes, clmul, bmi1, bmi2, adx, sha, fma, vzeroupper, clflush, clflushopt, rdtscp, rdpid, f16c
Processor Information for the first 8 processors :
  Max Mhz: 2600, Current Mhz: 2600, Mhz Limit: 2600

Memory: 4k page, system-wide physical 7502M (492M free)
TotalPageFile size 40270M (AvailPageFile size 1063M)
current process WorkingSet (physical memory assigned to process): 131M, peak: 169M
current process commit charge ("private bytes"): 293M, peak: 421M

vm_info: OpenJDK 64-Bit Server VM (21.0.12.1+1-LTS) for windows-amd64 JRE (21.0.12.1+1-LTS), built on 2026-08-18T00:00:00Z by "admin" with MS VC++ 17.12 (VS2022)

END.
