#
# There is insufficient memory for the Java Runtime Environment to continue.
# Native memory allocation (malloc) failed to allocate 2094240 bytes. Error detail: Chunk::new
# Possible reasons:
#   The system is out of physical RAM or swap space
#   This process is running with CompressedOops enabled, and the Java Heap may be blocking the growth of the native heap
# Possible solutions:
#   Reduce memory load on the system
#   Increase physical memory or swap space
#   Check if swap backing store is full
#   Decrease Java heap size (-Xmx/-Xms)
#   Decrease number of Java threads
#   Decrease Java thread stack sizes (-Xss)
#   Set larger code cache with -XX:ReservedCodeCacheSize=
#   JVM is running with Zero Based Compressed Oops mode in which the Java heap is
#     placed in the first 32GB address space. The Java Heap base address is the
#     maximum limit for the native heap growth. Please use -XX:HeapBaseMinAddress
#     to set the Java Heap base and to place the Java Heap above 32GB virtual address.
# This output file may be truncated or incomplete.
#
#  Out of Memory Error (arena.cpp:168), pid=35332, tid=29612
#
# JRE version: OpenJDK Runtime Environment Temurin-21.0.12.1+1 (21.0.12.1+1) (build 21.0.12.1+1-LTS)
# Java VM: OpenJDK 64-Bit Server VM Temurin-21.0.12.1+1 (21.0.12.1+1-LTS, mixed mode, sharing, tiered, compressed oops, compressed class ptrs, g1 gc, windows-amd64)
# No core dump will be written. Minidumps are not enabled by default on client versions of Windows
#

---------------  S U M M A R Y ------------

Command Line: --add-opens=java.base/java.lang=ALL-UNNAMED --add-opens=java.base/java.lang.invoke=ALL-UNNAMED --add-opens=java.base/java.util=ALL-UNNAMED --add-opens=java.prefs/java.util.prefs=ALL-UNNAMED --add-exports=jdk.compiler/com.sun.tools.javac.api=ALL-UNNAMED --add-exports=jdk.compiler/com.sun.tools.javac.util=ALL-UNNAMED --add-opens=java.base/java.util=ALL-UNNAMED --add-opens=java.prefs/java.util.prefs=ALL-UNNAMED --add-opens=java.base/java.nio.charset=ALL-UNNAMED --add-opens=java.base/java.net=ALL-UNNAMED --add-opens=java.base/java.util.concurrent.atomic=ALL-UNNAMED --add-opens=java.xml/javax.xml.namespace=ALL-UNNAMED -Xmx4096m -Dfile.encoding=UTF-8 -Duser.country=IN -Duser.language=en -Duser.variant -javaagent:C:\Users\NAGARAJU\.gradle\wrapper\dists\gradle-8.14.1-bin\baw1sv0jfoi8rxs14qo3h49cs\gradle-8.14.1\lib\agents\gradle-instrumentation-agent-8.14.1.jar org.gradle.launcher.daemon.bootstrap.GradleDaemon 8.14.1

Host: AMD Ryzen 3 5300U with Radeon Graphics         , 8 cores, 7G,  Windows 11 , 64 bit Build 26100 (10.0.26100.9168)
Time: Wed Sep  9 15:50:24 2026 India Standard Time elapsed time: 74.397445 seconds (0d 0h 1m 14s)

---------------  T H R E A D  ---------------

Current thread (0x000001b740e5a650):  JavaThread "C2 CompilerThread0" daemon [_thread_in_native, id=29612, stack(0x00000038e2a00000,0x00000038e2b00000) (1024K)]


Current CompileTask:
C2:74397 3014   !   4       java.lang.ClassLoader::loadClass (121 bytes)

Stack: [0x00000038e2a00000,0x00000038e2b00000]
Native frames: (J=compiled Java code, j=interpreted, Vv=VM code, C=native code)
V  [jvm.dll+0x6d83e9]
V  [jvm.dll+0x8b5736]
V  [jvm.dll+0x8b7cee]
V  [jvm.dll+0x8b83d3]
V  [jvm.dll+0x284596]
V  [jvm.dll+0xc685d]
V  [jvm.dll+0xc6da1]
V  [jvm.dll+0x3bf18b]
V  [jvm.dll+0x38b6d2]
V  [jvm.dll+0x38ab1a]
V  [jvm.dll+0x24c700]
V  [jvm.dll+0x24bce0]
V  [jvm.dll+0x1cb4ae]
V  [jvm.dll+0x25baad]
V  [jvm.dll+0x25a03a]
V  [jvm.dll+0x3f8aae]
V  [jvm.dll+0x8600cd]
V  [jvm.dll+0x6d6c1d]
C  [ucrtbase.dll+0x2cd30]
C  [KERNEL32.DLL+0x2ccb7]
C  [ntdll.dll+0xaad6c]


---------------  P R O C E S S  ---------------

Threads class SMR info:
_java_thread_list=0x000001b787a96b60, length=24, elements={
0x000001b724b11360, 0x000001b740e4ea70, 0x000001b740e501f0, 0x000001b740e53980,
0x000001b740e563f0, 0x000001b740e58e60, 0x000001b740e598c0, 0x000001b740e5a650,
0x000001b740e5d850, 0x000001b7861c2cb0, 0x000001b786203c50, 0x000001b786f5db40,
0x000001b787a7efa0, 0x000001b787a7e3e0, 0x000001b787969ed0, 0x000001b786989c00,
0x000001b786490f10, 0x000001b787ada4e0, 0x000001b787adab70, 0x000001b787ad8aa0,
0x000001b787ad9e50, 0x000001b787ad76f0, 0x000001b787ad97c0, 0x000001b787ad7d80
}

Java Threads: ( => current thread )
  0x000001b724b11360 JavaThread "main"                              [_thread_blocked, id=25596, stack(0x00000038e1c00000,0x00000038e1d00000) (1024K)]
  0x000001b740e4ea70 JavaThread "Reference Handler"          daemon [_thread_blocked, id=32608, stack(0x00000038e2400000,0x00000038e2500000) (1024K)]
  0x000001b740e501f0 JavaThread "Finalizer"                  daemon [_thread_blocked, id=35836, stack(0x00000038e2500000,0x00000038e2600000) (1024K)]
  0x000001b740e53980 JavaThread "Signal Dispatcher"          daemon [_thread_blocked, id=32668, stack(0x00000038e2600000,0x00000038e2700000) (1024K)]
  0x000001b740e563f0 JavaThread "Attach Listener"            daemon [_thread_blocked, id=32672, stack(0x00000038e2700000,0x00000038e2800000) (1024K)]
  0x000001b740e58e60 JavaThread "Service Thread"             daemon [_thread_blocked, id=32744, stack(0x00000038e2800000,0x00000038e2900000) (1024K)]
  0x000001b740e598c0 JavaThread "Monitor Deflation Thread"   daemon [_thread_blocked, id=19416, stack(0x00000038e2900000,0x00000038e2a00000) (1024K)]
=>0x000001b740e5a650 JavaThread "C2 CompilerThread0"         daemon [_thread_in_native, id=29612, stack(0x00000038e2a00000,0x00000038e2b00000) (1024K)]
  0x000001b740e5d850 JavaThread "C1 CompilerThread0"         daemon [_thread_blocked, id=32356, stack(0x00000038e2b00000,0x00000038e2c00000) (1024K)]
  0x000001b7861c2cb0 JavaThread "Common-Cleaner"             daemon [_thread_blocked, id=20152, stack(0x00000038e2c00000,0x00000038e2d00000) (1024K)]
  0x000001b786203c50 JavaThread "Notification Thread"        daemon [_thread_blocked, id=26872, stack(0x00000038e2d00000,0x00000038e2e00000) (1024K)]
  0x000001b786f5db40 JavaThread "Daemon health stats"               [_thread_blocked, id=34264, stack(0x00000038e3200000,0x00000038e3300000) (1024K)]
  0x000001b787a7efa0 JavaThread "Incoming local TCP Connector on port 62557"        [_thread_in_native, id=5200, stack(0x00000038e3600000,0x00000038e3700000) (1024K)]
  0x000001b787a7e3e0 JavaThread "Daemon periodic checks"            [_thread_blocked, id=29428, stack(0x00000038e3700000,0x00000038e3800000) (1024K)]
  0x000001b787969ed0 JavaThread "Daemon"                            [_thread_blocked, id=20908, stack(0x00000038e3800000,0x00000038e3900000) (1024K)]
  0x000001b786989c00 JavaThread "Handler for socket connection from /127.0.0.1:62557 to /127.0.0.1:62559"        [_thread_in_native, id=23140, stack(0x00000038e3900000,0x00000038e3a00000) (1024K)]
  0x000001b786490f10 JavaThread "Cancel handler"                    [_thread_blocked, id=33264, stack(0x00000038e3a00000,0x00000038e3b00000) (1024K)]
  0x000001b787ada4e0 JavaThread "Daemon worker"                     [_thread_in_vm, id=25716, stack(0x00000038e3b00000,0x00000038e3c00000) (1024K)]
  0x000001b787adab70 JavaThread "Asynchronous log dispatcher for DefaultDaemonConnection: socket connection from /127.0.0.1:62557 to /127.0.0.1:62559"        [_thread_blocked, id=33384, stack(0x00000038e3c00000,0x00000038e3d00000) (1024K)]
  0x000001b787ad8aa0 JavaThread "Stdin handler"                     [_thread_blocked, id=25668, stack(0x00000038e3d00000,0x00000038e3e00000) (1024K)]
  0x000001b787ad9e50 JavaThread "Daemon client event forwarder"        [_thread_blocked, id=25648, stack(0x00000038e3e00000,0x00000038e3f00000) (1024K)]
  0x000001b787ad76f0 JavaThread "Cache worker for journal cache (C:\Users\NAGARAJU\.gradle\caches\journal-1)"        [_thread_blocked, id=34096, stack(0x00000038e3f00000,0x00000038e4000000) (1024K)]
  0x000001b787ad97c0 JavaThread "File lock request listener"        [_thread_in_native, id=37884, stack(0x00000038e4000000,0x00000038e4100000) (1024K)]
  0x000001b787ad7d80 JavaThread "File lock release action executor"        [_thread_blocked, id=35412, stack(0x00000038e4100000,0x00000038e4200000) (1024K)]
Total: 24

Other Threads:
  0x000001b740e2e1d0 VMThread "VM Thread"                           [id=30776, stack(0x00000038e2300000,0x00000038e2400000) (1024K)]
  0x000001b740e1e0a0 WatcherThread "VM Periodic Task Thread"        [id=28048, stack(0x00000038e2200000,0x00000038e2300000) (1024K)]
  0x000001b726f89f20 WorkerThread "GC Thread#0"                     [id=25972, stack(0x00000038e1d00000,0x00000038e1e00000) (1024K)]
  0x000001b740ebdf70 WorkerThread "GC Thread#1"                     [id=36972, stack(0x00000038e2e00000,0x00000038e2f00000) (1024K)]
  0x000001b7862f1ab0 WorkerThread "GC Thread#2"                     [id=29092, stack(0x00000038e2f00000,0x00000038e3000000) (1024K)]
  0x000001b786ef4860 WorkerThread "GC Thread#3"                     [id=29064, stack(0x00000038e3000000,0x00000038e3100000) (1024K)]
  0x000001b786ef4c10 WorkerThread "GC Thread#4"                     [id=30632, stack(0x00000038e3100000,0x00000038e3200000) (1024K)]
  0x000001b787970170 WorkerThread "GC Thread#5"                     [id=34316, stack(0x00000038e3300000,0x00000038e3400000) (1024K)]
  0x000001b786934630 WorkerThread "GC Thread#6"                     [id=34668, stack(0x00000038e3400000,0x00000038e3500000) (1024K)]
  0x000001b7869349e0 WorkerThread "GC Thread#7"                     [id=37544, stack(0x00000038e3500000,0x00000038e3600000) (1024K)]
  0x000001b724bcdf90 ConcurrentGCThread "G1 Main Marker"            [id=26060, stack(0x00000038e1e00000,0x00000038e1f00000) (1024K)]
  0x000001b724bce750 WorkerThread "G1 Conc#0"                       [id=25684, stack(0x00000038e1f00000,0x00000038e2000000) (1024K)]
  0x000001b740cf1120 ConcurrentGCThread "G1 Refine#0"               [id=27128, stack(0x00000038e2000000,0x00000038e2100000) (1024K)]
  0x000001b740cf1ab0 ConcurrentGCThread "G1 Service"                [id=29748, stack(0x00000038e2100000,0x00000038e2200000) (1024K)]
Total: 14

Threads with active compile tasks:
C2 CompilerThread0  75358 3014   !   4       java.lang.ClassLoader::loadClass (121 bytes)
Total: 1

VM state: not at safepoint (normal execution)

VM Mutex/Monitor currently owned by a thread: None

Heap address: 0x0000000700000000, size: 4096 MB, Compressed Oops mode: Zero based, Oop shift amount: 3

CDS archive(s) mapped at: [0x000001b741000000-0x000001b741ba0000-0x000001b741ba0000), size 12189696, SharedBaseAddress: 0x000001b741000000, ArchiveRelocationMode: 1.
Compressed class space mapped at: 0x000001b742000000-0x000001b782000000, reserved size: 1073741824
Narrow klass base: 0x000001b741000000, Narrow klass shift: 0, Narrow klass range: 0x100000000

GC Precious Log:
 CardTable entry size: 512
 Card Set container configuration: InlinePtr #cards 4 size 8 Array Of Cards #cards 16 size 48 Howl #buckets 8 coarsen threshold 3686 Howl Bitmap #cards 512 size 80 coarsen threshold 460 Card regions per heap region 1 cards per card region 4096
 CPUs: 8 total, 8 available
 Memory: 7502M
 Large Page Support: Disabled
 NUMA Support: Disabled
 Compressed Oops: Enabled (Zero based)
 Heap Region Size: 2M
 Heap Min Capacity: 8M
 Heap Initial Capacity: 118M
 Heap Max Capacity: 4G
 Pre-touch: Disabled
 Parallel Workers: 8
 Concurrent Workers: 2
 Concurrent Refinement Workers: 8
 Periodic GC: Disabled

Heap:
 garbage-first heap   total 120832K, used 62236K [0x0000000700000000, 0x0000000800000000)
  region size 2048K, 26 young (53248K), 4 survivors (8192K)
 Metaspace       used 15208K, committed 15680K, reserved 1114112K
  class space    used 2103K, committed 2304K, reserved 1048576K

Heap Regions: E=young(eden), S=young(survivor), O=old, HS=humongous(starts), HC=humongous(continues), CS=collection set, F=free, TAMS=top-at-mark-start, PB=parsable bottom
|   0|0x0000000700000000, 0x0000000700200000, 0x0000000700200000|100%|HS|  |TAMS 0x0000000700000000| PB 0x0000000700000000| Complete 
|   1|0x0000000700200000, 0x0000000700400000, 0x0000000700400000|100%|HC|  |TAMS 0x0000000700200000| PB 0x0000000700200000| Complete 
|   2|0x0000000700400000, 0x0000000700600000, 0x0000000700600000|100%| O|  |TAMS 0x0000000700400000| PB 0x0000000700400000| Untracked 
|   3|0x0000000700600000, 0x0000000700800000, 0x0000000700800000|100%| O|  |TAMS 0x0000000700600000| PB 0x0000000700600000| Untracked 
|   4|0x0000000700800000, 0x0000000700a00000, 0x0000000700a00000|100%| O|  |TAMS 0x0000000700800000| PB 0x0000000700800000| Untracked 
|   5|0x0000000700a00000, 0x0000000700bdcf88, 0x0000000700c00000| 93%| O|  |TAMS 0x0000000700a00000| PB 0x0000000700a00000| Untracked 
|   6|0x0000000700c00000, 0x0000000700c00000, 0x0000000700e00000|  0%| F|  |TAMS 0x0000000700c00000| PB 0x0000000700c00000| Untracked 
|   7|0x0000000700e00000, 0x0000000700e00000, 0x0000000701000000|  0%| F|  |TAMS 0x0000000700e00000| PB 0x0000000700e00000| Untracked 
|   8|0x0000000701000000, 0x0000000701000000, 0x0000000701200000|  0%| F|  |TAMS 0x0000000701000000| PB 0x0000000701000000| Untracked 
|   9|0x0000000701200000, 0x0000000701200000, 0x0000000701400000|  0%| F|  |TAMS 0x0000000701200000| PB 0x0000000701200000| Untracked 
|  10|0x0000000701400000, 0x0000000701400000, 0x0000000701600000|  0%| F|  |TAMS 0x0000000701400000| PB 0x0000000701400000| Untracked 
|  11|0x0000000701600000, 0x0000000701600000, 0x0000000701800000|  0%| F|  |TAMS 0x0000000701600000| PB 0x0000000701600000| Untracked 
|  12|0x0000000701800000, 0x0000000701800000, 0x0000000701a00000|  0%| F|  |TAMS 0x0000000701800000| PB 0x0000000701800000| Untracked 
|  13|0x0000000701a00000, 0x0000000701a00000, 0x0000000701c00000|  0%| F|  |TAMS 0x0000000701a00000| PB 0x0000000701a00000| Untracked 
|  14|0x0000000701c00000, 0x0000000701c00000, 0x0000000701e00000|  0%| F|  |TAMS 0x0000000701c00000| PB 0x0000000701c00000| Untracked 
|  15|0x0000000701e00000, 0x0000000701e00000, 0x0000000702000000|  0%| F|  |TAMS 0x0000000701e00000| PB 0x0000000701e00000| Untracked 
|  16|0x0000000702000000, 0x0000000702000000, 0x0000000702200000|  0%| F|  |TAMS 0x0000000702000000| PB 0x0000000702000000| Untracked 
|  17|0x0000000702200000, 0x0000000702200000, 0x0000000702400000|  0%| F|  |TAMS 0x0000000702200000| PB 0x0000000702200000| Untracked 
|  18|0x0000000702400000, 0x0000000702400000, 0x0000000702600000|  0%| F|  |TAMS 0x0000000702400000| PB 0x0000000702400000| Untracked 
|  19|0x0000000702600000, 0x0000000702600000, 0x0000000702800000|  0%| F|  |TAMS 0x0000000702600000| PB 0x0000000702600000| Untracked 
|  20|0x0000000702800000, 0x0000000702800000, 0x0000000702a00000|  0%| F|  |TAMS 0x0000000702800000| PB 0x0000000702800000| Untracked 
|  21|0x0000000702a00000, 0x0000000702aea210, 0x0000000702c00000| 45%| S|CS|TAMS 0x0000000702a00000| PB 0x0000000702a00000| Complete 
|  22|0x0000000702c00000, 0x0000000702e00000, 0x0000000702e00000|100%| S|CS|TAMS 0x0000000702c00000| PB 0x0000000702c00000| Complete 
|  23|0x0000000702e00000, 0x0000000703000000, 0x0000000703000000|100%| S|CS|TAMS 0x0000000702e00000| PB 0x0000000702e00000| Complete 
|  24|0x0000000703000000, 0x0000000703200000, 0x0000000703200000|100%| S|CS|TAMS 0x0000000703000000| PB 0x0000000703000000| Complete 
|  25|0x0000000703200000, 0x0000000703200000, 0x0000000703400000|  0%| F|  |TAMS 0x0000000703200000| PB 0x0000000703200000| Untracked 
|  26|0x0000000703400000, 0x0000000703400000, 0x0000000703600000|  0%| F|  |TAMS 0x0000000703400000| PB 0x0000000703400000| Untracked 
|  27|0x0000000703600000, 0x0000000703600000, 0x0000000703800000|  0%| F|  |TAMS 0x0000000703600000| PB 0x0000000703600000| Untracked 
|  28|0x0000000703800000, 0x0000000703800000, 0x0000000703a00000|  0%| F|  |TAMS 0x0000000703800000| PB 0x0000000703800000| Untracked 
|  29|0x0000000703a00000, 0x0000000703a00000, 0x0000000703c00000|  0%| F|  |TAMS 0x0000000703a00000| PB 0x0000000703a00000| Untracked 
|  30|0x0000000703c00000, 0x0000000703c00000, 0x0000000703e00000|  0%| F|  |TAMS 0x0000000703c00000| PB 0x0000000703c00000| Untracked 
|  31|0x0000000703e00000, 0x0000000703e00000, 0x0000000704000000|  0%| F|  |TAMS 0x0000000703e00000| PB 0x0000000703e00000| Untracked 
|  32|0x0000000704000000, 0x0000000704000000, 0x0000000704200000|  0%| F|  |TAMS 0x0000000704000000| PB 0x0000000704000000| Untracked 
|  33|0x0000000704200000, 0x0000000704200000, 0x0000000704400000|  0%| F|  |TAMS 0x0000000704200000| PB 0x0000000704200000| Untracked 
|  34|0x0000000704400000, 0x0000000704400000, 0x0000000704600000|  0%| F|  |TAMS 0x0000000704400000| PB 0x0000000704400000| Untracked 
|  35|0x0000000704600000, 0x0000000704600000, 0x0000000704800000|  0%| F|  |TAMS 0x0000000704600000| PB 0x0000000704600000| Untracked 
|  36|0x0000000704800000, 0x0000000704800000, 0x0000000704a00000|  0%| F|  |TAMS 0x0000000704800000| PB 0x0000000704800000| Untracked 
|  37|0x0000000704a00000, 0x0000000704ad3a38, 0x0000000704c00000| 41%| E|  |TAMS 0x0000000704a00000| PB 0x0000000704a00000| Complete 
|  38|0x0000000704c00000, 0x0000000704e00000, 0x0000000704e00000|100%| E|CS|TAMS 0x0000000704c00000| PB 0x0000000704c00000| Complete 
|  39|0x0000000704e00000, 0x0000000705000000, 0x0000000705000000|100%| E|CS|TAMS 0x0000000704e00000| PB 0x0000000704e00000| Complete 
|  40|0x0000000705000000, 0x0000000705200000, 0x0000000705200000|100%| E|CS|TAMS 0x0000000705000000| PB 0x0000000705000000| Complete 
|  41|0x0000000705200000, 0x0000000705400000, 0x0000000705400000|100%| E|CS|TAMS 0x0000000705200000| PB 0x0000000705200000| Complete 
|  42|0x0000000705400000, 0x0000000705600000, 0x0000000705600000|100%| E|CS|TAMS 0x0000000705400000| PB 0x0000000705400000| Complete 
|  43|0x0000000705600000, 0x0000000705800000, 0x0000000705800000|100%| E|CS|TAMS 0x0000000705600000| PB 0x0000000705600000| Complete 
|  44|0x0000000705800000, 0x0000000705a00000, 0x0000000705a00000|100%| E|CS|TAMS 0x0000000705800000| PB 0x0000000705800000| Complete 
|  45|0x0000000705a00000, 0x0000000705c00000, 0x0000000705c00000|100%| E|CS|TAMS 0x0000000705a00000| PB 0x0000000705a00000| Complete 
|  46|0x0000000705c00000, 0x0000000705e00000, 0x0000000705e00000|100%| E|CS|TAMS 0x0000000705c00000| PB 0x0000000705c00000| Complete 
|  47|0x0000000705e00000, 0x0000000706000000, 0x0000000706000000|100%| E|CS|TAMS 0x0000000705e00000| PB 0x0000000705e00000| Complete 
|  48|0x0000000706000000, 0x0000000706200000, 0x0000000706200000|100%| E|CS|TAMS 0x0000000706000000| PB 0x0000000706000000| Complete 
|  49|0x0000000706200000, 0x0000000706400000, 0x0000000706400000|100%| E|CS|TAMS 0x0000000706200000| PB 0x0000000706200000| Complete 
|  50|0x0000000706400000, 0x0000000706600000, 0x0000000706600000|100%| E|CS|TAMS 0x0000000706400000| PB 0x0000000706400000| Complete 
|  51|0x0000000706600000, 0x0000000706800000, 0x0000000706800000|100%| E|CS|TAMS 0x0000000706600000| PB 0x0000000706600000| Complete 
|  52|0x0000000706800000, 0x0000000706a00000, 0x0000000706a00000|100%| E|CS|TAMS 0x0000000706800000| PB 0x0000000706800000| Complete 
|  53|0x0000000706a00000, 0x0000000706c00000, 0x0000000706c00000|100%| E|CS|TAMS 0x0000000706a00000| PB 0x0000000706a00000| Complete 
|  54|0x0000000706c00000, 0x0000000706e00000, 0x0000000706e00000|100%| E|CS|TAMS 0x0000000706c00000| PB 0x0000000706c00000| Complete 
|  55|0x0000000706e00000, 0x0000000707000000, 0x0000000707000000|100%| E|CS|TAMS 0x0000000706e00000| PB 0x0000000706e00000| Complete 
|  56|0x0000000707000000, 0x0000000707200000, 0x0000000707200000|100%| E|CS|TAMS 0x0000000707000000| PB 0x0000000707000000| Complete 
|  57|0x0000000707200000, 0x0000000707400000, 0x0000000707400000|100%| E|CS|TAMS 0x0000000707200000| PB 0x0000000707200000| Complete 
|  58|0x0000000707400000, 0x0000000707600000, 0x0000000707600000|100%| E|CS|TAMS 0x0000000707400000| PB 0x0000000707400000| Complete 

Card table byte_map: [0x000001b739c40000,0x000001b73a440000] _byte_map_base: 0x000001b736440000

Marking Bits: (CMBitMap*) 0x000001b726f8b450
 Bits: [0x000001b73a440000, 0x000001b73e440000)

Polling page: 0x000001b724ce0000

Metaspace:

Usage:
  Non-class:     12.80 MB used.
      Class:      2.05 MB used.
       Both:     14.85 MB used.

Virtual space:
  Non-class space:       64.00 MB reserved,      13.06 MB ( 20%) committed,  1 nodes.
      Class space:        1.00 GB reserved,       2.25 MB ( <1%) committed,  1 nodes.
             Both:        1.06 GB reserved,      15.31 MB (  1%) committed. 

Chunk freelists:
   Non-Class:  2.92 MB
       Class:  13.78 MB
        Both:  16.70 MB

MaxMetaspaceSize: unlimited
CompressedClassSpaceSize: 1.00 GB
Initial GC threshold: 21.00 MB
Current GC threshold: 21.00 MB
CDS: on
 - commit_granule_bytes: 65536.
 - commit_granule_words: 8192.
 - virtual_space_node_default_size: 8388608.
 - enlarge_chunks_in_place: 1.
 - use_allocation_guard: 0.


Internal statistics:

num_allocs_failed_limit: 0.
num_arena_births: 472.
num_arena_deaths: 0.
num_vsnodes_births: 2.
num_vsnodes_deaths: 0.
num_space_committed: 245.
num_space_uncommitted: 0.
num_chunks_returned_to_freelist: 0.
num_chunks_taken_from_freelist: 987.
num_chunk_merges: 0.
num_chunk_splits: 641.
num_chunks_enlarged: 445.
num_inconsistent_stats: 0.

CodeHeap 'non-profiled nmethods': size=120000Kb used=1459Kb max_used=1459Kb free=118540Kb
 bounds [0x000001b731be0000, 0x000001b731e50000, 0x000001b739110000]
CodeHeap 'profiled nmethods': size=120000Kb used=6067Kb max_used=6067Kb free=113932Kb
 bounds [0x000001b72a110000, 0x000001b72a700000, 0x000001b731640000]
CodeHeap 'non-nmethods': size=5760Kb used=1395Kb max_used=1409Kb free=4364Kb
 bounds [0x000001b731640000, 0x000001b7318b0000, 0x000001b731be0000]
CodeCache: size=245760Kb, used=8921Kb, max_used=8935Kb, free=236836Kb
 total_blobs=3590, nmethods=3034, adapters=460, full_count=0
Compilation: enabled, stopped_count=0, restarted_count=0

Compilation events (20 events):
Event: 70.237 Thread 0x000001b740e5d850 nmethod 3003 0x000001b72a6e8d90 code [0x000001b72a6e8f60, 0x000001b72a6e9290]
Event: 70.240 Thread 0x000001b740e5d850 3004       3       java.lang.invoke.VarHandleReferences$FieldInstanceReadWrite::compareAndSet (48 bytes)
Event: 70.241 Thread 0x000001b740e5d850 nmethod 3004 0x000001b72a6e9410 code [0x000001b72a6e9680, 0x000001b72a6ea068]
Event: 70.889 Thread 0x000001b740e5d850 3005       3       java.util.stream.AbstractPipeline::sourceSpliterator (265 bytes)
Event: 70.899 Thread 0x000001b740e5d850 nmethod 3005 0x000001b72a6ea410 code [0x000001b72a6ea6a0, 0x000001b72a6eb590]
Event: 70.900 Thread 0x000001b740e5d850 3007       3       java.util.stream.AbstractPipeline::wrapSink (37 bytes)
Event: 70.900 Thread 0x000001b740e5d850 nmethod 3007 0x000001b72a6ebb10 code [0x000001b72a6ebce0, 0x000001b72a6ec0e8]
Event: 70.900 Thread 0x000001b740e5d850 3006       3       java.util.stream.AbstractPipeline::wrapAndCopyInto (18 bytes)
Event: 70.900 Thread 0x000001b740e5d850 nmethod 3006 0x000001b72a6ec290 code [0x000001b72a6ec480, 0x000001b72a6ec888]
Event: 70.928 Thread 0x000001b740e5a650 3008       4       java.util.HashMap$KeyIterator::next (8 bytes)
Event: 70.935 Thread 0x000001b740e5a650 nmethod 3008 0x000001b731d4b510 code [0x000001b731d4b6c0, 0x000001b731d4bb20]
Event: 70.971 Thread 0x000001b740e5d850 3009       3       java.util.regex.Pattern$BmpCharPropertyGreedy::match (89 bytes)
Event: 70.972 Thread 0x000001b740e5d850 nmethod 3009 0x000001b72a6eca10 code [0x000001b72a6ecc00, 0x000001b72a6ed230]
Event: 71.154 Thread 0x000001b740e5a650 3010       4       java.util.concurrent.locks.ReentrantLock$Sync::tryRelease (51 bytes)
Event: 71.155 Thread 0x000001b740e5a650 nmethod 3010 0x000001b731d4bc90 code [0x000001b731d4be20, 0x000001b731d4bf50]
Event: 71.865 Thread 0x000001b740e5d850 3013       3       java.lang.invoke.TypeConvertingMethodAdapter::convertType (299 bytes)
Event: 71.870 Thread 0x000001b740e5d850 nmethod 3013 0x000001b72a6ed410 code [0x000001b72a6edac0, 0x000001b72a6f14b0]
Event: 72.949 Thread 0x000001b740e5a650 3014   !   4       java.lang.ClassLoader::loadClass (121 bytes)
Event: 73.240 Thread 0x000001b740e5d850 3015       3       java.lang.invoke.MemberName$Factory::resolveOrNull (54 bytes)
Event: 73.241 Thread 0x000001b740e5d850 nmethod 3015 0x000001b72a6f2890 code [0x000001b72a6f2a60, 0x000001b72a6f2d00]

GC Heap History (6 events):
Event: 9.222 GC heap before
{Heap before GC invocations=0 (full 0):
 garbage-first heap   total 120832K, used 22528K [0x0000000700000000, 0x0000000800000000)
  region size 2048K, 11 young (22528K), 0 survivors (0K)
 Metaspace       used 878K, committed 1024K, reserved 1114112K
  class space    used 71K, committed 128K, reserved 1048576K
}
Event: 9.325 GC heap after
{Heap after GC invocations=1 (full 0):
 garbage-first heap   total 120832K, used 1536K [0x0000000700000000, 0x0000000800000000)
  region size 2048K, 1 young (2048K), 1 survivors (2048K)
 Metaspace       used 878K, committed 1024K, reserved 1114112K
  class space    used 71K, committed 128K, reserved 1048576K
}
Event: 22.133 GC heap before
{Heap before GC invocations=1 (full 0):
 garbage-first heap   total 120832K, used 42496K [0x0000000700000000, 0x0000000800000000)
  region size 2048K, 19 young (38912K), 1 survivors (2048K)
 Metaspace       used 4371K, committed 4544K, reserved 1114112K
  class space    used 559K, committed 640K, reserved 1048576K
}
Event: 22.145 GC heap after
{Heap after GC invocations=2 (full 0):
 garbage-first heap   total 120832K, used 11690K [0x0000000700000000, 0x0000000800000000)
  region size 2048K, 3 young (6144K), 3 survivors (6144K)
 Metaspace       used 4371K, committed 4544K, reserved 1114112K
  class space    used 559K, committed 640K, reserved 1048576K
}
Event: 33.620 GC heap before
{Heap before GC invocations=2 (full 0):
 garbage-first heap   total 120832K, used 73130K [0x0000000700000000, 0x0000000800000000)
  region size 2048K, 34 young (69632K), 3 survivors (6144K)
 Metaspace       used 7939K, committed 8192K, reserved 1114112K
  class space    used 1083K, committed 1216K, reserved 1048576K
}
Event: 33.632 GC heap after
{Heap after GC invocations=3 (full 0):
 garbage-first heap   total 120832K, used 19228K [0x0000000700000000, 0x0000000800000000)
  region size 2048K, 4 young (8192K), 4 survivors (8192K)
 Metaspace       used 7939K, committed 8192K, reserved 1114112K
  class space    used 1083K, committed 1216K, reserved 1048576K
}

Dll operation events (20 events):
Event: 3.102 Attempting to load shared library C:\Users\NAGARAJU\.antigravity-ide\extensions\redhat.java-1.56.0-win32-x64\jre\21.0.12.1-win32-x86_64\bin\nio.dll
Event: 3.104 Loaded shared library C:\Users\NAGARAJU\.antigravity-ide\extensions\redhat.java-1.56.0-win32-x64\jre\21.0.12.1-win32-x86_64\bin\nio.dll
Event: 3.120 Attempting to load shared library C:\Users\NAGARAJU\.antigravity-ide\extensions\redhat.java-1.56.0-win32-x64\jre\21.0.12.1-win32-x86_64\bin\zip.dll
Event: 3.120 Loaded shared library C:\Users\NAGARAJU\.antigravity-ide\extensions\redhat.java-1.56.0-win32-x64\jre\21.0.12.1-win32-x86_64\bin\zip.dll
Event: 9.333 Attempting to load shared library C:\Users\NAGARAJU\.antigravity-ide\extensions\redhat.java-1.56.0-win32-x64\jre\21.0.12.1-win32-x86_64\bin\jimage.dll
Event: 9.333 Loaded shared library C:\Users\NAGARAJU\.antigravity-ide\extensions\redhat.java-1.56.0-win32-x64\jre\21.0.12.1-win32-x86_64\bin\jimage.dll
Event: 11.579 Attempting to load shared library C:\Users\NAGARAJU\.antigravity-ide\extensions\redhat.java-1.56.0-win32-x64\jre\21.0.12.1-win32-x86_64\bin\verify.dll
Event: 11.606 Loaded shared library C:\Users\NAGARAJU\.antigravity-ide\extensions\redhat.java-1.56.0-win32-x64\jre\21.0.12.1-win32-x86_64\bin\verify.dll
Event: 12.724 Attempting to load shared library C:\Users\NAGARAJU\.gradle\native\1def1411415f61bf3af743bc5b6707747c0891f09f0c88961ee8f79bc544acac\windows-amd64\native-platform.dll
Event: 12.742 Loaded shared library C:\Users\NAGARAJU\.gradle\native\1def1411415f61bf3af743bc5b6707747c0891f09f0c88961ee8f79bc544acac\windows-amd64\native-platform.dll
Event: 12.867 Attempting to load shared library C:\Users\NAGARAJU\.gradle\native\0.2.7\x86_64-windows-gnu\gradle-fileevents.dll
Event: 12.909 Loaded shared library C:\Users\NAGARAJU\.gradle\native\0.2.7\x86_64-windows-gnu\gradle-fileevents.dll
Event: 30.333 Attempting to load shared library C:\Users\NAGARAJU\.antigravity-ide\extensions\redhat.java-1.56.0-win32-x64\jre\21.0.12.1-win32-x86_64\bin\management.dll
Event: 30.346 Loaded shared library C:\Users\NAGARAJU\.antigravity-ide\extensions\redhat.java-1.56.0-win32-x64\jre\21.0.12.1-win32-x86_64\bin\management.dll
Event: 30.356 Attempting to load shared library C:\Users\NAGARAJU\.antigravity-ide\extensions\redhat.java-1.56.0-win32-x64\jre\21.0.12.1-win32-x86_64\bin\management_ext.dll
Event: 30.360 Loaded shared library C:\Users\NAGARAJU\.antigravity-ide\extensions\redhat.java-1.56.0-win32-x64\jre\21.0.12.1-win32-x86_64\bin\management_ext.dll
Event: 33.433 Attempting to load shared library C:\Users\NAGARAJU\.antigravity-ide\extensions\redhat.java-1.56.0-win32-x64\jre\21.0.12.1-win32-x86_64\bin\extnet.dll
Event: 33.439 Loaded shared library C:\Users\NAGARAJU\.antigravity-ide\extensions\redhat.java-1.56.0-win32-x64\jre\21.0.12.1-win32-x86_64\bin\extnet.dll
Event: 36.195 Attempting to load shared library C:\Users\NAGARAJU\.antigravity-ide\extensions\redhat.java-1.56.0-win32-x64\jre\21.0.12.1-win32-x86_64\bin\sunmscapi.dll
Event: 36.691 Loaded shared library C:\Users\NAGARAJU\.antigravity-ide\extensions\redhat.java-1.56.0-win32-x64\jre\21.0.12.1-win32-x86_64\bin\sunmscapi.dll

Deoptimization events (20 events):
Event: 39.541 Thread 0x000001b787ada4e0 Uncommon trap: trap_request=0xffffffc6 fr.pc=0x000001b731d07258 relative=0x0000000000000498
Event: 39.541 Thread 0x000001b787ada4e0 Uncommon trap: reason=bimorphic_or_optimized_type_check action=maybe_recompile pc=0x000001b731d07258 method=java.util.HashMap.putVal(ILjava/lang/Object;Ljava/lang/Object;ZZ)Ljava/lang/Object; @ 253 c2
Event: 39.542 Thread 0x000001b787ada4e0 DEOPT PACKING pc=0x000001b731d07258 sp=0x00000038e3bfe960
Event: 39.542 Thread 0x000001b787ada4e0 DEOPT UNPACKING pc=0x000001b731694422 sp=0x00000038e3bfe8f0 mode 2
Event: 40.922 Thread 0x000001b787ada4e0 Uncommon trap: trap_request=0xffffffcc fr.pc=0x000001b731d0e000 relative=0x0000000000000340
Event: 40.922 Thread 0x000001b787ada4e0 Uncommon trap: reason=intrinsic_or_type_checked_inlining action=make_not_entrant pc=0x000001b731d0e000 method=java.util.Arrays.copyOf([Ljava/lang/Object;ILjava/lang/Class;)[Ljava/lang/Object; @ 35 c2
Event: 40.922 Thread 0x000001b787ada4e0 DEOPT PACKING pc=0x000001b731d0e000 sp=0x00000038e3bfdfc0
Event: 40.922 Thread 0x000001b787ada4e0 DEOPT UNPACKING pc=0x000001b731694422 sp=0x00000038e3bfdf68 mode 2
Event: 57.195 Thread 0x000001b787ada4e0 Uncommon trap: trap_request=0xffffff45 fr.pc=0x000001b731ce67f4 relative=0x0000000000000494
Event: 57.195 Thread 0x000001b787ada4e0 Uncommon trap: reason=unstable_if action=reinterpret pc=0x000001b731ce67f4 method=java.util.HashMap.getNode(Ljava/lang/Object;)Ljava/util/HashMap$Node; @ 66 c2
Event: 57.195 Thread 0x000001b787ada4e0 DEOPT PACKING pc=0x000001b731ce67f4 sp=0x00000038e3bfc0d0
Event: 57.195 Thread 0x000001b787ada4e0 DEOPT UNPACKING pc=0x000001b731694422 sp=0x00000038e3bfbff0 mode 2
Event: 57.196 Thread 0x000001b787ada4e0 Uncommon trap: trap_request=0xffffff45 fr.pc=0x000001b731ce5a6c relative=0x000000000000040c
Event: 57.196 Thread 0x000001b787ada4e0 Uncommon trap: reason=unstable_if action=reinterpret pc=0x000001b731ce5a6c method=java.util.HashMap.getNode(Ljava/lang/Object;)Ljava/util/HashMap$Node; @ 66 c2
Event: 57.196 Thread 0x000001b787ada4e0 DEOPT PACKING pc=0x000001b731ce5a6c sp=0x00000038e3bfc070
Event: 57.196 Thread 0x000001b787ada4e0 DEOPT UNPACKING pc=0x000001b731694422 sp=0x00000038e3bfbff0 mode 2
Event: 57.837 Thread 0x000001b787ada4e0 Uncommon trap: trap_request=0xffffff45 fr.pc=0x000001b731c82660 relative=0x00000000000002a0
Event: 57.837 Thread 0x000001b787ada4e0 Uncommon trap: reason=unstable_if action=reinterpret pc=0x000001b731c82660 method=java.util.concurrent.ConcurrentHashMap.get(Ljava/lang/Object;)Ljava/lang/Object; @ 76 c2
Event: 57.837 Thread 0x000001b787ada4e0 DEOPT PACKING pc=0x000001b731c82660 sp=0x00000038e3bfb5a0
Event: 57.837 Thread 0x000001b787ada4e0 DEOPT UNPACKING pc=0x000001b731694422 sp=0x00000038e3bfb508 mode 2

Classes loaded (20 events):
Event: 70.001 Loading class java/nio/file/attribute/PosixFilePermission
Event: 70.002 Loading class java/nio/file/attribute/PosixFilePermission done
Event: 70.003 Loading class java/nio/file/NoSuchFileException
Event: 70.003 Loading class java/nio/file/FileSystemException
Event: 70.003 Loading class java/nio/file/FileSystemException done
Event: 70.003 Loading class java/nio/file/NoSuchFileException done
Event: 70.008 Loading class java/nio/file/attribute/PosixFilePermissions
Event: 70.009 Loading class java/nio/file/attribute/PosixFilePermissions done
Event: 70.009 Loading class java/util/RegularEnumSet$EnumSetIterator
Event: 70.010 Loading class java/util/RegularEnumSet$EnumSetIterator done
Event: 70.010 Loading class java/nio/file/attribute/PosixFilePermissions$1
Event: 70.011 Loading class java/nio/file/attribute/PosixFilePermissions$1 done
Event: 71.118 Loading class java/util/concurrent/ArrayBlockingQueue
Event: 71.127 Loading class java/util/concurrent/ArrayBlockingQueue done
Event: 71.128 Loading class java/util/concurrent/locks/ReentrantLock$FairSync
Event: 71.134 Loading class java/util/concurrent/locks/ReentrantLock$FairSync done
Event: 73.025 Loading class java/net/DatagramPacket
Event: 73.053 Loading class java/net/DatagramPacket done
Event: 73.163 Loading class sun/nio/ch/DatagramChannelImpl$DatagramPackets
Event: 73.221 Loading class sun/nio/ch/DatagramChannelImpl$DatagramPackets done

Classes unloaded (0 events):
No events

Classes redefined (0 events):
No events

Internal exceptions (20 events):
Event: 33.535 Thread 0x000001b724b11360 Exception <a 'java/lang/NoSuchMethodError'{0x0000000703318600}: 'java.lang.Object java.lang.invoke.DirectMethodHandle$Holder.invokeVirtual(java.lang.Object, java.lang.Object, java.lang.Object, java.lang.Object, java.lang.Object, java.lang.Object, java.lang.Object)'> (0x0000000703318600) 
thrown [s\src\hotspot\share\interpreter\linkResolver.cpp, line 773]
Event: 33.590 Thread 0x000001b724b11360 Exception <a 'java/lang/NoSuchMethodError'{0x00000007033a94e8}: 'java.lang.Object java.lang.invoke.DirectMethodHandle$Holder.invokeVirtual(java.lang.Object, java.lang.Object, java.lang.Object, java.lang.Object, java.lang.Object, java.lang.Object, java.lang.Object, java.lang.Object, java.lang.Object)'> (0x00000007033a94e8) 
thrown [s\src\hotspot\share\interpreter\linkResolver.cpp, line 773]
Event: 33.793 Thread 0x000001b724b11360 Exception <a 'java/lang/NoSuchMethodError'{0x0000000707544758}: 'java.lang.Object java.lang.invoke.DirectMethodHandle$Holder.invokeStaticInit(java.lang.Object, int, int, int, int)'> (0x0000000707544758) 
thrown [s\src\hotspot\share\interpreter\linkResolver.cpp, line 773]
Event: 35.230 Thread 0x000001b724b11360 Exception <a 'java/lang/NoSuchMethodError'{0x00000007075cdbc0}: 'java.lang.Object java.lang.invoke.DirectMethodHandle$Holder.invokeStaticInit(java.lang.Object, java.lang.Object, int, int, int, int)'> (0x00000007075cdbc0) 
thrown [s\src\hotspot\share\interpreter\linkResolver.cpp, line 773]
Event: 36.019 Thread 0x000001b724b11360 Exception <a 'java/io/IOException'{0x000000070719fa50}> (0x000000070719fa50) 
thrown [s\src\hotspot\share\prims\jni.cpp, line 520]
Event: 36.124 Thread 0x000001b724b11360 Implicit null exception at 0x000001b731c3a024 to 0x000001b731c3a68c
Event: 36.175 Thread 0x000001b724b11360 Exception <a 'java/lang/NoSuchMethodError'{0x0000000706e131d0}: 'java.lang.Object java.lang.invoke.DirectMethodHandle$Holder.newInvokeSpecial(java.lang.Object, java.lang.Object, java.lang.Object, java.lang.Object, java.lang.Object)'> (0x0000000706e131d0) 
thrown [s\src\hotspot\share\interpreter\linkResolver.cpp, line 773]
Event: 38.467 Thread 0x000001b787969ed0 Implicit null exception at 0x000001b731cfd8f2 to 0x000001b731cfe7a0
Event: 39.151 Thread 0x000001b787969ed0 Exception <a 'java/lang/NoSuchMethodError'{0x0000000706871fd8}: 'void java.lang.invoke.DirectMethodHandle$Holder.invokeSpecial(java.lang.Object, java.lang.Object, java.lang.Object)'> (0x0000000706871fd8) 
thrown [s\src\hotspot\share\interpreter\linkResolver.cpp, line 773]
Event: 42.840 Thread 0x000001b787ada4e0 Exception <a 'java/lang/NoSuchMethodError'{0x0000000706501ac0}: 'long java.lang.invoke.DirectMethodHandle$Holder.invokeInterface(java.lang.Object, java.lang.Object)'> (0x0000000706501ac0) 
thrown [s\src\hotspot\share\interpreter\linkResolver.cpp, line 773]
Event: 54.304 Thread 0x000001b787ada4e0 Exception <a 'java/lang/NoSuchMethodError'{0x0000000705e39648}: 'void java.lang.invoke.DirectMethodHandle$Holder.invokeStatic(java.lang.Object, java.lang.Object)'> (0x0000000705e39648) 
thrown [s\src\hotspot\share\interpreter\linkResolver.cpp, line 773]
Event: 54.982 Thread 0x000001b787ada4e0 Exception <a 'java/lang/NoSuchMethodError'{0x0000000705e7f0c0}: 'java.lang.Object java.lang.invoke.DirectMethodHandle$Holder.invokeVirtual(java.lang.Object, java.lang.Object, java.lang.Object, java.lang.Object, java.lang.Object, java.lang.Object, java.lang.Object, java.lang.Object, java.lang.Object, java.lang.Object, java.lang.Object, java.lang.Object)'> (0x0000000705e7f0c0) 
thrown [s\src\hotspot\share\interpreter\linkResolver.cpp, line 773]
Event: 54.983 Thread 0x000001b787ada4e0 Exception <a 'java/lang/NoSuchMethodError'{0x0000000705e84210}: 'java.lang.Object java.lang.invoke.DirectMethodHandle$Holder.invokeSpecial(java.lang.Object, java.lang.Object, java.lang.Object, java.lang.Object, java.lang.Object, java.lang.Object, java.lang.Object, java.lang.Object, java.lang.Object, java.lang.Object, java.lang.Object, java.lang.Object, java.lang.Object)'> (0x0000000705e84210) 
thrown [s\src\hotspot\share\interpreter\linkResolver.cpp, line 773]
Event: 58.758 Thread 0x000001b787ada4e0 Exception <a 'java/lang/NoSuchMethodError'{0x0000000705d9dc80}: 'int java.lang.invoke.DirectMethodHandle$Holder.invokeVirtual(java.lang.Object, java.lang.Object, java.lang.Object)'> (0x0000000705d9dc80) 
thrown [s\src\hotspot\share\interpreter\linkResolver.cpp, line 773]
Event: 61.078 Thread 0x000001b787ada4e0 Exception <a 'java/lang/NoSuchMethodError'{0x0000000705812560}: 'java.lang.Object java.lang.invoke.DirectMethodHandle$Holder.newInvokeSpecial(java.lang.Object, java.lang.Object, java.lang.Object, java.lang.Object, java.lang.Object, java.lang.Object)'> (0x0000000705812560) 
thrown [s\src\hotspot\share\interpreter\linkResolver.cpp, line 773]
Event: 63.566 Thread 0x000001b787ada4e0 Exception <a 'java/lang/NoSuchMethodError'{0x000000070577bac8}: 'void java.lang.invoke.DelegatingMethodHandle$Holder.reinvoke_L(java.lang.Object, java.lang.Object, java.lang.Object, java.lang.Object, java.lang.Object, java.lang.Object, java.lang.Object, java.lang.Object, java.lang.Object, java.lang.Object)'> (0x000000070577bac8) 
thrown [s\src\hotspot\share\interpreter\linkResolver.cpp, line 773]
Event: 63.569 Thread 0x000001b787ada4e0 Exception <a 'java/lang/NoSuchMethodError'{0x00000007057835a8}: 'java.lang.Object java.lang.invoke.Invokers$Holder.invoker(java.lang.Object, java.lang.Object, java.lang.Object, java.lang.Object, java.lang.Object, java.lang.Object, java.lang.Object, java.lang.Object, java.lang.Object, java.lang.Object)'> (0x00000007057835a8) 
thrown [s\src\hotspot\share\interpreter\linkResolver.cpp, line 773]
Event: 70.029 Thread 0x000001b787ada4e0 Exception <a 'java/lang/NoSuchMethodError'{0x0000000704ea0410}: 'void java.lang.invoke.DirectMethodHandle$Holder.invokeInterface(java.lang.Object, java.lang.Object)'> (0x0000000704ea0410) 
thrown [s\src\hotspot\share\interpreter\linkResolver.cpp, line 773]
Event: 70.035 Thread 0x000001b787ada4e0 Exception <a 'java/lang/IncompatibleClassChangeError'{0x0000000704ea3990}: Found class java.lang.Object, but interface was expected> (0x0000000704ea3990) 
thrown [s\src\hotspot\share\interpreter\linkResolver.cpp, line 840]
Event: 71.526 Thread 0x000001b787ada4e0 Exception <a 'java/lang/NoSuchMethodError'{0x0000000704fd3730}: 'java.lang.Object java.lang.invoke.DirectMethodHandle$Holder.newInvokeSpecial(java.lang.Object, java.lang.Object, int)'> (0x0000000704fd3730) 
thrown [s\src\hotspot\share\interpreter\linkResolver.cpp, line 773]

ZGC Phase Switch (0 events):
No events

VM Operations (20 events):
Event: 62.274 Executing safepoint VM operation: Cleanup
Event: 62.274 Executing safepoint VM operation: Cleanup done
Event: 63.288 Executing safepoint VM operation: Cleanup
Event: 63.289 Executing safepoint VM operation: Cleanup done
Event: 64.303 Executing safepoint VM operation: Cleanup
Event: 64.537 Executing safepoint VM operation: Cleanup done
Event: 65.544 Executing safepoint VM operation: Cleanup
Event: 65.575 Executing safepoint VM operation: Cleanup done
Event: 66.577 Executing safepoint VM operation: Cleanup
Event: 66.577 Executing safepoint VM operation: Cleanup done
Event: 67.580 Executing safepoint VM operation: Cleanup
Event: 67.580 Executing safepoint VM operation: Cleanup done
Event: 68.592 Executing safepoint VM operation: Cleanup
Event: 68.592 Executing safepoint VM operation: Cleanup done
Event: 70.610 Executing safepoint VM operation: Cleanup
Event: 70.621 Executing safepoint VM operation: Cleanup done
Event: 71.138 Executing non-safepoint VM operation: HandshakeAllThreads (Deoptimize)
Event: 71.138 Executing non-safepoint VM operation: HandshakeAllThreads (Deoptimize) done
Event: 72.154 Executing safepoint VM operation: Cleanup
Event: 72.154 Executing safepoint VM operation: Cleanup done

Memory protections (0 events):
No events

Nmethod flushes (0 events):
No events

Events (20 events):
Event: 1.680 Thread 0x000001b724b11360 Thread added: 0x000001b740e53980
Event: 1.680 Thread 0x000001b724b11360 Thread added: 0x000001b740e563f0
Event: 1.680 Thread 0x000001b724b11360 Thread added: 0x000001b740e58e60
Event: 1.681 Thread 0x000001b724b11360 Thread added: 0x000001b740e598c0
Event: 1.687 Thread 0x000001b724b11360 Thread added: 0x000001b740e5a650
Event: 1.799 Thread 0x000001b724b11360 Thread added: 0x000001b740e5d850
Event: 3.072 Thread 0x000001b724b11360 Thread added: 0x000001b7861c2cb0
Event: 3.514 Thread 0x000001b724b11360 Thread added: 0x000001b786203c50
Event: 30.824 Thread 0x000001b724b11360 Thread added: 0x000001b786f5db40
Event: 35.510 Thread 0x000001b724b11360 Thread added: 0x000001b787a7efa0
Event: 36.217 Thread 0x000001b724b11360 Thread added: 0x000001b787a7e3e0
Event: 37.551 Thread 0x000001b787a7efa0 Thread added: 0x000001b787969ed0
Event: 37.587 Thread 0x000001b787969ed0 Thread added: 0x000001b786989c00
Event: 38.054 Thread 0x000001b787969ed0 Thread added: 0x000001b786490f10
Event: 39.152 Thread 0x000001b787969ed0 Thread added: 0x000001b787ada4e0
Event: 39.745 Thread 0x000001b787ada4e0 Thread added: 0x000001b787adab70
Event: 40.834 Thread 0x000001b787ada4e0 Thread added: 0x000001b787ad8aa0
Event: 40.903 Thread 0x000001b787ada4e0 Thread added: 0x000001b787ad9e50
Event: 71.155 Thread 0x000001b787ada4e0 Thread added: 0x000001b787ad76f0
Event: 72.948 Thread 0x000001b787ada4e0 Thread added: 0x000001b787ad97c0


Dynamic libraries:
0x00007ff6aaf70000 - 0x00007ff6aaf7e000 	C:\Users\NAGARAJU\.antigravity-ide\extensions\redhat.java-1.56.0-win32-x64\jre\21.0.12.1-win32-x86_64\bin\java.exe
0x00007ffba2e60000 - 0x00007ffba30c6000 	C:\WINDOWS\SYSTEM32\ntdll.dll
0x00007ffba16f0000 - 0x00007ffba17b9000 	C:\WINDOWS\System32\KERNEL32.DLL
0x00007ffba01d0000 - 0x00007ffba05cf000 	C:\WINDOWS\System32\KERNELBASE.dll
0x00007ffba0070000 - 0x00007ffba01bc000 	C:\WINDOWS\System32\ucrtbase.dll
0x00007ffb616c0000 - 0x00007ffb616d8000 	C:\Users\NAGARAJU\.antigravity-ide\extensions\redhat.java-1.56.0-win32-x64\jre\21.0.12.1-win32-x86_64\bin\jli.dll
0x00007ffba2320000 - 0x00007ffba24e6000 	C:\WINDOWS\System32\USER32.dll
0x00007ffba08a0000 - 0x00007ffba08c7000 	C:\WINDOWS\System32\win32u.dll
0x00007ffba2df0000 - 0x00007ffba2e1b000 	C:\WINDOWS\System32\GDI32.dll
0x00007ffba05e0000 - 0x00007ffba0709000 	C:\WINDOWS\System32\gdi32full.dll
0x00007ffba0ae0000 - 0x00007ffba0b83000 	C:\WINDOWS\System32\msvcp_win.dll
0x00007ffb616e0000 - 0x00007ffb616fe000 	C:\Users\NAGARAJU\.antigravity-ide\extensions\redhat.java-1.56.0-win32-x64\jre\21.0.12.1-win32-x86_64\bin\VCRUNTIME140.dll
0x00007ffb88780000 - 0x00007ffb88a11000 	C:\WINDOWS\WinSxS\amd64_microsoft.windows.common-controls_6595b64144ccf1df_6.0.26100.8972_none_3e0da176e32f9d4b\COMCTL32.dll
0x00007ffba24f0000 - 0x00007ffba2599000 	C:\WINDOWS\System32\msvcrt.dll
0x00007ffba2150000 - 0x00007ffba2182000 	C:\WINDOWS\System32\IMM32.DLL
0x00007ffb83500000 - 0x00007ffb8350c000 	C:\Users\NAGARAJU\.antigravity-ide\extensions\redhat.java-1.56.0-win32-x64\jre\21.0.12.1-win32-x86_64\bin\vcruntime140_1.dll
0x00007ffb1bac0000 - 0x00007ffb1bb4d000 	C:\Users\NAGARAJU\.antigravity-ide\extensions\redhat.java-1.56.0-win32-x64\jre\21.0.12.1-win32-x86_64\bin\msvcp140.dll
0x00007ffac8530000 - 0x00007ffac92d2000 	C:\Users\NAGARAJU\.antigravity-ide\extensions\redhat.java-1.56.0-win32-x64\jre\21.0.12.1-win32-x86_64\bin\server\jvm.dll
0x00007ffba0d00000 - 0x00007ffba0dbc000 	C:\WINDOWS\System32\ADVAPI32.dll
0x00007ffba28a0000 - 0x00007ffba294a000 	C:\WINDOWS\System32\sechost.dll
0x00007ffba25a0000 - 0x00007ffba26b8000 	C:\WINDOWS\System32\RPCRT4.dll
0x00007ffba1ab0000 - 0x00007ffba1b32000 	C:\WINDOWS\System32\WS2_32.dll
0x00007ffb9fed0000 - 0x00007ffb9ff2e000 	C:\WINDOWS\SYSTEM32\POWRPROF.dll
0x00007ffb99840000 - 0x00007ffb99876000 	C:\WINDOWS\SYSTEM32\WINMM.dll
0x00007ffb99880000 - 0x00007ffb9988b000 	C:\WINDOWS\SYSTEM32\VERSION.dll
0x00007ffb9feb0000 - 0x00007ffb9fec5000 	C:\WINDOWS\SYSTEM32\UMPDC.dll
0x00007ffb9ed60000 - 0x00007ffb9ed7b000 	C:\WINDOWS\SYSTEM32\kernel.appcore.dll
0x00007ffb82eb0000 - 0x00007ffb82eba000 	C:\Users\NAGARAJU\.antigravity-ide\extensions\redhat.java-1.56.0-win32-x64\jre\21.0.12.1-win32-x86_64\bin\jimage.dll
0x00007ffb94900000 - 0x00007ffb94b42000 	C:\WINDOWS\SYSTEM32\DBGHELP.DLL
0x00007ffba2a10000 - 0x00007ffba2d95000 	C:\WINDOWS\System32\combase.dll
0x00007ffba21c0000 - 0x00007ffba2299000 	C:\WINDOWS\System32\OLEAUT32.dll
0x00007ffb81c30000 - 0x00007ffb81c6b000 	C:\WINDOWS\SYSTEM32\dbgcore.DLL
0x00007ffba08d0000 - 0x00007ffba097c000 	C:\WINDOWS\System32\bcryptPrimitives.dll
0x00007ffb65d80000 - 0x00007ffb65d8f000 	C:\Users\NAGARAJU\.antigravity-ide\extensions\redhat.java-1.56.0-win32-x64\jre\21.0.12.1-win32-x86_64\bin\instrument.dll
0x00007ffb5fe50000 - 0x00007ffb5fe70000 	C:\Users\NAGARAJU\.antigravity-ide\extensions\redhat.java-1.56.0-win32-x64\jre\21.0.12.1-win32-x86_64\bin\java.dll
0x00007ffba0f50000 - 0x00007ffba16d8000 	C:\WINDOWS\System32\SHELL32.dll
0x00007ffb9db40000 - 0x00007ffb9e3db000 	C:\WINDOWS\SYSTEM32\windows.storage.dll
0x00007ffba0dd0000 - 0x00007ffba0ec9000 	C:\WINDOWS\System32\SHCORE.dll
0x00007ffba0c90000 - 0x00007ffba0cf6000 	C:\WINDOWS\System32\shlwapi.dll
0x00007ffb9ff90000 - 0x00007ffb9ffb9000 	C:\WINDOWS\SYSTEM32\profapi.dll
0x00007ffb4d020000 - 0x00007ffb4d038000 	C:\Users\NAGARAJU\.antigravity-ide\extensions\redhat.java-1.56.0-win32-x64\jre\21.0.12.1-win32-x86_64\bin\zip.dll
0x00007ffb72940000 - 0x00007ffb72950000 	C:\Users\NAGARAJU\.antigravity-ide\extensions\redhat.java-1.56.0-win32-x64\jre\21.0.12.1-win32-x86_64\bin\net.dll
0x00007ffb95940000 - 0x00007ffb95a68000 	C:\WINDOWS\SYSTEM32\WINHTTP.dll
0x00007ffb9f310000 - 0x00007ffb9f37c000 	C:\WINDOWS\system32\mswsock.dll
0x00007ffb5f9d0000 - 0x00007ffb5f9e6000 	C:\Users\NAGARAJU\.antigravity-ide\extensions\redhat.java-1.56.0-win32-x64\jre\21.0.12.1-win32-x86_64\bin\nio.dll
0x00007ffb62900000 - 0x00007ffb62910000 	C:\Users\NAGARAJU\.antigravity-ide\extensions\redhat.java-1.56.0-win32-x64\jre\21.0.12.1-win32-x86_64\bin\verify.dll
0x00007ffb1ba00000 - 0x00007ffb1ba27000 	C:\Users\NAGARAJU\.gradle\native\1def1411415f61bf3af743bc5b6707747c0891f09f0c88961ee8f79bc544acac\windows-amd64\native-platform.dll
0x00007ffafafa0000 - 0x00007ffafb018000 	C:\Users\NAGARAJU\.gradle\native\0.2.7\x86_64-windows-gnu\gradle-fileevents.dll
0x00007ffb95860000 - 0x00007ffb9586a000 	C:\Users\NAGARAJU\.antigravity-ide\extensions\redhat.java-1.56.0-win32-x64\jre\21.0.12.1-win32-x86_64\bin\management.dll
0x00007ffb831e0000 - 0x00007ffb831ec000 	C:\Users\NAGARAJU\.antigravity-ide\extensions\redhat.java-1.56.0-win32-x64\jre\21.0.12.1-win32-x86_64\bin\management_ext.dll
0x00007ffba1cb0000 - 0x00007ffba1cb8000 	C:\WINDOWS\System32\PSAPI.DLL
0x00007ffb9e6b0000 - 0x00007ffb9e6e3000 	C:\WINDOWS\SYSTEM32\IPHLPAPI.DLL
0x00007ffba16e0000 - 0x00007ffba16ea000 	C:\WINDOWS\System32\NSI.dll
0x00007ffb831d0000 - 0x00007ffb831d9000 	C:\Users\NAGARAJU\.antigravity-ide\extensions\redhat.java-1.56.0-win32-x64\jre\21.0.12.1-win32-x86_64\bin\extnet.dll
0x00007ffb9f600000 - 0x00007ffb9f61b000 	C:\WINDOWS\SYSTEM32\CRYPTSP.dll
0x00007ffb9ecc0000 - 0x00007ffb9ecf9000 	C:\WINDOWS\system32\rsaenh.dll
0x00007ffb9f3c0000 - 0x00007ffb9f3f2000 	C:\WINDOWS\SYSTEM32\USERENV.dll
0x00007ffb9ff60000 - 0x00007ffb9ff8a000 	C:\WINDOWS\SYSTEM32\bcrypt.dll
0x00007ffb9f620000 - 0x00007ffb9f62c000 	C:\WINDOWS\SYSTEM32\CRYPTBASE.dll
0x00007ffb831c0000 - 0x00007ffb831ce000 	C:\Users\NAGARAJU\.antigravity-ide\extensions\redhat.java-1.56.0-win32-x64\jre\21.0.12.1-win32-x86_64\bin\sunmscapi.dll
0x00007ffba0710000 - 0x00007ffba088e000 	C:\WINDOWS\System32\CRYPT32.dll
0x00007ffb9f840000 - 0x00007ffb9f870000 	C:\WINDOWS\SYSTEM32\ncrypt.dll
0x00007ffb9f7f0000 - 0x00007ffb9f82f000 	C:\WINDOWS\SYSTEM32\NTASN1.dll
0x00007ffb15860000 - 0x00007ffb15868000 	C:\WINDOWS\system32\wshunix.dll

JVMTI agents:
C:\Users\NAGARAJU\.gradle\wrapper\dists\gradle-8.14.1-bin\baw1sv0jfoi8rxs14qo3h49cs\gradle-8.14.1\lib\agents\gradle-instrumentation-agent-8.14.1.jar path:C:\Users\NAGARAJU\.antigravity-ide\extensions\redhat.java-1.56.0-win32-x64\jre\21.0.12.1-win32-x86_64\bin\instrument.dll, loaded, initialized, instrumentlib options:none

dbghelp: loaded successfully - version: 4.0.5 - missing functions: none
symbol engine: initialized successfully - sym options: 0x614 - pdb path: .;C:\Users\NAGARAJU\.antigravity-ide\extensions\redhat.java-1.56.0-win32-x64\jre\21.0.12.1-win32-x86_64\bin;C:\WINDOWS\SYSTEM32;C:\WINDOWS\WinSxS\amd64_microsoft.windows.common-controls_6595b64144ccf1df_6.0.26100.8972_none_3e0da176e32f9d4b;C:\Users\NAGARAJU\.antigravity-ide\extensions\redhat.java-1.56.0-win32-x64\jre\21.0.12.1-win32-x86_64\bin\server;C:\Users\NAGARAJU\.gradle\native\1def1411415f61bf3af743bc5b6707747c0891f09f0c88961ee8f79bc544acac\windows-amd64;C:\Users\NAGARAJU\.gradle\native\0.2.7\x86_64-windows-gnu

VM Arguments:
jvm_args: --add-opens=java.base/java.lang=ALL-UNNAMED --add-opens=java.base/java.lang.invoke=ALL-UNNAMED --add-opens=java.base/java.util=ALL-UNNAMED --add-opens=java.prefs/java.util.prefs=ALL-UNNAMED --add-exports=jdk.compiler/com.sun.tools.javac.api=ALL-UNNAMED --add-exports=jdk.compiler/com.sun.tools.javac.util=ALL-UNNAMED --add-opens=java.base/java.util=ALL-UNNAMED --add-opens=java.prefs/java.util.prefs=ALL-UNNAMED --add-opens=java.base/java.nio.charset=ALL-UNNAMED --add-opens=java.base/java.net=ALL-UNNAMED --add-opens=java.base/java.util.concurrent.atomic=ALL-UNNAMED --add-opens=java.xml/javax.xml.namespace=ALL-UNNAMED -Xmx4096m -Dfile.encoding=UTF-8 -Duser.country=IN -Duser.language=en -Duser.variant -javaagent:C:\Users\NAGARAJU\.gradle\wrapper\dists\gradle-8.14.1-bin\baw1sv0jfoi8rxs14qo3h49cs\gradle-8.14.1\lib\agents\gradle-instrumentation-agent-8.14.1.jar 
java_command: org.gradle.launcher.daemon.bootstrap.GradleDaemon 8.14.1
java_class_path (initial): C:\Users\NAGARAJU\.gradle\wrapper\dists\gradle-8.14.1-bin\baw1sv0jfoi8rxs14qo3h49cs\gradle-8.14.1\lib\gradle-daemon-main-8.14.1.jar
Launcher Type: SUN_STANDARD

[Global flags]
     intx CICompilerCount                          = 4                                         {product} {ergonomic}
     uint ConcGCThreads                            = 2                                         {product} {ergonomic}
     uint G1ConcRefinementThreads                  = 8                                         {product} {ergonomic}
   size_t G1HeapRegionSize                         = 2097152                                   {product} {ergonomic}
    uintx GCDrainStackTargetSize                   = 64                                        {product} {ergonomic}
   size_t InitialHeapSize                          = 123731968                                 {product} {ergonomic}
   size_t MarkStackSize                            = 4194304                                   {product} {ergonomic}
   size_t MaxHeapSize                              = 4294967296                                {product} {command line}
   size_t MaxNewSize                               = 2575302656                                {product} {ergonomic}
   size_t MinHeapDeltaBytes                        = 2097152                                   {product} {ergonomic}
   size_t MinHeapSize                              = 8388608                                   {product} {ergonomic}
    uintx NonNMethodCodeHeapSize                   = 5839372                                {pd product} {ergonomic}
    uintx NonProfiledCodeHeapSize                  = 122909434                              {pd product} {ergonomic}
    uintx ProfiledCodeHeapSize                     = 122909434                              {pd product} {ergonomic}
    uintx ReservedCodeCacheSize                    = 251658240                              {pd product} {ergonomic}
     bool SegmentedCodeCache                       = true                                      {product} {ergonomic}
   size_t SoftMaxHeapSize                          = 4294967296                             {manageable} {ergonomic}
     bool UseCompressedOops                        = true                           {product lp64_product} {ergonomic}
     bool UseG1GC                                  = true                                      {product} {ergonomic}
     bool UseLargePagesIndividualAllocation        = false                                  {pd product} {ergonomic}

Logging:
Log output configuration:
 #0: stdout all=warning uptime,level,tags foldmultilines=false
 #1: stderr all=off uptime,level,tags foldmultilines=false

Release file:
JAVA_VERSION="21.0.12.1" 
MODULES="java.base java.compiler java.datatransfer java.xml java.prefs java.desktop java.instrument java.logging java.management java.security.sasl java.naming java.rmi java.management.rmi java.net.http java.scripting java.security.jgss java.transaction.xa java.sql java.sql.rowset java.xml.crypto java.se java.smartcardio jdk.accessibility jdk.internal.jvmstat jdk.attach jdk.charsets jdk.internal.opt jdk.zipfs jdk.compiler jdk.crypto.ec jdk.crypto.cryptoki jdk.crypto.mscapi jdk.dynalink jdk.internal.ed jdk.editpad jdk.hotspot.agent jdk.httpserver jdk.internal.le jdk.internal.vm.ci jdk.internal.vm.compiler jdk.internal.vm.compiler.management jdk.jartool jdk.javadoc jdk.jcmd jdk.management jdk.management.agent jdk.jconsole jdk.jdeps jdk.jdwp.agent jdk.jdi jdk.jfr jdk.jshell jdk.jsobject jdk.jstatd jdk.localedata jdk.management.jfr jdk.naming.dns jdk.naming.rmi jdk.net jdk.nio.mapmode jdk.random jdk.sctp jdk.security.auth jdk.security.jgss jdk.unsupported jdk.unsupported.desktop jdk.xml.dom" 

Environment Variables:
JAVA_HOME=C:\Program Files\Eclipse Adoptium\jdk-21.0.11.10-hotspot
PATH=C:\Program Files\Eclipse Adoptium\jdk-21.0.11.10-hotspot\bin;C:\Program Files\Eclipse Adoptium\jdk-11.0.26.4-hotspot\bin;C:\Program Files\Eclipse Adoptium\jdk-17.0.14.7-hotspot\bin;C:\Program Files\Java\jdk-17\bin;C:\Program Files\nodejs;E:\Android\Sdk\platform-tools;E:\Android\Sdk\emulator;E:\Android\Sdk\cmdline-tools\latest\bin;C:\Users\NAGARAJU\AppData\Local\Android\Sdk\platform-tools;C:\Users\NAGARAJU\AppData\Local\Android\Sdk\emulator;C:\Users\NAGARAJU\AppData\Local\Android\Sdk\cmdline-tools\latest\bin;C:\Program Files\Eclipse Adoptium\jdk-21.0.11.10-hotspot\bin;C:\Program Files\Eclipse Adoptium\jdk-11.0.26.4-hotspot\bin;C:\Program Files\Eclipse Adoptium\jdk-17.0.14.7-hotspot\bin;C:\Program Files\Java\jdk-17\bin;C:\Program Files\nodejs;E:\Android\Sdk\platform-tools;E:\Android\Sdk\emulator;E:\Android\Sdk\cmdline-tools\latest\bin;C:\Users\NAGARAJU\AppData\Local\Android\Sdk\platform-tools;C:\Users\NAGARAJU\AppData\Local\Android\Sdk\emulator;C:\Users\NAGARAJU\AppData\Local\Android\Sdk\cmdline-tools\latest\bin;C:\Program Files\Eclipse Adoptium\jdk-21.0.11.10-hotspot\bin;C:\Program Files\Eclipse Adoptium\jdk-11.0.26.4-hotspot\bin;C:\Program Files\Eclipse Adoptium\jdk-17.0.14.7-hotspot\bin;C:\Program Files\Java\jdk-17\bin;C:\Program Files\nodejs;E:\Android\Sdk\platform-tools;E:\Android\Sdk\emulator;E:\Android\Sdk\cmdline-tools\latest\bin;C:\Users\NAGARAJU\AppData\Local\Android\Sdk\platform-tools;C:\Users\NAGARAJU\AppData\Local\Android\Sdk\emulator;C:\Users\NAGARAJU\AppData\Local\Android\Sdk\cmdline-tools\latest\bin;C:\WINDOWS\System32;C:\ProgramData\chocolatey\bin;C:\Program Files\nodejs\;C:\Program Files\Git\cmd;C:\Windows\System32;C:\Windows\System32\WindowsPowerShell\v1.0;C:\Windows\System32\OpenSSH;C:\Windows\System32\WindowsPowerShell\v1.0\;C:\Users\NAGARAJU\Downloads\stripe_1.30.0_windows_x86_64;C:\WINDOWS\system32;C:\WINDOWS;C:\WINDOWS\System32\Wbem;C:\WINDOWS\System32\WindowsPowerShell\v1.0\;C:\WINDOWS\System32\OpenSSH\;C:\ProgramData\chocolatey\bin;C:\Program Files\nodejs\;C:\Program Files\Git\cmd;C:\Windows\System32;C:\Windows\System32\WindowsPowerShell\v1.0;C:\Windows\System32\OpenSSH;C:\Windows\System32\WindowsPowerShell\v1.0\;C:\Users\NAGARAJU\Downloads\stripe_1.30.0_windows_x86_64;C:\WINDOWS\system32;C:\WINDOWS;C:\WINDOWS\System32\Wbem;C:\WINDOWS\System32\WindowsPowerShell\v1.0\;C:\WINDOWS\System32\OpenSSH\;C:\ProgramData\chocolatey\bin;C:\Program Files\nodejs\;C:\Program Files\Git\cmd;C:\Windows\System32;C:\Windows\System32\WindowsPowerShell\v1.0;C:\Windows\System32\OpenSSH;C:\Windows\System32\WindowsPowerShell\v1.0\;C:\Users\NAGARAJU\Downloads\stripe_1.30.0_windows_x86_64;C:\WINDOWS\system32;C:\WINDOWS;C:\WINDOWS\System32\Wbem;C:\WINDOWS\System32\WindowsPowerShell\v1.0\;C:\WINDOWS\System32\OpenSSH\;C:\Program Files\Eclipse Adoptium\jdk-21.0.11.10-hotspot\bin;C:\Program Files\Eclipse Adoptium\jdk-11.0.26.4-hotspot\bin;C:\Program Files\Eclipse Adoptium\jdk-17.0.14.7-hotspot\bin;C:\Program Files\Java\jdk-17\bin;C:\Program Files\nodejs;E:\Android\Sdk\platform-tools;E:\Android\Sdk\emulator;E:\Android\Sdk\cmdline-tools\latest\bin;C:\Users\NAGARAJU\AppData\Local\Android\Sdk\platform-tools;C:\Users\NAGARAJU\AppData\Local\Android\Sdk\emulator;C:\Users\NAGARAJU\AppData\Local\Android\Sdk\cmdline-tools\latest\bin;C:\Program Files\Eclipse Adoptium\jdk-21.0.11.10-hotspot\bin;C:\Program Files\Eclipse Adoptium\jdk-11.0.26.4-hotspot\bin;C:\Program Files\Eclipse Adoptium\jdk-17.0.14.7-hotspot\bin;C:\Program Files\Java\jdk-17\bin;C:\Program Files\nodejs;E:\Android\Sdk\platform-tools;E:\Android\Sdk\emulator;E:\Android\Sdk\cmdline-tools\latest\bin;C:\Users\NAGARAJU\AppData\Local\Android\Sdk\platform-tools;C:\Users\NAGARAJU\AppData\Local\Android\Sdk\emulator;C:\Users\NAGARAJU\AppData\Local\Android\Sdk\cmdline-tools\latest\bin;C:\Program Files\Eclipse Adoptium\jdk-21.0.11.10-hotspot\bin;C:\Program Files\Eclipse Adoptium\jdk-11.0.26.4-hotspot\bin;C:\Program Files\Eclipse Adoptium\jdk-17.0.14.7-hotspot\bin;C:\Program Files\Java\jdk-17\bin;C:\Program Files\nodejs;E:\Android\Sdk\platform-tools;E:\Android\Sdk\emulator;E:\Android\Sdk\cmdline-tools\latest\bin;C:\Users\NAGARAJU\AppData\Local\Android\Sdk\platform-tools;C:\Users\NAGARAJU\AppData\Local\Android\Sdk\emulator;C:\Users\NAGARAJU\AppData\Local\Android\Sdk\cmdline-tools\latest\bin;C:\WINDOWS\System32;C:\ProgramData\chocolatey\bin;C:\Program Files\nodejs\;C:\Program Files\Git\cmd;C:\Windows\System32;C:\Windows\System32\WindowsPowerShell\v1.0;C:\Windows\System32\OpenSSH;C:\Windows\System32\WindowsPowerShell\v1.0\;C:\Users\NAGARAJU\Downloads\stripe_1.30.0_windows_x86_64;C:\WINDOWS\system32;C:\WINDOWS;C:\WINDOWS\System32\Wbem;C:\WINDOWS\System32\WindowsPowerShell\v1.0\;C:\WINDOWS\System32\OpenSSH\;C:\ProgramData\chocolatey\bin;C:\Program Files\nodejs\;C:\Program Files\Git\cmd;C:\Windows\System32;C:\Windows\System32\WindowsPowerShell\v1.0;C:\Windows\System32\OpenSSH;C:\Windows\System32\WindowsPowerShell\v1.0\;C:\Users\NAGARAJU\Downloads\stripe_1.30.0_windows_x86_64;C:\WINDOWS\system32;C:\WINDOWS;C:\WINDOWS\System32\Wbem;C:\WINDOWS\System32\WindowsPowerShell\v1.0\;C:\WINDOWS\System32\OpenSSH\;C:\ProgramData\chocolatey\bin;C:\Program Files\nodejs\;C:\Program Files\Git\cmd;C:\Windows\System32;C:\Windows\System32\WindowsPowerShell\v1.0;C:\Windows\System32\OpenSSH;C:\Windows\System32\WindowsPowerShell\v1.0\;C:\Users\NAGARAJU\Downloads\stripe_1.30.0_windows_x86_64;C:\WINDOWS\system32;C:\WINDOWS;C:\WINDOWS\System32\Wbem;C:\WINDOWS\System32\WindowsPowerShell\v1.0\;C:\WINDOWS\System32\OpenSSH\;C:\Users\NAGARAJU\AppData\Local\Android\Sdk\platform-tools;C:\Users\NAGARAJU\AppData\Local\Android\Sdk\cmdline-tools\latest\bin;C:\Users\NAGARAJU\AppData\Roaming\npm;C:\Users\NAGARAJU\AppData\Local\Programs\Microsoft VS Code\bin;C:\Users\NAGARAJU\AppData\Local\Programs\Antigravity IDE\bin;C:\Users\NAGARAJU\AppData\Local\Microsoft\WindowsApps;C:\Users\NAGARAJU\AppData\Local\Kingsoft\WPS Office\12.1.0.27458\clitool
USERNAME=NAGARAJU
OS=Windows_NT
PROCESSOR_IDENTIFIER=AMD64 Family 23 Model 104 Stepping 1, AuthenticAMD
TMP=C:\Users\NAGARAJU\AppData\Local\Temp
TEMP=C:\Users\NAGARAJU\AppData\Local\Temp




Periodic native trim disabled

---------------  S Y S T E M  ---------------

OS:
 Windows 11 , 64 bit Build 26100 (10.0.26100.9168)
OS uptime: 0 days 0:57 hours

CPU: total 8 (initial active 8) (8 cores per cpu, 2 threads per core) family 23 model 104 stepping 1 microcode 0x8608109, cx8, cmov, fxsr, ht, mmx, 3dnowpref, sse, sse2, sse3, ssse3, sse4a, sse4.1, sse4.2, popcnt, lzcnt, tsc, tscinvbit, avx, avx2, aes, clmul, bmi1, bmi2, adx, sha, fma, vzeroupper, clflush, clflushopt, rdtscp, rdpid, f16c
Processor Information for the first 8 processors :
  Max Mhz: 2600, Current Mhz: 2600, Mhz Limit: 2600

Memory: 4k page, system-wide physical 7502M (183M free)
TotalPageFile size 40270M (AvailPageFile size 71M)
current process WorkingSet (physical memory assigned to process): 64M, peak: 137M
current process commit charge ("private bytes"): 260M, peak: 262M

vm_info: OpenJDK 64-Bit Server VM (21.0.12.1+1-LTS) for windows-amd64 JRE (21.0.12.1+1-LTS), built on 2026-08-18T00:00:00Z by "admin" with MS VC++ 17.12 (VS2022)

END.
