#
# There is insufficient memory for the Java Runtime Environment to continue.
# Native memory allocation (malloc) failed to allocate 334544 bytes. Error detail: Chunk::new
# Possible reasons:
#   The system is out of physical RAM or swap space
#   This process is running with CompressedOops enabled, and the Java Heap may be blocking the growth of the native heap
# Possible solutions:
#   Reduce memory load on the system
#   Increase physical memory or swap space
#   Check if swap backing store is full
#   Decrease Java heap size (-Xmx/-Xms)
#   Decrease number of Java threads
#   Decrease Java thread stack sizes (-Xss)
#   Set larger code cache with -XX:ReservedCodeCacheSize=
#   JVM is running with Zero Based Compressed Oops mode in which the Java heap is
#     placed in the first 32GB address space. The Java Heap base address is the
#     maximum limit for the native heap growth. Please use -XX:HeapBaseMinAddress
#     to set the Java Heap base and to place the Java Heap above 32GB virtual address.
# This output file may be truncated or incomplete.
#
#  Out of Memory Error (arena.cpp:168), pid=25672, tid=12720
#
# JRE version: OpenJDK Runtime Environment Temurin-21.0.12.1+1 (21.0.12.1+1) (build 21.0.12.1+1-LTS)
# Java VM: OpenJDK 64-Bit Server VM Temurin-21.0.12.1+1 (21.0.12.1+1-LTS, mixed mode, sharing, tiered, compressed oops, compressed class ptrs, g1 gc, windows-amd64)
# No core dump will be written. Minidumps are not enabled by default on client versions of Windows
#

---------------  S U M M A R Y ------------

Command Line: --add-opens=java.base/java.lang=ALL-UNNAMED --add-opens=java.base/java.lang.invoke=ALL-UNNAMED --add-opens=java.base/java.util=ALL-UNNAMED --add-opens=java.prefs/java.util.prefs=ALL-UNNAMED --add-exports=jdk.compiler/com.sun.tools.javac.api=ALL-UNNAMED --add-exports=jdk.compiler/com.sun.tools.javac.util=ALL-UNNAMED --add-opens=java.base/java.util=ALL-UNNAMED --add-opens=java.prefs/java.util.prefs=ALL-UNNAMED --add-opens=java.base/java.nio.charset=ALL-UNNAMED --add-opens=java.base/java.net=ALL-UNNAMED --add-opens=java.base/java.util.concurrent.atomic=ALL-UNNAMED --add-opens=java.xml/javax.xml.namespace=ALL-UNNAMED -Xmx4096m -Dfile.encoding=UTF-8 -Duser.country=IN -Duser.language=en -Duser.variant -javaagent:C:\Users\NAGARAJU\.gradle\wrapper\dists\gradle-8.14.1-bin\baw1sv0jfoi8rxs14qo3h49cs\gradle-8.14.1\lib\agents\gradle-instrumentation-agent-8.14.1.jar org.gradle.launcher.daemon.bootstrap.GradleDaemon 8.14.1

Host: AMD Ryzen 3 5300U with Radeon Graphics         , 8 cores, 7G,  Windows 11 , 64 bit Build 26100 (10.0.26100.9168)
Time: Wed Sep  9 16:28:31 2026 India Standard Time elapsed time: 193.454134 seconds (0d 0h 3m 13s)

---------------  T H R E A D  ---------------

Current thread (0x00000162c2926ef0):  JavaThread "C2 CompilerThread0" daemon [_thread_in_native, id=12720, stack(0x0000004abd000000,0x0000004abd100000) (1024K)]


Current CompileTask:
C2:193454 2921       4       javax.management.ObjectName::construct (1135 bytes)

Stack: [0x0000004abd000000,0x0000004abd100000]
Native frames: (J=compiled Java code, j=interpreted, Vv=VM code, C=native code)
V  [jvm.dll+0x6d83e9]
V  [jvm.dll+0x8b5736]
V  [jvm.dll+0x8b7cee]
V  [jvm.dll+0x8b83d3]
V  [jvm.dll+0x284596]
V  [jvm.dll+0xc685d]
V  [jvm.dll+0xc6da1]
V  [jvm.dll+0x1422bf]
V  [jvm.dll+0x666c03]
V  [jvm.dll+0x66510b]
V  [jvm.dll+0x24c57b]
V  [jvm.dll+0x24bce0]
V  [jvm.dll+0x1cb4ae]
V  [jvm.dll+0x25baad]
V  [jvm.dll+0x25a03a]
V  [jvm.dll+0x3f8aae]
V  [jvm.dll+0x8600cd]
V  [jvm.dll+0x6d6c1d]
C  [ucrtbase.dll+0x2cd30]
C  [KERNEL32.DLL+0x2ccb7]
C  [ntdll.dll+0xaad6c]


---------------  P R O C E S S  ---------------

Threads class SMR info:
_java_thread_list=0x00000163082eded0, length=21, elements={
0x00000162a65d1d90, 0x00000162c290e880, 0x00000162c2910000, 0x00000162c2913140,
0x00000162c2915bb0, 0x00000162c2918620, 0x00000162c2919080, 0x00000162c2926ef0,
0x00000162c29309b0, 0x00000162c2ba9080, 0x00000162c2be66d0, 0x00000163084c0140,
0x000001630838fc70, 0x00000162c298d9b0, 0x0000016308b62930, 0x0000016308367dd0,
0x00000163083cf2e0, 0x0000016309662a10, 0x000001630965fc20, 0x0000016309660fd0,
0x0000016309661cf0
}

Java Threads: ( => current thread )
  0x00000162a65d1d90 JavaThread "main"                              [_thread_blocked, id=33864, stack(0x0000004abc200000,0x0000004abc300000) (1024K)]
  0x00000162c290e880 JavaThread "Reference Handler"          daemon [_thread_blocked, id=33568, stack(0x0000004abca00000,0x0000004abcb00000) (1024K)]
  0x00000162c2910000 JavaThread "Finalizer"                  daemon [_thread_blocked, id=28208, stack(0x0000004abcb00000,0x0000004abcc00000) (1024K)]
  0x00000162c2913140 JavaThread "Signal Dispatcher"          daemon [_thread_blocked, id=10660, stack(0x0000004abcc00000,0x0000004abcd00000) (1024K)]
  0x00000162c2915bb0 JavaThread "Attach Listener"            daemon [_thread_blocked, id=28592, stack(0x0000004abcd00000,0x0000004abce00000) (1024K)]
  0x00000162c2918620 JavaThread "Service Thread"             daemon [_thread_blocked, id=22508, stack(0x0000004abce00000,0x0000004abcf00000) (1024K)]
  0x00000162c2919080 JavaThread "Monitor Deflation Thread"   daemon [_thread_blocked, id=32360, stack(0x0000004abcf00000,0x0000004abd000000) (1024K)]
=>0x00000162c2926ef0 JavaThread "C2 CompilerThread0"         daemon [_thread_in_native, id=12720, stack(0x0000004abd000000,0x0000004abd100000) (1024K)]
  0x00000162c29309b0 JavaThread "C1 CompilerThread0"         daemon [_thread_blocked, id=25132, stack(0x0000004abd100000,0x0000004abd200000) (1024K)]
  0x00000162c2ba9080 JavaThread "Common-Cleaner"             daemon [_thread_blocked, id=36900, stack(0x0000004abd200000,0x0000004abd300000) (1024K)]
  0x00000162c2be66d0 JavaThread "Notification Thread"        daemon [_thread_blocked, id=33316, stack(0x0000004abd300000,0x0000004abd400000) (1024K)]
  0x00000163084c0140 JavaThread "Daemon health stats"               [_thread_blocked, id=2924, stack(0x0000004abc000000,0x0000004abc100000) (1024K)]
  0x000001630838fc70 JavaThread "Incoming local TCP Connector on port 61104"        [_thread_in_native, id=30208, stack(0x0000004abd800000,0x0000004abd900000) (1024K)]
  0x00000162c298d9b0 JavaThread "Daemon periodic checks"            [_thread_blocked, id=31428, stack(0x0000004abdd00000,0x0000004abde00000) (1024K)]
  0x0000016308b62930 JavaThread "Daemon"                            [_thread_blocked, id=37340, stack(0x0000004abde00000,0x0000004abdf00000) (1024K)]
  0x0000016308367dd0 JavaThread "Handler for socket connection from /127.0.0.1:61104 to /127.0.0.1:61110"        [_thread_in_native, id=32188, stack(0x0000004abdf00000,0x0000004abe000000) (1024K)]
  0x00000163083cf2e0 JavaThread "Cancel handler"                    [_thread_blocked, id=20092, stack(0x0000004abe000000,0x0000004abe100000) (1024K)]
  0x0000016309662a10 JavaThread "Daemon worker"                     [_thread_in_Java, id=24616, stack(0x0000004abe100000,0x0000004abe200000) (1024K)]
  0x000001630965fc20 JavaThread "Asynchronous log dispatcher for DefaultDaemonConnection: socket connection from /127.0.0.1:61104 to /127.0.0.1:61110"        [_thread_blocked, id=12140, stack(0x0000004abe200000,0x0000004abe300000) (1024K)]
  0x0000016309660fd0 JavaThread "Stdin handler"                     [_thread_blocked, id=15124, stack(0x0000004abe300000,0x0000004abe400000) (1024K)]
  0x0000016309661cf0 JavaThread "Daemon client event forwarder"        [_thread_blocked, id=19468, stack(0x0000004abe400000,0x0000004abe500000) (1024K)]
Total: 21

Other Threads:
  0x00000162c28f25e0 VMThread "VM Thread"                           [id=13016, stack(0x0000004abc900000,0x0000004abca00000) (1024K)]
  0x00000162c28e2360 WatcherThread "VM Periodic Task Thread"        [id=8308, stack(0x0000004abc800000,0x0000004abc900000) (1024K)]
  0x00000162a8a2a280 WorkerThread "GC Thread#0"                     [id=35524, stack(0x0000004abc300000,0x0000004abc400000) (1024K)]
  0x00000162c2acab90 WorkerThread "GC Thread#1"                     [id=10540, stack(0x0000004abd400000,0x0000004abd500000) (1024K)]
  0x00000162c2996ec0 WorkerThread "GC Thread#2"                     [id=26864, stack(0x0000004abd500000,0x0000004abd600000) (1024K)]
  0x000001630800e8d0 WorkerThread "GC Thread#3"                     [id=23920, stack(0x0000004abd600000,0x0000004abd700000) (1024K)]
  0x00000162c2a1c010 WorkerThread "GC Thread#4"                     [id=29868, stack(0x0000004abd700000,0x0000004abd800000) (1024K)]
  0x000001630841da50 WorkerThread "GC Thread#5"                     [id=26896, stack(0x0000004abd900000,0x0000004abda00000) (1024K)]
  0x00000163084652e0 WorkerThread "GC Thread#6"                     [id=22860, stack(0x0000004abda00000,0x0000004abdb00000) (1024K)]
  0x00000162c298f8b0 WorkerThread "GC Thread#7"                     [id=8736, stack(0x0000004abdb00000,0x0000004abdc00000) (1024K)]
  0x00000162a668dfc0 ConcurrentGCThread "G1 Main Marker"            [id=20080, stack(0x0000004abc400000,0x0000004abc500000) (1024K)]
  0x00000162a668e8e0 WorkerThread "G1 Conc#0"                       [id=34680, stack(0x0000004abc500000,0x0000004abc600000) (1024K)]
  0x00000162a8a6e400 ConcurrentGCThread "G1 Refine#0"               [id=30504, stack(0x0000004abc600000,0x0000004abc700000) (1024K)]
  0x00000162c27b1120 ConcurrentGCThread "G1 Service"                [id=32416, stack(0x0000004abc700000,0x0000004abc800000) (1024K)]
Total: 14

Threads with active compile tasks:
C2 CompilerThread0  193494 2921       4       javax.management.ObjectName::construct (1135 bytes)
Total: 1

VM state: not at safepoint (normal execution)

VM Mutex/Monitor currently owned by a thread: None

Heap address: 0x0000000700000000, size: 4096 MB, Compressed Oops mode: Zero based, Oop shift amount: 3

CDS archive(s) mapped at: [0x00000162c3000000-0x00000162c3ba0000-0x00000162c3ba0000), size 12189696, SharedBaseAddress: 0x00000162c3000000, ArchiveRelocationMode: 1.
Compressed class space mapped at: 0x00000162c4000000-0x0000016304000000, reserved size: 1073741824
Narrow klass base: 0x00000162c3000000, Narrow klass shift: 0, Narrow klass range: 0x100000000

GC Precious Log:
 CardTable entry size: 512
 Card Set container configuration: InlinePtr #cards 4 size 8 Array Of Cards #cards 16 size 48 Howl #buckets 8 coarsen threshold 3686 Howl Bitmap #cards 512 size 80 coarsen threshold 460 Card regions per heap region 1 cards per card region 4096
 CPUs: 8 total, 8 available
 Memory: 7502M
 Large Page Support: Disabled
 NUMA Support: Disabled
 Compressed Oops: Enabled (Zero based)
 Heap Region Size: 2M
 Heap Min Capacity: 8M
 Heap Initial Capacity: 118M
 Heap Max Capacity: 4G
 Pre-touch: Disabled
 Parallel Workers: 8
 Concurrent Workers: 2
 Concurrent Refinement Workers: 8
 Periodic GC: Disabled

Heap:
 garbage-first heap   total 120832K, used 45987K [0x0000000700000000, 0x0000000800000000)
  region size 2048K, 18 young (36864K), 4 survivors (8192K)
 Metaspace       used 12680K, committed 13120K, reserved 1114112K
  class space    used 1723K, committed 1920K, reserved 1048576K

Heap Regions: E=young(eden), S=young(survivor), O=old, HS=humongous(starts), HC=humongous(continues), CS=collection set, F=free, TAMS=top-at-mark-start, PB=parsable bottom
|   0|0x0000000700000000, 0x0000000700200000, 0x0000000700200000|100%|HS|  |TAMS 0x0000000700000000| PB 0x0000000700000000| Complete 
|   1|0x0000000700200000, 0x0000000700400000, 0x0000000700400000|100%|HC|  |TAMS 0x0000000700200000| PB 0x0000000700200000| Complete 
|   2|0x0000000700400000, 0x0000000700600000, 0x0000000700600000|100%| O|  |TAMS 0x0000000700400000| PB 0x0000000700400000| Untracked 
|   3|0x0000000700600000, 0x0000000700800000, 0x0000000700800000|100%| O|  |TAMS 0x0000000700600000| PB 0x0000000700600000| Untracked 
|   4|0x0000000700800000, 0x0000000700a00000, 0x0000000700a00000|100%| O|  |TAMS 0x0000000700800000| PB 0x0000000700800000| Untracked 
|   5|0x0000000700a00000, 0x0000000700b5f078, 0x0000000700c00000| 68%| O|  |TAMS 0x0000000700a00000| PB 0x0000000700a00000| Untracked 
|   6|0x0000000700c00000, 0x0000000700c00000, 0x0000000700e00000|  0%| F|  |TAMS 0x0000000700c00000| PB 0x0000000700c00000| Untracked 
|   7|0x0000000700e00000, 0x0000000700e00000, 0x0000000701000000|  0%| F|  |TAMS 0x0000000700e00000| PB 0x0000000700e00000| Untracked 
|   8|0x0000000701000000, 0x0000000701000000, 0x0000000701200000|  0%| F|  |TAMS 0x0000000701000000| PB 0x0000000701000000| Untracked 
|   9|0x0000000701200000, 0x0000000701200000, 0x0000000701400000|  0%| F|  |TAMS 0x0000000701200000| PB 0x0000000701200000| Untracked 
|  10|0x0000000701400000, 0x0000000701400000, 0x0000000701600000|  0%| F|  |TAMS 0x0000000701400000| PB 0x0000000701400000| Untracked 
|  11|0x0000000701600000, 0x0000000701600000, 0x0000000701800000|  0%| F|  |TAMS 0x0000000701600000| PB 0x0000000701600000| Untracked 
|  12|0x0000000701800000, 0x0000000701800000, 0x0000000701a00000|  0%| F|  |TAMS 0x0000000701800000| PB 0x0000000701800000| Untracked 
|  13|0x0000000701a00000, 0x0000000701a00000, 0x0000000701c00000|  0%| F|  |TAMS 0x0000000701a00000| PB 0x0000000701a00000| Untracked 
|  14|0x0000000701c00000, 0x0000000701c00000, 0x0000000701e00000|  0%| F|  |TAMS 0x0000000701c00000| PB 0x0000000701c00000| Untracked 
|  15|0x0000000701e00000, 0x0000000701e00000, 0x0000000702000000|  0%| F|  |TAMS 0x0000000701e00000| PB 0x0000000701e00000| Untracked 
|  16|0x0000000702000000, 0x0000000702000000, 0x0000000702200000|  0%| F|  |TAMS 0x0000000702000000| PB 0x0000000702000000| Untracked 
|  17|0x0000000702200000, 0x0000000702200000, 0x0000000702400000|  0%| F|  |TAMS 0x0000000702200000| PB 0x0000000702200000| Untracked 
|  18|0x0000000702400000, 0x0000000702400000, 0x0000000702600000|  0%| F|  |TAMS 0x0000000702400000| PB 0x0000000702400000| Untracked 
|  19|0x0000000702600000, 0x0000000702600000, 0x0000000702800000|  0%| F|  |TAMS 0x0000000702600000| PB 0x0000000702600000| Untracked 
|  20|0x0000000702800000, 0x0000000702989f80, 0x0000000702a00000| 76%| S|CS|TAMS 0x0000000702800000| PB 0x0000000702800000| Complete 
|  21|0x0000000702a00000, 0x0000000702c00000, 0x0000000702c00000|100%| S|CS|TAMS 0x0000000702a00000| PB 0x0000000702a00000| Complete 
|  22|0x0000000702c00000, 0x0000000702e00000, 0x0000000702e00000|100%| S|CS|TAMS 0x0000000702c00000| PB 0x0000000702c00000| Complete 
|  23|0x0000000702e00000, 0x0000000703000000, 0x0000000703000000|100%| S|CS|TAMS 0x0000000702e00000| PB 0x0000000702e00000| Complete 
|  24|0x0000000703000000, 0x0000000703000000, 0x0000000703200000|  0%| F|  |TAMS 0x0000000703000000| PB 0x0000000703000000| Untracked 
|  25|0x0000000703200000, 0x0000000703200000, 0x0000000703400000|  0%| F|  |TAMS 0x0000000703200000| PB 0x0000000703200000| Untracked 
|  26|0x0000000703400000, 0x0000000703400000, 0x0000000703600000|  0%| F|  |TAMS 0x0000000703400000| PB 0x0000000703400000| Untracked 
|  27|0x0000000703600000, 0x0000000703600000, 0x0000000703800000|  0%| F|  |TAMS 0x0000000703600000| PB 0x0000000703600000| Untracked 
|  28|0x0000000703800000, 0x0000000703800000, 0x0000000703a00000|  0%| F|  |TAMS 0x0000000703800000| PB 0x0000000703800000| Untracked 
|  29|0x0000000703a00000, 0x0000000703a00000, 0x0000000703c00000|  0%| F|  |TAMS 0x0000000703a00000| PB 0x0000000703a00000| Untracked 
|  30|0x0000000703c00000, 0x0000000703c00000, 0x0000000703e00000|  0%| F|  |TAMS 0x0000000703c00000| PB 0x0000000703c00000| Untracked 
|  31|0x0000000703e00000, 0x0000000703e00000, 0x0000000704000000|  0%| F|  |TAMS 0x0000000703e00000| PB 0x0000000703e00000| Untracked 
|  32|0x0000000704000000, 0x0000000704000000, 0x0000000704200000|  0%| F|  |TAMS 0x0000000704000000| PB 0x0000000704000000| Untracked 
|  33|0x0000000704200000, 0x0000000704200000, 0x0000000704400000|  0%| F|  |TAMS 0x0000000704200000| PB 0x0000000704200000| Untracked 
|  34|0x0000000704400000, 0x0000000704400000, 0x0000000704600000|  0%| F|  |TAMS 0x0000000704400000| PB 0x0000000704400000| Untracked 
|  35|0x0000000704600000, 0x0000000704600000, 0x0000000704800000|  0%| F|  |TAMS 0x0000000704600000| PB 0x0000000704600000| Untracked 
|  36|0x0000000704800000, 0x0000000704800000, 0x0000000704a00000|  0%| F|  |TAMS 0x0000000704800000| PB 0x0000000704800000| Untracked 
|  37|0x0000000704a00000, 0x0000000704a00000, 0x0000000704c00000|  0%| F|  |TAMS 0x0000000704a00000| PB 0x0000000704a00000| Untracked 
|  38|0x0000000704c00000, 0x0000000704c00000, 0x0000000704e00000|  0%| F|  |TAMS 0x0000000704c00000| PB 0x0000000704c00000| Untracked 
|  39|0x0000000704e00000, 0x0000000704e00000, 0x0000000705000000|  0%| F|  |TAMS 0x0000000704e00000| PB 0x0000000704e00000| Untracked 
|  40|0x0000000705000000, 0x0000000705000000, 0x0000000705200000|  0%| F|  |TAMS 0x0000000705000000| PB 0x0000000705000000| Untracked 
|  41|0x0000000705200000, 0x0000000705200000, 0x0000000705400000|  0%| F|  |TAMS 0x0000000705200000| PB 0x0000000705200000| Untracked 
|  42|0x0000000705400000, 0x0000000705400000, 0x0000000705600000|  0%| F|  |TAMS 0x0000000705400000| PB 0x0000000705400000| Untracked 
|  43|0x0000000705600000, 0x0000000705600000, 0x0000000705800000|  0%| F|  |TAMS 0x0000000705600000| PB 0x0000000705600000| Untracked 
|  44|0x0000000705800000, 0x0000000705800000, 0x0000000705a00000|  0%| F|  |TAMS 0x0000000705800000| PB 0x0000000705800000| Untracked 
|  45|0x0000000705a00000, 0x0000000705b403a0, 0x0000000705c00000| 62%| E|  |TAMS 0x0000000705a00000| PB 0x0000000705a00000| Complete 
|  46|0x0000000705c00000, 0x0000000705e00000, 0x0000000705e00000|100%| E|CS|TAMS 0x0000000705c00000| PB 0x0000000705c00000| Complete 
|  47|0x0000000705e00000, 0x0000000706000000, 0x0000000706000000|100%| E|CS|TAMS 0x0000000705e00000| PB 0x0000000705e00000| Complete 
|  48|0x0000000706000000, 0x0000000706200000, 0x0000000706200000|100%| E|CS|TAMS 0x0000000706000000| PB 0x0000000706000000| Complete 
|  49|0x0000000706200000, 0x0000000706400000, 0x0000000706400000|100%| E|CS|TAMS 0x0000000706200000| PB 0x0000000706200000| Complete 
|  50|0x0000000706400000, 0x0000000706600000, 0x0000000706600000|100%| E|CS|TAMS 0x0000000706400000| PB 0x0000000706400000| Complete 
|  51|0x0000000706600000, 0x0000000706800000, 0x0000000706800000|100%| E|CS|TAMS 0x0000000706600000| PB 0x0000000706600000| Complete 
|  52|0x0000000706800000, 0x0000000706a00000, 0x0000000706a00000|100%| E|CS|TAMS 0x0000000706800000| PB 0x0000000706800000| Complete 
|  53|0x0000000706a00000, 0x0000000706c00000, 0x0000000706c00000|100%| E|CS|TAMS 0x0000000706a00000| PB 0x0000000706a00000| Complete 
|  54|0x0000000706c00000, 0x0000000706e00000, 0x0000000706e00000|100%| E|CS|TAMS 0x0000000706c00000| PB 0x0000000706c00000| Complete 
|  55|0x0000000706e00000, 0x0000000707000000, 0x0000000707000000|100%| E|CS|TAMS 0x0000000706e00000| PB 0x0000000706e00000| Complete 
|  56|0x0000000707000000, 0x0000000707200000, 0x0000000707200000|100%| E|CS|TAMS 0x0000000707000000| PB 0x0000000707000000| Complete 
|  57|0x0000000707200000, 0x0000000707400000, 0x0000000707400000|100%| E|CS|TAMS 0x0000000707200000| PB 0x0000000707200000| Complete 
|  58|0x0000000707400000, 0x0000000707600000, 0x0000000707600000|100%| E|CS|TAMS 0x0000000707400000| PB 0x0000000707400000| Complete 

Card table byte_map: [0x00000162bb6f0000,0x00000162bbef0000] _byte_map_base: 0x00000162b7ef0000

Marking Bits: (CMBitMap*) 0x00000162a8a2b7b0
 Bits: [0x00000162bbef0000, 0x00000162bfef0000)

Polling page: 0x00000162a6860000

Metaspace:

Usage:
  Non-class:     10.70 MB used.
      Class:      1.68 MB used.
       Both:     12.38 MB used.

Virtual space:
  Non-class space:       64.00 MB reserved,      10.94 MB ( 17%) committed,  1 nodes.
      Class space:        1.00 GB reserved,       1.88 MB ( <1%) committed,  1 nodes.
             Both:        1.06 GB reserved,      12.81 MB (  1%) committed. 

Chunk freelists:
   Non-Class:  4.86 MB
       Class:  14.16 MB
        Both:  19.02 MB

MaxMetaspaceSize: unlimited
CompressedClassSpaceSize: 1.00 GB
Initial GC threshold: 21.00 MB
Current GC threshold: 21.00 MB
CDS: on
 - commit_granule_bytes: 65536.
 - commit_granule_words: 8192.
 - virtual_space_node_default_size: 8388608.
 - enlarge_chunks_in_place: 1.
 - use_allocation_guard: 0.


Internal statistics:

num_allocs_failed_limit: 0.
num_arena_births: 388.
num_arena_deaths: 0.
num_vsnodes_births: 2.
num_vsnodes_deaths: 0.
num_space_committed: 205.
num_space_uncommitted: 0.
num_chunks_returned_to_freelist: 0.
num_chunks_taken_from_freelist: 784.
num_chunk_merges: 0.
num_chunk_splits: 509.
num_chunks_enlarged: 354.
num_inconsistent_stats: 0.

CodeHeap 'non-profiled nmethods': size=120000Kb used=1478Kb max_used=1478Kb free=118521Kb
 bounds [0x00000162b3680000, 0x00000162b38f0000, 0x00000162babb0000]
CodeHeap 'profiled nmethods': size=120000Kb used=5624Kb max_used=5624Kb free=114375Kb
 bounds [0x00000162abbb0000, 0x00000162ac130000, 0x00000162b30e0000]
CodeHeap 'non-nmethods': size=5760Kb used=1377Kb max_used=1416Kb free=4383Kb
 bounds [0x00000162b30e0000, 0x00000162b3350000, 0x00000162b3680000]
CodeCache: size=245760Kb, used=8479Kb, max_used=8518Kb, free=237279Kb
 total_blobs=3445, nmethods=2908, adapters=441, full_count=0
Compilation: enabled, stopped_count=0, restarted_count=0

Compilation events (20 events):
Event: 190.554 Thread 0x00000162c2926ef0 2913   !   4       java.util.zip.InflaterInputStream::read (129 bytes)
Event: 190.680 Thread 0x00000162c2926ef0 nmethod 2913 0x00000162b37e8690 code [0x00000162b37e8a60, 0x00000162b37eb848]
Event: 190.804 Thread 0x00000162c2926ef0 2914       4       java.util.ArrayList::<init> (65 bytes)
Event: 190.811 Thread 0x00000162c2926ef0 nmethod 2914 0x00000162b37ed510 code [0x00000162b37ed6e0, 0x00000162b37ede90]
Event: 190.829 Thread 0x00000162c2926ef0 2915       4       java.net.InetAddress::getByAddress (115 bytes)
Event: 190.833 Thread 0x00000162c2926ef0 nmethod 2915 0x00000162b37ee090 code [0x00000162b37ee240, 0x00000162b37ee5e0]
Event: 190.833 Thread 0x00000162c2926ef0 2916       4       org.gradle.internal.remote.internal.inet.MultiChoiceAddressSerializer::read (95 bytes)
Event: 190.908 Thread 0x00000162c2926ef0 nmethod 2916 0x00000162b37ee790 code [0x00000162b37eea60, 0x00000162b37f0278]
Event: 191.033 Thread 0x00000162c2926ef0 2917       4       java.util.jar.JarFile::maybeInstantiateVerifier (42 bytes)
Event: 191.039 Thread 0x00000162c2926ef0 nmethod 2917 0x00000162b37f1590 code [0x00000162b37f1720, 0x00000162b37f1828]
Event: 191.251 Thread 0x00000162c29309b0 2919       3       java.util.stream.AbstractPipeline::wrapSink (37 bytes)
Event: 191.251 Thread 0x00000162c2926ef0 2921       4       javax.management.ObjectName::construct (1135 bytes)
Event: 191.251 Thread 0x00000162c29309b0 nmethod 2919 0x00000162ac12b610 code [0x00000162ac12b7e0, 0x00000162ac12bbe8]
Event: 191.251 Thread 0x00000162c29309b0 2918       3       java.util.stream.AbstractPipeline::wrapAndCopyInto (18 bytes)
Event: 191.251 Thread 0x00000162c29309b0 nmethod 2918 0x00000162ac12bd90 code [0x00000162ac12bf80, 0x00000162ac12c388]
Event: 191.251 Thread 0x00000162c29309b0 2920       3       java.util.stream.AbstractPipeline::copyInto (54 bytes)
Event: 191.252 Thread 0x00000162c29309b0 nmethod 2920 0x00000162ac12c510 code [0x00000162ac12c740, 0x00000162ac12ce68]
Event: 191.342 Thread 0x00000162c29309b0 2923   !   3       java.io.FileInputStream::available (24 bytes)
Event: 191.343 Thread 0x00000162c29309b0 nmethod 2923 0x00000162ac12d090 code [0x00000162ac12d260, 0x00000162ac12d470]
Event: 193.211 Thread 0x00000162c29309b0 2924       3       org.gradle.internal.time.MonotonicClock::getCurrentTime (70 bytes)

GC Heap History (6 events):
Event: 11.996 GC heap before
{Heap before GC invocations=0 (full 0):
 garbage-first heap   total 120832K, used 22528K [0x0000000700000000, 0x0000000800000000)
  region size 2048K, 11 young (22528K), 0 survivors (0K)
 Metaspace       used 885K, committed 1024K, reserved 1114112K
  class space    used 71K, committed 128K, reserved 1048576K
}
Event: 12.297 GC heap after
{Heap after GC invocations=1 (full 0):
 garbage-first heap   total 120832K, used 1536K [0x0000000700000000, 0x0000000800000000)
  region size 2048K, 1 young (2048K), 1 survivors (2048K)
 Metaspace       used 885K, committed 1024K, reserved 1114112K
  class space    used 71K, committed 128K, reserved 1048576K
}
Event: 42.684 GC heap before
{Heap before GC invocations=1 (full 0):
 garbage-first heap   total 120832K, used 42496K [0x0000000700000000, 0x0000000800000000)
  region size 2048K, 20 young (40960K), 1 survivors (2048K)
 Metaspace       used 4411K, committed 4544K, reserved 1114112K
  class space    used 559K, committed 640K, reserved 1048576K
}
Event: 42.705 GC heap after
{Heap after GC invocations=2 (full 0):
 garbage-first heap   total 120832K, used 11647K [0x0000000700000000, 0x0000000800000000)
  region size 2048K, 3 young (6144K), 3 survivors (6144K)
 Metaspace       used 4411K, committed 4544K, reserved 1114112K
  class space    used 559K, committed 640K, reserved 1048576K
}
Event: 104.205 GC heap before
{Heap before GC invocations=2 (full 0):
 garbage-first heap   total 120832K, used 75135K [0x0000000700000000, 0x0000000800000000)
  region size 2048K, 35 young (71680K), 3 survivors (6144K)
 Metaspace       used 8836K, committed 9152K, reserved 1114112K
  class space    used 1207K, committed 1344K, reserved 1048576K
}
Event: 104.247 GC heap after
{Heap after GC invocations=3 (full 0):
 garbage-first heap   total 120832K, used 19363K [0x0000000700000000, 0x0000000800000000)
  region size 2048K, 4 young (8192K), 4 survivors (8192K)
 Metaspace       used 8836K, committed 9152K, reserved 1114112K
  class space    used 1207K, committed 1344K, reserved 1048576K
}

Dll operation events (20 events):
Event: 3.929 Attempting to load shared library C:\Users\NAGARAJU\.antigravity-ide\extensions\redhat.java-1.56.0-win32-x64\jre\21.0.12.1-win32-x86_64\bin\nio.dll
Event: 3.931 Loaded shared library C:\Users\NAGARAJU\.antigravity-ide\extensions\redhat.java-1.56.0-win32-x64\jre\21.0.12.1-win32-x86_64\bin\nio.dll
Event: 4.275 Attempting to load shared library C:\Users\NAGARAJU\.antigravity-ide\extensions\redhat.java-1.56.0-win32-x64\jre\21.0.12.1-win32-x86_64\bin\zip.dll
Event: 4.275 Loaded shared library C:\Users\NAGARAJU\.antigravity-ide\extensions\redhat.java-1.56.0-win32-x64\jre\21.0.12.1-win32-x86_64\bin\zip.dll
Event: 12.604 Attempting to load shared library C:\Users\NAGARAJU\.antigravity-ide\extensions\redhat.java-1.56.0-win32-x64\jre\21.0.12.1-win32-x86_64\bin\jimage.dll
Event: 12.604 Loaded shared library C:\Users\NAGARAJU\.antigravity-ide\extensions\redhat.java-1.56.0-win32-x64\jre\21.0.12.1-win32-x86_64\bin\jimage.dll
Event: 24.546 Attempting to load shared library C:\Users\NAGARAJU\.antigravity-ide\extensions\redhat.java-1.56.0-win32-x64\jre\21.0.12.1-win32-x86_64\bin\verify.dll
Event: 24.563 Loaded shared library C:\Users\NAGARAJU\.antigravity-ide\extensions\redhat.java-1.56.0-win32-x64\jre\21.0.12.1-win32-x86_64\bin\verify.dll
Event: 27.316 Attempting to load shared library C:\Users\NAGARAJU\.gradle\native\1def1411415f61bf3af743bc5b6707747c0891f09f0c88961ee8f79bc544acac\windows-amd64\native-platform.dll
Event: 27.774 Loaded shared library C:\Users\NAGARAJU\.gradle\native\1def1411415f61bf3af743bc5b6707747c0891f09f0c88961ee8f79bc544acac\windows-amd64\native-platform.dll
Event: 28.883 Attempting to load shared library C:\Users\NAGARAJU\.gradle\native\0.2.7\x86_64-windows-gnu\gradle-fileevents.dll
Event: 29.719 Loaded shared library C:\Users\NAGARAJU\.gradle\native\0.2.7\x86_64-windows-gnu\gradle-fileevents.dll
Event: 92.706 Attempting to load shared library C:\Users\NAGARAJU\.antigravity-ide\extensions\redhat.java-1.56.0-win32-x64\jre\21.0.12.1-win32-x86_64\bin\management.dll
Event: 92.753 Loaded shared library C:\Users\NAGARAJU\.antigravity-ide\extensions\redhat.java-1.56.0-win32-x64\jre\21.0.12.1-win32-x86_64\bin\management.dll
Event: 92.956 Attempting to load shared library C:\Users\NAGARAJU\.antigravity-ide\extensions\redhat.java-1.56.0-win32-x64\jre\21.0.12.1-win32-x86_64\bin\management_ext.dll
Event: 92.960 Loaded shared library C:\Users\NAGARAJU\.antigravity-ide\extensions\redhat.java-1.56.0-win32-x64\jre\21.0.12.1-win32-x86_64\bin\management_ext.dll
Event: 99.869 Attempting to load shared library C:\Users\NAGARAJU\.antigravity-ide\extensions\redhat.java-1.56.0-win32-x64\jre\21.0.12.1-win32-x86_64\bin\extnet.dll
Event: 99.873 Loaded shared library C:\Users\NAGARAJU\.antigravity-ide\extensions\redhat.java-1.56.0-win32-x64\jre\21.0.12.1-win32-x86_64\bin\extnet.dll
Event: 116.416 Attempting to load shared library C:\Users\NAGARAJU\.antigravity-ide\extensions\redhat.java-1.56.0-win32-x64\jre\21.0.12.1-win32-x86_64\bin\sunmscapi.dll
Event: 117.053 Loaded shared library C:\Users\NAGARAJU\.antigravity-ide\extensions\redhat.java-1.56.0-win32-x64\jre\21.0.12.1-win32-x86_64\bin\sunmscapi.dll

Deoptimization events (20 events):
Event: 133.199 Thread 0x0000016308b62930 DEOPT PACKING pc=0x00000162ac047a38 sp=0x0000004abdefde90
Event: 133.199 Thread 0x0000016308b62930 DEOPT UNPACKING pc=0x00000162b3134bc2 sp=0x0000004abdefd3e8 mode 0
Event: 133.200 Thread 0x0000016308b62930 DEOPT PACKING pc=0x00000162ac047a38 sp=0x0000004abdefde90
Event: 133.200 Thread 0x0000016308b62930 DEOPT UNPACKING pc=0x00000162b3134bc2 sp=0x0000004abdefd3e8 mode 0
Event: 134.285 Thread 0x0000016309662a10 Uncommon trap: trap_request=0xffffff6e fr.pc=0x00000162b374982c relative=0x00000000000003ec
Event: 134.285 Thread 0x0000016309662a10 Uncommon trap: reason=loop_limit_check action=maybe_recompile pc=0x00000162b374982c method=java.lang.StringLatin1.indexOf([BI[BII)I @ 37 c2
Event: 134.285 Thread 0x0000016309662a10 DEOPT PACKING pc=0x00000162b374982c sp=0x0000004abe1fee80
Event: 134.285 Thread 0x0000016309662a10 DEOPT UNPACKING pc=0x00000162b3134422 sp=0x0000004abe1fede0 mode 2
Event: 135.526 Thread 0x0000016309662a10 Uncommon trap: trap_request=0xffffffc6 fr.pc=0x00000162b37b6354 relative=0x0000000000000494
Event: 135.526 Thread 0x0000016309662a10 Uncommon trap: reason=bimorphic_or_optimized_type_check action=maybe_recompile pc=0x00000162b37b6354 method=java.util.HashMap.putVal(ILjava/lang/Object;Ljava/lang/Object;ZZ)Ljava/lang/Object; @ 253 c2
Event: 135.526 Thread 0x0000016309662a10 DEOPT PACKING pc=0x00000162b37b6354 sp=0x0000004abe1febb0
Event: 135.527 Thread 0x0000016309662a10 DEOPT UNPACKING pc=0x00000162b3134422 sp=0x0000004abe1feb40 mode 2
Event: 135.626 Thread 0x0000016309662a10 Uncommon trap: trap_request=0xffffffc6 fr.pc=0x00000162b37b6354 relative=0x0000000000000494
Event: 135.626 Thread 0x0000016309662a10 Uncommon trap: reason=bimorphic_or_optimized_type_check action=maybe_recompile pc=0x00000162b37b6354 method=java.util.HashMap.putVal(ILjava/lang/Object;Ljava/lang/Object;ZZ)Ljava/lang/Object; @ 253 c2
Event: 135.626 Thread 0x0000016309662a10 DEOPT PACKING pc=0x00000162b37b6354 sp=0x0000004abe1feca0
Event: 135.627 Thread 0x0000016309662a10 DEOPT UNPACKING pc=0x00000162b3134422 sp=0x0000004abe1fec30 mode 2
Event: 138.633 Thread 0x0000016309662a10 Uncommon trap: trap_request=0xffffffcc fr.pc=0x00000162b37ad280 relative=0x0000000000000340
Event: 138.633 Thread 0x0000016309662a10 Uncommon trap: reason=intrinsic_or_type_checked_inlining action=make_not_entrant pc=0x00000162b37ad280 method=java.util.Arrays.copyOf([Ljava/lang/Object;ILjava/lang/Class;)[Ljava/lang/Object; @ 35 c2
Event: 138.633 Thread 0x0000016309662a10 DEOPT PACKING pc=0x00000162b37ad280 sp=0x0000004abe1fe300
Event: 138.633 Thread 0x0000016309662a10 DEOPT UNPACKING pc=0x00000162b3134422 sp=0x0000004abe1fe2a8 mode 2

Classes loaded (20 events):
Event: 134.052 Loading class java/util/Collections$UnmodifiableMap$UnmodifiableEntrySet$1
Event: 134.070 Loading class java/util/Collections$UnmodifiableMap$UnmodifiableEntrySet$1 done
Event: 134.077 Loading class java/util/Collections$UnmodifiableMap$UnmodifiableEntrySet$UnmodifiableEntry
Event: 134.241 Loading class java/util/Collections$UnmodifiableMap$UnmodifiableEntrySet$UnmodifiableEntry done
Event: 135.547 Loading class java/lang/invoke/DirectMethodHandle$StaticAccessor
Event: 135.619 Loading class java/lang/invoke/DirectMethodHandle$StaticAccessor done
Event: 135.840 Loading class java/util/concurrent/CountDownLatch
Event: 135.851 Loading class java/util/concurrent/CountDownLatch done
Event: 135.851 Loading class java/util/concurrent/CountDownLatch$Sync
Event: 135.869 Loading class java/util/concurrent/CountDownLatch$Sync done
Event: 136.707 Loading class java/math/BigDecimal
Event: 136.707 Loading class jdk/internal/event/ThreadSleepEvent
Event: 136.782 Loading class jdk/internal/event/ThreadSleepEvent done
Event: 137.782 Loading class java/math/BigDecimal done
Event: 139.813 Loading class sun/reflect/generics/tree/VoidDescriptor
Event: 139.860 Loading class sun/reflect/generics/tree/VoidDescriptor done
Event: 178.714 Loading class java/util/concurrent/atomic/AtomicReferenceArray
Event: 178.816 Loading class java/util/concurrent/atomic/AtomicReferenceArray done
Event: 178.968 Loading class java/lang/invoke/VarHandleReferences$Array
Event: 179.022 Loading class java/lang/invoke/VarHandleReferences$Array done

Classes unloaded (0 events):
No events

Classes redefined (0 events):
No events

Internal exceptions (20 events):
Event: 93.675 Thread 0x00000162a65d1d90 Exception <a 'java/lang/NoSuchMethodError'{0x00000007039128d8}: 'java.lang.Object java.lang.invoke.DirectMethodHandle$Holder.invokeInterface(java.lang.Object, java.lang.Object)'> (0x00000007039128d8) 
thrown [s\src\hotspot\share\interpreter\linkResolver.cpp, line 773]
Event: 93.775 Thread 0x00000162a65d1d90 Exception <a 'java/lang/NoSuchMethodError'{0x000000070393a538}: 'java.lang.Object java.lang.invoke.DirectMethodHandle$Holder.invokeVirtual(java.lang.Object, java.lang.Object, java.lang.Object, java.lang.Object, java.lang.Object)'> (0x000000070393a538) 
thrown [s\src\hotspot\share\interpreter\linkResolver.cpp, line 773]
Event: 93.795 Thread 0x00000162a65d1d90 Exception <a 'java/lang/NoSuchMethodError'{0x000000070394d728}: 'java.lang.Object java.lang.invoke.Invokers$Holder.invokeExact_MT(java.lang.Object, java.lang.Object, java.lang.Object, java.lang.Object, java.lang.Object, java.lang.Object)'> (0x000000070394d728) 
thrown [s\src\hotspot\share\interpreter\linkResolver.cpp, line 773]
Event: 94.314 Thread 0x00000162a65d1d90 Exception <a 'java/lang/NoSuchMethodError'{0x00000007039dabc8}: 'java.lang.Object java.lang.invoke.DelegatingMethodHandle$Holder.reinvoke_L(java.lang.Object, java.lang.Object, java.lang.Object, java.lang.Object, java.lang.Object, java.lang.Object, java.lang.Object, java.lang.Object, java.lang.Object, java.lang.Object, java.lang.Object, java.lang.Object, java.lang.Object, java.lang.Object)'> (0x00000007039dabc8) 
thrown [s\src\hotspot\share\interpreter\linkResolver.cpp, line 773]
Event: 94.662 Thread 0x00000162a65d1d90 Exception <a 'java/lang/NoSuchMethodError'{0x0000000703628a68}: 'java.lang.Object java.lang.invoke.DirectMethodHandle$Holder.invokeStatic(java.lang.Object, java.lang.Object, java.lang.Object, java.lang.Object, java.lang.Object, java.lang.Object, java.lang.Object, java.lang.Object, java.lang.Object, java.lang.Object, java.lang.Object, java.lang.Object, java.lang.Object)'> (0x0000000703628a68) 
thrown [s\src\hotspot\share\interpreter\linkResolver.cpp, line 773]
Event: 94.701 Thread 0x00000162a65d1d90 Exception <a 'java/lang/NoSuchMethodError'{0x0000000703648070}: 'java.lang.Object java.lang.invoke.DirectMethodHandle$Holder.invokeStatic(java.lang.Object, java.lang.Object, java.lang.Object, java.lang.Object, java.lang.Object, java.lang.Object, java.lang.Object, java.lang.Object, java.lang.Object, java.lang.Object, java.lang.Object, java.lang.Object, java.lang.Object, java.lang.Object)'> (0x0000000703648070) 
thrown [s\src\hotspot\share\interpreter\linkResolver.cpp, line 773]
Event: 94.705 Thread 0x00000162a65d1d90 Exception <a 'java/lang/NoSuchMethodError'{0x0000000703668640}: 'java.lang.Object java.lang.invoke.DirectMethodHandle$Holder.invokeStatic(java.lang.Object, java.lang.Object, java.lang.Object, java.lang.Object, java.lang.Object, java.lang.Object, java.lang.Object, java.lang.Object, java.lang.Object, java.lang.Object, java.lang.Object, java.lang.Object, java.lang.Object, java.lang.Object, java.lang.Object)'> (0x0000000703668640) 
thrown [s\src\hotspot\share\interpreter\linkResolver.cpp, line 773]
Event: 94.824 Thread 0x00000162a65d1d90 Exception <a 'java/lang/NoSuchMethodError'{0x000000070368b210}: 'java.lang.Object java.lang.invoke.DirectMethodHandle$Holder.invokeStatic(java.lang.Object, java.lang.Object, java.lang.Object, java.lang.Object, java.lang.Object, java.lang.Object, java.lang.Object, java.lang.Object, java.lang.Object, java.lang.Object, java.lang.Object, java.lang.Object, java.lang.Object, java.lang.Object, java.lang.Object, java.lang.Object)'> (0x000000070368b210) 
thrown [s\src\hotspot\share\interpreter\linkResolver.cpp, lin
Event: 100.195 Thread 0x00000162a65d1d90 Exception <a 'java/lang/NoSuchMethodError'{0x00000007035e6778}: 'java.lang.Object java.lang.invoke.DirectMethodHandle$Holder.invokeVirtual(java.lang.Object, java.lang.Object, java.lang.Object, java.lang.Object, java.lang.Object, java.lang.Object, java.lang.Object)'> (0x00000007035e6778) 
thrown [s\src\hotspot\share\interpreter\linkResolver.cpp, line 773]
Event: 100.434 Thread 0x00000162a65d1d90 Exception <a 'java/lang/NoSuchMethodError'{0x00000007032775b0}: 'java.lang.Object java.lang.invoke.DirectMethodHandle$Holder.invokeVirtual(java.lang.Object, java.lang.Object, java.lang.Object, java.lang.Object, java.lang.Object, java.lang.Object, java.lang.Object, java.lang.Object, java.lang.Object)'> (0x00000007032775b0) 
thrown [s\src\hotspot\share\interpreter\linkResolver.cpp, line 773]
Event: 101.706 Thread 0x00000162a65d1d90 Exception <a 'java/lang/NoSuchMethodError'{0x0000000703013310}: 'java.lang.Object java.lang.invoke.DirectMethodHandle$Holder.invokeStaticInit(java.lang.Object, int, int, int, int)'> (0x0000000703013310) 
thrown [s\src\hotspot\share\interpreter\linkResolver.cpp, line 773]
Event: 103.230 Thread 0x00000162a65d1d90 Exception <a 'java/lang/NoSuchMethodError'{0x000000070309d590}: 'java.lang.Object java.lang.invoke.DirectMethodHandle$Holder.invokeStaticInit(java.lang.Object, java.lang.Object, int, int, int, int)'> (0x000000070309d590) 
thrown [s\src\hotspot\share\interpreter\linkResolver.cpp, line 773]
Event: 114.784 Thread 0x00000162a65d1d90 Exception <a 'java/io/IOException'{0x00000007072ad738}> (0x00000007072ad738) 
thrown [s\src\hotspot\share\prims\jni.cpp, line 520]
Event: 115.577 Thread 0x00000162a65d1d90 Implicit null exception at 0x00000162b36dc924 to 0x00000162b36dcf8c
Event: 116.297 Thread 0x00000162a65d1d90 Exception <a 'java/lang/NoSuchMethodError'{0x0000000707388700}: 'java.lang.Object java.lang.invoke.DirectMethodHandle$Holder.newInvokeSpecial(java.lang.Object, java.lang.Object, java.lang.Object, java.lang.Object, java.lang.Object)'> (0x0000000707388700) 
thrown [s\src\hotspot\share\interpreter\linkResolver.cpp, line 773]
Event: 133.257 Thread 0x0000016308b62930 Exception <a 'java/lang/NoSuchMethodError'{0x0000000706a8ca98}: 'void java.lang.invoke.DirectMethodHandle$Holder.invokeSpecial(java.lang.Object, java.lang.Object, java.lang.Object)'> (0x0000000706a8ca98) 
thrown [s\src\hotspot\share\interpreter\linkResolver.cpp, line 773]
Event: 156.877 Thread 0x0000016309662a10 Exception <a 'java/lang/NoSuchMethodError'{0x00000007064839b8}: 'long java.lang.invoke.DirectMethodHandle$Holder.invokeInterface(java.lang.Object, java.lang.Object)'> (0x00000007064839b8) 
thrown [s\src\hotspot\share\interpreter\linkResolver.cpp, line 773]
Event: 185.098 Thread 0x0000016309662a10 Exception <a 'java/lang/NoSuchMethodError'{0x0000000705fdaac8}: 'void java.lang.invoke.DirectMethodHandle$Holder.invokeStatic(java.lang.Object, java.lang.Object)'> (0x0000000705fdaac8) 
thrown [s\src\hotspot\share\interpreter\linkResolver.cpp, line 773]
Event: 187.061 Thread 0x0000016309662a10 Exception <a 'java/lang/NoSuchMethodError'{0x0000000705c15388}: 'java.lang.Object java.lang.invoke.DirectMethodHandle$Holder.invokeVirtual(java.lang.Object, java.lang.Object, java.lang.Object, java.lang.Object, java.lang.Object, java.lang.Object, java.lang.Object, java.lang.Object, java.lang.Object, java.lang.Object, java.lang.Object, java.lang.Object)'> (0x0000000705c15388) 
thrown [s\src\hotspot\share\interpreter\linkResolver.cpp, line 773]
Event: 187.062 Thread 0x0000016309662a10 Exception <a 'java/lang/NoSuchMethodError'{0x0000000705c1a4d8}: 'java.lang.Object java.lang.invoke.DirectMethodHandle$Holder.invokeSpecial(java.lang.Object, java.lang.Object, java.lang.Object, java.lang.Object, java.lang.Object, java.lang.Object, java.lang.Object, java.lang.Object, java.lang.Object, java.lang.Object, java.lang.Object, java.lang.Object, java.lang.Object)'> (0x0000000705c1a4d8) 
thrown [s\src\hotspot\share\interpreter\linkResolver.cpp, line 773]

ZGC Phase Switch (0 events):
No events

VM Operations (20 events):
Event: 175.000 Executing safepoint VM operation: Cleanup
Event: 175.062 Executing safepoint VM operation: Cleanup done
Event: 179.089 Executing safepoint VM operation: Cleanup
Event: 179.150 Executing safepoint VM operation: Cleanup done
Event: 180.966 Executing non-safepoint VM operation: HandshakeAllThreads (HandshakeForDeflation)
Event: 181.106 Executing non-safepoint VM operation: HandshakeAllThreads (HandshakeForDeflation) done
Event: 181.106 Executing safepoint VM operation: Cleanup
Event: 181.184 Executing safepoint VM operation: Cleanup done
Event: 181.184 Executing non-safepoint VM operation: RendezvousGCThreads
Event: 181.184 Executing non-safepoint VM operation: RendezvousGCThreads done
Event: 182.198 Executing safepoint VM operation: Cleanup
Event: 182.198 Executing safepoint VM operation: Cleanup done
Event: 186.228 Executing safepoint VM operation: Cleanup
Event: 186.306 Executing safepoint VM operation: Cleanup done
Event: 188.314 Executing safepoint VM operation: Cleanup
Event: 188.424 Executing safepoint VM operation: Cleanup done
Event: 191.442 Executing safepoint VM operation: Cleanup
Event: 191.442 Executing safepoint VM operation: Cleanup done
Event: 192.454 Executing safepoint VM operation: Cleanup
Event: 192.454 Executing safepoint VM operation: Cleanup done

Memory protections (0 events):
No events

Nmethod flushes (0 events):
No events

Events (20 events):
Event: 1.757 Thread 0x00000162a65d1d90 Thread added: 0x00000162c290e880
Event: 1.757 Thread 0x00000162a65d1d90 Thread added: 0x00000162c2910000
Event: 1.777 Thread 0x00000162a65d1d90 Thread added: 0x00000162c2913140
Event: 1.777 Thread 0x00000162a65d1d90 Thread added: 0x00000162c2915bb0
Event: 1.777 Thread 0x00000162a65d1d90 Thread added: 0x00000162c2918620
Event: 1.777 Thread 0x00000162a65d1d90 Thread added: 0x00000162c2919080
Event: 1.795 Thread 0x00000162a65d1d90 Thread added: 0x00000162c2926ef0
Event: 1.795 Thread 0x00000162a65d1d90 Thread added: 0x00000162c29309b0
Event: 3.494 Thread 0x00000162a65d1d90 Thread added: 0x00000162c2ba9080
Event: 4.956 Thread 0x00000162a65d1d90 Thread added: 0x00000162c2be66d0
Event: 94.198 Thread 0x00000162a65d1d90 Thread added: 0x00000163084c0140
Event: 103.677 Thread 0x00000162a65d1d90 Thread added: 0x000001630838fc70
Event: 116.867 Thread 0x00000162a65d1d90 Thread added: 0x00000162c298d9b0
Event: 126.526 Thread 0x000001630838fc70 Thread added: 0x0000016308b62930
Event: 127.266 Thread 0x0000016308b62930 Thread added: 0x0000016308367dd0
Event: 132.269 Thread 0x0000016308b62930 Thread added: 0x00000163083cf2e0
Event: 133.532 Thread 0x0000016308b62930 Thread added: 0x0000016309662a10
Event: 136.657 Thread 0x0000016309662a10 Thread added: 0x000001630965fc20
Event: 138.150 Thread 0x0000016309662a10 Thread added: 0x0000016309660fd0
Event: 138.487 Thread 0x0000016309662a10 Thread added: 0x0000016309661cf0


Dynamic libraries:
0x00007ff6aaf70000 - 0x00007ff6aaf7e000 	C:\Users\NAGARAJU\.antigravity-ide\extensions\redhat.java-1.56.0-win32-x64\jre\21.0.12.1-win32-x86_64\bin\java.exe
0x00007ffba2e60000 - 0x00007ffba30c6000 	C:\WINDOWS\SYSTEM32\ntdll.dll
0x00007ffba16f0000 - 0x00007ffba17b9000 	C:\WINDOWS\System32\KERNEL32.DLL
0x00007ffba01d0000 - 0x00007ffba05cf000 	C:\WINDOWS\System32\KERNELBASE.dll
0x00007ffba0070000 - 0x00007ffba01bc000 	C:\WINDOWS\System32\ucrtbase.dll
0x00007ffb616c0000 - 0x00007ffb616d8000 	C:\Users\NAGARAJU\.antigravity-ide\extensions\redhat.java-1.56.0-win32-x64\jre\21.0.12.1-win32-x86_64\bin\jli.dll
0x00007ffba2320000 - 0x00007ffba24e6000 	C:\WINDOWS\System32\USER32.dll
0x00007ffba08a0000 - 0x00007ffba08c7000 	C:\WINDOWS\System32\win32u.dll
0x00007ffba2df0000 - 0x00007ffba2e1b000 	C:\WINDOWS\System32\GDI32.dll
0x00007ffba05e0000 - 0x00007ffba0709000 	C:\WINDOWS\System32\gdi32full.dll
0x00007ffba0ae0000 - 0x00007ffba0b83000 	C:\WINDOWS\System32\msvcp_win.dll
0x00007ffb616e0000 - 0x00007ffb616fe000 	C:\Users\NAGARAJU\.antigravity-ide\extensions\redhat.java-1.56.0-win32-x64\jre\21.0.12.1-win32-x86_64\bin\VCRUNTIME140.dll
0x00007ffb88780000 - 0x00007ffb88a11000 	C:\WINDOWS\WinSxS\amd64_microsoft.windows.common-controls_6595b64144ccf1df_6.0.26100.8972_none_3e0da176e32f9d4b\COMCTL32.dll
0x00007ffba24f0000 - 0x00007ffba2599000 	C:\WINDOWS\System32\msvcrt.dll
0x00007ffba2150000 - 0x00007ffba2182000 	C:\WINDOWS\System32\IMM32.DLL
0x00007ffb83500000 - 0x00007ffb8350c000 	C:\Users\NAGARAJU\.antigravity-ide\extensions\redhat.java-1.56.0-win32-x64\jre\21.0.12.1-win32-x86_64\bin\vcruntime140_1.dll
0x00007ffb1bac0000 - 0x00007ffb1bb4d000 	C:\Users\NAGARAJU\.antigravity-ide\extensions\redhat.java-1.56.0-win32-x64\jre\21.0.12.1-win32-x86_64\bin\msvcp140.dll
0x00007ffac8530000 - 0x00007ffac92d2000 	C:\Users\NAGARAJU\.antigravity-ide\extensions\redhat.java-1.56.0-win32-x64\jre\21.0.12.1-win32-x86_64\bin\server\jvm.dll
0x00007ffba0d00000 - 0x00007ffba0dbc000 	C:\WINDOWS\System32\ADVAPI32.dll
0x00007ffba28a0000 - 0x00007ffba294a000 	C:\WINDOWS\System32\sechost.dll
0x00007ffba25a0000 - 0x00007ffba26b8000 	C:\WINDOWS\System32\RPCRT4.dll
0x00007ffba1ab0000 - 0x00007ffba1b32000 	C:\WINDOWS\System32\WS2_32.dll
0x00007ffb9fed0000 - 0x00007ffb9ff2e000 	C:\WINDOWS\SYSTEM32\POWRPROF.dll
0x00007ffb99880000 - 0x00007ffb9988b000 	C:\WINDOWS\SYSTEM32\VERSION.dll
0x00007ffb99840000 - 0x00007ffb99876000 	C:\WINDOWS\SYSTEM32\WINMM.dll
0x00007ffb9feb0000 - 0x00007ffb9fec5000 	C:\WINDOWS\SYSTEM32\UMPDC.dll
0x00007ffb9ed60000 - 0x00007ffb9ed7b000 	C:\WINDOWS\SYSTEM32\kernel.appcore.dll
0x00007ffb82eb0000 - 0x00007ffb82eba000 	C:\Users\NAGARAJU\.antigravity-ide\extensions\redhat.java-1.56.0-win32-x64\jre\21.0.12.1-win32-x86_64\bin\jimage.dll
0x00007ffb94900000 - 0x00007ffb94b42000 	C:\WINDOWS\SYSTEM32\DBGHELP.DLL
0x00007ffba2a10000 - 0x00007ffba2d95000 	C:\WINDOWS\System32\combase.dll
0x00007ffba21c0000 - 0x00007ffba2299000 	C:\WINDOWS\System32\OLEAUT32.dll
0x00007ffb81c30000 - 0x00007ffb81c6b000 	C:\WINDOWS\SYSTEM32\dbgcore.DLL
0x00007ffba08d0000 - 0x00007ffba097c000 	C:\WINDOWS\System32\bcryptPrimitives.dll
0x00007ffb65d80000 - 0x00007ffb65d8f000 	C:\Users\NAGARAJU\.antigravity-ide\extensions\redhat.java-1.56.0-win32-x64\jre\21.0.12.1-win32-x86_64\bin\instrument.dll
0x00007ffb5fe50000 - 0x00007ffb5fe70000 	C:\Users\NAGARAJU\.antigravity-ide\extensions\redhat.java-1.56.0-win32-x64\jre\21.0.12.1-win32-x86_64\bin\java.dll
0x00007ffba0f50000 - 0x00007ffba16d8000 	C:\WINDOWS\System32\SHELL32.dll
0x00007ffb9db40000 - 0x00007ffb9e3db000 	C:\WINDOWS\SYSTEM32\windows.storage.dll
0x00007ffba0dd0000 - 0x00007ffba0ec9000 	C:\WINDOWS\System32\SHCORE.dll
0x00007ffba0c90000 - 0x00007ffba0cf6000 	C:\WINDOWS\System32\shlwapi.dll
0x00007ffb9ff90000 - 0x00007ffb9ffb9000 	C:\WINDOWS\SYSTEM32\profapi.dll
0x00007ffb4d020000 - 0x00007ffb4d038000 	C:\Users\NAGARAJU\.antigravity-ide\extensions\redhat.java-1.56.0-win32-x64\jre\21.0.12.1-win32-x86_64\bin\zip.dll
0x00007ffb72940000 - 0x00007ffb72950000 	C:\Users\NAGARAJU\.antigravity-ide\extensions\redhat.java-1.56.0-win32-x64\jre\21.0.12.1-win32-x86_64\bin\net.dll
0x00007ffb95940000 - 0x00007ffb95a68000 	C:\WINDOWS\SYSTEM32\WINHTTP.dll
0x00007ffb9f310000 - 0x00007ffb9f37c000 	C:\WINDOWS\system32\mswsock.dll
0x00007ffb5f9d0000 - 0x00007ffb5f9e6000 	C:\Users\NAGARAJU\.antigravity-ide\extensions\redhat.java-1.56.0-win32-x64\jre\21.0.12.1-win32-x86_64\bin\nio.dll
0x00007ffb62900000 - 0x00007ffb62910000 	C:\Users\NAGARAJU\.antigravity-ide\extensions\redhat.java-1.56.0-win32-x64\jre\21.0.12.1-win32-x86_64\bin\verify.dll
0x00007ffb1ba00000 - 0x00007ffb1ba27000 	C:\Users\NAGARAJU\.gradle\native\1def1411415f61bf3af743bc5b6707747c0891f09f0c88961ee8f79bc544acac\windows-amd64\native-platform.dll
0x00007ffafafa0000 - 0x00007ffafb018000 	C:\Users\NAGARAJU\.gradle\native\0.2.7\x86_64-windows-gnu\gradle-fileevents.dll
0x00007ffb95860000 - 0x00007ffb9586a000 	C:\Users\NAGARAJU\.antigravity-ide\extensions\redhat.java-1.56.0-win32-x64\jre\21.0.12.1-win32-x86_64\bin\management.dll
0x00007ffb831e0000 - 0x00007ffb831ec000 	C:\Users\NAGARAJU\.antigravity-ide\extensions\redhat.java-1.56.0-win32-x64\jre\21.0.12.1-win32-x86_64\bin\management_ext.dll
0x00007ffba1cb0000 - 0x00007ffba1cb8000 	C:\WINDOWS\System32\PSAPI.DLL
0x00007ffb9e6b0000 - 0x00007ffb9e6e3000 	C:\WINDOWS\SYSTEM32\IPHLPAPI.DLL
0x00007ffba16e0000 - 0x00007ffba16ea000 	C:\WINDOWS\System32\NSI.dll
0x00007ffb831d0000 - 0x00007ffb831d9000 	C:\Users\NAGARAJU\.antigravity-ide\extensions\redhat.java-1.56.0-win32-x64\jre\21.0.12.1-win32-x86_64\bin\extnet.dll
0x00007ffb9f600000 - 0x00007ffb9f61b000 	C:\WINDOWS\SYSTEM32\CRYPTSP.dll
0x00007ffb9ecc0000 - 0x00007ffb9ecf9000 	C:\WINDOWS\system32\rsaenh.dll
0x00007ffb9f3c0000 - 0x00007ffb9f3f2000 	C:\WINDOWS\SYSTEM32\USERENV.dll
0x00007ffb9ff60000 - 0x00007ffb9ff8a000 	C:\WINDOWS\SYSTEM32\bcrypt.dll
0x00007ffb9f620000 - 0x00007ffb9f62c000 	C:\WINDOWS\SYSTEM32\CRYPTBASE.dll
0x00007ffb831c0000 - 0x00007ffb831ce000 	C:\Users\NAGARAJU\.antigravity-ide\extensions\redhat.java-1.56.0-win32-x64\jre\21.0.12.1-win32-x86_64\bin\sunmscapi.dll
0x00007ffba0710000 - 0x00007ffba088e000 	C:\WINDOWS\System32\CRYPT32.dll
0x00007ffb9f840000 - 0x00007ffb9f870000 	C:\WINDOWS\SYSTEM32\ncrypt.dll
0x00007ffb9f7f0000 - 0x00007ffb9f82f000 	C:\WINDOWS\SYSTEM32\NTASN1.dll
0x00007ffb15860000 - 0x00007ffb15868000 	C:\WINDOWS\system32\wshunix.dll

JVMTI agents:
C:\Users\NAGARAJU\.gradle\wrapper\dists\gradle-8.14.1-bin\baw1sv0jfoi8rxs14qo3h49cs\gradle-8.14.1\lib\agents\gradle-instrumentation-agent-8.14.1.jar path:C:\Users\NAGARAJU\.antigravity-ide\extensions\redhat.java-1.56.0-win32-x64\jre\21.0.12.1-win32-x86_64\bin\instrument.dll, loaded, initialized, instrumentlib options:none

dbghelp: loaded successfully - version: 4.0.5 - missing functions: none
symbol engine: initialized successfully - sym options: 0x614 - pdb path: .;C:\Users\NAGARAJU\.antigravity-ide\extensions\redhat.java-1.56.0-win32-x64\jre\21.0.12.1-win32-x86_64\bin;C:\WINDOWS\SYSTEM32;C:\WINDOWS\WinSxS\amd64_microsoft.windows.common-controls_6595b64144ccf1df_6.0.26100.8972_none_3e0da176e32f9d4b;C:\Users\NAGARAJU\.antigravity-ide\extensions\redhat.java-1.56.0-win32-x64\jre\21.0.12.1-win32-x86_64\bin\server;C:\Users\NAGARAJU\.gradle\native\1def1411415f61bf3af743bc5b6707747c0891f09f0c88961ee8f79bc544acac\windows-amd64;C:\Users\NAGARAJU\.gradle\native\0.2.7\x86_64-windows-gnu

VM Arguments:
jvm_args: --add-opens=java.base/java.lang=ALL-UNNAMED --add-opens=java.base/java.lang.invoke=ALL-UNNAMED --add-opens=java.base/java.util=ALL-UNNAMED --add-opens=java.prefs/java.util.prefs=ALL-UNNAMED --add-exports=jdk.compiler/com.sun.tools.javac.api=ALL-UNNAMED --add-exports=jdk.compiler/com.sun.tools.javac.util=ALL-UNNAMED --add-opens=java.base/java.util=ALL-UNNAMED --add-opens=java.prefs/java.util.prefs=ALL-UNNAMED --add-opens=java.base/java.nio.charset=ALL-UNNAMED --add-opens=java.base/java.net=ALL-UNNAMED --add-opens=java.base/java.util.concurrent.atomic=ALL-UNNAMED --add-opens=java.xml/javax.xml.namespace=ALL-UNNAMED -Xmx4096m -Dfile.encoding=UTF-8 -Duser.country=IN -Duser.language=en -Duser.variant -javaagent:C:\Users\NAGARAJU\.gradle\wrapper\dists\gradle-8.14.1-bin\baw1sv0jfoi8rxs14qo3h49cs\gradle-8.14.1\lib\agents\gradle-instrumentation-agent-8.14.1.jar 
java_command: org.gradle.launcher.daemon.bootstrap.GradleDaemon 8.14.1
java_class_path (initial): C:\Users\NAGARAJU\.gradle\wrapper\dists\gradle-8.14.1-bin\baw1sv0jfoi8rxs14qo3h49cs\gradle-8.14.1\lib\gradle-daemon-main-8.14.1.jar
Launcher Type: SUN_STANDARD

[Global flags]
     intx CICompilerCount                          = 4                                         {product} {ergonomic}
     uint ConcGCThreads                            = 2                                         {product} {ergonomic}
     uint G1ConcRefinementThreads                  = 8                                         {product} {ergonomic}
   size_t G1HeapRegionSize                         = 2097152                                   {product} {ergonomic}
    uintx GCDrainStackTargetSize                   = 64                                        {product} {ergonomic}
   size_t InitialHeapSize                          = 123731968                                 {product} {ergonomic}
   size_t MarkStackSize                            = 4194304                                   {product} {ergonomic}
   size_t MaxHeapSize                              = 4294967296                                {product} {command line}
   size_t MaxNewSize                               = 2575302656                                {product} {ergonomic}
   size_t MinHeapDeltaBytes                        = 2097152                                   {product} {ergonomic}
   size_t MinHeapSize                              = 8388608                                   {product} {ergonomic}
    uintx NonNMethodCodeHeapSize                   = 5839372                                {pd product} {ergonomic}
    uintx NonProfiledCodeHeapSize                  = 122909434                              {pd product} {ergonomic}
    uintx ProfiledCodeHeapSize                     = 122909434                              {pd product} {ergonomic}
    uintx ReservedCodeCacheSize                    = 251658240                              {pd product} {ergonomic}
     bool SegmentedCodeCache                       = true                                      {product} {ergonomic}
   size_t SoftMaxHeapSize                          = 4294967296                             {manageable} {ergonomic}
     bool UseCompressedOops                        = true                           {product lp64_product} {ergonomic}
     bool UseG1GC                                  = true                                      {product} {ergonomic}
     bool UseLargePagesIndividualAllocation        = false                                  {pd product} {ergonomic}

Logging:
Log output configuration:
 #0: stdout all=warning uptime,level,tags foldmultilines=false
 #1: stderr all=off uptime,level,tags foldmultilines=false

Release file:
JAVA_VERSION="21.0.12.1" 
MODULES="java.base java.compiler java.datatransfer java.xml java.prefs java.desktop java.instrument java.logging java.management java.security.sasl java.naming java.rmi java.management.rmi java.net.http java.scripting java.security.jgss java.transaction.xa java.sql java.sql.rowset java.xml.crypto java.se java.smartcardio jdk.accessibility jdk.internal.jvmstat jdk.attach jdk.charsets jdk.internal.opt jdk.zipfs jdk.compiler jdk.crypto.ec jdk.crypto.cryptoki jdk.crypto.mscapi jdk.dynalink jdk.internal.ed jdk.editpad jdk.hotspot.agent jdk.httpserver jdk.internal.le jdk.internal.vm.ci jdk.internal.vm.compiler jdk.internal.vm.compiler.management jdk.jartool jdk.javadoc jdk.jcmd jdk.management jdk.management.agent jdk.jconsole jdk.jdeps jdk.jdwp.agent jdk.jdi jdk.jfr jdk.jshell jdk.jsobject jdk.jstatd jdk.localedata jdk.management.jfr jdk.naming.dns jdk.naming.rmi jdk.net jdk.nio.mapmode jdk.random jdk.sctp jdk.security.auth jdk.security.jgss jdk.unsupported jdk.unsupported.desktop jdk.xml.dom" 

Environment Variables:
JAVA_HOME=C:\Program Files\Eclipse Adoptium\jdk-21.0.11.10-hotspot
PATH=C:\Program Files\Eclipse Adoptium\jdk-21.0.11.10-hotspot\bin;C:\Program Files\Eclipse Adoptium\jdk-11.0.26.4-hotspot\bin;C:\Program Files\Eclipse Adoptium\jdk-17.0.14.7-hotspot\bin;C:\Program Files\Java\jdk-17\bin;C:\Program Files\nodejs;E:\Android\Sdk\platform-tools;E:\Android\Sdk\emulator;E:\Android\Sdk\cmdline-tools\latest\bin;C:\Users\NAGARAJU\AppData\Local\Android\Sdk\platform-tools;C:\Users\NAGARAJU\AppData\Local\Android\Sdk\emulator;C:\Users\NAGARAJU\AppData\Local\Android\Sdk\cmdline-tools\latest\bin;C:\Program Files\Eclipse Adoptium\jdk-21.0.11.10-hotspot\bin;C:\Program Files\Eclipse Adoptium\jdk-11.0.26.4-hotspot\bin;C:\Program Files\Eclipse Adoptium\jdk-17.0.14.7-hotspot\bin;C:\Program Files\Java\jdk-17\bin;C:\Program Files\nodejs;E:\Android\Sdk\platform-tools;E:\Android\Sdk\emulator;E:\Android\Sdk\cmdline-tools\latest\bin;C:\Users\NAGARAJU\AppData\Local\Android\Sdk\platform-tools;C:\Users\NAGARAJU\AppData\Local\Android\Sdk\emulator;C:\Users\NAGARAJU\AppData\Local\Android\Sdk\cmdline-tools\latest\bin;C:\Program Files\Eclipse Adoptium\jdk-21.0.11.10-hotspot\bin;C:\Program Files\Eclipse Adoptium\jdk-11.0.26.4-hotspot\bin;C:\Program Files\Eclipse Adoptium\jdk-17.0.14.7-hotspot\bin;C:\Program Files\Java\jdk-17\bin;C:\Program Files\nodejs;E:\Android\Sdk\platform-tools;E:\Android\Sdk\emulator;E:\Android\Sdk\cmdline-tools\latest\bin;C:\Users\NAGARAJU\AppData\Local\Android\Sdk\platform-tools;C:\Users\NAGARAJU\AppData\Local\Android\Sdk\emulator;C:\Users\NAGARAJU\AppData\Local\Android\Sdk\cmdline-tools\latest\bin;C:\WINDOWS\System32;C:\ProgramData\chocolatey\bin;C:\Program Files\nodejs\;C:\Program Files\Git\cmd;C:\Windows\System32;C:\Windows\System32\WindowsPowerShell\v1.0;C:\Windows\System32\OpenSSH;C:\Windows\System32\WindowsPowerShell\v1.0\;C:\Users\NAGARAJU\Downloads\stripe_1.30.0_windows_x86_64;C:\WINDOWS\system32;C:\WINDOWS;C:\WINDOWS\System32\Wbem;C:\WINDOWS\System32\WindowsPowerShell\v1.0\;C:\WINDOWS\System32\OpenSSH\;C:\ProgramData\chocolatey\bin;C:\Program Files\nodejs\;C:\Program Files\Git\cmd;C:\Windows\System32;C:\Windows\System32\WindowsPowerShell\v1.0;C:\Windows\System32\OpenSSH;C:\Windows\System32\WindowsPowerShell\v1.0\;C:\Users\NAGARAJU\Downloads\stripe_1.30.0_windows_x86_64;C:\WINDOWS\system32;C:\WINDOWS;C:\WINDOWS\System32\Wbem;C:\WINDOWS\System32\WindowsPowerShell\v1.0\;C:\WINDOWS\System32\OpenSSH\;C:\ProgramData\chocolatey\bin;C:\Program Files\nodejs\;C:\Program Files\Git\cmd;C:\Windows\System32;C:\Windows\System32\WindowsPowerShell\v1.0;C:\Windows\System32\OpenSSH;C:\Windows\System32\WindowsPowerShell\v1.0\;C:\Users\NAGARAJU\Downloads\stripe_1.30.0_windows_x86_64;C:\WINDOWS\system32;C:\WINDOWS;C:\WINDOWS\System32\Wbem;C:\WINDOWS\System32\WindowsPowerShell\v1.0\;C:\WINDOWS\System32\OpenSSH\;C:\Program Files\Eclipse Adoptium\jdk-21.0.11.10-hotspot\bin;C:\Program Files\Eclipse Adoptium\jdk-11.0.26.4-hotspot\bin;C:\Program Files\Eclipse Adoptium\jdk-17.0.14.7-hotspot\bin;C:\Program Files\Java\jdk-17\bin;C:\Program Files\nodejs;E:\Android\Sdk\platform-tools;E:\Android\Sdk\emulator;E:\Android\Sdk\cmdline-tools\latest\bin;C:\Users\NAGARAJU\AppData\Local\Android\Sdk\platform-tools;C:\Users\NAGARAJU\AppData\Local\Android\Sdk\emulator;C:\Users\NAGARAJU\AppData\Local\Android\Sdk\cmdline-tools\latest\bin;C:\Program Files\Eclipse Adoptium\jdk-21.0.11.10-hotspot\bin;C:\Program Files\Eclipse Adoptium\jdk-11.0.26.4-hotspot\bin;C:\Program Files\Eclipse Adoptium\jdk-17.0.14.7-hotspot\bin;C:\Program Files\Java\jdk-17\bin;C:\Program Files\nodejs;E:\Android\Sdk\platform-tools;E:\Android\Sdk\emulator;E:\Android\Sdk\cmdline-tools\latest\bin;C:\Users\NAGARAJU\AppData\Local\Android\Sdk\platform-tools;C:\Users\NAGARAJU\AppData\Local\Android\Sdk\emulator;C:\Users\NAGARAJU\AppData\Local\Android\Sdk\cmdline-tools\latest\bin;C:\Program Files\Eclipse Adoptium\jdk-21.0.11.10-hotspot\bin;C:\Program Files\Eclipse Adoptium\jdk-11.0.26.4-hotspot\bin;C:\Program Files\Eclipse Adoptium\jdk-17.0.14.7-hotspot\bin;C:\Program Files\Java\jdk-17\bin;C:\Program Files\nodejs;E:\Android\Sdk\platform-tools;E:\Android\Sdk\emulator;E:\Android\Sdk\cmdline-tools\latest\bin;C:\Users\NAGARAJU\AppData\Local\Android\Sdk\platform-tools;C:\Users\NAGARAJU\AppData\Local\Android\Sdk\emulator;C:\Users\NAGARAJU\AppData\Local\Android\Sdk\cmdline-tools\latest\bin;C:\WINDOWS\System32;C:\ProgramData\chocolatey\bin;C:\Program Files\nodejs\;C:\Program Files\Git\cmd;C:\Windows\System32;C:\Windows\System32\WindowsPowerShell\v1.0;C:\Windows\System32\OpenSSH;C:\Windows\System32\WindowsPowerShell\v1.0\;C:\Users\NAGARAJU\Downloads\stripe_1.30.0_windows_x86_64;C:\WINDOWS\system32;C:\WINDOWS;C:\WINDOWS\System32\Wbem;C:\WINDOWS\System32\WindowsPowerShell\v1.0\;C:\WINDOWS\System32\OpenSSH\;C:\ProgramData\chocolatey\bin;C:\Program Files\nodejs\;C:\Program Files\Git\cmd;C:\Windows\System32;C:\Windows\System32\WindowsPowerShell\v1.0;C:\Windows\System32\OpenSSH;C:\Windows\System32\WindowsPowerShell\v1.0\;C:\Users\NAGARAJU\Downloads\stripe_1.30.0_windows_x86_64;C:\WINDOWS\system32;C:\WINDOWS;C:\WINDOWS\System32\Wbem;C:\WINDOWS\System32\WindowsPowerShell\v1.0\;C:\WINDOWS\System32\OpenSSH\;C:\ProgramData\chocolatey\bin;C:\Program Files\nodejs\;C:\Program Files\Git\cmd;C:\Windows\System32;C:\Windows\System32\WindowsPowerShell\v1.0;C:\Windows\System32\OpenSSH;C:\Windows\System32\WindowsPowerShell\v1.0\;C:\Users\NAGARAJU\Downloads\stripe_1.30.0_windows_x86_64;C:\WINDOWS\system32;C:\WINDOWS;C:\WINDOWS\System32\Wbem;C:\WINDOWS\System32\WindowsPowerShell\v1.0\;C:\WINDOWS\System32\OpenSSH\;C:\Users\NAGARAJU\AppData\Local\Android\Sdk\platform-tools;C:\Users\NAGARAJU\AppData\Local\Android\Sdk\cmdline-tools\latest\bin;C:\Users\NAGARAJU\AppData\Roaming\npm;C:\Users\NAGARAJU\AppData\Local\Programs\Microsoft VS Code\bin;C:\Users\NAGARAJU\AppData\Local\Programs\Antigravity IDE\bin;C:\Users\NAGARAJU\AppData\Local\Microsoft\WindowsApps;C:\Users\NAGARAJU\AppData\Local\Kingsoft\WPS Office\12.1.0.27458\clitool
USERNAME=NAGARAJU
OS=Windows_NT
PROCESSOR_IDENTIFIER=AMD64 Family 23 Model 104 Stepping 1, AuthenticAMD
TMP=C:\Users\NAGARAJU\AppData\Local\Temp
TEMP=C:\Users\NAGARAJU\AppData\Local\Temp




Periodic native trim disabled

---------------  S Y S T E M  ---------------

OS:
 Windows 11 , 64 bit Build 26100 (10.0.26100.9168)
OS uptime: 0 days 1:35 hours

CPU: total 8 (initial active 8) (8 cores per cpu, 2 threads per core) family 23 model 104 stepping 1 microcode 0x8608109, cx8, cmov, fxsr, ht, mmx, 3dnowpref, sse, sse2, sse3, ssse3, sse4a, sse4.1, sse4.2, popcnt, lzcnt, tsc, tscinvbit, avx, avx2, aes, clmul, bmi1, bmi2, adx, sha, fma, vzeroupper, clflush, clflushopt, rdtscp, rdpid, f16c
Processor Information for the first 8 processors :
  Max Mhz: 2600, Current Mhz: 2600, Mhz Limit: 2600

Memory: 4k page, system-wide physical 7502M (997M free)
TotalPageFile size 40270M (AvailPageFile size 0M)
current process WorkingSet (physical memory assigned to process): 61M, peak: 86M
current process commit charge ("private bytes"): 243M, peak: 251M

vm_info: OpenJDK 64-Bit Server VM (21.0.12.1+1-LTS) for windows-amd64 JRE (21.0.12.1+1-LTS), built on 2026-08-18T00:00:00Z by "admin" with MS VC++ 17.12 (VS2022)

END.
