#
# There is insufficient memory for the Java Runtime Environment to continue.
# Native memory allocation (malloc) failed to allocate 1432832 bytes. Error detail: Chunk::new
# Possible reasons:
#   The system is out of physical RAM or swap space
#   This process is running with CompressedOops enabled, and the Java Heap may be blocking the growth of the native heap
# Possible solutions:
#   Reduce memory load on the system
#   Increase physical memory or swap space
#   Check if swap backing store is full
#   Decrease Java heap size (-Xmx/-Xms)
#   Decrease number of Java threads
#   Decrease Java thread stack sizes (-Xss)
#   Set larger code cache with -XX:ReservedCodeCacheSize=
#   JVM is running with Zero Based Compressed Oops mode in which the Java heap is
#     placed in the first 32GB address space. The Java Heap base address is the
#     maximum limit for the native heap growth. Please use -XX:HeapBaseMinAddress
#     to set the Java Heap base and to place the Java Heap above 32GB virtual address.
# This output file may be truncated or incomplete.
#
#  Out of Memory Error (arena.cpp:168), pid=27056, tid=28848
#
# JRE version: OpenJDK Runtime Environment Temurin-21.0.11+10 (21.0.11+10) (build 21.0.11+10-LTS)
# Java VM: OpenJDK 64-Bit Server VM Temurin-21.0.11+10 (21.0.11+10-LTS, mixed mode, sharing, tiered, compressed oops, compressed class ptrs, g1 gc, windows-amd64)
# No core dump will be written. Minidumps are not enabled by default on client versions of Windows
#

---------------  S U M M A R Y ------------

Command Line: --add-opens=java.base/java.lang=ALL-UNNAMED --add-opens=java.base/java.lang.invoke=ALL-UNNAMED --add-opens=java.base/java.util=ALL-UNNAMED --add-opens=java.prefs/java.util.prefs=ALL-UNNAMED --add-exports=jdk.compiler/com.sun.tools.javac.api=ALL-UNNAMED --add-exports=jdk.compiler/com.sun.tools.javac.util=ALL-UNNAMED --add-opens=java.base/java.util=ALL-UNNAMED --add-opens=java.prefs/java.util.prefs=ALL-UNNAMED --add-opens=java.base/java.nio.charset=ALL-UNNAMED --add-opens=java.base/java.net=ALL-UNNAMED --add-opens=java.base/java.util.concurrent.atomic=ALL-UNNAMED --add-opens=java.xml/javax.xml.namespace=ALL-UNNAMED -Xmx4096m -Dfile.encoding=UTF-8 -Duser.country=IN -Duser.language=en -Duser.variant -javaagent:C:\Users\NAGARAJU\.gradle\wrapper\dists\gradle-8.14.1-bin\baw1sv0jfoi8rxs14qo3h49cs\gradle-8.14.1\lib\agents\gradle-instrumentation-agent-8.14.1.jar org.gradle.launcher.daemon.bootstrap.GradleDaemon 8.14.1

Host: AMD Ryzen 3 5300U with Radeon Graphics         , 8 cores, 7G,  Windows 11 , 64 bit Build 26100 (10.0.26100.8521)
Time: Fri Aug 14 17:52:09 2026 India Standard Time elapsed time: 4.468205 seconds (0d 0h 0m 4s)

---------------  T H R E A D  ---------------

Current thread (0x000001b819ce9f40):  JavaThread "C2 CompilerThread1" daemon [_thread_in_native, id=28848, stack(0x0000006d62d00000,0x0000006d62e00000) (1024K)]


Current CompileTask:
C2:4468 2735       4       java.lang.invoke.MethodType::makeImpl (109 bytes)

Stack: [0x0000006d62d00000,0x0000006d62e00000]
Native frames: (J=compiled Java code, j=interpreted, Vv=VM code, C=native code)
V  [jvm.dll+0x6d7e19]
V  [jvm.dll+0x8b5096]
V  [jvm.dll+0x8b764e]
V  [jvm.dll+0x8b7d33]
V  [jvm.dll+0x284596]
V  [jvm.dll+0xc685d]
V  [jvm.dll+0xc6da1]
V  [jvm.dll+0x3bed6b]
V  [jvm.dll+0x1e4149]
V  [jvm.dll+0x24c853]
V  [jvm.dll+0x24bce0]
V  [jvm.dll+0x1cb4ae]
V  [jvm.dll+0x25baad]
V  [jvm.dll+0x25a03a]
V  [jvm.dll+0x3f868e]
V  [jvm.dll+0x85fb0d]
V  [jvm.dll+0x6d664d]
C  [ucrtbase.dll+0x2cd30]
C  [KERNEL32.DLL+0x2e957]
C  [ntdll.dll+0x87c1c]


---------------  P R O C E S S  ---------------

Threads class SMR info:
_java_thread_list=0x000001b819a148b0, length=25, elements={
0x000001b7b61b4f70, 0x000001b7d23b4620, 0x000001b7d23b5080, 0x000001b7d23b7d90,
0x000001b7d23b8c60, 0x000001b7d23ba920, 0x000001b7d23c5020, 0x000001b7d23c3a90,
0x000001b7d2400d40, 0x000001b7d260cdf0, 0x000001b7d26d0600, 0x000001b81968ed20,
0x000001b819609510, 0x000001b819933080, 0x000001b819844730, 0x000001b819887970,
0x000001b81984df30, 0x000001b8199a3770, 0x000001b8199a4b20, 0x000001b8199a51b0,
0x000001b8199a5ed0, 0x000001b8199a5840, 0x000001b8199a6560, 0x000001b819ce9f40,
0x000001b8199a6bf0
}

Java Threads: ( => current thread )
  0x000001b7b61b4f70 JavaThread "main"                              [_thread_blocked, id=15076, stack(0x0000006d60800000,0x0000006d60900000) (1024K)]
  0x000001b7d23b4620 JavaThread "Reference Handler"          daemon [_thread_blocked, id=18888, stack(0x0000006d61000000,0x0000006d61100000) (1024K)]
  0x000001b7d23b5080 JavaThread "Finalizer"                  daemon [_thread_blocked, id=30568, stack(0x0000006d61100000,0x0000006d61200000) (1024K)]
  0x000001b7d23b7d90 JavaThread "Signal Dispatcher"          daemon [_thread_blocked, id=30960, stack(0x0000006d61200000,0x0000006d61300000) (1024K)]
  0x000001b7d23b8c60 JavaThread "Attach Listener"            daemon [_thread_blocked, id=26476, stack(0x0000006d61300000,0x0000006d61400000) (1024K)]
  0x000001b7d23ba920 JavaThread "Service Thread"             daemon [_thread_blocked, id=30228, stack(0x0000006d61400000,0x0000006d61500000) (1024K)]
  0x000001b7d23c5020 JavaThread "Monitor Deflation Thread"   daemon [_thread_blocked, id=29104, stack(0x0000006d61500000,0x0000006d61600000) (1024K)]
  0x000001b7d23c3a90 JavaThread "C2 CompilerThread0"         daemon [_thread_in_native, id=31528, stack(0x0000006d61600000,0x0000006d61700000) (1024K)]
  0x000001b7d2400d40 JavaThread "C1 CompilerThread0"         daemon [_thread_blocked, id=9324, stack(0x0000006d61700000,0x0000006d61800000) (1024K)]
  0x000001b7d260cdf0 JavaThread "Common-Cleaner"             daemon [_thread_blocked, id=11136, stack(0x0000006d61800000,0x0000006d61900000) (1024K)]
  0x000001b7d26d0600 JavaThread "Notification Thread"        daemon [_thread_blocked, id=6544, stack(0x0000006d61900000,0x0000006d61a00000) (1024K)]
  0x000001b81968ed20 JavaThread "Daemon health stats"               [_thread_blocked, id=31092, stack(0x0000006d61d00000,0x0000006d61e00000) (1024K)]
  0x000001b819609510 JavaThread "Incoming local TCP Connector on port 64894"        [_thread_in_native, id=10484, stack(0x0000006d62000000,0x0000006d62100000) (1024K)]
  0x000001b819933080 JavaThread "Daemon periodic checks"            [_thread_blocked, id=29012, stack(0x0000006d62100000,0x0000006d62200000) (1024K)]
  0x000001b819844730 JavaThread "Daemon"                            [_thread_blocked, id=4936, stack(0x0000006d62500000,0x0000006d62600000) (1024K)]
  0x000001b819887970 JavaThread "Handler for socket connection from /127.0.0.1:64894 to /127.0.0.1:64895"        [_thread_in_native, id=29980, stack(0x0000006d62600000,0x0000006d62700000) (1024K)]
  0x000001b81984df30 JavaThread "Cancel handler"                    [_thread_blocked, id=16476, stack(0x0000006d62700000,0x0000006d62800000) (1024K)]
  0x000001b8199a3770 JavaThread "Daemon worker"                     [_thread_in_native, id=30096, stack(0x0000006d62800000,0x0000006d62900000) (1024K)]
  0x000001b8199a4b20 JavaThread "Asynchronous log dispatcher for DefaultDaemonConnection: socket connection from /127.0.0.1:64894 to /127.0.0.1:64895"        [_thread_blocked, id=21860, stack(0x0000006d62900000,0x0000006d62a00000) (1024K)]
  0x000001b8199a51b0 JavaThread "Stdin handler"                     [_thread_blocked, id=26876, stack(0x0000006d62a00000,0x0000006d62b00000) (1024K)]
  0x000001b8199a5ed0 JavaThread "Daemon client event forwarder"        [_thread_blocked, id=30940, stack(0x0000006d62b00000,0x0000006d62c00000) (1024K)]
  0x000001b8199a5840 JavaThread "Cache worker for journal cache (C:\Users\NAGARAJU\.gradle\caches\journal-1)"        [_thread_blocked, id=26088, stack(0x0000006d61c00000,0x0000006d61d00000) (1024K)]
  0x000001b8199a6560 JavaThread "File lock request listener"        [_thread_in_native, id=11228, stack(0x0000006d62c00000,0x0000006d62d00000) (1024K)]
=>0x000001b819ce9f40 JavaThread "C2 CompilerThread1"         daemon [_thread_in_native, id=28848, stack(0x0000006d62d00000,0x0000006d62e00000) (1024K)]
  0x000001b8199a6bf0 JavaThread "Cache worker for file hash cache (C:\Users\NAGARAJU\.gradle\caches\8.14.1\fileHashes)"        [_thread_blocked, id=7856, stack(0x0000006d62e00000,0x0000006d62f00000) (1024K)]
Total: 25

Other Threads:
  0x000001b7d239a510 VMThread "VM Thread"                           [id=10512, stack(0x0000006d60f00000,0x0000006d61000000) (1024K)]
  0x000001b7d2385d00 WatcherThread "VM Periodic Task Thread"        [id=25684, stack(0x0000006d60e00000,0x0000006d60f00000) (1024K)]
  0x000001b7b84e3080 WorkerThread "GC Thread#0"                     [id=30372, stack(0x0000006d60900000,0x0000006d60a00000) (1024K)]
  0x000001b7d281eb50 WorkerThread "GC Thread#1"                     [id=28572, stack(0x0000006d61a00000,0x0000006d61b00000) (1024K)]
  0x000001b8180135c0 WorkerThread "GC Thread#2"                     [id=5572, stack(0x0000006d61b00000,0x0000006d61c00000) (1024K)]
  0x000001b818ce74b0 WorkerThread "GC Thread#3"                     [id=2840, stack(0x0000006d61e00000,0x0000006d61f00000) (1024K)]
  0x000001b81881c0d0 WorkerThread "GC Thread#4"                     [id=10036, stack(0x0000006d61f00000,0x0000006d62000000) (1024K)]
  0x000001b819683fc0 WorkerThread "GC Thread#5"                     [id=31148, stack(0x0000006d62200000,0x0000006d62300000) (1024K)]
  0x000001b819682d50 WorkerThread "GC Thread#6"                     [id=31052, stack(0x0000006d62300000,0x0000006d62400000) (1024K)]
  0x000001b819683100 WorkerThread "GC Thread#7"                     [id=30628, stack(0x0000006d62400000,0x0000006d62500000) (1024K)]
  0x000001b7b84f4d30 ConcurrentGCThread "G1 Main Marker"            [id=31076, stack(0x0000006d60a00000,0x0000006d60b00000) (1024K)]
  0x000001b7b84f6210 WorkerThread "G1 Conc#0"                       [id=27724, stack(0x0000006d60b00000,0x0000006d60c00000) (1024K)]
  0x000001b7d2254540 ConcurrentGCThread "G1 Refine#0"               [id=17328, stack(0x0000006d60c00000,0x0000006d60d00000) (1024K)]
  0x000001b7d2254d70 ConcurrentGCThread "G1 Service"                [id=7072, stack(0x0000006d60d00000,0x0000006d60e00000) (1024K)]
Total: 14

Threads with active compile tasks:
C2 CompilerThread0  4505 2874   !   4       java.lang.ClassLoader::loadClass (121 bytes)
C2 CompilerThread1  4505 2735       4       java.lang.invoke.MethodType::makeImpl (109 bytes)
Total: 2

VM state: not at safepoint (normal execution)

VM Mutex/Monitor currently owned by a thread: None

Heap address: 0x0000000700000000, size: 4096 MB, Compressed Oops mode: Zero based, Oop shift amount: 3

CDS archive(s) mapped at: [0x000001b7d3000000-0x000001b7d3ba0000-0x000001b7d3ba0000), size 12189696, SharedBaseAddress: 0x000001b7d3000000, ArchiveRelocationMode: 1.
Compressed class space mapped at: 0x000001b7d4000000-0x000001b814000000, reserved size: 1073741824
Narrow klass base: 0x000001b7d3000000, Narrow klass shift: 0, Narrow klass range: 0x100000000

GC Precious Log:
 CardTable entry size: 512
 Card Set container configuration: InlinePtr #cards 4 size 8 Array Of Cards #cards 16 size 48 Howl #buckets 8 coarsen threshold 3686 Howl Bitmap #cards 512 size 80 coarsen threshold 460 Card regions per heap region 1 cards per card region 4096
 CPUs: 8 total, 8 available
 Memory: 7502M
 Large Page Support: Disabled
 NUMA Support: Disabled
 Compressed Oops: Enabled (Zero based)
 Heap Region Size: 2M
 Heap Min Capacity: 8M
 Heap Initial Capacity: 118M
 Heap Max Capacity: 4G
 Pre-touch: Disabled
 Parallel Workers: 8
 Concurrent Workers: 2
 Concurrent Refinement Workers: 8
 Periodic GC: Disabled

Heap:
 garbage-first heap   total 120832K, used 68976K [0x0000000700000000, 0x0000000800000000)
  region size 2048K, 29 young (59392K), 4 survivors (8192K)
 Metaspace       used 17441K, committed 17920K, reserved 1114112K
  class space    used 2490K, committed 2688K, reserved 1048576K

Heap Regions: E=young(eden), S=young(survivor), O=old, HS=humongous(starts), HC=humongous(continues), CS=collection set, F=free, TAMS=top-at-mark-start, PB=parsable bottom
|   0|0x0000000700000000, 0x0000000700200000, 0x0000000700200000|100%|HS|  |TAMS 0x0000000700000000| PB 0x0000000700000000| Complete 
|   1|0x0000000700200000, 0x0000000700400000, 0x0000000700400000|100%|HC|  |TAMS 0x0000000700200000| PB 0x0000000700200000| Complete 
|   2|0x0000000700400000, 0x0000000700600000, 0x0000000700600000|100%| O|  |TAMS 0x0000000700400000| PB 0x0000000700400000| Untracked 
|   3|0x0000000700600000, 0x0000000700800000, 0x0000000700800000|100%| O|  |TAMS 0x0000000700600000| PB 0x0000000700600000| Untracked 
|   4|0x0000000700800000, 0x0000000700a00000, 0x0000000700a00000|100%| O|  |TAMS 0x0000000700800000| PB 0x0000000700800000| Untracked 
|   5|0x0000000700a00000, 0x0000000700b87a90, 0x0000000700c00000| 76%| O|  |TAMS 0x0000000700a00000| PB 0x0000000700a00000| Untracked 
|   6|0x0000000700c00000, 0x0000000700c00000, 0x0000000700e00000|  0%| F|  |TAMS 0x0000000700c00000| PB 0x0000000700c00000| Untracked 
|   7|0x0000000700e00000, 0x0000000700e00000, 0x0000000701000000|  0%| F|  |TAMS 0x0000000700e00000| PB 0x0000000700e00000| Untracked 
|   8|0x0000000701000000, 0x0000000701000000, 0x0000000701200000|  0%| F|  |TAMS 0x0000000701000000| PB 0x0000000701000000| Untracked 
|   9|0x0000000701200000, 0x0000000701200000, 0x0000000701400000|  0%| F|  |TAMS 0x0000000701200000| PB 0x0000000701200000| Untracked 
|  10|0x0000000701400000, 0x0000000701400000, 0x0000000701600000|  0%| F|  |TAMS 0x0000000701400000| PB 0x0000000701400000| Untracked 
|  11|0x0000000701600000, 0x0000000701600000, 0x0000000701800000|  0%| F|  |TAMS 0x0000000701600000| PB 0x0000000701600000| Untracked 
|  12|0x0000000701800000, 0x0000000701800000, 0x0000000701a00000|  0%| F|  |TAMS 0x0000000701800000| PB 0x0000000701800000| Untracked 
|  13|0x0000000701a00000, 0x0000000701a00000, 0x0000000701c00000|  0%| F|  |TAMS 0x0000000701a00000| PB 0x0000000701a00000| Untracked 
|  14|0x0000000701c00000, 0x0000000701c00000, 0x0000000701e00000|  0%| F|  |TAMS 0x0000000701c00000| PB 0x0000000701c00000| Untracked 
|  15|0x0000000701e00000, 0x0000000701e00000, 0x0000000702000000|  0%| F|  |TAMS 0x0000000701e00000| PB 0x0000000701e00000| Untracked 
|  16|0x0000000702000000, 0x0000000702000000, 0x0000000702200000|  0%| F|  |TAMS 0x0000000702000000| PB 0x0000000702000000| Untracked 
|  17|0x0000000702200000, 0x0000000702200000, 0x0000000702400000|  0%| F|  |TAMS 0x0000000702200000| PB 0x0000000702200000| Untracked 
|  18|0x0000000702400000, 0x0000000702400000, 0x0000000702600000|  0%| F|  |TAMS 0x0000000702400000| PB 0x0000000702400000| Untracked 
|  19|0x0000000702600000, 0x0000000702600000, 0x0000000702800000|  0%| F|  |TAMS 0x0000000702600000| PB 0x0000000702600000| Untracked 
|  20|0x0000000702800000, 0x00000007029d4750, 0x0000000702a00000| 91%| S|CS|TAMS 0x0000000702800000| PB 0x0000000702800000| Complete 
|  21|0x0000000702a00000, 0x0000000702c00000, 0x0000000702c00000|100%| S|CS|TAMS 0x0000000702a00000| PB 0x0000000702a00000| Complete 
|  22|0x0000000702c00000, 0x0000000702e00000, 0x0000000702e00000|100%| S|CS|TAMS 0x0000000702c00000| PB 0x0000000702c00000| Complete 
|  23|0x0000000702e00000, 0x0000000703000000, 0x0000000703000000|100%| S|CS|TAMS 0x0000000702e00000| PB 0x0000000702e00000| Complete 
|  24|0x0000000703000000, 0x0000000703000000, 0x0000000703200000|  0%| F|  |TAMS 0x0000000703000000| PB 0x0000000703000000| Untracked 
|  25|0x0000000703200000, 0x0000000703200000, 0x0000000703400000|  0%| F|  |TAMS 0x0000000703200000| PB 0x0000000703200000| Untracked 
|  26|0x0000000703400000, 0x0000000703400000, 0x0000000703600000|  0%| F|  |TAMS 0x0000000703400000| PB 0x0000000703400000| Untracked 
|  27|0x0000000703600000, 0x0000000703600000, 0x0000000703800000|  0%| F|  |TAMS 0x0000000703600000| PB 0x0000000703600000| Untracked 
|  28|0x0000000703800000, 0x0000000703800000, 0x0000000703a00000|  0%| F|  |TAMS 0x0000000703800000| PB 0x0000000703800000| Untracked 
|  29|0x0000000703a00000, 0x0000000703a00000, 0x0000000703c00000|  0%| F|  |TAMS 0x0000000703a00000| PB 0x0000000703a00000| Untracked 
|  30|0x0000000703c00000, 0x0000000703c00000, 0x0000000703e00000|  0%| F|  |TAMS 0x0000000703c00000| PB 0x0000000703c00000| Untracked 
|  31|0x0000000703e00000, 0x0000000703e00000, 0x0000000704000000|  0%| F|  |TAMS 0x0000000703e00000| PB 0x0000000703e00000| Untracked 
|  32|0x0000000704000000, 0x0000000704000000, 0x0000000704200000|  0%| F|  |TAMS 0x0000000704000000| PB 0x0000000704000000| Untracked 
|  33|0x0000000704200000, 0x0000000704200000, 0x0000000704400000|  0%| F|  |TAMS 0x0000000704200000| PB 0x0000000704200000| Untracked 
|  34|0x0000000704400000, 0x000000070444f628, 0x0000000704600000| 15%| E|  |TAMS 0x0000000704400000| PB 0x0000000704400000| Complete 
|  35|0x0000000704600000, 0x0000000704800000, 0x0000000704800000|100%| E|CS|TAMS 0x0000000704600000| PB 0x0000000704600000| Complete 
|  36|0x0000000704800000, 0x0000000704a00000, 0x0000000704a00000|100%| E|CS|TAMS 0x0000000704800000| PB 0x0000000704800000| Complete 
|  37|0x0000000704a00000, 0x0000000704c00000, 0x0000000704c00000|100%| E|CS|TAMS 0x0000000704a00000| PB 0x0000000704a00000| Complete 
|  38|0x0000000704c00000, 0x0000000704e00000, 0x0000000704e00000|100%| E|CS|TAMS 0x0000000704c00000| PB 0x0000000704c00000| Complete 
|  39|0x0000000704e00000, 0x0000000705000000, 0x0000000705000000|100%| E|CS|TAMS 0x0000000704e00000| PB 0x0000000704e00000| Complete 
|  40|0x0000000705000000, 0x0000000705200000, 0x0000000705200000|100%| E|CS|TAMS 0x0000000705000000| PB 0x0000000705000000| Complete 
|  41|0x0000000705200000, 0x0000000705400000, 0x0000000705400000|100%| E|CS|TAMS 0x0000000705200000| PB 0x0000000705200000| Complete 
|  42|0x0000000705400000, 0x0000000705600000, 0x0000000705600000|100%| E|CS|TAMS 0x0000000705400000| PB 0x0000000705400000| Complete 
|  43|0x0000000705600000, 0x0000000705800000, 0x0000000705800000|100%| E|CS|TAMS 0x0000000705600000| PB 0x0000000705600000| Complete 
|  44|0x0000000705800000, 0x0000000705a00000, 0x0000000705a00000|100%| E|CS|TAMS 0x0000000705800000| PB 0x0000000705800000| Complete 
|  45|0x0000000705a00000, 0x0000000705c00000, 0x0000000705c00000|100%| E|CS|TAMS 0x0000000705a00000| PB 0x0000000705a00000| Complete 
|  46|0x0000000705c00000, 0x0000000705e00000, 0x0000000705e00000|100%| E|CS|TAMS 0x0000000705c00000| PB 0x0000000705c00000| Complete 
|  47|0x0000000705e00000, 0x0000000706000000, 0x0000000706000000|100%| E|CS|TAMS 0x0000000705e00000| PB 0x0000000705e00000| Complete 
|  48|0x0000000706000000, 0x0000000706200000, 0x0000000706200000|100%| E|CS|TAMS 0x0000000706000000| PB 0x0000000706000000| Complete 
|  49|0x0000000706200000, 0x0000000706400000, 0x0000000706400000|100%| E|CS|TAMS 0x0000000706200000| PB 0x0000000706200000| Complete 
|  50|0x0000000706400000, 0x0000000706600000, 0x0000000706600000|100%| E|CS|TAMS 0x0000000706400000| PB 0x0000000706400000| Complete 
|  51|0x0000000706600000, 0x0000000706800000, 0x0000000706800000|100%| E|CS|TAMS 0x0000000706600000| PB 0x0000000706600000| Complete 
|  52|0x0000000706800000, 0x0000000706a00000, 0x0000000706a00000|100%| E|CS|TAMS 0x0000000706800000| PB 0x0000000706800000| Complete 
|  53|0x0000000706a00000, 0x0000000706c00000, 0x0000000706c00000|100%| E|CS|TAMS 0x0000000706a00000| PB 0x0000000706a00000| Complete 
|  54|0x0000000706c00000, 0x0000000706e00000, 0x0000000706e00000|100%| E|CS|TAMS 0x0000000706c00000| PB 0x0000000706c00000| Complete 
|  55|0x0000000706e00000, 0x0000000707000000, 0x0000000707000000|100%| E|CS|TAMS 0x0000000706e00000| PB 0x0000000706e00000| Complete 
|  56|0x0000000707000000, 0x0000000707200000, 0x0000000707200000|100%| E|CS|TAMS 0x0000000707000000| PB 0x0000000707000000| Complete 
|  57|0x0000000707200000, 0x0000000707400000, 0x0000000707400000|100%| E|CS|TAMS 0x0000000707200000| PB 0x0000000707200000| Complete 
|  58|0x0000000707400000, 0x0000000707600000, 0x0000000707600000|100%| E|CS|TAMS 0x0000000707400000| PB 0x0000000707400000| Complete 

Card table byte_map: [0x000001b7cb1a0000,0x000001b7cb9a0000] _byte_map_base: 0x000001b7c79a0000

Marking Bits: (CMBitMap*) 0x000001b7b84e4450
 Bits: [0x000001b7cb9a0000, 0x000001b7cf9a0000)

Polling page: 0x000001b7b62c0000

Metaspace:

Usage:
  Non-class:     14.61 MB used.
      Class:      2.44 MB used.
       Both:     17.04 MB used.

Virtual space:
  Non-class space:       64.00 MB reserved,      14.88 MB ( 23%) committed,  1 nodes.
      Class space:        1.00 GB reserved,       2.62 MB ( <1%) committed,  1 nodes.
             Both:        1.06 GB reserved,      17.50 MB (  2%) committed. 

Chunk freelists:
   Non-Class:  208.00 KB
       Class:  13.38 MB
        Both:  13.58 MB

MaxMetaspaceSize: unlimited
CompressedClassSpaceSize: 1.00 GB
Initial GC threshold: 21.00 MB
Current GC threshold: 21.00 MB
CDS: on
 - commit_granule_bytes: 65536.
 - commit_granule_words: 8192.
 - virtual_space_node_default_size: 8388608.
 - enlarge_chunks_in_place: 1.
 - use_allocation_guard: 0.


Internal statistics:

num_allocs_failed_limit: 0.
num_arena_births: 688.
num_arena_deaths: 0.
num_vsnodes_births: 2.
num_vsnodes_deaths: 0.
num_space_committed: 280.
num_space_uncommitted: 0.
num_chunks_returned_to_freelist: 0.
num_chunks_taken_from_freelist: 1337.
num_chunk_merges: 0.
num_chunk_splits: 868.
num_chunks_enlarged: 581.
num_inconsistent_stats: 0.

CodeHeap 'non-profiled nmethods': size=120000Kb used=1422Kb max_used=1422Kb free=118577Kb
 bounds [0x000001b7c3140000, 0x000001b7c33b0000, 0x000001b7ca670000]
CodeHeap 'profiled nmethods': size=120000Kb used=5727Kb max_used=5727Kb free=114272Kb
 bounds [0x000001b7bb670000, 0x000001b7bbc10000, 0x000001b7c2ba0000]
CodeHeap 'non-nmethods': size=5760Kb used=1415Kb max_used=1438Kb free=4344Kb
 bounds [0x000001b7c2ba0000, 0x000001b7c2e10000, 0x000001b7c3140000]
CodeCache: size=245760Kb, used=8564Kb, max_used=8587Kb, free=237193Kb
 total_blobs=3451, nmethods=2876, adapters=479, full_count=0
Compilation: enabled, stopped_count=0, restarted_count=0

Compilation events (20 events):
Event: 4.391 Thread 0x000001b7d2400d40 2869       3       com.google.common.io.BaseEncoding$Alphabet::encode (7 bytes)
Event: 4.391 Thread 0x000001b7d2400d40 nmethod 2869 0x000001b7bbc00b90 code [0x000001b7bbc00d40, 0x000001b7bbc00e80]
Event: 4.399 Thread 0x000001b7d2400d40 2871   !   3       sun.reflect.annotation.AnnotationParser::parseClassValue (56 bytes)
Event: 4.400 Thread 0x000001b7d2400d40 nmethod 2871 0x000001b7bbc00f90 code [0x000001b7bbc011c0, 0x000001b7bbc017a0]
Event: 4.400 Thread 0x000001b7d2400d40 2873       3       org.gradle.internal.service.DefaultServiceRegistry::isAssignableFromAnyType (41 bytes)
Event: 4.400 Thread 0x000001b7d2400d40 nmethod 2873 0x000001b7bbc01a90 code [0x000001b7bbc01ca0, 0x000001b7bbc02230]
Event: 4.400 Thread 0x000001b7d2400d40 2872       3       org.gradle.internal.service.DefaultServiceRegistry::access$1500 (6 bytes)
Event: 4.400 Thread 0x000001b7d2400d40 nmethod 2872 0x000001b7bbc02410 code [0x000001b7bbc025c0, 0x000001b7bbc026d8]
Event: 4.414 Thread 0x000001b7d23c3a90 nmethod 2839 0x000001b7c329ed10 code [0x000001b7c329f080, 0x000001b7c32a1908]
Event: 4.415 Thread 0x000001b7d23c3a90 2848       4       java.lang.invoke.MethodType::checkSlotCount (33 bytes)
Event: 4.415 Thread 0x000001b7d23c3a90 nmethod 2848 0x000001b7c32a2c90 code [0x000001b7c32a2e20, 0x000001b7c32a2ea8]
Event: 4.415 Thread 0x000001b7d23c3a90 2870       4       java.util.Collections$SetFromMap::remove (19 bytes)
Event: 4.420 Thread 0x000001b7d23c3a90 nmethod 2870 0x000001b7c32a2f90 code [0x000001b7c32a3140, 0x000001b7c32a35d8]
Event: 4.420 Thread 0x000001b7d23c3a90 2874   !   4       java.lang.ClassLoader::loadClass (121 bytes)
Event: 4.430 Thread 0x000001b7d2400d40 2875   !   3       org.gradle.internal.classloader.TransformingClassLoader::findClass (203 bytes)
Event: 4.432 Thread 0x000001b7d2400d40 nmethod 2875 0x000001b7bbc02790 code [0x000001b7bbc02ca0, 0x000001b7bbc05058]
Event: 4.432 Thread 0x000001b7d2400d40 2876       3       org.gradle.initialization.MixInLegacyTypesClassLoader::shouldTransform (42 bytes)
Event: 4.433 Thread 0x000001b7d2400d40 nmethod 2876 0x000001b7bbc06010 code [0x000001b7bbc061e0, 0x000001b7bbc065e0]
Event: 4.438 Thread 0x000001b7d2400d40 2877       3       org.gradle.internal.service.DefaultServiceRegistry$SingletonService::<init> (58 bytes)
Event: 4.439 Thread 0x000001b7d2400d40 nmethod 2877 0x000001b7bbc06790 code [0x000001b7bbc06a00, 0x000001b7bbc075b0]

GC Heap History (6 events):
Event: 0.547 GC heap before
{Heap before GC invocations=0 (full 0):
 garbage-first heap   total 120832K, used 22528K [0x0000000700000000, 0x0000000800000000)
  region size 2048K, 11 young (22528K), 0 survivors (0K)
 Metaspace       used 883K, committed 1024K, reserved 1114112K
  class space    used 71K, committed 128K, reserved 1048576K
}
Event: 0.551 GC heap after
{Heap after GC invocations=1 (full 0):
 garbage-first heap   total 120832K, used 1664K [0x0000000700000000, 0x0000000800000000)
  region size 2048K, 1 young (2048K), 1 survivors (2048K)
 Metaspace       used 883K, committed 1024K, reserved 1114112K
  class space    used 71K, committed 128K, reserved 1048576K
}
Event: 1.721 GC heap before
{Heap before GC invocations=1 (full 0):
 garbage-first heap   total 120832K, used 44672K [0x0000000700000000, 0x0000000800000000)
  region size 2048K, 21 young (43008K), 1 survivors (2048K)
 Metaspace       used 4410K, committed 4544K, reserved 1114112K
  class space    used 560K, committed 640K, reserved 1048576K
}
Event: 1.728 GC heap after
{Heap after GC invocations=2 (full 0):
 garbage-first heap   total 120832K, used 11819K [0x0000000700000000, 0x0000000800000000)
  region size 2048K, 3 young (6144K), 3 survivors (6144K)
 Metaspace       used 4410K, committed 4544K, reserved 1114112K
  class space    used 560K, committed 640K, reserved 1048576K
}
Event: 3.212 GC heap before
{Heap before GC invocations=2 (full 0):
 garbage-first heap   total 120832K, used 75307K [0x0000000700000000, 0x0000000800000000)
  region size 2048K, 35 young (71680K), 3 survivors (6144K)
 Metaspace       used 9545K, committed 9920K, reserved 1114112K
  class space    used 1300K, committed 1472K, reserved 1048576K
}
Event: 3.221 GC heap after
{Heap after GC invocations=3 (full 0):
 garbage-first heap   total 120832K, used 19824K [0x0000000700000000, 0x0000000800000000)
  region size 2048K, 4 young (8192K), 4 survivors (8192K)
 Metaspace       used 9545K, committed 9920K, reserved 1114112K
  class space    used 1300K, committed 1472K, reserved 1048576K
}

Dll operation events (14 events):
Event: 0.014 Loaded shared library C:\Users\NAGARAJU\.antigravity-ide\extensions\redhat.java-1.55.0-win32-x64\jre\21.0.11-win32-x86_64\bin\java.dll
Event: 0.114 Loaded shared library C:\Users\NAGARAJU\.antigravity-ide\extensions\redhat.java-1.55.0-win32-x64\jre\21.0.11-win32-x86_64\bin\zip.dll
Event: 0.143 Loaded shared library C:\Users\NAGARAJU\.antigravity-ide\extensions\redhat.java-1.55.0-win32-x64\jre\21.0.11-win32-x86_64\bin\instrument.dll
Event: 0.150 Loaded shared library C:\Users\NAGARAJU\.antigravity-ide\extensions\redhat.java-1.55.0-win32-x64\jre\21.0.11-win32-x86_64\bin\net.dll
Event: 0.154 Loaded shared library C:\Users\NAGARAJU\.antigravity-ide\extensions\redhat.java-1.55.0-win32-x64\jre\21.0.11-win32-x86_64\bin\nio.dll
Event: 0.158 Loaded shared library C:\Users\NAGARAJU\.antigravity-ide\extensions\redhat.java-1.55.0-win32-x64\jre\21.0.11-win32-x86_64\bin\zip.dll
Event: 0.556 Loaded shared library C:\Users\NAGARAJU\.antigravity-ide\extensions\redhat.java-1.55.0-win32-x64\jre\21.0.11-win32-x86_64\bin\jimage.dll
Event: 0.829 Loaded shared library C:\Users\NAGARAJU\.antigravity-ide\extensions\redhat.java-1.55.0-win32-x64\jre\21.0.11-win32-x86_64\bin\verify.dll
Event: 1.016 Loaded shared library C:\Users\NAGARAJU\.gradle\native\1def1411415f61bf3af743bc5b6707747c0891f09f0c88961ee8f79bc544acac\windows-amd64\native-platform.dll
Event: 1.044 Loaded shared library C:\Users\NAGARAJU\.gradle\native\0.2.7\x86_64-windows-gnu\gradle-fileevents.dll
Event: 2.686 Loaded shared library C:\Users\NAGARAJU\.antigravity-ide\extensions\redhat.java-1.55.0-win32-x64\jre\21.0.11-win32-x86_64\bin\management.dll
Event: 2.694 Loaded shared library C:\Users\NAGARAJU\.antigravity-ide\extensions\redhat.java-1.55.0-win32-x64\jre\21.0.11-win32-x86_64\bin\management_ext.dll
Event: 2.890 Loaded shared library C:\Users\NAGARAJU\.antigravity-ide\extensions\redhat.java-1.55.0-win32-x64\jre\21.0.11-win32-x86_64\bin\extnet.dll
Event: 3.263 Loaded shared library C:\Users\NAGARAJU\.antigravity-ide\extensions\redhat.java-1.55.0-win32-x64\jre\21.0.11-win32-x86_64\bin\sunmscapi.dll

Deoptimization events (20 events):
Event: 3.632 Thread 0x000001b8199a3770 DEOPT PACKING pc=0x000001b7c31d81e0 sp=0x0000006d628fb440
Event: 3.632 Thread 0x000001b8199a3770 DEOPT UNPACKING pc=0x000001b7c2bf4422 sp=0x0000006d628fb3a8 mode 2
Event: 3.992 Thread 0x000001b8199a6560 Uncommon trap: trap_request=0xffffff45 fr.pc=0x000001b7c323ecac relative=0x000000000000018c
Event: 3.992 Thread 0x000001b8199a6560 Uncommon trap: reason=unstable_if action=reinterpret pc=0x000001b7c323ecac method=java.util.concurrent.locks.ReentrantLock$NonfairSync.initialTryLock()Z @ 25 c2
Event: 3.992 Thread 0x000001b8199a6560 DEOPT PACKING pc=0x000001b7c323ecac sp=0x0000006d62cfecc0
Event: 3.992 Thread 0x000001b8199a6560 DEOPT UNPACKING pc=0x000001b7c2bf4422 sp=0x0000006d62cfec60 mode 2
Event: 4.020 Thread 0x000001b8199a3770 DEOPT PACKING pc=0x000001b7bb762359 sp=0x0000006d628fa6f0
Event: 4.020 Thread 0x000001b8199a3770 DEOPT UNPACKING pc=0x000001b7c2bf4bc2 sp=0x0000006d628f9b88 mode 0
Event: 4.102 Thread 0x000001b8199a3770 Uncommon trap: trap_request=0xffffff45 fr.pc=0x000001b7c31652c0 relative=0x0000000000000d40
Event: 4.102 Thread 0x000001b8199a3770 Uncommon trap: reason=unstable_if action=reinterpret pc=0x000001b7c31652c0 method=java.io.WinNTFileSystem.resolve(Ljava/lang/String;Ljava/lang/String;)Ljava/lang/String; @ 19 c2
Event: 4.102 Thread 0x000001b8199a3770 DEOPT PACKING pc=0x000001b7c31652c0 sp=0x0000006d628fafe0
Event: 4.102 Thread 0x000001b8199a3770 DEOPT UNPACKING pc=0x000001b7c2bf4422 sp=0x0000006d628faf78 mode 2
Event: 4.104 Thread 0x000001b8199a3770 Uncommon trap: trap_request=0xffffff45 fr.pc=0x000001b7c31d659c relative=0x000000000000063c
Event: 4.104 Thread 0x000001b8199a3770 Uncommon trap: reason=unstable_if action=reinterpret pc=0x000001b7c31d659c method=java.io.File.getName()Ljava/lang/String; @ 16 c2
Event: 4.104 Thread 0x000001b8199a3770 DEOPT PACKING pc=0x000001b7c31d659c sp=0x0000006d628fafa0
Event: 4.104 Thread 0x000001b8199a3770 DEOPT UNPACKING pc=0x000001b7c2bf4422 sp=0x0000006d628faf70 mode 2
Event: 4.201 Thread 0x000001b8199a3770 Uncommon trap: trap_request=0xffffff45 fr.pc=0x000001b7c316b794 relative=0x00000000000000f4
Event: 4.201 Thread 0x000001b8199a3770 Uncommon trap: reason=unstable_if action=reinterpret pc=0x000001b7c316b794 method=java.util.HashMap.hash(Ljava/lang/Object;)I @ 1 c2
Event: 4.201 Thread 0x000001b8199a3770 DEOPT PACKING pc=0x000001b7c316b794 sp=0x0000006d628fc0a0
Event: 4.201 Thread 0x000001b8199a3770 DEOPT UNPACKING pc=0x000001b7c2bf4422 sp=0x0000006d628fbfe0 mode 2

Classes loaded (20 events):
Event: 4.311 Loading class java/lang/invoke/BoundMethodHandle$Species_LLLLLLLLLLLLLLL
Event: 4.311 Loading class java/lang/invoke/BoundMethodHandle$Species_LLLLLLLLLLLLLLL done
Event: 4.313 Loading class java/lang/invoke/BoundMethodHandle$Species_LLLLLLLLLLLLLLLL
Event: 4.313 Loading class java/lang/invoke/BoundMethodHandle$Species_LLLLLLLLLLLLLLLL done
Event: 4.315 Loading class java/lang/invoke/BoundMethodHandle$Species_LLLLLLLLLLLLLLLLL
Event: 4.315 Loading class java/lang/invoke/BoundMethodHandle$Species_LLLLLLLLLLLLLLLLL done
Event: 4.318 Loading class java/lang/invoke/BoundMethodHandle$Species_LLLLLLLLLLLLLLLLLL
Event: 4.318 Loading class java/lang/invoke/BoundMethodHandle$Species_LLLLLLLLLLLLLLLLLL done
Event: 4.320 Loading class java/lang/invoke/BoundMethodHandle$Species_LLLLLLLLLLLLLLLLLLL
Event: 4.320 Loading class java/lang/invoke/BoundMethodHandle$Species_LLLLLLLLLLLLLLLLLLL done
Event: 4.323 Loading class java/lang/invoke/BoundMethodHandle$Species_LLLLLLLLLLLLLLLLLLLL
Event: 4.323 Loading class java/lang/invoke/BoundMethodHandle$Species_LLLLLLLLLLLLLLLLLLLL done
Event: 4.326 Loading class java/lang/invoke/BoundMethodHandle$Species_LLLLLLLLLLLLLLLLLLLLL
Event: 4.326 Loading class java/lang/invoke/BoundMethodHandle$Species_LLLLLLLLLLLLLLLLLLLLL done
Event: 4.328 Loading class java/lang/invoke/BoundMethodHandle$Species_LLLLLLLLLLLLLLLLLLLLLL
Event: 4.328 Loading class java/lang/invoke/BoundMethodHandle$Species_LLLLLLLLLLLLLLLLLLLLLL done
Event: 4.331 Loading class java/lang/invoke/BoundMethodHandle$Species_LLLLLLLLLLLLLLLLLLLLLLL
Event: 4.331 Loading class java/lang/invoke/BoundMethodHandle$Species_LLLLLLLLLLLLLLLLLLLLLLL done
Event: 4.334 Loading class java/lang/invoke/BoundMethodHandle$Species_LLLLLLLLLLLLLLLLLLLLLLLL
Event: 4.334 Loading class java/lang/invoke/BoundMethodHandle$Species_LLLLLLLLLLLLLLLLLLLLLLLL done

Classes unloaded (0 events):
No events

Classes redefined (0 events):
No events

Internal exceptions (20 events):
Event: 4.096 Thread 0x000001b8199a3770 Exception <a 'java/lang/NoSuchMethodError'{0x00000007052346b8}: 'java.lang.Object java.lang.invoke.DirectMethodHandle$Holder.invokeVirtual(java.lang.Object, java.lang.Object, java.lang.Object, java.lang.Object, java.lang.Object, java.lang.Object, java.lang.Object, java.lang.Object, java.lang.Object, java.lang.Object)'> (0x00000007052346b8) 
thrown [s\src\hotspot\share\interpreter\linkResolver.cpp, line 773]
Event: 4.119 Thread 0x000001b8199a3770 Exception <a 'java/lang/NoSuchMethodError'{0x00000007052cbff8}: 'void java.lang.invoke.DirectMethodHandle$Holder.invokeStatic(java.lang.Object, java.lang.Object, java.lang.Object, java.lang.Object)'> (0x00000007052cbff8) 
thrown [s\src\hotspot\share\interpreter\linkResolver.cpp, line 773]
Event: 4.120 Thread 0x000001b8199a3770 Exception <a 'java/lang/NoSuchMethodError'{0x00000007052cfdb0}: 'void java.lang.invoke.DirectMethodHandle$Holder.invokeStaticInit(java.lang.Object, java.lang.Object, java.lang.Object, java.lang.Object)'> (0x00000007052cfdb0) 
thrown [s\src\hotspot\share\interpreter\linkResolver.cpp, line 773]
Event: 4.145 Thread 0x000001b8199a3770 Exception <a 'java/lang/NoSuchMethodError'{0x0000000705326cc0}: 'java.lang.Object java.lang.invoke.DirectMethodHandle$Holder.invokeInterface(java.lang.Object, java.lang.Object, java.lang.Object)'> (0x0000000705326cc0) 
thrown [s\src\hotspot\share\interpreter\linkResolver.cpp, line 773]
Event: 4.170 Thread 0x000001b8199a3770 Exception <a 'java/lang/NoSuchMethodError'{0x000000070502a800}: 'int java.lang.invoke.DirectMethodHandle$Holder.invokeSpecialIFC(java.lang.Object, java.lang.Object, java.lang.Object, java.lang.Object)'> (0x000000070502a800) 
thrown [s\src\hotspot\share\interpreter\linkResolver.cpp, line 773]
Event: 4.172 Thread 0x000001b8199a3770 Exception <a 'java/lang/IncompatibleClassChangeError'{0x0000000705037c58}: Found class java.lang.Object, but interface was expected> (0x0000000705037c58) 
thrown [s\src\hotspot\share\interpreter\linkResolver.cpp, line 840]
Event: 4.201 Thread 0x000001b8199a3770 Implicit null exception at 0x000001b7c316b6e6 to 0x000001b7c316b78a
Event: 4.225 Thread 0x000001b8199a3770 Exception <a 'java/lang/NoSuchMethodError'{0x0000000704e41068}: 'int java.lang.invoke.DirectMethodHandle$Holder.invokeStatic(java.lang.Object, java.lang.Object, java.lang.Object, java.lang.Object)'> (0x0000000704e41068) 
thrown [s\src\hotspot\share\interpreter\linkResolver.cpp, line 773]
Event: 4.303 Thread 0x000001b8199a3770 Exception <a 'java/lang/NoSuchMethodError'{0x0000000704cd4238}: 'java.lang.Object java.lang.invoke.DelegatingMethodHandle$Holder.reinvoke_L(java.lang.Object, java.lang.Object, java.lang.Object, java.lang.Object, java.lang.Object, java.lang.Object, java.lang.Object, java.lang.Object, java.lang.Object, java.lang.Object, java.lang.Object, java.lang.Object, java.lang.Object, java.lang.Object, java.lang.Object, java.lang.Object, java.lang.Object, java.lang.Object, java.lang.Object, java.lang.Object, java.lang.O
Event: 4.310 Thread 0x000001b8199a3770 Exception <a 'java/lang/NoSuchMethodError'{0x0000000704d448b0}: 'java.lang.Object java.lang.invoke.DirectMethodHandle$Holder.invokeStatic(java.lang.Object, java.lang.Object, java.lang.Object, java.lang.Object, java.lang.Object, java.lang.Object, java.lang.Object, java.lang.Object, java.lang.Object, java.lang.Object, java.lang.Object, java.lang.Object, java.lang.Object, java.lang.Object, java.lang.Object, java.lang.Object, java.lang.Object)'> (0x0000000704d448b0) 
thrown [s\src\hotspot\share\interpreter\lin
Event: 4.312 Thread 0x000001b8199a3770 Exception <a 'java/lang/NoSuchMethodError'{0x0000000704d6d640}: 'java.lang.Object java.lang.invoke.DirectMethodHandle$Holder.invokeStatic(java.lang.Object, java.lang.Object, java.lang.Object, java.lang.Object, java.lang.Object, java.lang.Object, java.lang.Object, java.lang.Object, java.lang.Object, java.lang.Object, java.lang.Object, java.lang.Object, java.lang.Object, java.lang.Object, java.lang.Object, java.lang.Object, java.lang.Object, java.lang.Object)'> (0x0000000704d6d640) 
thrown [s\src\hotspot\sha
Event: 4.314 Thread 0x000001b8199a3770 Exception <a 'java/lang/NoSuchMethodError'{0x0000000704d986d8}: 'java.lang.Object java.lang.invoke.DirectMethodHandle$Holder.invokeStatic(java.lang.Object, java.lang.Object, java.lang.Object, java.lang.Object, java.lang.Object, java.lang.Object, java.lang.Object, java.lang.Object, java.lang.Object, java.lang.Object, java.lang.Object, java.lang.Object, java.lang.Object, java.lang.Object, java.lang.Object, java.lang.Object, java.lang.Object, java.lang.Object, java.lang.Object)'> (0x0000000704d986d8) 
thrown 
Event: 4.317 Thread 0x000001b8199a3770 Exception <a 'java/lang/NoSuchMethodError'{0x0000000704dc3d60}: 'java.lang.Object java.lang.invoke.DirectMethodHandle$Holder.invokeStatic(java.lang.Object, java.lang.Object, java.lang.Object, java.lang.Object, java.lang.Object, java.lang.Object, java.lang.Object, java.lang.Object, java.lang.Object, java.lang.Object, java.lang.Object, java.lang.Object, java.lang.Object, java.lang.Object, java.lang.Object, java.lang.Object, java.lang.Object, java.lang.Object, java.lang.Object, java.lang.Object)'> (0x00000007
Event: 4.319 Thread 0x000001b8199a3770 Exception <a 'java/lang/NoSuchMethodError'{0x0000000704df08a0}: 'java.lang.Object java.lang.invoke.DirectMethodHandle$Holder.invokeStatic(java.lang.Object, java.lang.Object, java.lang.Object, java.lang.Object, java.lang.Object, java.lang.Object, java.lang.Object, java.lang.Object, java.lang.Object, java.lang.Object, java.lang.Object, java.lang.Object, java.lang.Object, java.lang.Object, java.lang.Object, java.lang.Object, java.lang.Object, java.lang.Object, java.lang.Object, java.lang.Object, java.lang.Obj
Event: 4.322 Thread 0x000001b8199a3770 Exception <a 'java/lang/NoSuchMethodError'{0x0000000704a1e5d8}: 'java.lang.Object java.lang.invoke.DirectMethodHandle$Holder.invokeStatic(java.lang.Object, java.lang.Object, java.lang.Object, java.lang.Object, java.lang.Object, java.lang.Object, java.lang.Object, java.lang.Object, java.lang.Object, java.lang.Object, java.lang.Object, java.lang.Object, java.lang.Object, java.lang.Object, java.lang.Object, java.lang.Object, java.lang.Object, java.lang.Object, java.lang.Object, java.lang.Object, java.lang.Obj
Event: 4.324 Thread 0x000001b8199a3770 Exception <a 'java/lang/NoSuchMethodError'{0x0000000704a4f188}: 'java.lang.Object java.lang.invoke.DirectMethodHandle$Holder.invokeStatic(java.lang.Object, java.lang.Object, java.lang.Object, java.lang.Object, java.lang.Object, java.lang.Object, java.lang.Object, java.lang.Object, java.lang.Object, java.lang.Object, java.lang.Object, java.lang.Object, java.lang.Object, java.lang.Object, java.lang.Object, java.lang.Object, java.lang.Object, java.lang.Object, java.lang.Object, java.lang.Object, java.lang.Obj
Event: 4.327 Thread 0x000001b8199a3770 Exception <a 'java/lang/NoSuchMethodError'{0x0000000704a82b28}: 'java.lang.Object java.lang.invoke.DirectMethodHandle$Holder.invokeStatic(java.lang.Object, java.lang.Object, java.lang.Object, java.lang.Object, java.lang.Object, java.lang.Object, java.lang.Object, java.lang.Object, java.lang.Object, java.lang.Object, java.lang.Object, java.lang.Object, java.lang.Object, java.lang.Object, java.lang.Object, java.lang.Object, java.lang.Object, java.lang.Object, java.lang.Object, java.lang.Object, java.lang.Obj
Event: 4.329 Thread 0x000001b8199a3770 Exception <a 'java/lang/NoSuchMethodError'{0x0000000704ab38b0}: 'java.lang.Object java.lang.invoke.DirectMethodHandle$Holder.invokeStatic(java.lang.Object, java.lang.Object, java.lang.Object, java.lang.Object, java.lang.Object, java.lang.Object, java.lang.Object, java.lang.Object, java.lang.Object, java.lang.Object, java.lang.Object, java.lang.Object, java.lang.Object, java.lang.Object, java.lang.Object, java.lang.Object, java.lang.Object, java.lang.Object, java.lang.Object, java.lang.Object, java.lang.Obj
Event: 4.332 Thread 0x000001b8199a3770 Exception <a 'java/lang/NoSuchMethodError'{0x0000000704ae4798}: 'java.lang.Object java.lang.invoke.DirectMethodHandle$Holder.invokeStatic(java.lang.Object, java.lang.Object, java.lang.Object, java.lang.Object, java.lang.Object, java.lang.Object, java.lang.Object, java.lang.Object, java.lang.Object, java.lang.Object, java.lang.Object, java.lang.Object, java.lang.Object, java.lang.Object, java.lang.Object, java.lang.Object, java.lang.Object, java.lang.Object, java.lang.Object, java.lang.Object, java.lang.Obj
Event: 4.335 Thread 0x000001b8199a3770 Exception <a 'java/lang/NoSuchMethodError'{0x0000000704b17460}: 'java.lang.Object java.lang.invoke.DirectMethodHandle$Holder.invokeStatic(java.lang.Object, java.lang.Object, java.lang.Object, java.lang.Object, java.lang.Object, java.lang.Object, java.lang.Object, java.lang.Object, java.lang.Object, java.lang.Object, java.lang.Object, java.lang.Object, java.lang.Object, java.lang.Object, java.lang.Object, java.lang.Object, java.lang.Object, java.lang.Object, java.lang.Object, java.lang.Object, java.lang.Obj

ZGC Phase Switch (0 events):
No events

VM Operations (20 events):
Event: 2.793 Executing non-safepoint VM operation: HandshakeAllThreads (Deoptimize)
Event: 2.793 Executing non-safepoint VM operation: HandshakeAllThreads (Deoptimize) done
Event: 2.907 Executing non-safepoint VM operation: HandshakeAllThreads (Deoptimize)
Event: 2.907 Executing non-safepoint VM operation: HandshakeAllThreads (Deoptimize) done
Event: 2.954 Executing non-safepoint VM operation: HandshakeAllThreads (Deoptimize)
Event: 2.954 Executing non-safepoint VM operation: HandshakeAllThreads (Deoptimize) done
Event: 3.009 Executing non-safepoint VM operation: HandshakeAllThreads (Deoptimize)
Event: 3.009 Executing non-safepoint VM operation: HandshakeAllThreads (Deoptimize) done
Event: 3.212 Executing safepoint VM operation: G1CollectForAllocation (G1 Evacuation Pause)
Event: 3.221 Executing safepoint VM operation: G1CollectForAllocation (G1 Evacuation Pause) done
Event: 3.238 Executing non-safepoint VM operation: HandshakeAllThreads (Deoptimize)
Event: 3.238 Executing non-safepoint VM operation: HandshakeAllThreads (Deoptimize) done
Event: 3.975 Executing non-safepoint VM operation: HandshakeAllThreads (Deoptimize)
Event: 3.975 Executing non-safepoint VM operation: HandshakeAllThreads (Deoptimize) done
Event: 4.089 Executing safepoint VM operation: ICBufferFull
Event: 4.089 Executing safepoint VM operation: ICBufferFull done
Event: 4.344 Executing non-safepoint VM operation: HandshakeAllThreads (Deoptimize)
Event: 4.344 Executing non-safepoint VM operation: HandshakeAllThreads (Deoptimize) done
Event: 4.345 Executing non-safepoint VM operation: HandshakeAllThreads (Deoptimize)
Event: 4.345 Executing non-safepoint VM operation: HandshakeAllThreads (Deoptimize) done

Memory protections (0 events):
No events

Nmethod flushes (0 events):
No events

Events (20 events):
Event: 0.145 Thread 0x000001b7b61b4f70 Thread added: 0x000001b7d260cdf0
Event: 0.184 Thread 0x000001b7b61b4f70 Thread added: 0x000001b7d26d0600
Event: 0.552 Thread 0x000001b7d23c3a90 Thread added: 0x000001b818021bd0
Event: 0.558 Thread 0x000001b7d23c3a90 Thread added: 0x000001b818024cb0
Event: 2.040 Thread 0x000001b818024cb0 Thread exited: 0x000001b818024cb0
Event: 2.743 Thread 0x000001b7b61b4f70 Thread added: 0x000001b81968ed20
Event: 3.041 Thread 0x000001b7b61b4f70 Thread added: 0x000001b819609510
Event: 3.161 Thread 0x000001b7b61b4f70 Thread added: 0x000001b819933080
Event: 3.292 Thread 0x000001b819609510 Thread added: 0x000001b819844730
Event: 3.296 Thread 0x000001b819844730 Thread added: 0x000001b819887970
Event: 3.343 Thread 0x000001b819844730 Thread added: 0x000001b81984df30
Event: 3.357 Thread 0x000001b819844730 Thread added: 0x000001b8199a3770
Event: 3.375 Thread 0x000001b8199a3770 Thread added: 0x000001b8199a4b20
Event: 3.380 Thread 0x000001b8199a3770 Thread added: 0x000001b8199a51b0
Event: 3.383 Thread 0x000001b8199a3770 Thread added: 0x000001b8199a5ed0
Event: 3.914 Thread 0x000001b818021bd0 Thread exited: 0x000001b818021bd0
Event: 3.976 Thread 0x000001b8199a3770 Thread added: 0x000001b8199a5840
Event: 3.992 Thread 0x000001b8199a3770 Thread added: 0x000001b8199a6560
Event: 4.019 Thread 0x000001b7d2400d40 Thread added: 0x000001b819ce9f40
Event: 4.036 Thread 0x000001b8199a3770 Thread added: 0x000001b8199a6bf0


Dynamic libraries:
0x00007ff609ea0000 - 0x00007ff609eae000 	C:\Users\NAGARAJU\.antigravity-ide\extensions\redhat.java-1.55.0-win32-x64\jre\21.0.11-win32-x86_64\bin\java.exe
0x00007ffebd520000 - 0x00007ffebd786000 	C:\WINDOWS\SYSTEM32\ntdll.dll
0x00007ffebc5b0000 - 0x00007ffebc679000 	C:\WINDOWS\System32\KERNEL32.DLL
0x00007ffebaa80000 - 0x00007ffebae7a000 	C:\WINDOWS\System32\KERNELBASE.dll
0x00007ffebae80000 - 0x00007ffebafcc000 	C:\WINDOWS\System32\ucrtbase.dll
0x00007ffeac3c0000 - 0x00007ffeac3de000 	C:\Users\NAGARAJU\.antigravity-ide\extensions\redhat.java-1.55.0-win32-x64\jre\21.0.11-win32-x86_64\bin\VCRUNTIME140.dll
0x00007ffeac350000 - 0x00007ffeac368000 	C:\Users\NAGARAJU\.antigravity-ide\extensions\redhat.java-1.55.0-win32-x64\jre\21.0.11-win32-x86_64\bin\jli.dll
0x00007ffebbec0000 - 0x00007ffebc087000 	C:\WINDOWS\System32\USER32.dll
0x00007ffea72c0000 - 0x00007ffea7552000 	C:\WINDOWS\WinSxS\amd64_microsoft.windows.common-controls_6595b64144ccf1df_6.0.26100.8521_none_3e08b75ce33403b3\COMCTL32.dll
0x00007ffebb1b0000 - 0x00007ffebb1d7000 	C:\WINDOWS\System32\win32u.dll
0x00007ffebcc60000 - 0x00007ffebcd09000 	C:\WINDOWS\System32\msvcrt.dll
0x00007ffebbe80000 - 0x00007ffebbeab000 	C:\WINDOWS\System32\GDI32.dll
0x00007ffebafd0000 - 0x00007ffebb0fb000 	C:\WINDOWS\System32\gdi32full.dll
0x00007ffebb1e0000 - 0x00007ffebb283000 	C:\WINDOWS\System32\msvcp_win.dll
0x00007ffebbc60000 - 0x00007ffebbc92000 	C:\WINDOWS\System32\IMM32.DLL
0x00007ffeac340000 - 0x00007ffeac34c000 	C:\Users\NAGARAJU\.antigravity-ide\extensions\redhat.java-1.55.0-win32-x64\jre\21.0.11-win32-x86_64\bin\vcruntime140_1.dll
0x00007ffe93c10000 - 0x00007ffe93c9d000 	C:\Users\NAGARAJU\.antigravity-ide\extensions\redhat.java-1.55.0-win32-x64\jre\21.0.11-win32-x86_64\bin\msvcp140.dll
0x00007ffe160d0000 - 0x00007ffe16e72000 	C:\Users\NAGARAJU\.antigravity-ide\extensions\redhat.java-1.55.0-win32-x64\jre\21.0.11-win32-x86_64\bin\server\jvm.dll
0x00007ffebc6e0000 - 0x00007ffebc796000 	C:\WINDOWS\System32\ADVAPI32.dll
0x00007ffebba20000 - 0x00007ffebbaca000 	C:\WINDOWS\System32\sechost.dll
0x00007ffebd280000 - 0x00007ffebd398000 	C:\WINDOWS\System32\RPCRT4.dll
0x00007ffebbad0000 - 0x00007ffebbb50000 	C:\WINDOWS\System32\WS2_32.dll
0x00007ffeba610000 - 0x00007ffeba66e000 	C:\WINDOWS\SYSTEM32\POWRPROF.dll
0x00007ffeb3790000 - 0x00007ffeb379b000 	C:\WINDOWS\SYSTEM32\VERSION.dll
0x00007ffeb3750000 - 0x00007ffeb3786000 	C:\WINDOWS\SYSTEM32\WINMM.dll
0x00007ffeba5f0000 - 0x00007ffeba604000 	C:\WINDOWS\SYSTEM32\UMPDC.dll
0x00007ffeb9540000 - 0x00007ffeb955b000 	C:\WINDOWS\SYSTEM32\kernel.appcore.dll
0x00007ffeac330000 - 0x00007ffeac33a000 	C:\Users\NAGARAJU\.antigravity-ide\extensions\redhat.java-1.55.0-win32-x64\jre\21.0.11-win32-x86_64\bin\jimage.dll
0x00007ffeae2e0000 - 0x00007ffeae522000 	C:\WINDOWS\SYSTEM32\DBGHELP.DLL
0x00007ffebcd10000 - 0x00007ffebd093000 	C:\WINDOWS\System32\combase.dll
0x00007ffebc7a0000 - 0x00007ffebc879000 	C:\WINDOWS\System32\OLEAUT32.dll
0x00007ffea16e0000 - 0x00007ffea171b000 	C:\WINDOWS\SYSTEM32\dbgcore.DLL
0x00007ffebb100000 - 0x00007ffebb1a8000 	C:\WINDOWS\System32\bcryptPrimitives.dll
0x00007ffeac320000 - 0x00007ffeac32f000 	C:\Users\NAGARAJU\.antigravity-ide\extensions\redhat.java-1.55.0-win32-x64\jre\21.0.11-win32-x86_64\bin\instrument.dll
0x00007ffea4750000 - 0x00007ffea4770000 	C:\Users\NAGARAJU\.antigravity-ide\extensions\redhat.java-1.55.0-win32-x64\jre\21.0.11-win32-x86_64\bin\java.dll
0x00007ffebb290000 - 0x00007ffebba14000 	C:\WINDOWS\System32\SHELL32.dll
0x00007ffeb8390000 - 0x00007ffeb8c10000 	C:\WINDOWS\SYSTEM32\windows.storage.dll
0x00007ffebbb60000 - 0x00007ffebbc56000 	C:\WINDOWS\System32\SHCORE.dll
0x00007ffebd3d0000 - 0x00007ffebd437000 	C:\WINDOWS\System32\shlwapi.dll
0x00007ffeba6d0000 - 0x00007ffeba6f9000 	C:\WINDOWS\SYSTEM32\profapi.dll
0x00007ffe9c2c0000 - 0x00007ffe9c2d8000 	C:\Users\NAGARAJU\.antigravity-ide\extensions\redhat.java-1.55.0-win32-x64\jre\21.0.11-win32-x86_64\bin\zip.dll
0x00007ffe93c00000 - 0x00007ffe93c10000 	C:\Users\NAGARAJU\.antigravity-ide\extensions\redhat.java-1.55.0-win32-x64\jre\21.0.11-win32-x86_64\bin\net.dll
0x00007ffeb0fb0000 - 0x00007ffeb10d9000 	C:\WINDOWS\SYSTEM32\WINHTTP.dll
0x00007ffeb9ab0000 - 0x00007ffeb9b1c000 	C:\WINDOWS\system32\mswsock.dll
0x00007ffe93be0000 - 0x00007ffe93bf6000 	C:\Users\NAGARAJU\.antigravity-ide\extensions\redhat.java-1.55.0-win32-x64\jre\21.0.11-win32-x86_64\bin\nio.dll
0x00007ffe93bd0000 - 0x00007ffe93be0000 	C:\Users\NAGARAJU\.antigravity-ide\extensions\redhat.java-1.55.0-win32-x64\jre\21.0.11-win32-x86_64\bin\verify.dll
0x00007ffe3ee60000 - 0x00007ffe3ee87000 	C:\Users\NAGARAJU\.gradle\native\1def1411415f61bf3af743bc5b6707747c0891f09f0c88961ee8f79bc544acac\windows-amd64\native-platform.dll
0x00007ffe30140000 - 0x00007ffe301b8000 	C:\Users\NAGARAJU\.gradle\native\0.2.7\x86_64-windows-gnu\gradle-fileevents.dll
0x00007ffe93bc0000 - 0x00007ffe93bca000 	C:\Users\NAGARAJU\.antigravity-ide\extensions\redhat.java-1.55.0-win32-x64\jre\21.0.11-win32-x86_64\bin\management.dll
0x00007ffe93bb0000 - 0x00007ffe93bbc000 	C:\Users\NAGARAJU\.antigravity-ide\extensions\redhat.java-1.55.0-win32-x64\jre\21.0.11-win32-x86_64\bin\management_ext.dll
0x00007ffebd4d0000 - 0x00007ffebd4d8000 	C:\WINDOWS\System32\PSAPI.DLL
0x00007ffeb8f40000 - 0x00007ffeb8f73000 	C:\WINDOWS\SYSTEM32\IPHLPAPI.DLL
0x00007ffebcbd0000 - 0x00007ffebcbda000 	C:\WINDOWS\System32\NSI.dll
0x00007ffeadc90000 - 0x00007ffeadc99000 	C:\Users\NAGARAJU\.antigravity-ide\extensions\redhat.java-1.55.0-win32-x64\jre\21.0.11-win32-x86_64\bin\extnet.dll
0x00007ffeb9d90000 - 0x00007ffeb9dab000 	C:\WINDOWS\SYSTEM32\CRYPTSP.dll
0x00007ffeb94a0000 - 0x00007ffeb94d9000 	C:\WINDOWS\system32\rsaenh.dll
0x00007ffeb9b60000 - 0x00007ffeb9b93000 	C:\WINDOWS\SYSTEM32\USERENV.dll
0x00007ffeba6a0000 - 0x00007ffeba6ca000 	C:\WINDOWS\SYSTEM32\bcrypt.dll
0x00007ffeb9db0000 - 0x00007ffeb9dbc000 	C:\WINDOWS\SYSTEM32\CRYPTBASE.dll
0x00007ffe93ba0000 - 0x00007ffe93bae000 	C:\Users\NAGARAJU\.antigravity-ide\extensions\redhat.java-1.55.0-win32-x64\jre\21.0.11-win32-x86_64\bin\sunmscapi.dll
0x00007ffeba7b0000 - 0x00007ffeba928000 	C:\WINDOWS\System32\CRYPT32.dll
0x00007ffeb9fb0000 - 0x00007ffeb9fe0000 	C:\WINDOWS\SYSTEM32\ncrypt.dll
0x00007ffeb9f60000 - 0x00007ffeb9f9f000 	C:\WINDOWS\SYSTEM32\NTASN1.dll
0x00007ffe86920000 - 0x00007ffe86928000 	C:\WINDOWS\system32\wshunix.dll

JVMTI agents:
C:\Users\NAGARAJU\.gradle\wrapper\dists\gradle-8.14.1-bin\baw1sv0jfoi8rxs14qo3h49cs\gradle-8.14.1\lib\agents\gradle-instrumentation-agent-8.14.1.jar path:C:\Users\NAGARAJU\.antigravity-ide\extensions\redhat.java-1.55.0-win32-x64\jre\21.0.11-win32-x86_64\bin\instrument.dll, loaded, initialized, instrumentlib options:none

dbghelp: loaded successfully - version: 4.0.5 - missing functions: none
symbol engine: initialized successfully - sym options: 0x614 - pdb path: .;C:\Users\NAGARAJU\.antigravity-ide\extensions\redhat.java-1.55.0-win32-x64\jre\21.0.11-win32-x86_64\bin;C:\WINDOWS\SYSTEM32;C:\WINDOWS\WinSxS\amd64_microsoft.windows.common-controls_6595b64144ccf1df_6.0.26100.8521_none_3e08b75ce33403b3;C:\Users\NAGARAJU\.antigravity-ide\extensions\redhat.java-1.55.0-win32-x64\jre\21.0.11-win32-x86_64\bin\server;C:\Users\NAGARAJU\.gradle\native\1def1411415f61bf3af743bc5b6707747c0891f09f0c88961ee8f79bc544acac\windows-amd64;C:\Users\NAGARAJU\.gradle\native\0.2.7\x86_64-windows-gnu

VM Arguments:
jvm_args: --add-opens=java.base/java.lang=ALL-UNNAMED --add-opens=java.base/java.lang.invoke=ALL-UNNAMED --add-opens=java.base/java.util=ALL-UNNAMED --add-opens=java.prefs/java.util.prefs=ALL-UNNAMED --add-exports=jdk.compiler/com.sun.tools.javac.api=ALL-UNNAMED --add-exports=jdk.compiler/com.sun.tools.javac.util=ALL-UNNAMED --add-opens=java.base/java.util=ALL-UNNAMED --add-opens=java.prefs/java.util.prefs=ALL-UNNAMED --add-opens=java.base/java.nio.charset=ALL-UNNAMED --add-opens=java.base/java.net=ALL-UNNAMED --add-opens=java.base/java.util.concurrent.atomic=ALL-UNNAMED --add-opens=java.xml/javax.xml.namespace=ALL-UNNAMED -Xmx4096m -Dfile.encoding=UTF-8 -Duser.country=IN -Duser.language=en -Duser.variant -javaagent:C:\Users\NAGARAJU\.gradle\wrapper\dists\gradle-8.14.1-bin\baw1sv0jfoi8rxs14qo3h49cs\gradle-8.14.1\lib\agents\gradle-instrumentation-agent-8.14.1.jar 
java_command: org.gradle.launcher.daemon.bootstrap.GradleDaemon 8.14.1
java_class_path (initial): C:\Users\NAGARAJU\.gradle\wrapper\dists\gradle-8.14.1-bin\baw1sv0jfoi8rxs14qo3h49cs\gradle-8.14.1\lib\gradle-daemon-main-8.14.1.jar
Launcher Type: SUN_STANDARD

[Global flags]
     intx CICompilerCount                          = 4                                         {product} {ergonomic}
     uint ConcGCThreads                            = 2                                         {product} {ergonomic}
     uint G1ConcRefinementThreads                  = 8                                         {product} {ergonomic}
   size_t G1HeapRegionSize                         = 2097152                                   {product} {ergonomic}
    uintx GCDrainStackTargetSize                   = 64                                        {product} {ergonomic}
   size_t InitialHeapSize                          = 123731968                                 {product} {ergonomic}
   size_t MarkStackSize                            = 4194304                                   {product} {ergonomic}
   size_t MaxHeapSize                              = 4294967296                                {product} {command line}
   size_t MaxNewSize                               = 2575302656                                {product} {ergonomic}
   size_t MinHeapDeltaBytes                        = 2097152                                   {product} {ergonomic}
   size_t MinHeapSize                              = 8388608                                   {product} {ergonomic}
    uintx NonNMethodCodeHeapSize                   = 5839372                                {pd product} {ergonomic}
    uintx NonProfiledCodeHeapSize                  = 122909434                              {pd product} {ergonomic}
    uintx ProfiledCodeHeapSize                     = 122909434                              {pd product} {ergonomic}
    uintx ReservedCodeCacheSize                    = 251658240                              {pd product} {ergonomic}
     bool SegmentedCodeCache                       = true                                      {product} {ergonomic}
   size_t SoftMaxHeapSize                          = 4294967296                             {manageable} {ergonomic}
     bool UseCompressedOops                        = true                           {product lp64_product} {ergonomic}
     bool UseG1GC                                  = true                                      {product} {ergonomic}
     bool UseLargePagesIndividualAllocation        = false                                  {pd product} {ergonomic}

Logging:
Log output configuration:
 #0: stdout all=warning uptime,level,tags foldmultilines=false
 #1: stderr all=off uptime,level,tags foldmultilines=false

Release file:
JAVA_VERSION="21.0.11" 
MODULES="java.base java.compiler java.datatransfer java.xml java.prefs java.desktop java.instrument java.logging java.management java.security.sasl java.naming java.rmi java.management.rmi java.net.http java.scripting java.security.jgss java.transaction.xa java.sql java.sql.rowset java.xml.crypto java.se java.smartcardio jdk.accessibility jdk.internal.jvmstat jdk.attach jdk.charsets jdk.internal.opt jdk.zipfs jdk.compiler jdk.crypto.ec jdk.crypto.cryptoki jdk.crypto.mscapi jdk.dynalink jdk.internal.ed jdk.editpad jdk.hotspot.agent jdk.httpserver jdk.internal.le jdk.internal.vm.ci jdk.internal.vm.compiler jdk.internal.vm.compiler.management jdk.jartool jdk.javadoc jdk.jcmd jdk.management jdk.management.agent jdk.jconsole jdk.jdeps jdk.jdwp.agent jdk.jdi jdk.jfr jdk.jshell jdk.jsobject jdk.jstatd jdk.localedata jdk.management.jfr jdk.naming.dns jdk.naming.rmi jdk.net jdk.nio.mapmode jdk.random jdk.sctp jdk.security.auth jdk.security.jgss jdk.unsupported jdk.unsupported.desktop jdk.xml.dom" 

Environment Variables:
JAVA_HOME=C:\Program Files\Eclipse Adoptium\jdk-21.0.11.10-hotspot
PATH=C:\Program Files\Eclipse Adoptium\jdk-21.0.11.10-hotspot\bin;C:\Program Files\Eclipse Adoptium\jdk-11.0.26.4-hotspot\bin;C:\Program Files\Eclipse Adoptium\jdk-17.0.14.7-hotspot\bin;C:\Program Files\Java\jdk-17\bin;C:\Program Files\nodejs;E:\Android\Sdk\platform-tools;E:\Android\Sdk\emulator;E:\Android\Sdk\cmdline-tools\latest\bin;C:\Users\NAGARAJU\AppData\Local\Android\Sdk\platform-tools;C:\Users\NAGARAJU\AppData\Local\Android\Sdk\emulator;C:\Users\NAGARAJU\AppData\Local\Android\Sdk\cmdline-tools\latest\bin;C:\Program Files\Eclipse Adoptium\jdk-21.0.11.10-hotspot\bin;C:\Program Files\Eclipse Adoptium\jdk-11.0.26.4-hotspot\bin;C:\Program Files\Eclipse Adoptium\jdk-17.0.14.7-hotspot\bin;C:\Program Files\Java\jdk-17\bin;C:\Program Files\nodejs;E:\Android\Sdk\platform-tools;E:\Android\Sdk\emulator;E:\Android\Sdk\cmdline-tools\latest\bin;C:\Users\NAGARAJU\AppData\Local\Android\Sdk\platform-tools;C:\Users\NAGARAJU\AppData\Local\Android\Sdk\emulator;C:\Users\NAGARAJU\AppData\Local\Android\Sdk\cmdline-tools\latest\bin;C:\Program Files\Eclipse Adoptium\jdk-21.0.11.10-hotspot\bin;C:\Program Files\Eclipse Adoptium\jdk-11.0.26.4-hotspot\bin;C:\Program Files\Eclipse Adoptium\jdk-17.0.14.7-hotspot\bin;C:\Program Files\Java\jdk-17\bin;C:\Program Files\nodejs;E:\Android\Sdk\platform-tools;E:\Android\Sdk\emulator;E:\Android\Sdk\cmdline-tools\latest\bin;C:\Users\NAGARAJU\AppData\Local\Android\Sdk\platform-tools;C:\Users\NAGARAJU\AppData\Local\Android\Sdk\emulator;C:\Users\NAGARAJU\AppData\Local\Android\Sdk\cmdline-tools\latest\bin;C:\WINDOWS\System32;C:\ProgramData\chocolatey\bin;C:\Program Files\nodejs\;C:\Program Files\Git\cmd;C:\Windows\System32;C:\Windows\System32\WindowsPowerShell\v1.0;C:\Windows\System32\OpenSSH;C:\Windows\System32\WindowsPowerShell\v1.0\;C:\Users\NAGARAJU\Downloads\stripe_1.30.0_windows_x86_64;C:\WINDOWS\system32;C:\WINDOWS;C:\WINDOWS\System32\Wbem;C:\WINDOWS\System32\WindowsPowerShell\v1.0\;C:\WINDOWS\System32\OpenSSH\;C:\ProgramData\chocolatey\bin;C:\Program Files\nodejs\;C:\Program Files\Git\cmd;C:\Windows\System32;C:\Windows\System32\WindowsPowerShell\v1.0;C:\Windows\System32\OpenSSH;C:\Windows\System32\WindowsPowerShell\v1.0\;C:\Users\NAGARAJU\Downloads\stripe_1.30.0_windows_x86_64;C:\WINDOWS\system32;C:\WINDOWS;C:\WINDOWS\System32\Wbem;C:\WINDOWS\System32\WindowsPowerShell\v1.0\;C:\WINDOWS\System32\OpenSSH\;C:\ProgramData\chocolatey\bin;C:\Program Files\nodejs\;C:\Program Files\Git\cmd;C:\Windows\System32;C:\Windows\System32\WindowsPowerShell\v1.0;C:\Windows\System32\OpenSSH;C:\Windows\System32\WindowsPowerShell\v1.0\;C:\Users\NAGARAJU\Downloads\stripe_1.30.0_windows_x86_64;C:\WINDOWS\system32;C:\WINDOWS;C:\WINDOWS\System32\Wbem;C:\WINDOWS\System32\WindowsPowerShell\v1.0\;C:\WINDOWS\System32\OpenSSH\;C:\Program Files\Eclipse Adoptium\jdk-21.0.11.10-hotspot\bin;C:\Program Files\Eclipse Adoptium\jdk-11.0.26.4-hotspot\bin;C:\Program Files\Eclipse Adoptium\jdk-17.0.14.7-hotspot\bin;C:\Program Files\Java\jdk-17\bin;C:\Program Files\nodejs;E:\Android\Sdk\platform-tools;E:\Android\Sdk\emulator;E:\Android\Sdk\cmdline-tools\latest\bin;C:\Users\NAGARAJU\AppData\Local\Android\Sdk\platform-tools;C:\Users\NAGARAJU\AppData\Local\Android\Sdk\emulator;C:\Users\NAGARAJU\AppData\Local\Android\Sdk\cmdline-tools\latest\bin;C:\Program Files\Eclipse Adoptium\jdk-21.0.11.10-hotspot\bin;C:\Program Files\Eclipse Adoptium\jdk-11.0.26.4-hotspot\bin;C:\Program Files\Eclipse Adoptium\jdk-17.0.14.7-hotspot\bin;C:\Program Files\Java\jdk-17\bin;C:\Program Files\nodejs;E:\Android\Sdk\platform-tools;E:\Android\Sdk\emulator;E:\Android\Sdk\cmdline-tools\latest\bin;C:\Users\NAGARAJU\AppData\Local\Android\Sdk\platform-tools;C:\Users\NAGARAJU\AppData\Local\Android\Sdk\emulator;C:\Users\NAGARAJU\AppData\Local\Android\Sdk\cmdline-tools\latest\bin;C:\Program Files\Eclipse Adoptium\jdk-21.0.11.10-hotspot\bin;C:\Program Files\Eclipse Adoptium\jdk-11.0.26.4-hotspot\bin;C:\Program Files\Eclipse Adoptium\jdk-17.0.14.7-hotspot\bin;C:\Program Files\Java\jdk-17\bin;C:\Program Files\nodejs;E:\Android\Sdk\platform-tools;E:\Android\Sdk\emulator;E:\Android\Sdk\cmdline-tools\latest\bin;C:\Users\NAGARAJU\AppData\Local\Android\Sdk\platform-tools;C:\Users\NAGARAJU\AppData\Local\Android\Sdk\emulator;C:\Users\NAGARAJU\AppData\Local\Android\Sdk\cmdline-tools\latest\bin;C:\WINDOWS\System32;C:\ProgramData\chocolatey\bin;C:\Program Files\nodejs\;C:\Program Files\Git\cmd;C:\Windows\System32;C:\Windows\System32\WindowsPowerShell\v1.0;C:\Windows\System32\OpenSSH;C:\Windows\System32\WindowsPowerShell\v1.0\;C:\Users\NAGARAJU\Downloads\stripe_1.30.0_windows_x86_64;C:\WINDOWS\system32;C:\WINDOWS;C:\WINDOWS\System32\Wbem;C:\WINDOWS\System32\WindowsPowerShell\v1.0\;C:\WINDOWS\System32\OpenSSH\;C:\ProgramData\chocolatey\bin;C:\Program Files\nodejs\;C:\Program Files\Git\cmd;C:\Windows\System32;C:\Windows\System32\WindowsPowerShell\v1.0;C:\Windows\System32\OpenSSH;C:\Windows\System32\WindowsPowerShell\v1.0\;C:\Users\NAGARAJU\Downloads\stripe_1.30.0_windows_x86_64;C:\WINDOWS\system32;C:\WINDOWS;C:\WINDOWS\System32\Wbem;C:\WINDOWS\System32\WindowsPowerShell\v1.0\;C:\WINDOWS\System32\OpenSSH\;C:\ProgramData\chocolatey\bin;C:\Program Files\nodejs\;C:\Program Files\Git\cmd;C:\Windows\System32;C:\Windows\System32\WindowsPowerShell\v1.0;C:\Windows\System32\OpenSSH;C:\Windows\System32\WindowsPowerShell\v1.0\;C:\Users\NAGARAJU\Downloads\stripe_1.30.0_windows_x86_64;C:\WINDOWS\system32;C:\WINDOWS;C:\WINDOWS\System32\Wbem;C:\WINDOWS\System32\WindowsPowerShell\v1.0\;C:\WINDOWS\System32\OpenSSH\;C:\Users\NAGARAJU\AppData\Local\Android\Sdk\platform-tools;C:\Users\NAGARAJU\AppData\Local\Android\Sdk\cmdline-tools\latest\bin;C:\Users\NAGARAJU\AppData\Roaming\npm;C:\Users\NAGARAJU\AppData\Local\Programs\Microsoft VS Code\bin;C:\Users\NAGARAJU\AppData\Local\Programs\Antigravity IDE\bin;C:\Users\NAGARAJU\AppData\Local\Microsoft\WindowsApps;C:\Users\NAGARAJU\AppData\Local\Kingsoft\WPS Office\12.1.0.27458\clitool
USERNAME=NAGARAJU
OS=Windows_NT
PROCESSOR_IDENTIFIER=AMD64 Family 23 Model 104 Stepping 1, AuthenticAMD
TMP=C:\Users\NAGARAJU\AppData\Local\Temp
TEMP=C:\Users\NAGARAJU\AppData\Local\Temp




Periodic native trim disabled

---------------  S Y S T E M  ---------------

OS:
 Windows 11 , 64 bit Build 26100 (10.0.26100.8521)
OS uptime: 0 days 20:26 hours

CPU: total 8 (initial active 8) (8 cores per cpu, 2 threads per core) family 23 model 104 stepping 1 microcode 0x8608109, cx8, cmov, fxsr, ht, mmx, 3dnowpref, sse, sse2, sse3, ssse3, sse4a, sse4.1, sse4.2, popcnt, lzcnt, tsc, tscinvbit, avx, avx2, aes, clmul, bmi1, bmi2, adx, sha, fma, vzeroupper, clflush, clflushopt, rdtscp, rdpid, f16c
Processor Information for the first 8 processors :
  Max Mhz: 2600, Current Mhz: 2600, Mhz Limit: 2600

Memory: 4k page, system-wide physical 7502M (506M free)
TotalPageFile size 24586M (AvailPageFile size 0M)
current process WorkingSet (physical memory assigned to process): 201M, peak: 201M
current process commit charge ("private bytes"): 274M, peak: 274M

vm_info: OpenJDK 64-Bit Server VM (21.0.11+10-LTS) for windows-amd64 JRE (21.0.11+10-LTS), built on 2026-04-21T00:00:00Z by "admin" with MS VC++ 17.12 (VS2022)

END.
