#
# There is insufficient memory for the Java Runtime Environment to continue.
# Native memory allocation (malloc) failed to allocate 1318080 bytes. Error detail: Chunk::new
# Possible reasons:
#   The system is out of physical RAM or swap space
#   This process is running with CompressedOops enabled, and the Java Heap may be blocking the growth of the native heap
# Possible solutions:
#   Reduce memory load on the system
#   Increase physical memory or swap space
#   Check if swap backing store is full
#   Decrease Java heap size (-Xmx/-Xms)
#   Decrease number of Java threads
#   Decrease Java thread stack sizes (-Xss)
#   Set larger code cache with -XX:ReservedCodeCacheSize=
#   JVM is running with Zero Based Compressed Oops mode in which the Java heap is
#     placed in the first 32GB address space. The Java Heap base address is the
#     maximum limit for the native heap growth. Please use -XX:HeapBaseMinAddress
#     to set the Java Heap base and to place the Java Heap above 32GB virtual address.
# This output file may be truncated or incomplete.
#
#  Out of Memory Error (arena.cpp:168), pid=36784, tid=2928
#
# JRE version: OpenJDK Runtime Environment Temurin-21.0.12.1+1 (21.0.12.1+1) (build 21.0.12.1+1-LTS)
# Java VM: OpenJDK 64-Bit Server VM Temurin-21.0.12.1+1 (21.0.12.1+1-LTS, mixed mode, sharing, tiered, compressed oops, compressed class ptrs, g1 gc, windows-amd64)
# No core dump will be written. Minidumps are not enabled by default on client versions of Windows
#

---------------  S U M M A R Y ------------

Command Line: --add-opens=java.base/java.lang=ALL-UNNAMED --add-opens=java.base/java.lang.invoke=ALL-UNNAMED --add-opens=java.base/java.util=ALL-UNNAMED --add-opens=java.prefs/java.util.prefs=ALL-UNNAMED --add-exports=jdk.compiler/com.sun.tools.javac.api=ALL-UNNAMED --add-exports=jdk.compiler/com.sun.tools.javac.util=ALL-UNNAMED --add-opens=java.base/java.util=ALL-UNNAMED --add-opens=java.prefs/java.util.prefs=ALL-UNNAMED --add-opens=java.base/java.nio.charset=ALL-UNNAMED --add-opens=java.base/java.net=ALL-UNNAMED --add-opens=java.base/java.util.concurrent.atomic=ALL-UNNAMED --add-opens=java.xml/javax.xml.namespace=ALL-UNNAMED -Xmx4096m -Dfile.encoding=UTF-8 -Duser.country=IN -Duser.language=en -Duser.variant -javaagent:C:\Users\NAGARAJU\.gradle\wrapper\dists\gradle-8.14.1-bin\baw1sv0jfoi8rxs14qo3h49cs\gradle-8.14.1\lib\agents\gradle-instrumentation-agent-8.14.1.jar org.gradle.launcher.daemon.bootstrap.GradleDaemon 8.14.1

Host: AMD Ryzen 3 5300U with Radeon Graphics         , 8 cores, 7G,  Windows 11 , 64 bit Build 26100 (10.0.26100.9168)
Time: Wed Sep  9 15:50:49 2026 India Standard Time elapsed time: 504.704551 seconds (0d 0h 8m 24s)

---------------  T H R E A D  ---------------

Current thread (0x00000202c6d5b0a0):  JavaThread "C2 CompilerThread0" daemon [_thread_in_native, id=2928, stack(0x00000022aee00000,0x00000022aef00000) (1024K)]


Current CompileTask:
C2:504706 3544       4       java.lang.invoke.MethodType::makeImpl (109 bytes)

Stack: [0x00000022aee00000,0x00000022aef00000]
Native frames: (J=compiled Java code, j=interpreted, Vv=VM code, C=native code)
V  [jvm.dll+0x6d83e9]
V  [jvm.dll+0x8b5736]
V  [jvm.dll+0x8b7cee]
V  [jvm.dll+0x8b83d3]
V  [jvm.dll+0x284596]
V  [jvm.dll+0xc685d]
V  [jvm.dll+0xc6da1]
V  [jvm.dll+0x3bf18b]
V  [jvm.dll+0x1e3f42]
V  [jvm.dll+0x24c853]
V  [jvm.dll+0x24bce0]
V  [jvm.dll+0x1cb4ae]
V  [jvm.dll+0x25baad]
V  [jvm.dll+0x25a03a]
V  [jvm.dll+0x3f8aae]
V  [jvm.dll+0x8600cd]
V  [jvm.dll+0x6d6c1d]
C  [ucrtbase.dll+0x2cd30]
C  [KERNEL32.DLL+0x2ccb7]
C  [ntdll.dll+0xaad6c]


---------------  P R O C E S S  ---------------

Threads class SMR info:
_java_thread_list=0x000002030dba9a20, length=25, elements={
0x00000202ace1e230, 0x00000202c6d504c0, 0x00000202c6d51c40, 0x00000202c6d533c0,
0x00000202c6d53e20, 0x00000202c6d56890, 0x00000202c6d572f0, 0x00000202c6d5b0a0,
0x00000202c6d619f0, 0x000002030c191f90, 0x000002030c21b830, 0x000002030d99c620,
0x000002030d908ce0, 0x000002030dd51f00, 0x000002030dc73ce0, 0x000002030dc3fc00,
0x000002030dcbb630, 0x000002030dcba280, 0x000002030dcb9560, 0x000002030dcba910,
0x000002030dcbbcc0, 0x000002030dcbafa0, 0x000002030dcbc350, 0x000002030dcbc9e0,
0x000002030dcb9bf0
}

Java Threads: ( => current thread )
  0x00000202ace1e230 JavaThread "main"                              [_thread_blocked, id=35256, stack(0x00000022ae000000,0x00000022ae100000) (1024K)]
  0x00000202c6d504c0 JavaThread "Reference Handler"          daemon [_thread_blocked, id=37144, stack(0x00000022ae800000,0x00000022ae900000) (1024K)]
  0x00000202c6d51c40 JavaThread "Finalizer"                  daemon [_thread_blocked, id=34624, stack(0x00000022ae900000,0x00000022aea00000) (1024K)]
  0x00000202c6d533c0 JavaThread "Signal Dispatcher"          daemon [_thread_blocked, id=21444, stack(0x00000022aea00000,0x00000022aeb00000) (1024K)]
  0x00000202c6d53e20 JavaThread "Attach Listener"            daemon [_thread_blocked, id=37160, stack(0x00000022aeb00000,0x00000022aec00000) (1024K)]
  0x00000202c6d56890 JavaThread "Service Thread"             daemon [_thread_blocked, id=33224, stack(0x00000022aec00000,0x00000022aed00000) (1024K)]
  0x00000202c6d572f0 JavaThread "Monitor Deflation Thread"   daemon [_thread_blocked, id=5260, stack(0x00000022aed00000,0x00000022aee00000) (1024K)]
=>0x00000202c6d5b0a0 JavaThread "C2 CompilerThread0"         daemon [_thread_in_native, id=2928, stack(0x00000022aee00000,0x00000022aef00000) (1024K)]
  0x00000202c6d619f0 JavaThread "C1 CompilerThread0"         daemon [_thread_blocked, id=30288, stack(0x00000022aef00000,0x00000022af000000) (1024K)]
  0x000002030c191f90 JavaThread "Common-Cleaner"             daemon [_thread_blocked, id=36768, stack(0x00000022af000000,0x00000022af100000) (1024K)]
  0x000002030c21b830 JavaThread "Notification Thread"        daemon [_thread_blocked, id=32712, stack(0x00000022af100000,0x00000022af200000) (1024K)]
  0x000002030d99c620 JavaThread "Daemon health stats"               [_thread_blocked, id=34364, stack(0x00000022af600000,0x00000022af700000) (1024K)]
  0x000002030d908ce0 JavaThread "Incoming local TCP Connector on port 51759"        [_thread_in_native, id=13188, stack(0x00000022afa00000,0x00000022afb00000) (1024K)]
  0x000002030dd51f00 JavaThread "Daemon periodic checks"            [_thread_blocked, id=8640, stack(0x00000022afb00000,0x00000022afc00000) (1024K)]
  0x000002030dc73ce0 JavaThread "Daemon"                            [_thread_blocked, id=36540, stack(0x00000022afc00000,0x00000022afd00000) (1024K)]
  0x000002030dc3fc00 JavaThread "Handler for socket connection from /127.0.0.1:51759 to /127.0.0.1:51760"        [_thread_in_native, id=35996, stack(0x00000022afd00000,0x00000022afe00000) (1024K)]
  0x000002030dcbb630 JavaThread "Cancel handler"                    [_thread_blocked, id=36004, stack(0x00000022afe00000,0x00000022aff00000) (1024K)]
  0x000002030dcba280 JavaThread "Daemon worker"                     [_thread_in_Java, id=36012, stack(0x00000022aff00000,0x00000022b0000000) (1024K)]
  0x000002030dcb9560 JavaThread "Asynchronous log dispatcher for DefaultDaemonConnection: socket connection from /127.0.0.1:51759 to /127.0.0.1:51760"        [_thread_blocked, id=36008, stack(0x00000022b0000000,0x00000022b0100000) (1024K)]
  0x000002030dcba910 JavaThread "Stdin handler"                     [_thread_blocked, id=36020, stack(0x00000022b0100000,0x00000022b0200000) (1024K)]
  0x000002030dcbbcc0 JavaThread "Daemon client event forwarder"        [_thread_blocked, id=34548, stack(0x00000022b0200000,0x00000022b0300000) (1024K)]
  0x000002030dcbafa0 JavaThread "Cache worker for journal cache (C:\Users\NAGARAJU\.gradle\caches\journal-1)"        [_thread_blocked, id=37180, stack(0x00000022b0300000,0x00000022b0400000) (1024K)]
  0x000002030dcbc350 JavaThread "File lock request listener"        [_thread_in_native, id=32244, stack(0x00000022b0400000,0x00000022b0500000) (1024K)]
  0x000002030dcbc9e0 JavaThread "Cache worker for file hash cache (C:\Users\NAGARAJU\.gradle\caches\8.14.1\fileHashes)"        [_thread_blocked, id=34652, stack(0x00000022b0500000,0x00000022b0600000) (1024K)]
  0x000002030dcb9bf0 JavaThread "File lock release action executor Thread 2"        [_thread_blocked, id=25744, stack(0x00000022add00000,0x00000022ade00000) (1024K)]
Total: 25

Other Threads:
  0x00000202c6d30650 VMThread "VM Thread"                           [id=20448, stack(0x00000022ae700000,0x00000022ae800000) (1024K)]
  0x00000202c6d20520 WatcherThread "VM Periodic Task Thread"        [id=4016, stack(0x00000022ae600000,0x00000022ae700000) (1024K)]
  0x00000202ace8a080 WorkerThread "GC Thread#0"                     [id=25256, stack(0x00000022ae100000,0x00000022ae200000) (1024K)]
  0x000002030c335d90 WorkerThread "GC Thread#1"                     [id=37680, stack(0x00000022af200000,0x00000022af300000) (1024K)]
  0x000002030c2b8e50 WorkerThread "GC Thread#2"                     [id=8312, stack(0x00000022af300000,0x00000022af400000) (1024K)]
  0x000002030c137fc0 WorkerThread "GC Thread#3"                     [id=30500, stack(0x00000022af400000,0x00000022af500000) (1024K)]
  0x000002030c138ff0 WorkerThread "GC Thread#4"                     [id=34352, stack(0x00000022af500000,0x00000022af600000) (1024K)]
  0x000002030d90a690 WorkerThread "GC Thread#5"                     [id=37556, stack(0x00000022af700000,0x00000022af800000) (1024K)]
  0x000002030d96d5c0 WorkerThread "GC Thread#6"                     [id=37424, stack(0x00000022af800000,0x00000022af900000) (1024K)]
  0x000002030d913ac0 WorkerThread "GC Thread#7"                     [id=35608, stack(0x00000022af900000,0x00000022afa00000) (1024K)]
  0x00000202aab0dfe0 ConcurrentGCThread "G1 Main Marker"            [id=16744, stack(0x00000022ae200000,0x00000022ae300000) (1024K)]
  0x00000202aab0e900 WorkerThread "G1 Conc#0"                       [id=12628, stack(0x00000022ae300000,0x00000022ae400000) (1024K)]
  0x00000202c6bf0510 ConcurrentGCThread "G1 Refine#0"               [id=6944, stack(0x00000022ae400000,0x00000022ae500000) (1024K)]
  0x00000202c6bf2a70 ConcurrentGCThread "G1 Service"                [id=19860, stack(0x00000022ae500000,0x00000022ae600000) (1024K)]
Total: 14

Threads with active compile tasks:
C2 CompilerThread0  506550 3544       4       java.lang.invoke.MethodType::makeImpl (109 bytes)
Total: 1

VM state: not at safepoint (normal execution)

VM Mutex/Monitor currently owned by a thread: None

Heap address: 0x0000000700000000, size: 4096 MB, Compressed Oops mode: Zero based, Oop shift amount: 3

CDS archive(s) mapped at: [0x00000202c7000000-0x00000202c7ba0000-0x00000202c7ba0000), size 12189696, SharedBaseAddress: 0x00000202c7000000, ArchiveRelocationMode: 1.
Compressed class space mapped at: 0x00000202c8000000-0x0000020308000000, reserved size: 1073741824
Narrow klass base: 0x00000202c7000000, Narrow klass shift: 0, Narrow klass range: 0x100000000

GC Precious Log:
 CardTable entry size: 512
 Card Set container configuration: InlinePtr #cards 4 size 8 Array Of Cards #cards 16 size 48 Howl #buckets 8 coarsen threshold 3686 Howl Bitmap #cards 512 size 80 coarsen threshold 460 Card regions per heap region 1 cards per card region 4096
 CPUs: 8 total, 8 available
 Memory: 7502M
 Large Page Support: Disabled
 NUMA Support: Disabled
 Compressed Oops: Enabled (Zero based)
 Heap Region Size: 2M
 Heap Min Capacity: 8M
 Heap Initial Capacity: 118M
 Heap Max Capacity: 4G
 Pre-touch: Disabled
 Parallel Workers: 8
 Concurrent Workers: 2
 Concurrent Refinement Workers: 8
 Periodic GC: Disabled

Heap:
 garbage-first heap   total 120832K, used 36989K [0x0000000700000000, 0x0000000800000000)
  region size 2048K, 10 young (20480K), 1 survivors (2048K)
 Metaspace       used 15811K, committed 16256K, reserved 1114112K
  class space    used 2159K, committed 2368K, reserved 1048576K

Heap Regions: E=young(eden), S=young(survivor), O=old, HS=humongous(starts), HC=humongous(continues), CS=collection set, F=free, TAMS=top-at-mark-start, PB=parsable bottom
|   0|0x0000000700000000, 0x0000000700200000, 0x0000000700200000|100%|HS|  |TAMS 0x0000000700000000| PB 0x0000000700000000| Complete 
|   1|0x0000000700200000, 0x0000000700400000, 0x0000000700400000|100%|HC|  |TAMS 0x0000000700200000| PB 0x0000000700200000| Complete 
|   2|0x0000000700400000, 0x0000000700600000, 0x0000000700600000|100%| O|  |TAMS 0x0000000700400000| PB 0x0000000700400000| Untracked 
|   3|0x0000000700600000, 0x0000000700800000, 0x0000000700800000|100%| O|  |TAMS 0x0000000700600000| PB 0x0000000700600000| Untracked 
|   4|0x0000000700800000, 0x0000000700a00000, 0x0000000700a00000|100%| O|  |TAMS 0x0000000700800000| PB 0x0000000700800000| Untracked 
|   5|0x0000000700a00000, 0x0000000700c00000, 0x0000000700c00000|100%| O|  |TAMS 0x0000000700a00000| PB 0x0000000700a00000| Untracked 
|   6|0x0000000700c00000, 0x0000000700e00000, 0x0000000700e00000|100%| O|  |TAMS 0x0000000700c00000| PB 0x0000000700c00000| Untracked 
|   7|0x0000000700e00000, 0x0000000701000000, 0x0000000701000000|100%| O|  |TAMS 0x0000000700e00000| PB 0x0000000700e00000| Untracked 
|   8|0x0000000701000000, 0x0000000701200000, 0x0000000701200000|100%| O|  |TAMS 0x0000000701000000| PB 0x0000000701000000| Untracked 
|   9|0x0000000701200000, 0x0000000701400000, 0x0000000701400000|100%| O|  |TAMS 0x0000000701200000| PB 0x0000000701200000| Untracked 
|  10|0x0000000701400000, 0x000000070158f8b0, 0x0000000701600000| 78%| O|  |TAMS 0x0000000701400000| PB 0x0000000701400000| Untracked 
|  11|0x0000000701600000, 0x0000000701600000, 0x0000000701800000|  0%| F|  |TAMS 0x0000000701600000| PB 0x0000000701600000| Untracked 
|  12|0x0000000701800000, 0x0000000701800000, 0x0000000701a00000|  0%| F|  |TAMS 0x0000000701800000| PB 0x0000000701800000| Untracked 
|  13|0x0000000701a00000, 0x0000000701a00000, 0x0000000701c00000|  0%| F|  |TAMS 0x0000000701a00000| PB 0x0000000701a00000| Untracked 
|  14|0x0000000701c00000, 0x0000000701c00000, 0x0000000701e00000|  0%| F|  |TAMS 0x0000000701c00000| PB 0x0000000701c00000| Untracked 
|  15|0x0000000701e00000, 0x0000000701e00000, 0x0000000702000000|  0%| F|  |TAMS 0x0000000701e00000| PB 0x0000000701e00000| Untracked 
|  16|0x0000000702000000, 0x0000000702000000, 0x0000000702200000|  0%| F|  |TAMS 0x0000000702000000| PB 0x0000000702000000| Untracked 
|  17|0x0000000702200000, 0x0000000702200000, 0x0000000702400000|  0%| F|  |TAMS 0x0000000702200000| PB 0x0000000702200000| Untracked 
|  18|0x0000000702400000, 0x0000000702400000, 0x0000000702600000|  0%| F|  |TAMS 0x0000000702400000| PB 0x0000000702400000| Untracked 
|  19|0x0000000702600000, 0x0000000702600000, 0x0000000702800000|  0%| F|  |TAMS 0x0000000702600000| PB 0x0000000702600000| Untracked 
|  20|0x0000000702800000, 0x0000000702800000, 0x0000000702a00000|  0%| F|  |TAMS 0x0000000702800000| PB 0x0000000702800000| Untracked 
|  21|0x0000000702a00000, 0x0000000702a00000, 0x0000000702c00000|  0%| F|  |TAMS 0x0000000702a00000| PB 0x0000000702a00000| Untracked 
|  22|0x0000000702c00000, 0x0000000702c00000, 0x0000000702e00000|  0%| F|  |TAMS 0x0000000702c00000| PB 0x0000000702c00000| Untracked 
|  23|0x0000000702e00000, 0x0000000702e00000, 0x0000000703000000|  0%| F|  |TAMS 0x0000000702e00000| PB 0x0000000702e00000| Untracked 
|  24|0x0000000703000000, 0x0000000703000000, 0x0000000703200000|  0%| F|  |TAMS 0x0000000703000000| PB 0x0000000703000000| Untracked 
|  25|0x0000000703200000, 0x0000000703200000, 0x0000000703400000|  0%| F|  |TAMS 0x0000000703200000| PB 0x0000000703200000| Untracked 
|  26|0x0000000703400000, 0x0000000703400000, 0x0000000703600000|  0%| F|  |TAMS 0x0000000703400000| PB 0x0000000703400000| Untracked 
|  27|0x0000000703600000, 0x0000000703600000, 0x0000000703800000|  0%| F|  |TAMS 0x0000000703600000| PB 0x0000000703600000| Untracked 
|  28|0x0000000703800000, 0x0000000703800000, 0x0000000703a00000|  0%| F|  |TAMS 0x0000000703800000| PB 0x0000000703800000| Untracked 
|  29|0x0000000703a00000, 0x0000000703a00000, 0x0000000703c00000|  0%| F|  |TAMS 0x0000000703a00000| PB 0x0000000703a00000| Untracked 
|  30|0x0000000703c00000, 0x0000000703c00000, 0x0000000703e00000|  0%| F|  |TAMS 0x0000000703c00000| PB 0x0000000703c00000| Untracked 
|  31|0x0000000703e00000, 0x0000000703e00000, 0x0000000704000000|  0%| F|  |TAMS 0x0000000703e00000| PB 0x0000000703e00000| Untracked 
|  32|0x0000000704000000, 0x0000000704000000, 0x0000000704200000|  0%| F|  |TAMS 0x0000000704000000| PB 0x0000000704000000| Untracked 
|  33|0x0000000704200000, 0x0000000704200000, 0x0000000704400000|  0%| F|  |TAMS 0x0000000704200000| PB 0x0000000704200000| Untracked 
|  34|0x0000000704400000, 0x0000000704400000, 0x0000000704600000|  0%| F|  |TAMS 0x0000000704400000| PB 0x0000000704400000| Untracked 
|  35|0x0000000704600000, 0x0000000704600000, 0x0000000704800000|  0%| F|  |TAMS 0x0000000704600000| PB 0x0000000704600000| Untracked 
|  36|0x0000000704800000, 0x0000000704800000, 0x0000000704a00000|  0%| F|  |TAMS 0x0000000704800000| PB 0x0000000704800000| Untracked 
|  37|0x0000000704a00000, 0x0000000704a00000, 0x0000000704c00000|  0%| F|  |TAMS 0x0000000704a00000| PB 0x0000000704a00000| Untracked 
|  38|0x0000000704c00000, 0x0000000704c00000, 0x0000000704e00000|  0%| F|  |TAMS 0x0000000704c00000| PB 0x0000000704c00000| Untracked 
|  39|0x0000000704e00000, 0x0000000704e00000, 0x0000000705000000|  0%| F|  |TAMS 0x0000000704e00000| PB 0x0000000704e00000| Untracked 
|  40|0x0000000705000000, 0x0000000705000000, 0x0000000705200000|  0%| F|  |TAMS 0x0000000705000000| PB 0x0000000705000000| Untracked 
|  41|0x0000000705200000, 0x0000000705200000, 0x0000000705400000|  0%| F|  |TAMS 0x0000000705200000| PB 0x0000000705200000| Untracked 
|  42|0x0000000705400000, 0x0000000705400000, 0x0000000705600000|  0%| F|  |TAMS 0x0000000705400000| PB 0x0000000705400000| Untracked 
|  43|0x0000000705600000, 0x0000000705600000, 0x0000000705800000|  0%| F|  |TAMS 0x0000000705600000| PB 0x0000000705600000| Untracked 
|  44|0x0000000705800000, 0x0000000705800000, 0x0000000705a00000|  0%| F|  |TAMS 0x0000000705800000| PB 0x0000000705800000| Untracked 
|  45|0x0000000705a00000, 0x0000000705a00000, 0x0000000705c00000|  0%| F|  |TAMS 0x0000000705a00000| PB 0x0000000705a00000| Untracked 
|  46|0x0000000705c00000, 0x0000000705c00000, 0x0000000705e00000|  0%| F|  |TAMS 0x0000000705c00000| PB 0x0000000705c00000| Untracked 
|  47|0x0000000705e00000, 0x0000000705e00000, 0x0000000706000000|  0%| F|  |TAMS 0x0000000705e00000| PB 0x0000000705e00000| Untracked 
|  48|0x0000000706000000, 0x0000000706000000, 0x0000000706200000|  0%| F|  |TAMS 0x0000000706000000| PB 0x0000000706000000| Untracked 
|  49|0x0000000706200000, 0x000000070625da70, 0x0000000706400000| 18%| E|  |TAMS 0x0000000706200000| PB 0x0000000706200000| Complete 
|  50|0x0000000706400000, 0x0000000706600000, 0x0000000706600000|100%| E|CS|TAMS 0x0000000706400000| PB 0x0000000706400000| Complete 
|  51|0x0000000706600000, 0x0000000706800000, 0x0000000706800000|100%| E|CS|TAMS 0x0000000706600000| PB 0x0000000706600000| Complete 
|  52|0x0000000706800000, 0x0000000706a00000, 0x0000000706a00000|100%| E|CS|TAMS 0x0000000706800000| PB 0x0000000706800000| Complete 
|  53|0x0000000706a00000, 0x0000000706c00000, 0x0000000706c00000|100%| E|CS|TAMS 0x0000000706a00000| PB 0x0000000706a00000| Complete 
|  54|0x0000000706c00000, 0x0000000706e00000, 0x0000000706e00000|100%| E|CS|TAMS 0x0000000706c00000| PB 0x0000000706c00000| Complete 
|  55|0x0000000706e00000, 0x0000000707000000, 0x0000000707000000|100%| E|CS|TAMS 0x0000000706e00000| PB 0x0000000706e00000| Complete 
|  56|0x0000000707000000, 0x0000000707200000, 0x0000000707200000|100%| E|  |TAMS 0x0000000707000000| PB 0x0000000707000000| Complete 
|  57|0x0000000707200000, 0x000000070728fe00, 0x0000000707400000| 28%| S|CS|TAMS 0x0000000707200000| PB 0x0000000707200000| Complete 
|  58|0x0000000707400000, 0x0000000707600000, 0x0000000707600000|100%| E|CS|TAMS 0x0000000707400000| PB 0x0000000707400000| Complete 

Card table byte_map: [0x00000202bfb40000,0x00000202c0340000] _byte_map_base: 0x00000202bc340000

Marking Bits: (CMBitMap*) 0x00000202ace8b5b0
 Bits: [0x00000202c0340000, 0x00000202c4340000)

Polling page: 0x00000202aac00000

Metaspace:

Usage:
  Non-class:     13.33 MB used.
      Class:      2.11 MB used.
       Both:     15.44 MB used.

Virtual space:
  Non-class space:       64.00 MB reserved,      13.56 MB ( 21%) committed,  1 nodes.
      Class space:        1.00 GB reserved,       2.31 MB ( <1%) committed,  1 nodes.
             Both:        1.06 GB reserved,      15.88 MB (  1%) committed. 

Chunk freelists:
   Non-Class:  2.09 MB
       Class:  13.73 MB
        Both:  15.82 MB

MaxMetaspaceSize: unlimited
CompressedClassSpaceSize: 1.00 GB
Initial GC threshold: 21.00 MB
Current GC threshold: 21.00 MB
CDS: on
 - commit_granule_bytes: 65536.
 - commit_granule_words: 8192.
 - virtual_space_node_default_size: 8388608.
 - enlarge_chunks_in_place: 1.
 - use_allocation_guard: 0.


Internal statistics:

num_allocs_failed_limit: 0.
num_arena_births: 518.
num_arena_deaths: 0.
num_vsnodes_births: 2.
num_vsnodes_deaths: 0.
num_space_committed: 254.
num_space_uncommitted: 0.
num_chunks_returned_to_freelist: 0.
num_chunks_taken_from_freelist: 1035.
num_chunk_merges: 0.
num_chunk_splits: 686.
num_chunks_enlarged: 484.
num_inconsistent_stats: 0.

CodeHeap 'non-profiled nmethods': size=120000Kb used=1890Kb max_used=1890Kb free=118109Kb
 bounds [0x00000202b7ae0000, 0x00000202b7d50000, 0x00000202bf010000]
CodeHeap 'profiled nmethods': size=120000Kb used=6875Kb max_used=6875Kb free=113124Kb
 bounds [0x00000202b0010000, 0x00000202b06d0000, 0x00000202b7540000]
CodeHeap 'non-nmethods': size=5760Kb used=1398Kb max_used=1447Kb free=4361Kb
 bounds [0x00000202b7540000, 0x00000202b77b0000, 0x00000202b7ae0000]
CodeCache: size=245760Kb, used=10163Kb, max_used=10212Kb, free=235594Kb
 total_blobs=4074, nmethods=3517, adapters=461, full_count=0
Compilation: enabled, stopped_count=0, restarted_count=0

Compilation events (20 events):
Event: 502.425 Thread 0x00000202c6d619f0 nmethod 3537 0x00000202b06bdb90 code [0x00000202b06bdda0, 0x00000202b06be208]
Event: 502.425 Thread 0x00000202c6d619f0 3538       3       java.lang.invoke.MethodHandles$Lookup::resolveOrFail (48 bytes)
Event: 502.428 Thread 0x00000202c6d619f0 nmethod 3538 0x00000202b06be390 code [0x00000202b06be5e0, 0x00000202b06bec98]
Event: 502.428 Thread 0x00000202c6d619f0 3539       3       java.lang.invoke.MethodHandles$Lookup::checkMethodName (45 bytes)
Event: 502.430 Thread 0x00000202c6d619f0 nmethod 3539 0x00000202b06bef90 code [0x00000202b06bf1e0, 0x00000202b06bf8a8]
Event: 502.819 Thread 0x00000202c6d5b0a0 3540       4       jdk.internal.perf.PerfCounter::addElapsedTimeFrom (10 bytes)
Event: 502.839 Thread 0x00000202c6d5b0a0 nmethod 3540 0x00000202b7cb7f10 code [0x00000202b7cb80a0, 0x00000202b7cb8330]
Event: 502.856 Thread 0x00000202c6d619f0 3541       3       jdk.internal.reflect.ReflectionFactory::useMethodHandleAccessor (18 bytes)
Event: 502.856 Thread 0x00000202c6d619f0 nmethod 3541 0x00000202b06bfb90 code [0x00000202b06bfd40, 0x00000202b06bfec0]
Event: 502.857 Thread 0x00000202c6d619f0 3542       3       jdk.internal.reflect.MethodHandleAccessorFactory::useNativeAccessor (86 bytes)
Event: 502.858 Thread 0x00000202c6d619f0 nmethod 3542 0x00000202b06bff90 code [0x00000202b06c0200, 0x00000202b06c0bd0]
Event: 502.860 Thread 0x00000202c6d5b0a0 3544       4       java.lang.invoke.MethodType::makeImpl (109 bytes)
Event: 503.254 Thread 0x00000202c6d619f0 3546       3       java.lang.invoke.LambdaFormBuffer::endEdit (313 bytes)
Event: 503.256 Thread 0x00000202c6d619f0 nmethod 3546 0x00000202b06c0e90 code [0x00000202b06c1100, 0x00000202b06c1ec0]
Event: 503.256 Thread 0x00000202c6d619f0 3547       3       java.lang.invoke.LambdaFormBuffer::replaceName (124 bytes)
Event: 503.256 Thread 0x00000202c6d619f0 nmethod 3547 0x00000202b06c2290 code [0x00000202b06c2440, 0x00000202b06c2600]
Event: 503.686 Thread 0x00000202c6d619f0 3549       3       jdk.internal.org.objectweb.asm.ClassWriter::visitSource (39 bytes)
Event: 503.735 Thread 0x00000202c6d619f0 nmethod 3549 0x00000202b06c2710 code [0x00000202b06c2900, 0x00000202b06c2d88]
Event: 503.735 Thread 0x00000202c6d619f0 3550       3       java.lang.invoke.InvokerBytecodeGenerator$ClassData::<init> (20 bytes)
Event: 503.735 Thread 0x00000202c6d619f0 nmethod 3550 0x00000202b06c2f10 code [0x00000202b06c30c0, 0x00000202b06c3358]

GC Heap History (12 events):
Event: 2.390 GC heap before
{Heap before GC invocations=0 (full 0):
 garbage-first heap   total 120832K, used 22528K [0x0000000700000000, 0x0000000800000000)
  region size 2048K, 11 young (22528K), 0 survivors (0K)
 Metaspace       used 889K, committed 1024K, reserved 1114112K
  class space    used 71K, committed 128K, reserved 1048576K
}
Event: 2.577 GC heap after
{Heap after GC invocations=1 (full 0):
 garbage-first heap   total 120832K, used 1536K [0x0000000700000000, 0x0000000800000000)
  region size 2048K, 1 young (2048K), 1 survivors (2048K)
 Metaspace       used 889K, committed 1024K, reserved 1114112K
  class space    used 71K, committed 128K, reserved 1048576K
}
Event: 7.545 GC heap before
{Heap before GC invocations=1 (full 0):
 garbage-first heap   total 120832K, used 42496K [0x0000000700000000, 0x0000000800000000)
  region size 2048K, 20 young (40960K), 1 survivors (2048K)
 Metaspace       used 4408K, committed 4608K, reserved 1114112K
  class space    used 556K, committed 640K, reserved 1048576K
}
Event: 7.555 GC heap after
{Heap after GC invocations=2 (full 0):
 garbage-first heap   total 120832K, used 11748K [0x0000000700000000, 0x0000000800000000)
  region size 2048K, 3 young (6144K), 3 survivors (6144K)
 Metaspace       used 4408K, committed 4608K, reserved 1114112K
  class space    used 556K, committed 640K, reserved 1048576K
}
Event: 14.791 GC heap before
{Heap before GC invocations=2 (full 0):
 garbage-first heap   total 120832K, used 73188K [0x0000000700000000, 0x0000000800000000)
  region size 2048K, 34 young (69632K), 3 survivors (6144K)
 Metaspace       used 8556K, committed 8896K, reserved 1114112K
  class space    used 1176K, committed 1344K, reserved 1048576K
}
Event: 14.803 GC heap after
{Heap after GC invocations=3 (full 0):
 garbage-first heap   total 120832K, used 19596K [0x0000000700000000, 0x0000000800000000)
  region size 2048K, 4 young (8192K), 4 survivors (8192K)
 Metaspace       used 8556K, committed 8896K, reserved 1114112K
  class space    used 1176K, committed 1344K, reserved 1048576K
}
Event: 171.917 GC heap before
{Heap before GC invocations=3 (full 0):
 garbage-first heap   total 120832K, used 83084K [0x0000000700000000, 0x0000000800000000)
  region size 2048K, 35 young (71680K), 4 survivors (8192K)
 Metaspace       used 15456K, committed 15872K, reserved 1114112K
  class space    used 2120K, committed 2304K, reserved 1048576K
}
Event: 172.269 GC heap after
{Heap after GC invocations=4 (full 0):
 garbage-first heap   total 120832K, used 22328K [0x0000000700000000, 0x0000000800000000)
  region size 2048K, 2 young (4096K), 2 survivors (4096K)
 Metaspace       used 15456K, committed 15872K, reserved 1114112K
  class space    used 2120K, committed 2304K, reserved 1048576K
}
Event: 395.171 GC heap before
{Heap before GC invocations=4 (full 0):
 garbage-first heap   total 120832K, used 57144K [0x0000000700000000, 0x0000000800000000)
  region size 2048K, 19 young (38912K), 2 survivors (4096K)
 Metaspace       used 15553K, committed 15936K, reserved 1114112K
  class space    used 2121K, committed 2304K, reserved 1048576K
}
Event: 395.989 GC heap after
{Heap after GC invocations=5 (full 0):
 garbage-first heap   total 120832K, used 22297K [0x0000000700000000, 0x0000000800000000)
  region size 2048K, 2 young (4096K), 2 survivors (4096K)
 Metaspace       used 15553K, committed 15936K, reserved 1114112K
  class space    used 2121K, committed 2304K, reserved 1048576K
}
Event: 404.711 GC heap before
{Heap before GC invocations=5 (full 0):
 garbage-first heap   total 120832K, used 24345K [0x0000000700000000, 0x0000000800000000)
  region size 2048K, 3 young (6144K), 2 survivors (4096K)
 Metaspace       used 15554K, committed 15936K, reserved 1114112K
  class space    used 2121K, committed 2304K, reserved 1048576K
}
Event: 404.717 GC heap after
{Heap after GC invocations=6 (full 0):
 garbage-first heap   total 120832K, used 22653K [0x0000000700000000, 0x0000000800000000)
  region size 2048K, 1 young (2048K), 1 survivors (2048K)
 Metaspace       used 15554K, committed 15936K, reserved 1114112K
  class space    used 2121K, committed 2304K, reserved 1048576K
}

Dll operation events (20 events):
Event: 0.733 Attempting to load shared library C:\Users\NAGARAJU\.antigravity-ide\extensions\redhat.java-1.56.0-win32-x64\jre\21.0.12.1-win32-x86_64\bin\nio.dll
Event: 0.737 Loaded shared library C:\Users\NAGARAJU\.antigravity-ide\extensions\redhat.java-1.56.0-win32-x64\jre\21.0.12.1-win32-x86_64\bin\nio.dll
Event: 0.750 Attempting to load shared library C:\Users\NAGARAJU\.antigravity-ide\extensions\redhat.java-1.56.0-win32-x64\jre\21.0.12.1-win32-x86_64\bin\zip.dll
Event: 0.750 Loaded shared library C:\Users\NAGARAJU\.antigravity-ide\extensions\redhat.java-1.56.0-win32-x64\jre\21.0.12.1-win32-x86_64\bin\zip.dll
Event: 2.595 Attempting to load shared library C:\Users\NAGARAJU\.antigravity-ide\extensions\redhat.java-1.56.0-win32-x64\jre\21.0.12.1-win32-x86_64\bin\jimage.dll
Event: 2.595 Loaded shared library C:\Users\NAGARAJU\.antigravity-ide\extensions\redhat.java-1.56.0-win32-x64\jre\21.0.12.1-win32-x86_64\bin\jimage.dll
Event: 3.298 Attempting to load shared library C:\Users\NAGARAJU\.antigravity-ide\extensions\redhat.java-1.56.0-win32-x64\jre\21.0.12.1-win32-x86_64\bin\verify.dll
Event: 3.301 Loaded shared library C:\Users\NAGARAJU\.antigravity-ide\extensions\redhat.java-1.56.0-win32-x64\jre\21.0.12.1-win32-x86_64\bin\verify.dll
Event: 3.685 Attempting to load shared library C:\Users\NAGARAJU\.gradle\native\1def1411415f61bf3af743bc5b6707747c0891f09f0c88961ee8f79bc544acac\windows-amd64\native-platform.dll
Event: 3.688 Loaded shared library C:\Users\NAGARAJU\.gradle\native\1def1411415f61bf3af743bc5b6707747c0891f09f0c88961ee8f79bc544acac\windows-amd64\native-platform.dll
Event: 3.758 Attempting to load shared library C:\Users\NAGARAJU\.gradle\native\0.2.7\x86_64-windows-gnu\gradle-fileevents.dll
Event: 3.765 Loaded shared library C:\Users\NAGARAJU\.gradle\native\0.2.7\x86_64-windows-gnu\gradle-fileevents.dll
Event: 13.777 Attempting to load shared library C:\Users\NAGARAJU\.antigravity-ide\extensions\redhat.java-1.56.0-win32-x64\jre\21.0.12.1-win32-x86_64\bin\management.dll
Event: 13.780 Loaded shared library C:\Users\NAGARAJU\.antigravity-ide\extensions\redhat.java-1.56.0-win32-x64\jre\21.0.12.1-win32-x86_64\bin\management.dll
Event: 13.786 Attempting to load shared library C:\Users\NAGARAJU\.antigravity-ide\extensions\redhat.java-1.56.0-win32-x64\jre\21.0.12.1-win32-x86_64\bin\management_ext.dll
Event: 13.792 Loaded shared library C:\Users\NAGARAJU\.antigravity-ide\extensions\redhat.java-1.56.0-win32-x64\jre\21.0.12.1-win32-x86_64\bin\management_ext.dll
Event: 14.366 Attempting to load shared library C:\Users\NAGARAJU\.antigravity-ide\extensions\redhat.java-1.56.0-win32-x64\jre\21.0.12.1-win32-x86_64\bin\extnet.dll
Event: 14.369 Loaded shared library C:\Users\NAGARAJU\.antigravity-ide\extensions\redhat.java-1.56.0-win32-x64\jre\21.0.12.1-win32-x86_64\bin\extnet.dll
Event: 15.171 Attempting to load shared library C:\Users\NAGARAJU\.antigravity-ide\extensions\redhat.java-1.56.0-win32-x64\jre\21.0.12.1-win32-x86_64\bin\sunmscapi.dll
Event: 15.224 Loaded shared library C:\Users\NAGARAJU\.antigravity-ide\extensions\redhat.java-1.56.0-win32-x64\jre\21.0.12.1-win32-x86_64\bin\sunmscapi.dll

Deoptimization events (20 events):
Event: 162.802 Thread 0x000002030dcbc350 Uncommon trap: trap_request=0xffffff45 fr.pc=0x00000202b7c939b0 relative=0x0000000000000570
Event: 162.802 Thread 0x000002030dcbc350 Uncommon trap: reason=unstable_if action=reinterpret pc=0x00000202b7c939b0 method=java.util.concurrent.locks.AbstractQueuedSynchronizer.acquire(Ljava/util/concurrent/locks/AbstractQueuedSynchronizer$Node;IZZZJ)I @ 26 c2
Event: 162.802 Thread 0x000002030dcbc350 DEOPT PACKING pc=0x00000202b7c939b0 sp=0x00000022b04fec60
Event: 162.802 Thread 0x000002030dcbc350 DEOPT UNPACKING pc=0x00000202b7594422 sp=0x00000022b04fec08 mode 2
Event: 255.127 Thread 0x000002030dd51f00 Uncommon trap: trap_request=0xffffff45 fr.pc=0x00000202b7c9e314 relative=0x0000000000000074
Event: 255.127 Thread 0x000002030dd51f00 Uncommon trap: reason=unstable_if action=reinterpret pc=0x00000202b7c9e314 method=org.gradle.launcher.daemon.registry.PersistentDaemonRegistry$1.isSatisfiedBy(Lorg/gradle/launcher/daemon/registry/DaemonInfo;)Z @ 7 c2
Event: 255.127 Thread 0x000002030dd51f00 DEOPT PACKING pc=0x00000202b7c9e314 sp=0x00000022afbfecf0
Event: 255.129 Thread 0x000002030dd51f00 DEOPT UNPACKING pc=0x00000202b7594422 sp=0x00000022afbfec20 mode 2
Event: 494.223 Thread 0x000002030dcba280 Uncommon trap: trap_request=0xffffff45 fr.pc=0x00000202b7c9fdb0 relative=0x00000000000003f0
Event: 494.223 Thread 0x000002030dcba280 Uncommon trap: reason=unstable_if action=reinterpret pc=0x00000202b7c9fdb0 method=java.util.concurrent.locks.AbstractQueuedSynchronizer.acquire(Ljava/util/concurrent/locks/AbstractQueuedSynchronizer$Node;IZZZJ)I @ 150 c2
Event: 494.224 Thread 0x000002030dcba280 DEOPT PACKING pc=0x00000202b7c9fdb0 sp=0x00000022afffb520
Event: 494.225 Thread 0x000002030dcba280 DEOPT UNPACKING pc=0x00000202b7594422 sp=0x00000022afffb4c8 mode 2
Event: 499.201 Thread 0x000002030dcba280 Uncommon trap: trap_request=0xffffff45 fr.pc=0x00000202b7caa44c relative=0x00000000000000ac
Event: 499.319 Thread 0x000002030dcba280 Uncommon trap: reason=unstable_if action=reinterpret pc=0x00000202b7caa44c method=sun.nio.ch.FileLockTable.checkList(Ljava/util/List;JJ)V @ 36 c2
Event: 499.320 Thread 0x000002030dcba280 DEOPT PACKING pc=0x00000202b7caa44c sp=0x00000022afffb400
Event: 499.323 Thread 0x000002030dcba280 DEOPT UNPACKING pc=0x00000202b7594422 sp=0x00000022afffb368 mode 2
Event: 499.349 Thread 0x000002030dcba280 Uncommon trap: trap_request=0xffffff45 fr.pc=0x00000202b7ca918c relative=0x0000000000000a4c
Event: 499.350 Thread 0x000002030dcba280 Uncommon trap: reason=unstable_if action=reinterpret pc=0x00000202b7ca918c method=sun.nio.ch.FileLockTable.remove(Ljava/nio/channels/FileLock;)V @ 81 c2
Event: 499.350 Thread 0x000002030dcba280 DEOPT PACKING pc=0x00000202b7ca918c sp=0x00000022afffb7e0
Event: 499.351 Thread 0x000002030dcba280 DEOPT UNPACKING pc=0x00000202b7594422 sp=0x00000022afffb788 mode 2

Classes loaded (20 events):
Event: 17.695 Loading class java/util/concurrent/locks/ReentrantLock$FairSync
Event: 17.695 Loading class java/util/concurrent/locks/ReentrantLock$FairSync done
Event: 17.737 Loading class java/net/DatagramPacket
Event: 17.738 Loading class java/net/DatagramPacket done
Event: 17.743 Loading class sun/nio/ch/DatagramChannelImpl$DatagramPackets
Event: 17.745 Loading class sun/nio/ch/DatagramChannelImpl$DatagramPackets done
Event: 25.127 Loading class java/util/concurrent/LinkedBlockingDeque$Itr
Event: 25.128 Loading class java/util/concurrent/LinkedBlockingDeque$AbstractItr
Event: 25.133 Loading class java/util/concurrent/LinkedBlockingDeque$AbstractItr done
Event: 25.133 Loading class java/util/concurrent/LinkedBlockingDeque$Itr done
Event: 25.144 Loading class java/util/LinkedList$ListItr
Event: 25.144 Loading class java/util/LinkedList$ListItr done
Event: 501.056 Loading class sun/security/provider/MD5
Event: 501.141 Loading class sun/security/provider/MD5 done
Event: 501.427 Loading class sun/security/provider/SHA5$SHA512
Event: 501.439 Loading class sun/security/provider/SHA5
Event: 501.453 Loading class sun/security/provider/SHA5 done
Event: 501.453 Loading class sun/security/provider/SHA5$SHA512 done
Event: 501.778 Loading class sun/security/provider/ByteArrayAccess$LE
Event: 501.780 Loading class sun/security/provider/ByteArrayAccess$LE done

Classes unloaded (0 events):
No events

Classes redefined (0 events):
No events

Internal exceptions (20 events):
Event: 14.700 Thread 0x00000202ace1e230 Exception <a 'java/lang/NoSuchMethodError'{0x000000070334ed10}: 'java.lang.Object java.lang.invoke.DirectMethodHandle$Holder.invokeStaticInit(java.lang.Object, int, int, int, int)'> (0x000000070334ed10) 
thrown [s\src\hotspot\share\interpreter\linkResolver.cpp, line 773]
Event: 14.769 Thread 0x00000202ace1e230 Exception <a 'java/lang/NoSuchMethodError'{0x00000007033d81d8}: 'java.lang.Object java.lang.invoke.DirectMethodHandle$Holder.invokeStaticInit(java.lang.Object, java.lang.Object, int, int, int, int)'> (0x00000007033d81d8) 
thrown [s\src\hotspot\share\interpreter\linkResolver.cpp, line 773]
Event: 15.045 Thread 0x00000202ace1e230 Exception <a 'java/io/IOException'{0x00000007073a3a30}> (0x00000007073a3a30) 
thrown [s\src\hotspot\share\prims\jni.cpp, line 520]
Event: 15.060 Thread 0x00000202ace1e230 Implicit null exception at 0x00000202b7b41ca4 to 0x00000202b7b4230c
Event: 15.072 Thread 0x00000202ace1e230 Exception <a 'java/lang/NoSuchMethodError'{0x0000000707013c30}: 'java.lang.Object java.lang.invoke.DirectMethodHandle$Holder.newInvokeSpecial(java.lang.Object, java.lang.Object, java.lang.Object, java.lang.Object, java.lang.Object)'> (0x0000000707013c30) 
thrown [s\src\hotspot\share\interpreter\linkResolver.cpp, line 773]
Event: 15.929 Thread 0x000002030dc73ce0 Implicit null exception at 0x00000202b7bfc772 to 0x00000202b7bfd620
Event: 15.982 Thread 0x000002030dc73ce0 Exception <a 'java/lang/NoSuchMethodError'{0x0000000706a233d0}: 'void java.lang.invoke.DirectMethodHandle$Holder.invokeSpecial(java.lang.Object, java.lang.Object, java.lang.Object)'> (0x0000000706a233d0) 
thrown [s\src\hotspot\share\interpreter\linkResolver.cpp, line 773]
Event: 16.219 Thread 0x000002030dcba280 Exception <a 'java/lang/NoSuchMethodError'{0x000000070674d5e0}: 'long java.lang.invoke.DirectMethodHandle$Holder.invokeInterface(java.lang.Object, java.lang.Object)'> (0x000000070674d5e0) 
thrown [s\src\hotspot\share\interpreter\linkResolver.cpp, line 773]
Event: 16.737 Thread 0x000002030dcba280 Exception <a 'java/lang/NoSuchMethodError'{0x000000070637d858}: 'void java.lang.invoke.DirectMethodHandle$Holder.invokeStatic(java.lang.Object, java.lang.Object)'> (0x000000070637d858) 
thrown [s\src\hotspot\share\interpreter\linkResolver.cpp, line 773]
Event: 16.776 Thread 0x000002030dcba280 Exception <a 'java/lang/NoSuchMethodError'{0x00000007063c2eb0}: 'java.lang.Object java.lang.invoke.DirectMethodHandle$Holder.invokeVirtual(java.lang.Object, java.lang.Object, java.lang.Object, java.lang.Object, java.lang.Object, java.lang.Object, java.lang.Object, java.lang.Object, java.lang.Object, java.lang.Object, java.lang.Object, java.lang.Object)'> (0x00000007063c2eb0) 
thrown [s\src\hotspot\share\interpreter\linkResolver.cpp, line 773]
Event: 16.777 Thread 0x000002030dcba280 Exception <a 'java/lang/NoSuchMethodError'{0x00000007063c8000}: 'java.lang.Object java.lang.invoke.DirectMethodHandle$Holder.invokeSpecial(java.lang.Object, java.lang.Object, java.lang.Object, java.lang.Object, java.lang.Object, java.lang.Object, java.lang.Object, java.lang.Object, java.lang.Object, java.lang.Object, java.lang.Object, java.lang.Object, java.lang.Object)'> (0x00000007063c8000) 
thrown [s\src\hotspot\share\interpreter\linkResolver.cpp, line 773]
Event: 16.921 Thread 0x000002030dcba280 Exception <a 'java/lang/NoSuchMethodError'{0x0000000705e294f0}: 'int java.lang.invoke.DirectMethodHandle$Holder.invokeVirtual(java.lang.Object, java.lang.Object, java.lang.Object)'> (0x0000000705e294f0) 
thrown [s\src\hotspot\share\interpreter\linkResolver.cpp, line 773]
Event: 17.044 Thread 0x000002030dcba280 Exception <a 'java/lang/NoSuchMethodError'{0x0000000705c9e0d0}: 'java.lang.Object java.lang.invoke.DirectMethodHandle$Holder.newInvokeSpecial(java.lang.Object, java.lang.Object, java.lang.Object, java.lang.Object, java.lang.Object, java.lang.Object)'> (0x0000000705c9e0d0) 
thrown [s\src\hotspot\share\interpreter\linkResolver.cpp, line 773]
Event: 17.206 Thread 0x000002030dcba280 Exception <a 'java/lang/NoSuchMethodError'{0x0000000705b6f098}: 'void java.lang.invoke.DelegatingMethodHandle$Holder.reinvoke_L(java.lang.Object, java.lang.Object, java.lang.Object, java.lang.Object, java.lang.Object, java.lang.Object, java.lang.Object, java.lang.Object, java.lang.Object, java.lang.Object)'> (0x0000000705b6f098) 
thrown [s\src\hotspot\share\interpreter\linkResolver.cpp, line 773]
Event: 17.207 Thread 0x000002030dcba280 Exception <a 'java/lang/NoSuchMethodError'{0x0000000705b76b78}: 'java.lang.Object java.lang.invoke.Invokers$Holder.invoker(java.lang.Object, java.lang.Object, java.lang.Object, java.lang.Object, java.lang.Object, java.lang.Object, java.lang.Object, java.lang.Object, java.lang.Object, java.lang.Object)'> (0x0000000705b76b78) 
thrown [s\src\hotspot\share\interpreter\linkResolver.cpp, line 773]
Event: 17.616 Thread 0x000002030dcba280 Exception <a 'java/lang/NoSuchMethodError'{0x00000007055baea8}: 'void java.lang.invoke.DirectMethodHandle$Holder.invokeInterface(java.lang.Object, java.lang.Object)'> (0x00000007055baea8) 
thrown [s\src\hotspot\share\interpreter\linkResolver.cpp, line 773]
Event: 17.616 Thread 0x000002030dcba280 Exception <a 'java/lang/IncompatibleClassChangeError'{0x00000007055be428}: Found class java.lang.Object, but interface was expected> (0x00000007055be428) 
thrown [s\src\hotspot\share\interpreter\linkResolver.cpp, line 840]
Event: 17.701 Thread 0x000002030dcba280 Exception <a 'java/lang/NoSuchMethodError'{0x00000007052e58e0}: 'java.lang.Object java.lang.invoke.DirectMethodHandle$Holder.newInvokeSpecial(java.lang.Object, java.lang.Object, int)'> (0x00000007052e58e0) 
thrown [s\src\hotspot\share\interpreter\linkResolver.cpp, line 773]
Event: 162.801 Thread 0x000002030dcbc350 Implicit null exception at 0x00000202b7c93493 to 0x00000202b7c93980
Event: 502.871 Thread 0x000002030dcba280 Exception <a 'java/lang/NoSuchMethodError'{0x0000000706533f58}: 'java.lang.Object java.lang.invoke.DirectMethodHandle$Holder.invokeVirtual(java.lang.Object, java.lang.Object, java.lang.Object, java.lang.Object, java.lang.Object, java.lang.Object, java.lang.Object, java.lang.Object)'> (0x0000000706533f58) 
thrown [s\src\hotspot\share\interpreter\linkResolver.cpp, line 773]

ZGC Phase Switch (0 events):
No events

VM Operations (20 events):
Event: 409.737 Executing safepoint VM operation: Cleanup
Event: 409.737 Executing safepoint VM operation: Cleanup done
Event: 434.952 Executing safepoint VM operation: Cleanup
Event: 434.954 Executing safepoint VM operation: Cleanup done
Event: 446.039 Executing safepoint VM operation: Cleanup
Event: 446.086 Executing safepoint VM operation: Cleanup done
Event: 447.094 Executing safepoint VM operation: Cleanup
Event: 447.094 Executing safepoint VM operation: Cleanup done
Event: 465.279 Executing safepoint VM operation: Cleanup
Event: 465.279 Executing safepoint VM operation: Cleanup done
Event: 473.361 Executing safepoint VM operation: Cleanup
Event: 473.362 Executing safepoint VM operation: Cleanup done
Event: 479.406 Executing safepoint VM operation: Cleanup
Event: 479.424 Executing safepoint VM operation: Cleanup done
Event: 499.584 Executing safepoint VM operation: Cleanup
Event: 499.600 Executing safepoint VM operation: Cleanup done
Event: 501.620 Executing safepoint VM operation: Cleanup
Event: 501.636 Executing safepoint VM operation: Cleanup done
Event: 502.650 Executing safepoint VM operation: Cleanup
Event: 502.681 Executing safepoint VM operation: Cleanup done

Memory protections (0 events):
No events

Nmethod flushes (0 events):
No events

Events (20 events):
Event: 0.262 Thread 0x00000202ace1e230 Thread added: 0x00000202c6d5b0a0
Event: 0.293 Thread 0x00000202ace1e230 Thread added: 0x00000202c6d619f0
Event: 0.642 Thread 0x00000202ace1e230 Thread added: 0x000002030c191f90
Event: 0.867 Thread 0x00000202ace1e230 Thread added: 0x000002030c21b830
Event: 13.892 Thread 0x00000202ace1e230 Thread added: 0x000002030d99c620
Event: 14.832 Thread 0x00000202ace1e230 Thread added: 0x000002030d908ce0
Event: 15.085 Thread 0x00000202ace1e230 Thread added: 0x000002030dd51f00
Event: 15.574 Thread 0x000002030d908ce0 Thread added: 0x000002030dc73ce0
Event: 15.584 Thread 0x000002030dc73ce0 Thread added: 0x000002030dc3fc00
Event: 15.922 Thread 0x000002030dc73ce0 Thread added: 0x000002030dcbb630
Event: 15.983 Thread 0x000002030dc73ce0 Thread added: 0x000002030dcba280
Event: 16.025 Thread 0x000002030dcba280 Thread added: 0x000002030dcb9560
Event: 16.034 Thread 0x000002030dcba280 Thread added: 0x000002030dcba910
Event: 16.039 Thread 0x000002030dcba280 Thread added: 0x000002030dcbbcc0
Event: 17.698 Thread 0x000002030dcba280 Thread added: 0x000002030dcbafa0
Event: 17.735 Thread 0x000002030dcba280 Thread added: 0x000002030dcbc350
Event: 17.806 Thread 0x000002030dcba280 Thread added: 0x000002030dcbc9e0
Event: 22.269 Thread 0x000002030dcbc350 Thread added: 0x000002030dcb9bf0
Event: 82.436 Thread 0x000002030dcb9bf0 Thread exited: 0x000002030dcb9bf0
Event: 499.386 Thread 0x000002030dcbc350 Thread added: 0x000002030dcb9bf0


Dynamic libraries:
0x00007ff6aaf70000 - 0x00007ff6aaf7e000 	C:\Users\NAGARAJU\.antigravity-ide\extensions\redhat.java-1.56.0-win32-x64\jre\21.0.12.1-win32-x86_64\bin\java.exe
0x00007ffba2e60000 - 0x00007ffba30c6000 	C:\WINDOWS\SYSTEM32\ntdll.dll
0x00007ffba16f0000 - 0x00007ffba17b9000 	C:\WINDOWS\System32\KERNEL32.DLL
0x00007ffba01d0000 - 0x00007ffba05cf000 	C:\WINDOWS\System32\KERNELBASE.dll
0x00007ffba0070000 - 0x00007ffba01bc000 	C:\WINDOWS\System32\ucrtbase.dll
0x00007ffb616e0000 - 0x00007ffb616fe000 	C:\Users\NAGARAJU\.antigravity-ide\extensions\redhat.java-1.56.0-win32-x64\jre\21.0.12.1-win32-x86_64\bin\VCRUNTIME140.dll
0x00007ffb616c0000 - 0x00007ffb616d8000 	C:\Users\NAGARAJU\.antigravity-ide\extensions\redhat.java-1.56.0-win32-x64\jre\21.0.12.1-win32-x86_64\bin\jli.dll
0x00007ffba2320000 - 0x00007ffba24e6000 	C:\WINDOWS\System32\USER32.dll
0x00007ffba08a0000 - 0x00007ffba08c7000 	C:\WINDOWS\System32\win32u.dll
0x00007ffba2df0000 - 0x00007ffba2e1b000 	C:\WINDOWS\System32\GDI32.dll
0x00007ffba05e0000 - 0x00007ffba0709000 	C:\WINDOWS\System32\gdi32full.dll
0x00007ffba0ae0000 - 0x00007ffba0b83000 	C:\WINDOWS\System32\msvcp_win.dll
0x00007ffb88780000 - 0x00007ffb88a11000 	C:\WINDOWS\WinSxS\amd64_microsoft.windows.common-controls_6595b64144ccf1df_6.0.26100.8972_none_3e0da176e32f9d4b\COMCTL32.dll
0x00007ffba24f0000 - 0x00007ffba2599000 	C:\WINDOWS\System32\msvcrt.dll
0x00007ffba2150000 - 0x00007ffba2182000 	C:\WINDOWS\System32\IMM32.DLL
0x00007ffb83500000 - 0x00007ffb8350c000 	C:\Users\NAGARAJU\.antigravity-ide\extensions\redhat.java-1.56.0-win32-x64\jre\21.0.12.1-win32-x86_64\bin\vcruntime140_1.dll
0x00007ffb1bac0000 - 0x00007ffb1bb4d000 	C:\Users\NAGARAJU\.antigravity-ide\extensions\redhat.java-1.56.0-win32-x64\jre\21.0.12.1-win32-x86_64\bin\msvcp140.dll
0x00007ffac8530000 - 0x00007ffac92d2000 	C:\Users\NAGARAJU\.antigravity-ide\extensions\redhat.java-1.56.0-win32-x64\jre\21.0.12.1-win32-x86_64\bin\server\jvm.dll
0x00007ffba0d00000 - 0x00007ffba0dbc000 	C:\WINDOWS\System32\ADVAPI32.dll
0x00007ffba28a0000 - 0x00007ffba294a000 	C:\WINDOWS\System32\sechost.dll
0x00007ffba25a0000 - 0x00007ffba26b8000 	C:\WINDOWS\System32\RPCRT4.dll
0x00007ffba1ab0000 - 0x00007ffba1b32000 	C:\WINDOWS\System32\WS2_32.dll
0x00007ffb9fed0000 - 0x00007ffb9ff2e000 	C:\WINDOWS\SYSTEM32\POWRPROF.dll
0x00007ffb99840000 - 0x00007ffb99876000 	C:\WINDOWS\SYSTEM32\WINMM.dll
0x00007ffb99880000 - 0x00007ffb9988b000 	C:\WINDOWS\SYSTEM32\VERSION.dll
0x00007ffb9feb0000 - 0x00007ffb9fec5000 	C:\WINDOWS\SYSTEM32\UMPDC.dll
0x00007ffb9ed60000 - 0x00007ffb9ed7b000 	C:\WINDOWS\SYSTEM32\kernel.appcore.dll
0x00007ffb82eb0000 - 0x00007ffb82eba000 	C:\Users\NAGARAJU\.antigravity-ide\extensions\redhat.java-1.56.0-win32-x64\jre\21.0.12.1-win32-x86_64\bin\jimage.dll
0x00007ffb94900000 - 0x00007ffb94b42000 	C:\WINDOWS\SYSTEM32\DBGHELP.DLL
0x00007ffba2a10000 - 0x00007ffba2d95000 	C:\WINDOWS\System32\combase.dll
0x00007ffba21c0000 - 0x00007ffba2299000 	C:\WINDOWS\System32\OLEAUT32.dll
0x00007ffb81c30000 - 0x00007ffb81c6b000 	C:\WINDOWS\SYSTEM32\dbgcore.DLL
0x00007ffba08d0000 - 0x00007ffba097c000 	C:\WINDOWS\System32\bcryptPrimitives.dll
0x00007ffb65d80000 - 0x00007ffb65d8f000 	C:\Users\NAGARAJU\.antigravity-ide\extensions\redhat.java-1.56.0-win32-x64\jre\21.0.12.1-win32-x86_64\bin\instrument.dll
0x00007ffb5fe50000 - 0x00007ffb5fe70000 	C:\Users\NAGARAJU\.antigravity-ide\extensions\redhat.java-1.56.0-win32-x64\jre\21.0.12.1-win32-x86_64\bin\java.dll
0x00007ffba0f50000 - 0x00007ffba16d8000 	C:\WINDOWS\System32\SHELL32.dll
0x00007ffb9db40000 - 0x00007ffb9e3db000 	C:\WINDOWS\SYSTEM32\windows.storage.dll
0x00007ffba0dd0000 - 0x00007ffba0ec9000 	C:\WINDOWS\System32\SHCORE.dll
0x00007ffba0c90000 - 0x00007ffba0cf6000 	C:\WINDOWS\System32\shlwapi.dll
0x00007ffb9ff90000 - 0x00007ffb9ffb9000 	C:\WINDOWS\SYSTEM32\profapi.dll
0x00007ffb4d020000 - 0x00007ffb4d038000 	C:\Users\NAGARAJU\.antigravity-ide\extensions\redhat.java-1.56.0-win32-x64\jre\21.0.12.1-win32-x86_64\bin\zip.dll
0x00007ffb72940000 - 0x00007ffb72950000 	C:\Users\NAGARAJU\.antigravity-ide\extensions\redhat.java-1.56.0-win32-x64\jre\21.0.12.1-win32-x86_64\bin\net.dll
0x00007ffb95940000 - 0x00007ffb95a68000 	C:\WINDOWS\SYSTEM32\WINHTTP.dll
0x00007ffb9f310000 - 0x00007ffb9f37c000 	C:\WINDOWS\system32\mswsock.dll
0x00007ffb5f9d0000 - 0x00007ffb5f9e6000 	C:\Users\NAGARAJU\.antigravity-ide\extensions\redhat.java-1.56.0-win32-x64\jre\21.0.12.1-win32-x86_64\bin\nio.dll
0x00007ffb62900000 - 0x00007ffb62910000 	C:\Users\NAGARAJU\.antigravity-ide\extensions\redhat.java-1.56.0-win32-x64\jre\21.0.12.1-win32-x86_64\bin\verify.dll
0x00007ffb1ba00000 - 0x00007ffb1ba27000 	C:\Users\NAGARAJU\.gradle\native\1def1411415f61bf3af743bc5b6707747c0891f09f0c88961ee8f79bc544acac\windows-amd64\native-platform.dll
0x00007ffafafa0000 - 0x00007ffafb018000 	C:\Users\NAGARAJU\.gradle\native\0.2.7\x86_64-windows-gnu\gradle-fileevents.dll
0x00007ffb95860000 - 0x00007ffb9586a000 	C:\Users\NAGARAJU\.antigravity-ide\extensions\redhat.java-1.56.0-win32-x64\jre\21.0.12.1-win32-x86_64\bin\management.dll
0x00007ffb831e0000 - 0x00007ffb831ec000 	C:\Users\NAGARAJU\.antigravity-ide\extensions\redhat.java-1.56.0-win32-x64\jre\21.0.12.1-win32-x86_64\bin\management_ext.dll
0x00007ffba1cb0000 - 0x00007ffba1cb8000 	C:\WINDOWS\System32\PSAPI.DLL
0x00007ffb9e6b0000 - 0x00007ffb9e6e3000 	C:\WINDOWS\SYSTEM32\IPHLPAPI.DLL
0x00007ffba16e0000 - 0x00007ffba16ea000 	C:\WINDOWS\System32\NSI.dll
0x00007ffb831d0000 - 0x00007ffb831d9000 	C:\Users\NAGARAJU\.antigravity-ide\extensions\redhat.java-1.56.0-win32-x64\jre\21.0.12.1-win32-x86_64\bin\extnet.dll
0x00007ffb9f600000 - 0x00007ffb9f61b000 	C:\WINDOWS\SYSTEM32\CRYPTSP.dll
0x00007ffb9ecc0000 - 0x00007ffb9ecf9000 	C:\WINDOWS\system32\rsaenh.dll
0x00007ffb9f3c0000 - 0x00007ffb9f3f2000 	C:\WINDOWS\SYSTEM32\USERENV.dll
0x00007ffb9ff60000 - 0x00007ffb9ff8a000 	C:\WINDOWS\SYSTEM32\bcrypt.dll
0x00007ffb9f620000 - 0x00007ffb9f62c000 	C:\WINDOWS\SYSTEM32\CRYPTBASE.dll
0x00007ffb831c0000 - 0x00007ffb831ce000 	C:\Users\NAGARAJU\.antigravity-ide\extensions\redhat.java-1.56.0-win32-x64\jre\21.0.12.1-win32-x86_64\bin\sunmscapi.dll
0x00007ffba0710000 - 0x00007ffba088e000 	C:\WINDOWS\System32\CRYPT32.dll
0x00007ffb9f840000 - 0x00007ffb9f870000 	C:\WINDOWS\SYSTEM32\ncrypt.dll
0x00007ffb9f7f0000 - 0x00007ffb9f82f000 	C:\WINDOWS\SYSTEM32\NTASN1.dll
0x00007ffb15860000 - 0x00007ffb15868000 	C:\WINDOWS\system32\wshunix.dll

JVMTI agents:
C:\Users\NAGARAJU\.gradle\wrapper\dists\gradle-8.14.1-bin\baw1sv0jfoi8rxs14qo3h49cs\gradle-8.14.1\lib\agents\gradle-instrumentation-agent-8.14.1.jar path:C:\Users\NAGARAJU\.antigravity-ide\extensions\redhat.java-1.56.0-win32-x64\jre\21.0.12.1-win32-x86_64\bin\instrument.dll, loaded, initialized, instrumentlib options:none

dbghelp: loaded successfully - version: 4.0.5 - missing functions: none
symbol engine: initialized successfully - sym options: 0x614 - pdb path: .;C:\Users\NAGARAJU\.antigravity-ide\extensions\redhat.java-1.56.0-win32-x64\jre\21.0.12.1-win32-x86_64\bin;C:\WINDOWS\SYSTEM32;C:\WINDOWS\WinSxS\amd64_microsoft.windows.common-controls_6595b64144ccf1df_6.0.26100.8972_none_3e0da176e32f9d4b;C:\Users\NAGARAJU\.antigravity-ide\extensions\redhat.java-1.56.0-win32-x64\jre\21.0.12.1-win32-x86_64\bin\server;C:\Users\NAGARAJU\.gradle\native\1def1411415f61bf3af743bc5b6707747c0891f09f0c88961ee8f79bc544acac\windows-amd64;C:\Users\NAGARAJU\.gradle\native\0.2.7\x86_64-windows-gnu

VM Arguments:
jvm_args: --add-opens=java.base/java.lang=ALL-UNNAMED --add-opens=java.base/java.lang.invoke=ALL-UNNAMED --add-opens=java.base/java.util=ALL-UNNAMED --add-opens=java.prefs/java.util.prefs=ALL-UNNAMED --add-exports=jdk.compiler/com.sun.tools.javac.api=ALL-UNNAMED --add-exports=jdk.compiler/com.sun.tools.javac.util=ALL-UNNAMED --add-opens=java.base/java.util=ALL-UNNAMED --add-opens=java.prefs/java.util.prefs=ALL-UNNAMED --add-opens=java.base/java.nio.charset=ALL-UNNAMED --add-opens=java.base/java.net=ALL-UNNAMED --add-opens=java.base/java.util.concurrent.atomic=ALL-UNNAMED --add-opens=java.xml/javax.xml.namespace=ALL-UNNAMED -Xmx4096m -Dfile.encoding=UTF-8 -Duser.country=IN -Duser.language=en -Duser.variant -javaagent:C:\Users\NAGARAJU\.gradle\wrapper\dists\gradle-8.14.1-bin\baw1sv0jfoi8rxs14qo3h49cs\gradle-8.14.1\lib\agents\gradle-instrumentation-agent-8.14.1.jar 
java_command: org.gradle.launcher.daemon.bootstrap.GradleDaemon 8.14.1
java_class_path (initial): C:\Users\NAGARAJU\.gradle\wrapper\dists\gradle-8.14.1-bin\baw1sv0jfoi8rxs14qo3h49cs\gradle-8.14.1\lib\gradle-daemon-main-8.14.1.jar
Launcher Type: SUN_STANDARD

[Global flags]
     intx CICompilerCount                          = 4                                         {product} {ergonomic}
     uint ConcGCThreads                            = 2                                         {product} {ergonomic}
     uint G1ConcRefinementThreads                  = 8                                         {product} {ergonomic}
   size_t G1HeapRegionSize                         = 2097152                                   {product} {ergonomic}
    uintx GCDrainStackTargetSize                   = 64                                        {product} {ergonomic}
   size_t InitialHeapSize                          = 123731968                                 {product} {ergonomic}
   size_t MarkStackSize                            = 4194304                                   {product} {ergonomic}
   size_t MaxHeapSize                              = 4294967296                                {product} {command line}
   size_t MaxNewSize                               = 2575302656                                {product} {ergonomic}
   size_t MinHeapDeltaBytes                        = 2097152                                   {product} {ergonomic}
   size_t MinHeapSize                              = 8388608                                   {product} {ergonomic}
    uintx NonNMethodCodeHeapSize                   = 5839372                                {pd product} {ergonomic}
    uintx NonProfiledCodeHeapSize                  = 122909434                              {pd product} {ergonomic}
    uintx ProfiledCodeHeapSize                     = 122909434                              {pd product} {ergonomic}
    uintx ReservedCodeCacheSize                    = 251658240                              {pd product} {ergonomic}
     bool SegmentedCodeCache                       = true                                      {product} {ergonomic}
   size_t SoftMaxHeapSize                          = 4294967296                             {manageable} {ergonomic}
     bool UseCompressedOops                        = true                           {product lp64_product} {ergonomic}
     bool UseG1GC                                  = true                                      {product} {ergonomic}
     bool UseLargePagesIndividualAllocation        = false                                  {pd product} {ergonomic}

Logging:
Log output configuration:
 #0: stdout all=warning uptime,level,tags foldmultilines=false
 #1: stderr all=off uptime,level,tags foldmultilines=false

Release file:
JAVA_VERSION="21.0.12.1" 
MODULES="java.base java.compiler java.datatransfer java.xml java.prefs java.desktop java.instrument java.logging java.management java.security.sasl java.naming java.rmi java.management.rmi java.net.http java.scripting java.security.jgss java.transaction.xa java.sql java.sql.rowset java.xml.crypto java.se java.smartcardio jdk.accessibility jdk.internal.jvmstat jdk.attach jdk.charsets jdk.internal.opt jdk.zipfs jdk.compiler jdk.crypto.ec jdk.crypto.cryptoki jdk.crypto.mscapi jdk.dynalink jdk.internal.ed jdk.editpad jdk.hotspot.agent jdk.httpserver jdk.internal.le jdk.internal.vm.ci jdk.internal.vm.compiler jdk.internal.vm.compiler.management jdk.jartool jdk.javadoc jdk.jcmd jdk.management jdk.management.agent jdk.jconsole jdk.jdeps jdk.jdwp.agent jdk.jdi jdk.jfr jdk.jshell jdk.jsobject jdk.jstatd jdk.localedata jdk.management.jfr jdk.naming.dns jdk.naming.rmi jdk.net jdk.nio.mapmode jdk.random jdk.sctp jdk.security.auth jdk.security.jgss jdk.unsupported jdk.unsupported.desktop jdk.xml.dom" 

Environment Variables:
JAVA_HOME=C:\Program Files\Eclipse Adoptium\jdk-21.0.11.10-hotspot
PATH=C:\Program Files\Eclipse Adoptium\jdk-21.0.11.10-hotspot\bin;C:\Program Files\Eclipse Adoptium\jdk-11.0.26.4-hotspot\bin;C:\Program Files\Eclipse Adoptium\jdk-17.0.14.7-hotspot\bin;C:\Program Files\Java\jdk-17\bin;C:\Program Files\nodejs;E:\Android\Sdk\platform-tools;E:\Android\Sdk\emulator;E:\Android\Sdk\cmdline-tools\latest\bin;C:\Users\NAGARAJU\AppData\Local\Android\Sdk\platform-tools;C:\Users\NAGARAJU\AppData\Local\Android\Sdk\emulator;C:\Users\NAGARAJU\AppData\Local\Android\Sdk\cmdline-tools\latest\bin;C:\Program Files\Eclipse Adoptium\jdk-21.0.11.10-hotspot\bin;C:\Program Files\Eclipse Adoptium\jdk-11.0.26.4-hotspot\bin;C:\Program Files\Eclipse Adoptium\jdk-17.0.14.7-hotspot\bin;C:\Program Files\Java\jdk-17\bin;C:\Program Files\nodejs;E:\Android\Sdk\platform-tools;E:\Android\Sdk\emulator;E:\Android\Sdk\cmdline-tools\latest\bin;C:\Users\NAGARAJU\AppData\Local\Android\Sdk\platform-tools;C:\Users\NAGARAJU\AppData\Local\Android\Sdk\emulator;C:\Users\NAGARAJU\AppData\Local\Android\Sdk\cmdline-tools\latest\bin;C:\Program Files\Eclipse Adoptium\jdk-21.0.11.10-hotspot\bin;C:\Program Files\Eclipse Adoptium\jdk-11.0.26.4-hotspot\bin;C:\Program Files\Eclipse Adoptium\jdk-17.0.14.7-hotspot\bin;C:\Program Files\Java\jdk-17\bin;C:\Program Files\nodejs;E:\Android\Sdk\platform-tools;E:\Android\Sdk\emulator;E:\Android\Sdk\cmdline-tools\latest\bin;C:\Users\NAGARAJU\AppData\Local\Android\Sdk\platform-tools;C:\Users\NAGARAJU\AppData\Local\Android\Sdk\emulator;C:\Users\NAGARAJU\AppData\Local\Android\Sdk\cmdline-tools\latest\bin;C:\WINDOWS\System32;C:\ProgramData\chocolatey\bin;C:\Program Files\nodejs\;C:\Program Files\Git\cmd;C:\Windows\System32;C:\Windows\System32\WindowsPowerShell\v1.0;C:\Windows\System32\OpenSSH;C:\Windows\System32\WindowsPowerShell\v1.0\;C:\Users\NAGARAJU\Downloads\stripe_1.30.0_windows_x86_64;C:\WINDOWS\system32;C:\WINDOWS;C:\WINDOWS\System32\Wbem;C:\WINDOWS\System32\WindowsPowerShell\v1.0\;C:\WINDOWS\System32\OpenSSH\;C:\ProgramData\chocolatey\bin;C:\Program Files\nodejs\;C:\Program Files\Git\cmd;C:\Windows\System32;C:\Windows\System32\WindowsPowerShell\v1.0;C:\Windows\System32\OpenSSH;C:\Windows\System32\WindowsPowerShell\v1.0\;C:\Users\NAGARAJU\Downloads\stripe_1.30.0_windows_x86_64;C:\WINDOWS\system32;C:\WINDOWS;C:\WINDOWS\System32\Wbem;C:\WINDOWS\System32\WindowsPowerShell\v1.0\;C:\WINDOWS\System32\OpenSSH\;C:\ProgramData\chocolatey\bin;C:\Program Files\nodejs\;C:\Program Files\Git\cmd;C:\Windows\System32;C:\Windows\System32\WindowsPowerShell\v1.0;C:\Windows\System32\OpenSSH;C:\Windows\System32\WindowsPowerShell\v1.0\;C:\Users\NAGARAJU\Downloads\stripe_1.30.0_windows_x86_64;C:\WINDOWS\system32;C:\WINDOWS;C:\WINDOWS\System32\Wbem;C:\WINDOWS\System32\WindowsPowerShell\v1.0\;C:\WINDOWS\System32\OpenSSH\;C:\Program Files\Eclipse Adoptium\jdk-21.0.11.10-hotspot\bin;C:\Program Files\Eclipse Adoptium\jdk-11.0.26.4-hotspot\bin;C:\Program Files\Eclipse Adoptium\jdk-17.0.14.7-hotspot\bin;C:\Program Files\Java\jdk-17\bin;C:\Program Files\nodejs;E:\Android\Sdk\platform-tools;E:\Android\Sdk\emulator;E:\Android\Sdk\cmdline-tools\latest\bin;C:\Users\NAGARAJU\AppData\Local\Android\Sdk\platform-tools;C:\Users\NAGARAJU\AppData\Local\Android\Sdk\emulator;C:\Users\NAGARAJU\AppData\Local\Android\Sdk\cmdline-tools\latest\bin;C:\Program Files\Eclipse Adoptium\jdk-21.0.11.10-hotspot\bin;C:\Program Files\Eclipse Adoptium\jdk-11.0.26.4-hotspot\bin;C:\Program Files\Eclipse Adoptium\jdk-17.0.14.7-hotspot\bin;C:\Program Files\Java\jdk-17\bin;C:\Program Files\nodejs;E:\Android\Sdk\platform-tools;E:\Android\Sdk\emulator;E:\Android\Sdk\cmdline-tools\latest\bin;C:\Users\NAGARAJU\AppData\Local\Android\Sdk\platform-tools;C:\Users\NAGARAJU\AppData\Local\Android\Sdk\emulator;C:\Users\NAGARAJU\AppData\Local\Android\Sdk\cmdline-tools\latest\bin;C:\Program Files\Eclipse Adoptium\jdk-21.0.11.10-hotspot\bin;C:\Program Files\Eclipse Adoptium\jdk-11.0.26.4-hotspot\bin;C:\Program Files\Eclipse Adoptium\jdk-17.0.14.7-hotspot\bin;C:\Program Files\Java\jdk-17\bin;C:\Program Files\nodejs;E:\Android\Sdk\platform-tools;E:\Android\Sdk\emulator;E:\Android\Sdk\cmdline-tools\latest\bin;C:\Users\NAGARAJU\AppData\Local\Android\Sdk\platform-tools;C:\Users\NAGARAJU\AppData\Local\Android\Sdk\emulator;C:\Users\NAGARAJU\AppData\Local\Android\Sdk\cmdline-tools\latest\bin;C:\WINDOWS\System32;C:\ProgramData\chocolatey\bin;C:\Program Files\nodejs\;C:\Program Files\Git\cmd;C:\Windows\System32;C:\Windows\System32\WindowsPowerShell\v1.0;C:\Windows\System32\OpenSSH;C:\Windows\System32\WindowsPowerShell\v1.0\;C:\Users\NAGARAJU\Downloads\stripe_1.30.0_windows_x86_64;C:\WINDOWS\system32;C:\WINDOWS;C:\WINDOWS\System32\Wbem;C:\WINDOWS\System32\WindowsPowerShell\v1.0\;C:\WINDOWS\System32\OpenSSH\;C:\ProgramData\chocolatey\bin;C:\Program Files\nodejs\;C:\Program Files\Git\cmd;C:\Windows\System32;C:\Windows\System32\WindowsPowerShell\v1.0;C:\Windows\System32\OpenSSH;C:\Windows\System32\WindowsPowerShell\v1.0\;C:\Users\NAGARAJU\Downloads\stripe_1.30.0_windows_x86_64;C:\WINDOWS\system32;C:\WINDOWS;C:\WINDOWS\System32\Wbem;C:\WINDOWS\System32\WindowsPowerShell\v1.0\;C:\WINDOWS\System32\OpenSSH\;C:\ProgramData\chocolatey\bin;C:\Program Files\nodejs\;C:\Program Files\Git\cmd;C:\Windows\System32;C:\Windows\System32\WindowsPowerShell\v1.0;C:\Windows\System32\OpenSSH;C:\Windows\System32\WindowsPowerShell\v1.0\;C:\Users\NAGARAJU\Downloads\stripe_1.30.0_windows_x86_64;C:\WINDOWS\system32;C:\WINDOWS;C:\WINDOWS\System32\Wbem;C:\WINDOWS\System32\WindowsPowerShell\v1.0\;C:\WINDOWS\System32\OpenSSH\;C:\Users\NAGARAJU\AppData\Local\Android\Sdk\platform-tools;C:\Users\NAGARAJU\AppData\Local\Android\Sdk\cmdline-tools\latest\bin;C:\Users\NAGARAJU\AppData\Roaming\npm;C:\Users\NAGARAJU\AppData\Local\Programs\Microsoft VS Code\bin;C:\Users\NAGARAJU\AppData\Local\Programs\Antigravity IDE\bin;C:\Users\NAGARAJU\AppData\Local\Microsoft\WindowsApps;C:\Users\NAGARAJU\AppData\Local\Kingsoft\WPS Office\12.1.0.27458\clitool
USERNAME=NAGARAJU
OS=Windows_NT
PROCESSOR_IDENTIFIER=AMD64 Family 23 Model 104 Stepping 1, AuthenticAMD
TMP=C:\Users\NAGARAJU\AppData\Local\Temp
TEMP=C:\Users\NAGARAJU\AppData\Local\Temp




Periodic native trim disabled

---------------  S Y S T E M  ---------------

OS:
 Windows 11 , 64 bit Build 26100 (10.0.26100.9168)
OS uptime: 0 days 0:57 hours

CPU: total 8 (initial active 8) (8 cores per cpu, 2 threads per core) family 23 model 104 stepping 1 microcode 0x8608109, cx8, cmov, fxsr, ht, mmx, 3dnowpref, sse, sse2, sse3, ssse3, sse4a, sse4.1, sse4.2, popcnt, lzcnt, tsc, tscinvbit, avx, avx2, aes, clmul, bmi1, bmi2, adx, sha, fma, vzeroupper, clflush, clflushopt, rdtscp, rdpid, f16c
Processor Information for processor 0
  Max Mhz: 2600, Current Mhz: 2600, Mhz Limit: 2600
Processor Information for processor 1
  Max Mhz: 2600, Current Mhz: 1789, Mhz Limit: 2600
Processor Information for processor 2
  Max Mhz: 2600, Current Mhz: 2600, Mhz Limit: 2600
Processor Information for processor 3
  Max Mhz: 2600, Current Mhz: 2600, Mhz Limit: 2600
Processor Information for processor 4
  Max Mhz: 2600, Current Mhz: 1789, Mhz Limit: 2600
Processor Information for processor 5
  Max Mhz: 2600, Current Mhz: 1789, Mhz Limit: 2600
Processor Information for processor 6
  Max Mhz: 2600, Current Mhz: 1789, Mhz Limit: 2600
Processor Information for processor 7
  Max Mhz: 2600, Current Mhz: 1789, Mhz Limit: 2600

Memory: 4k page, system-wide physical 7502M (412M free)
TotalPageFile size 40270M (AvailPageFile size 9M)
current process WorkingSet (physical memory assigned to process): 64M, peak: 187M
current process commit charge ("private bytes"): 268M, peak: 272M

vm_info: OpenJDK 64-Bit Server VM (21.0.12.1+1-LTS) for windows-amd64 JRE (21.0.12.1+1-LTS), built on 2026-08-18T00:00:00Z by "admin" with MS VC++ 17.12 (VS2022)

END.
