#
# There is insufficient memory for the Java Runtime Environment to continue.
# Native memory allocation (malloc) failed to allocate 32744 bytes. Error detail: Chunk::new
# Possible reasons:
#   The system is out of physical RAM or swap space
#   This process is running with CompressedOops enabled, and the Java Heap may be blocking the growth of the native heap
# Possible solutions:
#   Reduce memory load on the system
#   Increase physical memory or swap space
#   Check if swap backing store is full
#   Decrease Java heap size (-Xmx/-Xms)
#   Decrease number of Java threads
#   Decrease Java thread stack sizes (-Xss)
#   Set larger code cache with -XX:ReservedCodeCacheSize=
#   JVM is running with Zero Based Compressed Oops mode in which the Java heap is
#     placed in the first 32GB address space. The Java Heap base address is the
#     maximum limit for the native heap growth. Please use -XX:HeapBaseMinAddress
#     to set the Java Heap base and to place the Java Heap above 32GB virtual address.
# This output file may be truncated or incomplete.
#
#  Out of Memory Error (arena.cpp:168), pid=34948, tid=31160
#
# JRE version: OpenJDK Runtime Environment Temurin-21.0.12.1+1 (21.0.12.1+1) (build 21.0.12.1+1-LTS)
# Java VM: OpenJDK 64-Bit Server VM Temurin-21.0.12.1+1 (21.0.12.1+1-LTS, mixed mode, sharing, tiered, compressed oops, compressed class ptrs, g1 gc, windows-amd64)
# No core dump will be written. Minidumps are not enabled by default on client versions of Windows
#

---------------  S U M M A R Y ------------

Command Line: --add-opens=java.base/java.lang=ALL-UNNAMED --add-opens=java.base/java.lang.invoke=ALL-UNNAMED --add-opens=java.base/java.util=ALL-UNNAMED --add-opens=java.prefs/java.util.prefs=ALL-UNNAMED --add-exports=jdk.compiler/com.sun.tools.javac.api=ALL-UNNAMED --add-exports=jdk.compiler/com.sun.tools.javac.util=ALL-UNNAMED --add-opens=java.base/java.util=ALL-UNNAMED --add-opens=java.prefs/java.util.prefs=ALL-UNNAMED --add-opens=java.base/java.nio.charset=ALL-UNNAMED --add-opens=java.base/java.net=ALL-UNNAMED --add-opens=java.base/java.util.concurrent.atomic=ALL-UNNAMED --add-opens=java.xml/javax.xml.namespace=ALL-UNNAMED -Xmx4096m -Dfile.encoding=UTF-8 -Duser.country=IN -Duser.language=en -Duser.variant -javaagent:C:\Users\NAGARAJU\.gradle\wrapper\dists\gradle-8.14.1-bin\baw1sv0jfoi8rxs14qo3h49cs\gradle-8.14.1\lib\agents\gradle-instrumentation-agent-8.14.1.jar org.gradle.launcher.daemon.bootstrap.GradleDaemon 8.14.1

Host: AMD Ryzen 3 5300U with Radeon Graphics         , 8 cores, 7G,  Windows 11 , 64 bit Build 26100 (10.0.26100.9168)
Time: Wed Sep  9 15:51:27 2026 India Standard Time elapsed time: 404.186249 seconds (0d 0h 6m 44s)

---------------  T H R E A D  ---------------

Current thread (0x0000012e3f077ff0):  JavaThread "C2 CompilerThread0" daemon [_thread_in_native, id=31160, stack(0x000000029d600000,0x000000029d700000) (1024K)]


Current CompileTask:
C2:404186 3688   !   4       java.net.URLClassLoader::findClass (47 bytes)

Stack: [0x000000029d600000,0x000000029d700000]
Native frames: (J=compiled Java code, j=interpreted, Vv=VM code, C=native code)
V  [jvm.dll+0x6d83e9]
V  [jvm.dll+0x8b5736]
V  [jvm.dll+0x8b7cee]
V  [jvm.dll+0x8b83d3]
V  [jvm.dll+0x284596]
V  [jvm.dll+0xc685d]
V  [jvm.dll+0xc6da1]
V  [jvm.dll+0x2fb62d]
V  [jvm.dll+0x5fee94]
V  [jvm.dll+0x255d67]
V  [jvm.dll+0x24ddab]
V  [jvm.dll+0x24bbe6]
V  [jvm.dll+0x1cb4ae]
V  [jvm.dll+0x25baad]
V  [jvm.dll+0x25a03a]
V  [jvm.dll+0x3f8aae]
V  [jvm.dll+0x8600cd]
V  [jvm.dll+0x6d6c1d]
C  [ucrtbase.dll+0x2cd30]
C  [KERNEL32.DLL+0x2ccb7]
C  [ntdll.dll+0xaad6c]


---------------  P R O C E S S  ---------------

Threads class SMR info:
_java_thread_list=0x0000012e3f19c5b0, length=25, elements={
0x0000012e2513dda0, 0x0000012e3f06e420, 0x0000012e3f06fba0, 0x0000012e3f070600,
0x0000012e3f075da0, 0x0000012e3f076800, 0x0000012e3f077260, 0x0000012e3f077ff0,
0x0000012e3f07d200, 0x0000012e3f2f2680, 0x0000012e3f31e5c0, 0x0000012e85c2a800,
0x0000012e853ae670, 0x0000012e85a45340, 0x0000012e3f206860, 0x0000012e8542b850,
0x0000012e8520f1b0, 0x0000012e3f2047f0, 0x0000012e3f204160, 0x0000012e3f205510,
0x0000012e3f203ad0, 0x0000012e3f204e80, 0x0000012e3f202db0, 0x0000012e3f202720,
0x0000012e3f203440
}

Java Threads: ( => current thread )
  0x0000012e2513dda0 JavaThread "main"                              [_thread_blocked, id=34996, stack(0x000000029c800000,0x000000029c900000) (1024K)]
  0x0000012e3f06e420 JavaThread "Reference Handler"          daemon [_thread_blocked, id=37036, stack(0x000000029d000000,0x000000029d100000) (1024K)]
  0x0000012e3f06fba0 JavaThread "Finalizer"                  daemon [_thread_blocked, id=11816, stack(0x000000029d100000,0x000000029d200000) (1024K)]
  0x0000012e3f070600 JavaThread "Signal Dispatcher"          daemon [_thread_blocked, id=27968, stack(0x000000029d200000,0x000000029d300000) (1024K)]
  0x0000012e3f075da0 JavaThread "Attach Listener"            daemon [_thread_blocked, id=32660, stack(0x000000029d300000,0x000000029d400000) (1024K)]
  0x0000012e3f076800 JavaThread "Service Thread"             daemon [_thread_blocked, id=27844, stack(0x000000029d400000,0x000000029d500000) (1024K)]
  0x0000012e3f077260 JavaThread "Monitor Deflation Thread"   daemon [_thread_blocked, id=34372, stack(0x000000029d500000,0x000000029d600000) (1024K)]
=>0x0000012e3f077ff0 JavaThread "C2 CompilerThread0"         daemon [_thread_in_native, id=31160, stack(0x000000029d600000,0x000000029d700000) (1024K)]
  0x0000012e3f07d200 JavaThread "C1 CompilerThread0"         daemon [_thread_blocked, id=31056, stack(0x000000029d700000,0x000000029d800000) (1024K)]
  0x0000012e3f2f2680 JavaThread "Common-Cleaner"             daemon [_thread_blocked, id=8224, stack(0x000000029d800000,0x000000029d900000) (1024K)]
  0x0000012e3f31e5c0 JavaThread "Notification Thread"        daemon [_thread_blocked, id=33628, stack(0x000000029d900000,0x000000029da00000) (1024K)]
  0x0000012e85c2a800 JavaThread "Daemon health stats"               [_thread_blocked, id=32696, stack(0x000000029de00000,0x000000029df00000) (1024K)]
  0x0000012e853ae670 JavaThread "Incoming local TCP Connector on port 62506"        [_thread_in_native, id=34304, stack(0x000000029e200000,0x000000029e300000) (1024K)]
  0x0000012e85a45340 JavaThread "Daemon periodic checks"            [_thread_blocked, id=37856, stack(0x000000029e300000,0x000000029e400000) (1024K)]
  0x0000012e3f206860 JavaThread "Daemon"                            [_thread_blocked, id=36232, stack(0x000000029e400000,0x000000029e500000) (1024K)]
  0x0000012e8542b850 JavaThread "Handler for socket connection from /127.0.0.1:62506 to /127.0.0.1:62511"        [_thread_in_native, id=37444, stack(0x000000029e500000,0x000000029e600000) (1024K)]
  0x0000012e8520f1b0 JavaThread "Cancel handler"                    [_thread_blocked, id=32788, stack(0x000000029e600000,0x000000029e700000) (1024K)]
  0x0000012e3f2047f0 JavaThread "Daemon worker"                     [_thread_in_native, id=25008, stack(0x000000029e700000,0x000000029e800000) (1024K)]
  0x0000012e3f204160 JavaThread "Asynchronous log dispatcher for DefaultDaemonConnection: socket connection from /127.0.0.1:62506 to /127.0.0.1:62511"        [_thread_blocked, id=32664, stack(0x000000029e800000,0x000000029e900000) (1024K)]
  0x0000012e3f205510 JavaThread "Stdin handler"                     [_thread_blocked, id=26132, stack(0x000000029e900000,0x000000029ea00000) (1024K)]
  0x0000012e3f203ad0 JavaThread "Daemon client event forwarder"        [_thread_blocked, id=29624, stack(0x000000029ea00000,0x000000029eb00000) (1024K)]
  0x0000012e3f204e80 JavaThread "Cache worker for journal cache (C:\Users\NAGARAJU\.gradle\caches\journal-1)"        [_thread_blocked, id=31372, stack(0x000000029eb00000,0x000000029ec00000) (1024K)]
  0x0000012e3f202db0 JavaThread "File lock request listener"        [_thread_in_native, id=31488, stack(0x000000029ec00000,0x000000029ed00000) (1024K)]
  0x0000012e3f202720 JavaThread "Cache worker for file hash cache (C:\Users\NAGARAJU\.gradle\caches\8.14.1\fileHashes)"        [_thread_blocked, id=28260, stack(0x000000029ed00000,0x000000029ee00000) (1024K)]
  0x0000012e3f203440 JavaThread "File lock release action executor Thread 3"        [_thread_blocked, id=24356, stack(0x000000029c600000,0x000000029c700000) (1024K)]
Total: 25

Other Threads:
  0x0000012e3f04e590 VMThread "VM Thread"                           [id=6396, stack(0x000000029cf00000,0x000000029d000000) (1024K)]
  0x0000012e3f03d0b0 WatcherThread "VM Periodic Task Thread"        [id=25072, stack(0x000000029ce00000,0x000000029cf00000) (1024K)]
  0x0000012e251a9540 WorkerThread "GC Thread#0"                     [id=34200, stack(0x000000029c900000,0x000000029ca00000) (1024K)]
  0x0000012e3f3c6b50 WorkerThread "GC Thread#1"                     [id=30764, stack(0x000000029da00000,0x000000029db00000) (1024K)]
  0x0000012e3f44e720 WorkerThread "GC Thread#2"                     [id=31584, stack(0x000000029db00000,0x000000029dc00000) (1024K)]
  0x0000012e3f5448d0 WorkerThread "GC Thread#3"                     [id=33624, stack(0x000000029dc00000,0x000000029dd00000) (1024K)]
  0x0000012e3fc00b70 WorkerThread "GC Thread#4"                     [id=30584, stack(0x000000029dd00000,0x000000029de00000) (1024K)]
  0x0000012e3fbfff50 WorkerThread "GC Thread#5"                     [id=37500, stack(0x000000029df00000,0x000000029e000000) (1024K)]
  0x0000012e852b58f0 WorkerThread "GC Thread#6"                     [id=34408, stack(0x000000029e000000,0x000000029e100000) (1024K)]
  0x0000012e3f1090e0 WorkerThread "GC Thread#7"                     [id=34188, stack(0x000000029e100000,0x000000029e200000) (1024K)]
  0x0000012e251b7430 ConcurrentGCThread "G1 Main Marker"            [id=6552, stack(0x000000029ca00000,0x000000029cb00000) (1024K)]
  0x0000012e22f3dfa0 WorkerThread "G1 Conc#0"                       [id=31012, stack(0x000000029cb00000,0x000000029cc00000) (1024K)]
  0x0000012e251ee990 ConcurrentGCThread "G1 Refine#0"               [id=33244, stack(0x000000029cc00000,0x000000029cd00000) (1024K)]
  0x0000012e3ef114e0 ConcurrentGCThread "G1 Service"                [id=34060, stack(0x000000029cd00000,0x000000029ce00000) (1024K)]
Total: 14

Threads with active compile tasks:
C2 CompilerThread0  404636 3688   !   4       java.net.URLClassLoader::findClass (47 bytes)
Total: 1

VM state: not at safepoint (normal execution)

VM Mutex/Monitor currently owned by a thread: None

Heap address: 0x0000000700000000, size: 4096 MB, Compressed Oops mode: Zero based, Oop shift amount: 3

CDS archive(s) mapped at: [0x0000012e40000000-0x0000012e40ba0000-0x0000012e40ba0000), size 12189696, SharedBaseAddress: 0x0000012e40000000, ArchiveRelocationMode: 1.
Compressed class space mapped at: 0x0000012e41000000-0x0000012e81000000, reserved size: 1073741824
Narrow klass base: 0x0000012e40000000, Narrow klass shift: 0, Narrow klass range: 0x100000000

GC Precious Log:
 CardTable entry size: 512
 Card Set container configuration: InlinePtr #cards 4 size 8 Array Of Cards #cards 16 size 48 Howl #buckets 8 coarsen threshold 3686 Howl Bitmap #cards 512 size 80 coarsen threshold 460 Card regions per heap region 1 cards per card region 4096
 CPUs: 8 total, 8 available
 Memory: 7502M
 Large Page Support: Disabled
 NUMA Support: Disabled
 Compressed Oops: Enabled (Zero based)
 Heap Region Size: 2M
 Heap Min Capacity: 8M
 Heap Initial Capacity: 118M
 Heap Max Capacity: 4G
 Pre-touch: Disabled
 Parallel Workers: 8
 Concurrent Workers: 2
 Concurrent Refinement Workers: 8
 Periodic GC: Disabled

Heap:
 garbage-first heap   total 120832K, used 79634K [0x0000000700000000, 0x0000000800000000)
  region size 2048K, 31 young (63488K), 2 survivors (4096K)
 Metaspace       used 18292K, committed 18816K, reserved 1114112K
  class space    used 2586K, committed 2816K, reserved 1048576K

Heap Regions: E=young(eden), S=young(survivor), O=old, HS=humongous(starts), HC=humongous(continues), CS=collection set, F=free, TAMS=top-at-mark-start, PB=parsable bottom
|   0|0x0000000700000000, 0x0000000700200000, 0x0000000700200000|100%|HS|  |TAMS 0x0000000700000000| PB 0x0000000700000000| Complete 
|   1|0x0000000700200000, 0x0000000700400000, 0x0000000700400000|100%|HC|  |TAMS 0x0000000700200000| PB 0x0000000700200000| Complete 
|   2|0x0000000700400000, 0x0000000700600000, 0x0000000700600000|100%| O|  |TAMS 0x0000000700400000| PB 0x0000000700400000| Untracked 
|   3|0x0000000700600000, 0x0000000700800000, 0x0000000700800000|100%| O|  |TAMS 0x0000000700600000| PB 0x0000000700600000| Untracked 
|   4|0x0000000700800000, 0x0000000700a00000, 0x0000000700a00000|100%| O|  |TAMS 0x0000000700800000| PB 0x0000000700800000| Untracked 
|   5|0x0000000700a00000, 0x0000000700c00000, 0x0000000700c00000|100%| O|  |TAMS 0x0000000700a00000| PB 0x0000000700a00000| Untracked 
|   6|0x0000000700c00000, 0x0000000700e00000, 0x0000000700e00000|100%| O|  |TAMS 0x0000000700c00000| PB 0x0000000700c00000| Untracked 
|   7|0x0000000700e00000, 0x0000000701000000, 0x0000000701000000|100%| O|  |TAMS 0x0000000700e00000| PB 0x0000000700e00000| Untracked 
|   8|0x0000000701000000, 0x0000000701200000, 0x0000000701200000|100%| O|  |TAMS 0x0000000701000000| PB 0x0000000701000000| Untracked 
|   9|0x0000000701200000, 0x000000070121a120, 0x0000000701400000|  5%| O|  |TAMS 0x0000000701200000| PB 0x0000000701200000| Untracked 
|  10|0x0000000701400000, 0x0000000701400000, 0x0000000701600000|  0%| F|  |TAMS 0x0000000701400000| PB 0x0000000701400000| Untracked 
|  11|0x0000000701600000, 0x0000000701600000, 0x0000000701800000|  0%| F|  |TAMS 0x0000000701600000| PB 0x0000000701600000| Untracked 
|  12|0x0000000701800000, 0x0000000701800000, 0x0000000701a00000|  0%| F|  |TAMS 0x0000000701800000| PB 0x0000000701800000| Untracked 
|  13|0x0000000701a00000, 0x0000000701a00000, 0x0000000701c00000|  0%| F|  |TAMS 0x0000000701a00000| PB 0x0000000701a00000| Untracked 
|  14|0x0000000701c00000, 0x0000000701c00000, 0x0000000701e00000|  0%| F|  |TAMS 0x0000000701c00000| PB 0x0000000701c00000| Untracked 
|  15|0x0000000701e00000, 0x0000000701e00000, 0x0000000702000000|  0%| F|  |TAMS 0x0000000701e00000| PB 0x0000000701e00000| Untracked 
|  16|0x0000000702000000, 0x0000000702000000, 0x0000000702200000|  0%| F|  |TAMS 0x0000000702000000| PB 0x0000000702000000| Untracked 
|  17|0x0000000702200000, 0x0000000702200000, 0x0000000702400000|  0%| F|  |TAMS 0x0000000702200000| PB 0x0000000702200000| Untracked 
|  18|0x0000000702400000, 0x0000000702400000, 0x0000000702600000|  0%| F|  |TAMS 0x0000000702400000| PB 0x0000000702400000| Untracked 
|  19|0x0000000702600000, 0x0000000702600000, 0x0000000702800000|  0%| F|  |TAMS 0x0000000702600000| PB 0x0000000702600000| Untracked 
|  20|0x0000000702800000, 0x0000000702800000, 0x0000000702a00000|  0%| F|  |TAMS 0x0000000702800000| PB 0x0000000702800000| Untracked 
|  21|0x0000000702a00000, 0x0000000702a00000, 0x0000000702c00000|  0%| F|  |TAMS 0x0000000702a00000| PB 0x0000000702a00000| Untracked 
|  22|0x0000000702c00000, 0x0000000702daa980, 0x0000000702e00000| 83%| S|CS|TAMS 0x0000000702c00000| PB 0x0000000702c00000| Complete 
|  23|0x0000000702e00000, 0x0000000702e00000, 0x0000000703000000|  0%| F|  |TAMS 0x0000000702e00000| PB 0x0000000702e00000| Untracked 
|  24|0x0000000703000000, 0x0000000703000000, 0x0000000703200000|  0%| F|  |TAMS 0x0000000703000000| PB 0x0000000703000000| Untracked 
|  25|0x0000000703200000, 0x0000000703200000, 0x0000000703400000|  0%| F|  |TAMS 0x0000000703200000| PB 0x0000000703200000| Untracked 
|  26|0x0000000703400000, 0x0000000703400000, 0x0000000703600000|  0%| F|  |TAMS 0x0000000703400000| PB 0x0000000703400000| Untracked 
|  27|0x0000000703600000, 0x0000000703800000, 0x0000000703800000|100%| S|CS|TAMS 0x0000000703600000| PB 0x0000000703600000| Complete 
|  28|0x0000000703800000, 0x0000000703800000, 0x0000000703a00000|  0%| F|  |TAMS 0x0000000703800000| PB 0x0000000703800000| Untracked 
|  29|0x0000000703a00000, 0x0000000703a00000, 0x0000000703c00000|  0%| F|  |TAMS 0x0000000703a00000| PB 0x0000000703a00000| Untracked 
|  30|0x0000000703c00000, 0x0000000703ca80d8, 0x0000000703e00000| 32%| E|  |TAMS 0x0000000703c00000| PB 0x0000000703c00000| Complete 
|  31|0x0000000703e00000, 0x0000000704000000, 0x0000000704000000|100%| E|CS|TAMS 0x0000000703e00000| PB 0x0000000703e00000| Complete 
|  32|0x0000000704000000, 0x0000000704200000, 0x0000000704200000|100%| E|CS|TAMS 0x0000000704000000| PB 0x0000000704000000| Complete 
|  33|0x0000000704200000, 0x0000000704400000, 0x0000000704400000|100%| E|CS|TAMS 0x0000000704200000| PB 0x0000000704200000| Complete 
|  34|0x0000000704400000, 0x0000000704600000, 0x0000000704600000|100%| E|CS|TAMS 0x0000000704400000| PB 0x0000000704400000| Complete 
|  35|0x0000000704600000, 0x0000000704800000, 0x0000000704800000|100%| E|CS|TAMS 0x0000000704600000| PB 0x0000000704600000| Complete 
|  36|0x0000000704800000, 0x0000000704a00000, 0x0000000704a00000|100%| E|CS|TAMS 0x0000000704800000| PB 0x0000000704800000| Complete 
|  37|0x0000000704a00000, 0x0000000704c00000, 0x0000000704c00000|100%| E|CS|TAMS 0x0000000704a00000| PB 0x0000000704a00000| Complete 
|  38|0x0000000704c00000, 0x0000000704e00000, 0x0000000704e00000|100%| E|CS|TAMS 0x0000000704c00000| PB 0x0000000704c00000| Complete 
|  39|0x0000000704e00000, 0x0000000705000000, 0x0000000705000000|100%| E|CS|TAMS 0x0000000704e00000| PB 0x0000000704e00000| Complete 
|  40|0x0000000705000000, 0x0000000705200000, 0x0000000705200000|100%| E|CS|TAMS 0x0000000705000000| PB 0x0000000705000000| Complete 
|  41|0x0000000705200000, 0x0000000705400000, 0x0000000705400000|100%| E|CS|TAMS 0x0000000705200000| PB 0x0000000705200000| Complete 
|  42|0x0000000705400000, 0x0000000705600000, 0x0000000705600000|100%| E|CS|TAMS 0x0000000705400000| PB 0x0000000705400000| Complete 
|  43|0x0000000705600000, 0x0000000705800000, 0x0000000705800000|100%| E|CS|TAMS 0x0000000705600000| PB 0x0000000705600000| Complete 
|  44|0x0000000705800000, 0x0000000705a00000, 0x0000000705a00000|100%| E|CS|TAMS 0x0000000705800000| PB 0x0000000705800000| Complete 
|  45|0x0000000705a00000, 0x0000000705c00000, 0x0000000705c00000|100%| E|CS|TAMS 0x0000000705a00000| PB 0x0000000705a00000| Complete 
|  46|0x0000000705c00000, 0x0000000705e00000, 0x0000000705e00000|100%| E|CS|TAMS 0x0000000705c00000| PB 0x0000000705c00000| Complete 
|  47|0x0000000705e00000, 0x0000000706000000, 0x0000000706000000|100%| E|CS|TAMS 0x0000000705e00000| PB 0x0000000705e00000| Complete 
|  48|0x0000000706000000, 0x0000000706200000, 0x0000000706200000|100%| E|CS|TAMS 0x0000000706000000| PB 0x0000000706000000| Complete 
|  49|0x0000000706200000, 0x0000000706400000, 0x0000000706400000|100%| E|CS|TAMS 0x0000000706200000| PB 0x0000000706200000| Complete 
|  50|0x0000000706400000, 0x0000000706600000, 0x0000000706600000|100%| E|CS|TAMS 0x0000000706400000| PB 0x0000000706400000| Complete 
|  51|0x0000000706600000, 0x0000000706800000, 0x0000000706800000|100%| E|CS|TAMS 0x0000000706600000| PB 0x0000000706600000| Complete 
|  52|0x0000000706800000, 0x0000000706a00000, 0x0000000706a00000|100%| E|CS|TAMS 0x0000000706800000| PB 0x0000000706800000| Complete 
|  53|0x0000000706a00000, 0x0000000706c00000, 0x0000000706c00000|100%| E|CS|TAMS 0x0000000706a00000| PB 0x0000000706a00000| Complete 
|  54|0x0000000706c00000, 0x0000000706e00000, 0x0000000706e00000|100%| E|CS|TAMS 0x0000000706c00000| PB 0x0000000706c00000| Complete 
|  55|0x0000000706e00000, 0x0000000707000000, 0x0000000707000000|100%| E|CS|TAMS 0x0000000706e00000| PB 0x0000000706e00000| Complete 
|  56|0x0000000707000000, 0x0000000707200000, 0x0000000707200000|100%| E|CS|TAMS 0x0000000707000000| PB 0x0000000707000000| Complete 
|  57|0x0000000707200000, 0x0000000707400000, 0x0000000707400000|100%| E|CS|TAMS 0x0000000707200000| PB 0x0000000707200000| Complete 
|  58|0x0000000707400000, 0x0000000707600000, 0x0000000707600000|100%| E|CS|TAMS 0x0000000707400000| PB 0x0000000707400000| Complete 

Card table byte_map: [0x0000012e37e60000,0x0000012e38660000] _byte_map_base: 0x0000012e34660000

Marking Bits: (CMBitMap*) 0x0000012e251aab60
 Bits: [0x0000012e38660000, 0x0000012e3c660000)

Polling page: 0x0000012e22fd0000

Metaspace:

Usage:
  Non-class:     15.34 MB used.
      Class:      2.53 MB used.
       Both:     17.86 MB used.

Virtual space:
  Non-class space:       64.00 MB reserved,      15.62 MB ( 24%) committed,  1 nodes.
      Class space:        1.00 GB reserved,       2.75 MB ( <1%) committed,  1 nodes.
             Both:        1.06 GB reserved,      18.38 MB (  2%) committed. 

Chunk freelists:
   Non-Class:  160.00 KB
       Class:  13.28 MB
        Both:  13.44 MB

MaxMetaspaceSize: unlimited
CompressedClassSpaceSize: 1.00 GB
Initial GC threshold: 21.00 MB
Current GC threshold: 21.00 MB
CDS: on
 - commit_granule_bytes: 65536.
 - commit_granule_words: 8192.
 - virtual_space_node_default_size: 8388608.
 - enlarge_chunks_in_place: 1.
 - use_allocation_guard: 0.


Internal statistics:

num_allocs_failed_limit: 0.
num_arena_births: 696.
num_arena_deaths: 0.
num_vsnodes_births: 2.
num_vsnodes_deaths: 0.
num_space_committed: 294.
num_space_uncommitted: 0.
num_chunks_returned_to_freelist: 0.
num_chunks_taken_from_freelist: 1382.
num_chunk_merges: 0.
num_chunk_splits: 895.
num_chunks_enlarged: 593.
num_inconsistent_stats: 0.

CodeHeap 'non-profiled nmethods': size=120000Kb used=1983Kb max_used=1983Kb free=118016Kb
 bounds [0x0000012e2fe00000, 0x0000012e30070000, 0x0000012e37330000]
CodeHeap 'profiled nmethods': size=120000Kb used=7105Kb max_used=7105Kb free=112894Kb
 bounds [0x0000012e28330000, 0x0000012e28a30000, 0x0000012e2f860000]
CodeHeap 'non-nmethods': size=5760Kb used=1418Kb max_used=1446Kb free=4341Kb
 bounds [0x0000012e2f860000, 0x0000012e2fad0000, 0x0000012e2fe00000]
CodeCache: size=245760Kb, used=10506Kb, max_used=10534Kb, free=235251Kb
 total_blobs=4240, nmethods=3664, adapters=480, full_count=0
Compilation: enabled, stopped_count=0, restarted_count=0

Compilation events (20 events):
Event: 399.061 Thread 0x0000012e3f077ff0 3688   !   4       java.net.URLClassLoader::findClass (47 bytes)
Event: 399.078 Thread 0x0000012e3f07d200 3689       3       java.util.concurrent.ConcurrentLinkedQueue::poll (84 bytes)
Event: 399.124 Thread 0x0000012e3f07d200 nmethod 3689 0x0000012e28a16290 code [0x0000012e28a168c0, 0x0000012e28a1a1a8]
Event: 399.141 Thread 0x0000012e3f07d200 3690       3       java.util.stream.ReduceOps$ReduceOp::evaluateSequential (18 bytes)
Event: 399.141 Thread 0x0000012e3f07d200 nmethod 3690 0x0000012e28a1b110 code [0x0000012e28a1b300, 0x0000012e28a1b780]
Event: 399.151 Thread 0x0000012e3f07d200 3691       1       sun.reflect.generics.repository.AbstractRepository::getFactory (5 bytes)
Event: 399.168 Thread 0x0000012e3f07d200 nmethod 3691 0x0000012e2ffefa90 code [0x0000012e2ffefc20, 0x0000012e2ffefcf0]
Event: 399.273 Thread 0x0000012e3f07d200 3692       3       java.lang.Class::privateGetDeclaredConstructors (79 bytes)
Event: 399.274 Thread 0x0000012e3f07d200 nmethod 3692 0x0000012e28a1b890 code [0x0000012e28a1baa0, 0x0000012e28a1bfb8]
Event: 399.278 Thread 0x0000012e3f07d200 3693       3       java.lang.invoke.LambdaForm$MH/0x0000012e410cc400::invoke (42 bytes)
Event: 399.312 Thread 0x0000012e3f07d200 nmethod 3693 0x0000012e28a1c190 code [0x0000012e28a1c420, 0x0000012e28a1d0e0]
Event: 399.797 Thread 0x0000012e3f07d200 3695   !   3       jdk.proxy1.$Proxy4::annotationType (29 bytes)
Event: 399.823 Thread 0x0000012e3f07d200 nmethod 3695 0x0000012e28a1d510 code [0x0000012e28a1d6e0, 0x0000012e28a1dae8]
Event: 400.125 Thread 0x0000012e3f07d200 3696       3       java.util.stream.ReferencePipeline$7::opWrapSink (10 bytes)
Event: 400.948 Thread 0x0000012e3f07d200 nmethod 3696 0x0000012e28a1dc90 code [0x0000012e28a1de80, 0x0000012e28a1e438]
Event: 400.948 Thread 0x0000012e3f07d200 3697       3       java.util.stream.ReferencePipeline$7$1::<init> (11 bytes)
Event: 400.949 Thread 0x0000012e3f07d200 nmethod 3697 0x0000012e28a1e610 code [0x0000012e28a1e800, 0x0000012e28a1ecf8]
Event: 400.949 Thread 0x0000012e3f07d200 3698       3       java.util.stream.ReferencePipeline$7$1::begin (13 bytes)
Event: 400.949 Thread 0x0000012e3f07d200 nmethod 3698 0x0000012e28a1ee90 code [0x0000012e28a1f040, 0x0000012e28a1f228]
Event: 401.164 Thread 0x0000012e3f07d200 3699       3       java.util.ArrayList$ArrayListSpliterator::forEachRemaining (127 bytes)

GC Heap History (8 events):
Event: 4.275 GC heap before
{Heap before GC invocations=0 (full 0):
 garbage-first heap   total 120832K, used 22528K [0x0000000700000000, 0x0000000800000000)
  region size 2048K, 11 young (22528K), 0 survivors (0K)
 Metaspace       used 887K, committed 1024K, reserved 1114112K
  class space    used 71K, committed 128K, reserved 1048576K
}
Event: 4.392 GC heap after
{Heap after GC invocations=1 (full 0):
 garbage-first heap   total 120832K, used 1536K [0x0000000700000000, 0x0000000800000000)
  region size 2048K, 1 young (2048K), 1 survivors (2048K)
 Metaspace       used 887K, committed 1024K, reserved 1114112K
  class space    used 71K, committed 128K, reserved 1048576K
}
Event: 7.962 GC heap before
{Heap before GC invocations=1 (full 0):
 garbage-first heap   total 120832K, used 42496K [0x0000000700000000, 0x0000000800000000)
  region size 2048K, 19 young (38912K), 1 survivors (2048K)
 Metaspace       used 4388K, committed 4544K, reserved 1114112K
  class space    used 554K, committed 640K, reserved 1048576K
}
Event: 7.975 GC heap after
{Heap after GC invocations=2 (full 0):
 garbage-first heap   total 120832K, used 11896K [0x0000000700000000, 0x0000000800000000)
  region size 2048K, 3 young (6144K), 3 survivors (6144K)
 Metaspace       used 4388K, committed 4544K, reserved 1114112K
  class space    used 554K, committed 640K, reserved 1048576K
}
Event: 21.694 GC heap before
{Heap before GC invocations=2 (full 0):
 garbage-first heap   total 120832K, used 69240K [0x0000000700000000, 0x0000000800000000)
  region size 2048K, 32 young (65536K), 3 survivors (6144K)
 Metaspace       used 6854K, committed 7104K, reserved 1114112K
  class space    used 928K, committed 1024K, reserved 1048576K
}
Event: 21.709 GC heap after
{Heap after GC invocations=3 (full 0):
 garbage-first heap   total 120832K, used 18934K [0x0000000700000000, 0x0000000800000000)
  region size 2048K, 4 young (8192K), 4 survivors (8192K)
 Metaspace       used 6854K, committed 7104K, reserved 1114112K
  class space    used 928K, committed 1024K, reserved 1048576K
}
Event: 160.443 GC heap before
{Heap before GC invocations=3 (full 0):
 garbage-first heap   total 120832K, used 82422K [0x0000000700000000, 0x0000000800000000)
  region size 2048K, 35 young (71680K), 4 survivors (8192K)
 Metaspace       used 15442K, committed 15872K, reserved 1114112K
  class space    used 2119K, committed 2304K, reserved 1048576K
}
Event: 160.603 GC heap after
{Heap after GC invocations=4 (full 0):
 garbage-first heap   total 120832K, used 22290K [0x0000000700000000, 0x0000000800000000)
  region size 2048K, 2 young (4096K), 2 survivors (4096K)
 Metaspace       used 15442K, committed 15872K, reserved 1114112K
  class space    used 2119K, committed 2304K, reserved 1048576K
}

Dll operation events (20 events):
Event: 1.417 Attempting to load shared library C:\Users\NAGARAJU\.antigravity-ide\extensions\redhat.java-1.56.0-win32-x64\jre\21.0.12.1-win32-x86_64\bin\nio.dll
Event: 1.421 Loaded shared library C:\Users\NAGARAJU\.antigravity-ide\extensions\redhat.java-1.56.0-win32-x64\jre\21.0.12.1-win32-x86_64\bin\nio.dll
Event: 1.427 Attempting to load shared library C:\Users\NAGARAJU\.antigravity-ide\extensions\redhat.java-1.56.0-win32-x64\jre\21.0.12.1-win32-x86_64\bin\zip.dll
Event: 1.427 Loaded shared library C:\Users\NAGARAJU\.antigravity-ide\extensions\redhat.java-1.56.0-win32-x64\jre\21.0.12.1-win32-x86_64\bin\zip.dll
Event: 4.400 Attempting to load shared library C:\Users\NAGARAJU\.antigravity-ide\extensions\redhat.java-1.56.0-win32-x64\jre\21.0.12.1-win32-x86_64\bin\jimage.dll
Event: 4.400 Loaded shared library C:\Users\NAGARAJU\.antigravity-ide\extensions\redhat.java-1.56.0-win32-x64\jre\21.0.12.1-win32-x86_64\bin\jimage.dll
Event: 5.351 Attempting to load shared library C:\Users\NAGARAJU\.antigravity-ide\extensions\redhat.java-1.56.0-win32-x64\jre\21.0.12.1-win32-x86_64\bin\verify.dll
Event: 5.356 Loaded shared library C:\Users\NAGARAJU\.antigravity-ide\extensions\redhat.java-1.56.0-win32-x64\jre\21.0.12.1-win32-x86_64\bin\verify.dll
Event: 5.760 Attempting to load shared library C:\Users\NAGARAJU\.gradle\native\1def1411415f61bf3af743bc5b6707747c0891f09f0c88961ee8f79bc544acac\windows-amd64\native-platform.dll
Event: 5.765 Loaded shared library C:\Users\NAGARAJU\.gradle\native\1def1411415f61bf3af743bc5b6707747c0891f09f0c88961ee8f79bc544acac\windows-amd64\native-platform.dll
Event: 5.821 Attempting to load shared library C:\Users\NAGARAJU\.gradle\native\0.2.7\x86_64-windows-gnu\gradle-fileevents.dll
Event: 5.826 Loaded shared library C:\Users\NAGARAJU\.gradle\native\0.2.7\x86_64-windows-gnu\gradle-fileevents.dll
Event: 20.921 Attempting to load shared library C:\Users\NAGARAJU\.antigravity-ide\extensions\redhat.java-1.56.0-win32-x64\jre\21.0.12.1-win32-x86_64\bin\management.dll
Event: 20.922 Loaded shared library C:\Users\NAGARAJU\.antigravity-ide\extensions\redhat.java-1.56.0-win32-x64\jre\21.0.12.1-win32-x86_64\bin\management.dll
Event: 20.926 Attempting to load shared library C:\Users\NAGARAJU\.antigravity-ide\extensions\redhat.java-1.56.0-win32-x64\jre\21.0.12.1-win32-x86_64\bin\management_ext.dll
Event: 20.928 Loaded shared library C:\Users\NAGARAJU\.antigravity-ide\extensions\redhat.java-1.56.0-win32-x64\jre\21.0.12.1-win32-x86_64\bin\management_ext.dll
Event: 22.718 Attempting to load shared library C:\Users\NAGARAJU\.antigravity-ide\extensions\redhat.java-1.56.0-win32-x64\jre\21.0.12.1-win32-x86_64\bin\extnet.dll
Event: 22.725 Loaded shared library C:\Users\NAGARAJU\.antigravity-ide\extensions\redhat.java-1.56.0-win32-x64\jre\21.0.12.1-win32-x86_64\bin\extnet.dll
Event: 30.858 Attempting to load shared library C:\Users\NAGARAJU\.antigravity-ide\extensions\redhat.java-1.56.0-win32-x64\jre\21.0.12.1-win32-x86_64\bin\sunmscapi.dll
Event: 30.880 Loaded shared library C:\Users\NAGARAJU\.antigravity-ide\extensions\redhat.java-1.56.0-win32-x64\jre\21.0.12.1-win32-x86_64\bin\sunmscapi.dll

Deoptimization events (20 events):
Event: 392.440 Thread 0x0000012e3f2047f0 Uncommon trap: trap_request=0xffffff45 fr.pc=0x0000012e2fe2ce94 relative=0x00000000000000f4
Event: 392.440 Thread 0x0000012e3f2047f0 Uncommon trap: reason=unstable_if action=reinterpret pc=0x0000012e2fe2ce94 method=java.util.HashMap.hash(Ljava/lang/Object;)I @ 1 c2
Event: 392.440 Thread 0x0000012e3f2047f0 DEOPT PACKING pc=0x0000012e2fe2ce94 sp=0x000000029e7fc4c0
Event: 392.440 Thread 0x0000012e3f2047f0 DEOPT UNPACKING pc=0x0000012e2f8b4422 sp=0x000000029e7fc400 mode 2
Event: 392.590 Thread 0x0000012e3f2047f0 Uncommon trap: trap_request=0xffffff45 fr.pc=0x0000012e2ff9ea20 relative=0x0000000000000080
Event: 392.590 Thread 0x0000012e3f2047f0 Uncommon trap: reason=unstable_if action=reinterpret pc=0x0000012e2ff9ea20 method=java.util.concurrent.locks.ReentrantLock$Sync.isHeldExclusively()Z @ 7 c2
Event: 392.590 Thread 0x0000012e3f2047f0 DEOPT PACKING pc=0x0000012e2ff9ea20 sp=0x000000029e7fc1d0
Event: 392.590 Thread 0x0000012e3f2047f0 DEOPT UNPACKING pc=0x0000012e2f8b4422 sp=0x000000029e7fc168 mode 2
Event: 395.674 Thread 0x0000012e3f2047f0 Uncommon trap: trap_request=0xffffff45 fr.pc=0x0000012e2ffc22d8 relative=0x0000000000000618
Event: 395.674 Thread 0x0000012e3f2047f0 Uncommon trap: reason=unstable_if action=reinterpret pc=0x0000012e2ffc22d8 method=java.util.ArrayList.grow(I)[Ljava/lang/Object; @ 17 c2
Event: 395.674 Thread 0x0000012e3f2047f0 DEOPT PACKING pc=0x0000012e2ffc22d8 sp=0x000000029e7fd450
Event: 395.674 Thread 0x0000012e3f2047f0 DEOPT UNPACKING pc=0x0000012e2f8b4422 sp=0x000000029e7fd408 mode 2
Event: 396.815 Thread 0x0000012e3f204160 Uncommon trap: trap_request=0xffffff45 fr.pc=0x0000012e2ffae79c relative=0x000000000000007c
Event: 396.815 Thread 0x0000012e3f204160 Uncommon trap: reason=unstable_if action=reinterpret pc=0x0000012e2ffae79c method=java.util.concurrent.ConcurrentLinkedQueue.poll()Ljava/lang/Object; @ 60 c2
Event: 396.815 Thread 0x0000012e3f204160 DEOPT PACKING pc=0x0000012e2ffae79c sp=0x000000029e8ff330
Event: 396.815 Thread 0x0000012e3f204160 DEOPT UNPACKING pc=0x0000012e2f8b4422 sp=0x000000029e8ff2b0 mode 2
Event: 396.832 Thread 0x0000012e3f2047f0 Uncommon trap: trap_request=0xfffffff4 fr.pc=0x0000012e2ff9d1b0 relative=0x00000000000004d0
Event: 396.832 Thread 0x0000012e3f2047f0 Uncommon trap: reason=null_check action=make_not_entrant pc=0x0000012e2ff9d1b0 method=java.io.File.equals(Ljava/lang/Object;)Z @ 1 c2
Event: 396.833 Thread 0x0000012e3f2047f0 DEOPT PACKING pc=0x0000012e2ff9d1b0 sp=0x000000029e7fd6a0
Event: 396.833 Thread 0x0000012e3f2047f0 DEOPT UNPACKING pc=0x0000012e2f8b4422 sp=0x000000029e7fd658 mode 2

Classes loaded (20 events):
Event: 396.355 Loading class java/lang/invoke/BoundMethodHandle$Species_LLLLLLLLLLLLLLLLLL
Event: 396.355 Loading class java/lang/invoke/BoundMethodHandle$Species_LLLLLLLLLLLLLLLLLL done
Event: 396.368 Loading class java/lang/invoke/BoundMethodHandle$Species_LLLLLLLLLLLLLLLLLLL
Event: 396.368 Loading class java/lang/invoke/BoundMethodHandle$Species_LLLLLLLLLLLLLLLLLLL done
Event: 396.381 Loading class java/lang/invoke/BoundMethodHandle$Species_LLLLLLLLLLLLLLLLLLLL
Event: 396.381 Loading class java/lang/invoke/BoundMethodHandle$Species_LLLLLLLLLLLLLLLLLLLL done
Event: 396.391 Loading class java/lang/invoke/BoundMethodHandle$Species_LLLLLLLLLLLLLLLLLLLLL
Event: 396.391 Loading class java/lang/invoke/BoundMethodHandle$Species_LLLLLLLLLLLLLLLLLLLLL done
Event: 396.401 Loading class java/lang/invoke/BoundMethodHandle$Species_LLLLLLLLLLLLLLLLLLLLLL
Event: 396.401 Loading class java/lang/invoke/BoundMethodHandle$Species_LLLLLLLLLLLLLLLLLLLLLL done
Event: 396.407 Loading class java/lang/invoke/BoundMethodHandle$Species_LLLLLLLLLLLLLLLLLLLLLLL
Event: 396.407 Loading class java/lang/invoke/BoundMethodHandle$Species_LLLLLLLLLLLLLLLLLLLLLLL done
Event: 396.415 Loading class java/lang/invoke/BoundMethodHandle$Species_LLLLLLLLLLLLLLLLLLLLLLLL
Event: 396.415 Loading class java/lang/invoke/BoundMethodHandle$Species_LLLLLLLLLLLLLLLLLLLLLLLL done
Event: 397.915 Loading class java/util/function/LongFunction
Event: 397.915 Loading class java/util/function/LongFunction done
Event: 398.389 Loading class java/security/InvalidKeyException
Event: 398.389 Loading class java/security/KeyException
Event: 398.390 Loading class java/security/KeyException done
Event: 398.390 Loading class java/security/InvalidKeyException done

Classes unloaded (0 events):
No events

Classes redefined (0 events):
No events

Internal exceptions (20 events):
Event: 390.448 Thread 0x0000012e3f2047f0 Exception <a 'java/lang/NoSuchMethodError'{0x00000007050edc48}: 'void java.lang.invoke.DirectMethodHandle$Holder.invokeStatic(java.lang.Object, java.lang.Object, java.lang.Object, java.lang.Object)'> (0x00000007050edc48) 
thrown [s\src\hotspot\share\interpreter\linkResolver.cpp, line 773]
Event: 390.452 Thread 0x0000012e3f2047f0 Exception <a 'java/lang/NoSuchMethodError'{0x00000007050f19d0}: 'void java.lang.invoke.DirectMethodHandle$Holder.invokeStaticInit(java.lang.Object, java.lang.Object, java.lang.Object, java.lang.Object)'> (0x00000007050f19d0) 
thrown [s\src\hotspot\share\interpreter\linkResolver.cpp, line 773]
Event: 391.665 Thread 0x0000012e3f2047f0 Exception <a 'java/lang/NoSuchMethodError'{0x00000007051474f0}: 'java.lang.Object java.lang.invoke.DirectMethodHandle$Holder.invokeInterface(java.lang.Object, java.lang.Object, java.lang.Object)'> (0x00000007051474f0) 
thrown [s\src\hotspot\share\interpreter\linkResolver.cpp, line 773]
Event: 392.056 Thread 0x0000012e3f2047f0 Exception <a 'java/lang/NoSuchMethodError'{0x0000000704f3a698}: 'int java.lang.invoke.DirectMethodHandle$Holder.invokeSpecialIFC(java.lang.Object, java.lang.Object, java.lang.Object, java.lang.Object)'> (0x0000000704f3a698) 
thrown [s\src\hotspot\share\interpreter\linkResolver.cpp, line 773]
Event: 392.068 Thread 0x0000012e3f2047f0 Exception <a 'java/lang/IncompatibleClassChangeError'{0x0000000704f47940}: Found class java.lang.Object, but interface was expected> (0x0000000704f47940) 
thrown [s\src\hotspot\share\interpreter\linkResolver.cpp, line 840]
Event: 392.440 Thread 0x0000012e3f2047f0 Implicit null exception at 0x0000012e2fe2cde6 to 0x0000012e2fe2ce8a
Event: 392.644 Thread 0x0000012e3f2047f0 Exception <a 'java/lang/NoSuchMethodError'{0x0000000704d4c920}: 'int java.lang.invoke.DirectMethodHandle$Holder.invokeStatic(java.lang.Object, java.lang.Object, java.lang.Object, java.lang.Object)'> (0x0000000704d4c920) 
thrown [s\src\hotspot\share\interpreter\linkResolver.cpp, line 773]
Event: 396.080 Thread 0x0000012e3f2047f0 Exception <a 'java/lang/NoSuchMethodError'{0x0000000704be7b48}: 'java.lang.Object java.lang.invoke.DelegatingMethodHandle$Holder.reinvoke_L(java.lang.Object, java.lang.Object, java.lang.Object, java.lang.Object, java.lang.Object, java.lang.Object, java.lang.Object, java.lang.Object, java.lang.Object, java.lang.Object, java.lang.Object, java.lang.Object, java.lang.Object, java.lang.Object, java.lang.Object, java.lang.Object, java.lang.Object, java.lang.Object, java.lang.Object, java.lang.Object, java.lang.O
Event: 396.255 Thread 0x0000012e3f2047f0 Exception <a 'java/lang/NoSuchMethodError'{0x0000000704856218}: 'java.lang.Object java.lang.invoke.DirectMethodHandle$Holder.invokeStatic(java.lang.Object, java.lang.Object, java.lang.Object, java.lang.Object, java.lang.Object, java.lang.Object, java.lang.Object, java.lang.Object, java.lang.Object, java.lang.Object, java.lang.Object, java.lang.Object, java.lang.Object, java.lang.Object, java.lang.Object, java.lang.Object, java.lang.Object)'> (0x0000000704856218) 
thrown [s\src\hotspot\share\interpreter\lin
Event: 396.320 Thread 0x0000012e3f2047f0 Exception <a 'java/lang/NoSuchMethodError'{0x000000070487ebb0}: 'java.lang.Object java.lang.invoke.DirectMethodHandle$Holder.invokeStatic(java.lang.Object, java.lang.Object, java.lang.Object, java.lang.Object, java.lang.Object, java.lang.Object, java.lang.Object, java.lang.Object, java.lang.Object, java.lang.Object, java.lang.Object, java.lang.Object, java.lang.Object, java.lang.Object, java.lang.Object, java.lang.Object, java.lang.Object, java.lang.Object)'> (0x000000070487ebb0) 
thrown [s\src\hotspot\sha
Event: 396.330 Thread 0x0000012e3f2047f0 Exception <a 'java/lang/NoSuchMethodError'{0x00000007048a8c18}: 'java.lang.Object java.lang.invoke.DirectMethodHandle$Holder.invokeStatic(java.lang.Object, java.lang.Object, java.lang.Object, java.lang.Object, java.lang.Object, java.lang.Object, java.lang.Object, java.lang.Object, java.lang.Object, java.lang.Object, java.lang.Object, java.lang.Object, java.lang.Object, java.lang.Object, java.lang.Object, java.lang.Object, java.lang.Object, java.lang.Object, java.lang.Object)'> (0x00000007048a8c18) 
thrown 
Event: 396.340 Thread 0x0000012e3f2047f0 Exception <a 'java/lang/NoSuchMethodError'{0x00000007048d3e10}: 'java.lang.Object java.lang.invoke.DirectMethodHandle$Holder.invokeStatic(java.lang.Object, java.lang.Object, java.lang.Object, java.lang.Object, java.lang.Object, java.lang.Object, java.lang.Object, java.lang.Object, java.lang.Object, java.lang.Object, java.lang.Object, java.lang.Object, java.lang.Object, java.lang.Object, java.lang.Object, java.lang.Object, java.lang.Object, java.lang.Object, java.lang.Object, java.lang.Object)'> (0x00000007
Event: 396.363 Thread 0x0000012e3f2047f0 Exception <a 'java/lang/NoSuchMethodError'{0x0000000704900238}: 'java.lang.Object java.lang.invoke.DirectMethodHandle$Holder.invokeStatic(java.lang.Object, java.lang.Object, java.lang.Object, java.lang.Object, java.lang.Object, java.lang.Object, java.lang.Object, java.lang.Object, java.lang.Object, java.lang.Object, java.lang.Object, java.lang.Object, java.lang.Object, java.lang.Object, java.lang.Object, java.lang.Object, java.lang.Object, java.lang.Object, java.lang.Object, java.lang.Object, java.lang.Obj
Event: 396.374 Thread 0x0000012e3f2047f0 Exception <a 'java/lang/NoSuchMethodError'{0x000000070492d828}: 'java.lang.Object java.lang.invoke.DirectMethodHandle$Holder.invokeStatic(java.lang.Object, java.lang.Object, java.lang.Object, java.lang.Object, java.lang.Object, java.lang.Object, java.lang.Object, java.lang.Object, java.lang.Object, java.lang.Object, java.lang.Object, java.lang.Object, java.lang.Object, java.lang.Object, java.lang.Object, java.lang.Object, java.lang.Object, java.lang.Object, java.lang.Object, java.lang.Object, java.lang.Obj
Event: 396.383 Thread 0x0000012e3f2047f0 Exception <a 'java/lang/NoSuchMethodError'{0x000000070495c0b8}: 'java.lang.Object java.lang.invoke.DirectMethodHandle$Holder.invokeStatic(java.lang.Object, java.lang.Object, java.lang.Object, java.lang.Object, java.lang.Object, java.lang.Object, java.lang.Object, java.lang.Object, java.lang.Object, java.lang.Object, java.lang.Object, java.lang.Object, java.lang.Object, java.lang.Object, java.lang.Object, java.lang.Object, java.lang.Object, java.lang.Object, java.lang.Object, java.lang.Object, java.lang.Obj
Event: 396.395 Thread 0x0000012e3f2047f0 Exception <a 'java/lang/NoSuchMethodError'{0x000000070498b258}: 'java.lang.Object java.lang.invoke.DirectMethodHandle$Holder.invokeStatic(java.lang.Object, java.lang.Object, java.lang.Object, java.lang.Object, java.lang.Object, java.lang.Object, java.lang.Object, java.lang.Object, java.lang.Object, java.lang.Object, java.lang.Object, java.lang.Object, java.lang.Object, java.lang.Object, java.lang.Object, java.lang.Object, java.lang.Object, java.lang.Object, java.lang.Object, java.lang.Object, java.lang.Obj
Event: 396.404 Thread 0x0000012e3f2047f0 Exception <a 'java/lang/NoSuchMethodError'{0x00000007049bb440}: 'java.lang.Object java.lang.invoke.DirectMethodHandle$Holder.invokeStatic(java.lang.Object, java.lang.Object, java.lang.Object, java.lang.Object, java.lang.Object, java.lang.Object, java.lang.Object, java.lang.Object, java.lang.Object, java.lang.Object, java.lang.Object, java.lang.Object, java.lang.Object, java.lang.Object, java.lang.Object, java.lang.Object, java.lang.Object, java.lang.Object, java.lang.Object, java.lang.Object, java.lang.Obj
Event: 396.412 Thread 0x0000012e3f2047f0 Exception <a 'java/lang/NoSuchMethodError'{0x00000007049ebd98}: 'java.lang.Object java.lang.invoke.DirectMethodHandle$Holder.invokeStatic(java.lang.Object, java.lang.Object, java.lang.Object, java.lang.Object, java.lang.Object, java.lang.Object, java.lang.Object, java.lang.Object, java.lang.Object, java.lang.Object, java.lang.Object, java.lang.Object, java.lang.Object, java.lang.Object, java.lang.Object, java.lang.Object, java.lang.Object, java.lang.Object, java.lang.Object, java.lang.Object, java.lang.Obj
Event: 396.473 Thread 0x0000012e3f2047f0 Exception <a 'java/lang/NoSuchMethodError'{0x000000070461e700}: 'java.lang.Object java.lang.invoke.DirectMethodHandle$Holder.invokeStatic(java.lang.Object, java.lang.Object, java.lang.Object, java.lang.Object, java.lang.Object, java.lang.Object, java.lang.Object, java.lang.Object, java.lang.Object, java.lang.Object, java.lang.Object, java.lang.Object, java.lang.Object, java.lang.Object, java.lang.Object, java.lang.Object, java.lang.Object, java.lang.Object, java.lang.Object, java.lang.Object, java.lang.Obj
Event: 396.832 Thread 0x0000012e3f2047f0 Implicit null exception at 0x0000012e2ff9cd20 to 0x0000012e2ff9d1a0

ZGC Phase Switch (0 events):
No events

VM Operations (20 events):
Event: 392.177 Executing non-safepoint VM operation: HandshakeAllThreads (Deoptimize)
Event: 392.181 Executing non-safepoint VM operation: HandshakeAllThreads (Deoptimize) done
Event: 393.186 Executing safepoint VM operation: Cleanup
Event: 393.833 Executing safepoint VM operation: Cleanup done
Event: 394.833 Executing safepoint VM operation: Cleanup
Event: 395.284 Executing safepoint VM operation: Cleanup done
Event: 396.293 Executing safepoint VM operation: Cleanup
Event: 396.308 Executing safepoint VM operation: Cleanup done
Event: 396.532 Executing non-safepoint VM operation: HandshakeAllThreads (Deoptimize)
Event: 396.532 Executing non-safepoint VM operation: HandshakeAllThreads (Deoptimize) done
Event: 396.534 Executing non-safepoint VM operation: HandshakeAllThreads (Deoptimize)
Event: 396.534 Executing non-safepoint VM operation: HandshakeAllThreads (Deoptimize) done
Event: 397.541 Executing safepoint VM operation: Cleanup
Event: 397.571 Executing safepoint VM operation: Cleanup done
Event: 398.582 Executing safepoint VM operation: Cleanup
Event: 398.597 Executing safepoint VM operation: Cleanup done
Event: 399.602 Executing safepoint VM operation: Cleanup
Event: 399.617 Executing safepoint VM operation: Cleanup done
Event: 400.622 Executing safepoint VM operation: Cleanup
Event: 400.931 Executing safepoint VM operation: Cleanup done

Memory protections (0 events):
No events

Nmethod flushes (0 events):
No events

Events (20 events):
Event: 1.237 Thread 0x0000012e2513dda0 Thread added: 0x0000012e3f2f2680
Event: 1.484 Thread 0x0000012e2513dda0 Thread added: 0x0000012e3f31e5c0
Event: 21.123 Thread 0x0000012e2513dda0 Thread added: 0x0000012e85c2a800
Event: 23.992 Thread 0x0000012e2513dda0 Thread added: 0x0000012e853ae670
Event: 30.402 Thread 0x0000012e2513dda0 Thread added: 0x0000012e85a45340
Event: 31.077 Thread 0x0000012e853ae670 Thread added: 0x0000012e3f206860
Event: 31.132 Thread 0x0000012e3f206860 Thread added: 0x0000012e8542b850
Event: 31.494 Thread 0x0000012e3f206860 Thread added: 0x0000012e8520f1b0
Event: 31.674 Thread 0x0000012e3f206860 Thread added: 0x0000012e3f2047f0
Event: 31.833 Thread 0x0000012e3f2047f0 Thread added: 0x0000012e3f204160
Event: 31.839 Thread 0x0000012e3f2047f0 Thread added: 0x0000012e3f205510
Event: 31.843 Thread 0x0000012e3f2047f0 Thread added: 0x0000012e3f203ad0
Event: 32.454 Thread 0x0000012e3f2047f0 Thread added: 0x0000012e3f204e80
Event: 32.603 Thread 0x0000012e3f2047f0 Thread added: 0x0000012e3f202db0
Event: 32.652 Thread 0x0000012e3f2047f0 Thread added: 0x0000012e3f202720
Event: 36.610 Thread 0x0000012e3f202db0 Thread added: 0x0000012e3f202090
Event: 98.041 Thread 0x0000012e3f202090 Thread exited: 0x0000012e3f202090
Event: 309.095 Thread 0x0000012e3f202db0 Thread added: 0x0000012e3f202090
Event: 369.684 Thread 0x0000012e3f202090 Thread exited: 0x0000012e3f202090
Event: 389.047 Thread 0x0000012e3f202db0 Thread added: 0x0000012e3f203440


Dynamic libraries:
0x00007ff6aaf70000 - 0x00007ff6aaf7e000 	C:\Users\NAGARAJU\.antigravity-ide\extensions\redhat.java-1.56.0-win32-x64\jre\21.0.12.1-win32-x86_64\bin\java.exe
0x00007ffba2e60000 - 0x00007ffba30c6000 	C:\WINDOWS\SYSTEM32\ntdll.dll
0x00007ffba16f0000 - 0x00007ffba17b9000 	C:\WINDOWS\System32\KERNEL32.DLL
0x00007ffba01d0000 - 0x00007ffba05cf000 	C:\WINDOWS\System32\KERNELBASE.dll
0x00007ffba0070000 - 0x00007ffba01bc000 	C:\WINDOWS\System32\ucrtbase.dll
0x00007ffb616c0000 - 0x00007ffb616d8000 	C:\Users\NAGARAJU\.antigravity-ide\extensions\redhat.java-1.56.0-win32-x64\jre\21.0.12.1-win32-x86_64\bin\jli.dll
0x00007ffba2320000 - 0x00007ffba24e6000 	C:\WINDOWS\System32\USER32.dll
0x00007ffba08a0000 - 0x00007ffba08c7000 	C:\WINDOWS\System32\win32u.dll
0x00007ffba2df0000 - 0x00007ffba2e1b000 	C:\WINDOWS\System32\GDI32.dll
0x00007ffba05e0000 - 0x00007ffba0709000 	C:\WINDOWS\System32\gdi32full.dll
0x00007ffba0ae0000 - 0x00007ffba0b83000 	C:\WINDOWS\System32\msvcp_win.dll
0x00007ffb88780000 - 0x00007ffb88a11000 	C:\WINDOWS\WinSxS\amd64_microsoft.windows.common-controls_6595b64144ccf1df_6.0.26100.8972_none_3e0da176e32f9d4b\COMCTL32.dll
0x00007ffb616e0000 - 0x00007ffb616fe000 	C:\Users\NAGARAJU\.antigravity-ide\extensions\redhat.java-1.56.0-win32-x64\jre\21.0.12.1-win32-x86_64\bin\VCRUNTIME140.dll
0x00007ffba24f0000 - 0x00007ffba2599000 	C:\WINDOWS\System32\msvcrt.dll
0x00007ffba2150000 - 0x00007ffba2182000 	C:\WINDOWS\System32\IMM32.DLL
0x00007ffb83500000 - 0x00007ffb8350c000 	C:\Users\NAGARAJU\.antigravity-ide\extensions\redhat.java-1.56.0-win32-x64\jre\21.0.12.1-win32-x86_64\bin\vcruntime140_1.dll
0x00007ffb1bac0000 - 0x00007ffb1bb4d000 	C:\Users\NAGARAJU\.antigravity-ide\extensions\redhat.java-1.56.0-win32-x64\jre\21.0.12.1-win32-x86_64\bin\msvcp140.dll
0x00007ffac8530000 - 0x00007ffac92d2000 	C:\Users\NAGARAJU\.antigravity-ide\extensions\redhat.java-1.56.0-win32-x64\jre\21.0.12.1-win32-x86_64\bin\server\jvm.dll
0x00007ffba0d00000 - 0x00007ffba0dbc000 	C:\WINDOWS\System32\ADVAPI32.dll
0x00007ffba28a0000 - 0x00007ffba294a000 	C:\WINDOWS\System32\sechost.dll
0x00007ffba25a0000 - 0x00007ffba26b8000 	C:\WINDOWS\System32\RPCRT4.dll
0x00007ffba1ab0000 - 0x00007ffba1b32000 	C:\WINDOWS\System32\WS2_32.dll
0x00007ffb9fed0000 - 0x00007ffb9ff2e000 	C:\WINDOWS\SYSTEM32\POWRPROF.dll
0x00007ffb99840000 - 0x00007ffb99876000 	C:\WINDOWS\SYSTEM32\WINMM.dll
0x00007ffb99880000 - 0x00007ffb9988b000 	C:\WINDOWS\SYSTEM32\VERSION.dll
0x00007ffb9feb0000 - 0x00007ffb9fec5000 	C:\WINDOWS\SYSTEM32\UMPDC.dll
0x00007ffb9ed60000 - 0x00007ffb9ed7b000 	C:\WINDOWS\SYSTEM32\kernel.appcore.dll
0x00007ffb82eb0000 - 0x00007ffb82eba000 	C:\Users\NAGARAJU\.antigravity-ide\extensions\redhat.java-1.56.0-win32-x64\jre\21.0.12.1-win32-x86_64\bin\jimage.dll
0x00007ffb94900000 - 0x00007ffb94b42000 	C:\WINDOWS\SYSTEM32\DBGHELP.DLL
0x00007ffba2a10000 - 0x00007ffba2d95000 	C:\WINDOWS\System32\combase.dll
0x00007ffba21c0000 - 0x00007ffba2299000 	C:\WINDOWS\System32\OLEAUT32.dll
0x00007ffb81c30000 - 0x00007ffb81c6b000 	C:\WINDOWS\SYSTEM32\dbgcore.DLL
0x00007ffba08d0000 - 0x00007ffba097c000 	C:\WINDOWS\System32\bcryptPrimitives.dll
0x00007ffb65d80000 - 0x00007ffb65d8f000 	C:\Users\NAGARAJU\.antigravity-ide\extensions\redhat.java-1.56.0-win32-x64\jre\21.0.12.1-win32-x86_64\bin\instrument.dll
0x00007ffb5fe50000 - 0x00007ffb5fe70000 	C:\Users\NAGARAJU\.antigravity-ide\extensions\redhat.java-1.56.0-win32-x64\jre\21.0.12.1-win32-x86_64\bin\java.dll
0x00007ffba0f50000 - 0x00007ffba16d8000 	C:\WINDOWS\System32\SHELL32.dll
0x00007ffb9db40000 - 0x00007ffb9e3db000 	C:\WINDOWS\SYSTEM32\windows.storage.dll
0x00007ffba0dd0000 - 0x00007ffba0ec9000 	C:\WINDOWS\System32\SHCORE.dll
0x00007ffba0c90000 - 0x00007ffba0cf6000 	C:\WINDOWS\System32\shlwapi.dll
0x00007ffb9ff90000 - 0x00007ffb9ffb9000 	C:\WINDOWS\SYSTEM32\profapi.dll
0x00007ffb4d020000 - 0x00007ffb4d038000 	C:\Users\NAGARAJU\.antigravity-ide\extensions\redhat.java-1.56.0-win32-x64\jre\21.0.12.1-win32-x86_64\bin\zip.dll
0x00007ffb72940000 - 0x00007ffb72950000 	C:\Users\NAGARAJU\.antigravity-ide\extensions\redhat.java-1.56.0-win32-x64\jre\21.0.12.1-win32-x86_64\bin\net.dll
0x00007ffb95940000 - 0x00007ffb95a68000 	C:\WINDOWS\SYSTEM32\WINHTTP.dll
0x00007ffb9f310000 - 0x00007ffb9f37c000 	C:\WINDOWS\system32\mswsock.dll
0x00007ffb5f9d0000 - 0x00007ffb5f9e6000 	C:\Users\NAGARAJU\.antigravity-ide\extensions\redhat.java-1.56.0-win32-x64\jre\21.0.12.1-win32-x86_64\bin\nio.dll
0x00007ffb62900000 - 0x00007ffb62910000 	C:\Users\NAGARAJU\.antigravity-ide\extensions\redhat.java-1.56.0-win32-x64\jre\21.0.12.1-win32-x86_64\bin\verify.dll
0x00007ffb1ba00000 - 0x00007ffb1ba27000 	C:\Users\NAGARAJU\.gradle\native\1def1411415f61bf3af743bc5b6707747c0891f09f0c88961ee8f79bc544acac\windows-amd64\native-platform.dll
0x00007ffafafa0000 - 0x00007ffafb018000 	C:\Users\NAGARAJU\.gradle\native\0.2.7\x86_64-windows-gnu\gradle-fileevents.dll
0x00007ffb95860000 - 0x00007ffb9586a000 	C:\Users\NAGARAJU\.antigravity-ide\extensions\redhat.java-1.56.0-win32-x64\jre\21.0.12.1-win32-x86_64\bin\management.dll
0x00007ffb831e0000 - 0x00007ffb831ec000 	C:\Users\NAGARAJU\.antigravity-ide\extensions\redhat.java-1.56.0-win32-x64\jre\21.0.12.1-win32-x86_64\bin\management_ext.dll
0x00007ffba1cb0000 - 0x00007ffba1cb8000 	C:\WINDOWS\System32\PSAPI.DLL
0x00007ffb9e6b0000 - 0x00007ffb9e6e3000 	C:\WINDOWS\SYSTEM32\IPHLPAPI.DLL
0x00007ffba16e0000 - 0x00007ffba16ea000 	C:\WINDOWS\System32\NSI.dll
0x00007ffb831d0000 - 0x00007ffb831d9000 	C:\Users\NAGARAJU\.antigravity-ide\extensions\redhat.java-1.56.0-win32-x64\jre\21.0.12.1-win32-x86_64\bin\extnet.dll
0x00007ffb9f600000 - 0x00007ffb9f61b000 	C:\WINDOWS\SYSTEM32\CRYPTSP.dll
0x00007ffb9ecc0000 - 0x00007ffb9ecf9000 	C:\WINDOWS\system32\rsaenh.dll
0x00007ffb9f3c0000 - 0x00007ffb9f3f2000 	C:\WINDOWS\SYSTEM32\USERENV.dll
0x00007ffb9ff60000 - 0x00007ffb9ff8a000 	C:\WINDOWS\SYSTEM32\bcrypt.dll
0x00007ffb9f620000 - 0x00007ffb9f62c000 	C:\WINDOWS\SYSTEM32\CRYPTBASE.dll
0x00007ffb831c0000 - 0x00007ffb831ce000 	C:\Users\NAGARAJU\.antigravity-ide\extensions\redhat.java-1.56.0-win32-x64\jre\21.0.12.1-win32-x86_64\bin\sunmscapi.dll
0x00007ffba0710000 - 0x00007ffba088e000 	C:\WINDOWS\System32\CRYPT32.dll
0x00007ffb9f840000 - 0x00007ffb9f870000 	C:\WINDOWS\SYSTEM32\ncrypt.dll
0x00007ffb9f7f0000 - 0x00007ffb9f82f000 	C:\WINDOWS\SYSTEM32\NTASN1.dll
0x00007ffb15860000 - 0x00007ffb15868000 	C:\WINDOWS\system32\wshunix.dll

JVMTI agents:
C:\Users\NAGARAJU\.gradle\wrapper\dists\gradle-8.14.1-bin\baw1sv0jfoi8rxs14qo3h49cs\gradle-8.14.1\lib\agents\gradle-instrumentation-agent-8.14.1.jar path:C:\Users\NAGARAJU\.antigravity-ide\extensions\redhat.java-1.56.0-win32-x64\jre\21.0.12.1-win32-x86_64\bin\instrument.dll, loaded, initialized, instrumentlib options:none

dbghelp: loaded successfully - version: 4.0.5 - missing functions: none
symbol engine: initialized successfully - sym options: 0x614 - pdb path: .;C:\Users\NAGARAJU\.antigravity-ide\extensions\redhat.java-1.56.0-win32-x64\jre\21.0.12.1-win32-x86_64\bin;C:\WINDOWS\SYSTEM32;C:\WINDOWS\WinSxS\amd64_microsoft.windows.common-controls_6595b64144ccf1df_6.0.26100.8972_none_3e0da176e32f9d4b;C:\Users\NAGARAJU\.antigravity-ide\extensions\redhat.java-1.56.0-win32-x64\jre\21.0.12.1-win32-x86_64\bin\server;C:\Users\NAGARAJU\.gradle\native\1def1411415f61bf3af743bc5b6707747c0891f09f0c88961ee8f79bc544acac\windows-amd64;C:\Users\NAGARAJU\.gradle\native\0.2.7\x86_64-windows-gnu

VM Arguments:
jvm_args: --add-opens=java.base/java.lang=ALL-UNNAMED --add-opens=java.base/java.lang.invoke=ALL-UNNAMED --add-opens=java.base/java.util=ALL-UNNAMED --add-opens=java.prefs/java.util.prefs=ALL-UNNAMED --add-exports=jdk.compiler/com.sun.tools.javac.api=ALL-UNNAMED --add-exports=jdk.compiler/com.sun.tools.javac.util=ALL-UNNAMED --add-opens=java.base/java.util=ALL-UNNAMED --add-opens=java.prefs/java.util.prefs=ALL-UNNAMED --add-opens=java.base/java.nio.charset=ALL-UNNAMED --add-opens=java.base/java.net=ALL-UNNAMED --add-opens=java.base/java.util.concurrent.atomic=ALL-UNNAMED --add-opens=java.xml/javax.xml.namespace=ALL-UNNAMED -Xmx4096m -Dfile.encoding=UTF-8 -Duser.country=IN -Duser.language=en -Duser.variant -javaagent:C:\Users\NAGARAJU\.gradle\wrapper\dists\gradle-8.14.1-bin\baw1sv0jfoi8rxs14qo3h49cs\gradle-8.14.1\lib\agents\gradle-instrumentation-agent-8.14.1.jar 
java_command: org.gradle.launcher.daemon.bootstrap.GradleDaemon 8.14.1
java_class_path (initial): C:\Users\NAGARAJU\.gradle\wrapper\dists\gradle-8.14.1-bin\baw1sv0jfoi8rxs14qo3h49cs\gradle-8.14.1\lib\gradle-daemon-main-8.14.1.jar
Launcher Type: SUN_STANDARD

[Global flags]
     intx CICompilerCount                          = 4                                         {product} {ergonomic}
     uint ConcGCThreads                            = 2                                         {product} {ergonomic}
     uint G1ConcRefinementThreads                  = 8                                         {product} {ergonomic}
   size_t G1HeapRegionSize                         = 2097152                                   {product} {ergonomic}
    uintx GCDrainStackTargetSize                   = 64                                        {product} {ergonomic}
   size_t InitialHeapSize                          = 123731968                                 {product} {ergonomic}
   size_t MarkStackSize                            = 4194304                                   {product} {ergonomic}
   size_t MaxHeapSize                              = 4294967296                                {product} {command line}
   size_t MaxNewSize                               = 2575302656                                {product} {ergonomic}
   size_t MinHeapDeltaBytes                        = 2097152                                   {product} {ergonomic}
   size_t MinHeapSize                              = 8388608                                   {product} {ergonomic}
    uintx NonNMethodCodeHeapSize                   = 5839372                                {pd product} {ergonomic}
    uintx NonProfiledCodeHeapSize                  = 122909434                              {pd product} {ergonomic}
    uintx ProfiledCodeHeapSize                     = 122909434                              {pd product} {ergonomic}
    uintx ReservedCodeCacheSize                    = 251658240                              {pd product} {ergonomic}
     bool SegmentedCodeCache                       = true                                      {product} {ergonomic}
   size_t SoftMaxHeapSize                          = 4294967296                             {manageable} {ergonomic}
     bool UseCompressedOops                        = true                           {product lp64_product} {ergonomic}
     bool UseG1GC                                  = true                                      {product} {ergonomic}
     bool UseLargePagesIndividualAllocation        = false                                  {pd product} {ergonomic}

Logging:
Log output configuration:
 #0: stdout all=warning uptime,level,tags foldmultilines=false
 #1: stderr all=off uptime,level,tags foldmultilines=false

Release file:
JAVA_VERSION="21.0.12.1" 
MODULES="java.base java.compiler java.datatransfer java.xml java.prefs java.desktop java.instrument java.logging java.management java.security.sasl java.naming java.rmi java.management.rmi java.net.http java.scripting java.security.jgss java.transaction.xa java.sql java.sql.rowset java.xml.crypto java.se java.smartcardio jdk.accessibility jdk.internal.jvmstat jdk.attach jdk.charsets jdk.internal.opt jdk.zipfs jdk.compiler jdk.crypto.ec jdk.crypto.cryptoki jdk.crypto.mscapi jdk.dynalink jdk.internal.ed jdk.editpad jdk.hotspot.agent jdk.httpserver jdk.internal.le jdk.internal.vm.ci jdk.internal.vm.compiler jdk.internal.vm.compiler.management jdk.jartool jdk.javadoc jdk.jcmd jdk.management jdk.management.agent jdk.jconsole jdk.jdeps jdk.jdwp.agent jdk.jdi jdk.jfr jdk.jshell jdk.jsobject jdk.jstatd jdk.localedata jdk.management.jfr jdk.naming.dns jdk.naming.rmi jdk.net jdk.nio.mapmode jdk.random jdk.sctp jdk.security.auth jdk.security.jgss jdk.unsupported jdk.unsupported.desktop jdk.xml.dom" 

Environment Variables:
JAVA_HOME=C:\Program Files\Eclipse Adoptium\jdk-21.0.11.10-hotspot
PATH=C:\Program Files\Eclipse Adoptium\jdk-21.0.11.10-hotspot\bin;C:\Program Files\Eclipse Adoptium\jdk-11.0.26.4-hotspot\bin;C:\Program Files\Eclipse Adoptium\jdk-17.0.14.7-hotspot\bin;C:\Program Files\Java\jdk-17\bin;C:\Program Files\nodejs;E:\Android\Sdk\platform-tools;E:\Android\Sdk\emulator;E:\Android\Sdk\cmdline-tools\latest\bin;C:\Users\NAGARAJU\AppData\Local\Android\Sdk\platform-tools;C:\Users\NAGARAJU\AppData\Local\Android\Sdk\emulator;C:\Users\NAGARAJU\AppData\Local\Android\Sdk\cmdline-tools\latest\bin;C:\Program Files\Eclipse Adoptium\jdk-21.0.11.10-hotspot\bin;C:\Program Files\Eclipse Adoptium\jdk-11.0.26.4-hotspot\bin;C:\Program Files\Eclipse Adoptium\jdk-17.0.14.7-hotspot\bin;C:\Program Files\Java\jdk-17\bin;C:\Program Files\nodejs;E:\Android\Sdk\platform-tools;E:\Android\Sdk\emulator;E:\Android\Sdk\cmdline-tools\latest\bin;C:\Users\NAGARAJU\AppData\Local\Android\Sdk\platform-tools;C:\Users\NAGARAJU\AppData\Local\Android\Sdk\emulator;C:\Users\NAGARAJU\AppData\Local\Android\Sdk\cmdline-tools\latest\bin;C:\Program Files\Eclipse Adoptium\jdk-21.0.11.10-hotspot\bin;C:\Program Files\Eclipse Adoptium\jdk-11.0.26.4-hotspot\bin;C:\Program Files\Eclipse Adoptium\jdk-17.0.14.7-hotspot\bin;C:\Program Files\Java\jdk-17\bin;C:\Program Files\nodejs;E:\Android\Sdk\platform-tools;E:\Android\Sdk\emulator;E:\Android\Sdk\cmdline-tools\latest\bin;C:\Users\NAGARAJU\AppData\Local\Android\Sdk\platform-tools;C:\Users\NAGARAJU\AppData\Local\Android\Sdk\emulator;C:\Users\NAGARAJU\AppData\Local\Android\Sdk\cmdline-tools\latest\bin;C:\WINDOWS\System32;C:\ProgramData\chocolatey\bin;C:\Program Files\nodejs\;C:\Program Files\Git\cmd;C:\Windows\System32;C:\Windows\System32\WindowsPowerShell\v1.0;C:\Windows\System32\OpenSSH;C:\Windows\System32\WindowsPowerShell\v1.0\;C:\Users\NAGARAJU\Downloads\stripe_1.30.0_windows_x86_64;C:\WINDOWS\system32;C:\WINDOWS;C:\WINDOWS\System32\Wbem;C:\WINDOWS\System32\WindowsPowerShell\v1.0\;C:\WINDOWS\System32\OpenSSH\;C:\ProgramData\chocolatey\bin;C:\Program Files\nodejs\;C:\Program Files\Git\cmd;C:\Windows\System32;C:\Windows\System32\WindowsPowerShell\v1.0;C:\Windows\System32\OpenSSH;C:\Windows\System32\WindowsPowerShell\v1.0\;C:\Users\NAGARAJU\Downloads\stripe_1.30.0_windows_x86_64;C:\WINDOWS\system32;C:\WINDOWS;C:\WINDOWS\System32\Wbem;C:\WINDOWS\System32\WindowsPowerShell\v1.0\;C:\WINDOWS\System32\OpenSSH\;C:\ProgramData\chocolatey\bin;C:\Program Files\nodejs\;C:\Program Files\Git\cmd;C:\Windows\System32;C:\Windows\System32\WindowsPowerShell\v1.0;C:\Windows\System32\OpenSSH;C:\Windows\System32\WindowsPowerShell\v1.0\;C:\Users\NAGARAJU\Downloads\stripe_1.30.0_windows_x86_64;C:\WINDOWS\system32;C:\WINDOWS;C:\WINDOWS\System32\Wbem;C:\WINDOWS\System32\WindowsPowerShell\v1.0\;C:\WINDOWS\System32\OpenSSH\;C:\Program Files\Eclipse Adoptium\jdk-21.0.11.10-hotspot\bin;C:\Program Files\Eclipse Adoptium\jdk-11.0.26.4-hotspot\bin;C:\Program Files\Eclipse Adoptium\jdk-17.0.14.7-hotspot\bin;C:\Program Files\Java\jdk-17\bin;C:\Program Files\nodejs;E:\Android\Sdk\platform-tools;E:\Android\Sdk\emulator;E:\Android\Sdk\cmdline-tools\latest\bin;C:\Users\NAGARAJU\AppData\Local\Android\Sdk\platform-tools;C:\Users\NAGARAJU\AppData\Local\Android\Sdk\emulator;C:\Users\NAGARAJU\AppData\Local\Android\Sdk\cmdline-tools\latest\bin;C:\Program Files\Eclipse Adoptium\jdk-21.0.11.10-hotspot\bin;C:\Program Files\Eclipse Adoptium\jdk-11.0.26.4-hotspot\bin;C:\Program Files\Eclipse Adoptium\jdk-17.0.14.7-hotspot\bin;C:\Program Files\Java\jdk-17\bin;C:\Program Files\nodejs;E:\Android\Sdk\platform-tools;E:\Android\Sdk\emulator;E:\Android\Sdk\cmdline-tools\latest\bin;C:\Users\NAGARAJU\AppData\Local\Android\Sdk\platform-tools;C:\Users\NAGARAJU\AppData\Local\Android\Sdk\emulator;C:\Users\NAGARAJU\AppData\Local\Android\Sdk\cmdline-tools\latest\bin;C:\Program Files\Eclipse Adoptium\jdk-21.0.11.10-hotspot\bin;C:\Program Files\Eclipse Adoptium\jdk-11.0.26.4-hotspot\bin;C:\Program Files\Eclipse Adoptium\jdk-17.0.14.7-hotspot\bin;C:\Program Files\Java\jdk-17\bin;C:\Program Files\nodejs;E:\Android\Sdk\platform-tools;E:\Android\Sdk\emulator;E:\Android\Sdk\cmdline-tools\latest\bin;C:\Users\NAGARAJU\AppData\Local\Android\Sdk\platform-tools;C:\Users\NAGARAJU\AppData\Local\Android\Sdk\emulator;C:\Users\NAGARAJU\AppData\Local\Android\Sdk\cmdline-tools\latest\bin;C:\WINDOWS\System32;C:\ProgramData\chocolatey\bin;C:\Program Files\nodejs\;C:\Program Files\Git\cmd;C:\Windows\System32;C:\Windows\System32\WindowsPowerShell\v1.0;C:\Windows\System32\OpenSSH;C:\Windows\System32\WindowsPowerShell\v1.0\;C:\Users\NAGARAJU\Downloads\stripe_1.30.0_windows_x86_64;C:\WINDOWS\system32;C:\WINDOWS;C:\WINDOWS\System32\Wbem;C:\WINDOWS\System32\WindowsPowerShell\v1.0\;C:\WINDOWS\System32\OpenSSH\;C:\ProgramData\chocolatey\bin;C:\Program Files\nodejs\;C:\Program Files\Git\cmd;C:\Windows\System32;C:\Windows\System32\WindowsPowerShell\v1.0;C:\Windows\System32\OpenSSH;C:\Windows\System32\WindowsPowerShell\v1.0\;C:\Users\NAGARAJU\Downloads\stripe_1.30.0_windows_x86_64;C:\WINDOWS\system32;C:\WINDOWS;C:\WINDOWS\System32\Wbem;C:\WINDOWS\System32\WindowsPowerShell\v1.0\;C:\WINDOWS\System32\OpenSSH\;C:\ProgramData\chocolatey\bin;C:\Program Files\nodejs\;C:\Program Files\Git\cmd;C:\Windows\System32;C:\Windows\System32\WindowsPowerShell\v1.0;C:\Windows\System32\OpenSSH;C:\Windows\System32\WindowsPowerShell\v1.0\;C:\Users\NAGARAJU\Downloads\stripe_1.30.0_windows_x86_64;C:\WINDOWS\system32;C:\WINDOWS;C:\WINDOWS\System32\Wbem;C:\WINDOWS\System32\WindowsPowerShell\v1.0\;C:\WINDOWS\System32\OpenSSH\;C:\Users\NAGARAJU\AppData\Local\Android\Sdk\platform-tools;C:\Users\NAGARAJU\AppData\Local\Android\Sdk\cmdline-tools\latest\bin;C:\Users\NAGARAJU\AppData\Roaming\npm;C:\Users\NAGARAJU\AppData\Local\Programs\Microsoft VS Code\bin;C:\Users\NAGARAJU\AppData\Local\Programs\Antigravity IDE\bin;C:\Users\NAGARAJU\AppData\Local\Microsoft\WindowsApps;C:\Users\NAGARAJU\AppData\Local\Kingsoft\WPS Office\12.1.0.27458\clitool
USERNAME=NAGARAJU
OS=Windows_NT
PROCESSOR_IDENTIFIER=AMD64 Family 23 Model 104 Stepping 1, AuthenticAMD
TMP=C:\Users\NAGARAJU\AppData\Local\Temp
TEMP=C:\Users\NAGARAJU\AppData\Local\Temp




Periodic native trim disabled

---------------  S Y S T E M  ---------------

OS:
 Windows 11 , 64 bit Build 26100 (10.0.26100.9168)
OS uptime: 0 days 0:58 hours

CPU: total 8 (initial active 8) (8 cores per cpu, 2 threads per core) family 23 model 104 stepping 1 microcode 0x8608109, cx8, cmov, fxsr, ht, mmx, 3dnowpref, sse, sse2, sse3, ssse3, sse4a, sse4.1, sse4.2, popcnt, lzcnt, tsc, tscinvbit, avx, avx2, aes, clmul, bmi1, bmi2, adx, sha, fma, vzeroupper, clflush, clflushopt, rdtscp, rdpid, f16c
Processor Information for the first 8 processors :
  Max Mhz: 2600, Current Mhz: 2600, Mhz Limit: 2600

Memory: 4k page, system-wide physical 7502M (340M free)
TotalPageFile size 40270M (AvailPageFile size 305M)
current process WorkingSet (physical memory assigned to process): 93M, peak: 155M
current process commit charge ("private bytes"): 257M, peak: 272M

vm_info: OpenJDK 64-Bit Server VM (21.0.12.1+1-LTS) for windows-amd64 JRE (21.0.12.1+1-LTS), built on 2026-08-18T00:00:00Z by "admin" with MS VC++ 17.12 (VS2022)

END.
