#
# There is insufficient memory for the Java Runtime Environment to continue.
# Native memory allocation (mmap) failed to map 125829120 bytes. Error detail: G1 virtual space
# Possible reasons:
#   The system is out of physical RAM or swap space
#   This process is running with CompressedOops enabled, and the Java Heap may be blocking the growth of the native heap
# Possible solutions:
#   Reduce memory load on the system
#   Increase physical memory or swap space
#   Check if swap backing store is full
#   Decrease Java heap size (-Xmx/-Xms)
#   Decrease number of Java threads
#   Decrease Java thread stack sizes (-Xss)
#   Set larger code cache with -XX:ReservedCodeCacheSize=
#   JVM is running with Zero Based Compressed Oops mode in which the Java heap is
#     placed in the first 32GB address space. The Java Heap base address is the
#     maximum limit for the native heap growth. Please use -XX:HeapBaseMinAddress
#     to set the Java Heap base and to place the Java Heap above 32GB virtual address.
# This output file may be truncated or incomplete.
#
#  Out of Memory Error (os_windows.cpp:3732), pid=26564, tid=24964
#
# JRE version: OpenJDK Runtime Environment Temurin-21.0.12.1+1 (21.0.12.1+1) (build 21.0.12.1+1-LTS)
# Java VM: OpenJDK 64-Bit Server VM Temurin-21.0.12.1+1 (21.0.12.1+1-LTS, mixed mode, sharing, tiered, compressed oops, compressed class ptrs, g1 gc, windows-amd64)
# No core dump will be written. Minidumps are not enabled by default on client versions of Windows
#

---------------  S U M M A R Y ------------

Command Line: --add-opens=java.base/java.lang=ALL-UNNAMED --add-opens=java.base/java.lang.invoke=ALL-UNNAMED --add-opens=java.base/java.util=ALL-UNNAMED --add-opens=java.prefs/java.util.prefs=ALL-UNNAMED --add-exports=jdk.compiler/com.sun.tools.javac.api=ALL-UNNAMED --add-exports=jdk.compiler/com.sun.tools.javac.util=ALL-UNNAMED --add-opens=java.base/java.util=ALL-UNNAMED --add-opens=java.prefs/java.util.prefs=ALL-UNNAMED --add-opens=java.base/java.nio.charset=ALL-UNNAMED --add-opens=java.base/java.net=ALL-UNNAMED --add-opens=java.base/java.util.concurrent.atomic=ALL-UNNAMED --add-opens=java.xml/javax.xml.namespace=ALL-UNNAMED -Xmx4096m -Dfile.encoding=UTF-8 -Duser.country=IN -Duser.language=en -Duser.variant -javaagent:C:\Users\NAGARAJU\.gradle\wrapper\dists\gradle-8.14.1-bin\baw1sv0jfoi8rxs14qo3h49cs\gradle-8.14.1\lib\agents\gradle-instrumentation-agent-8.14.1.jar org.gradle.launcher.daemon.bootstrap.GradleDaemon 8.14.1

Host: AMD Ryzen 3 5300U with Radeon Graphics         , 8 cores, 7G,  Windows 11 , 64 bit Build 26100 (10.0.26100.9168)
Time: Wed Sep  9 16:29:19 2026 India Standard Time elapsed time: 2018.218981 seconds (0d 0h 33m 38s)

---------------  T H R E A D  ---------------

Current thread (0x0000020d707873d0):  VMThread "VM Thread"          [id=24964, stack(0x0000007c20d00000,0x0000007c20e00000) (1024K)]

Stack: [0x0000007c20d00000,0x0000007c20e00000]
Native frames: (J=compiled Java code, j=interpreted, Vv=VM code, C=native code)
V  [jvm.dll+0x6d83e9]
V  [jvm.dll+0x8b5736]
V  [jvm.dll+0x8b7cee]
V  [jvm.dll+0x8b83d3]
V  [jvm.dll+0x284596]
V  [jvm.dll+0x6d4d05]
V  [jvm.dll+0x6c898a]
V  [jvm.dll+0x35f2f8]
V  [jvm.dll+0x366f36]
V  [jvm.dll+0x3b804e]
V  [jvm.dll+0x3b82f8]
V  [jvm.dll+0x33320c]
V  [jvm.dll+0x33329a]
V  [jvm.dll+0x377382]
V  [jvm.dll+0x375b1a]
V  [jvm.dll+0x332951]
V  [jvm.dll+0x37517a]
V  [jvm.dll+0x8be0c0]
V  [jvm.dll+0x8bf434]
V  [jvm.dll+0x8bf960]
V  [jvm.dll+0x8bfc03]
V  [jvm.dll+0x8600cd]
V  [jvm.dll+0x6d6c1d]
C  [ucrtbase.dll+0x2cd30]
C  [KERNEL32.DLL+0x2ccb7]
C  [ntdll.dll+0xaad6c]

VM_Operation (0x0000007c221fcd20): G1CollectForAllocation, mode: safepoint, requested by thread 0x0000020d75aafb20


---------------  P R O C E S S  ---------------

Threads class SMR info:
_java_thread_list=0x0000020d75ba2b50, length=43, elements={
0x0000020d54490fc0, 0x0000020d707a0630, 0x0000020d707a1db0, 0x0000020d707a58d0,
0x0000020d707a8470, 0x0000020d707aaee0, 0x0000020d707ab940, 0x0000020d707ac6d0,
0x0000020d70808ab0, 0x0000020d70a17780, 0x0000020d7099dba0, 0x0000020d75c48a90,
0x0000020d76413590, 0x0000020d75aafb20, 0x0000020d75c50b80, 0x0000020d75c57b70,
0x0000020d70bfaa70, 0x0000020d75bd7da0, 0x0000020d75bd8430, 0x0000020d75bd8ac0,
0x0000020d75bda500, 0x0000020d75bd97e0, 0x0000020d75bdb220, 0x0000020d75bd9e70,
0x0000020d76e532e0, 0x0000020d76e518a0, 0x0000020d76e53970, 0x0000020d76e51f30,
0x0000020d76e54000, 0x0000020d76e525c0, 0x0000020d76e50b80, 0x0000020d76e51210,
0x0000020d76e54690, 0x0000020d76e57b10, 0x0000020d76e55a40, 0x0000020d76e581a0,
0x0000020d76e56760, 0x0000020d75bd9150, 0x0000020d78225b60, 0x0000020d782254d0,
0x0000020d78224e40, 0x0000020d78223400, 0x0000020d78222d70
}

Java Threads: ( => current thread )
  0x0000020d54490fc0 JavaThread "main"                              [_thread_blocked, id=32368, stack(0x0000007c20500000,0x0000007c20600000) (1024K)]
  0x0000020d707a0630 JavaThread "Reference Handler"          daemon [_thread_blocked, id=16012, stack(0x0000007c20e00000,0x0000007c20f00000) (1024K)]
  0x0000020d707a1db0 JavaThread "Finalizer"                  daemon [_thread_blocked, id=26688, stack(0x0000007c20f00000,0x0000007c21000000) (1024K)]
  0x0000020d707a58d0 JavaThread "Signal Dispatcher"          daemon [_thread_blocked, id=29584, stack(0x0000007c21000000,0x0000007c21100000) (1024K)]
  0x0000020d707a8470 JavaThread "Attach Listener"            daemon [_thread_blocked, id=29572, stack(0x0000007c21100000,0x0000007c21200000) (1024K)]
  0x0000020d707aaee0 JavaThread "Service Thread"             daemon [_thread_blocked, id=30008, stack(0x0000007c21200000,0x0000007c21300000) (1024K)]
  0x0000020d707ab940 JavaThread "Monitor Deflation Thread"   daemon [_thread_blocked, id=16000, stack(0x0000007c21300000,0x0000007c21400000) (1024K)]
  0x0000020d707ac6d0 JavaThread "C2 CompilerThread0"         daemon [_thread_blocked, id=32296, stack(0x0000007c21400000,0x0000007c21500000) (1024K)]
  0x0000020d70808ab0 JavaThread "C1 CompilerThread0"         daemon [_thread_blocked, id=35632, stack(0x0000007c21500000,0x0000007c21600000) (1024K)]
  0x0000020d70a17780 JavaThread "Common-Cleaner"             daemon [_thread_blocked, id=15192, stack(0x0000007c21600000,0x0000007c21700000) (1024K)]
  0x0000020d7099dba0 JavaThread "Notification Thread"        daemon [_thread_blocked, id=10740, stack(0x0000007c21700000,0x0000007c21800000) (1024K)]
  0x0000020d75c48a90 JavaThread "Daemon health stats"               [_thread_blocked, id=21740, stack(0x0000007c21c00000,0x0000007c21d00000) (1024K)]
  0x0000020d76413590 JavaThread "Incoming local TCP Connector on port 50253"        [_thread_in_native, id=32184, stack(0x0000007c21d00000,0x0000007c21e00000) (1024K)]
  0x0000020d75aafb20 JavaThread "Daemon periodic checks"            [_thread_blocked, id=30664, stack(0x0000007c22100000,0x0000007c22200000) (1024K)]
  0x0000020d75c50b80 JavaThread "Daemon"                            [_thread_blocked, id=11192, stack(0x0000007c22200000,0x0000007c22300000) (1024K)]
  0x0000020d75c57b70 JavaThread "Handler for socket connection from /127.0.0.1:50253 to /127.0.0.1:50255"        [_thread_in_native, id=11280, stack(0x0000007c22300000,0x0000007c22400000) (1024K)]
  0x0000020d70bfaa70 JavaThread "Cancel handler"                    [_thread_blocked, id=11196, stack(0x0000007c22400000,0x0000007c22500000) (1024K)]
  0x0000020d75bd7da0 JavaThread "Daemon worker"                     [_thread_blocked, id=14732, stack(0x0000007c22500000,0x0000007c22600000) (1024K)]
  0x0000020d75bd8430 JavaThread "Asynchronous log dispatcher for DefaultDaemonConnection: socket connection from /127.0.0.1:50253 to /127.0.0.1:50255"        [_thread_blocked, id=9180, stack(0x0000007c22600000,0x0000007c22700000) (1024K)]
  0x0000020d75bd8ac0 JavaThread "Stdin handler"                     [_thread_blocked, id=15872, stack(0x0000007c22700000,0x0000007c22800000) (1024K)]
  0x0000020d75bda500 JavaThread "Daemon client event forwarder"        [_thread_blocked, id=23660, stack(0x0000007c22800000,0x0000007c22900000) (1024K)]
  0x0000020d75bd97e0 JavaThread "Cache worker for journal cache (C:\Users\NAGARAJU\.gradle\caches\journal-1)"        [_thread_blocked, id=26480, stack(0x0000007c22900000,0x0000007c22a00000) (1024K)]
  0x0000020d75bdb220 JavaThread "File lock request listener"        [_thread_in_native, id=35056, stack(0x0000007c22a00000,0x0000007c22b00000) (1024K)]
  0x0000020d75bd9e70 JavaThread "Cache worker for file hash cache (C:\Users\NAGARAJU\.gradle\caches\8.14.1\fileHashes)"        [_thread_blocked, id=30884, stack(0x0000007c22c00000,0x0000007c22d00000) (1024K)]
  0x0000020d76e532e0 JavaThread "Cache worker for file hash cache (C:\zynnative\DocApp-CLI\android\.gradle\8.14.1\fileHashes)"        [_thread_blocked, id=25412, stack(0x0000007c20600000,0x0000007c20700000) (1024K)]
  0x0000020d76e518a0 JavaThread "Cache worker for Build Output Cleanup Cache (C:\zynnative\DocApp-CLI\android\.gradle\buildOutputCleanup)"        [_thread_blocked, id=29848, stack(0x0000007c22d00000,0x0000007c22e00000) (1024K)]
  0x0000020d76e53970 JavaThread "File watcher server"        daemon [_thread_in_native, id=23780, stack(0x0000007c22e00000,0x0000007c22f00000) (1024K)]
  0x0000020d76e51f30 JavaThread "File watcher consumer"      daemon [_thread_blocked, id=14836, stack(0x0000007c22f00000,0x0000007c23000000) (1024K)]
  0x0000020d76e54000 JavaThread "jar transforms"                    [_thread_blocked, id=25976, stack(0x0000007c23000000,0x0000007c23100000) (1024K)]
  0x0000020d76e525c0 JavaThread "jar transforms Thread 2"           [_thread_blocked, id=37184, stack(0x0000007c23100000,0x0000007c23200000) (1024K)]
  0x0000020d76e50b80 JavaThread "Cache worker for checksums cache (C:\zynnative\DocApp-CLI\android\.gradle\8.14.1\checksums)"        [_thread_blocked, id=35996, stack(0x0000007c23200000,0x0000007c23300000) (1024K)]
  0x0000020d76e51210 JavaThread "Cache worker for file content cache (C:\Users\NAGARAJU\.gradle\caches\8.14.1\fileContent)"        [_thread_blocked, id=36648, stack(0x0000007c23300000,0x0000007c23400000) (1024K)]
  0x0000020d76e54690 JavaThread "jar transforms Thread 3"           [_thread_blocked, id=16504, stack(0x0000007c23500000,0x0000007c23600000) (1024K)]
  0x0000020d76e57b10 JavaThread "Cache worker for cache directory md-supplier (C:\Users\NAGARAJU\.gradle\caches\8.14.1\md-supplier)"        [_thread_blocked, id=932, stack(0x0000007c23600000,0x0000007c23700000) (1024K)]
  0x0000020d76e55a40 JavaThread "Cache worker for cache directory md-rule (C:\Users\NAGARAJU\.gradle\caches\8.14.1\md-rule)"        [_thread_blocked, id=29724, stack(0x0000007c23700000,0x0000007c23800000) (1024K)]
  0x0000020d76e581a0 JavaThread "Cache worker for Build Output Cleanup Cache (C:\zynnative\DocApp-CLI\node_modules\@react-native\gradle-plugin\.gradle\buildOutputCleanup)"        [_thread_blocked, id=33240, stack(0x0000007c23800000,0x0000007c23900000) (1024K)]
  0x0000020d76e56760 JavaThread "Unconstrained build operations"        [_thread_blocked, id=28160, stack(0x0000007c23400000,0x0000007c23500000) (1024K)]
  0x0000020d75bd9150 JavaThread "Unconstrained build operations Thread 2"        [_thread_blocked, id=23344, stack(0x0000007c23900000,0x0000007c23a00000) (1024K)]
  0x0000020d78225b60 JavaThread "Unconstrained build operations Thread 3"        [_thread_blocked, id=24884, stack(0x0000007c23a00000,0x0000007c23b00000) (1024K)]
  0x0000020d782254d0 JavaThread "Unconstrained build operations Thread 4"        [_thread_blocked, id=29772, stack(0x0000007c23b00000,0x0000007c23c00000) (1024K)]
  0x0000020d78224e40 JavaThread "Unconstrained build operations Thread 5"        [_thread_blocked, id=29060, stack(0x0000007c23d00000,0x0000007c23e00000) (1024K)]
  0x0000020d78223400 JavaThread "Unconstrained build operations Thread 6"        [_thread_blocked, id=28084, stack(0x0000007c23e00000,0x0000007c23f00000) (1024K)]
  0x0000020d78222d70 JavaThread "File lock release action executor Thread 11"        [_thread_blocked, id=34884, stack(0x0000007c22b00000,0x0000007c22c00000) (1024K)]
Total: 43

Other Threads:
=>0x0000020d707873d0 VMThread "VM Thread"                           [id=24964, stack(0x0000007c20d00000,0x0000007c20e00000) (1024K)]
  0x0000020d70778480 WatcherThread "VM Periodic Task Thread"        [id=12464, stack(0x0000007c20c00000,0x0000007c20d00000) (1024K)]
  0x0000020d568d9f20 WorkerThread "GC Thread#0"                     [id=37220, stack(0x0000007c20700000,0x0000007c20800000) (1024K)]
  0x0000020d70a48be0 WorkerThread "GC Thread#1"                     [id=2548, stack(0x0000007c21800000,0x0000007c21900000) (1024K)]
  0x0000020d70932c90 WorkerThread "GC Thread#2"                     [id=1700, stack(0x0000007c21900000,0x0000007c21a00000) (1024K)]
  0x0000020d708d0950 WorkerThread "GC Thread#3"                     [id=28296, stack(0x0000007c21a00000,0x0000007c21b00000) (1024K)]
  0x0000020d708d0d00 WorkerThread "GC Thread#4"                     [id=26140, stack(0x0000007c21b00000,0x0000007c21c00000) (1024K)]
  0x0000020d759dc4b0 WorkerThread "GC Thread#5"                     [id=27032, stack(0x0000007c21e00000,0x0000007c21f00000) (1024K)]
  0x0000020d75c1dfe0 WorkerThread "GC Thread#6"                     [id=948, stack(0x0000007c21f00000,0x0000007c22000000) (1024K)]
  0x0000020d7631e1c0 WorkerThread "GC Thread#7"                     [id=34528, stack(0x0000007c22000000,0x0000007c22100000) (1024K)]
  0x0000020d5454df90 ConcurrentGCThread "G1 Main Marker"            [id=23740, stack(0x0000007c20800000,0x0000007c20900000) (1024K)]
  0x0000020d5454ea60 WorkerThread "G1 Conc#0"                       [id=18480, stack(0x0000007c20900000,0x0000007c20a00000) (1024K)]
  0x0000020d78280b60 WorkerThread "G1 Conc#1"                       [id=30556, stack(0x0000007c20400000,0x0000007c20500000) (1024K)]
  0x0000020d70640510 ConcurrentGCThread "G1 Refine#0"               [id=24632, stack(0x0000007c20a00000,0x0000007c20b00000) (1024K)]
  0x0000020d70640ea0 ConcurrentGCThread "G1 Service"                [id=24360, stack(0x0000007c20b00000,0x0000007c20c00000) (1024K)]
Total: 15

Threads with active compile tasks:
Total: 0

VM state: at safepoint (normal execution)

VM Mutex/Monitor currently owned by a thread:  ([mutex/lock_event])
[0x00007ffac91ef5b0] Threads_lock - owner thread: 0x0000020d707873d0
[0x00007ffac91ef6b0] Heap_lock - owner thread: 0x0000020d75aafb20

Heap address: 0x0000000700000000, size: 4096 MB, Compressed Oops mode: Zero based, Oop shift amount: 3

CDS archive(s) mapped at: [0x0000020d00000000-0x0000020d00ba0000-0x0000020d00ba0000), size 12189696, SharedBaseAddress: 0x0000020d00000000, ArchiveRelocationMode: 1.
Compressed class space mapped at: 0x0000020d01000000-0x0000020d41000000, reserved size: 1073741824
Narrow klass base: 0x0000020d00000000, Narrow klass shift: 0, Narrow klass range: 0x100000000

GC Precious Log:
 CardTable entry size: 512
 Card Set container configuration: InlinePtr #cards 4 size 8 Array Of Cards #cards 16 size 48 Howl #buckets 8 coarsen threshold 3686 Howl Bitmap #cards 512 size 80 coarsen threshold 460 Card regions per heap region 1 cards per card region 4096
 CPUs: 8 total, 8 available
 Memory: 7502M
 Large Page Support: Disabled
 NUMA Support: Disabled
 Compressed Oops: Enabled (Zero based)
 Heap Region Size: 2M
 Heap Min Capacity: 8M
 Heap Initial Capacity: 118M
 Heap Max Capacity: 4G
 Pre-touch: Disabled
 Parallel Workers: 8
 Concurrent Workers: 2
 Concurrent Refinement Workers: 8
 Periodic GC: Disabled

Heap:
 garbage-first heap   total 262144K, used 38236K [0x0000000700000000, 0x0000000800000000)
  region size 2048K, 1 young (2048K), 1 survivors (2048K)
 Metaspace       used 48223K, committed 49856K, reserved 1114112K
  class space    used 6932K, committed 7744K, reserved 1048576K

Heap Regions: E=young(eden), S=young(survivor), O=old, HS=humongous(starts), HC=humongous(continues), CS=collection set, F=free, TAMS=top-at-mark-start, PB=parsable bottom
|   0|0x0000000700000000, 0x0000000700200000, 0x0000000700200000|100%|HS|  |TAMS 0x0000000700000000| PB 0x0000000700000000| Complete 
|   1|0x0000000700200000, 0x0000000700400000, 0x0000000700400000|100%|HC|  |TAMS 0x0000000700200000| PB 0x0000000700200000| Complete 
|   2|0x0000000700400000, 0x0000000700600000, 0x0000000700600000|100%| O|  |TAMS 0x0000000700400000| PB 0x0000000700400000| Untracked 
|   3|0x0000000700600000, 0x0000000700800000, 0x0000000700800000|100%| O|  |TAMS 0x0000000700600000| PB 0x0000000700600000| Untracked 
|   4|0x0000000700800000, 0x0000000700a00000, 0x0000000700a00000|100%| O|  |TAMS 0x0000000700800000| PB 0x0000000700800000| Untracked 
|   5|0x0000000700a00000, 0x0000000700c00000, 0x0000000700c00000|100%| O|  |TAMS 0x0000000700a00000| PB 0x0000000700a00000| Untracked 
|   6|0x0000000700c00000, 0x0000000700e00000, 0x0000000700e00000|100%| O|  |TAMS 0x0000000700c00000| PB 0x0000000700c00000| Untracked 
|   7|0x0000000700e00000, 0x0000000701000000, 0x0000000701000000|100%| O|  |TAMS 0x0000000700e00000| PB 0x0000000700e00000| Untracked 
|   8|0x0000000701000000, 0x0000000701200000, 0x0000000701200000|100%| O|  |TAMS 0x0000000701000000| PB 0x0000000701000000| Untracked 
|   9|0x0000000701200000, 0x0000000701400000, 0x0000000701400000|100%| O|  |TAMS 0x0000000701200000| PB 0x0000000701200000| Untracked 
|  10|0x0000000701400000, 0x0000000701600000, 0x0000000701600000|100%| O|  |TAMS 0x0000000701400000| PB 0x0000000701400000| Untracked 
|  11|0x0000000701600000, 0x0000000701800000, 0x0000000701800000|100%| O|  |TAMS 0x0000000701600000| PB 0x0000000701600000| Untracked 
|  12|0x0000000701800000, 0x0000000701a00000, 0x0000000701a00000|100%| O|  |TAMS 0x0000000701800000| PB 0x0000000701800000| Untracked 
|  13|0x0000000701a00000, 0x0000000701c00000, 0x0000000701c00000|100%| O|  |TAMS 0x0000000701a00000| PB 0x0000000701a00000| Untracked 
|  14|0x0000000701c00000, 0x0000000701e00000, 0x0000000701e00000|100%| O|  |TAMS 0x0000000701c00000| PB 0x0000000701c00000| Untracked 
|  15|0x0000000701e00000, 0x0000000702000000, 0x0000000702000000|100%| O|  |TAMS 0x0000000701e00000| PB 0x0000000701e00000| Untracked 
|  16|0x0000000702000000, 0x0000000702200000, 0x0000000702200000|100%| O|  |TAMS 0x0000000702000000| PB 0x0000000702000000| Untracked 
|  17|0x0000000702200000, 0x0000000702400000, 0x0000000702400000|100%| O|  |TAMS 0x0000000702200000| PB 0x0000000702200000| Untracked 
|  18|0x0000000702400000, 0x00000007024e6398, 0x0000000702600000| 44%| O|  |TAMS 0x0000000702400000| PB 0x0000000702400000| Untracked 
|  19|0x0000000702600000, 0x0000000702600000, 0x0000000702800000|  0%| F|  |TAMS 0x0000000702600000| PB 0x0000000702600000| Untracked 
|  20|0x0000000702800000, 0x0000000702800000, 0x0000000702a00000|  0%| F|  |TAMS 0x0000000702800000| PB 0x0000000702800000| Untracked 
|  21|0x0000000702a00000, 0x0000000702a00000, 0x0000000702c00000|  0%| F|  |TAMS 0x0000000702a00000| PB 0x0000000702a00000| Untracked 
|  22|0x0000000702c00000, 0x0000000702c00000, 0x0000000702e00000|  0%| F|  |TAMS 0x0000000702c00000| PB 0x0000000702c00000| Untracked 
|  23|0x0000000702e00000, 0x0000000702e00000, 0x0000000703000000|  0%| F|  |TAMS 0x0000000702e00000| PB 0x0000000702e00000| Untracked 
|  24|0x0000000703000000, 0x0000000703000000, 0x0000000703200000|  0%| F|  |TAMS 0x0000000703000000| PB 0x0000000703000000| Untracked 
|  25|0x0000000703200000, 0x0000000703200000, 0x0000000703400000|  0%| F|  |TAMS 0x0000000703200000| PB 0x0000000703200000| Untracked 
|  26|0x0000000703400000, 0x0000000703400000, 0x0000000703600000|  0%| F|  |TAMS 0x0000000703400000| PB 0x0000000703400000| Untracked 
|  27|0x0000000703600000, 0x0000000703600000, 0x0000000703800000|  0%| F|  |TAMS 0x0000000703600000| PB 0x0000000703600000| Untracked 
|  28|0x0000000703800000, 0x0000000703800000, 0x0000000703a00000|  0%| F|  |TAMS 0x0000000703800000| PB 0x0000000703800000| Untracked 
|  29|0x0000000703a00000, 0x0000000703a00000, 0x0000000703c00000|  0%| F|  |TAMS 0x0000000703a00000| PB 0x0000000703a00000| Untracked 
|  30|0x0000000703c00000, 0x0000000703c00000, 0x0000000703e00000|  0%| F|  |TAMS 0x0000000703c00000| PB 0x0000000703c00000| Untracked 
|  31|0x0000000703e00000, 0x0000000703e00000, 0x0000000704000000|  0%| F|  |TAMS 0x0000000703e00000| PB 0x0000000703e00000| Untracked 
|  32|0x0000000704000000, 0x0000000704000000, 0x0000000704200000|  0%| F|  |TAMS 0x0000000704000000| PB 0x0000000704000000| Untracked 
|  33|0x0000000704200000, 0x0000000704200000, 0x0000000704400000|  0%| F|  |TAMS 0x0000000704200000| PB 0x0000000704200000| Untracked 
|  34|0x0000000704400000, 0x0000000704400000, 0x0000000704600000|  0%| F|  |TAMS 0x0000000704400000| PB 0x0000000704400000| Untracked 
|  35|0x0000000704600000, 0x0000000704600000, 0x0000000704800000|  0%| F|  |TAMS 0x0000000704600000| PB 0x0000000704600000| Untracked 
|  36|0x0000000704800000, 0x0000000704800000, 0x0000000704a00000|  0%| F|  |TAMS 0x0000000704800000| PB 0x0000000704800000| Untracked 
|  37|0x0000000704a00000, 0x0000000704a00000, 0x0000000704c00000|  0%| F|  |TAMS 0x0000000704a00000| PB 0x0000000704a00000| Untracked 
|  38|0x0000000704c00000, 0x0000000704c00000, 0x0000000704e00000|  0%| F|  |TAMS 0x0000000704c00000| PB 0x0000000704c00000| Untracked 
|  39|0x0000000704e00000, 0x0000000704e00000, 0x0000000705000000|  0%| F|  |TAMS 0x0000000704e00000| PB 0x0000000704e00000| Untracked 
|  40|0x0000000705000000, 0x0000000705000000, 0x0000000705200000|  0%| F|  |TAMS 0x0000000705000000| PB 0x0000000705000000| Untracked 
|  41|0x0000000705200000, 0x0000000705200000, 0x0000000705400000|  0%| F|  |TAMS 0x0000000705200000| PB 0x0000000705200000| Untracked 
|  42|0x0000000705400000, 0x0000000705400000, 0x0000000705600000|  0%| F|  |TAMS 0x0000000705400000| PB 0x0000000705400000| Untracked 
|  43|0x0000000705600000, 0x0000000705600000, 0x0000000705800000|  0%| F|  |TAMS 0x0000000705600000| PB 0x0000000705600000| Untracked 
|  44|0x0000000705800000, 0x0000000705800000, 0x0000000705a00000|  0%| F|  |TAMS 0x0000000705800000| PB 0x0000000705800000| Untracked 
|  45|0x0000000705a00000, 0x0000000705a00000, 0x0000000705c00000|  0%| F|  |TAMS 0x0000000705a00000| PB 0x0000000705a00000| Untracked 
|  46|0x0000000705c00000, 0x0000000705c00000, 0x0000000705e00000|  0%| F|  |TAMS 0x0000000705c00000| PB 0x0000000705c00000| Untracked 
|  47|0x0000000705e00000, 0x0000000705e00000, 0x0000000706000000|  0%| F|  |TAMS 0x0000000705e00000| PB 0x0000000705e00000| Untracked 
|  48|0x0000000706000000, 0x0000000706000000, 0x0000000706200000|  0%| F|  |TAMS 0x0000000706000000| PB 0x0000000706000000| Untracked 
|  49|0x0000000706200000, 0x0000000706200000, 0x0000000706400000|  0%| F|  |TAMS 0x0000000706200000| PB 0x0000000706200000| Untracked 
|  50|0x0000000706400000, 0x0000000706400000, 0x0000000706600000|  0%| F|  |TAMS 0x0000000706400000| PB 0x0000000706400000| Untracked 
|  51|0x0000000706600000, 0x0000000706600000, 0x0000000706800000|  0%| F|  |TAMS 0x0000000706600000| PB 0x0000000706600000| Untracked 
|  52|0x0000000706800000, 0x0000000706800000, 0x0000000706a00000|  0%| F|  |TAMS 0x0000000706800000| PB 0x0000000706800000| Untracked 
|  53|0x0000000706a00000, 0x0000000706a00000, 0x0000000706c00000|  0%| F|  |TAMS 0x0000000706a00000| PB 0x0000000706a00000| Untracked 
|  54|0x0000000706c00000, 0x0000000706c00000, 0x0000000706e00000|  0%| F|  |TAMS 0x0000000706c00000| PB 0x0000000706c00000| Untracked 
|  55|0x0000000706e00000, 0x0000000706e00000, 0x0000000707000000|  0%| F|  |TAMS 0x0000000706e00000| PB 0x0000000706e00000| Untracked 
|  56|0x0000000707000000, 0x0000000707000000, 0x0000000707200000|  0%| F|  |TAMS 0x0000000707000000| PB 0x0000000707000000| Untracked 
|  57|0x0000000707200000, 0x0000000707200000, 0x0000000707400000|  0%| F|  |TAMS 0x0000000707200000| PB 0x0000000707200000| Untracked 
|  58|0x0000000707400000, 0x0000000707400000, 0x0000000707600000|  0%| F|  |TAMS 0x0000000707400000| PB 0x0000000707400000| Untracked 
|  59|0x0000000707600000, 0x0000000707600000, 0x0000000707800000|  0%| F|  |TAMS 0x0000000707600000| PB 0x0000000707600000| Untracked 
|  60|0x0000000707800000, 0x0000000707800000, 0x0000000707a00000|  0%| F|  |TAMS 0x0000000707800000| PB 0x0000000707800000| Untracked 
|  61|0x0000000707a00000, 0x0000000707a00000, 0x0000000707c00000|  0%| F|  |TAMS 0x0000000707a00000| PB 0x0000000707a00000| Untracked 
|  62|0x0000000707c00000, 0x0000000707c00000, 0x0000000707e00000|  0%| F|  |TAMS 0x0000000707c00000| PB 0x0000000707c00000| Untracked 
|  63|0x0000000707e00000, 0x0000000707e00000, 0x0000000708000000|  0%| F|  |TAMS 0x0000000707e00000| PB 0x0000000707e00000| Untracked 
|  64|0x0000000708000000, 0x0000000708000000, 0x0000000708200000|  0%| F|  |TAMS 0x0000000708000000| PB 0x0000000708000000| Untracked 
|  65|0x0000000708200000, 0x0000000708200000, 0x0000000708400000|  0%| F|  |TAMS 0x0000000708200000| PB 0x0000000708200000| Untracked 
|  66|0x0000000708400000, 0x0000000708400000, 0x0000000708600000|  0%| F|  |TAMS 0x0000000708400000| PB 0x0000000708400000| Untracked 
|  67|0x0000000708600000, 0x0000000708600000, 0x0000000708800000|  0%| F|  |TAMS 0x0000000708600000| PB 0x0000000708600000| Untracked 
|  68|0x0000000708800000, 0x0000000708800000, 0x0000000708a00000|  0%| F|  |TAMS 0x0000000708800000| PB 0x0000000708800000| Untracked 
|  69|0x0000000708a00000, 0x0000000708a00000, 0x0000000708c00000|  0%| F|  |TAMS 0x0000000708a00000| PB 0x0000000708a00000| Untracked 
|  70|0x0000000708c00000, 0x0000000708c00000, 0x0000000708e00000|  0%| F|  |TAMS 0x0000000708c00000| PB 0x0000000708c00000| Untracked 
|  71|0x0000000708e00000, 0x0000000708e00000, 0x0000000709000000|  0%| F|  |TAMS 0x0000000708e00000| PB 0x0000000708e00000| Untracked 
|  72|0x0000000709000000, 0x0000000709000000, 0x0000000709200000|  0%| F|  |TAMS 0x0000000709000000| PB 0x0000000709000000| Untracked 
|  73|0x0000000709200000, 0x0000000709200000, 0x0000000709400000|  0%| F|  |TAMS 0x0000000709200000| PB 0x0000000709200000| Untracked 
|  74|0x0000000709400000, 0x0000000709400000, 0x0000000709600000|  0%| F|  |TAMS 0x0000000709400000| PB 0x0000000709400000| Untracked 
|  75|0x0000000709600000, 0x0000000709600000, 0x0000000709800000|  0%| F|  |TAMS 0x0000000709600000| PB 0x0000000709600000| Untracked 
|  76|0x0000000709800000, 0x0000000709800000, 0x0000000709a00000|  0%| F|  |TAMS 0x0000000709800000| PB 0x0000000709800000| Untracked 
|  77|0x0000000709a00000, 0x0000000709a00000, 0x0000000709c00000|  0%| F|  |TAMS 0x0000000709a00000| PB 0x0000000709a00000| Untracked 
|  78|0x0000000709c00000, 0x0000000709c00000, 0x0000000709e00000|  0%| F|  |TAMS 0x0000000709c00000| PB 0x0000000709c00000| Untracked 
|  79|0x0000000709e00000, 0x0000000709e00000, 0x000000070a000000|  0%| F|  |TAMS 0x0000000709e00000| PB 0x0000000709e00000| Untracked 
|  80|0x000000070a000000, 0x000000070a000000, 0x000000070a200000|  0%| F|  |TAMS 0x000000070a000000| PB 0x000000070a000000| Untracked 
|  81|0x000000070a200000, 0x000000070a200000, 0x000000070a400000|  0%| F|  |TAMS 0x000000070a200000| PB 0x000000070a200000| Untracked 
|  82|0x000000070a400000, 0x000000070a400000, 0x000000070a600000|  0%| F|  |TAMS 0x000000070a400000| PB 0x000000070a400000| Untracked 
|  83|0x000000070a600000, 0x000000070a600000, 0x000000070a800000|  0%| F|  |TAMS 0x000000070a600000| PB 0x000000070a600000| Untracked 
|  84|0x000000070a800000, 0x000000070a800000, 0x000000070aa00000|  0%| F|  |TAMS 0x000000070a800000| PB 0x000000070a800000| Untracked 
|  85|0x000000070aa00000, 0x000000070aa00000, 0x000000070ac00000|  0%| F|  |TAMS 0x000000070aa00000| PB 0x000000070aa00000| Untracked 
|  86|0x000000070ac00000, 0x000000070ac00000, 0x000000070ae00000|  0%| F|  |TAMS 0x000000070ac00000| PB 0x000000070ac00000| Untracked 
|  87|0x000000070ae00000, 0x000000070ae00000, 0x000000070b000000|  0%| F|  |TAMS 0x000000070ae00000| PB 0x000000070ae00000| Untracked 
|  88|0x000000070b000000, 0x000000070b000000, 0x000000070b200000|  0%| F|  |TAMS 0x000000070b000000| PB 0x000000070b000000| Untracked 
|  89|0x000000070b200000, 0x000000070b200000, 0x000000070b400000|  0%| F|  |TAMS 0x000000070b200000| PB 0x000000070b200000| Untracked 
|  90|0x000000070b400000, 0x000000070b400000, 0x000000070b600000|  0%| F|  |TAMS 0x000000070b400000| PB 0x000000070b400000| Untracked 
|  91|0x000000070b600000, 0x000000070b600000, 0x000000070b800000|  0%| F|  |TAMS 0x000000070b600000| PB 0x000000070b600000| Untracked 
|  92|0x000000070b800000, 0x000000070b800000, 0x000000070ba00000|  0%| F|  |TAMS 0x000000070b800000| PB 0x000000070b800000| Untracked 
|  93|0x000000070ba00000, 0x000000070ba00000, 0x000000070bc00000|  0%| F|  |TAMS 0x000000070ba00000| PB 0x000000070ba00000| Untracked 
|  94|0x000000070bc00000, 0x000000070bc00000, 0x000000070be00000|  0%| F|  |TAMS 0x000000070bc00000| PB 0x000000070bc00000| Untracked 
|  95|0x000000070be00000, 0x000000070be00000, 0x000000070c000000|  0%| F|  |TAMS 0x000000070be00000| PB 0x000000070be00000| Untracked 
|  96|0x000000070c000000, 0x000000070c000000, 0x000000070c200000|  0%| F|  |TAMS 0x000000070c000000| PB 0x000000070c000000| Untracked 
|  97|0x000000070c200000, 0x000000070c200000, 0x000000070c400000|  0%| F|  |TAMS 0x000000070c200000| PB 0x000000070c200000| Untracked 
|  98|0x000000070c400000, 0x000000070c400000, 0x000000070c600000|  0%| F|  |TAMS 0x000000070c400000| PB 0x000000070c400000| Untracked 
|  99|0x000000070c600000, 0x000000070c600000, 0x000000070c800000|  0%| F|  |TAMS 0x000000070c600000| PB 0x000000070c600000| Untracked 
| 100|0x000000070c800000, 0x000000070c800000, 0x000000070ca00000|  0%| F|  |TAMS 0x000000070c800000| PB 0x000000070c800000| Untracked 
| 101|0x000000070ca00000, 0x000000070ca00000, 0x000000070cc00000|  0%| F|  |TAMS 0x000000070ca00000| PB 0x000000070ca00000| Untracked 
| 102|0x000000070cc00000, 0x000000070cc00000, 0x000000070ce00000|  0%| F|  |TAMS 0x000000070cc00000| PB 0x000000070cc00000| Untracked 
| 103|0x000000070ce00000, 0x000000070ce00000, 0x000000070d000000|  0%| F|  |TAMS 0x000000070ce00000| PB 0x000000070ce00000| Untracked 
| 104|0x000000070d000000, 0x000000070d000000, 0x000000070d200000|  0%| F|  |TAMS 0x000000070d000000| PB 0x000000070d000000| Untracked 
| 105|0x000000070d200000, 0x000000070d200000, 0x000000070d400000|  0%| F|  |TAMS 0x000000070d200000| PB 0x000000070d200000| Untracked 
| 106|0x000000070d400000, 0x000000070d400000, 0x000000070d600000|  0%| F|  |TAMS 0x000000070d400000| PB 0x000000070d400000| Untracked 
| 107|0x000000070d600000, 0x000000070d600000, 0x000000070d800000|  0%| F|  |TAMS 0x000000070d600000| PB 0x000000070d600000| Untracked 
| 108|0x000000070d800000, 0x000000070d800000, 0x000000070da00000|  0%| F|  |TAMS 0x000000070d800000| PB 0x000000070d800000| Untracked 
| 109|0x000000070da00000, 0x000000070da00000, 0x000000070dc00000|  0%| F|  |TAMS 0x000000070da00000| PB 0x000000070da00000| Untracked 
| 110|0x000000070dc00000, 0x000000070dc00000, 0x000000070de00000|  0%| F|  |TAMS 0x000000070dc00000| PB 0x000000070dc00000| Untracked 
| 111|0x000000070de00000, 0x000000070de00000, 0x000000070e000000|  0%| F|  |TAMS 0x000000070de00000| PB 0x000000070de00000| Untracked 
| 112|0x000000070e000000, 0x000000070e000000, 0x000000070e200000|  0%| F|  |TAMS 0x000000070e000000| PB 0x000000070e000000| Untracked 
| 113|0x000000070e200000, 0x000000070e200000, 0x000000070e400000|  0%| F|  |TAMS 0x000000070e200000| PB 0x000000070e200000| Untracked 
| 114|0x000000070e400000, 0x000000070e400000, 0x000000070e600000|  0%| F|  |TAMS 0x000000070e400000| PB 0x000000070e400000| Untracked 
| 115|0x000000070e600000, 0x000000070e600000, 0x000000070e800000|  0%| F|  |TAMS 0x000000070e600000| PB 0x000000070e600000| Untracked 
| 116|0x000000070e800000, 0x000000070e800000, 0x000000070ea00000|  0%| F|  |TAMS 0x000000070e800000| PB 0x000000070e800000| Untracked 
| 117|0x000000070ea00000, 0x000000070ea00000, 0x000000070ec00000|  0%| F|  |TAMS 0x000000070ea00000| PB 0x000000070ea00000| Untracked 
| 118|0x000000070ec00000, 0x000000070ec00000, 0x000000070ee00000|  0%| F|  |TAMS 0x000000070ec00000| PB 0x000000070ec00000| Untracked 
| 119|0x000000070ee00000, 0x000000070ee00000, 0x000000070f000000|  0%| F|  |TAMS 0x000000070ee00000| PB 0x000000070ee00000| Untracked 
| 120|0x000000070f000000, 0x000000070f000000, 0x000000070f200000|  0%| F|  |TAMS 0x000000070f000000| PB 0x000000070f000000| Untracked 
| 121|0x000000070f200000, 0x000000070f270f80, 0x000000070f400000| 22%| S|CS|TAMS 0x000000070f200000| PB 0x000000070f200000| Complete 
| 122|0x000000070f400000, 0x000000070f400000, 0x000000070f600000|  0%| F|  |TAMS 0x000000070f400000| PB 0x000000070f400000| Untracked 
| 123|0x000000070f600000, 0x000000070f600000, 0x000000070f800000|  0%| F|  |TAMS 0x000000070f600000| PB 0x000000070f600000| Untracked 
| 124|0x000000070f800000, 0x000000070f800000, 0x000000070fa00000|  0%| F|  |TAMS 0x000000070f800000| PB 0x000000070f800000| Untracked 
| 125|0x000000070fa00000, 0x000000070fa00000, 0x000000070fc00000|  0%| F|  |TAMS 0x000000070fa00000| PB 0x000000070fa00000| Untracked 
| 126|0x000000070fc00000, 0x000000070fc00000, 0x000000070fe00000|  0%| F|  |TAMS 0x000000070fc00000| PB 0x000000070fc00000| Untracked 
| 127|0x000000070fe00000, 0x000000070fe00000, 0x0000000710000000|  0%| F|  |TAMS 0x000000070fe00000| PB 0x000000070fe00000| Untracked 

Card table byte_map: [0x0000020d69590000,0x0000020d69d90000] _byte_map_base: 0x0000020d65d90000

Marking Bits: (CMBitMap*) 0x0000020d568db450
 Bits: [0x0000020d69d90000, 0x0000020d6dd90000)

Polling page: 0x0000020d548e0000

Metaspace:

Usage:
  Non-class:     40.32 MB used.
      Class:      6.77 MB used.
       Both:     47.09 MB used.

Virtual space:
  Non-class space:       64.00 MB reserved,      41.12 MB ( 64%) committed,  1 nodes.
      Class space:        1.00 GB reserved,       7.56 MB ( <1%) committed,  1 nodes.
             Both:        1.06 GB reserved,      48.69 MB (  4%) committed. 

Chunk freelists:
   Non-Class:  6.03 MB
       Class:  8.29 MB
        Both:  14.32 MB

MaxMetaspaceSize: unlimited
CompressedClassSpaceSize: 1.00 GB
Initial GC threshold: 21.00 MB
Current GC threshold: 58.69 MB
CDS: on
 - commit_granule_bytes: 65536.
 - commit_granule_words: 8192.
 - virtual_space_node_default_size: 8388608.
 - enlarge_chunks_in_place: 1.
 - use_allocation_guard: 0.


Internal statistics:

num_allocs_failed_limit: 6.
num_arena_births: 2926.
num_arena_deaths: 0.
num_vsnodes_births: 2.
num_vsnodes_deaths: 0.
num_space_committed: 779.
num_space_uncommitted: 0.
num_chunks_returned_to_freelist: 6.
num_chunks_taken_from_freelist: 5232.
num_chunk_merges: 6.
num_chunk_splits: 3363.
num_chunks_enlarged: 2082.
num_inconsistent_stats: 0.

CodeHeap 'non-profiled nmethods': size=120000Kb used=3909Kb max_used=3909Kb free=116090Kb
 bounds [0x0000020d61530000, 0x0000020d61910000, 0x0000020d68a60000]
CodeHeap 'profiled nmethods': size=120000Kb used=10916Kb max_used=10916Kb free=109083Kb
 bounds [0x0000020d59a60000, 0x0000020d5a510000, 0x0000020d60f90000]
CodeHeap 'non-nmethods': size=5760Kb used=2605Kb max_used=2652Kb free=3154Kb
 bounds [0x0000020d60f90000, 0x0000020d61230000, 0x0000020d61530000]
CodeCache: size=245760Kb, used=17430Kb, max_used=17477Kb, free=228327Kb
 total_blobs=6562, nmethods=5688, adapters=777, full_count=0
Compilation: enabled, stopped_count=0, restarted_count=0

Compilation events (20 events):
Event: 2003.506 Thread 0x0000020d70808ab0 6355       3       com.google.common.cache.LocalCache$Segment::evictEntries (106 bytes)
Event: 2003.527 Thread 0x0000020d70808ab0 nmethod 6355 0x0000020d5a505b10 code [0x0000020d5a505da0, 0x0000020d5a506770]
Event: 2003.528 Thread 0x0000020d70808ab0 6356       3       java.util.ArrayDeque::addFirst (51 bytes)
Event: 2003.534 Thread 0x0000020d70808ab0 nmethod 6356 0x0000020d5a506a90 code [0x0000020d5a506c80, 0x0000020d5a507138]
Event: 2003.536 Thread 0x0000020d70808ab0 6357       3       java.util.Collections::indexedBinarySearch (83 bytes)
Event: 2003.538 Thread 0x0000020d70808ab0 nmethod 6357 0x0000020d5a507310 code [0x0000020d5a507500, 0x0000020d5a507ae8]
Event: 2003.759 Thread 0x0000020d70808ab0 6358       3       java.nio.HeapByteBuffer::<init> (21 bytes)
Event: 2003.765 Thread 0x0000020d70808ab0 nmethod 6358 0x0000020d5a507c90 code [0x0000020d5a507e40, 0x0000020d5a508058]
Event: 2003.787 Thread 0x0000020d70808ab0 6359       3       org.gradle.internal.operations.CurrentBuildOperationRef::get (11 bytes)
Event: 2003.799 Thread 0x0000020d70808ab0 nmethod 6359 0x0000020d5a508190 code [0x0000020d5a508340, 0x0000020d5a508628]
Event: 2003.952 Thread 0x0000020d70808ab0 6360       3       org.gradle.internal.snapshot.impl.AbstractScalarValueSnapshot::<init> (10 bytes)
Event: 2003.954 Thread 0x0000020d70808ab0 nmethod 6360 0x0000020d5a508710 code [0x0000020d5a5088c0, 0x0000020d5a508a80]
Event: 2003.965 Thread 0x0000020d70808ab0 6361       1       org.gradle.internal.logging.events.ProgressStartEvent::getLoggingHeader (5 bytes)
Event: 2003.966 Thread 0x0000020d70808ab0 nmethod 6361 0x0000020d61900c90 code [0x0000020d61900e20, 0x0000020d61900ef0]
Event: 2004.044 Thread 0x0000020d70808ab0 6362       1       org.gradle.internal.operations.DefaultBuildOperationListenerManager::access$000 (5 bytes)
Event: 2004.048 Thread 0x0000020d70808ab0 nmethod 6362 0x0000020d61900f90 code [0x0000020d61901120, 0x0000020d619011d0]
Event: 2004.257 Thread 0x0000020d707ac6d0 6364       4       jdk.internal.misc.Unsafe::checkSize (32 bytes)
Event: 2004.257 Thread 0x0000020d70808ab0 6363       3       org.gradle.internal.snapshot.impl.AbstractIsolatableScalarValue::<init> (6 bytes)
Event: 2004.258 Thread 0x0000020d70808ab0 nmethod 6363 0x0000020d5a508b90 code [0x0000020d5a508d40, 0x0000020d5a508f68]
Event: 2004.261 Thread 0x0000020d707ac6d0 nmethod 6364 0x0000020d61901290 code [0x0000020d61901420, 0x0000020d619014d8]

GC Heap History (20 events):
Event: 1289.942 GC heap after
{Heap after GC invocations=25 (full 0):
 garbage-first heap   total 262144K, used 37888K [0x0000000700000000, 0x0000000800000000)
  region size 2048K, 1 young (2048K), 1 survivors (2048K)
 Metaspace       used 48157K, committed 49792K, reserved 1114112K
  class space    used 6930K, committed 7744K, reserved 1048576K
}
Event: 1365.091 GC heap before
{Heap before GC invocations=25 (full 0):
 garbage-first heap   total 262144K, used 48128K [0x0000000700000000, 0x0000000800000000)
  region size 2048K, 6 young (12288K), 1 survivors (2048K)
 Metaspace       used 48165K, committed 49792K, reserved 1114112K
  class space    used 6930K, committed 7744K, reserved 1048576K
}
Event: 1372.651 GC heap after
{Heap after GC invocations=26 (full 0):
 garbage-first heap   total 262144K, used 37917K [0x0000000700000000, 0x0000000800000000)
  region size 2048K, 1 young (2048K), 1 survivors (2048K)
 Metaspace       used 48165K, committed 49792K, reserved 1114112K
  class space    used 6930K, committed 7744K, reserved 1048576K
}
Event: 1440.485 GC heap before
{Heap before GC invocations=26 (full 0):
 garbage-first heap   total 262144K, used 48157K [0x0000000700000000, 0x0000000800000000)
  region size 2048K, 6 young (12288K), 1 survivors (2048K)
 Metaspace       used 48175K, committed 49792K, reserved 1114112K
  class space    used 6930K, committed 7744K, reserved 1048576K
}
Event: 1440.697 GC heap after
{Heap after GC invocations=27 (full 0):
 garbage-first heap   total 262144K, used 37873K [0x0000000700000000, 0x0000000800000000)
  region size 2048K, 1 young (2048K), 1 survivors (2048K)
 Metaspace       used 48175K, committed 49792K, reserved 1114112K
  class space    used 6930K, committed 7744K, reserved 1048576K
}
Event: 1505.297 GC heap before
{Heap before GC invocations=27 (full 0):
 garbage-first heap   total 262144K, used 48113K [0x0000000700000000, 0x0000000800000000)
  region size 2048K, 6 young (12288K), 1 survivors (2048K)
 Metaspace       used 48182K, committed 49792K, reserved 1114112K
  class space    used 6932K, committed 7744K, reserved 1048576K
}
Event: 1505.416 GC heap after
{Heap after GC invocations=28 (full 0):
 garbage-first heap   total 262144K, used 38190K [0x0000000700000000, 0x0000000800000000)
  region size 2048K, 1 young (2048K), 1 survivors (2048K)
 Metaspace       used 48182K, committed 49792K, reserved 1114112K
  class space    used 6932K, committed 7744K, reserved 1048576K
}
Event: 1574.701 GC heap before
{Heap before GC invocations=28 (full 0):
 garbage-first heap   total 262144K, used 48430K [0x0000000700000000, 0x0000000800000000)
  region size 2048K, 6 young (12288K), 1 survivors (2048K)
 Metaspace       used 48186K, committed 49856K, reserved 1114112K
  class space    used 6932K, committed 7744K, reserved 1048576K
}
Event: 1587.458 GC heap after
{Heap after GC invocations=29 (full 0):
 garbage-first heap   total 262144K, used 38121K [0x0000000700000000, 0x0000000800000000)
  region size 2048K, 1 young (2048K), 1 survivors (2048K)
 Metaspace       used 48186K, committed 49856K, reserved 1114112K
  class space    used 6932K, committed 7744K, reserved 1048576K
}
Event: 1652.027 GC heap before
{Heap before GC invocations=29 (full 0):
 garbage-first heap   total 262144K, used 48361K [0x0000000700000000, 0x0000000800000000)
  region size 2048K, 6 young (12288K), 1 survivors (2048K)
 Metaspace       used 48187K, committed 49856K, reserved 1114112K
  class space    used 6932K, committed 7744K, reserved 1048576K
}
Event: 1652.128 GC heap after
{Heap after GC invocations=30 (full 0):
 garbage-first heap   total 262144K, used 37919K [0x0000000700000000, 0x0000000800000000)
  region size 2048K, 1 young (2048K), 1 survivors (2048K)
 Metaspace       used 48187K, committed 49856K, reserved 1114112K
  class space    used 6932K, committed 7744K, reserved 1048576K
}
Event: 1725.431 GC heap before
{Heap before GC invocations=30 (full 0):
 garbage-first heap   total 262144K, used 48159K [0x0000000700000000, 0x0000000800000000)
  region size 2048K, 6 young (12288K), 1 survivors (2048K)
 Metaspace       used 48190K, committed 49856K, reserved 1114112K
  class space    used 6932K, committed 7744K, reserved 1048576K
}
Event: 1725.588 GC heap after
{Heap after GC invocations=31 (full 0):
 garbage-first heap   total 262144K, used 38326K [0x0000000700000000, 0x0000000800000000)
  region size 2048K, 1 young (2048K), 1 survivors (2048K)
 Metaspace       used 48190K, committed 49856K, reserved 1114112K
  class space    used 6932K, committed 7744K, reserved 1048576K
}
Event: 1796.648 GC heap before
{Heap before GC invocations=31 (full 0):
 garbage-first heap   total 262144K, used 48566K [0x0000000700000000, 0x0000000800000000)
  region size 2048K, 6 young (12288K), 1 survivors (2048K)
 Metaspace       used 48201K, committed 49856K, reserved 1114112K
  class space    used 6932K, committed 7744K, reserved 1048576K
}
Event: 1796.815 GC heap after
{Heap after GC invocations=32 (full 0):
 garbage-first heap   total 262144K, used 38084K [0x0000000700000000, 0x0000000800000000)
  region size 2048K, 1 young (2048K), 1 survivors (2048K)
 Metaspace       used 48201K, committed 49856K, reserved 1114112K
  class space    used 6932K, committed 7744K, reserved 1048576K
}
Event: 1872.788 GC heap before
{Heap before GC invocations=32 (full 0):
 garbage-first heap   total 262144K, used 48324K [0x0000000700000000, 0x0000000800000000)
  region size 2048K, 6 young (12288K), 1 survivors (2048K)
 Metaspace       used 48212K, committed 49856K, reserved 1114112K
  class space    used 6932K, committed 7744K, reserved 1048576K
}
Event: 1872.890 GC heap after
{Heap after GC invocations=33 (full 0):
 garbage-first heap   total 262144K, used 37990K [0x0000000700000000, 0x0000000800000000)
  region size 2048K, 1 young (2048K), 1 survivors (2048K)
 Metaspace       used 48212K, committed 49856K, reserved 1114112K
  class space    used 6932K, committed 7744K, reserved 1048576K
}
Event: 1953.849 GC heap before
{Heap before GC invocations=33 (full 0):
 garbage-first heap   total 262144K, used 48230K [0x0000000700000000, 0x0000000800000000)
  region size 2048K, 6 young (12288K), 1 survivors (2048K)
 Metaspace       used 48212K, committed 49856K, reserved 1114112K
  class space    used 6932K, committed 7744K, reserved 1048576K
}
Event: 1967.696 GC heap after
{Heap after GC invocations=34 (full 0):
 garbage-first heap   total 262144K, used 38213K [0x0000000700000000, 0x0000000800000000)
  region size 2048K, 1 young (2048K), 1 survivors (2048K)
 Metaspace       used 48212K, committed 49856K, reserved 1114112K
  class space    used 6932K, committed 7744K, reserved 1048576K
}
Event: 2015.699 GC heap before
{Heap before GC invocations=34 (full 0):
 garbage-first heap   total 262144K, used 46405K [0x0000000700000000, 0x0000000800000000)
  region size 2048K, 6 young (12288K), 1 survivors (2048K)
 Metaspace       used 48223K, committed 49856K, reserved 1114112K
  class space    used 6932K, committed 7744K, reserved 1048576K
}

Dll operation events (20 events):
Event: 5.773 Attempting to load shared library C:\Users\NAGARAJU\.antigravity-ide\extensions\redhat.java-1.56.0-win32-x64\jre\21.0.12.1-win32-x86_64\bin\nio.dll
Event: 5.774 Loaded shared library C:\Users\NAGARAJU\.antigravity-ide\extensions\redhat.java-1.56.0-win32-x64\jre\21.0.12.1-win32-x86_64\bin\nio.dll
Event: 5.810 Attempting to load shared library C:\Users\NAGARAJU\.antigravity-ide\extensions\redhat.java-1.56.0-win32-x64\jre\21.0.12.1-win32-x86_64\bin\zip.dll
Event: 5.810 Loaded shared library C:\Users\NAGARAJU\.antigravity-ide\extensions\redhat.java-1.56.0-win32-x64\jre\21.0.12.1-win32-x86_64\bin\zip.dll
Event: 16.332 Attempting to load shared library C:\Users\NAGARAJU\.antigravity-ide\extensions\redhat.java-1.56.0-win32-x64\jre\21.0.12.1-win32-x86_64\bin\jimage.dll
Event: 16.332 Loaded shared library C:\Users\NAGARAJU\.antigravity-ide\extensions\redhat.java-1.56.0-win32-x64\jre\21.0.12.1-win32-x86_64\bin\jimage.dll
Event: 19.160 Attempting to load shared library C:\Users\NAGARAJU\.antigravity-ide\extensions\redhat.java-1.56.0-win32-x64\jre\21.0.12.1-win32-x86_64\bin\verify.dll
Event: 19.226 Loaded shared library C:\Users\NAGARAJU\.antigravity-ide\extensions\redhat.java-1.56.0-win32-x64\jre\21.0.12.1-win32-x86_64\bin\verify.dll
Event: 19.855 Attempting to load shared library C:\Users\NAGARAJU\.gradle\native\1def1411415f61bf3af743bc5b6707747c0891f09f0c88961ee8f79bc544acac\windows-amd64\native-platform.dll
Event: 19.856 Loaded shared library C:\Users\NAGARAJU\.gradle\native\1def1411415f61bf3af743bc5b6707747c0891f09f0c88961ee8f79bc544acac\windows-amd64\native-platform.dll
Event: 20.109 Attempting to load shared library C:\Users\NAGARAJU\.gradle\native\0.2.7\x86_64-windows-gnu\gradle-fileevents.dll
Event: 20.351 Loaded shared library C:\Users\NAGARAJU\.gradle\native\0.2.7\x86_64-windows-gnu\gradle-fileevents.dll
Event: 42.868 Attempting to load shared library C:\Users\NAGARAJU\.antigravity-ide\extensions\redhat.java-1.56.0-win32-x64\jre\21.0.12.1-win32-x86_64\bin\management.dll
Event: 42.897 Loaded shared library C:\Users\NAGARAJU\.antigravity-ide\extensions\redhat.java-1.56.0-win32-x64\jre\21.0.12.1-win32-x86_64\bin\management.dll
Event: 42.944 Attempting to load shared library C:\Users\NAGARAJU\.antigravity-ide\extensions\redhat.java-1.56.0-win32-x64\jre\21.0.12.1-win32-x86_64\bin\management_ext.dll
Event: 42.953 Loaded shared library C:\Users\NAGARAJU\.antigravity-ide\extensions\redhat.java-1.56.0-win32-x64\jre\21.0.12.1-win32-x86_64\bin\management_ext.dll
Event: 53.005 Attempting to load shared library C:\Users\NAGARAJU\.antigravity-ide\extensions\redhat.java-1.56.0-win32-x64\jre\21.0.12.1-win32-x86_64\bin\extnet.dll
Event: 53.007 Loaded shared library C:\Users\NAGARAJU\.antigravity-ide\extensions\redhat.java-1.56.0-win32-x64\jre\21.0.12.1-win32-x86_64\bin\extnet.dll
Event: 65.458 Attempting to load shared library C:\Users\NAGARAJU\.antigravity-ide\extensions\redhat.java-1.56.0-win32-x64\jre\21.0.12.1-win32-x86_64\bin\sunmscapi.dll
Event: 65.649 Loaded shared library C:\Users\NAGARAJU\.antigravity-ide\extensions\redhat.java-1.56.0-win32-x64\jre\21.0.12.1-win32-x86_64\bin\sunmscapi.dll

Deoptimization events (20 events):
Event: 1377.642 Thread 0x0000020d75aafb20 DEOPT PACKING pc=0x0000020d5a3f8cd5 sp=0x0000007c221fe530
Event: 1378.333 Thread 0x0000020d75aafb20 DEOPT UNPACKING pc=0x0000020d60fe4bc2 sp=0x0000007c221fda28 mode 0
Event: 1384.413 Thread 0x0000020d75aafb20 DEOPT PACKING pc=0x0000020d5a40af6e sp=0x0000007c221fe2b0
Event: 1384.415 Thread 0x0000020d75aafb20 DEOPT UNPACKING pc=0x0000020d60fe4bc2 sp=0x0000007c221fd7e0 mode 0
Event: 1414.709 Thread 0x0000020d75aafb20 DEOPT PACKING pc=0x0000020d59b6853c sp=0x0000007c221fe480
Event: 1414.713 Thread 0x0000020d75aafb20 DEOPT UNPACKING pc=0x0000020d60fe4bc2 sp=0x0000007c221fd910 mode 0
Event: 1464.882 Thread 0x0000020d75aafb20 DEOPT PACKING pc=0x0000020d5a3eabf8 sp=0x0000007c221fe540
Event: 1464.884 Thread 0x0000020d75aafb20 DEOPT UNPACKING pc=0x0000020d60fe4bc2 sp=0x0000007c221fda00 mode 0
Event: 1469.935 Thread 0x0000020d78223400 Uncommon trap: trap_request=0xffffff45 fr.pc=0x0000020d618ac108 relative=0x0000000000001248
Event: 1469.937 Thread 0x0000020d78223400 Uncommon trap: reason=unstable_if action=reinterpret pc=0x0000020d618ac108 method=java.util.concurrent.ConcurrentHashMap.computeIfAbsent(Ljava/lang/Object;Ljava/util/function/Function;)Ljava/lang/Object; @ 279 c2
Event: 1469.939 Thread 0x0000020d78223400 DEOPT PACKING pc=0x0000020d618ac108 sp=0x0000007c23efdea0
Event: 1469.940 Thread 0x0000020d78223400 DEOPT UNPACKING pc=0x0000020d60fe4422 sp=0x0000007c23efde18 mode 2
Event: 1473.728 Thread 0x0000020d78223400 DEOPT PACKING pc=0x0000020d5a38e6ee sp=0x0000007c23efc510
Event: 1473.740 Thread 0x0000020d78223400 DEOPT UNPACKING pc=0x0000020d60fe4bc2 sp=0x0000007c23efba90 mode 0
Event: 1495.978 Thread 0x0000020d75aafb20 DEOPT PACKING pc=0x0000020d5a3f8cd5 sp=0x0000007c221fe530
Event: 1495.985 Thread 0x0000020d75aafb20 DEOPT UNPACKING pc=0x0000020d60fe4bc2 sp=0x0000007c221fda28 mode 0
Event: 1628.746 Thread 0x0000020d75aafb20 DEOPT PACKING pc=0x0000020d5a3f8cd5 sp=0x0000007c221fe530
Event: 1628.898 Thread 0x0000020d75aafb20 DEOPT UNPACKING pc=0x0000020d60fe4bc2 sp=0x0000007c221fda28 mode 0
Event: 1756.354 Thread 0x0000020d75aafb20 DEOPT PACKING pc=0x0000020d5a3f8cd5 sp=0x0000007c221fe530
Event: 1756.427 Thread 0x0000020d75aafb20 DEOPT UNPACKING pc=0x0000020d60fe4bc2 sp=0x0000007c221fda28 mode 0

Classes loaded (20 events):
Event: 719.553 Loading class jdk/internal/reflect/UTF8
Event: 719.554 Loading class jdk/internal/reflect/UTF8 done
Event: 719.559 Loading class jdk/internal/reflect/Label
Event: 719.561 Loading class jdk/internal/reflect/Label done
Event: 719.561 Loading class jdk/internal/reflect/Label$PatchInfo
Event: 719.561 Loading class jdk/internal/reflect/Label$PatchInfo done
Event: 719.563 Loading class jdk/internal/reflect/MethodAccessorGenerator$1
Event: 719.573 Loading class jdk/internal/reflect/MethodAccessorGenerator$1 done
Event: 719.573 Loading class jdk/internal/reflect/ClassDefiner
Event: 719.576 Loading class jdk/internal/reflect/ClassDefiner done
Event: 719.577 Loading class jdk/internal/reflect/ClassDefiner$1
Event: 719.577 Loading class jdk/internal/reflect/ClassDefiner$1 done
Event: 719.824 Loading class jdk/internal/reflect/SerializationConstructorAccessorImpl
Event: 719.826 Loading class jdk/internal/reflect/SerializationConstructorAccessorImpl done
Event: 895.433 Loading class java/nio/channels/Channels
Event: 895.458 Loading class java/nio/channels/Channels done
Event: 895.459 Loading class sun/nio/ch/Streams
Event: 895.469 Loading class sun/nio/ch/Streams done
Event: 895.471 Loading class sun/nio/ch/ChannelInputStream
Event: 895.633 Loading class sun/nio/ch/ChannelInputStream done

Classes unloaded (0 events):
No events

Classes redefined (0 events):
No events

Internal exceptions (20 events):
Event: 463.592 Thread 0x0000020d75bd7da0 Exception <a 'java/lang/NoSuchMethodError'{0x0000000706f99920}: 'java.lang.Object java.lang.invoke.DirectMethodHandle$Holder.newInvokeSpecial(java.lang.Object, java.lang.Object, java.lang.Object, long, java.lang.Object)'> (0x0000000706f99920) 
thrown [s\src\hotspot\share\interpreter\linkResolver.cpp, line 773]
Event: 463.704 Thread 0x0000020d75bd7da0 Exception <a 'java/lang/NoSuchMethodError'{0x0000000706f9ecb0}: 'java.lang.Object java.lang.invoke.DirectMethodHandle$Holder.invokeSpecial(java.lang.Object, java.lang.Object, java.lang.Object, java.lang.Object, long, java.lang.Object)'> (0x0000000706f9ecb0) 
thrown [s\src\hotspot\share\interpreter\linkResolver.cpp, line 773]
Event: 463.704 Thread 0x0000020d75bd7da0 Exception <a 'java/lang/NoSuchMethodError'{0x0000000706fa3710}: 'java.lang.Object java.lang.invoke.Invokers$Holder.linkToTargetMethod(java.lang.Object, java.lang.Object, long, java.lang.Object, java.lang.Object)'> (0x0000000706fa3710) 
thrown [s\src\hotspot\share\interpreter\linkResolver.cpp, line 773]
Event: 468.927 Thread 0x0000020d75bd7da0 Exception <a 'java/lang/NoSuchMethodError'{0x0000000706aeba88}: 'java.lang.Object java.lang.invoke.DirectMethodHandle$Holder.newInvokeSpecial(java.lang.Object, java.lang.Object, java.lang.Object, java.lang.Object, java.lang.Object, java.lang.Object, java.lang.Object, java.lang.Object, java.lang.Object, java.lang.Object, java.lang.Object, java.lang.Object, java.lang.Object, java.lang.Object, java.lang.Object, java.lang.Object, java.lang.Object, java.lang.Object, java.lang.Object, java.lang.Object, java.lang
Event: 474.169 Thread 0x0000020d75bd7da0 Implicit null exception at 0x0000020d617c077c to 0x0000020d617c0834
Event: 509.116 Thread 0x0000020d75bd7da0 Exception <a 'java/lang/NoSuchMethodError'{0x0000000705f3e160}: 'java.lang.Object java.lang.invoke.DirectMethodHandle$Holder.newInvokeSpecial(java.lang.Object, java.lang.Object, java.lang.Object, int, java.lang.Object)'> (0x0000000705f3e160) 
thrown [s\src\hotspot\share\interpreter\linkResolver.cpp, line 773]
Event: 509.192 Thread 0x0000020d75bd7da0 Exception <a 'java/lang/NoSuchMethodError'{0x0000000705f42df8}: 'java.lang.Object java.lang.invoke.Invokers$Holder.linkToTargetMethod(java.lang.Object, java.lang.Object, int, java.lang.Object, java.lang.Object)'> (0x0000000705f42df8) 
thrown [s\src\hotspot\share\interpreter\linkResolver.cpp, line 773]
Event: 544.957 Thread 0x0000020d75bd7da0 Exception <a 'java/lang/NoSuchMethodError'{0x00000007059b6e80}: 'java.lang.Object java.lang.invoke.DirectMethodHandle$Holder.newInvokeSpecial(java.lang.Object, int, java.lang.Object)'> (0x00000007059b6e80) 
thrown [s\src\hotspot\share\interpreter\linkResolver.cpp, line 773]
Event: 600.641 Thread 0x0000020d75bd7da0 Exception <a 'java/lang/NoSuchMethodError'{0x0000000704bb5128}: 'java.lang.Object java.lang.invoke.DirectMethodHandle$Holder.newInvokeSpecial(java.lang.Object, java.lang.Object, java.lang.Object, int)'> (0x0000000704bb5128) 
thrown [s\src\hotspot\share\interpreter\linkResolver.cpp, line 773]
Event: 600.886 Thread 0x0000020d75bd7da0 Exception <a 'java/lang/NoSuchMethodError'{0x0000000704bb9f10}: 'java.lang.Object java.lang.invoke.Invokers$Holder.linkToTargetMethod(java.lang.Object, java.lang.Object, int, java.lang.Object)'> (0x0000000704bb9f10) 
thrown [s\src\hotspot\share\interpreter\linkResolver.cpp, line 773]
Event: 614.333 Thread 0x0000020d75bd7da0 Exception <a 'java/lang/NoSuchMethodError'{0x00000007047957e8}: 'int java.lang.invoke.DirectMethodHandle$Holder.invokeSpecialIFC(java.lang.Object, java.lang.Object, java.lang.Object)'> (0x00000007047957e8) 
thrown [s\src\hotspot\share\interpreter\linkResolver.cpp, line 773]
Event: 640.470 Thread 0x0000020d75bd7da0 Exception <a 'java/lang/NoSuchMethodError'{0x0000000703ea2ad8}: 'java.lang.Object java.lang.invoke.DirectMethodHandle$Holder.newInvokeSpecial(java.lang.Object, java.lang.Object, long, java.lang.Object)'> (0x0000000703ea2ad8) 
thrown [s\src\hotspot\share\interpreter\linkResolver.cpp, line 773]
Event: 640.561 Thread 0x0000020d75bd7da0 Exception <a 'java/lang/NoSuchMethodError'{0x0000000703ea7d58}: 'java.lang.Object java.lang.invoke.DirectMethodHandle$Holder.invokeSpecial(java.lang.Object, java.lang.Object, java.lang.Object, long, java.lang.Object)'> (0x0000000703ea7d58) 
thrown [s\src\hotspot\share\interpreter\linkResolver.cpp, line 773]
Event: 640.598 Thread 0x0000020d75bd7da0 Exception <a 'java/lang/NoSuchMethodError'{0x0000000703eac958}: 'java.lang.Object java.lang.invoke.Invokers$Holder.linkToTargetMethod(java.lang.Object, long, java.lang.Object, java.lang.Object)'> (0x0000000703eac958) 
thrown [s\src\hotspot\share\interpreter\linkResolver.cpp, line 773]
Event: 641.392 Thread 0x0000020d75bd7da0 Exception <a 'java/lang/NoSuchMethodError'{0x0000000703ed4e18}: 'void java.lang.invoke.DirectMethodHandle$Holder.invokeStatic(java.lang.Object, java.lang.Object, java.lang.Object, int, java.lang.Object)'> (0x0000000703ed4e18) 
thrown [s\src\hotspot\share\interpreter\linkResolver.cpp, line 773]
Event: 649.269 Thread 0x0000020d75bd7da0 Exception <a 'java/lang/NoSuchMethodError'{0x0000000703d71e28}: 'int java.lang.invoke.DirectMethodHandle$Holder.invokeInterface(java.lang.Object, java.lang.Object, java.lang.Object, java.lang.Object, java.lang.Object)'> (0x0000000703d71e28) 
thrown [s\src\hotspot\share\interpreter\linkResolver.cpp, line 773]
Event: 711.576 Thread 0x0000020d75bd7da0 Exception <a 'java/lang/NoSuchMethodError'{0x0000000707e10c18}: 'java.lang.Object java.lang.invoke.DirectMethodHandle$Holder.invokeSpecial(java.lang.Object, java.lang.Object, long, java.lang.Object, java.lang.Object)'> (0x0000000707e10c18) 
thrown [s\src\hotspot\share\interpreter\linkResolver.cpp, line 773]
Event: 720.208 Thread 0x0000020d75bd7da0 Exception <a 'java/lang/NoSuchMethodError'{0x0000000707b9e398}: 'java.lang.Object java.lang.invoke.DirectMethodHandle$Holder.newInvokeSpecial(java.lang.Object, java.lang.Object, java.lang.Object, java.lang.Object, int, java.lang.Object)'> (0x0000000707b9e398) 
thrown [s\src\hotspot\share\interpreter\linkResolver.cpp, line 773]
Event: 720.222 Thread 0x0000020d75bd7da0 Exception <a 'java/lang/NoSuchMethodError'{0x0000000707ba70f8}: 'java.lang.Object java.lang.invoke.Invokers$Holder.linkToTargetMethod(java.lang.Object, java.lang.Object, java.lang.Object, int, java.lang.Object, java.lang.Object)'> (0x0000000707ba70f8) 
thrown [s\src\hotspot\share\interpreter\linkResolver.cpp, line 773]
Event: 1255.489 Thread 0x0000020d75bd7da0 Exception <a 'java/lang/NoSuchMethodError'{0x000000070fad8758}: 'java.lang.Object java.lang.invoke.DirectMethodHandle$Holder.invokeSpecialIFC(java.lang.Object, java.lang.Object, java.lang.Object)'> (0x000000070fad8758) 
thrown [s\src\hotspot\share\interpreter\linkResolver.cpp, line 773]

ZGC Phase Switch (0 events):
No events

VM Operations (20 events):
Event: 1803.052 Executing safepoint VM operation: Cleanup done
Event: 1811.125 Executing safepoint VM operation: Cleanup
Event: 1811.125 Executing safepoint VM operation: Cleanup done
Event: 1812.128 Executing safepoint VM operation: Cleanup
Event: 1812.205 Executing safepoint VM operation: Cleanup done
Event: 1822.309 Executing safepoint VM operation: Cleanup
Event: 1822.386 Executing safepoint VM operation: Cleanup done
Event: 1872.750 Executing safepoint VM operation: G1CollectForAllocation (G1 Evacuation Pause)
Event: 1872.891 Executing safepoint VM operation: G1CollectForAllocation (G1 Evacuation Pause) done
Event: 1950.777 Executing safepoint VM operation: G1CollectForAllocation (G1 Evacuation Pause)
Event: 1967.699 Executing safepoint VM operation: G1CollectForAllocation (G1 Evacuation Pause) done
Event: 1995.962 Executing safepoint VM operation: Cleanup
Event: 1995.963 Executing safepoint VM operation: Cleanup done
Event: 2002.022 Executing safepoint VM operation: Cleanup
Event: 2002.069 Executing safepoint VM operation: Cleanup done
Event: 2004.101 Executing safepoint VM operation: Cleanup
Event: 2004.196 Executing safepoint VM operation: Cleanup done
Event: 2005.202 Executing safepoint VM operation: Cleanup
Event: 2005.728 Executing safepoint VM operation: Cleanup done
Event: 2015.589 Executing safepoint VM operation: G1CollectForAllocation (G1 Evacuation Pause)

Memory protections (0 events):
No events

Nmethod flushes (20 events):
Event: 321.595 Thread 0x0000020d707873d0 flushing  nmethod 0x0000020d59c3b490
Event: 321.595 Thread 0x0000020d707873d0 flushing  nmethod 0x0000020d59c3ba90
Event: 321.595 Thread 0x0000020d707873d0 flushing  nmethod 0x0000020d59c9e810
Event: 321.595 Thread 0x0000020d707873d0 flushing  nmethod 0x0000020d59ca0510
Event: 321.595 Thread 0x0000020d707873d0 flushing  nmethod 0x0000020d59ca0b10
Event: 321.595 Thread 0x0000020d707873d0 flushing  nmethod 0x0000020d59ca1010
Event: 321.595 Thread 0x0000020d707873d0 flushing  nmethod 0x0000020d59ca1390
Event: 321.595 Thread 0x0000020d707873d0 flushing  nmethod 0x0000020d59ca4310
Event: 321.595 Thread 0x0000020d707873d0 flushing  nmethod 0x0000020d59ca4690
Event: 321.595 Thread 0x0000020d707873d0 flushing  nmethod 0x0000020d59ca5f90
Event: 321.595 Thread 0x0000020d707873d0 flushing  nmethod 0x0000020d59e41f90
Event: 321.595 Thread 0x0000020d707873d0 flushing  nmethod 0x0000020d59e47f10
Event: 321.595 Thread 0x0000020d707873d0 flushing  nmethod 0x0000020d59ea2a90
Event: 321.595 Thread 0x0000020d707873d0 flushing  nmethod 0x0000020d59ea3390
Event: 321.595 Thread 0x0000020d707873d0 flushing  nmethod 0x0000020d59eaa090
Event: 321.595 Thread 0x0000020d707873d0 flushing  nmethod 0x0000020d59eaa390
Event: 321.595 Thread 0x0000020d707873d0 flushing  nmethod 0x0000020d59ec8510
Event: 321.595 Thread 0x0000020d707873d0 flushing  nmethod 0x0000020d59f61010
Event: 321.595 Thread 0x0000020d707873d0 flushing  nmethod 0x0000020d59fa5790
Event: 321.595 Thread 0x0000020d707873d0 flushing  nmethod 0x0000020d59fa6910

Events (20 events):
Event: 713.160 Thread 0x0000020d76e54d20 Thread exited: 0x0000020d76e54d20
Event: 713.847 Thread 0x0000020d75bdb220 Thread added: 0x0000020d76e54d20
Event: 715.110 Thread 0x0000020d75bd7da0 Thread added: 0x0000020d76e56760
Event: 715.120 Thread 0x0000020d75bd7da0 Thread added: 0x0000020d75bd9150
Event: 780.485 Thread 0x0000020d76e54d20 Thread exited: 0x0000020d76e54d20
Event: 882.625 Thread 0x0000020d75bdb220 Thread added: 0x0000020d76e54d20
Event: 888.459 Thread 0x0000020d75bd7da0 Thread added: 0x0000020d78225b60
Event: 891.667 Thread 0x0000020d75bd7da0 Thread added: 0x0000020d782254d0
Event: 1010.118 Thread 0x0000020d76e54d20 Thread exited: 0x0000020d76e54d20
Event: 1253.951 Thread 0x0000020d75bdb220 Thread added: 0x0000020d782247b0
Event: 1255.517 Thread 0x0000020d75bd7da0 Thread added: 0x0000020d78224e40
Event: 1255.520 Thread 0x0000020d75bd7da0 Thread added: 0x0000020d78223400
Event: 1321.437 Thread 0x0000020d782247b0 Thread exited: 0x0000020d782247b0
Event: 1421.920 Thread 0x0000020d75bdb220 Thread added: 0x0000020d78222d70
Event: 1534.347 Thread 0x0000020d78222d70 Thread exited: 0x0000020d78222d70
Event: 1541.404 Thread 0x0000020d75bdb220 Thread added: 0x0000020d78222d70
Event: 1696.365 Thread 0x0000020d78222d70 Thread exited: 0x0000020d78222d70
Event: 1795.588 Thread 0x0000020d75bdb220 Thread added: 0x0000020d78222d70
Event: 1873.326 Thread 0x0000020d78222d70 Thread exited: 0x0000020d78222d70
Event: 2001.268 Thread 0x0000020d75bdb220 Thread added: 0x0000020d78222d70


Dynamic libraries:
0x00007ff6aaf70000 - 0x00007ff6aaf7e000 	C:\Users\NAGARAJU\.antigravity-ide\extensions\redhat.java-1.56.0-win32-x64\jre\21.0.12.1-win32-x86_64\bin\java.exe
0x00007ffba2e60000 - 0x00007ffba30c6000 	C:\WINDOWS\SYSTEM32\ntdll.dll
0x00007ffba16f0000 - 0x00007ffba17b9000 	C:\WINDOWS\System32\KERNEL32.DLL
0x00007ffba01d0000 - 0x00007ffba05cf000 	C:\WINDOWS\System32\KERNELBASE.dll
0x00007ffba0070000 - 0x00007ffba01bc000 	C:\WINDOWS\System32\ucrtbase.dll
0x00007ffb616c0000 - 0x00007ffb616d8000 	C:\Users\NAGARAJU\.antigravity-ide\extensions\redhat.java-1.56.0-win32-x64\jre\21.0.12.1-win32-x86_64\bin\jli.dll
0x00007ffba2320000 - 0x00007ffba24e6000 	C:\WINDOWS\System32\USER32.dll
0x00007ffba08a0000 - 0x00007ffba08c7000 	C:\WINDOWS\System32\win32u.dll
0x00007ffba2df0000 - 0x00007ffba2e1b000 	C:\WINDOWS\System32\GDI32.dll
0x00007ffba05e0000 - 0x00007ffba0709000 	C:\WINDOWS\System32\gdi32full.dll
0x00007ffba0ae0000 - 0x00007ffba0b83000 	C:\WINDOWS\System32\msvcp_win.dll
0x00007ffb616e0000 - 0x00007ffb616fe000 	C:\Users\NAGARAJU\.antigravity-ide\extensions\redhat.java-1.56.0-win32-x64\jre\21.0.12.1-win32-x86_64\bin\VCRUNTIME140.dll
0x00007ffb88780000 - 0x00007ffb88a11000 	C:\WINDOWS\WinSxS\amd64_microsoft.windows.common-controls_6595b64144ccf1df_6.0.26100.8972_none_3e0da176e32f9d4b\COMCTL32.dll
0x00007ffba24f0000 - 0x00007ffba2599000 	C:\WINDOWS\System32\msvcrt.dll
0x00007ffba2150000 - 0x00007ffba2182000 	C:\WINDOWS\System32\IMM32.DLL
0x00007ffb83500000 - 0x00007ffb8350c000 	C:\Users\NAGARAJU\.antigravity-ide\extensions\redhat.java-1.56.0-win32-x64\jre\21.0.12.1-win32-x86_64\bin\vcruntime140_1.dll
0x00007ffb1bac0000 - 0x00007ffb1bb4d000 	C:\Users\NAGARAJU\.antigravity-ide\extensions\redhat.java-1.56.0-win32-x64\jre\21.0.12.1-win32-x86_64\bin\msvcp140.dll
0x00007ffac8530000 - 0x00007ffac92d2000 	C:\Users\NAGARAJU\.antigravity-ide\extensions\redhat.java-1.56.0-win32-x64\jre\21.0.12.1-win32-x86_64\bin\server\jvm.dll
0x00007ffba0d00000 - 0x00007ffba0dbc000 	C:\WINDOWS\System32\ADVAPI32.dll
0x00007ffba28a0000 - 0x00007ffba294a000 	C:\WINDOWS\System32\sechost.dll
0x00007ffba25a0000 - 0x00007ffba26b8000 	C:\WINDOWS\System32\RPCRT4.dll
0x00007ffba1ab0000 - 0x00007ffba1b32000 	C:\WINDOWS\System32\WS2_32.dll
0x00007ffb9fed0000 - 0x00007ffb9ff2e000 	C:\WINDOWS\SYSTEM32\POWRPROF.dll
0x00007ffb99840000 - 0x00007ffb99876000 	C:\WINDOWS\SYSTEM32\WINMM.dll
0x00007ffb99880000 - 0x00007ffb9988b000 	C:\WINDOWS\SYSTEM32\VERSION.dll
0x00007ffb9feb0000 - 0x00007ffb9fec5000 	C:\WINDOWS\SYSTEM32\UMPDC.dll
0x00007ffb9ed60000 - 0x00007ffb9ed7b000 	C:\WINDOWS\SYSTEM32\kernel.appcore.dll
0x00007ffb82eb0000 - 0x00007ffb82eba000 	C:\Users\NAGARAJU\.antigravity-ide\extensions\redhat.java-1.56.0-win32-x64\jre\21.0.12.1-win32-x86_64\bin\jimage.dll
0x00007ffb94900000 - 0x00007ffb94b42000 	C:\WINDOWS\SYSTEM32\DBGHELP.DLL
0x00007ffba2a10000 - 0x00007ffba2d95000 	C:\WINDOWS\System32\combase.dll
0x00007ffba21c0000 - 0x00007ffba2299000 	C:\WINDOWS\System32\OLEAUT32.dll
0x00007ffb81c30000 - 0x00007ffb81c6b000 	C:\WINDOWS\SYSTEM32\dbgcore.DLL
0x00007ffba08d0000 - 0x00007ffba097c000 	C:\WINDOWS\System32\bcryptPrimitives.dll
0x00007ffb65d80000 - 0x00007ffb65d8f000 	C:\Users\NAGARAJU\.antigravity-ide\extensions\redhat.java-1.56.0-win32-x64\jre\21.0.12.1-win32-x86_64\bin\instrument.dll
0x00007ffb5fe50000 - 0x00007ffb5fe70000 	C:\Users\NAGARAJU\.antigravity-ide\extensions\redhat.java-1.56.0-win32-x64\jre\21.0.12.1-win32-x86_64\bin\java.dll
0x00007ffba0f50000 - 0x00007ffba16d8000 	C:\WINDOWS\System32\SHELL32.dll
0x00007ffb9db40000 - 0x00007ffb9e3db000 	C:\WINDOWS\SYSTEM32\windows.storage.dll
0x00007ffba0dd0000 - 0x00007ffba0ec9000 	C:\WINDOWS\System32\SHCORE.dll
0x00007ffba0c90000 - 0x00007ffba0cf6000 	C:\WINDOWS\System32\shlwapi.dll
0x00007ffb9ff90000 - 0x00007ffb9ffb9000 	C:\WINDOWS\SYSTEM32\profapi.dll
0x00007ffb4d020000 - 0x00007ffb4d038000 	C:\Users\NAGARAJU\.antigravity-ide\extensions\redhat.java-1.56.0-win32-x64\jre\21.0.12.1-win32-x86_64\bin\zip.dll
0x00007ffb72940000 - 0x00007ffb72950000 	C:\Users\NAGARAJU\.antigravity-ide\extensions\redhat.java-1.56.0-win32-x64\jre\21.0.12.1-win32-x86_64\bin\net.dll
0x00007ffb95940000 - 0x00007ffb95a68000 	C:\WINDOWS\SYSTEM32\WINHTTP.dll
0x00007ffb9f310000 - 0x00007ffb9f37c000 	C:\WINDOWS\system32\mswsock.dll
0x00007ffb5f9d0000 - 0x00007ffb5f9e6000 	C:\Users\NAGARAJU\.antigravity-ide\extensions\redhat.java-1.56.0-win32-x64\jre\21.0.12.1-win32-x86_64\bin\nio.dll
0x00007ffb62900000 - 0x00007ffb62910000 	C:\Users\NAGARAJU\.antigravity-ide\extensions\redhat.java-1.56.0-win32-x64\jre\21.0.12.1-win32-x86_64\bin\verify.dll
0x00007ffb1ba00000 - 0x00007ffb1ba27000 	C:\Users\NAGARAJU\.gradle\native\1def1411415f61bf3af743bc5b6707747c0891f09f0c88961ee8f79bc544acac\windows-amd64\native-platform.dll
0x00007ffafafa0000 - 0x00007ffafb018000 	C:\Users\NAGARAJU\.gradle\native\0.2.7\x86_64-windows-gnu\gradle-fileevents.dll
0x00007ffb95860000 - 0x00007ffb9586a000 	C:\Users\NAGARAJU\.antigravity-ide\extensions\redhat.java-1.56.0-win32-x64\jre\21.0.12.1-win32-x86_64\bin\management.dll
0x00007ffb831e0000 - 0x00007ffb831ec000 	C:\Users\NAGARAJU\.antigravity-ide\extensions\redhat.java-1.56.0-win32-x64\jre\21.0.12.1-win32-x86_64\bin\management_ext.dll
0x00007ffba1cb0000 - 0x00007ffba1cb8000 	C:\WINDOWS\System32\PSAPI.DLL
0x00007ffb9e6b0000 - 0x00007ffb9e6e3000 	C:\WINDOWS\SYSTEM32\IPHLPAPI.DLL
0x00007ffba16e0000 - 0x00007ffba16ea000 	C:\WINDOWS\System32\NSI.dll
0x00007ffb831d0000 - 0x00007ffb831d9000 	C:\Users\NAGARAJU\.antigravity-ide\extensions\redhat.java-1.56.0-win32-x64\jre\21.0.12.1-win32-x86_64\bin\extnet.dll
0x00007ffb9f600000 - 0x00007ffb9f61b000 	C:\WINDOWS\SYSTEM32\CRYPTSP.dll
0x00007ffb9ecc0000 - 0x00007ffb9ecf9000 	C:\WINDOWS\system32\rsaenh.dll
0x00007ffb9f3c0000 - 0x00007ffb9f3f2000 	C:\WINDOWS\SYSTEM32\USERENV.dll
0x00007ffb9ff60000 - 0x00007ffb9ff8a000 	C:\WINDOWS\SYSTEM32\bcrypt.dll
0x00007ffb9f620000 - 0x00007ffb9f62c000 	C:\WINDOWS\SYSTEM32\CRYPTBASE.dll
0x00007ffb831c0000 - 0x00007ffb831ce000 	C:\Users\NAGARAJU\.antigravity-ide\extensions\redhat.java-1.56.0-win32-x64\jre\21.0.12.1-win32-x86_64\bin\sunmscapi.dll
0x00007ffba0710000 - 0x00007ffba088e000 	C:\WINDOWS\System32\CRYPT32.dll
0x00007ffb9f840000 - 0x00007ffb9f870000 	C:\WINDOWS\SYSTEM32\ncrypt.dll
0x00007ffb9f7f0000 - 0x00007ffb9f82f000 	C:\WINDOWS\SYSTEM32\NTASN1.dll
0x00007ffb15860000 - 0x00007ffb15868000 	C:\WINDOWS\system32\wshunix.dll

JVMTI agents:
C:\Users\NAGARAJU\.gradle\wrapper\dists\gradle-8.14.1-bin\baw1sv0jfoi8rxs14qo3h49cs\gradle-8.14.1\lib\agents\gradle-instrumentation-agent-8.14.1.jar path:C:\Users\NAGARAJU\.antigravity-ide\extensions\redhat.java-1.56.0-win32-x64\jre\21.0.12.1-win32-x86_64\bin\instrument.dll, loaded, initialized, instrumentlib options:none

dbghelp: loaded successfully - version: 4.0.5 - missing functions: none
symbol engine: initialized successfully - sym options: 0x614 - pdb path: .;C:\Users\NAGARAJU\.antigravity-ide\extensions\redhat.java-1.56.0-win32-x64\jre\21.0.12.1-win32-x86_64\bin;C:\WINDOWS\SYSTEM32;C:\WINDOWS\WinSxS\amd64_microsoft.windows.common-controls_6595b64144ccf1df_6.0.26100.8972_none_3e0da176e32f9d4b;C:\Users\NAGARAJU\.antigravity-ide\extensions\redhat.java-1.56.0-win32-x64\jre\21.0.12.1-win32-x86_64\bin\server;C:\Users\NAGARAJU\.gradle\native\1def1411415f61bf3af743bc5b6707747c0891f09f0c88961ee8f79bc544acac\windows-amd64;C:\Users\NAGARAJU\.gradle\native\0.2.7\x86_64-windows-gnu

VM Arguments:
jvm_args: --add-opens=java.base/java.lang=ALL-UNNAMED --add-opens=java.base/java.lang.invoke=ALL-UNNAMED --add-opens=java.base/java.util=ALL-UNNAMED --add-opens=java.prefs/java.util.prefs=ALL-UNNAMED --add-exports=jdk.compiler/com.sun.tools.javac.api=ALL-UNNAMED --add-exports=jdk.compiler/com.sun.tools.javac.util=ALL-UNNAMED --add-opens=java.base/java.util=ALL-UNNAMED --add-opens=java.prefs/java.util.prefs=ALL-UNNAMED --add-opens=java.base/java.nio.charset=ALL-UNNAMED --add-opens=java.base/java.net=ALL-UNNAMED --add-opens=java.base/java.util.concurrent.atomic=ALL-UNNAMED --add-opens=java.xml/javax.xml.namespace=ALL-UNNAMED -Xmx4096m -Dfile.encoding=UTF-8 -Duser.country=IN -Duser.language=en -Duser.variant -javaagent:C:\Users\NAGARAJU\.gradle\wrapper\dists\gradle-8.14.1-bin\baw1sv0jfoi8rxs14qo3h49cs\gradle-8.14.1\lib\agents\gradle-instrumentation-agent-8.14.1.jar 
java_command: org.gradle.launcher.daemon.bootstrap.GradleDaemon 8.14.1
java_class_path (initial): C:\Users\NAGARAJU\.gradle\wrapper\dists\gradle-8.14.1-bin\baw1sv0jfoi8rxs14qo3h49cs\gradle-8.14.1\lib\gradle-daemon-main-8.14.1.jar
Launcher Type: SUN_STANDARD

[Global flags]
     intx CICompilerCount                          = 4                                         {product} {ergonomic}
     uint ConcGCThreads                            = 2                                         {product} {ergonomic}
     uint G1ConcRefinementThreads                  = 8                                         {product} {ergonomic}
   size_t G1HeapRegionSize                         = 2097152                                   {product} {ergonomic}
    uintx GCDrainStackTargetSize                   = 64                                        {product} {ergonomic}
   size_t InitialHeapSize                          = 123731968                                 {product} {ergonomic}
   size_t MarkStackSize                            = 4194304                                   {product} {ergonomic}
   size_t MaxHeapSize                              = 4294967296                                {product} {command line}
   size_t MaxNewSize                               = 2575302656                                {product} {ergonomic}
   size_t MinHeapDeltaBytes                        = 2097152                                   {product} {ergonomic}
   size_t MinHeapSize                              = 8388608                                   {product} {ergonomic}
    uintx NonNMethodCodeHeapSize                   = 5839372                                {pd product} {ergonomic}
    uintx NonProfiledCodeHeapSize                  = 122909434                              {pd product} {ergonomic}
    uintx ProfiledCodeHeapSize                     = 122909434                              {pd product} {ergonomic}
    uintx ReservedCodeCacheSize                    = 251658240                              {pd product} {ergonomic}
     bool SegmentedCodeCache                       = true                                      {product} {ergonomic}
   size_t SoftMaxHeapSize                          = 4294967296                             {manageable} {ergonomic}
     bool UseCompressedOops                        = true                           {product lp64_product} {ergonomic}
     bool UseG1GC                                  = true                                      {product} {ergonomic}
     bool UseLargePagesIndividualAllocation        = false                                  {pd product} {ergonomic}

Logging:
Log output configuration:
 #0: stdout all=warning uptime,level,tags foldmultilines=false
 #1: stderr all=off uptime,level,tags foldmultilines=false

Release file:
JAVA_VERSION="21.0.12.1" 
MODULES="java.base java.compiler java.datatransfer java.xml java.prefs java.desktop java.instrument java.logging java.management java.security.sasl java.naming java.rmi java.management.rmi java.net.http java.scripting java.security.jgss java.transaction.xa java.sql java.sql.rowset java.xml.crypto java.se java.smartcardio jdk.accessibility jdk.internal.jvmstat jdk.attach jdk.charsets jdk.internal.opt jdk.zipfs jdk.compiler jdk.crypto.ec jdk.crypto.cryptoki jdk.crypto.mscapi jdk.dynalink jdk.internal.ed jdk.editpad jdk.hotspot.agent jdk.httpserver jdk.internal.le jdk.internal.vm.ci jdk.internal.vm.compiler jdk.internal.vm.compiler.management jdk.jartool jdk.javadoc jdk.jcmd jdk.management jdk.management.agent jdk.jconsole jdk.jdeps jdk.jdwp.agent jdk.jdi jdk.jfr jdk.jshell jdk.jsobject jdk.jstatd jdk.localedata jdk.management.jfr jdk.naming.dns jdk.naming.rmi jdk.net jdk.nio.mapmode jdk.random jdk.sctp jdk.security.auth jdk.security.jgss jdk.unsupported jdk.unsupported.desktop jdk.xml.dom" 

Environment Variables:
JAVA_HOME=C:\Program Files\Eclipse Adoptium\jdk-21.0.11.10-hotspot
PATH=C:\Program Files\Eclipse Adoptium\jdk-21.0.11.10-hotspot\bin;C:\Program Files\Eclipse Adoptium\jdk-11.0.26.4-hotspot\bin;C:\Program Files\Eclipse Adoptium\jdk-17.0.14.7-hotspot\bin;C:\Program Files\Java\jdk-17\bin;C:\Program Files\nodejs;E:\Android\Sdk\platform-tools;E:\Android\Sdk\emulator;E:\Android\Sdk\cmdline-tools\latest\bin;C:\Users\NAGARAJU\AppData\Local\Android\Sdk\platform-tools;C:\Users\NAGARAJU\AppData\Local\Android\Sdk\emulator;C:\Users\NAGARAJU\AppData\Local\Android\Sdk\cmdline-tools\latest\bin;C:\Program Files\Eclipse Adoptium\jdk-21.0.11.10-hotspot\bin;C:\Program Files\Eclipse Adoptium\jdk-11.0.26.4-hotspot\bin;C:\Program Files\Eclipse Adoptium\jdk-17.0.14.7-hotspot\bin;C:\Program Files\Java\jdk-17\bin;C:\Program Files\nodejs;E:\Android\Sdk\platform-tools;E:\Android\Sdk\emulator;E:\Android\Sdk\cmdline-tools\latest\bin;C:\Users\NAGARAJU\AppData\Local\Android\Sdk\platform-tools;C:\Users\NAGARAJU\AppData\Local\Android\Sdk\emulator;C:\Users\NAGARAJU\AppData\Local\Android\Sdk\cmdline-tools\latest\bin;C:\Program Files\Eclipse Adoptium\jdk-21.0.11.10-hotspot\bin;C:\Program Files\Eclipse Adoptium\jdk-11.0.26.4-hotspot\bin;C:\Program Files\Eclipse Adoptium\jdk-17.0.14.7-hotspot\bin;C:\Program Files\Java\jdk-17\bin;C:\Program Files\nodejs;E:\Android\Sdk\platform-tools;E:\Android\Sdk\emulator;E:\Android\Sdk\cmdline-tools\latest\bin;C:\Users\NAGARAJU\AppData\Local\Android\Sdk\platform-tools;C:\Users\NAGARAJU\AppData\Local\Android\Sdk\emulator;C:\Users\NAGARAJU\AppData\Local\Android\Sdk\cmdline-tools\latest\bin;C:\WINDOWS\System32;C:\ProgramData\chocolatey\bin;C:\Program Files\nodejs\;C:\Program Files\Git\cmd;C:\Windows\System32;C:\Windows\System32\WindowsPowerShell\v1.0;C:\Windows\System32\OpenSSH;C:\Windows\System32\WindowsPowerShell\v1.0\;C:\Users\NAGARAJU\Downloads\stripe_1.30.0_windows_x86_64;C:\WINDOWS\system32;C:\WINDOWS;C:\WINDOWS\System32\Wbem;C:\WINDOWS\System32\WindowsPowerShell\v1.0\;C:\WINDOWS\System32\OpenSSH\;C:\ProgramData\chocolatey\bin;C:\Program Files\nodejs\;C:\Program Files\Git\cmd;C:\Windows\System32;C:\Windows\System32\WindowsPowerShell\v1.0;C:\Windows\System32\OpenSSH;C:\Windows\System32\WindowsPowerShell\v1.0\;C:\Users\NAGARAJU\Downloads\stripe_1.30.0_windows_x86_64;C:\WINDOWS\system32;C:\WINDOWS;C:\WINDOWS\System32\Wbem;C:\WINDOWS\System32\WindowsPowerShell\v1.0\;C:\WINDOWS\System32\OpenSSH\;C:\ProgramData\chocolatey\bin;C:\Program Files\nodejs\;C:\Program Files\Git\cmd;C:\Windows\System32;C:\Windows\System32\WindowsPowerShell\v1.0;C:\Windows\System32\OpenSSH;C:\Windows\System32\WindowsPowerShell\v1.0\;C:\Users\NAGARAJU\Downloads\stripe_1.30.0_windows_x86_64;C:\WINDOWS\system32;C:\WINDOWS;C:\WINDOWS\System32\Wbem;C:\WINDOWS\System32\WindowsPowerShell\v1.0\;C:\WINDOWS\System32\OpenSSH\;C:\Program Files\Eclipse Adoptium\jdk-21.0.11.10-hotspot\bin;C:\Program Files\Eclipse Adoptium\jdk-11.0.26.4-hotspot\bin;C:\Program Files\Eclipse Adoptium\jdk-17.0.14.7-hotspot\bin;C:\Program Files\Java\jdk-17\bin;C:\Program Files\nodejs;E:\Android\Sdk\platform-tools;E:\Android\Sdk\emulator;E:\Android\Sdk\cmdline-tools\latest\bin;C:\Users\NAGARAJU\AppData\Local\Android\Sdk\platform-tools;C:\Users\NAGARAJU\AppData\Local\Android\Sdk\emulator;C:\Users\NAGARAJU\AppData\Local\Android\Sdk\cmdline-tools\latest\bin;C:\Program Files\Eclipse Adoptium\jdk-21.0.11.10-hotspot\bin;C:\Program Files\Eclipse Adoptium\jdk-11.0.26.4-hotspot\bin;C:\Program Files\Eclipse Adoptium\jdk-17.0.14.7-hotspot\bin;C:\Program Files\Java\jdk-17\bin;C:\Program Files\nodejs;E:\Android\Sdk\platform-tools;E:\Android\Sdk\emulator;E:\Android\Sdk\cmdline-tools\latest\bin;C:\Users\NAGARAJU\AppData\Local\Android\Sdk\platform-tools;C:\Users\NAGARAJU\AppData\Local\Android\Sdk\emulator;C:\Users\NAGARAJU\AppData\Local\Android\Sdk\cmdline-tools\latest\bin;C:\Program Files\Eclipse Adoptium\jdk-21.0.11.10-hotspot\bin;C:\Program Files\Eclipse Adoptium\jdk-11.0.26.4-hotspot\bin;C:\Program Files\Eclipse Adoptium\jdk-17.0.14.7-hotspot\bin;C:\Program Files\Java\jdk-17\bin;C:\Program Files\nodejs;E:\Android\Sdk\platform-tools;E:\Android\Sdk\emulator;E:\Android\Sdk\cmdline-tools\latest\bin;C:\Users\NAGARAJU\AppData\Local\Android\Sdk\platform-tools;C:\Users\NAGARAJU\AppData\Local\Android\Sdk\emulator;C:\Users\NAGARAJU\AppData\Local\Android\Sdk\cmdline-tools\latest\bin;C:\WINDOWS\System32;C:\ProgramData\chocolatey\bin;C:\Program Files\nodejs\;C:\Program Files\Git\cmd;C:\Windows\System32;C:\Windows\System32\WindowsPowerShell\v1.0;C:\Windows\System32\OpenSSH;C:\Windows\System32\WindowsPowerShell\v1.0\;C:\Users\NAGARAJU\Downloads\stripe_1.30.0_windows_x86_64;C:\WINDOWS\system32;C:\WINDOWS;C:\WINDOWS\System32\Wbem;C:\WINDOWS\System32\WindowsPowerShell\v1.0\;C:\WINDOWS\System32\OpenSSH\;C:\ProgramData\chocolatey\bin;C:\Program Files\nodejs\;C:\Program Files\Git\cmd;C:\Windows\System32;C:\Windows\System32\WindowsPowerShell\v1.0;C:\Windows\System32\OpenSSH;C:\Windows\System32\WindowsPowerShell\v1.0\;C:\Users\NAGARAJU\Downloads\stripe_1.30.0_windows_x86_64;C:\WINDOWS\system32;C:\WINDOWS;C:\WINDOWS\System32\Wbem;C:\WINDOWS\System32\WindowsPowerShell\v1.0\;C:\WINDOWS\System32\OpenSSH\;C:\ProgramData\chocolatey\bin;C:\Program Files\nodejs\;C:\Program Files\Git\cmd;C:\Windows\System32;C:\Windows\System32\WindowsPowerShell\v1.0;C:\Windows\System32\OpenSSH;C:\Windows\System32\WindowsPowerShell\v1.0\;C:\Users\NAGARAJU\Downloads\stripe_1.30.0_windows_x86_64;C:\WINDOWS\system32;C:\WINDOWS;C:\WINDOWS\System32\Wbem;C:\WINDOWS\System32\WindowsPowerShell\v1.0\;C:\WINDOWS\System32\OpenSSH\;C:\Users\NAGARAJU\AppData\Local\Android\Sdk\platform-tools;C:\Users\NAGARAJU\AppData\Local\Android\Sdk\cmdline-tools\latest\bin;C:\Users\NAGARAJU\AppData\Roaming\npm;C:\Users\NAGARAJU\AppData\Local\Programs\Microsoft VS Code\bin;C:\Users\NAGARAJU\AppData\Local\Programs\Antigravity IDE\bin;C:\Users\NAGARAJU\AppData\Local\Microsoft\WindowsApps;C:\Users\NAGARAJU\AppData\Local\Kingsoft\WPS Office\12.1.0.27458\clitool
USERNAME=NAGARAJU
OS=Windows_NT
PROCESSOR_IDENTIFIER=AMD64 Family 23 Model 104 Stepping 1, AuthenticAMD
TMP=C:\Users\NAGARAJU\AppData\Local\Temp
TEMP=C:\Users\NAGARAJU\AppData\Local\Temp




Periodic native trim disabled

---------------  S Y S T E M  ---------------

OS:
 Windows 11 , 64 bit Build 26100 (10.0.26100.9168)
OS uptime: 0 days 1:36 hours

CPU: total 8 (initial active 8) (8 cores per cpu, 2 threads per core) family 23 model 104 stepping 1 microcode 0x8608109, cx8, cmov, fxsr, ht, mmx, 3dnowpref, sse, sse2, sse3, ssse3, sse4a, sse4.1, sse4.2, popcnt, lzcnt, tsc, tscinvbit, avx, avx2, aes, clmul, bmi1, bmi2, adx, sha, fma, vzeroupper, clflush, clflushopt, rdtscp, rdpid, f16c
Processor Information for the first 8 processors :
  Max Mhz: 2600, Current Mhz: 2600, Mhz Limit: 2600

Memory: 4k page, system-wide physical 7502M (59M free)
TotalPageFile size 40270M (AvailPageFile size 10M)
current process WorkingSet (physical memory assigned to process): 17M, peak: 169M
current process commit charge ("private bytes"): 459M, peak: 579M

vm_info: OpenJDK 64-Bit Server VM (21.0.12.1+1-LTS) for windows-amd64 JRE (21.0.12.1+1-LTS), built on 2026-08-18T00:00:00Z by "admin" with MS VC++ 17.12 (VS2022)

END.
