#
# There is insufficient memory for the Java Runtime Environment to continue.
# Native memory allocation (mmap) failed to map 65011712 bytes. Error detail: G1 virtual space
# Possible reasons:
#   The system is out of physical RAM or swap space
#   This process is running with CompressedOops enabled, and the Java Heap may be blocking the growth of the native heap
# Possible solutions:
#   Reduce memory load on the system
#   Increase physical memory or swap space
#   Check if swap backing store is full
#   Decrease Java heap size (-Xmx/-Xms)
#   Decrease number of Java threads
#   Decrease Java thread stack sizes (-Xss)
#   Set larger code cache with -XX:ReservedCodeCacheSize=
#   JVM is running with Zero Based Compressed Oops mode in which the Java heap is
#     placed in the first 32GB address space. The Java Heap base address is the
#     maximum limit for the native heap growth. Please use -XX:HeapBaseMinAddress
#     to set the Java Heap base and to place the Java Heap above 32GB virtual address.
# This output file may be truncated or incomplete.
#
#  Out of Memory Error (os_windows.cpp:3732), pid=34892, tid=29224
#
# JRE version: OpenJDK Runtime Environment Temurin-21.0.12.1+1 (21.0.12.1+1) (build 21.0.12.1+1-LTS)
# Java VM: OpenJDK 64-Bit Server VM Temurin-21.0.12.1+1 (21.0.12.1+1-LTS, mixed mode, sharing, tiered, compressed oops, compressed class ptrs, g1 gc, windows-amd64)
# No core dump will be written. Minidumps are not enabled by default on client versions of Windows
#

---------------  S U M M A R Y ------------

Command Line: --add-opens=java.base/java.lang=ALL-UNNAMED --add-opens=java.base/java.lang.invoke=ALL-UNNAMED --add-opens=java.base/java.util=ALL-UNNAMED --add-opens=java.prefs/java.util.prefs=ALL-UNNAMED --add-exports=jdk.compiler/com.sun.tools.javac.api=ALL-UNNAMED --add-exports=jdk.compiler/com.sun.tools.javac.util=ALL-UNNAMED --add-opens=java.base/java.util=ALL-UNNAMED --add-opens=java.prefs/java.util.prefs=ALL-UNNAMED --add-opens=java.base/java.nio.charset=ALL-UNNAMED --add-opens=java.base/java.net=ALL-UNNAMED --add-opens=java.base/java.util.concurrent.atomic=ALL-UNNAMED --add-opens=java.xml/javax.xml.namespace=ALL-UNNAMED -Xmx4096m -Dfile.encoding=UTF-8 -Duser.country=IN -Duser.language=en -Duser.variant -javaagent:C:\Users\NAGARAJU\.gradle\wrapper\dists\gradle-8.14.1-bin\baw1sv0jfoi8rxs14qo3h49cs\gradle-8.14.1\lib\agents\gradle-instrumentation-agent-8.14.1.jar org.gradle.launcher.daemon.bootstrap.GradleDaemon 8.14.1

Host: AMD Ryzen 3 5300U with Radeon Graphics         , 8 cores, 7G,  Windows 11 , 64 bit Build 26100 (10.0.26100.9168)
Time: Sun Sep  6 17:43:24 2026 India Standard Time elapsed time: 305.430866 seconds (0d 0h 5m 5s)

---------------  T H R E A D  ---------------

Current thread (0x0000015ad70a7df0):  VMThread "VM Thread"          [id=29224, stack(0x000000190d200000,0x000000190d300000) (1024K)]

Stack: [0x000000190d200000,0x000000190d300000]
Native frames: (J=compiled Java code, j=interpreted, Vv=VM code, C=native code)
V  [jvm.dll+0x6d83e9]
V  [jvm.dll+0x8b5736]
V  [jvm.dll+0x8b7cee]
V  [jvm.dll+0x8b83d3]
V  [jvm.dll+0x284596]
V  [jvm.dll+0x6d4d05]
V  [jvm.dll+0x6c898a]
V  [jvm.dll+0x35f2f8]
V  [jvm.dll+0x366f36]
V  [jvm.dll+0x3b804e]
V  [jvm.dll+0x3b82f8]
V  [jvm.dll+0x33320c]
V  [jvm.dll+0x33329a]
V  [jvm.dll+0x377382]
V  [jvm.dll+0x375b1a]
V  [jvm.dll+0x332951]
V  [jvm.dll+0x37517a]
V  [jvm.dll+0x8be0c0]
V  [jvm.dll+0x8bf434]
V  [jvm.dll+0x8bf960]
V  [jvm.dll+0x8bfc03]
V  [jvm.dll+0x8600cd]
V  [jvm.dll+0x6d6c1d]
C  [ucrtbase.dll+0x2cd30]
C  [KERNEL32.DLL+0x2ccb7]
C  [ntdll.dll+0xaad6c]

VM_Operation (0x000000190eafa700): G1CollectForAllocation, mode: safepoint, requested by thread 0x0000015b1d7bd590


---------------  P R O C E S S  ---------------

Threads class SMR info:
_java_thread_list=0x0000015b1e4ea580, length=24, elements={
0x0000015abd17c7f0, 0x0000015ad70c57a0, 0x0000015ad70c6200, 0x0000015ad70c8340,
0x0000015ad70cadb0, 0x0000015ad70cb810, 0x0000015ad70cc270, 0x0000015ad70cd000,
0x0000015ad70d4030, 0x0000015ad7277b40, 0x0000015ad727e8a0, 0x0000015ad77d2860,
0x0000015b1dc64240, 0x0000015b1d92c500, 0x0000015b1dc100d0, 0x0000015b1d84b290,
0x0000015ad71f6ad0, 0x0000015b1d7bd590, 0x0000015b1d7bb4c0, 0x0000015b1d7be940,
0x0000015b1d7bbb50, 0x0000015b1d7bcf00, 0x0000015b1d7bc1e0, 0x0000015b1d7bdc20
}

Java Threads: ( => current thread )
  0x0000015abd17c7f0 JavaThread "main"                              [_thread_blocked, id=24720, stack(0x000000190cb00000,0x000000190cc00000) (1024K)]
  0x0000015ad70c57a0 JavaThread "Reference Handler"          daemon [_thread_blocked, id=35188, stack(0x000000190d300000,0x000000190d400000) (1024K)]
  0x0000015ad70c6200 JavaThread "Finalizer"                  daemon [_thread_blocked, id=32592, stack(0x000000190d400000,0x000000190d500000) (1024K)]
  0x0000015ad70c8340 JavaThread "Signal Dispatcher"          daemon [_thread_blocked, id=2444, stack(0x000000190d500000,0x000000190d600000) (1024K)]
  0x0000015ad70cadb0 JavaThread "Attach Listener"            daemon [_thread_blocked, id=36468, stack(0x000000190d600000,0x000000190d700000) (1024K)]
  0x0000015ad70cb810 JavaThread "Service Thread"             daemon [_thread_blocked, id=36628, stack(0x000000190d700000,0x000000190d800000) (1024K)]
  0x0000015ad70cc270 JavaThread "Monitor Deflation Thread"   daemon [_thread_blocked, id=37784, stack(0x000000190d800000,0x000000190d900000) (1024K)]
  0x0000015ad70cd000 JavaThread "C2 CompilerThread0"         daemon [_thread_blocked, id=37700, stack(0x000000190d900000,0x000000190da00000) (1024K)]
  0x0000015ad70d4030 JavaThread "C1 CompilerThread0"         daemon [_thread_blocked, id=34372, stack(0x000000190da00000,0x000000190db00000) (1024K)]
  0x0000015ad7277b40 JavaThread "Common-Cleaner"             daemon [_thread_blocked, id=37740, stack(0x000000190db00000,0x000000190dc00000) (1024K)]
  0x0000015ad727e8a0 JavaThread "Notification Thread"        daemon [_thread_blocked, id=37616, stack(0x000000190dc00000,0x000000190dd00000) (1024K)]
  0x0000015ad77d2860 JavaThread "Daemon health stats"               [_thread_blocked, id=33400, stack(0x000000190e100000,0x000000190e200000) (1024K)]
  0x0000015b1dc64240 JavaThread "Incoming local TCP Connector on port 55531"        [_thread_in_native, id=37364, stack(0x000000190e200000,0x000000190e300000) (1024K)]
  0x0000015b1d92c500 JavaThread "Daemon periodic checks"            [_thread_blocked, id=35396, stack(0x000000190e300000,0x000000190e400000) (1024K)]
  0x0000015b1dc100d0 JavaThread "Daemon"                            [_thread_blocked, id=31560, stack(0x000000190e700000,0x000000190e800000) (1024K)]
  0x0000015b1d84b290 JavaThread "Handler for socket connection from /127.0.0.1:55531 to /127.0.0.1:55532"        [_thread_in_native, id=37880, stack(0x000000190e800000,0x000000190e900000) (1024K)]
  0x0000015ad71f6ad0 JavaThread "Cancel handler"                    [_thread_blocked, id=13844, stack(0x000000190e900000,0x000000190ea00000) (1024K)]
  0x0000015b1d7bd590 JavaThread "Daemon worker"                     [_thread_blocked, id=36988, stack(0x000000190ea00000,0x000000190eb00000) (1024K)]
  0x0000015b1d7bb4c0 JavaThread "Asynchronous log dispatcher for DefaultDaemonConnection: socket connection from /127.0.0.1:55531 to /127.0.0.1:55532"        [_thread_blocked, id=37004, stack(0x000000190eb00000,0x000000190ec00000) (1024K)]
  0x0000015b1d7be940 JavaThread "Stdin handler"                     [_thread_blocked, id=36312, stack(0x000000190ec00000,0x000000190ed00000) (1024K)]
  0x0000015b1d7bbb50 JavaThread "Daemon client event forwarder"        [_thread_blocked, id=37056, stack(0x000000190ed00000,0x000000190ee00000) (1024K)]
  0x0000015b1d7bcf00 JavaThread "Cache worker for journal cache (C:\Users\NAGARAJU\.gradle\caches\journal-1)"        [_thread_blocked, id=6084, stack(0x000000190ee00000,0x000000190ef00000) (1024K)]
  0x0000015b1d7bc1e0 JavaThread "File lock request listener"        [_thread_in_native, id=10572, stack(0x000000190ef00000,0x000000190f000000) (1024K)]
  0x0000015b1d7bdc20 JavaThread "Cache worker for file hash cache (C:\Users\NAGARAJU\.gradle\caches\8.14.1\fileHashes)"        [_thread_blocked, id=15464, stack(0x000000190f100000,0x000000190f200000) (1024K)]
Total: 24

Other Threads:
=>0x0000015ad70a7df0 VMThread "VM Thread"                           [id=29224, stack(0x000000190d200000,0x000000190d300000) (1024K)]
  0x0000015ad7092710 WatcherThread "VM Periodic Task Thread"        [id=37400, stack(0x000000190d100000,0x000000190d200000) (1024K)]
  0x0000015abd1e4710 WorkerThread "GC Thread#0"                     [id=35256, stack(0x000000190cc00000,0x000000190cd00000) (1024K)]
  0x0000015ad74021a0 WorkerThread "GC Thread#1"                     [id=8384, stack(0x000000190dd00000,0x000000190de00000) (1024K)]
  0x0000015ad7429c80 WorkerThread "GC Thread#2"                     [id=20580, stack(0x000000190de00000,0x000000190df00000) (1024K)]
  0x0000015ad73594e0 WorkerThread "GC Thread#3"                     [id=23872, stack(0x000000190df00000,0x000000190e000000) (1024K)]
  0x0000015b1d1155b0 WorkerThread "GC Thread#4"                     [id=15440, stack(0x000000190e000000,0x000000190e100000) (1024K)]
  0x0000015b1d0e7310 WorkerThread "GC Thread#5"                     [id=29496, stack(0x000000190e400000,0x000000190e500000) (1024K)]
  0x0000015b1df71a20 WorkerThread "GC Thread#6"                     [id=36424, stack(0x000000190e500000,0x000000190e600000) (1024K)]
  0x0000015b1dd34d60 WorkerThread "GC Thread#7"                     [id=35572, stack(0x000000190e600000,0x000000190e700000) (1024K)]
  0x0000015abd1f6520 ConcurrentGCThread "G1 Main Marker"            [id=36540, stack(0x000000190cd00000,0x000000190ce00000) (1024K)]
  0x0000015abd1f6e40 WorkerThread "G1 Conc#0"                       [id=37312, stack(0x000000190ce00000,0x000000190cf00000) (1024K)]
  0x0000015ad6f61120 ConcurrentGCThread "G1 Refine#0"               [id=37448, stack(0x000000190cf00000,0x000000190d000000) (1024K)]
  0x0000015ad6f62930 ConcurrentGCThread "G1 Service"                [id=35988, stack(0x000000190d000000,0x000000190d100000) (1024K)]
Total: 14

Threads with active compile tasks:
Total: 0

VM state: at safepoint (normal execution)

VM Mutex/Monitor currently owned by a thread:  ([mutex/lock_event])
[0x00007ffcef1cf5b0] Threads_lock - owner thread: 0x0000015ad70a7df0
[0x00007ffcef1cf6b0] Heap_lock - owner thread: 0x0000015b1d7bd590

Heap address: 0x0000000700000000, size: 4096 MB, Compressed Oops mode: Zero based, Oop shift amount: 3

CDS archive(s) mapped at: [0x0000015ad8000000-0x0000015ad8ba0000-0x0000015ad8ba0000), size 12189696, SharedBaseAddress: 0x0000015ad8000000, ArchiveRelocationMode: 1.
Compressed class space mapped at: 0x0000015ad9000000-0x0000015b19000000, reserved size: 1073741824
Narrow klass base: 0x0000015ad8000000, Narrow klass shift: 0, Narrow klass range: 0x100000000

GC Precious Log:
 CardTable entry size: 512
 Card Set container configuration: InlinePtr #cards 4 size 8 Array Of Cards #cards 16 size 48 Howl #buckets 8 coarsen threshold 3686 Howl Bitmap #cards 512 size 80 coarsen threshold 460 Card regions per heap region 1 cards per card region 4096
 CPUs: 8 total, 8 available
 Memory: 7502M
 Large Page Support: Disabled
 NUMA Support: Disabled
 Compressed Oops: Enabled (Zero based)
 Heap Region Size: 2M
 Heap Min Capacity: 8M
 Heap Initial Capacity: 118M
 Heap Max Capacity: 4G
 Pre-touch: Disabled
 Parallel Workers: 8
 Concurrent Workers: 2
 Concurrent Refinement Workers: 8
 Periodic GC: Disabled

Heap:
 garbage-first heap   total 120832K, used 22532K [0x0000000700000000, 0x0000000800000000)
  region size 2048K, 1 young (2048K), 1 survivors (2048K)
 Metaspace       used 15757K, committed 16256K, reserved 1114112K
  class space    used 2155K, committed 2368K, reserved 1048576K

Heap Regions: E=young(eden), S=young(survivor), O=old, HS=humongous(starts), HC=humongous(continues), CS=collection set, F=free, TAMS=top-at-mark-start, PB=parsable bottom
|   0|0x0000000700000000, 0x0000000700200000, 0x0000000700200000|100%|HS|  |TAMS 0x0000000700000000| PB 0x0000000700000000| Complete 
|   1|0x0000000700200000, 0x0000000700400000, 0x0000000700400000|100%|HC|  |TAMS 0x0000000700200000| PB 0x0000000700200000| Complete 
|   2|0x0000000700400000, 0x0000000700600000, 0x0000000700600000|100%| O|  |TAMS 0x0000000700400000| PB 0x0000000700400000| Untracked 
|   3|0x0000000700600000, 0x0000000700800000, 0x0000000700800000|100%| O|  |TAMS 0x0000000700600000| PB 0x0000000700600000| Untracked 
|   4|0x0000000700800000, 0x0000000700a00000, 0x0000000700a00000|100%| O|  |TAMS 0x0000000700800000| PB 0x0000000700800000| Untracked 
|   5|0x0000000700a00000, 0x0000000700c00000, 0x0000000700c00000|100%| O|  |TAMS 0x0000000700a00000| PB 0x0000000700a00000| Untracked 
|   6|0x0000000700c00000, 0x0000000700e00000, 0x0000000700e00000|100%| O|  |TAMS 0x0000000700c00000| PB 0x0000000700c00000| Untracked 
|   7|0x0000000700e00000, 0x0000000701000000, 0x0000000701000000|100%| O|  |TAMS 0x0000000700e00000| PB 0x0000000700e00000| Untracked 
|   8|0x0000000701000000, 0x0000000701200000, 0x0000000701200000|100%| O|  |TAMS 0x0000000701000000| PB 0x0000000701000000| Untracked 
|   9|0x0000000701200000, 0x0000000701400000, 0x0000000701400000|100%| O|  |TAMS 0x0000000701200000| PB 0x0000000701200000| Untracked 
|  10|0x0000000701400000, 0x00000007015fa818, 0x0000000701600000| 98%| O|  |TAMS 0x0000000701400000| PB 0x0000000701400000| Untracked 
|  11|0x0000000701600000, 0x0000000701600000, 0x0000000701800000|  0%| F|  |TAMS 0x0000000701600000| PB 0x0000000701600000| Untracked 
|  12|0x0000000701800000, 0x0000000701800000, 0x0000000701a00000|  0%| F|  |TAMS 0x0000000701800000| PB 0x0000000701800000| Untracked 
|  13|0x0000000701a00000, 0x0000000701a00000, 0x0000000701c00000|  0%| F|  |TAMS 0x0000000701a00000| PB 0x0000000701a00000| Untracked 
|  14|0x0000000701c00000, 0x0000000701c00000, 0x0000000701e00000|  0%| F|  |TAMS 0x0000000701c00000| PB 0x0000000701c00000| Untracked 
|  15|0x0000000701e00000, 0x0000000701e00000, 0x0000000702000000|  0%| F|  |TAMS 0x0000000701e00000| PB 0x0000000701e00000| Untracked 
|  16|0x0000000702000000, 0x0000000702000000, 0x0000000702200000|  0%| F|  |TAMS 0x0000000702000000| PB 0x0000000702000000| Untracked 
|  17|0x0000000702200000, 0x0000000702200000, 0x0000000702400000|  0%| F|  |TAMS 0x0000000702200000| PB 0x0000000702200000| Untracked 
|  18|0x0000000702400000, 0x0000000702400000, 0x0000000702600000|  0%| F|  |TAMS 0x0000000702400000| PB 0x0000000702400000| Untracked 
|  19|0x0000000702600000, 0x0000000702600000, 0x0000000702800000|  0%| F|  |TAMS 0x0000000702600000| PB 0x0000000702600000| Untracked 
|  20|0x0000000702800000, 0x0000000702800000, 0x0000000702a00000|  0%| F|  |TAMS 0x0000000702800000| PB 0x0000000702800000| Untracked 
|  21|0x0000000702a00000, 0x0000000702a00000, 0x0000000702c00000|  0%| F|  |TAMS 0x0000000702a00000| PB 0x0000000702a00000| Untracked 
|  22|0x0000000702c00000, 0x0000000702c00000, 0x0000000702e00000|  0%| F|  |TAMS 0x0000000702c00000| PB 0x0000000702c00000| Untracked 
|  23|0x0000000702e00000, 0x0000000702e00000, 0x0000000703000000|  0%| F|  |TAMS 0x0000000702e00000| PB 0x0000000702e00000| Untracked 
|  24|0x0000000703000000, 0x0000000703000000, 0x0000000703200000|  0%| F|  |TAMS 0x0000000703000000| PB 0x0000000703000000| Untracked 
|  25|0x0000000703200000, 0x0000000703200000, 0x0000000703400000|  0%| F|  |TAMS 0x0000000703200000| PB 0x0000000703200000| Untracked 
|  26|0x0000000703400000, 0x0000000703400000, 0x0000000703600000|  0%| F|  |TAMS 0x0000000703400000| PB 0x0000000703400000| Untracked 
|  27|0x0000000703600000, 0x0000000703600000, 0x0000000703800000|  0%| F|  |TAMS 0x0000000703600000| PB 0x0000000703600000| Untracked 
|  28|0x0000000703800000, 0x0000000703800000, 0x0000000703a00000|  0%| F|  |TAMS 0x0000000703800000| PB 0x0000000703800000| Untracked 
|  29|0x0000000703a00000, 0x0000000703a00000, 0x0000000703c00000|  0%| F|  |TAMS 0x0000000703a00000| PB 0x0000000703a00000| Untracked 
|  30|0x0000000703c00000, 0x0000000703c00000, 0x0000000703e00000|  0%| F|  |TAMS 0x0000000703c00000| PB 0x0000000703c00000| Untracked 
|  31|0x0000000703e00000, 0x0000000703e00000, 0x0000000704000000|  0%| F|  |TAMS 0x0000000703e00000| PB 0x0000000703e00000| Untracked 
|  32|0x0000000704000000, 0x0000000704000000, 0x0000000704200000|  0%| F|  |TAMS 0x0000000704000000| PB 0x0000000704000000| Untracked 
|  33|0x0000000704200000, 0x0000000704200000, 0x0000000704400000|  0%| F|  |TAMS 0x0000000704200000| PB 0x0000000704200000| Untracked 
|  34|0x0000000704400000, 0x0000000704400000, 0x0000000704600000|  0%| F|  |TAMS 0x0000000704400000| PB 0x0000000704400000| Untracked 
|  35|0x0000000704600000, 0x0000000704600000, 0x0000000704800000|  0%| F|  |TAMS 0x0000000704600000| PB 0x0000000704600000| Untracked 
|  36|0x0000000704800000, 0x0000000704800000, 0x0000000704a00000|  0%| F|  |TAMS 0x0000000704800000| PB 0x0000000704800000| Untracked 
|  37|0x0000000704a00000, 0x0000000704a00000, 0x0000000704c00000|  0%| F|  |TAMS 0x0000000704a00000| PB 0x0000000704a00000| Untracked 
|  38|0x0000000704c00000, 0x0000000704c00000, 0x0000000704e00000|  0%| F|  |TAMS 0x0000000704c00000| PB 0x0000000704c00000| Untracked 
|  39|0x0000000704e00000, 0x0000000704e00000, 0x0000000705000000|  0%| F|  |TAMS 0x0000000704e00000| PB 0x0000000704e00000| Untracked 
|  40|0x0000000705000000, 0x0000000705000000, 0x0000000705200000|  0%| F|  |TAMS 0x0000000705000000| PB 0x0000000705000000| Untracked 
|  41|0x0000000705200000, 0x0000000705200000, 0x0000000705400000|  0%| F|  |TAMS 0x0000000705200000| PB 0x0000000705200000| Untracked 
|  42|0x0000000705400000, 0x0000000705400000, 0x0000000705600000|  0%| F|  |TAMS 0x0000000705400000| PB 0x0000000705400000| Untracked 
|  43|0x0000000705600000, 0x0000000705600000, 0x0000000705800000|  0%| F|  |TAMS 0x0000000705600000| PB 0x0000000705600000| Untracked 
|  44|0x0000000705800000, 0x0000000705800000, 0x0000000705a00000|  0%| F|  |TAMS 0x0000000705800000| PB 0x0000000705800000| Untracked 
|  45|0x0000000705a00000, 0x0000000705a00000, 0x0000000705c00000|  0%| F|  |TAMS 0x0000000705a00000| PB 0x0000000705a00000| Untracked 
|  46|0x0000000705c00000, 0x0000000705c00000, 0x0000000705e00000|  0%| F|  |TAMS 0x0000000705c00000| PB 0x0000000705c00000| Untracked 
|  47|0x0000000705e00000, 0x0000000705e00000, 0x0000000706000000|  0%| F|  |TAMS 0x0000000705e00000| PB 0x0000000705e00000| Untracked 
|  48|0x0000000706000000, 0x0000000706000000, 0x0000000706200000|  0%| F|  |TAMS 0x0000000706000000| PB 0x0000000706000000| Untracked 
|  49|0x0000000706200000, 0x0000000706200000, 0x0000000706400000|  0%| F|  |TAMS 0x0000000706200000| PB 0x0000000706200000| Untracked 
|  50|0x0000000706400000, 0x0000000706400000, 0x0000000706600000|  0%| F|  |TAMS 0x0000000706400000| PB 0x0000000706400000| Untracked 
|  51|0x0000000706600000, 0x0000000706600000, 0x0000000706800000|  0%| F|  |TAMS 0x0000000706600000| PB 0x0000000706600000| Untracked 
|  52|0x0000000706800000, 0x0000000706800000, 0x0000000706a00000|  0%| F|  |TAMS 0x0000000706800000| PB 0x0000000706800000| Untracked 
|  53|0x0000000706a00000, 0x0000000706a00000, 0x0000000706c00000|  0%| F|  |TAMS 0x0000000706a00000| PB 0x0000000706a00000| Untracked 
|  54|0x0000000706c00000, 0x0000000706c00000, 0x0000000706e00000|  0%| F|  |TAMS 0x0000000706c00000| PB 0x0000000706c00000| Untracked 
|  55|0x0000000706e00000, 0x0000000706e00000, 0x0000000707000000|  0%| F|  |TAMS 0x0000000706e00000| PB 0x0000000706e00000| Untracked 
|  56|0x0000000707000000, 0x0000000707000000, 0x0000000707200000|  0%| F|  |TAMS 0x0000000707000000| PB 0x0000000707000000| Untracked 
|  57|0x0000000707200000, 0x00000007072068e0, 0x0000000707400000|  1%| S|CS|TAMS 0x0000000707200000| PB 0x0000000707200000| Complete 
|  58|0x0000000707400000, 0x0000000707400000, 0x0000000707600000|  0%| F|  |TAMS 0x0000000707400000| PB 0x0000000707400000| Untracked 

Card table byte_map: [0x0000015acfea0000,0x0000015ad06a0000] _byte_map_base: 0x0000015acc6a0000

Marking Bits: (CMBitMap*) 0x0000015abd1e5c40
 Bits: [0x0000015ad06a0000, 0x0000015ad46a0000)

Polling page: 0x0000015abaf80000

Metaspace:

Usage:
  Non-class:     13.28 MB used.
      Class:      2.11 MB used.
       Both:     15.39 MB used.

Virtual space:
  Non-class space:       64.00 MB reserved,      13.56 MB ( 21%) committed,  1 nodes.
      Class space:        1.00 GB reserved,       2.31 MB ( <1%) committed,  1 nodes.
             Both:        1.06 GB reserved,      15.88 MB (  1%) committed. 

Chunk freelists:
   Non-Class:  2.47 MB
       Class:  13.71 MB
        Both:  16.18 MB

MaxMetaspaceSize: unlimited
CompressedClassSpaceSize: 1.00 GB
Initial GC threshold: 21.00 MB
Current GC threshold: 21.00 MB
CDS: on
 - commit_granule_bytes: 65536.
 - commit_granule_words: 8192.
 - virtual_space_node_default_size: 8388608.
 - enlarge_chunks_in_place: 1.
 - use_allocation_guard: 0.


Internal statistics:

num_allocs_failed_limit: 0.
num_arena_births: 516.
num_arena_deaths: 0.
num_vsnodes_births: 2.
num_vsnodes_deaths: 0.
num_space_committed: 254.
num_space_uncommitted: 0.
num_chunks_returned_to_freelist: 0.
num_chunks_taken_from_freelist: 1045.
num_chunk_merges: 0.
num_chunk_splits: 685.
num_chunks_enlarged: 475.
num_inconsistent_stats: 0.

CodeHeap 'non-profiled nmethods': size=120000Kb used=1835Kb max_used=1835Kb free=118164Kb
 bounds [0x0000015ac7e40000, 0x0000015ac80b0000, 0x0000015acf370000]
CodeHeap 'profiled nmethods': size=120000Kb used=6698Kb max_used=6698Kb free=113301Kb
 bounds [0x0000015ac0370000, 0x0000015ac0a00000, 0x0000015ac78a0000]
CodeHeap 'non-nmethods': size=5760Kb used=1398Kb max_used=1449Kb free=4361Kb
 bounds [0x0000015ac78a0000, 0x0000015ac7b10000, 0x0000015ac7e40000]
CodeCache: size=245760Kb, used=9931Kb, max_used=9982Kb, free=235826Kb
 total_blobs=4010, nmethods=3453, adapters=461, full_count=0
Compilation: enabled, stopped_count=0, restarted_count=0

Compilation events (20 events):
Event: 271.346 Thread 0x0000015ad70d4030 3452       3       java.lang.invoke.VarHandleGuards::guard_LI_V (123 bytes)
Event: 271.400 Thread 0x0000015ad70d4030 nmethod 3452 0x0000015ac09f3810 code [0x0000015ac09f3c60, 0x0000015ac09f6388]
Event: 276.532 Thread 0x0000015ad70d4030 3455       3       java.util.LinkedHashMap::values (5 bytes)
Event: 276.541 Thread 0x0000015ad70d4030 nmethod 3455 0x0000015ac09f6f90 code [0x0000015ac09f7140, 0x0000015ac09f7298]
Event: 276.541 Thread 0x0000015ad70d4030 3456       3       java.util.LinkedHashMap::sequencedValues (31 bytes)
Event: 276.543 Thread 0x0000015ad70d4030 nmethod 3456 0x0000015ac09f7390 code [0x0000015ac09f7560, 0x0000015ac09f7a18]
Event: 286.832 Thread 0x0000015ad70d4030 3457       3       java.util.ArrayList::clear (43 bytes)
Event: 286.836 Thread 0x0000015ad70d4030 nmethod 3457 0x0000015ac09f7b90 code [0x0000015ac09f7d40, 0x0000015ac09f80c0]
Event: 286.836 Thread 0x0000015ad70d4030 3458  s    3       java.io.ByteArrayOutputStream::toByteArray (12 bytes)
Event: 286.841 Thread 0x0000015ad70d4030 nmethod 3458 0x0000015ac09f8210 code [0x0000015ac09f83c0, 0x0000015ac09f85d0]
Event: 289.563 Thread 0x0000015ad70d4030 3459       3       java.util.concurrent.LinkedBlockingDeque::remove (5 bytes)
Event: 290.036 Thread 0x0000015ad70d4030 nmethod 3459 0x0000015ac09f8690 code [0x0000015ac09f8900, 0x0000015ac09f9440]
Event: 291.407 Thread 0x0000015ad70cd000 3462   !   4       sun.nio.ch.NativeThreadSet::add (155 bytes)
Event: 291.635 Thread 0x0000015ad70cd000 nmethod 3462 0x0000015ac800a390 code [0x0000015ac800a520, 0x0000015ac800a7a8]
Event: 291.764 Thread 0x0000015ad70cd000 3463   !   4       sun.nio.ch.NativeThreadSet::remove (90 bytes)
Event: 291.766 Thread 0x0000015ad70cd000 nmethod 3463 0x0000015ac800a910 code [0x0000015ac800aaa0, 0x0000015ac800ad18]
Event: 294.585 Thread 0x0000015ad70d4030 3464       3       java.util.stream.ReferencePipeline::map (26 bytes)
Event: 294.742 Thread 0x0000015ad70d4030 nmethod 3464 0x0000015ac09f9810 code [0x0000015ac09f9a00, 0x0000015ac09f9ed8]
Event: 296.491 Thread 0x0000015ad70d4030 3465       3       java.lang.ThreadLocal$ThreadLocalMap::cleanSomeSlots (61 bytes)
Event: 296.575 Thread 0x0000015ad70d4030 nmethod 3465 0x0000015ac09fa110 code [0x0000015ac09fa300, 0x0000015ac09fa800]

GC Heap History (20 events):
Event: 3.933 GC heap after
{Heap after GC invocations=1 (full 0):
 garbage-first heap   total 120832K, used 1536K [0x0000000700000000, 0x0000000800000000)
  region size 2048K, 1 young (2048K), 1 survivors (2048K)
 Metaspace       used 894K, committed 1024K, reserved 1114112K
  class space    used 71K, committed 128K, reserved 1048576K
}
Event: 8.140 GC heap before
{Heap before GC invocations=1 (full 0):
 garbage-first heap   total 120832K, used 44544K [0x0000000700000000, 0x0000000800000000)
  region size 2048K, 21 young (43008K), 1 survivors (2048K)
 Metaspace       used 4412K, committed 4544K, reserved 1114112K
  class space    used 559K, committed 640K, reserved 1048576K
}
Event: 8.152 GC heap after
{Heap after GC invocations=2 (full 0):
 garbage-first heap   total 120832K, used 12417K [0x0000000700000000, 0x0000000800000000)
  region size 2048K, 3 young (6144K), 3 survivors (6144K)
 Metaspace       used 4412K, committed 4544K, reserved 1114112K
  class space    used 559K, committed 640K, reserved 1048576K
}
Event: 16.482 GC heap before
{Heap before GC invocations=2 (full 0):
 garbage-first heap   total 120832K, used 75905K [0x0000000700000000, 0x0000000800000000)
  region size 2048K, 35 young (71680K), 3 survivors (6144K)
 Metaspace       used 9406K, committed 9792K, reserved 1114112K
  class space    used 1275K, committed 1472K, reserved 1048576K
}
Event: 16.554 GC heap after
{Heap after GC invocations=3 (full 0):
 garbage-first heap   total 120832K, used 19648K [0x0000000700000000, 0x0000000800000000)
  region size 2048K, 5 young (10240K), 5 survivors (10240K)
 Metaspace       used 9406K, committed 9792K, reserved 1114112K
  class space    used 1275K, committed 1472K, reserved 1048576K
}
Event: 204.927 GC heap before
{Heap before GC invocations=3 (full 0):
 garbage-first heap   total 120832K, used 81088K [0x0000000700000000, 0x0000000800000000)
  region size 2048K, 35 young (71680K), 5 survivors (10240K)
 Metaspace       used 15704K, committed 16192K, reserved 1114112K
  class space    used 2155K, committed 2368K, reserved 1048576K
}
Event: 212.217 GC heap after
{Heap after GC invocations=4 (full 0):
 garbage-first heap   total 120832K, used 22778K [0x0000000700000000, 0x0000000800000000)
  region size 2048K, 2 young (4096K), 2 survivors (4096K)
 Metaspace       used 15704K, committed 16192K, reserved 1114112K
  class space    used 2155K, committed 2368K, reserved 1048576K
}
Event: 217.486 GC heap before
{Heap before GC invocations=4 (full 0):
 garbage-first heap   total 120832K, used 24826K [0x0000000700000000, 0x0000000800000000)
  region size 2048K, 3 young (6144K), 2 survivors (4096K)
 Metaspace       used 15706K, committed 16192K, reserved 1114112K
  class space    used 2155K, committed 2368K, reserved 1048576K
}
Event: 218.263 GC heap after
{Heap after GC invocations=5 (full 0):
 garbage-first heap   total 120832K, used 23080K [0x0000000700000000, 0x0000000800000000)
  region size 2048K, 1 young (2048K), 1 survivors (2048K)
 Metaspace       used 15706K, committed 16192K, reserved 1114112K
  class space    used 2155K, committed 2368K, reserved 1048576K
}
Event: 234.238 GC heap before
{Heap before GC invocations=5 (full 0):
 garbage-first heap   total 120832K, used 25128K [0x0000000700000000, 0x0000000800000000)
  region size 2048K, 2 young (4096K), 1 survivors (2048K)
 Metaspace       used 15710K, committed 16192K, reserved 1114112K
  class space    used 2155K, committed 2368K, reserved 1048576K
}
Event: 234.241 GC heap after
{Heap after GC invocations=6 (full 0):
 garbage-first heap   total 120832K, used 22661K [0x0000000700000000, 0x0000000800000000)
  region size 2048K, 1 young (2048K), 1 survivors (2048K)
 Metaspace       used 15710K, committed 16192K, reserved 1114112K
  class space    used 2155K, committed 2368K, reserved 1048576K
}
Event: 246.585 GC heap before
{Heap before GC invocations=6 (full 0):
 garbage-first heap   total 120832K, used 24709K [0x0000000700000000, 0x0000000800000000)
  region size 2048K, 2 young (4096K), 1 survivors (2048K)
 Metaspace       used 15724K, committed 16192K, reserved 1114112K
  class space    used 2155K, committed 2368K, reserved 1048576K
}
Event: 246.594 GC heap after
{Heap after GC invocations=7 (full 0):
 garbage-first heap   total 120832K, used 22791K [0x0000000700000000, 0x0000000800000000)
  region size 2048K, 1 young (2048K), 1 survivors (2048K)
 Metaspace       used 15724K, committed 16192K, reserved 1114112K
  class space    used 2155K, committed 2368K, reserved 1048576K
}
Event: 256.793 GC heap before
{Heap before GC invocations=7 (full 0):
 garbage-first heap   total 120832K, used 24839K [0x0000000700000000, 0x0000000800000000)
  region size 2048K, 2 young (4096K), 1 survivors (2048K)
 Metaspace       used 15728K, committed 16192K, reserved 1114112K
  class space    used 2155K, committed 2368K, reserved 1048576K
}
Event: 256.999 GC heap after
{Heap after GC invocations=8 (full 0):
 garbage-first heap   total 120832K, used 22535K [0x0000000700000000, 0x0000000800000000)
  region size 2048K, 1 young (2048K), 1 survivors (2048K)
 Metaspace       used 15728K, committed 16192K, reserved 1114112K
  class space    used 2155K, committed 2368K, reserved 1048576K
}
Event: 273.269 GC heap before
{Heap before GC invocations=8 (full 0):
 garbage-first heap   total 120832K, used 22535K [0x0000000700000000, 0x0000000800000000)
  region size 2048K, 2 young (4096K), 1 survivors (2048K)
 Metaspace       used 15753K, committed 16192K, reserved 1114112K
  class space    used 2155K, committed 2368K, reserved 1048576K
}
Event: 273.280 GC heap after
{Heap after GC invocations=9 (full 0):
 garbage-first heap   total 120832K, used 22522K [0x0000000700000000, 0x0000000800000000)
  region size 2048K, 1 young (2048K), 1 survivors (2048K)
 Metaspace       used 15753K, committed 16192K, reserved 1114112K
  class space    used 2155K, committed 2368K, reserved 1048576K
}
Event: 286.542 GC heap before
{Heap before GC invocations=9 (full 0):
 garbage-first heap   total 120832K, used 24570K [0x0000000700000000, 0x0000000800000000)
  region size 2048K, 2 young (4096K), 1 survivors (2048K)
 Metaspace       used 15754K, committed 16256K, reserved 1114112K
  class space    used 2155K, committed 2368K, reserved 1048576K
}
Event: 286.827 GC heap after
{Heap after GC invocations=10 (full 0):
 garbage-first heap   total 120832K, used 22604K [0x0000000700000000, 0x0000000800000000)
  region size 2048K, 1 young (2048K), 1 survivors (2048K)
 Metaspace       used 15754K, committed 16256K, reserved 1114112K
  class space    used 2155K, committed 2368K, reserved 1048576K
}
Event: 303.225 GC heap before
{Heap before GC invocations=10 (full 0):
 garbage-first heap   total 120832K, used 24652K [0x0000000700000000, 0x0000000800000000)
  region size 2048K, 2 young (4096K), 1 survivors (2048K)
 Metaspace       used 15757K, committed 16256K, reserved 1114112K
  class space    used 2155K, committed 2368K, reserved 1048576K
}

Dll operation events (20 events):
Event: 0.872 Attempting to load shared library C:\Users\NAGARAJU\.antigravity-ide\extensions\redhat.java-1.56.0-win32-x64\jre\21.0.12.1-win32-x86_64\bin\nio.dll
Event: 0.875 Loaded shared library C:\Users\NAGARAJU\.antigravity-ide\extensions\redhat.java-1.56.0-win32-x64\jre\21.0.12.1-win32-x86_64\bin\nio.dll
Event: 0.883 Attempting to load shared library C:\Users\NAGARAJU\.antigravity-ide\extensions\redhat.java-1.56.0-win32-x64\jre\21.0.12.1-win32-x86_64\bin\zip.dll
Event: 0.883 Loaded shared library C:\Users\NAGARAJU\.antigravity-ide\extensions\redhat.java-1.56.0-win32-x64\jre\21.0.12.1-win32-x86_64\bin\zip.dll
Event: 3.939 Attempting to load shared library C:\Users\NAGARAJU\.antigravity-ide\extensions\redhat.java-1.56.0-win32-x64\jre\21.0.12.1-win32-x86_64\bin\jimage.dll
Event: 3.939 Loaded shared library C:\Users\NAGARAJU\.antigravity-ide\extensions\redhat.java-1.56.0-win32-x64\jre\21.0.12.1-win32-x86_64\bin\jimage.dll
Event: 4.972 Attempting to load shared library C:\Users\NAGARAJU\.antigravity-ide\extensions\redhat.java-1.56.0-win32-x64\jre\21.0.12.1-win32-x86_64\bin\verify.dll
Event: 4.983 Loaded shared library C:\Users\NAGARAJU\.antigravity-ide\extensions\redhat.java-1.56.0-win32-x64\jre\21.0.12.1-win32-x86_64\bin\verify.dll
Event: 5.321 Attempting to load shared library C:\Users\NAGARAJU\.gradle\native\1def1411415f61bf3af743bc5b6707747c0891f09f0c88961ee8f79bc544acac\windows-amd64\native-platform.dll
Event: 5.328 Loaded shared library C:\Users\NAGARAJU\.gradle\native\1def1411415f61bf3af743bc5b6707747c0891f09f0c88961ee8f79bc544acac\windows-amd64\native-platform.dll
Event: 5.371 Attempting to load shared library C:\Users\NAGARAJU\.gradle\native\0.2.7\x86_64-windows-gnu\gradle-fileevents.dll
Event: 5.377 Loaded shared library C:\Users\NAGARAJU\.gradle\native\0.2.7\x86_64-windows-gnu\gradle-fileevents.dll
Event: 13.204 Attempting to load shared library C:\Users\NAGARAJU\.antigravity-ide\extensions\redhat.java-1.56.0-win32-x64\jre\21.0.12.1-win32-x86_64\bin\management.dll
Event: 13.206 Loaded shared library C:\Users\NAGARAJU\.antigravity-ide\extensions\redhat.java-1.56.0-win32-x64\jre\21.0.12.1-win32-x86_64\bin\management.dll
Event: 13.215 Attempting to load shared library C:\Users\NAGARAJU\.antigravity-ide\extensions\redhat.java-1.56.0-win32-x64\jre\21.0.12.1-win32-x86_64\bin\management_ext.dll
Event: 13.222 Loaded shared library C:\Users\NAGARAJU\.antigravity-ide\extensions\redhat.java-1.56.0-win32-x64\jre\21.0.12.1-win32-x86_64\bin\management_ext.dll
Event: 15.185 Attempting to load shared library C:\Users\NAGARAJU\.antigravity-ide\extensions\redhat.java-1.56.0-win32-x64\jre\21.0.12.1-win32-x86_64\bin\extnet.dll
Event: 15.272 Loaded shared library C:\Users\NAGARAJU\.antigravity-ide\extensions\redhat.java-1.56.0-win32-x64\jre\21.0.12.1-win32-x86_64\bin\extnet.dll
Event: 16.688 Attempting to load shared library C:\Users\NAGARAJU\.antigravity-ide\extensions\redhat.java-1.56.0-win32-x64\jre\21.0.12.1-win32-x86_64\bin\sunmscapi.dll
Event: 16.736 Loaded shared library C:\Users\NAGARAJU\.antigravity-ide\extensions\redhat.java-1.56.0-win32-x64\jre\21.0.12.1-win32-x86_64\bin\sunmscapi.dll

Deoptimization events (20 events):
Event: 19.449 Thread 0x0000015b1d7bd590 DEOPT PACKING pc=0x0000015ac7edaad4 sp=0x000000190eafb600
Event: 19.450 Thread 0x0000015b1d7bd590 DEOPT UNPACKING pc=0x0000015ac78f4422 sp=0x000000190eafb568 mode 2
Event: 20.859 Thread 0x0000015b1d7bd590 DEOPT PACKING pc=0x0000015ac0469cd9 sp=0x000000190eafa8c0
Event: 20.859 Thread 0x0000015b1d7bd590 DEOPT UNPACKING pc=0x0000015ac78f4bc2 sp=0x000000190eaf9d58 mode 0
Event: 20.953 Thread 0x0000015b1d7bc1e0 Uncommon trap: trap_request=0xffffff45 fr.pc=0x0000015ac7f35dac relative=0x000000000000018c
Event: 20.953 Thread 0x0000015b1d7bc1e0 Uncommon trap: reason=unstable_if action=reinterpret pc=0x0000015ac7f35dac method=java.util.concurrent.locks.ReentrantLock$NonfairSync.initialTryLock()Z @ 25 c2
Event: 20.953 Thread 0x0000015b1d7bc1e0 DEOPT PACKING pc=0x0000015ac7f35dac sp=0x000000190efff120
Event: 20.953 Thread 0x0000015b1d7bc1e0 DEOPT UNPACKING pc=0x0000015ac78f4422 sp=0x000000190efff0c0 mode 2
Event: 125.921 Thread 0x0000015b1d7bc1e0 Uncommon trap: trap_request=0xffffff45 fr.pc=0x0000015ac7fdd7e0 relative=0x0000000000000140
Event: 125.936 Thread 0x0000015b1d7bc1e0 Uncommon trap: reason=unstable_if action=reinterpret pc=0x0000015ac7fdd7e0 method=java.util.concurrent.locks.ReentrantLock$NonfairSync.tryAcquire(I)Z @ 4 c2
Event: 125.936 Thread 0x0000015b1d7bc1e0 DEOPT PACKING pc=0x0000015ac7fdd7e0 sp=0x000000190efff0b0
Event: 125.948 Thread 0x0000015b1d7bc1e0 DEOPT UNPACKING pc=0x0000015ac78f4422 sp=0x000000190efff060 mode 2
Event: 126.057 Thread 0x0000015b1d7bc1e0 Uncommon trap: trap_request=0xffffff45 fr.pc=0x0000015ac7fde398 relative=0x00000000000005b8
Event: 126.057 Thread 0x0000015b1d7bc1e0 Uncommon trap: reason=unstable_if action=reinterpret pc=0x0000015ac7fde398 method=java.util.concurrent.locks.AbstractQueuedSynchronizer.acquire(Ljava/util/concurrent/locks/AbstractQueuedSynchronizer$Node;IZZZJ)I @ 26 c2
Event: 126.057 Thread 0x0000015b1d7bc1e0 DEOPT PACKING pc=0x0000015ac7fde398 sp=0x000000190efff040
Event: 126.068 Thread 0x0000015b1d7bc1e0 DEOPT UNPACKING pc=0x0000015ac78f4422 sp=0x000000190effefe8 mode 2
Event: 182.981 Thread 0x0000015b1d7bd590 Uncommon trap: trap_request=0xffffff45 fr.pc=0x0000015ac7fdd138 relative=0x00000000000000d8
Event: 182.981 Thread 0x0000015b1d7bd590 Uncommon trap: reason=unstable_if action=reinterpret pc=0x0000015ac7fdd138 method=java.util.concurrent.locks.AbstractQueuedSynchronizer.tryInitializeHead()Ljava/util/concurrent/locks/AbstractQueuedSynchronizer$Node; @ 8 c2
Event: 182.981 Thread 0x0000015b1d7bd590 DEOPT PACKING pc=0x0000015ac7fdd138 sp=0x000000190eafac80
Event: 182.981 Thread 0x0000015b1d7bd590 DEOPT UNPACKING pc=0x0000015ac78f4422 sp=0x000000190eafab90 mode 2

Classes loaded (20 events):
Event: 20.403 Loading class java/util/concurrent/locks/ReentrantLock$FairSync
Event: 20.403 Loading class java/util/concurrent/locks/ReentrantLock$FairSync done
Event: 20.758 Loading class java/net/DatagramPacket
Event: 20.759 Loading class java/net/DatagramPacket done
Event: 20.765 Loading class sun/nio/ch/DatagramChannelImpl$DatagramPackets
Event: 20.766 Loading class sun/nio/ch/DatagramChannelImpl$DatagramPackets done
Event: 26.561 Loading class java/util/concurrent/LinkedBlockingDeque$Itr
Event: 26.563 Loading class java/util/concurrent/LinkedBlockingDeque$AbstractItr
Event: 26.564 Loading class java/util/concurrent/LinkedBlockingDeque$AbstractItr done
Event: 26.565 Loading class java/util/concurrent/LinkedBlockingDeque$Itr done
Event: 26.582 Loading class java/util/LinkedList$ListItr
Event: 26.583 Loading class java/util/LinkedList$ListItr done
Event: 182.073 Loading class sun/security/provider/MD5
Event: 182.089 Loading class sun/security/provider/MD5 done
Event: 182.173 Loading class sun/security/provider/SHA5$SHA512
Event: 182.175 Loading class sun/security/provider/SHA5
Event: 182.188 Loading class sun/security/provider/SHA5 done
Event: 182.189 Loading class sun/security/provider/SHA5$SHA512 done
Event: 182.231 Loading class sun/security/provider/ByteArrayAccess$LE
Event: 182.231 Loading class sun/security/provider/ByteArrayAccess$LE done

Classes unloaded (0 events):
No events

Classes redefined (0 events):
No events

Internal exceptions (20 events):
Event: 15.540 Thread 0x0000015abd17c7f0 Exception <a 'java/lang/NoSuchMethodError'{0x0000000703771a78}: 'java.lang.Object java.lang.invoke.DirectMethodHandle$Holder.invokeVirtual(java.lang.Object, java.lang.Object, java.lang.Object, java.lang.Object, java.lang.Object, java.lang.Object, java.lang.Object, java.lang.Object, java.lang.Object)'> (0x0000000703771a78) 
thrown [s\src\hotspot\share\interpreter\linkResolver.cpp, line 773]
Event: 15.684 Thread 0x0000015abd17c7f0 Exception <a 'java/lang/NoSuchMethodError'{0x000000070350c768}: 'java.lang.Object java.lang.invoke.DirectMethodHandle$Holder.invokeStaticInit(java.lang.Object, int, int, int, int)'> (0x000000070350c768) 
thrown [s\src\hotspot\share\interpreter\linkResolver.cpp, line 773]
Event: 15.964 Thread 0x0000015abd17c7f0 Exception <a 'java/lang/NoSuchMethodError'{0x00000007035b52e8}: 'java.lang.Object java.lang.invoke.DirectMethodHandle$Holder.invokeStaticInit(java.lang.Object, java.lang.Object, int, int, int, int)'> (0x00000007035b52e8) 
thrown [s\src\hotspot\share\interpreter\linkResolver.cpp, line 773]
Event: 16.338 Thread 0x0000015abd17c7f0 Exception <a 'java/io/IOException'{0x00000007030ffe10}> (0x00000007030ffe10) 
thrown [s\src\hotspot\share\prims\jni.cpp, line 520]
Event: 16.352 Thread 0x0000015abd17c7f0 Implicit null exception at 0x0000015ac7eaaba0 to 0x0000015ac7eab14c
Event: 16.446 Thread 0x0000015abd17c7f0 Exception <a 'java/lang/NoSuchMethodError'{0x0000000703173328}: 'java.lang.Object java.lang.invoke.DirectMethodHandle$Holder.newInvokeSpecial(java.lang.Object, java.lang.Object, java.lang.Object, java.lang.Object, java.lang.Object)'> (0x0000000703173328) 
thrown [s\src\hotspot\share\interpreter\linkResolver.cpp, line 773]
Event: 18.456 Thread 0x0000015b1dc100d0 Exception <a 'java/lang/NoSuchMethodError'{0x0000000706e03288}: 'void java.lang.invoke.DirectMethodHandle$Holder.invokeSpecial(java.lang.Object, java.lang.Object, java.lang.Object)'> (0x0000000706e03288) 
thrown [s\src\hotspot\share\interpreter\linkResolver.cpp, line 773]
Event: 18.834 Thread 0x0000015b1d7bd590 Exception <a 'java/lang/NoSuchMethodError'{0x0000000706b28818}: 'long java.lang.invoke.DirectMethodHandle$Holder.invokeInterface(java.lang.Object, java.lang.Object)'> (0x0000000706b28818) 
thrown [s\src\hotspot\share\interpreter\linkResolver.cpp, line 773]
Event: 19.246 Thread 0x0000015b1d7bd590 Exception <a 'java/lang/NoSuchMethodError'{0x00000007067c6050}: 'void java.lang.invoke.DirectMethodHandle$Holder.invokeStatic(java.lang.Object, java.lang.Object)'> (0x00000007067c6050) 
thrown [s\src\hotspot\share\interpreter\linkResolver.cpp, line 773]
Event: 19.265 Thread 0x0000015b1d7bd590 Exception <a 'java/lang/NoSuchMethodError'{0x000000070640eaf0}: 'java.lang.Object java.lang.invoke.DirectMethodHandle$Holder.invokeVirtual(java.lang.Object, java.lang.Object, java.lang.Object, java.lang.Object, java.lang.Object, java.lang.Object, java.lang.Object, java.lang.Object, java.lang.Object, java.lang.Object, java.lang.Object, java.lang.Object)'> (0x000000070640eaf0) 
thrown [s\src\hotspot\share\interpreter\linkResolver.cpp, line 773]
Event: 19.266 Thread 0x0000015b1d7bd590 Exception <a 'java/lang/NoSuchMethodError'{0x0000000706413c40}: 'java.lang.Object java.lang.invoke.DirectMethodHandle$Holder.invokeSpecial(java.lang.Object, java.lang.Object, java.lang.Object, java.lang.Object, java.lang.Object, java.lang.Object, java.lang.Object, java.lang.Object, java.lang.Object, java.lang.Object, java.lang.Object, java.lang.Object, java.lang.Object)'> (0x0000000706413c40) 
thrown [s\src\hotspot\share\interpreter\linkResolver.cpp, line 773]
Event: 19.519 Thread 0x0000015b1d7bd590 Exception <a 'java/lang/NoSuchMethodError'{0x0000000706274eb0}: 'int java.lang.invoke.DirectMethodHandle$Holder.invokeVirtual(java.lang.Object, java.lang.Object, java.lang.Object)'> (0x0000000706274eb0) 
thrown [s\src\hotspot\share\interpreter\linkResolver.cpp, line 773]
Event: 19.683 Thread 0x0000015b1d7bd590 Exception <a 'java/lang/NoSuchMethodError'{0x00000007060eaf38}: 'java.lang.Object java.lang.invoke.DirectMethodHandle$Holder.newInvokeSpecial(java.lang.Object, java.lang.Object, java.lang.Object, java.lang.Object, java.lang.Object, java.lang.Object)'> (0x00000007060eaf38) 
thrown [s\src\hotspot\share\interpreter\linkResolver.cpp, line 773]
Event: 19.916 Thread 0x0000015b1d7bd590 Exception <a 'java/lang/NoSuchMethodError'{0x0000000705fbb5a0}: 'void java.lang.invoke.DelegatingMethodHandle$Holder.reinvoke_L(java.lang.Object, java.lang.Object, java.lang.Object, java.lang.Object, java.lang.Object, java.lang.Object, java.lang.Object, java.lang.Object, java.lang.Object, java.lang.Object)'> (0x0000000705fbb5a0) 
thrown [s\src\hotspot\share\interpreter\linkResolver.cpp, line 773]
Event: 19.918 Thread 0x0000015b1d7bd590 Exception <a 'java/lang/NoSuchMethodError'{0x0000000705fc3080}: 'java.lang.Object java.lang.invoke.Invokers$Holder.invoker(java.lang.Object, java.lang.Object, java.lang.Object, java.lang.Object, java.lang.Object, java.lang.Object, java.lang.Object, java.lang.Object, java.lang.Object, java.lang.Object)'> (0x0000000705fc3080) 
thrown [s\src\hotspot\share\interpreter\linkResolver.cpp, line 773]
Event: 20.328 Thread 0x0000015b1d7bd590 Exception <a 'java/lang/NoSuchMethodError'{0x0000000705619140}: 'void java.lang.invoke.DirectMethodHandle$Holder.invokeInterface(java.lang.Object, java.lang.Object)'> (0x0000000705619140) 
thrown [s\src\hotspot\share\interpreter\linkResolver.cpp, line 773]
Event: 20.328 Thread 0x0000015b1d7bd590 Exception <a 'java/lang/IncompatibleClassChangeError'{0x000000070561c6c0}: Found class java.lang.Object, but interface was expected> (0x000000070561c6c0) 
thrown [s\src\hotspot\share\interpreter\linkResolver.cpp, line 840]
Event: 20.408 Thread 0x0000015b1d7bd590 Exception <a 'java/lang/NoSuchMethodError'{0x0000000705743020}: 'java.lang.Object java.lang.invoke.DirectMethodHandle$Holder.newInvokeSpecial(java.lang.Object, java.lang.Object, int)'> (0x0000000705743020) 
thrown [s\src\hotspot\share\interpreter\linkResolver.cpp, line 773]
Event: 126.039 Thread 0x0000015b1d7bc1e0 Implicit null exception at 0x0000015ac7fdde3b to 0x0000015ac7fde37c
Event: 182.752 Thread 0x0000015b1d7bd590 Exception <a 'java/lang/NoSuchMethodError'{0x0000000703cf8310}: 'java.lang.Object java.lang.invoke.DirectMethodHandle$Holder.invokeVirtual(java.lang.Object, java.lang.Object, java.lang.Object, java.lang.Object, java.lang.Object, java.lang.Object, java.lang.Object, java.lang.Object)'> (0x0000000703cf8310) 
thrown [s\src\hotspot\share\interpreter\linkResolver.cpp, line 773]

ZGC Phase Switch (0 events):
No events

VM Operations (20 events):
Event: 234.242 Executing safepoint VM operation: G1CollectForAllocation (G1 Evacuation Pause) done
Event: 236.257 Executing safepoint VM operation: Cleanup
Event: 236.257 Executing safepoint VM operation: Cleanup done
Event: 238.272 Executing safepoint VM operation: Cleanup
Event: 238.272 Executing safepoint VM operation: Cleanup done
Event: 245.316 Executing safepoint VM operation: Cleanup
Event: 245.316 Executing safepoint VM operation: Cleanup done
Event: 246.580 Executing safepoint VM operation: G1CollectForAllocation (G1 Evacuation Pause)
Event: 246.594 Executing safepoint VM operation: G1CollectForAllocation (G1 Evacuation Pause) done
Event: 247.595 Executing safepoint VM operation: Cleanup
Event: 247.595 Executing safepoint VM operation: Cleanup done
Event: 256.793 Executing safepoint VM operation: G1CollectForAllocation (G1 Evacuation Pause)
Event: 257.000 Executing safepoint VM operation: G1CollectForAllocation (G1 Evacuation Pause) done
Event: 270.113 Executing safepoint VM operation: Cleanup
Event: 270.113 Executing safepoint VM operation: Cleanup done
Event: 273.269 Executing safepoint VM operation: G1CollectForAllocation (G1 Evacuation Pause)
Event: 273.280 Executing safepoint VM operation: G1CollectForAllocation (G1 Evacuation Pause) done
Event: 286.528 Executing safepoint VM operation: G1CollectForAllocation (G1 Evacuation Pause)
Event: 286.827 Executing safepoint VM operation: G1CollectForAllocation (G1 Evacuation Pause) done
Event: 303.225 Executing safepoint VM operation: G1CollectForAllocation (G1 Evacuation Pause)

Memory protections (0 events):
No events

Nmethod flushes (0 events):
No events

Events (20 events):
Event: 0.412 Thread 0x0000015abd17c7f0 Thread added: 0x0000015ad70d4030
Event: 0.805 Thread 0x0000015abd17c7f0 Thread added: 0x0000015ad7277b40
Event: 0.946 Thread 0x0000015abd17c7f0 Thread added: 0x0000015ad727e8a0
Event: 13.566 Thread 0x0000015abd17c7f0 Thread added: 0x0000015ad77d2860
Event: 16.006 Thread 0x0000015abd17c7f0 Thread added: 0x0000015b1dc64240
Event: 16.479 Thread 0x0000015abd17c7f0 Thread added: 0x0000015b1d92c500
Event: 17.008 Thread 0x0000015b1dc64240 Thread added: 0x0000015b1dc100d0
Event: 17.026 Thread 0x0000015b1dc100d0 Thread added: 0x0000015b1d84b290
Event: 17.993 Thread 0x0000015b1dc100d0 Thread added: 0x0000015ad71f6ad0
Event: 18.459 Thread 0x0000015b1dc100d0 Thread added: 0x0000015b1d7bd590
Event: 18.523 Thread 0x0000015b1d7bd590 Thread added: 0x0000015b1d7bb4c0
Event: 18.534 Thread 0x0000015b1d7bd590 Thread added: 0x0000015b1d7be940
Event: 18.539 Thread 0x0000015b1d7bd590 Thread added: 0x0000015b1d7bbb50
Event: 20.405 Thread 0x0000015b1d7bd590 Thread added: 0x0000015b1d7bcf00
Event: 20.752 Thread 0x0000015b1d7bd590 Thread added: 0x0000015b1d7bc1e0
Event: 20.815 Thread 0x0000015b1d7bc1e0 Thread added: 0x0000015b1d7bc870
Event: 20.885 Thread 0x0000015b1d7bd590 Thread added: 0x0000015b1d7bdc20
Event: 82.655 Thread 0x0000015b1d7bc870 Thread exited: 0x0000015b1d7bc870
Event: 181.412 Thread 0x0000015b1d7bc1e0 Thread added: 0x0000015b1d7bc870
Event: 241.550 Thread 0x0000015b1d7bc870 Thread exited: 0x0000015b1d7bc870


Dynamic libraries:
0x00007ff72d0c0000 - 0x00007ff72d0ce000 	C:\Users\NAGARAJU\.antigravity-ide\extensions\redhat.java-1.56.0-win32-x64\jre\21.0.12.1-win32-x86_64\bin\java.exe
0x00007ffd9d520000 - 0x00007ffd9d786000 	C:\WINDOWS\SYSTEM32\ntdll.dll
0x00007ffd9d080000 - 0x00007ffd9d149000 	C:\WINDOWS\System32\KERNEL32.DLL
0x00007ffd9a8c0000 - 0x00007ffd9acbf000 	C:\WINDOWS\System32\KERNELBASE.dll
0x00007ffd9ad90000 - 0x00007ffd9aedc000 	C:\WINDOWS\System32\ucrtbase.dll
0x00007ffd64b50000 - 0x00007ffd64b68000 	C:\Users\NAGARAJU\.antigravity-ide\extensions\redhat.java-1.56.0-win32-x64\jre\21.0.12.1-win32-x86_64\bin\jli.dll
0x00007ffd70450000 - 0x00007ffd7046e000 	C:\Users\NAGARAJU\.antigravity-ide\extensions\redhat.java-1.56.0-win32-x64\jre\21.0.12.1-win32-x86_64\bin\VCRUNTIME140.dll
0x00007ffd9cc50000 - 0x00007ffd9ce16000 	C:\WINDOWS\System32\USER32.dll
0x00007ffd9b040000 - 0x00007ffd9b067000 	C:\WINDOWS\System32\win32u.dll
0x00007ffd9d380000 - 0x00007ffd9d3ab000 	C:\WINDOWS\System32\GDI32.dll
0x00007ffd9b070000 - 0x00007ffd9b199000 	C:\WINDOWS\System32\gdi32full.dll
0x00007ffd9b1a0000 - 0x00007ffd9b243000 	C:\WINDOWS\System32\msvcp_win.dll
0x00007ffd82850000 - 0x00007ffd82ae1000 	C:\WINDOWS\WinSxS\amd64_microsoft.windows.common-controls_6595b64144ccf1df_6.0.26100.8972_none_3e0da176e32f9d4b\COMCTL32.dll
0x00007ffd9cf40000 - 0x00007ffd9cfe9000 	C:\WINDOWS\System32\msvcrt.dll
0x00007ffd9b480000 - 0x00007ffd9b4b2000 	C:\WINDOWS\System32\IMM32.DLL
0x00007ffd90c70000 - 0x00007ffd90c7c000 	C:\Users\NAGARAJU\.antigravity-ide\extensions\redhat.java-1.56.0-win32-x64\jre\21.0.12.1-win32-x86_64\bin\vcruntime140_1.dll
0x00007ffd2f060000 - 0x00007ffd2f0ed000 	C:\Users\NAGARAJU\.antigravity-ide\extensions\redhat.java-1.56.0-win32-x64\jre\21.0.12.1-win32-x86_64\bin\msvcp140.dll
0x00007ffcee510000 - 0x00007ffcef2b2000 	C:\Users\NAGARAJU\.antigravity-ide\extensions\redhat.java-1.56.0-win32-x64\jre\21.0.12.1-win32-x86_64\bin\server\jvm.dll
0x00007ffd9d3b0000 - 0x00007ffd9d46c000 	C:\WINDOWS\System32\ADVAPI32.dll
0x00007ffd9b5c0000 - 0x00007ffd9b66a000 	C:\WINDOWS\System32\sechost.dll
0x00007ffd9ce20000 - 0x00007ffd9cf38000 	C:\WINDOWS\System32\RPCRT4.dll
0x00007ffd9cff0000 - 0x00007ffd9d072000 	C:\WINDOWS\System32\WS2_32.dll
0x00007ffd9a590000 - 0x00007ffd9a5ee000 	C:\WINDOWS\SYSTEM32\POWRPROF.dll
0x00007ffd934b0000 - 0x00007ffd934e6000 	C:\WINDOWS\SYSTEM32\WINMM.dll
0x00007ffd934f0000 - 0x00007ffd934fb000 	C:\WINDOWS\SYSTEM32\VERSION.dll
0x00007ffd9a570000 - 0x00007ffd9a585000 	C:\WINDOWS\SYSTEM32\UMPDC.dll
0x00007ffd99420000 - 0x00007ffd9943b000 	C:\WINDOWS\SYSTEM32\kernel.appcore.dll
0x00007ffd7f120000 - 0x00007ffd7f12a000 	C:\Users\NAGARAJU\.antigravity-ide\extensions\redhat.java-1.56.0-win32-x64\jre\21.0.12.1-win32-x86_64\bin\jimage.dll
0x00007ffd8ec80000 - 0x00007ffd8eec2000 	C:\WINDOWS\SYSTEM32\DBGHELP.DLL
0x00007ffd9c770000 - 0x00007ffd9caf5000 	C:\WINDOWS\System32\combase.dll
0x00007ffd9cb00000 - 0x00007ffd9cbd9000 	C:\WINDOWS\System32\OLEAUT32.dll
0x00007ffd78b50000 - 0x00007ffd78b8b000 	C:\WINDOWS\SYSTEM32\dbgcore.DLL
0x00007ffd9acd0000 - 0x00007ffd9ad7c000 	C:\WINDOWS\System32\bcryptPrimitives.dll
0x00007ffd7e540000 - 0x00007ffd7e54f000 	C:\Users\NAGARAJU\.antigravity-ide\extensions\redhat.java-1.56.0-win32-x64\jre\21.0.12.1-win32-x86_64\bin\instrument.dll
0x00007ffd35640000 - 0x00007ffd35660000 	C:\Users\NAGARAJU\.antigravity-ide\extensions\redhat.java-1.56.0-win32-x64\jre\21.0.12.1-win32-x86_64\bin\java.dll
0x00007ffd9bb00000 - 0x00007ffd9c288000 	C:\WINDOWS\System32\SHELL32.dll
0x00007ffd98200000 - 0x00007ffd98a9b000 	C:\WINDOWS\SYSTEM32\windows.storage.dll
0x00007ffd9c670000 - 0x00007ffd9c769000 	C:\WINDOWS\System32\SHCORE.dll
0x00007ffd9c550000 - 0x00007ffd9c5b6000 	C:\WINDOWS\System32\shlwapi.dll
0x00007ffd9a650000 - 0x00007ffd9a679000 	C:\WINDOWS\SYSTEM32\profapi.dll
0x00007ffd35620000 - 0x00007ffd35638000 	C:\Users\NAGARAJU\.antigravity-ide\extensions\redhat.java-1.56.0-win32-x64\jre\21.0.12.1-win32-x86_64\bin\zip.dll
0x00007ffd7e070000 - 0x00007ffd7e080000 	C:\Users\NAGARAJU\.antigravity-ide\extensions\redhat.java-1.56.0-win32-x64\jre\21.0.12.1-win32-x86_64\bin\net.dll
0x00007ffd906e0000 - 0x00007ffd90808000 	C:\WINDOWS\SYSTEM32\WINHTTP.dll
0x00007ffd999d0000 - 0x00007ffd99a3c000 	C:\WINDOWS\system32\mswsock.dll
0x00007ffd32710000 - 0x00007ffd32726000 	C:\Users\NAGARAJU\.antigravity-ide\extensions\redhat.java-1.56.0-win32-x64\jre\21.0.12.1-win32-x86_64\bin\nio.dll
0x00007ffd7ddd0000 - 0x00007ffd7dde0000 	C:\Users\NAGARAJU\.antigravity-ide\extensions\redhat.java-1.56.0-win32-x64\jre\21.0.12.1-win32-x86_64\bin\verify.dll
0x00007ffd30fa0000 - 0x00007ffd30fc7000 	C:\Users\NAGARAJU\.gradle\native\1def1411415f61bf3af743bc5b6707747c0891f09f0c88961ee8f79bc544acac\windows-amd64\native-platform.dll
0x00007ffd0c2b0000 - 0x00007ffd0c328000 	C:\Users\NAGARAJU\.gradle\native\0.2.7\x86_64-windows-gnu\gradle-fileevents.dll
0x00007ffd7dc40000 - 0x00007ffd7dc4a000 	C:\Users\NAGARAJU\.antigravity-ide\extensions\redhat.java-1.56.0-win32-x64\jre\21.0.12.1-win32-x86_64\bin\management.dll
0x00007ffd7dae0000 - 0x00007ffd7daec000 	C:\Users\NAGARAJU\.antigravity-ide\extensions\redhat.java-1.56.0-win32-x64\jre\21.0.12.1-win32-x86_64\bin\management_ext.dll
0x00007ffd9d370000 - 0x00007ffd9d378000 	C:\WINDOWS\System32\PSAPI.DLL
0x00007ffd98df0000 - 0x00007ffd98e23000 	C:\WINDOWS\SYSTEM32\IPHLPAPI.DLL
0x00007ffd9c660000 - 0x00007ffd9c66a000 	C:\WINDOWS\System32\NSI.dll
0x00007ffd7dd50000 - 0x00007ffd7dd59000 	C:\Users\NAGARAJU\.antigravity-ide\extensions\redhat.java-1.56.0-win32-x64\jre\21.0.12.1-win32-x86_64\bin\extnet.dll
0x00007ffd99cc0000 - 0x00007ffd99cdb000 	C:\WINDOWS\SYSTEM32\CRYPTSP.dll
0x00007ffd99380000 - 0x00007ffd993b9000 	C:\WINDOWS\system32\rsaenh.dll
0x00007ffd99a80000 - 0x00007ffd99ab2000 	C:\WINDOWS\SYSTEM32\USERENV.dll
0x00007ffd9a620000 - 0x00007ffd9a64a000 	C:\WINDOWS\SYSTEM32\bcrypt.dll
0x00007ffd99ce0000 - 0x00007ffd99cec000 	C:\WINDOWS\SYSTEM32\CRYPTBASE.dll
0x00007ffd7e0d0000 - 0x00007ffd7e0de000 	C:\Users\NAGARAJU\.antigravity-ide\extensions\redhat.java-1.56.0-win32-x64\jre\21.0.12.1-win32-x86_64\bin\sunmscapi.dll
0x00007ffd9a730000 - 0x00007ffd9a8ae000 	C:\WINDOWS\System32\CRYPT32.dll
0x00007ffd99f00000 - 0x00007ffd99f30000 	C:\WINDOWS\SYSTEM32\ncrypt.dll
0x00007ffd99eb0000 - 0x00007ffd99eef000 	C:\WINDOWS\SYSTEM32\NTASN1.dll
0x00007ffd32530000 - 0x00007ffd32538000 	C:\WINDOWS\system32\wshunix.dll

JVMTI agents:
C:\Users\NAGARAJU\.gradle\wrapper\dists\gradle-8.14.1-bin\baw1sv0jfoi8rxs14qo3h49cs\gradle-8.14.1\lib\agents\gradle-instrumentation-agent-8.14.1.jar path:C:\Users\NAGARAJU\.antigravity-ide\extensions\redhat.java-1.56.0-win32-x64\jre\21.0.12.1-win32-x86_64\bin\instrument.dll, loaded, initialized, instrumentlib options:none

dbghelp: loaded successfully - version: 4.0.5 - missing functions: none
symbol engine: initialized successfully - sym options: 0x614 - pdb path: .;C:\Users\NAGARAJU\.antigravity-ide\extensions\redhat.java-1.56.0-win32-x64\jre\21.0.12.1-win32-x86_64\bin;C:\WINDOWS\SYSTEM32;C:\WINDOWS\WinSxS\amd64_microsoft.windows.common-controls_6595b64144ccf1df_6.0.26100.8972_none_3e0da176e32f9d4b;C:\Users\NAGARAJU\.antigravity-ide\extensions\redhat.java-1.56.0-win32-x64\jre\21.0.12.1-win32-x86_64\bin\server;C:\Users\NAGARAJU\.gradle\native\1def1411415f61bf3af743bc5b6707747c0891f09f0c88961ee8f79bc544acac\windows-amd64;C:\Users\NAGARAJU\.gradle\native\0.2.7\x86_64-windows-gnu

VM Arguments:
jvm_args: --add-opens=java.base/java.lang=ALL-UNNAMED --add-opens=java.base/java.lang.invoke=ALL-UNNAMED --add-opens=java.base/java.util=ALL-UNNAMED --add-opens=java.prefs/java.util.prefs=ALL-UNNAMED --add-exports=jdk.compiler/com.sun.tools.javac.api=ALL-UNNAMED --add-exports=jdk.compiler/com.sun.tools.javac.util=ALL-UNNAMED --add-opens=java.base/java.util=ALL-UNNAMED --add-opens=java.prefs/java.util.prefs=ALL-UNNAMED --add-opens=java.base/java.nio.charset=ALL-UNNAMED --add-opens=java.base/java.net=ALL-UNNAMED --add-opens=java.base/java.util.concurrent.atomic=ALL-UNNAMED --add-opens=java.xml/javax.xml.namespace=ALL-UNNAMED -Xmx4096m -Dfile.encoding=UTF-8 -Duser.country=IN -Duser.language=en -Duser.variant -javaagent:C:\Users\NAGARAJU\.gradle\wrapper\dists\gradle-8.14.1-bin\baw1sv0jfoi8rxs14qo3h49cs\gradle-8.14.1\lib\agents\gradle-instrumentation-agent-8.14.1.jar 
java_command: org.gradle.launcher.daemon.bootstrap.GradleDaemon 8.14.1
java_class_path (initial): C:\Users\NAGARAJU\.gradle\wrapper\dists\gradle-8.14.1-bin\baw1sv0jfoi8rxs14qo3h49cs\gradle-8.14.1\lib\gradle-daemon-main-8.14.1.jar
Launcher Type: SUN_STANDARD

[Global flags]
     intx CICompilerCount                          = 4                                         {product} {ergonomic}
     uint ConcGCThreads                            = 2                                         {product} {ergonomic}
     uint G1ConcRefinementThreads                  = 8                                         {product} {ergonomic}
   size_t G1HeapRegionSize                         = 2097152                                   {product} {ergonomic}
    uintx GCDrainStackTargetSize                   = 64                                        {product} {ergonomic}
   size_t InitialHeapSize                          = 123731968                                 {product} {ergonomic}
   size_t MarkStackSize                            = 4194304                                   {product} {ergonomic}
   size_t MaxHeapSize                              = 4294967296                                {product} {command line}
   size_t MaxNewSize                               = 2575302656                                {product} {ergonomic}
   size_t MinHeapDeltaBytes                        = 2097152                                   {product} {ergonomic}
   size_t MinHeapSize                              = 8388608                                   {product} {ergonomic}
    uintx NonNMethodCodeHeapSize                   = 5839372                                {pd product} {ergonomic}
    uintx NonProfiledCodeHeapSize                  = 122909434                              {pd product} {ergonomic}
    uintx ProfiledCodeHeapSize                     = 122909434                              {pd product} {ergonomic}
    uintx ReservedCodeCacheSize                    = 251658240                              {pd product} {ergonomic}
     bool SegmentedCodeCache                       = true                                      {product} {ergonomic}
   size_t SoftMaxHeapSize                          = 4294967296                             {manageable} {ergonomic}
     bool UseCompressedOops                        = true                           {product lp64_product} {ergonomic}
     bool UseG1GC                                  = true                                      {product} {ergonomic}
     bool UseLargePagesIndividualAllocation        = false                                  {pd product} {ergonomic}

Logging:
Log output configuration:
 #0: stdout all=warning uptime,level,tags foldmultilines=false
 #1: stderr all=off uptime,level,tags foldmultilines=false

Release file:
JAVA_VERSION="21.0.12.1" 
MODULES="java.base java.compiler java.datatransfer java.xml java.prefs java.desktop java.instrument java.logging java.management java.security.sasl java.naming java.rmi java.management.rmi java.net.http java.scripting java.security.jgss java.transaction.xa java.sql java.sql.rowset java.xml.crypto java.se java.smartcardio jdk.accessibility jdk.internal.jvmstat jdk.attach jdk.charsets jdk.internal.opt jdk.zipfs jdk.compiler jdk.crypto.ec jdk.crypto.cryptoki jdk.crypto.mscapi jdk.dynalink jdk.internal.ed jdk.editpad jdk.hotspot.agent jdk.httpserver jdk.internal.le jdk.internal.vm.ci jdk.internal.vm.compiler jdk.internal.vm.compiler.management jdk.jartool jdk.javadoc jdk.jcmd jdk.management jdk.management.agent jdk.jconsole jdk.jdeps jdk.jdwp.agent jdk.jdi jdk.jfr jdk.jshell jdk.jsobject jdk.jstatd jdk.localedata jdk.management.jfr jdk.naming.dns jdk.naming.rmi jdk.net jdk.nio.mapmode jdk.random jdk.sctp jdk.security.auth jdk.security.jgss jdk.unsupported jdk.unsupported.desktop jdk.xml.dom" 

Environment Variables:
JAVA_HOME=C:\Program Files\Eclipse Adoptium\jdk-21.0.11.10-hotspot
PATH=C:\Program Files\Eclipse Adoptium\jdk-21.0.11.10-hotspot\bin;C:\Program Files\Eclipse Adoptium\jdk-11.0.26.4-hotspot\bin;C:\Program Files\Eclipse Adoptium\jdk-17.0.14.7-hotspot\bin;C:\Program Files\Java\jdk-17\bin;C:\Program Files\nodejs;E:\Android\Sdk\platform-tools;E:\Android\Sdk\emulator;E:\Android\Sdk\cmdline-tools\latest\bin;C:\Users\NAGARAJU\AppData\Local\Android\Sdk\platform-tools;C:\Users\NAGARAJU\AppData\Local\Android\Sdk\emulator;C:\Users\NAGARAJU\AppData\Local\Android\Sdk\cmdline-tools\latest\bin;C:\Program Files\Eclipse Adoptium\jdk-21.0.11.10-hotspot\bin;C:\Program Files\Eclipse Adoptium\jdk-11.0.26.4-hotspot\bin;C:\Program Files\Eclipse Adoptium\jdk-17.0.14.7-hotspot\bin;C:\Program Files\Java\jdk-17\bin;C:\Program Files\nodejs;E:\Android\Sdk\platform-tools;E:\Android\Sdk\emulator;E:\Android\Sdk\cmdline-tools\latest\bin;C:\Users\NAGARAJU\AppData\Local\Android\Sdk\platform-tools;C:\Users\NAGARAJU\AppData\Local\Android\Sdk\emulator;C:\Users\NAGARAJU\AppData\Local\Android\Sdk\cmdline-tools\latest\bin;C:\Program Files\Eclipse Adoptium\jdk-21.0.11.10-hotspot\bin;C:\Program Files\Eclipse Adoptium\jdk-11.0.26.4-hotspot\bin;C:\Program Files\Eclipse Adoptium\jdk-17.0.14.7-hotspot\bin;C:\Program Files\Java\jdk-17\bin;C:\Program Files\nodejs;E:\Android\Sdk\platform-tools;E:\Android\Sdk\emulator;E:\Android\Sdk\cmdline-tools\latest\bin;C:\Users\NAGARAJU\AppData\Local\Android\Sdk\platform-tools;C:\Users\NAGARAJU\AppData\Local\Android\Sdk\emulator;C:\Users\NAGARAJU\AppData\Local\Android\Sdk\cmdline-tools\latest\bin;C:\WINDOWS\System32;C:\ProgramData\chocolatey\bin;C:\Program Files\nodejs\;C:\Program Files\Git\cmd;C:\Windows\System32;C:\Windows\System32\WindowsPowerShell\v1.0;C:\Windows\System32\OpenSSH;C:\Windows\System32\WindowsPowerShell\v1.0\;C:\Users\NAGARAJU\Downloads\stripe_1.30.0_windows_x86_64;C:\WINDOWS\system32;C:\WINDOWS;C:\WINDOWS\System32\Wbem;C:\WINDOWS\System32\WindowsPowerShell\v1.0\;C:\WINDOWS\System32\OpenSSH\;C:\ProgramData\chocolatey\bin;C:\Program Files\nodejs\;C:\Program Files\Git\cmd;C:\Windows\System32;C:\Windows\System32\WindowsPowerShell\v1.0;C:\Windows\System32\OpenSSH;C:\Windows\System32\WindowsPowerShell\v1.0\;C:\Users\NAGARAJU\Downloads\stripe_1.30.0_windows_x86_64;C:\WINDOWS\system32;C:\WINDOWS;C:\WINDOWS\System32\Wbem;C:\WINDOWS\System32\WindowsPowerShell\v1.0\;C:\WINDOWS\System32\OpenSSH\;C:\ProgramData\chocolatey\bin;C:\Program Files\nodejs\;C:\Program Files\Git\cmd;C:\Windows\System32;C:\Windows\System32\WindowsPowerShell\v1.0;C:\Windows\System32\OpenSSH;C:\Windows\System32\WindowsPowerShell\v1.0\;C:\Users\NAGARAJU\Downloads\stripe_1.30.0_windows_x86_64;C:\WINDOWS\system32;C:\WINDOWS;C:\WINDOWS\System32\Wbem;C:\WINDOWS\System32\WindowsPowerShell\v1.0\;C:\WINDOWS\System32\OpenSSH\;C:\Program Files\Eclipse Adoptium\jdk-21.0.11.10-hotspot\bin;C:\Program Files\Eclipse Adoptium\jdk-11.0.26.4-hotspot\bin;C:\Program Files\Eclipse Adoptium\jdk-17.0.14.7-hotspot\bin;C:\Program Files\Java\jdk-17\bin;C:\Program Files\nodejs;E:\Android\Sdk\platform-tools;E:\Android\Sdk\emulator;E:\Android\Sdk\cmdline-tools\latest\bin;C:\Users\NAGARAJU\AppData\Local\Android\Sdk\platform-tools;C:\Users\NAGARAJU\AppData\Local\Android\Sdk\emulator;C:\Users\NAGARAJU\AppData\Local\Android\Sdk\cmdline-tools\latest\bin;C:\Program Files\Eclipse Adoptium\jdk-21.0.11.10-hotspot\bin;C:\Program Files\Eclipse Adoptium\jdk-11.0.26.4-hotspot\bin;C:\Program Files\Eclipse Adoptium\jdk-17.0.14.7-hotspot\bin;C:\Program Files\Java\jdk-17\bin;C:\Program Files\nodejs;E:\Android\Sdk\platform-tools;E:\Android\Sdk\emulator;E:\Android\Sdk\cmdline-tools\latest\bin;C:\Users\NAGARAJU\AppData\Local\Android\Sdk\platform-tools;C:\Users\NAGARAJU\AppData\Local\Android\Sdk\emulator;C:\Users\NAGARAJU\AppData\Local\Android\Sdk\cmdline-tools\latest\bin;C:\Program Files\Eclipse Adoptium\jdk-21.0.11.10-hotspot\bin;C:\Program Files\Eclipse Adoptium\jdk-11.0.26.4-hotspot\bin;C:\Program Files\Eclipse Adoptium\jdk-17.0.14.7-hotspot\bin;C:\Program Files\Java\jdk-17\bin;C:\Program Files\nodejs;E:\Android\Sdk\platform-tools;E:\Android\Sdk\emulator;E:\Android\Sdk\cmdline-tools\latest\bin;C:\Users\NAGARAJU\AppData\Local\Android\Sdk\platform-tools;C:\Users\NAGARAJU\AppData\Local\Android\Sdk\emulator;C:\Users\NAGARAJU\AppData\Local\Android\Sdk\cmdline-tools\latest\bin;C:\WINDOWS\System32;C:\ProgramData\chocolatey\bin;C:\Program Files\nodejs\;C:\Program Files\Git\cmd;C:\Windows\System32;C:\Windows\System32\WindowsPowerShell\v1.0;C:\Windows\System32\OpenSSH;C:\Windows\System32\WindowsPowerShell\v1.0\;C:\Users\NAGARAJU\Downloads\stripe_1.30.0_windows_x86_64;C:\WINDOWS\system32;C:\WINDOWS;C:\WINDOWS\System32\Wbem;C:\WINDOWS\System32\WindowsPowerShell\v1.0\;C:\WINDOWS\System32\OpenSSH\;C:\ProgramData\chocolatey\bin;C:\Program Files\nodejs\;C:\Program Files\Git\cmd;C:\Windows\System32;C:\Windows\System32\WindowsPowerShell\v1.0;C:\Windows\System32\OpenSSH;C:\Windows\System32\WindowsPowerShell\v1.0\;C:\Users\NAGARAJU\Downloads\stripe_1.30.0_windows_x86_64;C:\WINDOWS\system32;C:\WINDOWS;C:\WINDOWS\System32\Wbem;C:\WINDOWS\System32\WindowsPowerShell\v1.0\;C:\WINDOWS\System32\OpenSSH\;C:\ProgramData\chocolatey\bin;C:\Program Files\nodejs\;C:\Program Files\Git\cmd;C:\Windows\System32;C:\Windows\System32\WindowsPowerShell\v1.0;C:\Windows\System32\OpenSSH;C:\Windows\System32\WindowsPowerShell\v1.0\;C:\Users\NAGARAJU\Downloads\stripe_1.30.0_windows_x86_64;C:\WINDOWS\system32;C:\WINDOWS;C:\WINDOWS\System32\Wbem;C:\WINDOWS\System32\WindowsPowerShell\v1.0\;C:\WINDOWS\System32\OpenSSH\;C:\Users\NAGARAJU\AppData\Local\Android\Sdk\platform-tools;C:\Users\NAGARAJU\AppData\Local\Android\Sdk\cmdline-tools\latest\bin;C:\Users\NAGARAJU\AppData\Roaming\npm;C:\Users\NAGARAJU\AppData\Local\Programs\Microsoft VS Code\bin;C:\Users\NAGARAJU\AppData\Local\Programs\Antigravity IDE\bin;C:\Users\NAGARAJU\AppData\Local\Microsoft\WindowsApps;C:\Users\NAGARAJU\AppData\Local\Kingsoft\WPS Office\12.1.0.27458\clitool
USERNAME=NAGARAJU
OS=Windows_NT
PROCESSOR_IDENTIFIER=AMD64 Family 23 Model 104 Stepping 1, AuthenticAMD
TMP=C:\Users\NAGARAJU\AppData\Local\Temp
TEMP=C:\Users\NAGARAJU\AppData\Local\Temp




Periodic native trim disabled

---------------  S Y S T E M  ---------------

OS:
 Windows 11 , 64 bit Build 26100 (10.0.26100.9168)
OS uptime: 0 days 0:50 hours

CPU: total 8 (initial active 8) (8 cores per cpu, 2 threads per core) family 23 model 104 stepping 1 microcode 0x8608109, cx8, cmov, fxsr, ht, mmx, 3dnowpref, sse, sse2, sse3, ssse3, sse4a, sse4.1, sse4.2, popcnt, lzcnt, tsc, tscinvbit, avx, avx2, aes, clmul, bmi1, bmi2, adx, sha, fma, vzeroupper, clflush, clflushopt, rdtscp, rdpid, f16c
Processor Information for the first 8 processors :
  Max Mhz: 2600, Current Mhz: 2600, Mhz Limit: 2600

Memory: 4k page, system-wide physical 7502M (1023M free)
TotalPageFile size 40270M (AvailPageFile size 45M)
current process WorkingSet (physical memory assigned to process): 23M, peak: 155M
current process commit charge ("private bytes"): 245M, peak: 307M

vm_info: OpenJDK 64-Bit Server VM (21.0.12.1+1-LTS) for windows-amd64 JRE (21.0.12.1+1-LTS), built on 2026-08-18T00:00:00Z by "admin" with MS VC++ 17.12 (VS2022)

END.
