#
# There is insufficient memory for the Java Runtime Environment to continue.
# Native memory allocation (malloc) failed to allocate 716816 bytes. Error detail: Chunk::new
# Possible reasons:
#   The system is out of physical RAM or swap space
#   This process is running with CompressedOops enabled, and the Java Heap may be blocking the growth of the native heap
# Possible solutions:
#   Reduce memory load on the system
#   Increase physical memory or swap space
#   Check if swap backing store is full
#   Decrease Java heap size (-Xmx/-Xms)
#   Decrease number of Java threads
#   Decrease Java thread stack sizes (-Xss)
#   Set larger code cache with -XX:ReservedCodeCacheSize=
#   JVM is running with Zero Based Compressed Oops mode in which the Java heap is
#     placed in the first 32GB address space. The Java Heap base address is the
#     maximum limit for the native heap growth. Please use -XX:HeapBaseMinAddress
#     to set the Java Heap base and to place the Java Heap above 32GB virtual address.
# This output file may be truncated or incomplete.
#
#  Out of Memory Error (arena.cpp:168), pid=29592, tid=18868
#
# JRE version: OpenJDK Runtime Environment Temurin-21.0.12.1+1 (21.0.12.1+1) (build 21.0.12.1+1-LTS)
# Java VM: OpenJDK 64-Bit Server VM Temurin-21.0.12.1+1 (21.0.12.1+1-LTS, mixed mode, sharing, tiered, compressed oops, compressed class ptrs, g1 gc, windows-amd64)
# No core dump will be written. Minidumps are not enabled by default on client versions of Windows
#

---------------  S U M M A R Y ------------

Command Line: --add-opens=java.base/java.lang=ALL-UNNAMED --add-opens=java.base/java.lang.invoke=ALL-UNNAMED --add-opens=java.base/java.util=ALL-UNNAMED --add-opens=java.prefs/java.util.prefs=ALL-UNNAMED --add-exports=jdk.compiler/com.sun.tools.javac.api=ALL-UNNAMED --add-exports=jdk.compiler/com.sun.tools.javac.util=ALL-UNNAMED --add-opens=java.base/java.util=ALL-UNNAMED --add-opens=java.prefs/java.util.prefs=ALL-UNNAMED --add-opens=java.base/java.nio.charset=ALL-UNNAMED --add-opens=java.base/java.net=ALL-UNNAMED --add-opens=java.base/java.util.concurrent.atomic=ALL-UNNAMED --add-opens=java.xml/javax.xml.namespace=ALL-UNNAMED -Xmx4096m -Dfile.encoding=UTF-8 -Duser.country=IN -Duser.language=en -Duser.variant -javaagent:C:\Users\NAGARAJU\.gradle\wrapper\dists\gradle-8.14.1-bin\baw1sv0jfoi8rxs14qo3h49cs\gradle-8.14.1\lib\agents\gradle-instrumentation-agent-8.14.1.jar org.gradle.launcher.daemon.bootstrap.GradleDaemon 8.14.1

Host: AMD Ryzen 3 5300U with Radeon Graphics         , 8 cores, 7G,  Windows 11 , 64 bit Build 26100 (10.0.26100.9168)
Time: Tue Sep  8 21:11:24 2026 India Standard Time elapsed time: 1008.492095 seconds (0d 0h 16m 48s)

---------------  T H R E A D  ---------------

Current thread (0x0000015321f5add0):  JavaThread "C2 CompilerThread0" daemon [_thread_in_native, id=18868, stack(0x0000003eb7700000,0x0000003eb7800000) (1024K)]


Current CompileTask:
C2:1008492 6951       4       org.gradle.cache.internal.DefaultFileLockManager$DefaultFileLock$1::run (252 bytes)

Stack: [0x0000003eb7700000,0x0000003eb7800000]
Native frames: (J=compiled Java code, j=interpreted, Vv=VM code, C=native code)
V  [jvm.dll+0x6d83e9]
V  [jvm.dll+0x8b5736]
V  [jvm.dll+0x8b7cee]
V  [jvm.dll+0x8b83d3]
V  [jvm.dll+0x284596]
V  [jvm.dll+0xc685d]
V  [jvm.dll+0xc6da1]
V  [jvm.dll+0x3bf151]
V  [jvm.dll+0x38b6d2]
V  [jvm.dll+0x38ab1a]
V  [jvm.dll+0x24c700]
V  [jvm.dll+0x24bce0]
V  [jvm.dll+0x1cb4ae]
V  [jvm.dll+0x25baad]
V  [jvm.dll+0x25a03a]
V  [jvm.dll+0x3f8aae]
V  [jvm.dll+0x8600cd]
V  [jvm.dll+0x6d6c1d]
C  [ucrtbase.dll+0x2cd30]
C  [KERNEL32.DLL+0x2ccb7]
C  [ntdll.dll+0xaad6c]


---------------  P R O C E S S  ---------------

Threads class SMR info:
_java_thread_list=0x0000015369633280, length=43, elements={
0x0000015305f2bee0, 0x0000015321f4f580, 0x0000015321f50d00, 0x0000015321f53750,
0x0000015321f568f0, 0x0000015321f57350, 0x0000015321f54540, 0x0000015321f5add0,
0x0000015321f607a0, 0x000001536718ef90, 0x0000015367191f60, 0x0000015367f0cc50,
0x00000153672296d0, 0x0000015367537eb0, 0x00000153674da160, 0x00000153675388f0,
0x0000015367ef1600, 0x0000015367eda610, 0x0000015367edc6e0, 0x0000015367ed9f80,
0x0000015367edcd70, 0x0000015367edb9c0, 0x0000015367edaca0, 0x0000015367edb330,
0x0000015369a82a40, 0x0000015369a81690, 0x0000015369a83760, 0x0000015369a830d0,
0x0000015369a823b0, 0x0000015369a83df0, 0x0000015369a81000, 0x0000015369a851a0,
0x0000015369a84b10, 0x0000015369a81d20, 0x0000015369a85830, 0x0000015369a87f90,
0x0000015369a87900, 0x0000015369a87270, 0x000001536ab10280, 0x000001536ab129e0,
0x000001536ab10910, 0x000001536ab10fa0, 0x000001536ab11630
}

Java Threads: ( => current thread )
  0x0000015305f2bee0 JavaThread "main"                              [_thread_blocked, id=3864, stack(0x0000003eb6900000,0x0000003eb6a00000) (1024K)]
  0x0000015321f4f580 JavaThread "Reference Handler"          daemon [_thread_blocked, id=29664, stack(0x0000003eb7100000,0x0000003eb7200000) (1024K)]
  0x0000015321f50d00 JavaThread "Finalizer"                  daemon [_thread_blocked, id=29292, stack(0x0000003eb7200000,0x0000003eb7300000) (1024K)]
  0x0000015321f53750 JavaThread "Signal Dispatcher"          daemon [_thread_blocked, id=24936, stack(0x0000003eb7300000,0x0000003eb7400000) (1024K)]
  0x0000015321f568f0 JavaThread "Attach Listener"            daemon [_thread_blocked, id=30540, stack(0x0000003eb7400000,0x0000003eb7500000) (1024K)]
  0x0000015321f57350 JavaThread "Service Thread"             daemon [_thread_blocked, id=21284, stack(0x0000003eb7500000,0x0000003eb7600000) (1024K)]
  0x0000015321f54540 JavaThread "Monitor Deflation Thread"   daemon [_thread_blocked, id=4868, stack(0x0000003eb7600000,0x0000003eb7700000) (1024K)]
=>0x0000015321f5add0 JavaThread "C2 CompilerThread0"         daemon [_thread_in_native, id=18868, stack(0x0000003eb7700000,0x0000003eb7800000) (1024K)]
  0x0000015321f607a0 JavaThread "C1 CompilerThread0"         daemon [_thread_blocked, id=15308, stack(0x0000003eb7800000,0x0000003eb7900000) (1024K)]
  0x000001536718ef90 JavaThread "Common-Cleaner"             daemon [_thread_blocked, id=30376, stack(0x0000003eb7900000,0x0000003eb7a00000) (1024K)]
  0x0000015367191f60 JavaThread "Notification Thread"        daemon [_thread_blocked, id=29372, stack(0x0000003eb7a00000,0x0000003eb7b00000) (1024K)]
  0x0000015367f0cc50 JavaThread "Daemon health stats"               [_thread_blocked, id=9824, stack(0x0000003eb7f00000,0x0000003eb8000000) (1024K)]
  0x00000153672296d0 JavaThread "Incoming local TCP Connector on port 57006"        [_thread_in_native, id=30456, stack(0x0000003eb8000000,0x0000003eb8100000) (1024K)]
  0x0000015367537eb0 JavaThread "Daemon periodic checks"            [_thread_blocked, id=9936, stack(0x0000003eb8600000,0x0000003eb8700000) (1024K)]
  0x00000153674da160 JavaThread "Daemon"                            [_thread_blocked, id=23292, stack(0x0000003eb8100000,0x0000003eb8200000) (1024K)]
  0x00000153675388f0 JavaThread "Handler for socket connection from /127.0.0.1:57006 to /127.0.0.1:57009"        [_thread_in_native, id=5528, stack(0x0000003eb8200000,0x0000003eb8300000) (1024K)]
  0x0000015367ef1600 JavaThread "Cancel handler"                    [_thread_blocked, id=11864, stack(0x0000003eb8700000,0x0000003eb8800000) (1024K)]
  0x0000015367eda610 JavaThread "Daemon worker"                     [_thread_blocked, id=8664, stack(0x0000003eb8800000,0x0000003eb8900000) (1024K)]
  0x0000015367edc6e0 JavaThread "Asynchronous log dispatcher for DefaultDaemonConnection: socket connection from /127.0.0.1:57006 to /127.0.0.1:57009"        [_thread_blocked, id=8748, stack(0x0000003eb8900000,0x0000003eb8a00000) (1024K)]
  0x0000015367ed9f80 JavaThread "Stdin handler"                     [_thread_blocked, id=24672, stack(0x0000003eb8a00000,0x0000003eb8b00000) (1024K)]
  0x0000015367edcd70 JavaThread "Daemon client event forwarder"        [_thread_blocked, id=29336, stack(0x0000003eb8b00000,0x0000003eb8c00000) (1024K)]
  0x0000015367edb9c0 JavaThread "Cache worker for journal cache (C:\Users\NAGARAJU\.gradle\caches\journal-1)"        [_thread_blocked, id=29432, stack(0x0000003eb8c00000,0x0000003eb8d00000) (1024K)]
  0x0000015367edaca0 JavaThread "File lock request listener"        [_thread_in_native, id=28680, stack(0x0000003eb8d00000,0x0000003eb8e00000) (1024K)]
  0x0000015367edb330 JavaThread "Cache worker for file hash cache (C:\Users\NAGARAJU\.gradle\caches\8.14.1\fileHashes)"        [_thread_blocked, id=24548, stack(0x0000003eb8e00000,0x0000003eb8f00000) (1024K)]
  0x0000015369a82a40 JavaThread "Cache worker for file hash cache (C:\zynnative\DocApp-CLI\android\.gradle\8.14.1\fileHashes)"        [_thread_blocked, id=31516, stack(0x0000003eb9100000,0x0000003eb9200000) (1024K)]
  0x0000015369a81690 JavaThread "Cache worker for Build Output Cleanup Cache (C:\zynnative\DocApp-CLI\android\.gradle\buildOutputCleanup)"        [_thread_blocked, id=31532, stack(0x0000003eb9000000,0x0000003eb9100000) (1024K)]
  0x0000015369a83760 JavaThread "File watcher server"        daemon [_thread_in_native, id=31576, stack(0x0000003eb9200000,0x0000003eb9300000) (1024K)]
  0x0000015369a830d0 JavaThread "File watcher consumer"      daemon [_thread_blocked, id=31580, stack(0x0000003eb9300000,0x0000003eb9400000) (1024K)]
  0x0000015369a823b0 JavaThread "jar transforms"                    [_thread_blocked, id=31188, stack(0x0000003eb9400000,0x0000003eb9500000) (1024K)]
  0x0000015369a83df0 JavaThread "jar transforms Thread 2"           [_thread_blocked, id=31508, stack(0x0000003eb6600000,0x0000003eb6700000) (1024K)]
  0x0000015369a81000 JavaThread "Cache worker for checksums cache (C:\zynnative\DocApp-CLI\android\.gradle\8.14.1\checksums)"        [_thread_blocked, id=31600, stack(0x0000003eb6700000,0x0000003eb6800000) (1024K)]
  0x0000015369a851a0 JavaThread "Cache worker for file content cache (C:\Users\NAGARAJU\.gradle\caches\8.14.1\fileContent)"        [_thread_blocked, id=31596, stack(0x0000003eb9500000,0x0000003eb9600000) (1024K)]
  0x0000015369a84b10 JavaThread "jar transforms Thread 3"           [_thread_blocked, id=27172, stack(0x0000003eb9600000,0x0000003eb9700000) (1024K)]
  0x0000015369a81d20 JavaThread "Cache worker for cache directory md-supplier (C:\Users\NAGARAJU\.gradle\caches\8.14.1\md-supplier)"        [_thread_blocked, id=19092, stack(0x0000003eb9700000,0x0000003eb9800000) (1024K)]
  0x0000015369a85830 JavaThread "Cache worker for cache directory md-rule (C:\Users\NAGARAJU\.gradle\caches\8.14.1\md-rule)"        [_thread_blocked, id=31388, stack(0x0000003eb9800000,0x0000003eb9900000) (1024K)]
  0x0000015369a87f90 JavaThread "Cache worker for Build Output Cleanup Cache (C:\zynnative\DocApp-CLI\node_modules\@react-native\gradle-plugin\.gradle\buildOutputCleanup)"        [_thread_blocked, id=15172, stack(0x0000003eb9900000,0x0000003eb9a00000) (1024K)]
  0x0000015369a87900 JavaThread "Unconstrained build operations"        [_thread_blocked, id=29144, stack(0x0000003eb9a00000,0x0000003eb9b00000) (1024K)]
  0x0000015369a87270 JavaThread "Unconstrained build operations Thread 2"        [_thread_blocked, id=24468, stack(0x0000003eb9b00000,0x0000003eb9c00000) (1024K)]
  0x000001536ab10280 JavaThread "Unconstrained build operations Thread 3"        [_thread_blocked, id=24896, stack(0x0000003eb9c00000,0x0000003eb9d00000) (1024K)]
  0x000001536ab129e0 JavaThread "Unconstrained build operations Thread 4"        [_thread_blocked, id=35904, stack(0x0000003eb9d00000,0x0000003eb9e00000) (1024K)]
  0x000001536ab10910 JavaThread "Unconstrained build operations Thread 5"        [_thread_blocked, id=2824, stack(0x0000003eb9e00000,0x0000003eb9f00000) (1024K)]
  0x000001536ab10fa0 JavaThread "Unconstrained build operations Thread 6"        [_thread_blocked, id=34180, stack(0x0000003eb9f00000,0x0000003eba000000) (1024K)]
  0x000001536ab11630 JavaThread "File lock release action executor Thread 5"        [_thread_blocked, id=39968, stack(0x0000003eb8f00000,0x0000003eb9000000) (1024K)]
Total: 43

Other Threads:
  0x0000015321f34e20 VMThread "VM Thread"                           [id=11824, stack(0x0000003eb7000000,0x0000003eb7100000) (1024K)]
  0x0000015321f22460 WatcherThread "VM Periodic Task Thread"        [id=30372, stack(0x0000003eb6f00000,0x0000003eb7000000) (1024K)]
  0x0000015305f956e0 WorkerThread "GC Thread#0"                     [id=17084, stack(0x0000003eb6a00000,0x0000003eb6b00000) (1024K)]
  0x000001536738c490 WorkerThread "GC Thread#1"                     [id=29572, stack(0x0000003eb7b00000,0x0000003eb7c00000) (1024K)]
  0x000001536738cc40 WorkerThread "GC Thread#2"                     [id=30460, stack(0x0000003eb7c00000,0x0000003eb7d00000) (1024K)]
  0x00000153674b6e60 WorkerThread "GC Thread#3"                     [id=23400, stack(0x0000003eb7d00000,0x0000003eb7e00000) (1024K)]
  0x000001536708c650 WorkerThread "GC Thread#4"                     [id=25160, stack(0x0000003eb7e00000,0x0000003eb7f00000) (1024K)]
  0x0000015368ab4ed0 WorkerThread "GC Thread#5"                     [id=30324, stack(0x0000003eb8300000,0x0000003eb8400000) (1024K)]
  0x00000153675cb810 WorkerThread "GC Thread#6"                     [id=24060, stack(0x0000003eb8400000,0x0000003eb8500000) (1024K)]
  0x00000153686fa9f0 WorkerThread "GC Thread#7"                     [id=30560, stack(0x0000003eb8500000,0x0000003eb8600000) (1024K)]
  0x0000015305fa7390 ConcurrentGCThread "G1 Main Marker"            [id=30108, stack(0x0000003eb6b00000,0x0000003eb6c00000) (1024K)]
  0x0000015305fa7b50 WorkerThread "G1 Conc#0"                       [id=29656, stack(0x0000003eb6c00000,0x0000003eb6d00000) (1024K)]
  0x000001536a6bd710 WorkerThread "G1 Conc#1"                       [id=31356, stack(0x0000003eb6800000,0x0000003eb6900000) (1024K)]
  0x0000015321df0510 ConcurrentGCThread "G1 Refine#0"               [id=30016, stack(0x0000003eb6d00000,0x0000003eb6e00000) (1024K)]
  0x0000015321df3a70 ConcurrentGCThread "G1 Service"                [id=29804, stack(0x0000003eb6e00000,0x0000003eb6f00000) (1024K)]
Total: 15

Threads with active compile tasks:
C2 CompilerThread0  1008589 6951       4       org.gradle.cache.internal.DefaultFileLockManager$DefaultFileLock$1::run (252 bytes)
Total: 1

VM state: not at safepoint (normal execution)

VM Mutex/Monitor currently owned by a thread: None

Heap address: 0x0000000700000000, size: 4096 MB, Compressed Oops mode: Zero based, Oop shift amount: 3

CDS archive(s) mapped at: [0x0000015322000000-0x0000015322ba0000-0x0000015322ba0000), size 12189696, SharedBaseAddress: 0x0000015322000000, ArchiveRelocationMode: 1.
Compressed class space mapped at: 0x0000015323000000-0x0000015363000000, reserved size: 1073741824
Narrow klass base: 0x0000015322000000, Narrow klass shift: 0, Narrow klass range: 0x100000000

GC Precious Log:
 CardTable entry size: 512
 Card Set container configuration: InlinePtr #cards 4 size 8 Array Of Cards #cards 16 size 48 Howl #buckets 8 coarsen threshold 3686 Howl Bitmap #cards 512 size 80 coarsen threshold 460 Card regions per heap region 1 cards per card region 4096
 CPUs: 8 total, 8 available
 Memory: 7502M
 Large Page Support: Disabled
 NUMA Support: Disabled
 Compressed Oops: Enabled (Zero based)
 Heap Region Size: 2M
 Heap Min Capacity: 8M
 Heap Initial Capacity: 118M
 Heap Max Capacity: 4G
 Pre-touch: Disabled
 Parallel Workers: 8
 Concurrent Workers: 2
 Concurrent Refinement Workers: 8
 Periodic GC: Disabled

Heap:
 garbage-first heap   total 180224K, used 50563K [0x0000000700000000, 0x0000000800000000)
  region size 2048K, 6 young (12288K), 1 survivors (2048K)
 Metaspace       used 56709K, committed 58560K, reserved 1114112K
  class space    used 8234K, committed 9152K, reserved 1048576K

Heap Regions: E=young(eden), S=young(survivor), O=old, HS=humongous(starts), HC=humongous(continues), CS=collection set, F=free, TAMS=top-at-mark-start, PB=parsable bottom
|   0|0x0000000700000000, 0x0000000700200000, 0x0000000700200000|100%|HS|  |TAMS 0x0000000700000000| PB 0x0000000700000000| Complete 
|   1|0x0000000700200000, 0x0000000700400000, 0x0000000700400000|100%|HC|  |TAMS 0x0000000700200000| PB 0x0000000700200000| Complete 
|   2|0x0000000700400000, 0x0000000700600000, 0x0000000700600000|100%| O|  |TAMS 0x0000000700400000| PB 0x0000000700400000| Untracked 
|   3|0x0000000700600000, 0x0000000700800000, 0x0000000700800000|100%| O|  |TAMS 0x0000000700600000| PB 0x0000000700600000| Untracked 
|   4|0x0000000700800000, 0x0000000700a00000, 0x0000000700a00000|100%| O|  |TAMS 0x0000000700800000| PB 0x0000000700800000| Untracked 
|   5|0x0000000700a00000, 0x0000000700c00000, 0x0000000700c00000|100%| O|  |TAMS 0x0000000700a00000| PB 0x0000000700a00000| Untracked 
|   6|0x0000000700c00000, 0x0000000700e00000, 0x0000000700e00000|100%| O|  |TAMS 0x0000000700c00000| PB 0x0000000700c00000| Untracked 
|   7|0x0000000700e00000, 0x0000000701000000, 0x0000000701000000|100%| O|  |TAMS 0x0000000700e00000| PB 0x0000000700e00000| Untracked 
|   8|0x0000000701000000, 0x0000000701200000, 0x0000000701200000|100%| O|  |TAMS 0x0000000701000000| PB 0x0000000701000000| Untracked 
|   9|0x0000000701200000, 0x0000000701400000, 0x0000000701400000|100%| O|  |TAMS 0x0000000701200000| PB 0x0000000701200000| Untracked 
|  10|0x0000000701400000, 0x0000000701600000, 0x0000000701600000|100%| O|  |TAMS 0x0000000701400000| PB 0x0000000701400000| Untracked 
|  11|0x0000000701600000, 0x00000007016aaca0, 0x0000000701800000| 33%| O|  |TAMS 0x0000000701600000| PB 0x0000000701600000| Untracked 
|  12|0x0000000701800000, 0x0000000701a00000, 0x0000000701a00000|100%| O|  |TAMS 0x0000000701800000| PB 0x0000000701800000| Untracked 
|  13|0x0000000701a00000, 0x0000000701c00000, 0x0000000701c00000|100%| O|  |TAMS 0x0000000701a00000| PB 0x0000000701a00000| Untracked 
|  14|0x0000000701c00000, 0x0000000701e00000, 0x0000000701e00000|100%| O|  |TAMS 0x0000000701c00000| PB 0x0000000701c00000| Untracked 
|  15|0x0000000701e00000, 0x0000000702000000, 0x0000000702000000|100%| O|  |TAMS 0x0000000701e00000| PB 0x0000000701e00000| Untracked 
|  16|0x0000000702000000, 0x0000000702200000, 0x0000000702200000|100%| O|  |TAMS 0x0000000702000000| PB 0x0000000702000000| Untracked 
|  17|0x0000000702200000, 0x0000000702400000, 0x0000000702400000|100%| O|  |TAMS 0x0000000702200000| PB 0x0000000702200000| Untracked 
|  18|0x0000000702400000, 0x0000000702600000, 0x0000000702600000|100%| O|  |TAMS 0x0000000702400000| PB 0x0000000702400000| Untracked 
|  19|0x0000000702600000, 0x0000000702800000, 0x0000000702800000|100%| O|  |TAMS 0x0000000702600000| PB 0x0000000702600000| Untracked 
|  20|0x0000000702800000, 0x0000000702800000, 0x0000000702a00000|  0%| F|  |TAMS 0x0000000702800000| PB 0x0000000702800000| Untracked 
|  21|0x0000000702a00000, 0x0000000702c00000, 0x0000000702c00000|100%| O|  |TAMS 0x0000000702a00000| PB 0x0000000702a00000| Untracked 
|  22|0x0000000702c00000, 0x0000000702c00000, 0x0000000702e00000|  0%| F|  |TAMS 0x0000000702c00000| PB 0x0000000702c00000| Untracked 
|  23|0x0000000702e00000, 0x0000000702e00000, 0x0000000703000000|  0%| F|  |TAMS 0x0000000702e00000| PB 0x0000000702e00000| Untracked 
|  24|0x0000000703000000, 0x0000000703000000, 0x0000000703200000|  0%| F|  |TAMS 0x0000000703000000| PB 0x0000000703000000| Untracked 
|  25|0x0000000703200000, 0x0000000703200000, 0x0000000703400000|  0%| F|  |TAMS 0x0000000703200000| PB 0x0000000703200000| Untracked 
|  26|0x0000000703400000, 0x0000000703400000, 0x0000000703600000|  0%| F|  |TAMS 0x0000000703400000| PB 0x0000000703400000| Untracked 
|  27|0x0000000703600000, 0x0000000703600000, 0x0000000703800000|  0%| F|  |TAMS 0x0000000703600000| PB 0x0000000703600000| Untracked 
|  28|0x0000000703800000, 0x0000000703800000, 0x0000000703a00000|  0%| F|  |TAMS 0x0000000703800000| PB 0x0000000703800000| Untracked 
|  29|0x0000000703a00000, 0x0000000703a00000, 0x0000000703c00000|  0%| F|  |TAMS 0x0000000703a00000| PB 0x0000000703a00000| Untracked 
|  30|0x0000000703c00000, 0x0000000703c00000, 0x0000000703e00000|  0%| F|  |TAMS 0x0000000703c00000| PB 0x0000000703c00000| Untracked 
|  31|0x0000000703e00000, 0x0000000703e00000, 0x0000000704000000|  0%| F|  |TAMS 0x0000000703e00000| PB 0x0000000703e00000| Untracked 
|  32|0x0000000704000000, 0x0000000704000000, 0x0000000704200000|  0%| F|  |TAMS 0x0000000704000000| PB 0x0000000704000000| Untracked 
|  33|0x0000000704200000, 0x0000000704200000, 0x0000000704400000|  0%| F|  |TAMS 0x0000000704200000| PB 0x0000000704200000| Untracked 
|  34|0x0000000704400000, 0x0000000704400000, 0x0000000704600000|  0%| F|  |TAMS 0x0000000704400000| PB 0x0000000704400000| Untracked 
|  35|0x0000000704600000, 0x0000000704600000, 0x0000000704800000|  0%| F|  |TAMS 0x0000000704600000| PB 0x0000000704600000| Untracked 
|  36|0x0000000704800000, 0x0000000704800000, 0x0000000704a00000|  0%| F|  |TAMS 0x0000000704800000| PB 0x0000000704800000| Untracked 
|  37|0x0000000704a00000, 0x0000000704a00000, 0x0000000704c00000|  0%| F|  |TAMS 0x0000000704a00000| PB 0x0000000704a00000| Untracked 
|  38|0x0000000704c00000, 0x0000000704c00000, 0x0000000704e00000|  0%| F|  |TAMS 0x0000000704c00000| PB 0x0000000704c00000| Untracked 
|  39|0x0000000704e00000, 0x0000000704e00000, 0x0000000705000000|  0%| F|  |TAMS 0x0000000704e00000| PB 0x0000000704e00000| Untracked 
|  40|0x0000000705000000, 0x0000000705000000, 0x0000000705200000|  0%| F|  |TAMS 0x0000000705000000| PB 0x0000000705000000| Untracked 
|  41|0x0000000705200000, 0x0000000705200000, 0x0000000705400000|  0%| F|  |TAMS 0x0000000705200000| PB 0x0000000705200000| Untracked 
|  42|0x0000000705400000, 0x0000000705400000, 0x0000000705600000|  0%| F|  |TAMS 0x0000000705400000| PB 0x0000000705400000| Untracked 
|  43|0x0000000705600000, 0x0000000705600000, 0x0000000705800000|  0%| F|  |TAMS 0x0000000705600000| PB 0x0000000705600000| Untracked 
|  44|0x0000000705800000, 0x0000000705800000, 0x0000000705a00000|  0%| F|  |TAMS 0x0000000705800000| PB 0x0000000705800000| Untracked 
|  45|0x0000000705a00000, 0x0000000705a00000, 0x0000000705c00000|  0%| F|  |TAMS 0x0000000705a00000| PB 0x0000000705a00000| Untracked 
|  46|0x0000000705c00000, 0x0000000705c00000, 0x0000000705e00000|  0%| F|  |TAMS 0x0000000705c00000| PB 0x0000000705c00000| Untracked 
|  47|0x0000000705e00000, 0x0000000705e00000, 0x0000000706000000|  0%| F|  |TAMS 0x0000000705e00000| PB 0x0000000705e00000| Untracked 
|  48|0x0000000706000000, 0x0000000706000000, 0x0000000706200000|  0%| F|  |TAMS 0x0000000706000000| PB 0x0000000706000000| Untracked 
|  49|0x0000000706200000, 0x0000000706200000, 0x0000000706400000|  0%| F|  |TAMS 0x0000000706200000| PB 0x0000000706200000| Untracked 
|  50|0x0000000706400000, 0x0000000706400000, 0x0000000706600000|  0%| F|  |TAMS 0x0000000706400000| PB 0x0000000706400000| Untracked 
|  51|0x0000000706600000, 0x0000000706600000, 0x0000000706800000|  0%| F|  |TAMS 0x0000000706600000| PB 0x0000000706600000| Untracked 
|  52|0x0000000706800000, 0x0000000706800000, 0x0000000706a00000|  0%| F|  |TAMS 0x0000000706800000| PB 0x0000000706800000| Untracked 
|  53|0x0000000706a00000, 0x0000000706a00000, 0x0000000706c00000|  0%| F|  |TAMS 0x0000000706a00000| PB 0x0000000706a00000| Untracked 
|  54|0x0000000706c00000, 0x0000000706c00000, 0x0000000706e00000|  0%| F|  |TAMS 0x0000000706c00000| PB 0x0000000706c00000| Untracked 
|  55|0x0000000706e00000, 0x0000000706e00000, 0x0000000707000000|  0%| F|  |TAMS 0x0000000706e00000| PB 0x0000000706e00000| Untracked 
|  56|0x0000000707000000, 0x0000000707000000, 0x0000000707200000|  0%| F|  |TAMS 0x0000000707000000| PB 0x0000000707000000| Untracked 
|  57|0x0000000707200000, 0x0000000707200000, 0x0000000707400000|  0%| F|  |TAMS 0x0000000707200000| PB 0x0000000707200000| Untracked 
|  58|0x0000000707400000, 0x0000000707400000, 0x0000000707600000|  0%| F|  |TAMS 0x0000000707400000| PB 0x0000000707400000| Untracked 
|  59|0x0000000707600000, 0x0000000707600000, 0x0000000707800000|  0%| F|  |TAMS 0x0000000707600000| PB 0x0000000707600000| Untracked 
|  60|0x0000000707800000, 0x0000000707800000, 0x0000000707a00000|  0%| F|  |TAMS 0x0000000707800000| PB 0x0000000707800000| Untracked 
|  61|0x0000000707a00000, 0x0000000707a00000, 0x0000000707c00000|  0%| F|  |TAMS 0x0000000707a00000| PB 0x0000000707a00000| Untracked 
|  62|0x0000000707c00000, 0x0000000707c00000, 0x0000000707e00000|  0%| F|  |TAMS 0x0000000707c00000| PB 0x0000000707c00000| Untracked 
|  63|0x0000000707e00000, 0x0000000707e00000, 0x0000000708000000|  0%| F|  |TAMS 0x0000000707e00000| PB 0x0000000707e00000| Untracked 
|  64|0x0000000708000000, 0x0000000708000000, 0x0000000708200000|  0%| F|  |TAMS 0x0000000708000000| PB 0x0000000708000000| Untracked 
|  65|0x0000000708200000, 0x0000000708200000, 0x0000000708400000|  0%| F|  |TAMS 0x0000000708200000| PB 0x0000000708200000| Untracked 
|  66|0x0000000708400000, 0x0000000708400000, 0x0000000708600000|  0%| F|  |TAMS 0x0000000708400000| PB 0x0000000708400000| Untracked 
|  67|0x0000000708600000, 0x0000000708600000, 0x0000000708800000|  0%| F|  |TAMS 0x0000000708600000| PB 0x0000000708600000| Untracked 
|  68|0x0000000708800000, 0x0000000708800000, 0x0000000708a00000|  0%| F|  |TAMS 0x0000000708800000| PB 0x0000000708800000| Untracked 
|  69|0x0000000708a00000, 0x0000000708a00000, 0x0000000708c00000|  0%| F|  |TAMS 0x0000000708a00000| PB 0x0000000708a00000| Untracked 
|  70|0x0000000708c00000, 0x0000000708c00000, 0x0000000708e00000|  0%| F|  |TAMS 0x0000000708c00000| PB 0x0000000708c00000| Untracked 
|  71|0x0000000708e00000, 0x0000000708e00000, 0x0000000709000000|  0%| F|  |TAMS 0x0000000708e00000| PB 0x0000000708e00000| Untracked 
|  72|0x0000000709000000, 0x0000000709000000, 0x0000000709200000|  0%| F|  |TAMS 0x0000000709000000| PB 0x0000000709000000| Untracked 
|  73|0x0000000709200000, 0x0000000709200000, 0x0000000709400000|  0%| F|  |TAMS 0x0000000709200000| PB 0x0000000709200000| Untracked 
|  74|0x0000000709400000, 0x0000000709400000, 0x0000000709600000|  0%| F|  |TAMS 0x0000000709400000| PB 0x0000000709400000| Untracked 
|  75|0x0000000709600000, 0x0000000709600000, 0x0000000709800000|  0%| F|  |TAMS 0x0000000709600000| PB 0x0000000709600000| Untracked 
|  76|0x0000000709800000, 0x0000000709800000, 0x0000000709a00000|  0%| F|  |TAMS 0x0000000709800000| PB 0x0000000709800000| Untracked 
|  77|0x0000000709a00000, 0x0000000709a00000, 0x0000000709c00000|  0%| F|  |TAMS 0x0000000709a00000| PB 0x0000000709a00000| Untracked 
|  78|0x0000000709c00000, 0x0000000709c00000, 0x0000000709e00000|  0%| F|  |TAMS 0x0000000709c00000| PB 0x0000000709c00000| Untracked 
|  79|0x0000000709e00000, 0x0000000709e00000, 0x000000070a000000|  0%| F|  |TAMS 0x0000000709e00000| PB 0x0000000709e00000| Untracked 
|  80|0x000000070a000000, 0x000000070a000000, 0x000000070a200000|  0%| F|  |TAMS 0x000000070a000000| PB 0x000000070a000000| Untracked 
|  81|0x000000070a200000, 0x000000070a200000, 0x000000070a400000|  0%| F|  |TAMS 0x000000070a200000| PB 0x000000070a200000| Untracked 
|  82|0x000000070a400000, 0x000000070a579330, 0x000000070a600000| 73%| E|  |TAMS 0x000000070a400000| PB 0x000000070a400000| Complete 
|  83|0x000000070a600000, 0x000000070a800000, 0x000000070a800000|100%| E|CS|TAMS 0x000000070a600000| PB 0x000000070a600000| Complete 
|  84|0x000000070a800000, 0x000000070a8b6190, 0x000000070aa00000| 35%| S|CS|TAMS 0x000000070a800000| PB 0x000000070a800000| Complete 
|  85|0x000000070aa00000, 0x000000070ac00000, 0x000000070ac00000|100%| E|CS|TAMS 0x000000070aa00000| PB 0x000000070aa00000| Complete 
|  86|0x000000070ac00000, 0x000000070ae00000, 0x000000070ae00000|100%| E|CS|TAMS 0x000000070ac00000| PB 0x000000070ac00000| Complete 
|  87|0x000000070ae00000, 0x000000070b000000, 0x000000070b000000|100%| E|CS|TAMS 0x000000070ae00000| PB 0x000000070ae00000| Complete 

Card table byte_map: [0x000001531aca0000,0x000001531b4a0000] _byte_map_base: 0x00000153174a0000

Marking Bits: (CMBitMap*) 0x0000015305f96ab0
 Bits: [0x000001531b4a0000, 0x000001531f4a0000)

Polling page: 0x0000015305ff0000

Metaspace:

Usage:
  Non-class:     47.34 MB used.
      Class:      8.04 MB used.
       Both:     55.38 MB used.

Virtual space:
  Non-class space:       64.00 MB reserved,      48.25 MB ( 75%) committed,  1 nodes.
      Class space:        1.00 GB reserved,       8.94 MB ( <1%) committed,  1 nodes.
             Both:        1.06 GB reserved,      57.19 MB (  5%) committed. 

Chunk freelists:
   Non-Class:  15.66 MB
       Class:  6.96 MB
        Both:  22.62 MB

MaxMetaspaceSize: unlimited
CompressedClassSpaceSize: 1.00 GB
Initial GC threshold: 21.00 MB
Current GC threshold: 87.50 MB
CDS: on
 - commit_granule_bytes: 65536.
 - commit_granule_words: 8192.
 - virtual_space_node_default_size: 8388608.
 - enlarge_chunks_in_place: 1.
 - use_allocation_guard: 0.


Internal statistics:

num_allocs_failed_limit: 6.
num_arena_births: 3230.
num_arena_deaths: 0.
num_vsnodes_births: 2.
num_vsnodes_deaths: 0.
num_space_committed: 915.
num_space_uncommitted: 0.
num_chunks_returned_to_freelist: 6.
num_chunks_taken_from_freelist: 5924.
num_chunk_merges: 6.
num_chunk_splits: 3863.
num_chunks_enlarged: 2397.
num_inconsistent_stats: 0.

CodeHeap 'non-profiled nmethods': size=120000Kb used=3823Kb max_used=3823Kb free=116176Kb
 bounds [0x0000015312510000, 0x00000153128d0000, 0x0000015319a40000]
CodeHeap 'profiled nmethods': size=120000Kb used=11626Kb max_used=11626Kb free=108373Kb
 bounds [0x000001530aa40000, 0x000001530b5a0000, 0x0000015311f70000]
CodeHeap 'non-nmethods': size=5760Kb used=2630Kb max_used=2677Kb free=3129Kb
 bounds [0x0000015311f70000, 0x0000015312220000, 0x0000015312510000]
CodeCache: size=245760Kb, used=18079Kb, max_used=18126Kb, free=227678Kb
 total_blobs=6954, nmethods=6056, adapters=802, full_count=0
Compilation: enabled, stopped_count=0, restarted_count=0

Compilation events (20 events):
Event: 1003.244 Thread 0x0000015321f607a0 6944       3       org.gradle.cache.internal.DefaultFileLockManager$DefaultFileLock$$Lambda/0x000001532316e000::<init> (10 bytes)
Event: 1003.244 Thread 0x0000015321f607a0 nmethod 6944 0x000001530b597890 code [0x000001530b597a40, 0x000001530b597c00]
Event: 1003.416 Thread 0x0000015321f5add0 nmethod 6941 0x00000153128c8410 code [0x00000153128c8700, 0x00000153128ca1f8]
Event: 1003.910 Thread 0x0000015321f607a0 6945       3       org.gradle.cache.internal.filelock.LockFileAccess::close (8 bytes)
Event: 1003.912 Thread 0x0000015321f607a0 nmethod 6945 0x000001530b597c90 code [0x000001530b597e40, 0x000001530b597fa0]
Event: 1003.912 Thread 0x0000015321f607a0 6946       3       org.gradle.cache.internal.DefaultFileLockManager$DefaultFileLock$$Lambda/0x000001532316bd80::stop (8 bytes)
Event: 1003.913 Thread 0x0000015321f607a0 nmethod 6946 0x000001530b598090 code [0x000001530b598240, 0x000001530b598388]
Event: 1003.913 Thread 0x0000015321f607a0 6947   !   3       org.gradle.cache.internal.DefaultFileLockManager$DefaultFileLock::lambda$close$1 (53 bytes)
Event: 1003.922 Thread 0x0000015321f607a0 nmethod 6947 0x000001530b598490 code [0x000001530b5986e0, 0x000001530b598da0]
Event: 1003.922 Thread 0x0000015321f607a0 6948   !   3       org.gradle.cache.internal.locklistener.DefaultFileLockContentionHandler::stop (48 bytes)
Event: 1003.925 Thread 0x0000015321f607a0 nmethod 6948 0x000001530b599190 code [0x000001530b599380, 0x000001530b599860]
Event: 1005.001 Thread 0x0000015321f607a0 6949       3       org.gradle.internal.time.MonotonicClock::sync (26 bytes)
Event: 1005.008 Thread 0x0000015321f607a0 nmethod 6949 0x000001530b599a90 code [0x000001530b599c60, 0x000001530b599ed8]
Event: 1005.341 Thread 0x0000015321f5add0 6950       4       java.io.BufferedInputStream::<init> (68 bytes)
Event: 1005.357 Thread 0x0000015321f5add0 nmethod 6950 0x00000153128cb290 code [0x00000153128cb460, 0x00000153128cbd30]
Event: 1006.217 Thread 0x0000015321f5add0 6951       4       org.gradle.cache.internal.DefaultFileLockManager$DefaultFileLock$1::run (252 bytes)
Event: 1006.829 Thread 0x0000015321f607a0 6953       3       org.gradle.cache.internal.filelock.DefaultLockOptions::<init> (15 bytes)
Event: 1006.829 Thread 0x0000015321f607a0 nmethod 6953 0x000001530b59a090 code [0x000001530b59a240, 0x000001530b59a418]
Event: 1006.952 Thread 0x0000015321f607a0 6954       3       java.util.Random::seedUniquifier (29 bytes)
Event: 1006.952 Thread 0x0000015321f607a0 nmethod 6954 0x000001530b59a510 code [0x000001530b59a6c0, 0x000001530b59a8c8]

GC Heap History (20 events):
Event: 794.074 GC heap before
{Heap before GC invocations=26 (full 0):
 garbage-first heap   total 180224K, used 46013K [0x0000000700000000, 0x0000000800000000)
  region size 2048K, 4 young (8192K), 1 survivors (2048K)
 Metaspace       used 53956K, committed 55680K, reserved 1114112K
  class space    used 7765K, committed 8640K, reserved 1048576K
}
Event: 794.085 GC heap after
{Heap after GC invocations=27 (full 0):
 garbage-first heap   total 180224K, used 40107K [0x0000000700000000, 0x0000000800000000)
  region size 2048K, 1 young (2048K), 1 survivors (2048K)
 Metaspace       used 53956K, committed 55680K, reserved 1114112K
  class space    used 7765K, committed 8640K, reserved 1048576K
}
Event: 827.230 GC heap before
{Heap before GC invocations=27 (full 0):
 garbage-first heap   total 180224K, used 46251K [0x0000000700000000, 0x0000000800000000)
  region size 2048K, 4 young (8192K), 1 survivors (2048K)
 Metaspace       used 53956K, committed 55680K, reserved 1114112K
  class space    used 7765K, committed 8640K, reserved 1048576K
}
Event: 830.252 GC heap after
{Heap after GC invocations=28 (full 0):
 garbage-first heap   total 180224K, used 40219K [0x0000000700000000, 0x0000000800000000)
  region size 2048K, 1 young (2048K), 1 survivors (2048K)
 Metaspace       used 53956K, committed 55680K, reserved 1114112K
  class space    used 7765K, committed 8640K, reserved 1048576K
}
Event: 855.810 GC heap before
{Heap before GC invocations=28 (full 0):
 garbage-first heap   total 180224K, used 46363K [0x0000000700000000, 0x0000000800000000)
  region size 2048K, 4 young (8192K), 1 survivors (2048K)
 Metaspace       used 54098K, committed 55808K, reserved 1114112K
  class space    used 7778K, committed 8640K, reserved 1048576K
}
Event: 855.846 GC heap after
{Heap after GC invocations=29 (full 0):
 garbage-first heap   total 180224K, used 40399K [0x0000000700000000, 0x0000000800000000)
  region size 2048K, 1 young (2048K), 1 survivors (2048K)
 Metaspace       used 54098K, committed 55808K, reserved 1114112K
  class space    used 7778K, committed 8640K, reserved 1048576K
}
Event: 865.121 GC heap before
{Heap before GC invocations=29 (full 0):
 garbage-first heap   total 180224K, used 46543K [0x0000000700000000, 0x0000000800000000)
  region size 2048K, 4 young (8192K), 1 survivors (2048K)
 Metaspace       used 54614K, committed 56384K, reserved 1114112K
  class space    used 7875K, committed 8768K, reserved 1048576K
}
Event: 865.126 GC heap after
{Heap after GC invocations=30 (full 0):
 garbage-first heap   total 180224K, used 40636K [0x0000000700000000, 0x0000000800000000)
  region size 2048K, 1 young (2048K), 1 survivors (2048K)
 Metaspace       used 54614K, committed 56384K, reserved 1114112K
  class space    used 7875K, committed 8768K, reserved 1048576K
}
Event: 867.446 GC heap before
{Heap before GC invocations=30 (full 0):
 garbage-first heap   total 180224K, used 46780K [0x0000000700000000, 0x0000000800000000)
  region size 2048K, 4 young (8192K), 1 survivors (2048K)
 Metaspace       used 54909K, committed 56704K, reserved 1114112K
  class space    used 7928K, committed 8832K, reserved 1048576K
}
Event: 867.454 GC heap after
{Heap after GC invocations=31 (full 0):
 garbage-first heap   total 180224K, used 41556K [0x0000000700000000, 0x0000000800000000)
  region size 2048K, 1 young (2048K), 1 survivors (2048K)
 Metaspace       used 54909K, committed 56704K, reserved 1114112K
  class space    used 7928K, committed 8832K, reserved 1048576K
}
Event: 871.280 GC heap before
{Heap before GC invocations=31 (full 0):
 garbage-first heap   total 180224K, used 45652K [0x0000000700000000, 0x0000000800000000)
  region size 2048K, 4 young (8192K), 1 survivors (2048K)
 Metaspace       used 55482K, committed 57280K, reserved 1114112K
  class space    used 8029K, committed 8896K, reserved 1048576K
}
Event: 871.494 GC heap after
{Heap after GC invocations=32 (full 0):
 garbage-first heap   total 180224K, used 41858K [0x0000000700000000, 0x0000000800000000)
  region size 2048K, 1 young (2048K), 1 survivors (2048K)
 Metaspace       used 55482K, committed 57280K, reserved 1114112K
  class space    used 8029K, committed 8896K, reserved 1048576K
}
Event: 875.050 GC heap before
{Heap before GC invocations=32 (full 0):
 garbage-first heap   total 180224K, used 48002K [0x0000000700000000, 0x0000000800000000)
  region size 2048K, 4 young (8192K), 1 survivors (2048K)
 Metaspace       used 56136K, committed 57920K, reserved 1114112K
  class space    used 8155K, committed 9024K, reserved 1048576K
}
Event: 875.056 GC heap after
{Heap after GC invocations=33 (full 0):
 garbage-first heap   total 180224K, used 42201K [0x0000000700000000, 0x0000000800000000)
  region size 2048K, 1 young (2048K), 1 survivors (2048K)
 Metaspace       used 56136K, committed 57920K, reserved 1114112K
  class space    used 8155K, committed 9024K, reserved 1048576K
}
Event: 881.001 GC heap before
{Heap before GC invocations=33 (full 0):
 garbage-first heap   total 180224K, used 48345K [0x0000000700000000, 0x0000000800000000)
  region size 2048K, 4 young (8192K), 1 survivors (2048K)
 Metaspace       used 56656K, committed 58496K, reserved 1114112K
  class space    used 8233K, committed 9152K, reserved 1048576K
}
Event: 881.005 GC heap after
{Heap after GC invocations=34 (full 0):
 garbage-first heap   total 180224K, used 42319K [0x0000000700000000, 0x0000000800000000)
  region size 2048K, 1 young (2048K), 1 survivors (2048K)
 Metaspace       used 56656K, committed 58496K, reserved 1114112K
  class space    used 8233K, committed 9152K, reserved 1048576K
}
Event: 916.914 GC heap before
{Heap before GC invocations=34 (full 0):
 garbage-first heap   total 180224K, used 46415K [0x0000000700000000, 0x0000000800000000)
  region size 2048K, 4 young (8192K), 1 survivors (2048K)
 Metaspace       used 56674K, committed 58496K, reserved 1114112K
  class space    used 8234K, committed 9152K, reserved 1048576K
}
Event: 916.997 GC heap after
{Heap after GC invocations=35 (full 0):
 garbage-first heap   total 180224K, used 42313K [0x0000000700000000, 0x0000000800000000)
  region size 2048K, 1 young (2048K), 1 survivors (2048K)
 Metaspace       used 56674K, committed 58496K, reserved 1114112K
  class space    used 8234K, committed 9152K, reserved 1048576K
}
Event: 953.408 GC heap before
{Heap before GC invocations=35 (full 0):
 garbage-first heap   total 180224K, used 46409K [0x0000000700000000, 0x0000000800000000)
  region size 2048K, 4 young (8192K), 1 survivors (2048K)
 Metaspace       used 56687K, committed 58560K, reserved 1114112K
  class space    used 8234K, committed 9152K, reserved 1048576K
}
Event: 953.509 GC heap after
{Heap after GC invocations=36 (full 0):
 garbage-first heap   total 180224K, used 42371K [0x0000000700000000, 0x0000000800000000)
  region size 2048K, 1 young (2048K), 1 survivors (2048K)
 Metaspace       used 56687K, committed 58560K, reserved 1114112K
  class space    used 8234K, committed 9152K, reserved 1048576K
}

Dll operation events (20 events):
Event: 0.199 Attempting to load shared library C:\Users\NAGARAJU\.antigravity-ide\extensions\redhat.java-1.56.0-win32-x64\jre\21.0.12.1-win32-x86_64\bin\nio.dll
Event: 0.200 Loaded shared library C:\Users\NAGARAJU\.antigravity-ide\extensions\redhat.java-1.56.0-win32-x64\jre\21.0.12.1-win32-x86_64\bin\nio.dll
Event: 0.209 Attempting to load shared library C:\Users\NAGARAJU\.antigravity-ide\extensions\redhat.java-1.56.0-win32-x64\jre\21.0.12.1-win32-x86_64\bin\zip.dll
Event: 0.209 Loaded shared library C:\Users\NAGARAJU\.antigravity-ide\extensions\redhat.java-1.56.0-win32-x64\jre\21.0.12.1-win32-x86_64\bin\zip.dll
Event: 0.878 Attempting to load shared library C:\Users\NAGARAJU\.antigravity-ide\extensions\redhat.java-1.56.0-win32-x64\jre\21.0.12.1-win32-x86_64\bin\jimage.dll
Event: 0.878 Loaded shared library C:\Users\NAGARAJU\.antigravity-ide\extensions\redhat.java-1.56.0-win32-x64\jre\21.0.12.1-win32-x86_64\bin\jimage.dll
Event: 1.379 Attempting to load shared library C:\Users\NAGARAJU\.antigravity-ide\extensions\redhat.java-1.56.0-win32-x64\jre\21.0.12.1-win32-x86_64\bin\verify.dll
Event: 1.380 Loaded shared library C:\Users\NAGARAJU\.antigravity-ide\extensions\redhat.java-1.56.0-win32-x64\jre\21.0.12.1-win32-x86_64\bin\verify.dll
Event: 1.551 Attempting to load shared library C:\Users\NAGARAJU\.gradle\native\1def1411415f61bf3af743bc5b6707747c0891f09f0c88961ee8f79bc544acac\windows-amd64\native-platform.dll
Event: 1.552 Loaded shared library C:\Users\NAGARAJU\.gradle\native\1def1411415f61bf3af743bc5b6707747c0891f09f0c88961ee8f79bc544acac\windows-amd64\native-platform.dll
Event: 1.595 Attempting to load shared library C:\Users\NAGARAJU\.gradle\native\0.2.7\x86_64-windows-gnu\gradle-fileevents.dll
Event: 1.707 Loaded shared library C:\Users\NAGARAJU\.gradle\native\0.2.7\x86_64-windows-gnu\gradle-fileevents.dll
Event: 12.135 Attempting to load shared library C:\Users\NAGARAJU\.antigravity-ide\extensions\redhat.java-1.56.0-win32-x64\jre\21.0.12.1-win32-x86_64\bin\management.dll
Event: 12.211 Loaded shared library C:\Users\NAGARAJU\.antigravity-ide\extensions\redhat.java-1.56.0-win32-x64\jre\21.0.12.1-win32-x86_64\bin\management.dll
Event: 12.324 Attempting to load shared library C:\Users\NAGARAJU\.antigravity-ide\extensions\redhat.java-1.56.0-win32-x64\jre\21.0.12.1-win32-x86_64\bin\management_ext.dll
Event: 12.401 Loaded shared library C:\Users\NAGARAJU\.antigravity-ide\extensions\redhat.java-1.56.0-win32-x64\jre\21.0.12.1-win32-x86_64\bin\management_ext.dll
Event: 14.116 Attempting to load shared library C:\Users\NAGARAJU\.antigravity-ide\extensions\redhat.java-1.56.0-win32-x64\jre\21.0.12.1-win32-x86_64\bin\extnet.dll
Event: 14.263 Loaded shared library C:\Users\NAGARAJU\.antigravity-ide\extensions\redhat.java-1.56.0-win32-x64\jre\21.0.12.1-win32-x86_64\bin\extnet.dll
Event: 17.038 Attempting to load shared library C:\Users\NAGARAJU\.antigravity-ide\extensions\redhat.java-1.56.0-win32-x64\jre\21.0.12.1-win32-x86_64\bin\sunmscapi.dll
Event: 17.045 Loaded shared library C:\Users\NAGARAJU\.antigravity-ide\extensions\redhat.java-1.56.0-win32-x64\jre\21.0.12.1-win32-x86_64\bin\sunmscapi.dll

Deoptimization events (20 events):
Event: 874.871 Thread 0x0000015367eda610 DEOPT PACKING pc=0x00000153127a0eb0 sp=0x0000003eb88f6580
Event: 874.871 Thread 0x0000015367eda610 DEOPT UNPACKING pc=0x0000015311fc4422 sp=0x0000003eb88f6518 mode 2
Event: 874.871 Thread 0x0000015367eda610 Uncommon trap: trap_request=0xffffff45 fr.pc=0x00000153126ea2f0 relative=0x0000000000000970
Event: 874.871 Thread 0x0000015367eda610 Uncommon trap: reason=unstable_if action=reinterpret pc=0x00000153126ea2f0 method=org.objectweb.asm.MethodWriter.visitLabel(Lorg/objectweb/asm/Label;)V @ 37 c2
Event: 874.871 Thread 0x0000015367eda610 DEOPT PACKING pc=0x00000153126ea2f0 sp=0x0000003eb88f6300
Event: 874.871 Thread 0x0000015367eda610 DEOPT UNPACKING pc=0x0000015311fc4422 sp=0x0000003eb88f6300 mode 2
Event: 874.871 Thread 0x0000015367eda610 Uncommon trap: trap_request=0xffffff45 fr.pc=0x000001531281a41c relative=0x000000000000041c
Event: 874.871 Thread 0x0000015367eda610 Uncommon trap: reason=unstable_if action=reinterpret pc=0x000001531281a41c method=org.objectweb.asm.MethodWriter.visitVarInsn(II)V @ 108 c2
Event: 874.871 Thread 0x0000015367eda610 DEOPT PACKING pc=0x000001531281a41c sp=0x0000003eb88f63b0
Event: 874.871 Thread 0x0000015367eda610 DEOPT UNPACKING pc=0x0000015311fc4422 sp=0x0000003eb88f6368 mode 2
Event: 900.980 Thread 0x0000015367edb330 Uncommon trap: trap_request=0xffffffbe fr.pc=0x00000153126c36ac relative=0x0000000000004dcc
Event: 900.981 Thread 0x0000015367edb330 Uncommon trap: reason=profile_predicate action=maybe_recompile pc=0x00000153126c36ac method=org.gradle.internal.time.ExponentialBackoff.retryUntil(Lorg/gradle/internal/time/ExponentialBackoff$Query;)Ljava/lang/Object; @ 13 c2
Event: 900.981 Thread 0x0000015367edb330 DEOPT PACKING pc=0x00000153126c36ac sp=0x0000003eb8efe800
Event: 900.981 Thread 0x0000015367edb330 DEOPT UNPACKING pc=0x0000015311fc4422 sp=0x0000003eb8efe838 mode 2
Event: 1003.217 Thread 0x0000015367edb9c0 DEOPT PACKING pc=0x000001530b3defd2 sp=0x0000003eb8cfe3c0
Event: 1003.219 Thread 0x0000015367edb9c0 DEOPT UNPACKING pc=0x0000015311fc4bc2 sp=0x0000003eb8cfd930 mode 0
Event: 1003.242 Thread 0x0000015367edb330 Uncommon trap: trap_request=0xffffffbe fr.pc=0x00000153126c36ac relative=0x0000000000004dcc
Event: 1003.243 Thread 0x0000015367edb330 Uncommon trap: reason=profile_predicate action=maybe_recompile pc=0x00000153126c36ac method=org.gradle.internal.time.ExponentialBackoff.retryUntil(Lorg/gradle/internal/time/ExponentialBackoff$Query;)Ljava/lang/Object; @ 13 c2
Event: 1003.243 Thread 0x0000015367edb330 DEOPT PACKING pc=0x00000153126c36ac sp=0x0000003eb8efe7c0
Event: 1003.243 Thread 0x0000015367edb330 DEOPT UNPACKING pc=0x0000015311fc4422 sp=0x0000003eb8efe7f8 mode 2

Classes loaded (20 events):
Event: 788.111 Loading class java/nio/channels/Channels$ReadableByteChannelImpl
Event: 788.119 Loading class java/nio/channels/Channels$ReadableByteChannelImpl done
Event: 788.375 Loading class java/util/EmptyStackException
Event: 788.385 Loading class java/util/EmptyStackException done
Event: 788.580 Loading class java/io/InvalidClassException
Event: 788.582 Loading class java/io/InvalidClassException done
Event: 791.142 Loading class java/util/Comparators$NaturalOrderComparator
Event: 791.170 Loading class java/util/Comparators$NaturalOrderComparator done
Event: 864.364 Loading class java/io/FileWriter
Event: 864.369 Loading class java/io/FileWriter done
Event: 866.537 Loading class sun/reflect/generics/tree/BooleanSignature
Event: 866.538 Loading class sun/reflect/generics/tree/BooleanSignature done
Event: 866.666 Loading class org/xml/sax/Locator
Event: 866.670 Loading class org/xml/sax/Locator done
Event: 866.671 Loading class org/xml/sax/SAXParseException
Event: 866.673 Loading class org/xml/sax/SAXParseException done
Event: 866.694 Loading class org/xml/sax/Attributes
Event: 866.695 Loading class org/xml/sax/Attributes done
Event: 872.711 Loading class java/util/function/LongUnaryOperator
Event: 872.721 Loading class java/util/function/LongUnaryOperator done

Classes unloaded (0 events):
No events

Classes redefined (0 events):
No events

Internal exceptions (20 events):
Event: 247.357 Thread 0x0000015367eda610 Exception <a 'java/lang/NoSuchMethodError'{0x00000007038bf118}: 'java.lang.Object java.lang.invoke.DirectMethodHandle$Holder.invokeSpecial(java.lang.Object, java.lang.Object, long, java.lang.Object, java.lang.Object)'> (0x00000007038bf118) 
thrown [s\src\hotspot\share\interpreter\linkResolver.cpp, line 773]
Event: 247.853 Thread 0x0000015367eda610 Exception <a 'java/lang/NoSuchMethodError'{0x00000007034f5ac0}: 'java.lang.Object java.lang.invoke.DirectMethodHandle$Holder.newInvokeSpecial(java.lang.Object, java.lang.Object, java.lang.Object, java.lang.Object, int, java.lang.Object)'> (0x00000007034f5ac0) 
thrown [s\src\hotspot\share\interpreter\linkResolver.cpp, line 773]
Event: 247.854 Thread 0x0000015367eda610 Exception <a 'java/lang/NoSuchMethodError'{0x00000007034fe820}: 'java.lang.Object java.lang.invoke.Invokers$Holder.linkToTargetMethod(java.lang.Object, java.lang.Object, java.lang.Object, int, java.lang.Object, java.lang.Object)'> (0x00000007034fe820) 
thrown [s\src\hotspot\share\interpreter\linkResolver.cpp, line 773]
Event: 427.167 Thread 0x0000015367eda610 Exception <a 'java/lang/NoSuchMethodError'{0x00000007045f4348}: 'java.lang.Object java.lang.invoke.DirectMethodHandle$Holder.invokeSpecialIFC(java.lang.Object, java.lang.Object, java.lang.Object)'> (0x00000007045f4348) 
thrown [s\src\hotspot\share\interpreter\linkResolver.cpp, line 773]
Event: 776.981 Thread 0x0000015367eda610 Exception <a 'java/lang/ClassNotFoundException'{0x000000070ada2570}: sun/misc/SharedSecrets> (0x000000070ada2570) 
thrown [s\src\hotspot\share\classfile\systemDictionary.cpp, line 313]
Event: 786.859 Thread 0x0000015367eda610 Exception <a 'sun/nio/fs/WindowsException'{0x000000070ac41608}> (0x000000070ac41608) 
thrown [s\src\hotspot\share\prims\jni.cpp, line 520]
Event: 787.543 Thread 0x0000015367eda610 Exception <a 'sun/nio/fs/WindowsException'{0x000000070ac431f0}> (0x000000070ac431f0) 
thrown [s\src\hotspot\share\prims\jni.cpp, line 520]
Event: 787.595 Thread 0x0000015367eda610 Exception <a 'sun/nio/fs/WindowsException'{0x000000070ad0c640}> (0x000000070ad0c640) 
thrown [s\src\hotspot\share\prims\jni.cpp, line 520]
Event: 790.539 Thread 0x0000015367eda610 Exception <a 'java/lang/NoSuchMethodError'{0x000000070ab4fa78}: 'void java.lang.invoke.DirectMethodHandle$Holder.invokeStatic(java.lang.Object, java.lang.Object, java.lang.Object, java.lang.Object, java.lang.Object, java.lang.Object, java.lang.Object)'> (0x000000070ab4fa78) 
thrown [s\src\hotspot\share\interpreter\linkResolver.cpp, line 773]
Event: 866.493 Thread 0x0000015367eda610 Exception <a 'java/lang/ClassNotFoundException'{0x000000070aca1c88}: org/gradle/api/internal/project/DefaultProject_DecoratedBeanInfo> (0x000000070aca1c88) 
thrown [s\src\hotspot\share\classfile\systemDictionary.cpp, line 313]
Event: 866.496 Thread 0x0000015367eda610 Exception <a 'java/lang/ClassNotFoundException'{0x000000070acb08b0}: org/gradle/api/internal/project/DefaultProjectBeanInfo> (0x000000070acb08b0) 
thrown [s\src\hotspot\share\classfile\systemDictionary.cpp, line 313]
Event: 866.500 Thread 0x0000015367eda610 Exception <a 'java/lang/ClassNotFoundException'{0x000000070acbf590}: org/gradle/api/internal/project/DefaultProjectCustomizer> (0x000000070acbf590) 
thrown [s\src\hotspot\share\classfile\systemDictionary.cpp, line 313]
Event: 866.582 Thread 0x0000015367eda610 Exception <a 'java/lang/ClassNotFoundException'{0x000000070ad7d538}: org/gradle/api/internal/project/DefaultProject_DecoratedCustomizer> (0x000000070ad7d538) 
thrown [s\src\hotspot\share\classfile\systemDictionary.cpp, line 313]
Event: 867.057 Thread 0x0000015367eda610 Exception <a 'java/lang/ClassNotFoundException'{0x000000070aaedc70}: org/gradle/configuration/internal/DefaultListenerBuildOperationDecorator$BuildOperationEmittingClosureBeanInfo> (0x000000070aaedc70) 
thrown [s\src\hotspot\share\classfile\systemDictionary.cpp, line 313]
Event: 867.059 Thread 0x0000015367eda610 Exception <a 'java/lang/ClassNotFoundException'{0x000000070aafd290}: org/gradle/configuration/internal/DefaultListenerBuildOperationDecorator$BuildOperationEmittingClosureCustomizer> (0x000000070aafd290) 
thrown [s\src\hotspot\share\classfile\systemDictionary.cpp, line 313]
Event: 872.795 Thread 0x0000015367eda610 Exception <a 'java/lang/NoSuchMethodError'{0x000000070af3d4d8}: 'long java.lang.invoke.DirectMethodHandle$Holder.invokeStatic(java.lang.Object, long)'> (0x000000070af3d4d8) 
thrown [s\src\hotspot\share\interpreter\linkResolver.cpp, line 773]
Event: 874.871 Thread 0x0000015367eda610 Implicit null exception at 0x000001531281a0ce to 0x000001531281a410
Event: 875.039 Thread 0x0000015367eda610 Exception <a 'java/lang/NoSuchMethodError'{0x000000070abebc18}: 'java.lang.Object java.lang.invoke.DirectMethodHandle$Holder.invokeVirtual(java.lang.Object, java.lang.Object, java.lang.Object, java.lang.Object, java.lang.Object, java.lang.Object, java.lang.Object, java.lang.Object, java.lang.Object, java.lang.Object, java.lang.Object, java.lang.Object, java.lang.Object, java.lang.Object, java.lang.Object, java.lang.Object, java.lang.Object)'> (0x000000070abebc18) 
thrown [s\src\hotspot\share\interpreter\li
Event: 875.046 Thread 0x0000015367eda610 Exception <a 'java/lang/NoSuchMethodError'{0x000000070abf2180}: 'java.lang.Object java.lang.invoke.DirectMethodHandle$Holder.invokeSpecial(java.lang.Object, java.lang.Object, java.lang.Object, java.lang.Object, java.lang.Object, java.lang.Object, java.lang.Object, java.lang.Object, java.lang.Object, java.lang.Object, java.lang.Object, java.lang.Object, java.lang.Object, java.lang.Object, java.lang.Object, java.lang.Object, java.lang.Object, java.lang.Object)'> (0x000000070abf2180) 
thrown [s\src\hotspot\sh
Event: 875.049 Thread 0x0000015367eda610 Exception <a 'java/lang/NoSuchMethodError'{0x000000070abf7e78}: 'java.lang.Object java.lang.invoke.DelegatingMethodHandle$Holder.reinvoke_L(java.lang.Object, java.lang.Object, java.lang.Object, java.lang.Object, java.lang.Object, java.lang.Object, java.lang.Object, java.lang.Object, java.lang.Object, java.lang.Object, java.lang.Object, java.lang.Object, java.lang.Object, java.lang.Object, java.lang.Object, java.lang.Object, java.lang.Object)'> (0x000000070abf7e78) 
thrown [s\src\hotspot\share\interpreter\l

ZGC Phase Switch (0 events):
No events

VM Operations (20 events):
Event: 896.132 Executing safepoint VM operation: Cleanup
Event: 896.132 Executing safepoint VM operation: Cleanup done
Event: 897.142 Executing safepoint VM operation: Cleanup
Event: 897.142 Executing safepoint VM operation: Cleanup done
Event: 901.181 Executing safepoint VM operation: Cleanup
Event: 901.197 Executing safepoint VM operation: Cleanup done
Event: 909.258 Executing safepoint VM operation: Cleanup
Event: 909.259 Executing safepoint VM operation: Cleanup done
Event: 916.914 Executing safepoint VM operation: G1CollectForAllocation (G1 Evacuation Pause)
Event: 916.997 Executing safepoint VM operation: G1CollectForAllocation (G1 Evacuation Pause) done
Event: 941.156 Executing safepoint VM operation: Cleanup
Event: 941.186 Executing safepoint VM operation: Cleanup done
Event: 953.407 Executing safepoint VM operation: G1CollectForAllocation (G1 Evacuation Pause)
Event: 953.509 Executing safepoint VM operation: G1CollectForAllocation (G1 Evacuation Pause) done
Event: 997.834 Executing safepoint VM operation: Cleanup
Event: 997.838 Executing safepoint VM operation: Cleanup done
Event: 1002.870 Executing safepoint VM operation: Cleanup
Event: 1002.871 Executing safepoint VM operation: Cleanup done
Event: 1003.875 Executing safepoint VM operation: Cleanup
Event: 1003.877 Executing safepoint VM operation: Cleanup done

Memory protections (0 events):
No events

Nmethod flushes (20 events):
Event: 696.339 Thread 0x0000015321f34e20 flushing  nmethod 0x000001531266f090
Event: 696.339 Thread 0x0000015321f34e20 flushing  nmethod 0x000001531266ff10
Event: 696.340 Thread 0x0000015321f34e20 flushing  nmethod 0x0000015312683f10
Event: 696.340 Thread 0x0000015321f34e20 flushing  nmethod 0x000001530aae5290
Event: 696.340 Thread 0x0000015321f34e20 flushing  nmethod 0x000001530aae5f90
Event: 696.340 Thread 0x0000015321f34e20 flushing  nmethod 0x000001530aae7010
Event: 696.340 Thread 0x0000015321f34e20 flushing  nmethod 0x000001530abea090
Event: 696.340 Thread 0x0000015321f34e20 flushing  nmethod 0x000001530ac2e810
Event: 696.340 Thread 0x0000015321f34e20 flushing  nmethod 0x000001530ada9b90
Event: 696.340 Thread 0x0000015321f34e20 flushing  nmethod 0x000001530ae5d210
Event: 696.340 Thread 0x0000015321f34e20 flushing  nmethod 0x000001530ae71490
Event: 696.340 Thread 0x0000015321f34e20 flushing  nmethod 0x000001530afe0010
Event: 696.340 Thread 0x0000015321f34e20 flushing  nmethod 0x000001530b0f4d90
Event: 696.341 Thread 0x0000015321f34e20 flushing  nmethod 0x000001530b20f210
Event: 696.341 Thread 0x0000015321f34e20 flushing  nmethod 0x000001530b20f690
Event: 696.341 Thread 0x0000015321f34e20 flushing  nmethod 0x000001530b21bd90
Event: 696.341 Thread 0x0000015321f34e20 flushing  nmethod 0x000001530b299290
Event: 696.341 Thread 0x0000015321f34e20 flushing  nmethod 0x000001530b299790
Event: 696.341 Thread 0x0000015321f34e20 flushing  nmethod 0x000001530b2b3f90
Event: 696.342 Thread 0x0000015321f34e20 flushing  nmethod 0x000001530b309010

Events (20 events):
Event: 70.796 Thread 0x0000015367eda610 Thread added: 0x0000015369a81000
Event: 70.918 Thread 0x0000015367eda610 Thread added: 0x0000015369a851a0
Event: 77.877 Thread 0x0000015367eda610 Thread added: 0x0000015369a84b10
Event: 81.330 Thread 0x0000015367eda610 Thread added: 0x0000015369a81d20
Event: 81.676 Thread 0x0000015367eda610 Thread added: 0x0000015369a85830
Event: 84.021 Thread 0x0000015367eda610 Thread added: 0x0000015369a87f90
Event: 247.517 Thread 0x0000015367eda610 Thread added: 0x0000015369a87900
Event: 247.518 Thread 0x0000015367eda610 Thread added: 0x0000015369a87270
Event: 314.758 Thread 0x0000015367edc050 Thread exited: 0x0000015367edc050
Event: 388.826 Thread 0x0000015367edaca0 Thread added: 0x0000015367edc050
Event: 415.048 Thread 0x0000015367eda610 Thread added: 0x000001536ab10280
Event: 417.383 Thread 0x0000015367eda610 Thread added: 0x000001536ab129e0
Event: 427.420 Thread 0x0000015367eda610 Thread added: 0x000001536ab10910
Event: 427.445 Thread 0x0000015367eda610 Thread added: 0x000001536ab10fa0
Event: 584.787 Thread 0x0000015367edc050 Thread exited: 0x0000015367edc050
Event: 623.458 Thread 0x0000015367edaca0 Thread added: 0x000001536ab14420
Event: 686.121 Thread 0x000001536ab14420 Thread exited: 0x000001536ab14420
Event: 773.782 Thread 0x0000015367edaca0 Thread added: 0x000001536ab14420
Event: 1000.098 Thread 0x000001536ab14420 Thread exited: 0x000001536ab14420
Event: 1002.639 Thread 0x0000015367edaca0 Thread added: 0x000001536ab11630


Dynamic libraries:
0x00007ff6b7110000 - 0x00007ff6b711e000 	C:\Users\NAGARAJU\.antigravity-ide\extensions\redhat.java-1.56.0-win32-x64\jre\21.0.12.1-win32-x86_64\bin\java.exe
0x00007ffa1e680000 - 0x00007ffa1e8e6000 	C:\WINDOWS\SYSTEM32\ntdll.dll
0x00007ffa1cfe0000 - 0x00007ffa1d0a9000 	C:\WINDOWS\System32\KERNEL32.DLL
0x00007ffa1bbd0000 - 0x00007ffa1bfcf000 	C:\WINDOWS\System32\KERNELBASE.dll
0x00007ffa1b890000 - 0x00007ffa1b9dc000 	C:\WINDOWS\System32\ucrtbase.dll
0x00007ff9e90f0000 - 0x00007ff9e9108000 	C:\Users\NAGARAJU\.antigravity-ide\extensions\redhat.java-1.56.0-win32-x64\jre\21.0.12.1-win32-x86_64\bin\jli.dll
0x00007ffa1d870000 - 0x00007ffa1da36000 	C:\WINDOWS\System32\USER32.dll
0x00007ffa1c380000 - 0x00007ffa1c3a7000 	C:\WINDOWS\System32\win32u.dll
0x00007ff9e9110000 - 0x00007ff9e912e000 	C:\Users\NAGARAJU\.antigravity-ide\extensions\redhat.java-1.56.0-win32-x64\jre\21.0.12.1-win32-x86_64\bin\VCRUNTIME140.dll
0x00007ffa046c0000 - 0x00007ffa04951000 	C:\WINDOWS\WinSxS\amd64_microsoft.windows.common-controls_6595b64144ccf1df_6.0.26100.8972_none_3e0da176e32f9d4b\COMCTL32.dll
0x00007ffa1e0c0000 - 0x00007ffa1e169000 	C:\WINDOWS\System32\msvcrt.dll
0x00007ffa1e170000 - 0x00007ffa1e19b000 	C:\WINDOWS\System32\GDI32.dll
0x00007ffa1b9f0000 - 0x00007ffa1bb19000 	C:\WINDOWS\System32\gdi32full.dll
0x00007ffa1bb20000 - 0x00007ffa1bbc3000 	C:\WINDOWS\System32\msvcp_win.dll
0x00007ffa1d550000 - 0x00007ffa1d582000 	C:\WINDOWS\System32\IMM32.DLL
0x00007ff9e90e0000 - 0x00007ff9e90ec000 	C:\Users\NAGARAJU\.antigravity-ide\extensions\redhat.java-1.56.0-win32-x64\jre\21.0.12.1-win32-x86_64\bin\vcruntime140_1.dll
0x00007ff9abe00000 - 0x00007ff9abe8d000 	C:\Users\NAGARAJU\.antigravity-ide\extensions\redhat.java-1.56.0-win32-x64\jre\21.0.12.1-win32-x86_64\bin\msvcp140.dll
0x00007ff9126f0000 - 0x00007ff913492000 	C:\Users\NAGARAJU\.antigravity-ide\extensions\redhat.java-1.56.0-win32-x64\jre\21.0.12.1-win32-x86_64\bin\server\jvm.dll
0x00007ffa1e4b0000 - 0x00007ffa1e56c000 	C:\WINDOWS\System32\ADVAPI32.dll
0x00007ffa1d0b0000 - 0x00007ffa1d15a000 	C:\WINDOWS\System32\sechost.dll
0x00007ffa1da40000 - 0x00007ffa1db58000 	C:\WINDOWS\System32\RPCRT4.dll
0x00007ffa1d260000 - 0x00007ffa1d2e2000 	C:\WINDOWS\System32\WS2_32.dll
0x00007ffa1b6f0000 - 0x00007ffa1b74e000 	C:\WINDOWS\SYSTEM32\POWRPROF.dll
0x00007ffa14ba0000 - 0x00007ffa14bd6000 	C:\WINDOWS\SYSTEM32\WINMM.dll
0x00007ffa14be0000 - 0x00007ffa14beb000 	C:\WINDOWS\SYSTEM32\VERSION.dll
0x00007ffa1b6d0000 - 0x00007ffa1b6e5000 	C:\WINDOWS\SYSTEM32\UMPDC.dll
0x00007ffa1a580000 - 0x00007ffa1a59b000 	C:\WINDOWS\SYSTEM32\kernel.appcore.dll
0x00007ff9e8950000 - 0x00007ff9e895a000 	C:\Users\NAGARAJU\.antigravity-ide\extensions\redhat.java-1.56.0-win32-x64\jre\21.0.12.1-win32-x86_64\bin\jimage.dll
0x00007ffa109a0000 - 0x00007ffa10be2000 	C:\WINDOWS\SYSTEM32\DBGHELP.DLL
0x00007ffa1db60000 - 0x00007ffa1dee5000 	C:\WINDOWS\System32\combase.dll
0x00007ffa1d770000 - 0x00007ffa1d849000 	C:\WINDOWS\System32\OLEAUT32.dll
0x00007ff9fa760000 - 0x00007ff9fa79b000 	C:\WINDOWS\SYSTEM32\dbgcore.DLL
0x00007ffa1c2c0000 - 0x00007ffa1c36c000 	C:\WINDOWS\System32\bcryptPrimitives.dll
0x00007ff9e8410000 - 0x00007ff9e841f000 	C:\Users\NAGARAJU\.antigravity-ide\extensions\redhat.java-1.56.0-win32-x64\jre\21.0.12.1-win32-x86_64\bin\instrument.dll
0x00007ff9b4920000 - 0x00007ff9b4940000 	C:\Users\NAGARAJU\.antigravity-ide\extensions\redhat.java-1.56.0-win32-x64\jre\21.0.12.1-win32-x86_64\bin\java.dll
0x00007ffa1c3b0000 - 0x00007ffa1cb38000 	C:\WINDOWS\System32\SHELL32.dll
0x00007ffa19360000 - 0x00007ffa19bfb000 	C:\WINDOWS\SYSTEM32\windows.storage.dll
0x00007ffa1d660000 - 0x00007ffa1d759000 	C:\WINDOWS\System32\SHCORE.dll
0x00007ffa1d590000 - 0x00007ffa1d5f6000 	C:\WINDOWS\System32\shlwapi.dll
0x00007ffa1b7b0000 - 0x00007ffa1b7d9000 	C:\WINDOWS\SYSTEM32\profapi.dll
0x00007ff9b4670000 - 0x00007ff9b4688000 	C:\Users\NAGARAJU\.antigravity-ide\extensions\redhat.java-1.56.0-win32-x64\jre\21.0.12.1-win32-x86_64\bin\zip.dll
0x00007ff9e8450000 - 0x00007ff9e8460000 	C:\Users\NAGARAJU\.antigravity-ide\extensions\redhat.java-1.56.0-win32-x64\jre\21.0.12.1-win32-x86_64\bin\net.dll
0x00007ffa11a00000 - 0x00007ffa11b28000 	C:\WINDOWS\SYSTEM32\WINHTTP.dll
0x00007ffa1ab30000 - 0x00007ffa1ab9c000 	C:\WINDOWS\system32\mswsock.dll
0x00007ff9e8430000 - 0x00007ff9e8446000 	C:\Users\NAGARAJU\.antigravity-ide\extensions\redhat.java-1.56.0-win32-x64\jre\21.0.12.1-win32-x86_64\bin\nio.dll
0x00007ff9e8400000 - 0x00007ff9e8410000 	C:\Users\NAGARAJU\.antigravity-ide\extensions\redhat.java-1.56.0-win32-x64\jre\21.0.12.1-win32-x86_64\bin\verify.dll
0x00007ff9b69d0000 - 0x00007ff9b69f7000 	C:\Users\NAGARAJU\.gradle\native\1def1411415f61bf3af743bc5b6707747c0891f09f0c88961ee8f79bc544acac\windows-amd64\native-platform.dll
0x00007ff9b3430000 - 0x00007ff9b34a8000 	C:\Users\NAGARAJU\.gradle\native\0.2.7\x86_64-windows-gnu\gradle-fileevents.dll
0x00007ff9d1040000 - 0x00007ff9d104a000 	C:\Users\NAGARAJU\.antigravity-ide\extensions\redhat.java-1.56.0-win32-x64\jre\21.0.12.1-win32-x86_64\bin\management.dll
0x00007ff9b70d0000 - 0x00007ff9b70dc000 	C:\Users\NAGARAJU\.antigravity-ide\extensions\redhat.java-1.56.0-win32-x64\jre\21.0.12.1-win32-x86_64\bin\management_ext.dll
0x00007ffa1cfd0000 - 0x00007ffa1cfd8000 	C:\WINDOWS\System32\PSAPI.DLL
0x00007ffa19f50000 - 0x00007ffa19f83000 	C:\WINDOWS\SYSTEM32\IPHLPAPI.DLL
0x00007ffa1d760000 - 0x00007ffa1d76a000 	C:\WINDOWS\System32\NSI.dll
0x00007ff9db4a0000 - 0x00007ff9db4a9000 	C:\Users\NAGARAJU\.antigravity-ide\extensions\redhat.java-1.56.0-win32-x64\jre\21.0.12.1-win32-x86_64\bin\extnet.dll
0x00007ffa1ae20000 - 0x00007ffa1ae3b000 	C:\WINDOWS\SYSTEM32\CRYPTSP.dll
0x00007ffa1a4e0000 - 0x00007ffa1a519000 	C:\WINDOWS\system32\rsaenh.dll
0x00007ffa1abe0000 - 0x00007ffa1ac12000 	C:\WINDOWS\SYSTEM32\USERENV.dll
0x00007ffa1b780000 - 0x00007ffa1b7aa000 	C:\WINDOWS\SYSTEM32\bcrypt.dll
0x00007ffa1ae40000 - 0x00007ffa1ae4c000 	C:\WINDOWS\SYSTEM32\CRYPTBASE.dll
0x00007ff9db4b0000 - 0x00007ff9db4be000 	C:\Users\NAGARAJU\.antigravity-ide\extensions\redhat.java-1.56.0-win32-x64\jre\21.0.12.1-win32-x86_64\bin\sunmscapi.dll
0x00007ffa1bfe0000 - 0x00007ffa1c15e000 	C:\WINDOWS\System32\CRYPT32.dll
0x00007ffa1b060000 - 0x00007ffa1b090000 	C:\WINDOWS\SYSTEM32\ncrypt.dll
0x00007ffa1b010000 - 0x00007ffa1b04f000 	C:\WINDOWS\SYSTEM32\NTASN1.dll
0x00007ff9eceb0000 - 0x00007ff9eceb8000 	C:\WINDOWS\system32\wshunix.dll

JVMTI agents:
C:\Users\NAGARAJU\.gradle\wrapper\dists\gradle-8.14.1-bin\baw1sv0jfoi8rxs14qo3h49cs\gradle-8.14.1\lib\agents\gradle-instrumentation-agent-8.14.1.jar path:C:\Users\NAGARAJU\.antigravity-ide\extensions\redhat.java-1.56.0-win32-x64\jre\21.0.12.1-win32-x86_64\bin\instrument.dll, loaded, initialized, instrumentlib options:none

dbghelp: loaded successfully - version: 4.0.5 - missing functions: none
symbol engine: initialized successfully - sym options: 0x614 - pdb path: .;C:\Users\NAGARAJU\.antigravity-ide\extensions\redhat.java-1.56.0-win32-x64\jre\21.0.12.1-win32-x86_64\bin;C:\WINDOWS\SYSTEM32;C:\WINDOWS\WinSxS\amd64_microsoft.windows.common-controls_6595b64144ccf1df_6.0.26100.8972_none_3e0da176e32f9d4b;C:\Users\NAGARAJU\.antigravity-ide\extensions\redhat.java-1.56.0-win32-x64\jre\21.0.12.1-win32-x86_64\bin\server;C:\Users\NAGARAJU\.gradle\native\1def1411415f61bf3af743bc5b6707747c0891f09f0c88961ee8f79bc544acac\windows-amd64;C:\Users\NAGARAJU\.gradle\native\0.2.7\x86_64-windows-gnu

VM Arguments:
jvm_args: --add-opens=java.base/java.lang=ALL-UNNAMED --add-opens=java.base/java.lang.invoke=ALL-UNNAMED --add-opens=java.base/java.util=ALL-UNNAMED --add-opens=java.prefs/java.util.prefs=ALL-UNNAMED --add-exports=jdk.compiler/com.sun.tools.javac.api=ALL-UNNAMED --add-exports=jdk.compiler/com.sun.tools.javac.util=ALL-UNNAMED --add-opens=java.base/java.util=ALL-UNNAMED --add-opens=java.prefs/java.util.prefs=ALL-UNNAMED --add-opens=java.base/java.nio.charset=ALL-UNNAMED --add-opens=java.base/java.net=ALL-UNNAMED --add-opens=java.base/java.util.concurrent.atomic=ALL-UNNAMED --add-opens=java.xml/javax.xml.namespace=ALL-UNNAMED -Xmx4096m -Dfile.encoding=UTF-8 -Duser.country=IN -Duser.language=en -Duser.variant -javaagent:C:\Users\NAGARAJU\.gradle\wrapper\dists\gradle-8.14.1-bin\baw1sv0jfoi8rxs14qo3h49cs\gradle-8.14.1\lib\agents\gradle-instrumentation-agent-8.14.1.jar 
java_command: org.gradle.launcher.daemon.bootstrap.GradleDaemon 8.14.1
java_class_path (initial): C:\Users\NAGARAJU\.gradle\wrapper\dists\gradle-8.14.1-bin\baw1sv0jfoi8rxs14qo3h49cs\gradle-8.14.1\lib\gradle-daemon-main-8.14.1.jar
Launcher Type: SUN_STANDARD

[Global flags]
     intx CICompilerCount                          = 4                                         {product} {ergonomic}
     uint ConcGCThreads                            = 2                                         {product} {ergonomic}
     uint G1ConcRefinementThreads                  = 8                                         {product} {ergonomic}
   size_t G1HeapRegionSize                         = 2097152                                   {product} {ergonomic}
    uintx GCDrainStackTargetSize                   = 64                                        {product} {ergonomic}
   size_t InitialHeapSize                          = 123731968                                 {product} {ergonomic}
   size_t MarkStackSize                            = 4194304                                   {product} {ergonomic}
   size_t MaxHeapSize                              = 4294967296                                {product} {command line}
   size_t MaxNewSize                               = 2575302656                                {product} {ergonomic}
   size_t MinHeapDeltaBytes                        = 2097152                                   {product} {ergonomic}
   size_t MinHeapSize                              = 8388608                                   {product} {ergonomic}
    uintx NonNMethodCodeHeapSize                   = 5839372                                {pd product} {ergonomic}
    uintx NonProfiledCodeHeapSize                  = 122909434                              {pd product} {ergonomic}
    uintx ProfiledCodeHeapSize                     = 122909434                              {pd product} {ergonomic}
    uintx ReservedCodeCacheSize                    = 251658240                              {pd product} {ergonomic}
     bool SegmentedCodeCache                       = true                                      {product} {ergonomic}
   size_t SoftMaxHeapSize                          = 4294967296                             {manageable} {ergonomic}
     bool UseCompressedOops                        = true                           {product lp64_product} {ergonomic}
     bool UseG1GC                                  = true                                      {product} {ergonomic}
     bool UseLargePagesIndividualAllocation        = false                                  {pd product} {ergonomic}

Logging:
Log output configuration:
 #0: stdout all=warning uptime,level,tags foldmultilines=false
 #1: stderr all=off uptime,level,tags foldmultilines=false

Release file:
JAVA_VERSION="21.0.12.1" 
MODULES="java.base java.compiler java.datatransfer java.xml java.prefs java.desktop java.instrument java.logging java.management java.security.sasl java.naming java.rmi java.management.rmi java.net.http java.scripting java.security.jgss java.transaction.xa java.sql java.sql.rowset java.xml.crypto java.se java.smartcardio jdk.accessibility jdk.internal.jvmstat jdk.attach jdk.charsets jdk.internal.opt jdk.zipfs jdk.compiler jdk.crypto.ec jdk.crypto.cryptoki jdk.crypto.mscapi jdk.dynalink jdk.internal.ed jdk.editpad jdk.hotspot.agent jdk.httpserver jdk.internal.le jdk.internal.vm.ci jdk.internal.vm.compiler jdk.internal.vm.compiler.management jdk.jartool jdk.javadoc jdk.jcmd jdk.management jdk.management.agent jdk.jconsole jdk.jdeps jdk.jdwp.agent jdk.jdi jdk.jfr jdk.jshell jdk.jsobject jdk.jstatd jdk.localedata jdk.management.jfr jdk.naming.dns jdk.naming.rmi jdk.net jdk.nio.mapmode jdk.random jdk.sctp jdk.security.auth jdk.security.jgss jdk.unsupported jdk.unsupported.desktop jdk.xml.dom" 

Environment Variables:
JAVA_HOME=C:\Program Files\Eclipse Adoptium\jdk-21.0.11.10-hotspot
PATH=C:\Program Files\Eclipse Adoptium\jdk-21.0.11.10-hotspot\bin;C:\Program Files\Eclipse Adoptium\jdk-11.0.26.4-hotspot\bin;C:\Program Files\Eclipse Adoptium\jdk-17.0.14.7-hotspot\bin;C:\Program Files\Java\jdk-17\bin;C:\Program Files\nodejs;E:\Android\Sdk\platform-tools;E:\Android\Sdk\emulator;E:\Android\Sdk\cmdline-tools\latest\bin;C:\Users\NAGARAJU\AppData\Local\Android\Sdk\platform-tools;C:\Users\NAGARAJU\AppData\Local\Android\Sdk\emulator;C:\Users\NAGARAJU\AppData\Local\Android\Sdk\cmdline-tools\latest\bin;C:\Program Files\Eclipse Adoptium\jdk-21.0.11.10-hotspot\bin;C:\Program Files\Eclipse Adoptium\jdk-11.0.26.4-hotspot\bin;C:\Program Files\Eclipse Adoptium\jdk-17.0.14.7-hotspot\bin;C:\Program Files\Java\jdk-17\bin;C:\Program Files\nodejs;E:\Android\Sdk\platform-tools;E:\Android\Sdk\emulator;E:\Android\Sdk\cmdline-tools\latest\bin;C:\Users\NAGARAJU\AppData\Local\Android\Sdk\platform-tools;C:\Users\NAGARAJU\AppData\Local\Android\Sdk\emulator;C:\Users\NAGARAJU\AppData\Local\Android\Sdk\cmdline-tools\latest\bin;C:\Program Files\Eclipse Adoptium\jdk-21.0.11.10-hotspot\bin;C:\Program Files\Eclipse Adoptium\jdk-11.0.26.4-hotspot\bin;C:\Program Files\Eclipse Adoptium\jdk-17.0.14.7-hotspot\bin;C:\Program Files\Java\jdk-17\bin;C:\Program Files\nodejs;E:\Android\Sdk\platform-tools;E:\Android\Sdk\emulator;E:\Android\Sdk\cmdline-tools\latest\bin;C:\Users\NAGARAJU\AppData\Local\Android\Sdk\platform-tools;C:\Users\NAGARAJU\AppData\Local\Android\Sdk\emulator;C:\Users\NAGARAJU\AppData\Local\Android\Sdk\cmdline-tools\latest\bin;C:\WINDOWS\System32;C:\ProgramData\chocolatey\bin;C:\Program Files\nodejs\;C:\Program Files\Git\cmd;C:\Windows\System32;C:\Windows\System32\WindowsPowerShell\v1.0;C:\Windows\System32\OpenSSH;C:\Windows\System32\WindowsPowerShell\v1.0\;C:\Users\NAGARAJU\Downloads\stripe_1.30.0_windows_x86_64;C:\WINDOWS\system32;C:\WINDOWS;C:\WINDOWS\System32\Wbem;C:\WINDOWS\System32\WindowsPowerShell\v1.0\;C:\WINDOWS\System32\OpenSSH\;C:\ProgramData\chocolatey\bin;C:\Program Files\nodejs\;C:\Program Files\Git\cmd;C:\Windows\System32;C:\Windows\System32\WindowsPowerShell\v1.0;C:\Windows\System32\OpenSSH;C:\Windows\System32\WindowsPowerShell\v1.0\;C:\Users\NAGARAJU\Downloads\stripe_1.30.0_windows_x86_64;C:\WINDOWS\system32;C:\WINDOWS;C:\WINDOWS\System32\Wbem;C:\WINDOWS\System32\WindowsPowerShell\v1.0\;C:\WINDOWS\System32\OpenSSH\;C:\ProgramData\chocolatey\bin;C:\Program Files\nodejs\;C:\Program Files\Git\cmd;C:\Windows\System32;C:\Windows\System32\WindowsPowerShell\v1.0;C:\Windows\System32\OpenSSH;C:\Windows\System32\WindowsPowerShell\v1.0\;C:\Users\NAGARAJU\Downloads\stripe_1.30.0_windows_x86_64;C:\WINDOWS\system32;C:\WINDOWS;C:\WINDOWS\System32\Wbem;C:\WINDOWS\System32\WindowsPowerShell\v1.0\;C:\WINDOWS\System32\OpenSSH\;C:\Program Files\Eclipse Adoptium\jdk-21.0.11.10-hotspot\bin;C:\Program Files\Eclipse Adoptium\jdk-11.0.26.4-hotspot\bin;C:\Program Files\Eclipse Adoptium\jdk-17.0.14.7-hotspot\bin;C:\Program Files\Java\jdk-17\bin;C:\Program Files\nodejs;E:\Android\Sdk\platform-tools;E:\Android\Sdk\emulator;E:\Android\Sdk\cmdline-tools\latest\bin;C:\Users\NAGARAJU\AppData\Local\Android\Sdk\platform-tools;C:\Users\NAGARAJU\AppData\Local\Android\Sdk\emulator;C:\Users\NAGARAJU\AppData\Local\Android\Sdk\cmdline-tools\latest\bin;C:\Program Files\Eclipse Adoptium\jdk-21.0.11.10-hotspot\bin;C:\Program Files\Eclipse Adoptium\jdk-11.0.26.4-hotspot\bin;C:\Program Files\Eclipse Adoptium\jdk-17.0.14.7-hotspot\bin;C:\Program Files\Java\jdk-17\bin;C:\Program Files\nodejs;E:\Android\Sdk\platform-tools;E:\Android\Sdk\emulator;E:\Android\Sdk\cmdline-tools\latest\bin;C:\Users\NAGARAJU\AppData\Local\Android\Sdk\platform-tools;C:\Users\NAGARAJU\AppData\Local\Android\Sdk\emulator;C:\Users\NAGARAJU\AppData\Local\Android\Sdk\cmdline-tools\latest\bin;C:\Program Files\Eclipse Adoptium\jdk-21.0.11.10-hotspot\bin;C:\Program Files\Eclipse Adoptium\jdk-11.0.26.4-hotspot\bin;C:\Program Files\Eclipse Adoptium\jdk-17.0.14.7-hotspot\bin;C:\Program Files\Java\jdk-17\bin;C:\Program Files\nodejs;E:\Android\Sdk\platform-tools;E:\Android\Sdk\emulator;E:\Android\Sdk\cmdline-tools\latest\bin;C:\Users\NAGARAJU\AppData\Local\Android\Sdk\platform-tools;C:\Users\NAGARAJU\AppData\Local\Android\Sdk\emulator;C:\Users\NAGARAJU\AppData\Local\Android\Sdk\cmdline-tools\latest\bin;C:\WINDOWS\System32;C:\ProgramData\chocolatey\bin;C:\Program Files\nodejs\;C:\Program Files\Git\cmd;C:\Windows\System32;C:\Windows\System32\WindowsPowerShell\v1.0;C:\Windows\System32\OpenSSH;C:\Windows\System32\WindowsPowerShell\v1.0\;C:\Users\NAGARAJU\Downloads\stripe_1.30.0_windows_x86_64;C:\WINDOWS\system32;C:\WINDOWS;C:\WINDOWS\System32\Wbem;C:\WINDOWS\System32\WindowsPowerShell\v1.0\;C:\WINDOWS\System32\OpenSSH\;C:\ProgramData\chocolatey\bin;C:\Program Files\nodejs\;C:\Program Files\Git\cmd;C:\Windows\System32;C:\Windows\System32\WindowsPowerShell\v1.0;C:\Windows\System32\OpenSSH;C:\Windows\System32\WindowsPowerShell\v1.0\;C:\Users\NAGARAJU\Downloads\stripe_1.30.0_windows_x86_64;C:\WINDOWS\system32;C:\WINDOWS;C:\WINDOWS\System32\Wbem;C:\WINDOWS\System32\WindowsPowerShell\v1.0\;C:\WINDOWS\System32\OpenSSH\;C:\ProgramData\chocolatey\bin;C:\Program Files\nodejs\;C:\Program Files\Git\cmd;C:\Windows\System32;C:\Windows\System32\WindowsPowerShell\v1.0;C:\Windows\System32\OpenSSH;C:\Windows\System32\WindowsPowerShell\v1.0\;C:\Users\NAGARAJU\Downloads\stripe_1.30.0_windows_x86_64;C:\WINDOWS\system32;C:\WINDOWS;C:\WINDOWS\System32\Wbem;C:\WINDOWS\System32\WindowsPowerShell\v1.0\;C:\WINDOWS\System32\OpenSSH\;C:\Users\NAGARAJU\AppData\Local\Android\Sdk\platform-tools;C:\Users\NAGARAJU\AppData\Local\Android\Sdk\cmdline-tools\latest\bin;C:\Users\NAGARAJU\AppData\Roaming\npm;C:\Users\NAGARAJU\AppData\Local\Programs\Microsoft VS Code\bin;C:\Users\NAGARAJU\AppData\Local\Programs\Antigravity IDE\bin;C:\Users\NAGARAJU\AppData\Local\Microsoft\WindowsApps;C:\Users\NAGARAJU\AppData\Local\Kingsoft\WPS Office\12.1.0.27458\clitool
USERNAME=NAGARAJU
OS=Windows_NT
PROCESSOR_IDENTIFIER=AMD64 Family 23 Model 104 Stepping 1, AuthenticAMD
TMP=C:\Users\NAGARAJU\AppData\Local\Temp
TEMP=C:\Users\NAGARAJU\AppData\Local\Temp




Periodic native trim disabled

---------------  S Y S T E M  ---------------

OS:
 Windows 11 , 64 bit Build 26100 (10.0.26100.9168)
OS uptime: 0 days 1:52 hours

CPU: total 8 (initial active 8) (8 cores per cpu, 2 threads per core) family 23 model 104 stepping 1 microcode 0x8608109, cx8, cmov, fxsr, ht, mmx, 3dnowpref, sse, sse2, sse3, ssse3, sse4a, sse4.1, sse4.2, popcnt, lzcnt, tsc, tscinvbit, avx, avx2, aes, clmul, bmi1, bmi2, adx, sha, fma, vzeroupper, clflush, clflushopt, rdtscp, rdpid, f16c
Processor Information for the first 8 processors :
  Max Mhz: 2600, Current Mhz: 2600, Mhz Limit: 2600

Memory: 4k page, system-wide physical 7502M (113M free)
TotalPageFile size 40270M (AvailPageFile size 5M)
current process WorkingSet (physical memory assigned to process): 51M, peak: 203M
current process commit charge ("private bytes"): 387M, peak: 404M

vm_info: OpenJDK 64-Bit Server VM (21.0.12.1+1-LTS) for windows-amd64 JRE (21.0.12.1+1-LTS), built on 2026-08-18T00:00:00Z by "admin" with MS VC++ 17.12 (VS2022)

END.
