#
# There is insufficient memory for the Java Runtime Environment to continue.
# Native memory allocation (malloc) failed to allocate 1416992 bytes. Error detail: Chunk::new
# Possible reasons:
#   The system is out of physical RAM or swap space
#   This process is running with CompressedOops enabled, and the Java Heap may be blocking the growth of the native heap
# Possible solutions:
#   Reduce memory load on the system
#   Increase physical memory or swap space
#   Check if swap backing store is full
#   Decrease Java heap size (-Xmx/-Xms)
#   Decrease number of Java threads
#   Decrease Java thread stack sizes (-Xss)
#   Set larger code cache with -XX:ReservedCodeCacheSize=
#   JVM is running with Zero Based Compressed Oops mode in which the Java heap is
#     placed in the first 32GB address space. The Java Heap base address is the
#     maximum limit for the native heap growth. Please use -XX:HeapBaseMinAddress
#     to set the Java Heap base and to place the Java Heap above 32GB virtual address.
# This output file may be truncated or incomplete.
#
#  Out of Memory Error (arena.cpp:168), pid=35620, tid=34256
#
# JRE version: OpenJDK Runtime Environment Temurin-21.0.12.1+1 (21.0.12.1+1) (build 21.0.12.1+1-LTS)
# Java VM: OpenJDK 64-Bit Server VM Temurin-21.0.12.1+1 (21.0.12.1+1-LTS, mixed mode, sharing, tiered, compressed oops, compressed class ptrs, g1 gc, windows-amd64)
# No core dump will be written. Minidumps are not enabled by default on client versions of Windows
#

---------------  S U M M A R Y ------------

Command Line: --add-opens=java.base/java.lang=ALL-UNNAMED --add-opens=java.base/java.lang.invoke=ALL-UNNAMED --add-opens=java.base/java.util=ALL-UNNAMED --add-opens=java.prefs/java.util.prefs=ALL-UNNAMED --add-exports=jdk.compiler/com.sun.tools.javac.api=ALL-UNNAMED --add-exports=jdk.compiler/com.sun.tools.javac.util=ALL-UNNAMED --add-opens=java.base/java.util=ALL-UNNAMED --add-opens=java.prefs/java.util.prefs=ALL-UNNAMED --add-opens=java.base/java.nio.charset=ALL-UNNAMED --add-opens=java.base/java.net=ALL-UNNAMED --add-opens=java.base/java.util.concurrent.atomic=ALL-UNNAMED --add-opens=java.xml/javax.xml.namespace=ALL-UNNAMED -Xmx4096m -Dfile.encoding=UTF-8 -Duser.country=IN -Duser.language=en -Duser.variant -javaagent:C:\Users\NAGARAJU\.gradle\wrapper\dists\gradle-8.14.1-bin\baw1sv0jfoi8rxs14qo3h49cs\gradle-8.14.1\lib\agents\gradle-instrumentation-agent-8.14.1.jar org.gradle.launcher.daemon.bootstrap.GradleDaemon 8.14.1

Host: AMD Ryzen 3 5300U with Radeon Graphics         , 8 cores, 7G,  Windows 11 , 64 bit Build 26100 (10.0.26100.9168)
Time: Tue Sep  8 15:02:36 2026 India Standard Time elapsed time: 502.960639 seconds (0d 0h 8m 22s)

---------------  T H R E A D  ---------------

Current thread (0x000001983bbfc660):  JavaThread "C2 CompilerThread0" daemon [_thread_in_native, id=34256, stack(0x0000007e3fe00000,0x0000007e3ff00000) (1024K)]


Current CompileTask:
C2:502960 3725   !   4       java.net.URLClassLoader::findClass (47 bytes)

Stack: [0x0000007e3fe00000,0x0000007e3ff00000]
Native frames: (J=compiled Java code, j=interpreted, Vv=VM code, C=native code)
V  [jvm.dll+0x6d83e9]
V  [jvm.dll+0x8b5736]
V  [jvm.dll+0x8b7cee]
V  [jvm.dll+0x8b83d3]
V  [jvm.dll+0x284596]
V  [jvm.dll+0xc685d]
V  [jvm.dll+0xc6da1]
V  [jvm.dll+0x3bf18b]
V  [jvm.dll+0x1e3f42]
V  [jvm.dll+0x24c853]
V  [jvm.dll+0x24bce0]
V  [jvm.dll+0x1cb4ae]
V  [jvm.dll+0x25baad]
V  [jvm.dll+0x25a03a]
V  [jvm.dll+0x3f8aae]
V  [jvm.dll+0x8600cd]
V  [jvm.dll+0x6d6c1d]
C  [ucrtbase.dll+0x2cd30]
C  [KERNEL32.DLL+0x2ccb7]
C  [ntdll.dll+0xaad6c]


---------------  P R O C E S S  ---------------

Threads class SMR info:
_java_thread_list=0x000001987d0326a0, length=25, elements={
0x000001981f932e10, 0x000001983bbe3d10, 0x000001983bbe52e0, 0x000001983bbe7e80,
0x000001983bbe88e0, 0x000001983bbebec0, 0x000001983bbfb150, 0x000001983bbfc660,
0x000001983bc04d20, 0x000001987d280fb0, 0x000001987d2c8a20, 0x000001987eaf58c0,
0x000001987d0230c0, 0x000001987dfacfb0, 0x000001987d159420, 0x000001987e3b1840,
0x000001987e387500, 0x000001987eb405f0, 0x000001987eb42030, 0x000001987eb419a0,
0x000001987eb426c0, 0x000001987eb40c80, 0x000001987eb3ff60, 0x000001987eb42d50,
0x000001987eb433e0
}

Java Threads: ( => current thread )
  0x000001981f932e10 JavaThread "main"                              [_thread_blocked, id=6376, stack(0x0000007e3f000000,0x0000007e3f100000) (1024K)]
  0x000001983bbe3d10 JavaThread "Reference Handler"          daemon [_thread_blocked, id=9344, stack(0x0000007e3f800000,0x0000007e3f900000) (1024K)]
  0x000001983bbe52e0 JavaThread "Finalizer"                  daemon [_thread_blocked, id=33192, stack(0x0000007e3f900000,0x0000007e3fa00000) (1024K)]
  0x000001983bbe7e80 JavaThread "Signal Dispatcher"          daemon [_thread_blocked, id=21112, stack(0x0000007e3fa00000,0x0000007e3fb00000) (1024K)]
  0x000001983bbe88e0 JavaThread "Attach Listener"            daemon [_thread_blocked, id=34992, stack(0x0000007e3fb00000,0x0000007e3fc00000) (1024K)]
  0x000001983bbebec0 JavaThread "Service Thread"             daemon [_thread_blocked, id=33100, stack(0x0000007e3fc00000,0x0000007e3fd00000) (1024K)]
  0x000001983bbfb150 JavaThread "Monitor Deflation Thread"   daemon [_thread_blocked, id=23504, stack(0x0000007e3fd00000,0x0000007e3fe00000) (1024K)]
=>0x000001983bbfc660 JavaThread "C2 CompilerThread0"         daemon [_thread_in_native, id=34256, stack(0x0000007e3fe00000,0x0000007e3ff00000) (1024K)]
  0x000001983bc04d20 JavaThread "C1 CompilerThread0"         daemon [_thread_blocked, id=15808, stack(0x0000007e3ff00000,0x0000007e40000000) (1024K)]
  0x000001987d280fb0 JavaThread "Common-Cleaner"             daemon [_thread_blocked, id=34356, stack(0x0000007e40000000,0x0000007e40100000) (1024K)]
  0x000001987d2c8a20 JavaThread "Notification Thread"        daemon [_thread_blocked, id=33972, stack(0x0000007e40100000,0x0000007e40200000) (1024K)]
  0x000001987eaf58c0 JavaThread "Daemon health stats"               [_thread_blocked, id=35388, stack(0x0000007e40600000,0x0000007e40700000) (1024K)]
  0x000001987d0230c0 JavaThread "Incoming local TCP Connector on port 49691"        [_thread_in_native, id=35488, stack(0x0000007e40700000,0x0000007e40800000) (1024K)]
  0x000001987dfacfb0 JavaThread "Daemon periodic checks"            [_thread_blocked, id=25520, stack(0x0000007e40800000,0x0000007e40900000) (1024K)]
  0x000001987d159420 JavaThread "Daemon"                            [_thread_blocked, id=20592, stack(0x0000007e40c00000,0x0000007e40d00000) (1024K)]
  0x000001987e3b1840 JavaThread "Handler for socket connection from /127.0.0.1:49691 to /127.0.0.1:49693"        [_thread_in_native, id=35364, stack(0x0000007e40d00000,0x0000007e40e00000) (1024K)]
  0x000001987e387500 JavaThread "Cancel handler"                    [_thread_blocked, id=32104, stack(0x0000007e40e00000,0x0000007e40f00000) (1024K)]
  0x000001987eb405f0 JavaThread "Daemon worker"                     [_thread_in_Java, id=35412, stack(0x0000007e40f00000,0x0000007e41000000) (1024K)]
  0x000001987eb42030 JavaThread "Asynchronous log dispatcher for DefaultDaemonConnection: socket connection from /127.0.0.1:49691 to /127.0.0.1:49693"        [_thread_blocked, id=30548, stack(0x0000007e41000000,0x0000007e41100000) (1024K)]
  0x000001987eb419a0 JavaThread "Stdin handler"                     [_thread_blocked, id=35424, stack(0x0000007e41100000,0x0000007e41200000) (1024K)]
  0x000001987eb426c0 JavaThread "Daemon client event forwarder"        [_thread_blocked, id=33768, stack(0x0000007e41200000,0x0000007e41300000) (1024K)]
  0x000001987eb40c80 JavaThread "Cache worker for journal cache (C:\Users\NAGARAJU\.gradle\caches\journal-1)"        [_thread_blocked, id=32000, stack(0x0000007e41300000,0x0000007e41400000) (1024K)]
  0x000001987eb3ff60 JavaThread "File lock request listener"        [_thread_in_native, id=29284, stack(0x0000007e41400000,0x0000007e41500000) (1024K)]
  0x000001987eb42d50 JavaThread "Cache worker for file hash cache (C:\Users\NAGARAJU\.gradle\caches\8.14.1\fileHashes)"        [_thread_blocked, id=9144, stack(0x0000007e41600000,0x0000007e41700000) (1024K)]
  0x000001987eb433e0 JavaThread "File lock release action executor Thread 2"        [_thread_blocked, id=38920, stack(0x0000007e3ed00000,0x0000007e3ee00000) (1024K)]
Total: 25

Other Threads:
  0x000001983bbc8f00 VMThread "VM Thread"                           [id=27748, stack(0x0000007e3f700000,0x0000007e3f800000) (1024K)]
  0x000001983bbb5d30 WatcherThread "VM Periodic Task Thread"        [id=35820, stack(0x0000007e3f600000,0x0000007e3f700000) (1024K)]
  0x0000019821cf31d0 WorkerThread "GC Thread#0"                     [id=30108, stack(0x0000007e3f100000,0x0000007e3f200000) (1024K)]
  0x000001987d2ce2d0 WorkerThread "GC Thread#1"                     [id=35344, stack(0x0000007e40200000,0x0000007e40300000) (1024K)]
  0x000001987d3dfc10 WorkerThread "GC Thread#2"                     [id=34768, stack(0x0000007e40300000,0x0000007e40400000) (1024K)]
  0x000001987e17c600 WorkerThread "GC Thread#3"                     [id=31824, stack(0x0000007e40400000,0x0000007e40500000) (1024K)]
  0x000001987e17c9b0 WorkerThread "GC Thread#4"                     [id=26808, stack(0x0000007e40500000,0x0000007e40600000) (1024K)]
  0x000001987e5885f0 WorkerThread "GC Thread#5"                     [id=34832, stack(0x0000007e40900000,0x0000007e40a00000) (1024K)]
  0x000001987e5889a0 WorkerThread "GC Thread#6"                     [id=34064, stack(0x0000007e40a00000,0x0000007e40b00000) (1024K)]
  0x000001987deebb50 WorkerThread "GC Thread#7"                     [id=31592, stack(0x0000007e40b00000,0x0000007e40c00000) (1024K)]
  0x0000019821d05140 ConcurrentGCThread "G1 Main Marker"            [id=35192, stack(0x0000007e3f200000,0x0000007e3f300000) (1024K)]
  0x0000019821d07dd0 WorkerThread "G1 Conc#0"                       [id=34772, stack(0x0000007e3f300000,0x0000007e3f400000) (1024K)]
  0x000001983ba84b50 ConcurrentGCThread "G1 Refine#0"               [id=30024, stack(0x0000007e3f400000,0x0000007e3f500000) (1024K)]
  0x000001983ba85380 ConcurrentGCThread "G1 Service"                [id=35120, stack(0x0000007e3f500000,0x0000007e3f600000) (1024K)]
Total: 14

Threads with active compile tasks:
C2 CompilerThread0  504148 3725   !   4       java.net.URLClassLoader::findClass (47 bytes)
Total: 1

VM state: not at safepoint (normal execution)

VM Mutex/Monitor currently owned by a thread: None

Heap address: 0x0000000700000000, size: 4096 MB, Compressed Oops mode: Zero based, Oop shift amount: 3

CDS archive(s) mapped at: [0x000001983c000000-0x000001983cba0000-0x000001983cba0000), size 12189696, SharedBaseAddress: 0x000001983c000000, ArchiveRelocationMode: 1.
Compressed class space mapped at: 0x000001983d000000-0x000001987d000000, reserved size: 1073741824
Narrow klass base: 0x000001983c000000, Narrow klass shift: 0, Narrow klass range: 0x100000000

GC Precious Log:
 CardTable entry size: 512
 Card Set container configuration: InlinePtr #cards 4 size 8 Array Of Cards #cards 16 size 48 Howl #buckets 8 coarsen threshold 3686 Howl Bitmap #cards 512 size 80 coarsen threshold 460 Card regions per heap region 1 cards per card region 4096
 CPUs: 8 total, 8 available
 Memory: 7502M
 Large Page Support: Disabled
 NUMA Support: Disabled
 Compressed Oops: Enabled (Zero based)
 Heap Region Size: 2M
 Heap Min Capacity: 8M
 Heap Initial Capacity: 118M
 Heap Max Capacity: 4G
 Pre-touch: Disabled
 Parallel Workers: 8
 Concurrent Workers: 2
 Concurrent Refinement Workers: 8
 Periodic GC: Disabled

Heap:
 garbage-first heap   total 120832K, used 73494K [0x0000000700000000, 0x0000000800000000)
  region size 2048K, 28 young (57344K), 2 survivors (4096K)
 Metaspace       used 18253K, committed 18752K, reserved 1114112K
  class space    used 2576K, committed 2816K, reserved 1048576K

Heap Regions: E=young(eden), S=young(survivor), O=old, HS=humongous(starts), HC=humongous(continues), CS=collection set, F=free, TAMS=top-at-mark-start, PB=parsable bottom
|   0|0x0000000700000000, 0x0000000700200000, 0x0000000700200000|100%|HS|  |TAMS 0x0000000700000000| PB 0x0000000700000000| Complete 
|   1|0x0000000700200000, 0x0000000700400000, 0x0000000700400000|100%|HC|  |TAMS 0x0000000700200000| PB 0x0000000700200000| Complete 
|   2|0x0000000700400000, 0x0000000700600000, 0x0000000700600000|100%| O|  |TAMS 0x0000000700400000| PB 0x0000000700400000| Untracked 
|   3|0x0000000700600000, 0x0000000700800000, 0x0000000700800000|100%| O|  |TAMS 0x0000000700600000| PB 0x0000000700600000| Untracked 
|   4|0x0000000700800000, 0x0000000700a00000, 0x0000000700a00000|100%| O|  |TAMS 0x0000000700800000| PB 0x0000000700800000| Untracked 
|   5|0x0000000700a00000, 0x0000000700c00000, 0x0000000700c00000|100%| O|  |TAMS 0x0000000700a00000| PB 0x0000000700a00000| Untracked 
|   6|0x0000000700c00000, 0x0000000700e00000, 0x0000000700e00000|100%| O|  |TAMS 0x0000000700c00000| PB 0x0000000700c00000| Untracked 
|   7|0x0000000700e00000, 0x0000000701000000, 0x0000000701000000|100%| O|  |TAMS 0x0000000700e00000| PB 0x0000000700e00000| Untracked 
|   8|0x0000000701000000, 0x0000000701200000, 0x0000000701200000|100%| O|  |TAMS 0x0000000701000000| PB 0x0000000701000000| Untracked 
|   9|0x0000000701200000, 0x000000070133a6a0, 0x0000000701400000| 61%| O|  |TAMS 0x0000000701200000| PB 0x0000000701200000| Untracked 
|  10|0x0000000701400000, 0x0000000701400000, 0x0000000701600000|  0%| F|  |TAMS 0x0000000701400000| PB 0x0000000701400000| Untracked 
|  11|0x0000000701600000, 0x0000000701600000, 0x0000000701800000|  0%| F|  |TAMS 0x0000000701600000| PB 0x0000000701600000| Untracked 
|  12|0x0000000701800000, 0x0000000701800000, 0x0000000701a00000|  0%| F|  |TAMS 0x0000000701800000| PB 0x0000000701800000| Untracked 
|  13|0x0000000701a00000, 0x0000000701a00000, 0x0000000701c00000|  0%| F|  |TAMS 0x0000000701a00000| PB 0x0000000701a00000| Untracked 
|  14|0x0000000701c00000, 0x0000000701c00000, 0x0000000701e00000|  0%| F|  |TAMS 0x0000000701c00000| PB 0x0000000701c00000| Untracked 
|  15|0x0000000701e00000, 0x0000000701e00000, 0x0000000702000000|  0%| F|  |TAMS 0x0000000701e00000| PB 0x0000000701e00000| Untracked 
|  16|0x0000000702000000, 0x0000000702000000, 0x0000000702200000|  0%| F|  |TAMS 0x0000000702000000| PB 0x0000000702000000| Untracked 
|  17|0x0000000702200000, 0x0000000702200000, 0x0000000702400000|  0%| F|  |TAMS 0x0000000702200000| PB 0x0000000702200000| Untracked 
|  18|0x0000000702400000, 0x0000000702400000, 0x0000000702600000|  0%| F|  |TAMS 0x0000000702400000| PB 0x0000000702400000| Untracked 
|  19|0x0000000702600000, 0x0000000702600000, 0x0000000702800000|  0%| F|  |TAMS 0x0000000702600000| PB 0x0000000702600000| Untracked 
|  20|0x0000000702800000, 0x0000000702800000, 0x0000000702a00000|  0%| F|  |TAMS 0x0000000702800000| PB 0x0000000702800000| Untracked 
|  21|0x0000000702a00000, 0x0000000702a00000, 0x0000000702c00000|  0%| F|  |TAMS 0x0000000702a00000| PB 0x0000000702a00000| Untracked 
|  22|0x0000000702c00000, 0x0000000702c00000, 0x0000000702e00000|  0%| F|  |TAMS 0x0000000702c00000| PB 0x0000000702c00000| Untracked 
|  23|0x0000000702e00000, 0x0000000702e00000, 0x0000000703000000|  0%| F|  |TAMS 0x0000000702e00000| PB 0x0000000702e00000| Untracked 
|  24|0x0000000703000000, 0x0000000703000000, 0x0000000703200000|  0%| F|  |TAMS 0x0000000703000000| PB 0x0000000703000000| Untracked 
|  25|0x0000000703200000, 0x0000000703200000, 0x0000000703400000|  0%| F|  |TAMS 0x0000000703200000| PB 0x0000000703200000| Untracked 
|  26|0x0000000703400000, 0x0000000703400000, 0x0000000703600000|  0%| F|  |TAMS 0x0000000703400000| PB 0x0000000703400000| Untracked 
|  27|0x0000000703600000, 0x000000070368b218, 0x0000000703800000| 27%| S|CS|TAMS 0x0000000703600000| PB 0x0000000703600000| Complete 
|  28|0x0000000703800000, 0x0000000703a00000, 0x0000000703a00000|100%| S|CS|TAMS 0x0000000703800000| PB 0x0000000703800000| Complete 
|  29|0x0000000703a00000, 0x0000000703a00000, 0x0000000703c00000|  0%| F|  |TAMS 0x0000000703a00000| PB 0x0000000703a00000| Untracked 
|  30|0x0000000703c00000, 0x0000000703c00000, 0x0000000703e00000|  0%| F|  |TAMS 0x0000000703c00000| PB 0x0000000703c00000| Untracked 
|  31|0x0000000703e00000, 0x0000000703e00000, 0x0000000704000000|  0%| F|  |TAMS 0x0000000703e00000| PB 0x0000000703e00000| Untracked 
|  32|0x0000000704000000, 0x0000000704000000, 0x0000000704200000|  0%| F|  |TAMS 0x0000000704000000| PB 0x0000000704000000| Untracked 
|  33|0x0000000704200000, 0x0000000704359d20, 0x0000000704400000| 67%| E|  |TAMS 0x0000000704200000| PB 0x0000000704200000| Complete 
|  34|0x0000000704400000, 0x0000000704600000, 0x0000000704600000|100%| E|CS|TAMS 0x0000000704400000| PB 0x0000000704400000| Complete 
|  35|0x0000000704600000, 0x0000000704800000, 0x0000000704800000|100%| E|CS|TAMS 0x0000000704600000| PB 0x0000000704600000| Complete 
|  36|0x0000000704800000, 0x0000000704a00000, 0x0000000704a00000|100%| E|CS|TAMS 0x0000000704800000| PB 0x0000000704800000| Complete 
|  37|0x0000000704a00000, 0x0000000704c00000, 0x0000000704c00000|100%| E|CS|TAMS 0x0000000704a00000| PB 0x0000000704a00000| Complete 
|  38|0x0000000704c00000, 0x0000000704e00000, 0x0000000704e00000|100%| E|CS|TAMS 0x0000000704c00000| PB 0x0000000704c00000| Complete 
|  39|0x0000000704e00000, 0x0000000705000000, 0x0000000705000000|100%| E|CS|TAMS 0x0000000704e00000| PB 0x0000000704e00000| Complete 
|  40|0x0000000705000000, 0x0000000705200000, 0x0000000705200000|100%| E|CS|TAMS 0x0000000705000000| PB 0x0000000705000000| Complete 
|  41|0x0000000705200000, 0x0000000705400000, 0x0000000705400000|100%| E|CS|TAMS 0x0000000705200000| PB 0x0000000705200000| Complete 
|  42|0x0000000705400000, 0x0000000705600000, 0x0000000705600000|100%| E|CS|TAMS 0x0000000705400000| PB 0x0000000705400000| Complete 
|  43|0x0000000705600000, 0x0000000705800000, 0x0000000705800000|100%| E|CS|TAMS 0x0000000705600000| PB 0x0000000705600000| Complete 
|  44|0x0000000705800000, 0x0000000705a00000, 0x0000000705a00000|100%| E|CS|TAMS 0x0000000705800000| PB 0x0000000705800000| Complete 
|  45|0x0000000705a00000, 0x0000000705c00000, 0x0000000705c00000|100%| E|CS|TAMS 0x0000000705a00000| PB 0x0000000705a00000| Complete 
|  46|0x0000000705c00000, 0x0000000705e00000, 0x0000000705e00000|100%| E|CS|TAMS 0x0000000705c00000| PB 0x0000000705c00000| Complete 
|  47|0x0000000705e00000, 0x0000000706000000, 0x0000000706000000|100%| E|CS|TAMS 0x0000000705e00000| PB 0x0000000705e00000| Complete 
|  48|0x0000000706000000, 0x0000000706200000, 0x0000000706200000|100%| E|CS|TAMS 0x0000000706000000| PB 0x0000000706000000| Complete 
|  49|0x0000000706200000, 0x0000000706400000, 0x0000000706400000|100%| E|CS|TAMS 0x0000000706200000| PB 0x0000000706200000| Complete 
|  50|0x0000000706400000, 0x0000000706600000, 0x0000000706600000|100%| E|CS|TAMS 0x0000000706400000| PB 0x0000000706400000| Complete 
|  51|0x0000000706600000, 0x0000000706800000, 0x0000000706800000|100%| E|CS|TAMS 0x0000000706600000| PB 0x0000000706600000| Complete 
|  52|0x0000000706800000, 0x0000000706a00000, 0x0000000706a00000|100%| E|CS|TAMS 0x0000000706800000| PB 0x0000000706800000| Complete 
|  53|0x0000000706a00000, 0x0000000706c00000, 0x0000000706c00000|100%| E|CS|TAMS 0x0000000706a00000| PB 0x0000000706a00000| Complete 
|  54|0x0000000706c00000, 0x0000000706e00000, 0x0000000706e00000|100%| E|CS|TAMS 0x0000000706c00000| PB 0x0000000706c00000| Complete 
|  55|0x0000000706e00000, 0x0000000707000000, 0x0000000707000000|100%| E|CS|TAMS 0x0000000706e00000| PB 0x0000000706e00000| Complete 
|  56|0x0000000707000000, 0x0000000707200000, 0x0000000707200000|100%| E|CS|TAMS 0x0000000707000000| PB 0x0000000707000000| Complete 
|  57|0x0000000707200000, 0x0000000707400000, 0x0000000707400000|100%| E|CS|TAMS 0x0000000707200000| PB 0x0000000707200000| Complete 
|  58|0x0000000707400000, 0x0000000707600000, 0x0000000707600000|100%| E|CS|TAMS 0x0000000707400000| PB 0x0000000707400000| Complete 

Card table byte_map: [0x00000198349c0000,0x00000198351c0000] _byte_map_base: 0x00000198311c0000

Marking Bits: (CMBitMap*) 0x0000019821cf4700
 Bits: [0x00000198351c0000, 0x00000198391c0000)

Polling page: 0x000001981fae0000

Metaspace:

Usage:
  Non-class:     15.31 MB used.
      Class:      2.52 MB used.
       Both:     17.83 MB used.

Virtual space:
  Non-class space:       64.00 MB reserved,      15.56 MB ( 24%) committed,  1 nodes.
      Class space:        1.00 GB reserved,       2.75 MB ( <1%) committed,  1 nodes.
             Both:        1.06 GB reserved,      18.31 MB (  2%) committed. 

Chunk freelists:
   Non-Class:  464.00 KB
       Class:  13.28 MB
        Both:  13.73 MB

MaxMetaspaceSize: unlimited
CompressedClassSpaceSize: 1.00 GB
Initial GC threshold: 21.00 MB
Current GC threshold: 21.00 MB
CDS: on
 - commit_granule_bytes: 65536.
 - commit_granule_words: 8192.
 - virtual_space_node_default_size: 8388608.
 - enlarge_chunks_in_place: 1.
 - use_allocation_guard: 0.


Internal statistics:

num_allocs_failed_limit: 0.
num_arena_births: 692.
num_arena_deaths: 0.
num_vsnodes_births: 2.
num_vsnodes_deaths: 0.
num_space_committed: 293.
num_space_uncommitted: 0.
num_chunks_returned_to_freelist: 0.
num_chunks_taken_from_freelist: 1371.
num_chunk_merges: 0.
num_chunk_splits: 882.
num_chunks_enlarged: 588.
num_inconsistent_stats: 0.

CodeHeap 'non-profiled nmethods': size=120000Kb used=2031Kb max_used=2031Kb free=117969Kb
 bounds [0x000001982c950000, 0x000001982cbc0000, 0x0000019833e80000]
CodeHeap 'profiled nmethods': size=120000Kb used=7129Kb max_used=7129Kb free=112870Kb
 bounds [0x0000019824e80000, 0x0000019825580000, 0x000001982c3b0000]
CodeHeap 'non-nmethods': size=5760Kb used=1421Kb max_used=1448Kb free=4338Kb
 bounds [0x000001982c3b0000, 0x000001982c620000, 0x000001982c950000]
CodeCache: size=245760Kb, used=10581Kb, max_used=10608Kb, free=235177Kb
 total_blobs=4273, nmethods=3697, adapters=480, full_count=0
Compilation: enabled, stopped_count=0, restarted_count=0

Compilation events (20 events):
Event: 498.126 Thread 0x000001983bc04d20 nmethod 3723 0x000001982556da10 code [0x000001982556dbe0, 0x000001982556e080]
Event: 498.146 Thread 0x000001983bbfc660 3724       4       java.lang.Class::cast (27 bytes)
Event: 498.148 Thread 0x000001983bbfc660 nmethod 3724 0x000001982cb4b590 code [0x000001982cb4b720, 0x000001982cb4b838]
Event: 498.177 Thread 0x000001983bbfc660 3725   !   4       java.net.URLClassLoader::findClass (47 bytes)
Event: 498.305 Thread 0x000001983bc04d20 3726       3       org.gradle.util.internal.CollectionUtils::collect (44 bytes)
Event: 498.306 Thread 0x000001983bc04d20 nmethod 3726 0x000001982556e190 code [0x000001982556e3a0, 0x000001982556e938]
Event: 499.021 Thread 0x000001983bc04d20 3727       1       sun.reflect.generics.repository.AbstractRepository::getFactory (5 bytes)
Event: 499.021 Thread 0x000001983bc04d20 nmethod 3727 0x000001982cb4b910 code [0x000001982cb4baa0, 0x000001982cb4bb70]
Event: 499.151 Thread 0x000001983bc04d20 3728       3       org.gradle.internal.service.DefaultServiceRegistry$OwnServices::add (82 bytes)
Event: 499.152 Thread 0x000001983bc04d20 nmethod 3728 0x000001982556eb10 code [0x000001982556ed80, 0x000001982556f818]
Event: 499.152 Thread 0x000001983bc04d20 3729       3       org.gradle.internal.service.DefaultServiceRegistry::access$1300 (5 bytes)
Event: 499.152 Thread 0x000001983bc04d20 nmethod 3729 0x000001982556fc10 code [0x000001982556fdc0, 0x000001982556fee0]
Event: 499.166 Thread 0x000001983bc04d20 3730       3       java.util.concurrent.ConcurrentLinkedQueue::poll (84 bytes)
Event: 499.314 Thread 0x000001983bc04d20 nmethod 3730 0x000001982556ff90 code [0x00000198255705c0, 0x0000019825573ea8]
Event: 499.502 Thread 0x000001983bc04d20 3732       3       java.lang.Class::privateGetDeclaredConstructors (79 bytes)
Event: 499.504 Thread 0x000001983bc04d20 nmethod 3732 0x0000019825574e10 code [0x0000019825575020, 0x0000019825575538]
Event: 499.587 Thread 0x000001983bc04d20 3733       3       jdk.proxy1.$Proxy4::<init> (6 bytes)
Event: 499.588 Thread 0x000001983bc04d20 nmethod 3733 0x0000019825575710 code [0x00000198255758e0, 0x0000019825575c68]
Event: 499.588 Thread 0x000001983bc04d20 3734   !   3       jdk.proxy1.$Proxy4::annotationType (29 bytes)
Event: 499.589 Thread 0x000001983bc04d20 nmethod 3734 0x0000019825575e10 code [0x0000019825575fe0, 0x00000198255763e8]

GC Heap History (8 events):
Event: 3.685 GC heap before
{Heap before GC invocations=0 (full 0):
 garbage-first heap   total 120832K, used 22528K [0x0000000700000000, 0x0000000800000000)
  region size 2048K, 11 young (22528K), 0 survivors (0K)
 Metaspace       used 890K, committed 1024K, reserved 1114112K
  class space    used 71K, committed 128K, reserved 1048576K
}
Event: 3.691 GC heap after
{Heap after GC invocations=1 (full 0):
 garbage-first heap   total 120832K, used 1664K [0x0000000700000000, 0x0000000800000000)
  region size 2048K, 1 young (2048K), 1 survivors (2048K)
 Metaspace       used 890K, committed 1024K, reserved 1114112K
  class space    used 71K, committed 128K, reserved 1048576K
}
Event: 7.461 GC heap before
{Heap before GC invocations=1 (full 0):
 garbage-first heap   total 120832K, used 44672K [0x0000000700000000, 0x0000000800000000)
  region size 2048K, 21 young (43008K), 1 survivors (2048K)
 Metaspace       used 4377K, committed 4544K, reserved 1114112K
  class space    used 556K, committed 640K, reserved 1048576K
}
Event: 7.470 GC heap after
{Heap after GC invocations=2 (full 0):
 garbage-first heap   total 120832K, used 12105K [0x0000000700000000, 0x0000000800000000)
  region size 2048K, 3 young (6144K), 3 survivors (6144K)
 Metaspace       used 4377K, committed 4544K, reserved 1114112K
  class space    used 556K, committed 640K, reserved 1048576K
}
Event: 36.845 GC heap before
{Heap before GC invocations=2 (full 0):
 garbage-first heap   total 120832K, used 75593K [0x0000000700000000, 0x0000000800000000)
  region size 2048K, 35 young (71680K), 3 survivors (6144K)
 Metaspace       used 9681K, committed 10048K, reserved 1114112K
  class space    used 1310K, committed 1472K, reserved 1048576K
}
Event: 36.999 GC heap after
{Heap after GC invocations=3 (full 0):
 garbage-first heap   total 120832K, used 20223K [0x0000000700000000, 0x0000000800000000)
  region size 2048K, 5 young (10240K), 5 survivors (10240K)
 Metaspace       used 9681K, committed 10048K, reserved 1114112K
  class space    used 1310K, committed 1472K, reserved 1048576K
}
Event: 232.688 GC heap before
{Heap before GC invocations=3 (full 0):
 garbage-first heap   total 120832K, used 81663K [0x0000000700000000, 0x0000000800000000)
  region size 2048K, 35 young (71680K), 5 survivors (10240K)
 Metaspace       used 15473K, committed 15872K, reserved 1114112K
  class space    used 2121K, committed 2304K, reserved 1048576K
}
Event: 232.871 GC heap after
{Heap after GC invocations=4 (full 0):
 garbage-first heap   total 120832K, used 22294K [0x0000000700000000, 0x0000000800000000)
  region size 2048K, 2 young (4096K), 2 survivors (4096K)
 Metaspace       used 15473K, committed 15872K, reserved 1114112K
  class space    used 2121K, committed 2304K, reserved 1048576K
}

Dll operation events (20 events):
Event: 0.224 Attempting to load shared library C:\Users\NAGARAJU\.antigravity-ide\extensions\redhat.java-1.56.0-win32-x64\jre\21.0.12.1-win32-x86_64\bin\nio.dll
Event: 0.225 Loaded shared library C:\Users\NAGARAJU\.antigravity-ide\extensions\redhat.java-1.56.0-win32-x64\jre\21.0.12.1-win32-x86_64\bin\nio.dll
Event: 0.233 Attempting to load shared library C:\Users\NAGARAJU\.antigravity-ide\extensions\redhat.java-1.56.0-win32-x64\jre\21.0.12.1-win32-x86_64\bin\zip.dll
Event: 0.233 Loaded shared library C:\Users\NAGARAJU\.antigravity-ide\extensions\redhat.java-1.56.0-win32-x64\jre\21.0.12.1-win32-x86_64\bin\zip.dll
Event: 3.866 Attempting to load shared library C:\Users\NAGARAJU\.antigravity-ide\extensions\redhat.java-1.56.0-win32-x64\jre\21.0.12.1-win32-x86_64\bin\jimage.dll
Event: 3.866 Loaded shared library C:\Users\NAGARAJU\.antigravity-ide\extensions\redhat.java-1.56.0-win32-x64\jre\21.0.12.1-win32-x86_64\bin\jimage.dll
Event: 5.344 Attempting to load shared library C:\Users\NAGARAJU\.antigravity-ide\extensions\redhat.java-1.56.0-win32-x64\jre\21.0.12.1-win32-x86_64\bin\verify.dll
Event: 5.388 Loaded shared library C:\Users\NAGARAJU\.antigravity-ide\extensions\redhat.java-1.56.0-win32-x64\jre\21.0.12.1-win32-x86_64\bin\verify.dll
Event: 5.525 Attempting to load shared library C:\Users\NAGARAJU\.gradle\native\1def1411415f61bf3af743bc5b6707747c0891f09f0c88961ee8f79bc544acac\windows-amd64\native-platform.dll
Event: 5.594 Loaded shared library C:\Users\NAGARAJU\.gradle\native\1def1411415f61bf3af743bc5b6707747c0891f09f0c88961ee8f79bc544acac\windows-amd64\native-platform.dll
Event: 5.627 Attempting to load shared library C:\Users\NAGARAJU\.gradle\native\0.2.7\x86_64-windows-gnu\gradle-fileevents.dll
Event: 5.694 Loaded shared library C:\Users\NAGARAJU\.gradle\native\0.2.7\x86_64-windows-gnu\gradle-fileevents.dll
Event: 15.414 Attempting to load shared library C:\Users\NAGARAJU\.antigravity-ide\extensions\redhat.java-1.56.0-win32-x64\jre\21.0.12.1-win32-x86_64\bin\management.dll
Event: 15.432 Loaded shared library C:\Users\NAGARAJU\.antigravity-ide\extensions\redhat.java-1.56.0-win32-x64\jre\21.0.12.1-win32-x86_64\bin\management.dll
Event: 15.435 Attempting to load shared library C:\Users\NAGARAJU\.antigravity-ide\extensions\redhat.java-1.56.0-win32-x64\jre\21.0.12.1-win32-x86_64\bin\management_ext.dll
Event: 15.439 Loaded shared library C:\Users\NAGARAJU\.antigravity-ide\extensions\redhat.java-1.56.0-win32-x64\jre\21.0.12.1-win32-x86_64\bin\management_ext.dll
Event: 18.432 Attempting to load shared library C:\Users\NAGARAJU\.antigravity-ide\extensions\redhat.java-1.56.0-win32-x64\jre\21.0.12.1-win32-x86_64\bin\extnet.dll
Event: 18.475 Loaded shared library C:\Users\NAGARAJU\.antigravity-ide\extensions\redhat.java-1.56.0-win32-x64\jre\21.0.12.1-win32-x86_64\bin\extnet.dll
Event: 37.168 Attempting to load shared library C:\Users\NAGARAJU\.antigravity-ide\extensions\redhat.java-1.56.0-win32-x64\jre\21.0.12.1-win32-x86_64\bin\sunmscapi.dll
Event: 37.254 Loaded shared library C:\Users\NAGARAJU\.antigravity-ide\extensions\redhat.java-1.56.0-win32-x64\jre\21.0.12.1-win32-x86_64\bin\sunmscapi.dll

Deoptimization events (20 events):
Event: 490.739 Thread 0x000001987eb405f0 Uncommon trap: trap_request=0xffffff45 fr.pc=0x000001982c97c714 relative=0x00000000000000f4
Event: 490.739 Thread 0x000001987eb405f0 Uncommon trap: reason=unstable_if action=reinterpret pc=0x000001982c97c714 method=java.util.HashMap.hash(Ljava/lang/Object;)I @ 1 c2
Event: 490.739 Thread 0x000001987eb405f0 DEOPT PACKING pc=0x000001982c97c714 sp=0x0000007e40ffc2f0
Event: 490.739 Thread 0x000001987eb405f0 DEOPT UNPACKING pc=0x000001982c404422 sp=0x0000007e40ffc230 mode 2
Event: 491.652 Thread 0x000001987eb405f0 Uncommon trap: trap_request=0xffffff45 fr.pc=0x000001982cae96a0 relative=0x0000000000000080
Event: 491.652 Thread 0x000001987eb405f0 Uncommon trap: reason=unstable_if action=reinterpret pc=0x000001982cae96a0 method=java.util.concurrent.locks.ReentrantLock$Sync.isHeldExclusively()Z @ 7 c2
Event: 491.652 Thread 0x000001987eb405f0 DEOPT PACKING pc=0x000001982cae96a0 sp=0x0000007e40ffbfe0
Event: 491.652 Thread 0x000001987eb405f0 DEOPT UNPACKING pc=0x000001982c404422 sp=0x0000007e40ffbf78 mode 2
Event: 493.484 Thread 0x000001987eb405f0 Uncommon trap: trap_request=0xffffff45 fr.pc=0x000001982cb05644 relative=0x0000000000000584
Event: 493.484 Thread 0x000001987eb405f0 Uncommon trap: reason=unstable_if action=reinterpret pc=0x000001982cb05644 method=java.util.ArrayList.grow(I)[Ljava/lang/Object; @ 17 c2
Event: 493.484 Thread 0x000001987eb405f0 DEOPT PACKING pc=0x000001982cb05644 sp=0x0000007e40ffd1f0
Event: 493.484 Thread 0x000001987eb405f0 DEOPT UNPACKING pc=0x000001982c404422 sp=0x0000007e40ffd1a8 mode 2
Event: 496.292 Thread 0x000001987eb42030 Uncommon trap: trap_request=0xffffff45 fr.pc=0x000001982caf519c relative=0x000000000000007c
Event: 496.292 Thread 0x000001987eb42030 Uncommon trap: reason=unstable_if action=reinterpret pc=0x000001982caf519c method=java.util.concurrent.ConcurrentLinkedQueue.poll()Ljava/lang/Object; @ 60 c2
Event: 496.292 Thread 0x000001987eb42030 DEOPT PACKING pc=0x000001982caf519c sp=0x0000007e410ff6b0
Event: 496.292 Thread 0x000001987eb42030 DEOPT UNPACKING pc=0x000001982c404422 sp=0x0000007e410ff630 mode 2
Event: 496.312 Thread 0x000001987eb405f0 Uncommon trap: trap_request=0xfffffff4 fr.pc=0x000001982c9e99a4 relative=0x00000000000002a4
Event: 496.312 Thread 0x000001987eb405f0 Uncommon trap: reason=null_check action=make_not_entrant pc=0x000001982c9e99a4 method=java.io.File.equals(Ljava/lang/Object;)Z @ 1 c2
Event: 496.312 Thread 0x000001987eb405f0 DEOPT PACKING pc=0x000001982c9e99a4 sp=0x0000007e40ffd440
Event: 496.312 Thread 0x000001987eb405f0 DEOPT UNPACKING pc=0x000001982c404422 sp=0x0000007e40ffd3f8 mode 2

Classes loaded (20 events):
Event: 495.812 Loading class java/lang/invoke/BoundMethodHandle$Species_LLLLLLLLLLLLLLLLLL
Event: 495.812 Loading class java/lang/invoke/BoundMethodHandle$Species_LLLLLLLLLLLLLLLLLL done
Event: 495.818 Loading class java/lang/invoke/BoundMethodHandle$Species_LLLLLLLLLLLLLLLLLLL
Event: 495.818 Loading class java/lang/invoke/BoundMethodHandle$Species_LLLLLLLLLLLLLLLLLLL done
Event: 495.832 Loading class java/lang/invoke/BoundMethodHandle$Species_LLLLLLLLLLLLLLLLLLLL
Event: 495.832 Loading class java/lang/invoke/BoundMethodHandle$Species_LLLLLLLLLLLLLLLLLLLL done
Event: 495.842 Loading class java/lang/invoke/BoundMethodHandle$Species_LLLLLLLLLLLLLLLLLLLLL
Event: 495.842 Loading class java/lang/invoke/BoundMethodHandle$Species_LLLLLLLLLLLLLLLLLLLLL done
Event: 495.848 Loading class java/lang/invoke/BoundMethodHandle$Species_LLLLLLLLLLLLLLLLLLLLLL
Event: 495.848 Loading class java/lang/invoke/BoundMethodHandle$Species_LLLLLLLLLLLLLLLLLLLLLL done
Event: 495.869 Loading class java/lang/invoke/BoundMethodHandle$Species_LLLLLLLLLLLLLLLLLLLLLLL
Event: 495.869 Loading class java/lang/invoke/BoundMethodHandle$Species_LLLLLLLLLLLLLLLLLLLLLLL done
Event: 495.926 Loading class java/lang/invoke/BoundMethodHandle$Species_LLLLLLLLLLLLLLLLLLLLLLLL
Event: 495.926 Loading class java/lang/invoke/BoundMethodHandle$Species_LLLLLLLLLLLLLLLLLLLLLLLL done
Event: 497.331 Loading class java/util/function/LongFunction
Event: 497.331 Loading class java/util/function/LongFunction done
Event: 497.849 Loading class java/security/InvalidKeyException
Event: 497.849 Loading class java/security/KeyException
Event: 497.849 Loading class java/security/KeyException done
Event: 497.849 Loading class java/security/InvalidKeyException done

Classes unloaded (0 events):
No events

Classes redefined (0 events):
No events

Internal exceptions (20 events):
Event: 482.092 Thread 0x000001987eb405f0 Exception <a 'java/lang/NoSuchMethodError'{0x00000007054cd538}: 'void java.lang.invoke.DirectMethodHandle$Holder.invokeStatic(java.lang.Object, java.lang.Object, java.lang.Object, java.lang.Object)'> (0x00000007054cd538) 
thrown [s\src\hotspot\share\interpreter\linkResolver.cpp, line 773]
Event: 482.097 Thread 0x000001987eb405f0 Exception <a 'java/lang/NoSuchMethodError'{0x00000007054d12c0}: 'void java.lang.invoke.DirectMethodHandle$Holder.invokeStaticInit(java.lang.Object, java.lang.Object, java.lang.Object, java.lang.Object)'> (0x00000007054d12c0) 
thrown [s\src\hotspot\share\interpreter\linkResolver.cpp, line 773]
Event: 482.661 Thread 0x000001987eb405f0 Exception <a 'java/lang/NoSuchMethodError'{0x0000000705526de0}: 'java.lang.Object java.lang.invoke.DirectMethodHandle$Holder.invokeInterface(java.lang.Object, java.lang.Object, java.lang.Object)'> (0x0000000705526de0) 
thrown [s\src\hotspot\share\interpreter\linkResolver.cpp, line 773]
Event: 485.849 Thread 0x000001987eb405f0 Exception <a 'java/lang/NoSuchMethodError'{0x00000007052519f0}: 'int java.lang.invoke.DirectMethodHandle$Holder.invokeSpecialIFC(java.lang.Object, java.lang.Object, java.lang.Object, java.lang.Object)'> (0x00000007052519f0) 
thrown [s\src\hotspot\share\interpreter\linkResolver.cpp, line 773]
Event: 486.009 Thread 0x000001987eb405f0 Exception <a 'java/lang/IncompatibleClassChangeError'{0x000000070525ec98}: Found class java.lang.Object, but interface was expected> (0x000000070525ec98) 
thrown [s\src\hotspot\share\interpreter\linkResolver.cpp, line 840]
Event: 490.739 Thread 0x000001987eb405f0 Implicit null exception at 0x000001982c97c666 to 0x000001982c97c70a
Event: 491.750 Thread 0x000001987eb405f0 Exception <a 'java/lang/NoSuchMethodError'{0x00000007050c7f48}: 'int java.lang.invoke.DirectMethodHandle$Holder.invokeStatic(java.lang.Object, java.lang.Object, java.lang.Object, java.lang.Object)'> (0x00000007050c7f48) 
thrown [s\src\hotspot\share\interpreter\linkResolver.cpp, line 773]
Event: 494.483 Thread 0x000001987eb405f0 Exception <a 'java/lang/NoSuchMethodError'{0x0000000704f59390}: 'java.lang.Object java.lang.invoke.DelegatingMethodHandle$Holder.reinvoke_L(java.lang.Object, java.lang.Object, java.lang.Object, java.lang.Object, java.lang.Object, java.lang.Object, java.lang.Object, java.lang.Object, java.lang.Object, java.lang.Object, java.lang.Object, java.lang.Object, java.lang.Object, java.lang.Object, java.lang.Object, java.lang.Object, java.lang.Object, java.lang.Object, java.lang.Object, java.lang.Object, java.lang.O
Event: 494.588 Thread 0x000001987eb405f0 Exception <a 'java/lang/NoSuchMethodError'{0x0000000704fc7568}: 'java.lang.Object java.lang.invoke.DirectMethodHandle$Holder.invokeStatic(java.lang.Object, java.lang.Object, java.lang.Object, java.lang.Object, java.lang.Object, java.lang.Object, java.lang.Object, java.lang.Object, java.lang.Object, java.lang.Object, java.lang.Object, java.lang.Object, java.lang.Object, java.lang.Object, java.lang.Object, java.lang.Object, java.lang.Object)'> (0x0000000704fc7568) 
thrown [s\src\hotspot\share\interpreter\lin
Event: 494.602 Thread 0x000001987eb405f0 Exception <a 'java/lang/NoSuchMethodError'{0x0000000704ff0150}: 'java.lang.Object java.lang.invoke.DirectMethodHandle$Holder.invokeStatic(java.lang.Object, java.lang.Object, java.lang.Object, java.lang.Object, java.lang.Object, java.lang.Object, java.lang.Object, java.lang.Object, java.lang.Object, java.lang.Object, java.lang.Object, java.lang.Object, java.lang.Object, java.lang.Object, java.lang.Object, java.lang.Object, java.lang.Object, java.lang.Object)'> (0x0000000704ff0150) 
thrown [s\src\hotspot\sha
Event: 494.620 Thread 0x000001987eb405f0 Exception <a 'java/lang/NoSuchMethodError'{0x0000000704c1a1d8}: 'java.lang.Object java.lang.invoke.DirectMethodHandle$Holder.invokeStatic(java.lang.Object, java.lang.Object, java.lang.Object, java.lang.Object, java.lang.Object, java.lang.Object, java.lang.Object, java.lang.Object, java.lang.Object, java.lang.Object, java.lang.Object, java.lang.Object, java.lang.Object, java.lang.Object, java.lang.Object, java.lang.Object, java.lang.Object, java.lang.Object, java.lang.Object)'> (0x0000000704c1a1d8) 
thrown 
Event: 494.649 Thread 0x000001987eb405f0 Exception <a 'java/lang/NoSuchMethodError'{0x0000000704c453d0}: 'java.lang.Object java.lang.invoke.DirectMethodHandle$Holder.invokeStatic(java.lang.Object, java.lang.Object, java.lang.Object, java.lang.Object, java.lang.Object, java.lang.Object, java.lang.Object, java.lang.Object, java.lang.Object, java.lang.Object, java.lang.Object, java.lang.Object, java.lang.Object, java.lang.Object, java.lang.Object, java.lang.Object, java.lang.Object, java.lang.Object, java.lang.Object, java.lang.Object)'> (0x00000007
Event: 495.815 Thread 0x000001987eb405f0 Exception <a 'java/lang/NoSuchMethodError'{0x0000000704c717c0}: 'java.lang.Object java.lang.invoke.DirectMethodHandle$Holder.invokeStatic(java.lang.Object, java.lang.Object, java.lang.Object, java.lang.Object, java.lang.Object, java.lang.Object, java.lang.Object, java.lang.Object, java.lang.Object, java.lang.Object, java.lang.Object, java.lang.Object, java.lang.Object, java.lang.Object, java.lang.Object, java.lang.Object, java.lang.Object, java.lang.Object, java.lang.Object, java.lang.Object, java.lang.Obj
Event: 495.824 Thread 0x000001987eb405f0 Exception <a 'java/lang/NoSuchMethodError'{0x0000000704ca0148}: 'java.lang.Object java.lang.invoke.DirectMethodHandle$Holder.invokeStatic(java.lang.Object, java.lang.Object, java.lang.Object, java.lang.Object, java.lang.Object, java.lang.Object, java.lang.Object, java.lang.Object, java.lang.Object, java.lang.Object, java.lang.Object, java.lang.Object, java.lang.Object, java.lang.Object, java.lang.Object, java.lang.Object, java.lang.Object, java.lang.Object, java.lang.Object, java.lang.Object, java.lang.Obj
Event: 495.836 Thread 0x000001987eb405f0 Exception <a 'java/lang/NoSuchMethodError'{0x0000000704cce798}: 'java.lang.Object java.lang.invoke.DirectMethodHandle$Holder.invokeStatic(java.lang.Object, java.lang.Object, java.lang.Object, java.lang.Object, java.lang.Object, java.lang.Object, java.lang.Object, java.lang.Object, java.lang.Object, java.lang.Object, java.lang.Object, java.lang.Object, java.lang.Object, java.lang.Object, java.lang.Object, java.lang.Object, java.lang.Object, java.lang.Object, java.lang.Object, java.lang.Object, java.lang.Obj
Event: 495.845 Thread 0x000001987eb405f0 Exception <a 'java/lang/NoSuchMethodError'{0x0000000704cfd900}: 'java.lang.Object java.lang.invoke.DirectMethodHandle$Holder.invokeStatic(java.lang.Object, java.lang.Object, java.lang.Object, java.lang.Object, java.lang.Object, java.lang.Object, java.lang.Object, java.lang.Object, java.lang.Object, java.lang.Object, java.lang.Object, java.lang.Object, java.lang.Object, java.lang.Object, java.lang.Object, java.lang.Object, java.lang.Object, java.lang.Object, java.lang.Object, java.lang.Object, java.lang.Obj
Event: 495.860 Thread 0x000001987eb405f0 Exception <a 'java/lang/NoSuchMethodError'{0x0000000704d2dae8}: 'java.lang.Object java.lang.invoke.DirectMethodHandle$Holder.invokeStatic(java.lang.Object, java.lang.Object, java.lang.Object, java.lang.Object, java.lang.Object, java.lang.Object, java.lang.Object, java.lang.Object, java.lang.Object, java.lang.Object, java.lang.Object, java.lang.Object, java.lang.Object, java.lang.Object, java.lang.Object, java.lang.Object, java.lang.Object, java.lang.Object, java.lang.Object, java.lang.Object, java.lang.Obj
Event: 495.898 Thread 0x000001987eb405f0 Exception <a 'java/lang/NoSuchMethodError'{0x0000000704d5e6c0}: 'java.lang.Object java.lang.invoke.DirectMethodHandle$Holder.invokeStatic(java.lang.Object, java.lang.Object, java.lang.Object, java.lang.Object, java.lang.Object, java.lang.Object, java.lang.Object, java.lang.Object, java.lang.Object, java.lang.Object, java.lang.Object, java.lang.Object, java.lang.Object, java.lang.Object, java.lang.Object, java.lang.Object, java.lang.Object, java.lang.Object, java.lang.Object, java.lang.Object, java.lang.Obj
Event: 495.940 Thread 0x000001987eb405f0 Exception <a 'java/lang/NoSuchMethodError'{0x0000000704d90bb0}: 'java.lang.Object java.lang.invoke.DirectMethodHandle$Holder.invokeStatic(java.lang.Object, java.lang.Object, java.lang.Object, java.lang.Object, java.lang.Object, java.lang.Object, java.lang.Object, java.lang.Object, java.lang.Object, java.lang.Object, java.lang.Object, java.lang.Object, java.lang.Object, java.lang.Object, java.lang.Object, java.lang.Object, java.lang.Object, java.lang.Object, java.lang.Object, java.lang.Object, java.lang.Obj
Event: 496.312 Thread 0x000001987eb405f0 Implicit null exception at 0x000001982c9e973d to 0x000001982c9e9994

ZGC Phase Switch (0 events):
No events

VM Operations (20 events):
Event: 491.935 Executing safepoint VM operation: Cleanup
Event: 491.950 Executing safepoint VM operation: Cleanup done
Event: 492.955 Executing safepoint VM operation: Cleanup
Event: 492.970 Executing safepoint VM operation: Cleanup done
Event: 493.978 Executing safepoint VM operation: Cleanup
Event: 493.979 Executing safepoint VM operation: Cleanup done
Event: 494.988 Executing safepoint VM operation: Cleanup
Event: 494.988 Executing safepoint VM operation: Cleanup done
Event: 495.996 Executing safepoint VM operation: Cleanup
Event: 496.012 Executing safepoint VM operation: Cleanup done
Event: 496.013 Executing non-safepoint VM operation: HandshakeAllThreads (Deoptimize)
Event: 496.013 Executing non-safepoint VM operation: HandshakeAllThreads (Deoptimize) done
Event: 496.014 Executing non-safepoint VM operation: HandshakeAllThreads (Deoptimize)
Event: 496.014 Executing non-safepoint VM operation: HandshakeAllThreads (Deoptimize) done
Event: 497.016 Executing safepoint VM operation: Cleanup
Event: 497.017 Executing safepoint VM operation: Cleanup done
Event: 498.028 Executing safepoint VM operation: Cleanup
Event: 498.044 Executing safepoint VM operation: Cleanup done
Event: 499.051 Executing safepoint VM operation: Cleanup
Event: 499.112 Executing safepoint VM operation: Cleanup done

Memory protections (0 events):
No events

Nmethod flushes (0 events):
No events

Events (20 events):
Event: 0.107 Thread 0x000001981f932e10 Thread added: 0x000001983bbfc660
Event: 0.107 Thread 0x000001981f932e10 Thread added: 0x000001983bc04d20
Event: 0.209 Thread 0x000001981f932e10 Thread added: 0x000001987d280fb0
Event: 0.265 Thread 0x000001981f932e10 Thread added: 0x000001987d2c8a20
Event: 16.112 Thread 0x000001981f932e10 Thread added: 0x000001987eaf58c0
Event: 34.363 Thread 0x000001981f932e10 Thread added: 0x000001987d0230c0
Event: 35.615 Thread 0x000001981f932e10 Thread added: 0x000001987dfacfb0
Event: 37.512 Thread 0x000001987d0230c0 Thread added: 0x000001987d159420
Event: 37.600 Thread 0x000001987d159420 Thread added: 0x000001987e3b1840
Event: 39.020 Thread 0x000001987d159420 Thread added: 0x000001987e387500
Event: 40.070 Thread 0x000001987d159420 Thread added: 0x000001987eb405f0
Event: 40.219 Thread 0x000001987eb405f0 Thread added: 0x000001987eb42030
Event: 40.229 Thread 0x000001987eb405f0 Thread added: 0x000001987eb419a0
Event: 40.334 Thread 0x000001987eb405f0 Thread added: 0x000001987eb426c0
Event: 45.015 Thread 0x000001987eb405f0 Thread added: 0x000001987eb40c80
Event: 45.179 Thread 0x000001987eb405f0 Thread added: 0x000001987eb3ff60
Event: 45.736 Thread 0x000001987eb3ff60 Thread added: 0x000001987eb41310
Event: 45.753 Thread 0x000001987eb405f0 Thread added: 0x000001987eb42d50
Event: 106.972 Thread 0x000001987eb41310 Thread exited: 0x000001987eb41310
Event: 467.658 Thread 0x000001987eb3ff60 Thread added: 0x000001987eb433e0


Dynamic libraries:
0x00007ff678770000 - 0x00007ff67877e000 	C:\Users\NAGARAJU\.antigravity-ide\extensions\redhat.java-1.56.0-win32-x64\jre\21.0.12.1-win32-x86_64\bin\java.exe
0x00007ffc9c1e0000 - 0x00007ffc9c446000 	C:\WINDOWS\SYSTEM32\ntdll.dll
0x00007ffc9b650000 - 0x00007ffc9b719000 	C:\WINDOWS\System32\KERNEL32.DLL
0x00007ffc998b0000 - 0x00007ffc99caf000 	C:\WINDOWS\System32\KERNELBASE.dll
0x00007ffc99620000 - 0x00007ffc9976c000 	C:\WINDOWS\System32\ucrtbase.dll
0x00007ffc6ead0000 - 0x00007ffc6eae8000 	C:\Users\NAGARAJU\.antigravity-ide\extensions\redhat.java-1.56.0-win32-x64\jre\21.0.12.1-win32-x86_64\bin\jli.dll
0x00007ffc7f570000 - 0x00007ffc7f58e000 	C:\Users\NAGARAJU\.antigravity-ide\extensions\redhat.java-1.56.0-win32-x64\jre\21.0.12.1-win32-x86_64\bin\VCRUNTIME140.dll
0x00007ffc9bea0000 - 0x00007ffc9c066000 	C:\WINDOWS\System32\USER32.dll
0x00007ffc995f0000 - 0x00007ffc99617000 	C:\WINDOWS\System32\win32u.dll
0x00007ffc80520000 - 0x00007ffc807b1000 	C:\WINDOWS\WinSxS\amd64_microsoft.windows.common-controls_6595b64144ccf1df_6.0.26100.8972_none_3e0da176e32f9d4b\COMCTL32.dll
0x00007ffc9aca0000 - 0x00007ffc9accb000 	C:\WINDOWS\System32\GDI32.dll
0x00007ffc9abf0000 - 0x00007ffc9ac99000 	C:\WINDOWS\System32\msvcrt.dll
0x00007ffc99780000 - 0x00007ffc998a9000 	C:\WINDOWS\System32\gdi32full.dll
0x00007ffc99480000 - 0x00007ffc99523000 	C:\WINDOWS\System32\msvcp_win.dll
0x00007ffc9be60000 - 0x00007ffc9be92000 	C:\WINDOWS\System32\IMM32.DLL
0x00007ffc7f560000 - 0x00007ffc7f56c000 	C:\Users\NAGARAJU\.antigravity-ide\extensions\redhat.java-1.56.0-win32-x64\jre\21.0.12.1-win32-x86_64\bin\vcruntime140_1.dll
0x00007ffc256b0000 - 0x00007ffc2573d000 	C:\Users\NAGARAJU\.antigravity-ide\extensions\redhat.java-1.56.0-win32-x64\jre\21.0.12.1-win32-x86_64\bin\msvcp140.dll
0x00007ffc19fd0000 - 0x00007ffc1ad72000 	C:\Users\NAGARAJU\.antigravity-ide\extensions\redhat.java-1.56.0-win32-x64\jre\21.0.12.1-win32-x86_64\bin\server\jvm.dll
0x00007ffc9acd0000 - 0x00007ffc9ad8c000 	C:\WINDOWS\System32\ADVAPI32.dll
0x00007ffc9bdb0000 - 0x00007ffc9be5a000 	C:\WINDOWS\System32\sechost.dll
0x00007ffc9b800000 - 0x00007ffc9b918000 	C:\WINDOWS\System32\RPCRT4.dll
0x00007ffc9c070000 - 0x00007ffc9c0f2000 	C:\WINDOWS\System32\WS2_32.dll
0x00007ffc99250000 - 0x00007ffc992ae000 	C:\WINDOWS\SYSTEM32\POWRPROF.dll
0x00007ffc90970000 - 0x00007ffc909a6000 	C:\WINDOWS\SYSTEM32\WINMM.dll
0x00007ffc92c20000 - 0x00007ffc92c2b000 	C:\WINDOWS\SYSTEM32\VERSION.dll
0x00007ffc99230000 - 0x00007ffc99245000 	C:\WINDOWS\SYSTEM32\UMPDC.dll
0x00007ffc980e0000 - 0x00007ffc980fb000 	C:\WINDOWS\SYSTEM32\kernel.appcore.dll
0x00007ffc7f4e0000 - 0x00007ffc7f4ea000 	C:\Users\NAGARAJU\.antigravity-ide\extensions\redhat.java-1.56.0-win32-x64\jre\21.0.12.1-win32-x86_64\bin\jimage.dll
0x00007ffc91530000 - 0x00007ffc91772000 	C:\WINDOWS\SYSTEM32\DBGHELP.DLL
0x00007ffc9b2c0000 - 0x00007ffc9b645000 	C:\WINDOWS\System32\combase.dll
0x00007ffc9ada0000 - 0x00007ffc9ae79000 	C:\WINDOWS\System32\OLEAUT32.dll
0x00007ffc7a730000 - 0x00007ffc7a76b000 	C:\WINDOWS\SYSTEM32\dbgcore.DLL
0x00007ffc99cc0000 - 0x00007ffc99d6c000 	C:\WINDOWS\System32\bcryptPrimitives.dll
0x00007ffc7f4d0000 - 0x00007ffc7f4df000 	C:\Users\NAGARAJU\.antigravity-ide\extensions\redhat.java-1.56.0-win32-x64\jre\21.0.12.1-win32-x86_64\bin\instrument.dll
0x00007ffc55410000 - 0x00007ffc55430000 	C:\Users\NAGARAJU\.antigravity-ide\extensions\redhat.java-1.56.0-win32-x64\jre\21.0.12.1-win32-x86_64\bin\java.dll
0x00007ffc9a310000 - 0x00007ffc9aa98000 	C:\WINDOWS\System32\SHELL32.dll
0x00007ffc96ec0000 - 0x00007ffc9775b000 	C:\WINDOWS\SYSTEM32\windows.storage.dll
0x00007ffc9a180000 - 0x00007ffc9a279000 	C:\WINDOWS\System32\SHCORE.dll
0x00007ffc9b250000 - 0x00007ffc9b2b6000 	C:\WINDOWS\System32\shlwapi.dll
0x00007ffc99310000 - 0x00007ffc99339000 	C:\WINDOWS\SYSTEM32\profapi.dll
0x00007ffc553f0000 - 0x00007ffc55408000 	C:\Users\NAGARAJU\.antigravity-ide\extensions\redhat.java-1.56.0-win32-x64\jre\21.0.12.1-win32-x86_64\bin\zip.dll
0x00007ffc57450000 - 0x00007ffc57460000 	C:\Users\NAGARAJU\.antigravity-ide\extensions\redhat.java-1.56.0-win32-x64\jre\21.0.12.1-win32-x86_64\bin\net.dll
0x00007ffc91780000 - 0x00007ffc918a8000 	C:\WINDOWS\SYSTEM32\WINHTTP.dll
0x00007ffc98690000 - 0x00007ffc986fc000 	C:\WINDOWS\system32\mswsock.dll
0x00007ffc51930000 - 0x00007ffc51946000 	C:\Users\NAGARAJU\.antigravity-ide\extensions\redhat.java-1.56.0-win32-x64\jre\21.0.12.1-win32-x86_64\bin\nio.dll
0x00007ffc301d0000 - 0x00007ffc301e0000 	C:\Users\NAGARAJU\.antigravity-ide\extensions\redhat.java-1.56.0-win32-x64\jre\21.0.12.1-win32-x86_64\bin\verify.dll
0x00007ffc279a0000 - 0x00007ffc279c7000 	C:\Users\NAGARAJU\.gradle\native\1def1411415f61bf3af743bc5b6707747c0891f09f0c88961ee8f79bc544acac\windows-amd64\native-platform.dll
0x00007ffc25740000 - 0x00007ffc257b8000 	C:\Users\NAGARAJU\.gradle\native\0.2.7\x86_64-windows-gnu\gradle-fileevents.dll
0x00007ffc1f620000 - 0x00007ffc1f62a000 	C:\Users\NAGARAJU\.antigravity-ide\extensions\redhat.java-1.56.0-win32-x64\jre\21.0.12.1-win32-x86_64\bin\management.dll
0x00007ffc1f610000 - 0x00007ffc1f61c000 	C:\Users\NAGARAJU\.antigravity-ide\extensions\redhat.java-1.56.0-win32-x64\jre\21.0.12.1-win32-x86_64\bin\management_ext.dll
0x00007ffc9c190000 - 0x00007ffc9c198000 	C:\WINDOWS\System32\PSAPI.DLL
0x00007ffc97a50000 - 0x00007ffc97a83000 	C:\WINDOWS\SYSTEM32\IPHLPAPI.DLL
0x00007ffc9b210000 - 0x00007ffc9b21a000 	C:\WINDOWS\System32\NSI.dll
0x00007ffc1f5f0000 - 0x00007ffc1f5f9000 	C:\Users\NAGARAJU\.antigravity-ide\extensions\redhat.java-1.56.0-win32-x64\jre\21.0.12.1-win32-x86_64\bin\extnet.dll
0x00007ffc98980000 - 0x00007ffc9899b000 	C:\WINDOWS\SYSTEM32\CRYPTSP.dll
0x00007ffc98040000 - 0x00007ffc98079000 	C:\WINDOWS\system32\rsaenh.dll
0x00007ffc98740000 - 0x00007ffc98772000 	C:\WINDOWS\SYSTEM32\USERENV.dll
0x00007ffc992e0000 - 0x00007ffc9930a000 	C:\WINDOWS\SYSTEM32\bcrypt.dll
0x00007ffc989a0000 - 0x00007ffc989ac000 	C:\WINDOWS\SYSTEM32\CRYPTBASE.dll
0x00007ffc28ee0000 - 0x00007ffc28eee000 	C:\Users\NAGARAJU\.antigravity-ide\extensions\redhat.java-1.56.0-win32-x64\jre\21.0.12.1-win32-x86_64\bin\sunmscapi.dll
0x00007ffc99d80000 - 0x00007ffc99efe000 	C:\WINDOWS\System32\CRYPT32.dll
0x00007ffc98bc0000 - 0x00007ffc98bf0000 	C:\WINDOWS\SYSTEM32\ncrypt.dll
0x00007ffc98b70000 - 0x00007ffc98baf000 	C:\WINDOWS\SYSTEM32\NTASN1.dll
0x00007ffc5b9d0000 - 0x00007ffc5b9d8000 	C:\WINDOWS\system32\wshunix.dll

JVMTI agents:
C:\Users\NAGARAJU\.gradle\wrapper\dists\gradle-8.14.1-bin\baw1sv0jfoi8rxs14qo3h49cs\gradle-8.14.1\lib\agents\gradle-instrumentation-agent-8.14.1.jar path:C:\Users\NAGARAJU\.antigravity-ide\extensions\redhat.java-1.56.0-win32-x64\jre\21.0.12.1-win32-x86_64\bin\instrument.dll, loaded, initialized, instrumentlib options:none

dbghelp: loaded successfully - version: 4.0.5 - missing functions: none
symbol engine: initialized successfully - sym options: 0x614 - pdb path: .;C:\Users\NAGARAJU\.antigravity-ide\extensions\redhat.java-1.56.0-win32-x64\jre\21.0.12.1-win32-x86_64\bin;C:\WINDOWS\SYSTEM32;C:\WINDOWS\WinSxS\amd64_microsoft.windows.common-controls_6595b64144ccf1df_6.0.26100.8972_none_3e0da176e32f9d4b;C:\Users\NAGARAJU\.antigravity-ide\extensions\redhat.java-1.56.0-win32-x64\jre\21.0.12.1-win32-x86_64\bin\server;C:\Users\NAGARAJU\.gradle\native\1def1411415f61bf3af743bc5b6707747c0891f09f0c88961ee8f79bc544acac\windows-amd64;C:\Users\NAGARAJU\.gradle\native\0.2.7\x86_64-windows-gnu

VM Arguments:
jvm_args: --add-opens=java.base/java.lang=ALL-UNNAMED --add-opens=java.base/java.lang.invoke=ALL-UNNAMED --add-opens=java.base/java.util=ALL-UNNAMED --add-opens=java.prefs/java.util.prefs=ALL-UNNAMED --add-exports=jdk.compiler/com.sun.tools.javac.api=ALL-UNNAMED --add-exports=jdk.compiler/com.sun.tools.javac.util=ALL-UNNAMED --add-opens=java.base/java.util=ALL-UNNAMED --add-opens=java.prefs/java.util.prefs=ALL-UNNAMED --add-opens=java.base/java.nio.charset=ALL-UNNAMED --add-opens=java.base/java.net=ALL-UNNAMED --add-opens=java.base/java.util.concurrent.atomic=ALL-UNNAMED --add-opens=java.xml/javax.xml.namespace=ALL-UNNAMED -Xmx4096m -Dfile.encoding=UTF-8 -Duser.country=IN -Duser.language=en -Duser.variant -javaagent:C:\Users\NAGARAJU\.gradle\wrapper\dists\gradle-8.14.1-bin\baw1sv0jfoi8rxs14qo3h49cs\gradle-8.14.1\lib\agents\gradle-instrumentation-agent-8.14.1.jar 
java_command: org.gradle.launcher.daemon.bootstrap.GradleDaemon 8.14.1
java_class_path (initial): C:\Users\NAGARAJU\.gradle\wrapper\dists\gradle-8.14.1-bin\baw1sv0jfoi8rxs14qo3h49cs\gradle-8.14.1\lib\gradle-daemon-main-8.14.1.jar
Launcher Type: SUN_STANDARD

[Global flags]
     intx CICompilerCount                          = 4                                         {product} {ergonomic}
     uint ConcGCThreads                            = 2                                         {product} {ergonomic}
     uint G1ConcRefinementThreads                  = 8                                         {product} {ergonomic}
   size_t G1HeapRegionSize                         = 2097152                                   {product} {ergonomic}
    uintx GCDrainStackTargetSize                   = 64                                        {product} {ergonomic}
   size_t InitialHeapSize                          = 123731968                                 {product} {ergonomic}
   size_t MarkStackSize                            = 4194304                                   {product} {ergonomic}
   size_t MaxHeapSize                              = 4294967296                                {product} {command line}
   size_t MaxNewSize                               = 2575302656                                {product} {ergonomic}
   size_t MinHeapDeltaBytes                        = 2097152                                   {product} {ergonomic}
   size_t MinHeapSize                              = 8388608                                   {product} {ergonomic}
    uintx NonNMethodCodeHeapSize                   = 5839372                                {pd product} {ergonomic}
    uintx NonProfiledCodeHeapSize                  = 122909434                              {pd product} {ergonomic}
    uintx ProfiledCodeHeapSize                     = 122909434                              {pd product} {ergonomic}
    uintx ReservedCodeCacheSize                    = 251658240                              {pd product} {ergonomic}
     bool SegmentedCodeCache                       = true                                      {product} {ergonomic}
   size_t SoftMaxHeapSize                          = 4294967296                             {manageable} {ergonomic}
     bool UseCompressedOops                        = true                           {product lp64_product} {ergonomic}
     bool UseG1GC                                  = true                                      {product} {ergonomic}
     bool UseLargePagesIndividualAllocation        = false                                  {pd product} {ergonomic}

Logging:
Log output configuration:
 #0: stdout all=warning uptime,level,tags foldmultilines=false
 #1: stderr all=off uptime,level,tags foldmultilines=false

Release file:
JAVA_VERSION="21.0.12.1" 
MODULES="java.base java.compiler java.datatransfer java.xml java.prefs java.desktop java.instrument java.logging java.management java.security.sasl java.naming java.rmi java.management.rmi java.net.http java.scripting java.security.jgss java.transaction.xa java.sql java.sql.rowset java.xml.crypto java.se java.smartcardio jdk.accessibility jdk.internal.jvmstat jdk.attach jdk.charsets jdk.internal.opt jdk.zipfs jdk.compiler jdk.crypto.ec jdk.crypto.cryptoki jdk.crypto.mscapi jdk.dynalink jdk.internal.ed jdk.editpad jdk.hotspot.agent jdk.httpserver jdk.internal.le jdk.internal.vm.ci jdk.internal.vm.compiler jdk.internal.vm.compiler.management jdk.jartool jdk.javadoc jdk.jcmd jdk.management jdk.management.agent jdk.jconsole jdk.jdeps jdk.jdwp.agent jdk.jdi jdk.jfr jdk.jshell jdk.jsobject jdk.jstatd jdk.localedata jdk.management.jfr jdk.naming.dns jdk.naming.rmi jdk.net jdk.nio.mapmode jdk.random jdk.sctp jdk.security.auth jdk.security.jgss jdk.unsupported jdk.unsupported.desktop jdk.xml.dom" 

Environment Variables:
JAVA_HOME=C:\Program Files\Eclipse Adoptium\jdk-21.0.11.10-hotspot
PATH=C:\Program Files\Eclipse Adoptium\jdk-21.0.11.10-hotspot\bin;C:\Program Files\Eclipse Adoptium\jdk-11.0.26.4-hotspot\bin;C:\Program Files\Eclipse Adoptium\jdk-17.0.14.7-hotspot\bin;C:\Program Files\Java\jdk-17\bin;C:\Program Files\nodejs;E:\Android\Sdk\platform-tools;E:\Android\Sdk\emulator;E:\Android\Sdk\cmdline-tools\latest\bin;C:\Users\NAGARAJU\AppData\Local\Android\Sdk\platform-tools;C:\Users\NAGARAJU\AppData\Local\Android\Sdk\emulator;C:\Users\NAGARAJU\AppData\Local\Android\Sdk\cmdline-tools\latest\bin;C:\Program Files\Eclipse Adoptium\jdk-21.0.11.10-hotspot\bin;C:\Program Files\Eclipse Adoptium\jdk-11.0.26.4-hotspot\bin;C:\Program Files\Eclipse Adoptium\jdk-17.0.14.7-hotspot\bin;C:\Program Files\Java\jdk-17\bin;C:\Program Files\nodejs;E:\Android\Sdk\platform-tools;E:\Android\Sdk\emulator;E:\Android\Sdk\cmdline-tools\latest\bin;C:\Users\NAGARAJU\AppData\Local\Android\Sdk\platform-tools;C:\Users\NAGARAJU\AppData\Local\Android\Sdk\emulator;C:\Users\NAGARAJU\AppData\Local\Android\Sdk\cmdline-tools\latest\bin;C:\Program Files\Eclipse Adoptium\jdk-21.0.11.10-hotspot\bin;C:\Program Files\Eclipse Adoptium\jdk-11.0.26.4-hotspot\bin;C:\Program Files\Eclipse Adoptium\jdk-17.0.14.7-hotspot\bin;C:\Program Files\Java\jdk-17\bin;C:\Program Files\nodejs;E:\Android\Sdk\platform-tools;E:\Android\Sdk\emulator;E:\Android\Sdk\cmdline-tools\latest\bin;C:\Users\NAGARAJU\AppData\Local\Android\Sdk\platform-tools;C:\Users\NAGARAJU\AppData\Local\Android\Sdk\emulator;C:\Users\NAGARAJU\AppData\Local\Android\Sdk\cmdline-tools\latest\bin;C:\WINDOWS\System32;C:\ProgramData\chocolatey\bin;C:\Program Files\nodejs\;C:\Program Files\Git\cmd;C:\Windows\System32;C:\Windows\System32\WindowsPowerShell\v1.0;C:\Windows\System32\OpenSSH;C:\Windows\System32\WindowsPowerShell\v1.0\;C:\Users\NAGARAJU\Downloads\stripe_1.30.0_windows_x86_64;C:\WINDOWS\system32;C:\WINDOWS;C:\WINDOWS\System32\Wbem;C:\WINDOWS\System32\WindowsPowerShell\v1.0\;C:\WINDOWS\System32\OpenSSH\;C:\ProgramData\chocolatey\bin;C:\Program Files\nodejs\;C:\Program Files\Git\cmd;C:\Windows\System32;C:\Windows\System32\WindowsPowerShell\v1.0;C:\Windows\System32\OpenSSH;C:\Windows\System32\WindowsPowerShell\v1.0\;C:\Users\NAGARAJU\Downloads\stripe_1.30.0_windows_x86_64;C:\WINDOWS\system32;C:\WINDOWS;C:\WINDOWS\System32\Wbem;C:\WINDOWS\System32\WindowsPowerShell\v1.0\;C:\WINDOWS\System32\OpenSSH\;C:\ProgramData\chocolatey\bin;C:\Program Files\nodejs\;C:\Program Files\Git\cmd;C:\Windows\System32;C:\Windows\System32\WindowsPowerShell\v1.0;C:\Windows\System32\OpenSSH;C:\Windows\System32\WindowsPowerShell\v1.0\;C:\Users\NAGARAJU\Downloads\stripe_1.30.0_windows_x86_64;C:\WINDOWS\system32;C:\WINDOWS;C:\WINDOWS\System32\Wbem;C:\WINDOWS\System32\WindowsPowerShell\v1.0\;C:\WINDOWS\System32\OpenSSH\;C:\Program Files\Eclipse Adoptium\jdk-21.0.11.10-hotspot\bin;C:\Program Files\Eclipse Adoptium\jdk-11.0.26.4-hotspot\bin;C:\Program Files\Eclipse Adoptium\jdk-17.0.14.7-hotspot\bin;C:\Program Files\Java\jdk-17\bin;C:\Program Files\nodejs;E:\Android\Sdk\platform-tools;E:\Android\Sdk\emulator;E:\Android\Sdk\cmdline-tools\latest\bin;C:\Users\NAGARAJU\AppData\Local\Android\Sdk\platform-tools;C:\Users\NAGARAJU\AppData\Local\Android\Sdk\emulator;C:\Users\NAGARAJU\AppData\Local\Android\Sdk\cmdline-tools\latest\bin;C:\Program Files\Eclipse Adoptium\jdk-21.0.11.10-hotspot\bin;C:\Program Files\Eclipse Adoptium\jdk-11.0.26.4-hotspot\bin;C:\Program Files\Eclipse Adoptium\jdk-17.0.14.7-hotspot\bin;C:\Program Files\Java\jdk-17\bin;C:\Program Files\nodejs;E:\Android\Sdk\platform-tools;E:\Android\Sdk\emulator;E:\Android\Sdk\cmdline-tools\latest\bin;C:\Users\NAGARAJU\AppData\Local\Android\Sdk\platform-tools;C:\Users\NAGARAJU\AppData\Local\Android\Sdk\emulator;C:\Users\NAGARAJU\AppData\Local\Android\Sdk\cmdline-tools\latest\bin;C:\Program Files\Eclipse Adoptium\jdk-21.0.11.10-hotspot\bin;C:\Program Files\Eclipse Adoptium\jdk-11.0.26.4-hotspot\bin;C:\Program Files\Eclipse Adoptium\jdk-17.0.14.7-hotspot\bin;C:\Program Files\Java\jdk-17\bin;C:\Program Files\nodejs;E:\Android\Sdk\platform-tools;E:\Android\Sdk\emulator;E:\Android\Sdk\cmdline-tools\latest\bin;C:\Users\NAGARAJU\AppData\Local\Android\Sdk\platform-tools;C:\Users\NAGARAJU\AppData\Local\Android\Sdk\emulator;C:\Users\NAGARAJU\AppData\Local\Android\Sdk\cmdline-tools\latest\bin;C:\WINDOWS\System32;C:\ProgramData\chocolatey\bin;C:\Program Files\nodejs\;C:\Program Files\Git\cmd;C:\Windows\System32;C:\Windows\System32\WindowsPowerShell\v1.0;C:\Windows\System32\OpenSSH;C:\Windows\System32\WindowsPowerShell\v1.0\;C:\Users\NAGARAJU\Downloads\stripe_1.30.0_windows_x86_64;C:\WINDOWS\system32;C:\WINDOWS;C:\WINDOWS\System32\Wbem;C:\WINDOWS\System32\WindowsPowerShell\v1.0\;C:\WINDOWS\System32\OpenSSH\;C:\ProgramData\chocolatey\bin;C:\Program Files\nodejs\;C:\Program Files\Git\cmd;C:\Windows\System32;C:\Windows\System32\WindowsPowerShell\v1.0;C:\Windows\System32\OpenSSH;C:\Windows\System32\WindowsPowerShell\v1.0\;C:\Users\NAGARAJU\Downloads\stripe_1.30.0_windows_x86_64;C:\WINDOWS\system32;C:\WINDOWS;C:\WINDOWS\System32\Wbem;C:\WINDOWS\System32\WindowsPowerShell\v1.0\;C:\WINDOWS\System32\OpenSSH\;C:\ProgramData\chocolatey\bin;C:\Program Files\nodejs\;C:\Program Files\Git\cmd;C:\Windows\System32;C:\Windows\System32\WindowsPowerShell\v1.0;C:\Windows\System32\OpenSSH;C:\Windows\System32\WindowsPowerShell\v1.0\;C:\Users\NAGARAJU\Downloads\stripe_1.30.0_windows_x86_64;C:\WINDOWS\system32;C:\WINDOWS;C:\WINDOWS\System32\Wbem;C:\WINDOWS\System32\WindowsPowerShell\v1.0\;C:\WINDOWS\System32\OpenSSH\;C:\Users\NAGARAJU\AppData\Local\Android\Sdk\platform-tools;C:\Users\NAGARAJU\AppData\Local\Android\Sdk\cmdline-tools\latest\bin;C:\Users\NAGARAJU\AppData\Roaming\npm;C:\Users\NAGARAJU\AppData\Local\Programs\Microsoft VS Code\bin;C:\Users\NAGARAJU\AppData\Local\Programs\Antigravity IDE\bin;C:\Users\NAGARAJU\AppData\Local\Microsoft\WindowsApps;C:\Users\NAGARAJU\AppData\Local\Kingsoft\WPS Office\12.1.0.27458\clitool
USERNAME=NAGARAJU
OS=Windows_NT
PROCESSOR_IDENTIFIER=AMD64 Family 23 Model 104 Stepping 1, AuthenticAMD
TMP=C:\Users\NAGARAJU\AppData\Local\Temp
TEMP=C:\Users\NAGARAJU\AppData\Local\Temp




Periodic native trim disabled

---------------  S Y S T E M  ---------------

OS:
 Windows 11 , 64 bit Build 26100 (10.0.26100.9168)
OS uptime: 0 days 0:33 hours

CPU: total 8 (initial active 8) (8 cores per cpu, 2 threads per core) family 23 model 104 stepping 1 microcode 0x8608109, cx8, cmov, fxsr, ht, mmx, 3dnowpref, sse, sse2, sse3, ssse3, sse4a, sse4.1, sse4.2, popcnt, lzcnt, tsc, tscinvbit, avx, avx2, aes, clmul, bmi1, bmi2, adx, sha, fma, vzeroupper, clflush, clflushopt, rdtscp, rdpid, f16c
Processor Information for the first 8 processors :
  Max Mhz: 2600, Current Mhz: 2600, Mhz Limit: 2600

Memory: 4k page, system-wide physical 7502M (475M free)
TotalPageFile size 40270M (AvailPageFile size 2M)
current process WorkingSet (physical memory assigned to process): 104M, peak: 158M
current process commit charge ("private bytes"): 272M, peak: 273M

vm_info: OpenJDK 64-Bit Server VM (21.0.12.1+1-LTS) for windows-amd64 JRE (21.0.12.1+1-LTS), built on 2026-08-18T00:00:00Z by "admin" with MS VC++ 17.12 (VS2022)

END.
