#
# There is insufficient memory for the Java Runtime Environment to continue.
# Native memory allocation (malloc) failed to allocate 1809296 bytes. Error detail: Chunk::new
# Possible reasons:
#   The system is out of physical RAM or swap space
#   This process is running with CompressedOops enabled, and the Java Heap may be blocking the growth of the native heap
# Possible solutions:
#   Reduce memory load on the system
#   Increase physical memory or swap space
#   Check if swap backing store is full
#   Decrease Java heap size (-Xmx/-Xms)
#   Decrease number of Java threads
#   Decrease Java thread stack sizes (-Xss)
#   Set larger code cache with -XX:ReservedCodeCacheSize=
#   JVM is running with Zero Based Compressed Oops mode in which the Java heap is
#     placed in the first 32GB address space. The Java Heap base address is the
#     maximum limit for the native heap growth. Please use -XX:HeapBaseMinAddress
#     to set the Java Heap base and to place the Java Heap above 32GB virtual address.
# This output file may be truncated or incomplete.
#
#  Out of Memory Error (arena.cpp:168), pid=35756, tid=34932
#
# JRE version: OpenJDK Runtime Environment Temurin-21.0.12.1+1 (21.0.12.1+1) (build 21.0.12.1+1-LTS)
# Java VM: OpenJDK 64-Bit Server VM Temurin-21.0.12.1+1 (21.0.12.1+1-LTS, mixed mode, sharing, tiered, compressed oops, compressed class ptrs, g1 gc, windows-amd64)
# No core dump will be written. Minidumps are not enabled by default on client versions of Windows
#

---------------  S U M M A R Y ------------

Command Line: --add-opens=java.base/java.lang=ALL-UNNAMED --add-opens=java.base/java.lang.invoke=ALL-UNNAMED --add-opens=java.base/java.util=ALL-UNNAMED --add-opens=java.prefs/java.util.prefs=ALL-UNNAMED --add-exports=jdk.compiler/com.sun.tools.javac.api=ALL-UNNAMED --add-exports=jdk.compiler/com.sun.tools.javac.util=ALL-UNNAMED --add-opens=java.base/java.util=ALL-UNNAMED --add-opens=java.prefs/java.util.prefs=ALL-UNNAMED --add-opens=java.base/java.nio.charset=ALL-UNNAMED --add-opens=java.base/java.net=ALL-UNNAMED --add-opens=java.base/java.util.concurrent.atomic=ALL-UNNAMED --add-opens=java.xml/javax.xml.namespace=ALL-UNNAMED -Xmx4096m -Dfile.encoding=UTF-8 -Duser.country=IN -Duser.language=en -Duser.variant -javaagent:C:\Users\NAGARAJU\.gradle\wrapper\dists\gradle-8.14.1-bin\baw1sv0jfoi8rxs14qo3h49cs\gradle-8.14.1\lib\agents\gradle-instrumentation-agent-8.14.1.jar org.gradle.launcher.daemon.bootstrap.GradleDaemon 8.14.1

Host: AMD Ryzen 3 5300U with Radeon Graphics         , 8 cores, 7G,  Windows 11 , 64 bit Build 26100 (10.0.26100.9168)
Time: Tue Sep  8 21:11:14 2026 India Standard Time elapsed time: 514.901323 seconds (0d 0h 8m 34s)

---------------  T H R E A D  ---------------

Current thread (0x000001b98f1a0740):  JavaThread "C2 CompilerThread0" daemon [_thread_in_native, id=34932, stack(0x0000004612c00000,0x0000004612d00000) (1024K)]


Current CompileTask:
C2:514901 4372   !   4       java.lang.ClassLoader::loadClass (121 bytes)

Stack: [0x0000004612c00000,0x0000004612d00000]
Native frames: (J=compiled Java code, j=interpreted, Vv=VM code, C=native code)
V  [jvm.dll+0x6d83e9]
V  [jvm.dll+0x8b5736]
V  [jvm.dll+0x8b7cee]
V  [jvm.dll+0x8b83d3]
V  [jvm.dll+0x284596]
V  [jvm.dll+0xc685d]
V  [jvm.dll+0xc6da1]
V  [jvm.dll+0x3bf151]
V  [jvm.dll+0x38b6d2]
V  [jvm.dll+0x38ab1a]
V  [jvm.dll+0x24c700]
V  [jvm.dll+0x24bce0]
V  [jvm.dll+0x1cb4ae]
V  [jvm.dll+0x25baad]
V  [jvm.dll+0x25a03a]
V  [jvm.dll+0x3f8aae]
V  [jvm.dll+0x8600cd]
V  [jvm.dll+0x6d6c1d]
C  [ucrtbase.dll+0x2cd30]
C  [KERNEL32.DLL+0x2ccb7]
C  [ntdll.dll+0xaad6c]


---------------  P R O C E S S  ---------------

Threads class SMR info:
_java_thread_list=0x000001b9d6510a20, length=31, elements={
0x000001b9f2d81790, 0x000001b98f18e6f0, 0x000001b98f18fe70, 0x000001b98f1929f0,
0x000001b98f195a20, 0x000001b98f199950, 0x000001b98f19b9a0, 0x000001b98f1a0740,
0x000001b98f1b4e60, 0x000001b98f39d350, 0x000001b98f4465e0, 0x000001b9d5c61400,
0x000001b9d5d93950, 0x000001b9d5385a90, 0x000001b98f3cec70, 0x000001b98f2d85b0,
0x000001b98f530170, 0x000001b9d535f870, 0x000001b9d535eb50, 0x000001b9d535e4c0,
0x000001b9d535de30, 0x000001b9d535ff00, 0x000001b9d535d110, 0x000001b9d535d7a0,
0x000001b9d532baa0, 0x000001b9d532ad80, 0x000001b9d532c130, 0x000001b9d532c7c0,
0x000001b9d532b410, 0x000001b9d532a060, 0x000001b9d5329340
}

Java Threads: ( => current thread )
  0x000001b9f2d81790 JavaThread "main"                              [_thread_blocked, id=31180, stack(0x0000004611e00000,0x0000004611f00000) (1024K)]
  0x000001b98f18e6f0 JavaThread "Reference Handler"          daemon [_thread_blocked, id=35460, stack(0x0000004612600000,0x0000004612700000) (1024K)]
  0x000001b98f18fe70 JavaThread "Finalizer"                  daemon [_thread_blocked, id=1624, stack(0x0000004612700000,0x0000004612800000) (1024K)]
  0x000001b98f1929f0 JavaThread "Signal Dispatcher"          daemon [_thread_blocked, id=34792, stack(0x0000004612800000,0x0000004612900000) (1024K)]
  0x000001b98f195a20 JavaThread "Attach Listener"            daemon [_thread_blocked, id=36844, stack(0x0000004612900000,0x0000004612a00000) (1024K)]
  0x000001b98f199950 JavaThread "Service Thread"             daemon [_thread_blocked, id=36792, stack(0x0000004612a00000,0x0000004612b00000) (1024K)]
  0x000001b98f19b9a0 JavaThread "Monitor Deflation Thread"   daemon [_thread_blocked, id=36816, stack(0x0000004612b00000,0x0000004612c00000) (1024K)]
=>0x000001b98f1a0740 JavaThread "C2 CompilerThread0"         daemon [_thread_in_native, id=34932, stack(0x0000004612c00000,0x0000004612d00000) (1024K)]
  0x000001b98f1b4e60 JavaThread "C1 CompilerThread0"         daemon [_thread_blocked, id=30348, stack(0x0000004612d00000,0x0000004612e00000) (1024K)]
  0x000001b98f39d350 JavaThread "Common-Cleaner"             daemon [_thread_blocked, id=35876, stack(0x0000004612e00000,0x0000004612f00000) (1024K)]
  0x000001b98f4465e0 JavaThread "Notification Thread"        daemon [_thread_blocked, id=34372, stack(0x0000004612f00000,0x0000004613000000) (1024K)]
  0x000001b9d5c61400 JavaThread "Daemon health stats"               [_thread_blocked, id=36444, stack(0x0000004613400000,0x0000004613500000) (1024K)]
  0x000001b9d5d93950 JavaThread "Incoming local TCP Connector on port 52085"        [_thread_in_native, id=36588, stack(0x0000004613500000,0x0000004613600000) (1024K)]
  0x000001b9d5385a90 JavaThread "Daemon periodic checks"            [_thread_in_Java, id=37264, stack(0x0000004613600000,0x0000004613700000) (1024K)]
  0x000001b98f3cec70 JavaThread "Daemon"                            [_thread_blocked, id=37456, stack(0x0000004613a00000,0x0000004613b00000) (1024K)]
  0x000001b98f2d85b0 JavaThread "Handler for socket connection from /127.0.0.1:52085 to /127.0.0.1:52086"        [_thread_in_native, id=37460, stack(0x0000004613b00000,0x0000004613c00000) (1024K)]
  0x000001b98f530170 JavaThread "Cancel handler"                    [_thread_blocked, id=37480, stack(0x0000004613c00000,0x0000004613d00000) (1024K)]
  0x000001b9d535f870 JavaThread "Daemon worker"                     [_thread_in_native, id=37516, stack(0x0000004613d00000,0x0000004613e00000) (1024K)]
  0x000001b9d535eb50 JavaThread "Asynchronous log dispatcher for DefaultDaemonConnection: socket connection from /127.0.0.1:52085 to /127.0.0.1:52086"        [_thread_blocked, id=37520, stack(0x0000004613e00000,0x0000004613f00000) (1024K)]
  0x000001b9d535e4c0 JavaThread "Stdin handler"                     [_thread_blocked, id=37524, stack(0x0000004613f00000,0x0000004614000000) (1024K)]
  0x000001b9d535de30 JavaThread "Daemon client event forwarder"        [_thread_blocked, id=37528, stack(0x0000004614000000,0x0000004614100000) (1024K)]
  0x000001b9d535ff00 JavaThread "Cache worker for journal cache (C:\Users\NAGARAJU\.gradle\caches\journal-1)"        [_thread_blocked, id=36432, stack(0x0000004614100000,0x0000004614200000) (1024K)]
  0x000001b9d535d110 JavaThread "File lock request listener"        [_thread_in_native, id=34900, stack(0x0000004614200000,0x0000004614300000) (1024K)]
  0x000001b9d535d7a0 JavaThread "Cache worker for file hash cache (C:\Users\NAGARAJU\.gradle\caches\8.14.1\fileHashes)"        [_thread_blocked, id=37076, stack(0x0000004614400000,0x0000004614500000) (1024K)]
  0x000001b9d532baa0 JavaThread "Cache worker for file hash cache (C:\zynnative\DocApp-CLI\android\.gradle\8.14.1\fileHashes)"        [_thread_blocked, id=38380, stack(0x0000004611d00000,0x0000004611e00000) (1024K)]
  0x000001b9d532ad80 JavaThread "Cache worker for Build Output Cleanup Cache (C:\zynnative\DocApp-CLI\android\.gradle\buildOutputCleanup)"        [_thread_blocked, id=37824, stack(0x0000004614300000,0x0000004614400000) (1024K)]
  0x000001b9d532c130 JavaThread "File watcher server"        daemon [_thread_in_native, id=36204, stack(0x0000004614500000,0x0000004614600000) (1024K)]
  0x000001b9d532c7c0 JavaThread "File watcher consumer"      daemon [_thread_blocked, id=36304, stack(0x0000004614600000,0x0000004614700000) (1024K)]
  0x000001b9d532b410 JavaThread "jar transforms"                    [_thread_blocked, id=33736, stack(0x0000004614700000,0x0000004614800000) (1024K)]
  0x000001b9d532a060 JavaThread "File lock release action executor Thread 3"        [_thread_blocked, id=34164, stack(0x0000004611b00000,0x0000004611c00000) (1024K)]
  0x000001b9d5329340 JavaThread "jar transforms Thread 2"           [_thread_blocked, id=37760, stack(0x0000004614800000,0x0000004614900000) (1024K)]
Total: 31

Other Threads:
  0x000001b98f171510 VMThread "VM Thread"                           [id=35796, stack(0x0000004612500000,0x0000004612600000) (1024K)]
  0x000001b98f1611b0 WatcherThread "VM Periodic Task Thread"        [id=36016, stack(0x0000004612400000,0x0000004612500000) (1024K)]
  0x000001b9f5249fa0 WorkerThread "GC Thread#0"                     [id=4176, stack(0x0000004611f00000,0x0000004612000000) (1024K)]
  0x000001b98f5766d0 WorkerThread "GC Thread#1"                     [id=36472, stack(0x0000004613000000,0x0000004613100000) (1024K)]
  0x000001b98f58ef80 WorkerThread "GC Thread#2"                     [id=36360, stack(0x0000004613100000,0x0000004613200000) (1024K)]
  0x000001b98fcdefa0 WorkerThread "GC Thread#3"                     [id=35700, stack(0x0000004613200000,0x0000004613300000) (1024K)]
  0x000001b9d51d6fa0 WorkerThread "GC Thread#4"                     [id=9452, stack(0x0000004613300000,0x0000004613400000) (1024K)]
  0x000001b98f4b6870 WorkerThread "GC Thread#5"                     [id=37240, stack(0x0000004613700000,0x0000004613800000) (1024K)]
  0x000001b98f325030 WorkerThread "GC Thread#6"                     [id=37244, stack(0x0000004613800000,0x0000004613900000) (1024K)]
  0x000001b98f3253e0 WorkerThread "GC Thread#7"                     [id=37248, stack(0x0000004613900000,0x0000004613a00000) (1024K)]
  0x000001b9f2e3dfe0 ConcurrentGCThread "G1 Main Marker"            [id=10188, stack(0x0000004612000000,0x0000004612100000) (1024K)]
  0x000001b9f2e3e7a0 WorkerThread "G1 Conc#0"                       [id=35692, stack(0x0000004612100000,0x0000004612200000) (1024K)]
  0x000001b9d51cabd0 WorkerThread "G1 Conc#1"                       [id=37664, stack(0x0000004611c00000,0x0000004611d00000) (1024K)]
  0x000001b98f030510 ConcurrentGCThread "G1 Refine#0"               [id=35360, stack(0x0000004612200000,0x0000004612300000) (1024K)]
  0x000001b98f030d40 ConcurrentGCThread "G1 Service"                [id=28268, stack(0x0000004612300000,0x0000004612400000) (1024K)]
Total: 15

Threads with active compile tasks:
C2 CompilerThread0  515052 4372   !   4       java.lang.ClassLoader::loadClass (121 bytes)
Total: 1

VM state: not at safepoint (normal execution)

VM Mutex/Monitor currently owned by a thread: None

Heap address: 0x0000000700000000, size: 4096 MB, Compressed Oops mode: Zero based, Oop shift amount: 3

CDS archive(s) mapped at: [0x000001b990000000-0x000001b990ba0000-0x000001b990ba0000), size 12189696, SharedBaseAddress: 0x000001b990000000, ArchiveRelocationMode: 1.
Compressed class space mapped at: 0x000001b991000000-0x000001b9d1000000, reserved size: 1073741824
Narrow klass base: 0x000001b990000000, Narrow klass shift: 0, Narrow klass range: 0x100000000

GC Precious Log:
 CardTable entry size: 512
 Card Set container configuration: InlinePtr #cards 4 size 8 Array Of Cards #cards 16 size 48 Howl #buckets 8 coarsen threshold 3686 Howl Bitmap #cards 512 size 80 coarsen threshold 460 Card regions per heap region 1 cards per card region 4096
 CPUs: 8 total, 8 available
 Memory: 7502M
 Large Page Support: Disabled
 NUMA Support: Disabled
 Compressed Oops: Enabled (Zero based)
 Heap Region Size: 2M
 Heap Min Capacity: 8M
 Heap Initial Capacity: 118M
 Heap Max Capacity: 4G
 Pre-touch: Disabled
 Parallel Workers: 8
 Concurrent Workers: 2
 Concurrent Refinement Workers: 8
 Periodic GC: Disabled

Heap:
 garbage-first heap   total 90112K, used 37121K [0x0000000700000000, 0x0000000800000000)
  region size 2048K, 9 young (18432K), 3 survivors (6144K)
 Metaspace       used 27301K, committed 28224K, reserved 1114112K
  class space    used 4091K, committed 4544K, reserved 1048576K

Heap Regions: E=young(eden), S=young(survivor), O=old, HS=humongous(starts), HC=humongous(continues), CS=collection set, F=free, TAMS=top-at-mark-start, PB=parsable bottom
|   0|0x0000000700000000, 0x0000000700200000, 0x0000000700200000|100%|HS|  |TAMS 0x0000000700000000| PB 0x0000000700000000| Complete 
|   1|0x0000000700200000, 0x0000000700400000, 0x0000000700400000|100%|HC|  |TAMS 0x0000000700200000| PB 0x0000000700200000| Complete 
|   2|0x0000000700400000, 0x0000000700600000, 0x0000000700600000|100%| O|  |TAMS 0x0000000700400000| PB 0x0000000700400000| Untracked 
|   3|0x0000000700600000, 0x0000000700800000, 0x0000000700800000|100%| O|  |TAMS 0x0000000700600000| PB 0x0000000700600000| Untracked 
|   4|0x0000000700800000, 0x0000000700a00000, 0x0000000700a00000|100%| O|  |TAMS 0x0000000700800000| PB 0x0000000700800000| Untracked 
|   5|0x0000000700a00000, 0x0000000700c00000, 0x0000000700c00000|100%| O|  |TAMS 0x0000000700a00000| PB 0x0000000700a00000| Untracked 
|   6|0x0000000700c00000, 0x0000000700e00000, 0x0000000700e00000|100%| O|  |TAMS 0x0000000700c00000| PB 0x0000000700c00000| Untracked 
|   7|0x0000000700e00000, 0x0000000701000000, 0x0000000701000000|100%| O|  |TAMS 0x0000000700e00000| PB 0x0000000700e00000| Untracked 
|   8|0x0000000701000000, 0x0000000701200000, 0x0000000701200000|100%| O|  |TAMS 0x0000000701000000| PB 0x0000000701000000| Untracked 
|   9|0x0000000701200000, 0x0000000701200000, 0x0000000701400000|  0%| F|  |TAMS 0x0000000701200000| PB 0x0000000701200000| Untracked 
|  10|0x0000000701400000, 0x0000000701600000, 0x0000000701600000|100%| O|  |TAMS 0x0000000701400000| PB 0x0000000701400000| Untracked 
|  11|0x0000000701600000, 0x00000007017b9cf0, 0x0000000701800000| 86%| O|  |TAMS 0x0000000701600000| PB 0x0000000701600000| Untracked 
|  12|0x0000000701800000, 0x0000000701800000, 0x0000000701a00000|  0%| F|  |TAMS 0x0000000701800000| PB 0x0000000701800000| Untracked 
|  13|0x0000000701a00000, 0x0000000701a00000, 0x0000000701c00000|  0%| F|  |TAMS 0x0000000701a00000| PB 0x0000000701a00000| Untracked 
|  14|0x0000000701c00000, 0x0000000701c00000, 0x0000000701e00000|  0%| F|  |TAMS 0x0000000701c00000| PB 0x0000000701c00000| Untracked 
|  15|0x0000000701e00000, 0x0000000701e00000, 0x0000000702000000|  0%| F|  |TAMS 0x0000000701e00000| PB 0x0000000701e00000| Untracked 
|  16|0x0000000702000000, 0x0000000702000000, 0x0000000702200000|  0%| F|  |TAMS 0x0000000702000000| PB 0x0000000702000000| Untracked 
|  17|0x0000000702200000, 0x0000000702200000, 0x0000000702400000|  0%| F|  |TAMS 0x0000000702200000| PB 0x0000000702200000| Untracked 
|  18|0x0000000702400000, 0x0000000702400000, 0x0000000702600000|  0%| F|  |TAMS 0x0000000702400000| PB 0x0000000702400000| Untracked 
|  19|0x0000000702600000, 0x0000000702686780, 0x0000000702800000| 26%| S|CS|TAMS 0x0000000702600000| PB 0x0000000702600000| Complete 
|  20|0x0000000702800000, 0x0000000702a00000, 0x0000000702a00000|100%| S|CS|TAMS 0x0000000702800000| PB 0x0000000702800000| Complete 
|  21|0x0000000702a00000, 0x0000000702c00000, 0x0000000702c00000|100%| S|CS|TAMS 0x0000000702a00000| PB 0x0000000702a00000| Complete 
|  22|0x0000000702c00000, 0x0000000702c00000, 0x0000000702e00000|  0%| F|  |TAMS 0x0000000702c00000| PB 0x0000000702c00000| Untracked 
|  23|0x0000000702e00000, 0x0000000702e00000, 0x0000000703000000|  0%| F|  |TAMS 0x0000000702e00000| PB 0x0000000702e00000| Untracked 
|  24|0x0000000703000000, 0x0000000703000000, 0x0000000703200000|  0%| F|  |TAMS 0x0000000703000000| PB 0x0000000703000000| Untracked 
|  25|0x0000000703200000, 0x0000000703200000, 0x0000000703400000|  0%| F|  |TAMS 0x0000000703200000| PB 0x0000000703200000| Untracked 
|  26|0x0000000703400000, 0x0000000703400000, 0x0000000703600000|  0%| F|  |TAMS 0x0000000703400000| PB 0x0000000703400000| Untracked 
|  27|0x0000000703600000, 0x0000000703600000, 0x0000000703800000|  0%| F|  |TAMS 0x0000000703600000| PB 0x0000000703600000| Untracked 
|  28|0x0000000703800000, 0x0000000703800000, 0x0000000703a00000|  0%| F|  |TAMS 0x0000000703800000| PB 0x0000000703800000| Untracked 
|  29|0x0000000703a00000, 0x0000000703a00000, 0x0000000703c00000|  0%| F|  |TAMS 0x0000000703a00000| PB 0x0000000703a00000| Untracked 
|  30|0x0000000703c00000, 0x0000000703c00000, 0x0000000703e00000|  0%| F|  |TAMS 0x0000000703c00000| PB 0x0000000703c00000| Untracked 
|  31|0x0000000703e00000, 0x0000000703e00000, 0x0000000704000000|  0%| F|  |TAMS 0x0000000703e00000| PB 0x0000000703e00000| Untracked 
|  32|0x0000000704000000, 0x0000000704000000, 0x0000000704200000|  0%| F|  |TAMS 0x0000000704000000| PB 0x0000000704000000| Untracked 
|  33|0x0000000704200000, 0x0000000704200000, 0x0000000704400000|  0%| F|  |TAMS 0x0000000704200000| PB 0x0000000704200000| Untracked 
|  34|0x0000000704400000, 0x0000000704400000, 0x0000000704600000|  0%| F|  |TAMS 0x0000000704400000| PB 0x0000000704400000| Untracked 
|  35|0x0000000704600000, 0x0000000704600000, 0x0000000704800000|  0%| F|  |TAMS 0x0000000704600000| PB 0x0000000704600000| Untracked 
|  36|0x0000000704800000, 0x0000000704800000, 0x0000000704a00000|  0%| F|  |TAMS 0x0000000704800000| PB 0x0000000704800000| Untracked 
|  37|0x0000000704a00000, 0x0000000704a00000, 0x0000000704c00000|  0%| F|  |TAMS 0x0000000704a00000| PB 0x0000000704a00000| Untracked 
|  38|0x0000000704c00000, 0x0000000704cc7260, 0x0000000704e00000| 38%| E|  |TAMS 0x0000000704c00000| PB 0x0000000704c00000| Complete 
|  39|0x0000000704e00000, 0x0000000705000000, 0x0000000705000000|100%| E|CS|TAMS 0x0000000704e00000| PB 0x0000000704e00000| Complete 
|  40|0x0000000705000000, 0x0000000705200000, 0x0000000705200000|100%| E|CS|TAMS 0x0000000705000000| PB 0x0000000705000000| Complete 
|  41|0x0000000705200000, 0x0000000705400000, 0x0000000705400000|100%| E|CS|TAMS 0x0000000705200000| PB 0x0000000705200000| Complete 
|  42|0x0000000705400000, 0x0000000705600000, 0x0000000705600000|100%| E|CS|TAMS 0x0000000705400000| PB 0x0000000705400000| Complete 
|  58|0x0000000707400000, 0x0000000707600000, 0x0000000707600000|100%| E|CS|TAMS 0x0000000707400000| PB 0x0000000707400000| Complete 

Card table byte_map: [0x000001b9f8f00000,0x000001b9f9700000] _byte_map_base: 0x000001b9f5700000

Marking Bits: (CMBitMap*) 0x000001b9f524b4d0
 Bits: [0x000001b9f9700000, 0x000001b9fd700000)

Polling page: 0x000001b9f2fd0000

Metaspace:

Usage:
  Non-class:     22.67 MB used.
      Class:      4.00 MB used.
       Both:     26.66 MB used.

Virtual space:
  Non-class space:       64.00 MB reserved,      23.12 MB ( 36%) committed,  1 nodes.
      Class space:        1.00 GB reserved,       4.44 MB ( <1%) committed,  1 nodes.
             Both:        1.06 GB reserved,      27.56 MB (  3%) committed. 

Chunk freelists:
   Non-Class:  8.06 MB
       Class:  11.39 MB
        Both:  19.45 MB

MaxMetaspaceSize: unlimited
CompressedClassSpaceSize: 1.00 GB
Initial GC threshold: 21.00 MB
Current GC threshold: 35.31 MB
CDS: on
 - commit_granule_bytes: 65536.
 - commit_granule_words: 8192.
 - virtual_space_node_default_size: 8388608.
 - enlarge_chunks_in_place: 1.
 - use_allocation_guard: 0.


Internal statistics:

num_allocs_failed_limit: 3.
num_arena_births: 1546.
num_arena_deaths: 0.
num_vsnodes_births: 2.
num_vsnodes_deaths: 0.
num_space_committed: 441.
num_space_uncommitted: 0.
num_chunks_returned_to_freelist: 3.
num_chunks_taken_from_freelist: 2746.
num_chunk_merges: 3.
num_chunk_splits: 1778.
num_chunks_enlarged: 1136.
num_inconsistent_stats: 0.

CodeHeap 'non-profiled nmethods': size=120000Kb used=2588Kb max_used=2588Kb free=117411Kb
 bounds [0x000001b987ad0000, 0x000001b987d60000, 0x000001b98f000000]
CodeHeap 'profiled nmethods': size=120000Kb used=8597Kb max_used=8597Kb free=111402Kb
 bounds [0x000001b980000000, 0x000001b980870000, 0x000001b987530000]
CodeHeap 'non-nmethods': size=5760Kb used=1432Kb max_used=1464Kb free=4327Kb
 bounds [0x000001b987530000, 0x000001b9877a0000, 0x000001b987ad0000]
CodeCache: size=245760Kb, used=12617Kb, max_used=12649Kb, free=233140Kb
 total_blobs=4927, nmethods=4341, adapters=490, full_count=0
Compilation: enabled, stopped_count=0, restarted_count=0

Compilation events (20 events):
Event: 513.421 Thread 0x000001b98f1b4e60 4381       3       java.util.stream.MatchOps$1MatchSink::accept (44 bytes)
Event: 513.422 Thread 0x000001b98f1b4e60 nmethod 4381 0x000001b98085f190 code [0x000001b98085f340, 0x000001b98085f5a8]
Event: 513.439 Thread 0x000001b98f1b4e60 4382       3       sun.invoke.util.VerifyAccess::isModuleAccessible (97 bytes)
Event: 513.441 Thread 0x000001b98f1b4e60 nmethod 4382 0x000001b98085f690 code [0x000001b98085f960, 0x000001b9808605d0]
Event: 513.445 Thread 0x000001b98f1b4e60 4383       3       jdk.internal.loader.URLClassPath$JarLoader$2::getInputStream (15 bytes)
Event: 513.445 Thread 0x000001b98f1b4e60 nmethod 4383 0x000001b980860a90 code [0x000001b980860c40, 0x000001b980860e28]
Event: 513.493 Thread 0x000001b98f1b4e60 4385       3       java.lang.ClassLoader::getClassLoadingLock (35 bytes)
Event: 513.493 Thread 0x000001b98f1b4e60 nmethod 4385 0x000001b980860f10 code [0x000001b9808610e0, 0x000001b9808613c8]
Event: 513.553 Thread 0x000001b98f1b4e60 4386   !   3       java.net.URLClassLoader::defineClass (224 bytes)
Event: 513.555 Thread 0x000001b98f1b4e60 nmethod 4386 0x000001b980861510 code [0x000001b980861940, 0x000001b980863518]
Event: 513.597 Thread 0x000001b98f1b4e60 4387       3       java.lang.String::regionMatches (150 bytes)
Event: 513.598 Thread 0x000001b98f1b4e60 nmethod 4387 0x000001b980863f10 code [0x000001b980864160, 0x000001b980864930]
Event: 514.224 Thread 0x000001b98f1b4e60 4388       1       java.lang.management.DefaultPlatformMBeanProvider$9::mbeanInterfaceNames (5 bytes)
Event: 514.233 Thread 0x000001b98f1b4e60 nmethod 4388 0x000001b987d56790 code [0x000001b987d56920, 0x000001b987d569f0]
Event: 514.233 Thread 0x000001b98f1b4e60 4391       1       com.sun.management.internal.PlatformMBeanProviderImpl$1::mbeanInterfaceNames (5 bytes)
Event: 514.243 Thread 0x000001b98f1b4e60 nmethod 4391 0x000001b987d56a90 code [0x000001b987d56c20, 0x000001b987d56cf0]
Event: 514.243 Thread 0x000001b98f1b4e60 4389       1       java.lang.management.DefaultPlatformMBeanProvider$1::mbeanInterfaceNames (5 bytes)
Event: 514.268 Thread 0x000001b98f1b4e60 nmethod 4389 0x000001b987d56d90 code [0x000001b987d56f20, 0x000001b987d56ff0]
Event: 514.268 Thread 0x000001b98f1b4e60 4390       1       com.sun.management.internal.PlatformMBeanProviderImpl$5::mbeanInterfaceNames (5 bytes)
Event: 514.268 Thread 0x000001b98f1b4e60 nmethod 4390 0x000001b987d57090 code [0x000001b987d57220, 0x000001b987d572f0]

GC Heap History (14 events):
Event: 2.161 GC heap before
{Heap before GC invocations=0 (full 0):
 garbage-first heap   total 120832K, used 22528K [0x0000000700000000, 0x0000000800000000)
  region size 2048K, 11 young (22528K), 0 survivors (0K)
 Metaspace       used 889K, committed 1024K, reserved 1114112K
  class space    used 71K, committed 128K, reserved 1048576K
}
Event: 2.177 GC heap after
{Heap after GC invocations=1 (full 0):
 garbage-first heap   total 120832K, used 1536K [0x0000000700000000, 0x0000000800000000)
  region size 2048K, 1 young (2048K), 1 survivors (2048K)
 Metaspace       used 889K, committed 1024K, reserved 1114112K
  class space    used 71K, committed 128K, reserved 1048576K
}
Event: 5.020 GC heap before
{Heap before GC invocations=1 (full 0):
 garbage-first heap   total 120832K, used 44544K [0x0000000700000000, 0x0000000800000000)
  region size 2048K, 21 young (43008K), 1 survivors (2048K)
 Metaspace       used 4394K, committed 4544K, reserved 1114112K
  class space    used 558K, committed 640K, reserved 1048576K
}
Event: 5.032 GC heap after
{Heap after GC invocations=2 (full 0):
 garbage-first heap   total 120832K, used 11767K [0x0000000700000000, 0x0000000800000000)
  region size 2048K, 3 young (6144K), 3 survivors (6144K)
 Metaspace       used 4394K, committed 4544K, reserved 1114112K
  class space    used 558K, committed 640K, reserved 1048576K
}
Event: 14.618 GC heap before
{Heap before GC invocations=2 (full 0):
 garbage-first heap   total 120832K, used 77303K [0x0000000700000000, 0x0000000800000000)
  region size 2048K, 35 young (71680K), 3 survivors (6144K)
 Metaspace       used 9287K, committed 9600K, reserved 1114112K
  class space    used 1261K, committed 1408K, reserved 1048576K
}
Event: 14.630 GC heap after
{Heap after GC invocations=3 (full 0):
 garbage-first heap   total 120832K, used 20440K [0x0000000700000000, 0x0000000800000000)
  region size 2048K, 5 young (10240K), 5 survivors (10240K)
 Metaspace       used 9287K, committed 9600K, reserved 1114112K
  class space    used 1261K, committed 1408K, reserved 1048576K
}
Event: 120.034 GC heap before
{Heap before GC invocations=3 (full 0):
 garbage-first heap   total 120832K, used 81880K [0x0000000700000000, 0x0000000800000000)
  region size 2048K, 35 young (71680K), 5 survivors (10240K)
 Metaspace       used 17191K, committed 17728K, reserved 1114112K
  class space    used 2412K, committed 2624K, reserved 1048576K
}
Event: 120.172 GC heap after
{Heap after GC invocations=4 (full 0):
 garbage-first heap   total 120832K, used 22897K [0x0000000700000000, 0x0000000800000000)
  region size 2048K, 2 young (4096K), 2 survivors (4096K)
 Metaspace       used 17191K, committed 17728K, reserved 1114112K
  class space    used 2412K, committed 2624K, reserved 1048576K
}
Event: 139.428 GC heap before
{Heap before GC invocations=4 (full 0):
 garbage-first heap   total 120832K, used 53617K [0x0000000700000000, 0x0000000800000000)
  region size 2048K, 18 young (36864K), 2 survivors (4096K)
 Metaspace       used 20798K, committed 21504K, reserved 1114112K
  class space    used 3037K, committed 3392K, reserved 1048576K
}
Event: 139.456 GC heap after
{Heap after GC invocations=5 (full 0):
 garbage-first heap   total 120832K, used 25208K [0x0000000700000000, 0x0000000800000000)
  region size 2048K, 3 young (6144K), 3 survivors (6144K)
 Metaspace       used 20798K, committed 21504K, reserved 1114112K
  class space    used 3037K, committed 3392K, reserved 1048576K
}
Event: 203.773 GC heap before
{Heap before GC invocations=6 (full 0):
 garbage-first heap   total 90112K, used 72312K [0x0000000700000000, 0x0000000800000000)
  region size 2048K, 26 young (53248K), 3 survivors (6144K)
 Metaspace       used 26198K, committed 27072K, reserved 1114112K
  class space    used 3918K, committed 4352K, reserved 1048576K
}
Event: 203.944 GC heap after
{Heap after GC invocations=7 (full 0):
 garbage-first heap   total 90112K, used 27002K [0x0000000700000000, 0x0000000800000000)
  region size 2048K, 3 young (6144K), 3 survivors (6144K)
 Metaspace       used 26198K, committed 27072K, reserved 1114112K
  class space    used 3918K, committed 4352K, reserved 1048576K
}
Event: 461.275 GC heap before
{Heap before GC invocations=7 (full 0):
 garbage-first heap   total 90112K, used 72058K [0x0000000700000000, 0x0000000800000000)
  region size 2048K, 25 young (51200K), 3 survivors (6144K)
 Metaspace       used 26966K, committed 27904K, reserved 1114112K
  class space    used 4037K, committed 4480K, reserved 1048576K
}
Event: 461.462 GC heap after
{Heap after GC invocations=8 (full 0):
 garbage-first heap   total 90112K, used 26881K [0x0000000700000000, 0x0000000800000000)
  region size 2048K, 3 young (6144K), 3 survivors (6144K)
 Metaspace       used 26966K, committed 27904K, reserved 1114112K
  class space    used 4037K, committed 4480K, reserved 1048576K
}

Dll operation events (20 events):
Event: 0.352 Attempting to load shared library C:\Users\NAGARAJU\.antigravity-ide\extensions\redhat.java-1.56.0-win32-x64\jre\21.0.12.1-win32-x86_64\bin\nio.dll
Event: 0.355 Loaded shared library C:\Users\NAGARAJU\.antigravity-ide\extensions\redhat.java-1.56.0-win32-x64\jre\21.0.12.1-win32-x86_64\bin\nio.dll
Event: 0.365 Attempting to load shared library C:\Users\NAGARAJU\.antigravity-ide\extensions\redhat.java-1.56.0-win32-x64\jre\21.0.12.1-win32-x86_64\bin\zip.dll
Event: 0.365 Loaded shared library C:\Users\NAGARAJU\.antigravity-ide\extensions\redhat.java-1.56.0-win32-x64\jre\21.0.12.1-win32-x86_64\bin\zip.dll
Event: 2.184 Attempting to load shared library C:\Users\NAGARAJU\.antigravity-ide\extensions\redhat.java-1.56.0-win32-x64\jre\21.0.12.1-win32-x86_64\bin\jimage.dll
Event: 2.184 Loaded shared library C:\Users\NAGARAJU\.antigravity-ide\extensions\redhat.java-1.56.0-win32-x64\jre\21.0.12.1-win32-x86_64\bin\jimage.dll
Event: 2.813 Attempting to load shared library C:\Users\NAGARAJU\.antigravity-ide\extensions\redhat.java-1.56.0-win32-x64\jre\21.0.12.1-win32-x86_64\bin\verify.dll
Event: 2.823 Loaded shared library C:\Users\NAGARAJU\.antigravity-ide\extensions\redhat.java-1.56.0-win32-x64\jre\21.0.12.1-win32-x86_64\bin\verify.dll
Event: 3.180 Attempting to load shared library C:\Users\NAGARAJU\.gradle\native\1def1411415f61bf3af743bc5b6707747c0891f09f0c88961ee8f79bc544acac\windows-amd64\native-platform.dll
Event: 3.184 Loaded shared library C:\Users\NAGARAJU\.gradle\native\1def1411415f61bf3af743bc5b6707747c0891f09f0c88961ee8f79bc544acac\windows-amd64\native-platform.dll
Event: 3.213 Attempting to load shared library C:\Users\NAGARAJU\.gradle\native\0.2.7\x86_64-windows-gnu\gradle-fileevents.dll
Event: 3.216 Loaded shared library C:\Users\NAGARAJU\.gradle\native\0.2.7\x86_64-windows-gnu\gradle-fileevents.dll
Event: 7.131 Attempting to load shared library C:\Users\NAGARAJU\.antigravity-ide\extensions\redhat.java-1.56.0-win32-x64\jre\21.0.12.1-win32-x86_64\bin\management.dll
Event: 7.132 Loaded shared library C:\Users\NAGARAJU\.antigravity-ide\extensions\redhat.java-1.56.0-win32-x64\jre\21.0.12.1-win32-x86_64\bin\management.dll
Event: 7.136 Attempting to load shared library C:\Users\NAGARAJU\.antigravity-ide\extensions\redhat.java-1.56.0-win32-x64\jre\21.0.12.1-win32-x86_64\bin\management_ext.dll
Event: 7.139 Loaded shared library C:\Users\NAGARAJU\.antigravity-ide\extensions\redhat.java-1.56.0-win32-x64\jre\21.0.12.1-win32-x86_64\bin\management_ext.dll
Event: 7.726 Attempting to load shared library C:\Users\NAGARAJU\.antigravity-ide\extensions\redhat.java-1.56.0-win32-x64\jre\21.0.12.1-win32-x86_64\bin\extnet.dll
Event: 7.770 Loaded shared library C:\Users\NAGARAJU\.antigravity-ide\extensions\redhat.java-1.56.0-win32-x64\jre\21.0.12.1-win32-x86_64\bin\extnet.dll
Event: 15.934 Attempting to load shared library C:\Users\NAGARAJU\.antigravity-ide\extensions\redhat.java-1.56.0-win32-x64\jre\21.0.12.1-win32-x86_64\bin\sunmscapi.dll
Event: 16.172 Loaded shared library C:\Users\NAGARAJU\.antigravity-ide\extensions\redhat.java-1.56.0-win32-x64\jre\21.0.12.1-win32-x86_64\bin\sunmscapi.dll

Deoptimization events (20 events):
Event: 510.153 Thread 0x000001b9d535f870 Uncommon trap: trap_request=0xffffff45 fr.pc=0x000001b987cd9a00 relative=0x0000000000002de0
Event: 510.154 Thread 0x000001b9d535f870 Uncommon trap: reason=unstable_if action=reinterpret pc=0x000001b987cd9a00 method=java.lang.String.regionMatches(ZILjava/lang/String;II)Z @ 36 c2
Event: 510.154 Thread 0x000001b9d535f870 DEOPT PACKING pc=0x000001b987cd9a00 sp=0x0000004613dfa760
Event: 510.154 Thread 0x000001b9d535f870 DEOPT UNPACKING pc=0x000001b987584422 sp=0x0000004613dfa660 mode 2
Event: 510.163 Thread 0x000001b9d535f870 Uncommon trap: trap_request=0xffffffde fr.pc=0x000001b987b368c0 relative=0x0000000000001080
Event: 510.163 Thread 0x000001b9d535f870 Uncommon trap: reason=class_check action=maybe_recompile pc=0x000001b987b368c0 method=jdk.internal.loader.URLClassPath.getLoader(I)Ljdk/internal/loader/URLClassPath$Loader; @ 88 c2
Event: 510.163 Thread 0x000001b9d535f870 DEOPT PACKING pc=0x000001b987b368c0 sp=0x0000004613dfa9d0
Event: 510.163 Thread 0x000001b9d535f870 DEOPT UNPACKING pc=0x000001b987584422 sp=0x0000004613dfa9c0 mode 2
Event: 510.163 Thread 0x000001b9d535f870 Uncommon trap: trap_request=0xffffffde fr.pc=0x000001b987ca0d14 relative=0x00000000000042d4
Event: 510.163 Thread 0x000001b9d535f870 Uncommon trap: reason=class_check action=maybe_recompile pc=0x000001b987ca0d14 method=jdk.internal.loader.URLClassPath.getResource(Ljava/lang/String;Z)Ljdk/internal/loader/Resource; @ 53 c2
Event: 510.163 Thread 0x000001b9d535f870 DEOPT PACKING pc=0x000001b987ca0d14 sp=0x0000004613dfaa90
Event: 510.163 Thread 0x000001b9d535f870 DEOPT UNPACKING pc=0x000001b987584422 sp=0x0000004613dfa8b0 mode 2
Event: 511.159 Thread 0x000001b9d535f870 Uncommon trap: trap_request=0xffffff45 fr.pc=0x000001b987c01b98 relative=0x00000000000000f8
Event: 511.159 Thread 0x000001b9d535f870 Uncommon trap: reason=unstable_if action=reinterpret pc=0x000001b987c01b98 method=java.lang.ClassLoader.getClassLoadingLock(Ljava/lang/String;)Ljava/lang/Object; @ 6 c2
Event: 511.159 Thread 0x000001b9d535f870 DEOPT PACKING pc=0x000001b987c01b98 sp=0x0000004613df9020
Event: 511.159 Thread 0x000001b9d535f870 DEOPT UNPACKING pc=0x000001b987584422 sp=0x0000004613df8fb0 mode 2
Event: 511.303 Thread 0x000001b9d535f870 Uncommon trap: trap_request=0xffffff45 fr.pc=0x000001b987cd0a70 relative=0x00000000000008d0
Event: 511.303 Thread 0x000001b9d535f870 Uncommon trap: reason=unstable_if action=reinterpret pc=0x000001b987cd0a70 method=java.lang.Class.getPackageName()Ljava/lang/String; @ 55 c2
Event: 511.303 Thread 0x000001b9d535f870 DEOPT PACKING pc=0x000001b987cd0a70 sp=0x0000004613dfa670
Event: 511.323 Thread 0x000001b9d535f870 DEOPT UNPACKING pc=0x000001b987584422 sp=0x0000004613dfa630 mode 2

Classes loaded (20 events):
Event: 209.353 Loading class java/util/stream/Streams$RangeIntSpliterator
Event: 209.361 Loading class java/util/stream/Streams$RangeIntSpliterator done
Event: 209.363 Loading class java/util/stream/IntPipeline$Head
Event: 209.370 Loading class java/util/stream/IntPipeline
Event: 209.418 Loading class java/util/stream/IntPipeline done
Event: 209.418 Loading class java/util/stream/IntPipeline$Head done
Event: 510.109 Loading class jdk/internal/loader/URLClassPath$FileLoader
Event: 510.122 Loading class jdk/internal/loader/URLClassPath$FileLoader done
Event: 510.168 Loading class jdk/internal/loader/URLClassPath$FileLoader$1
Event: 510.171 Loading class jdk/internal/loader/URLClassPath$FileLoader$1 done
Event: 513.074 Loading class java/beans/Transient
Event: 513.078 Loading class java/beans/Transient done
Event: 513.466 Loading class java/util/stream/IntPipeline$1
Event: 513.469 Loading class java/util/stream/IntPipeline$1 done
Event: 513.474 Loading class java/util/stream/IntPipeline$1$1
Event: 513.479 Loading class java/util/stream/Sink$ChainedInt
Event: 513.483 Loading class java/util/stream/Sink$OfInt
Event: 513.485 Loading class java/util/stream/Sink$OfInt done
Event: 513.485 Loading class java/util/stream/Sink$ChainedInt done
Event: 513.485 Loading class java/util/stream/IntPipeline$1$1 done

Classes unloaded (0 events):
No events

Classes redefined (0 events):
No events

Internal exceptions (20 events):
Event: 146.887 Thread 0x000001b9d535f870 Exception <a 'java/lang/NoSuchMethodError'{0x00000007040f9e48}: 'java.lang.Object java.lang.invoke.DirectMethodHandle$Holder.invokeVirtual(java.lang.Object, java.lang.Object, java.lang.Object, java.lang.Object, java.lang.Object, java.lang.Object, java.lang.Object, java.lang.Object, java.lang.Object, java.lang.Object, java.lang.Object, java.lang.Object, java.lang.Object)'> (0x00000007040f9e48) 
thrown [s\src\hotspot\share\interpreter\linkResolver.cpp, line 773]
Event: 146.890 Thread 0x000001b9d535f870 Exception <a 'java/lang/NoSuchMethodError'{0x00000007040ff080}: 'java.lang.Object java.lang.invoke.DirectMethodHandle$Holder.invokeSpecial(java.lang.Object, java.lang.Object, java.lang.Object, java.lang.Object, java.lang.Object, java.lang.Object, java.lang.Object, java.lang.Object, java.lang.Object, java.lang.Object, java.lang.Object, java.lang.Object, java.lang.Object, java.lang.Object)'> (0x00000007040ff080) 
thrown [s\src\hotspot\share\interpreter\linkResolver.cpp, line 773]
Event: 147.019 Thread 0x000001b9d535f870 Exception <a 'java/lang/NoSuchMethodError'{0x0000000704103dd0}: 'java.lang.Object java.lang.invoke.DelegatingMethodHandle$Holder.reinvoke_L(java.lang.Object, java.lang.Object, java.lang.Object, java.lang.Object, java.lang.Object, java.lang.Object, java.lang.Object, java.lang.Object, java.lang.Object, java.lang.Object, java.lang.Object, java.lang.Object, java.lang.Object)'> (0x0000000704103dd0) 
thrown [s\src\hotspot\share\interpreter\linkResolver.cpp, line 773]
Event: 147.349 Thread 0x000001b9d535f870 Exception <a 'java/lang/NoSuchMethodError'{0x0000000703ea6be8}: 'void java.lang.invoke.DirectMethodHandle$Holder.invokeStaticInit(java.lang.Object, java.lang.Object)'> (0x0000000703ea6be8) 
thrown [s\src\hotspot\share\interpreter\linkResolver.cpp, line 773]
Event: 148.622 Thread 0x000001b9d535f870 Exception <a 'java/lang/NoSuchMethodError'{0x0000000703a83ff8}: 'java.lang.Object java.lang.invoke.DirectMethodHandle$Holder.newInvokeSpecial(java.lang.Object, java.lang.Object, java.lang.Object, java.lang.Object, java.lang.Object, java.lang.Object, java.lang.Object, java.lang.Object, java.lang.Object)'> (0x0000000703a83ff8) 
thrown [s\src\hotspot\share\interpreter\linkResolver.cpp, line 773]
Event: 149.763 Thread 0x000001b9d535f870 Exception <a 'java/lang/NoSuchMethodError'{0x000000070397e970}: 'int java.lang.invoke.DirectMethodHandle$Holder.invokeVirtual(java.lang.Object, java.lang.Object)'> (0x000000070397e970) 
thrown [s\src\hotspot\share\interpreter\linkResolver.cpp, line 773]
Event: 150.541 Thread 0x000001b9d535f870 Exception <a 'java/lang/NoSuchMethodError'{0x000000070345d2b0}: 'void java.lang.invoke.DirectMethodHandle$Holder.invokeInterface(java.lang.Object, java.lang.Object, java.lang.Object, java.lang.Object, java.lang.Object)'> (0x000000070345d2b0) 
thrown [s\src\hotspot\share\interpreter\linkResolver.cpp, line 773]
Event: 150.617 Thread 0x000001b9d535f870 Exception <a 'java/lang/NoSuchMethodError'{0x0000000703495e20}: 'void java.lang.invoke.DirectMethodHandle$Holder.invokeStatic(java.lang.Object, java.lang.Object, java.lang.Object, java.lang.Object, java.lang.Object, java.lang.Object)'> (0x0000000703495e20) 
thrown [s\src\hotspot\share\interpreter\linkResolver.cpp, line 773]
Event: 159.763 Thread 0x000001b9d535f870 Exception <a 'java/lang/IncompatibleClassChangeError'{0x0000000702d7ad98}: Found class java.lang.Object, but interface was expected> (0x0000000702d7ad98) 
thrown [s\src\hotspot\share\interpreter\linkResolver.cpp, line 840]
Event: 160.846 Thread 0x000001b9d535f870 Exception <a 'java/lang/NoSuchMethodError'{0x0000000702a4db88}: 'java.lang.Object java.lang.invoke.DirectMethodHandle$Holder.newInvokeSpecial(java.lang.Object, java.lang.Object, long)'> (0x0000000702a4db88) 
thrown [s\src\hotspot\share\interpreter\linkResolver.cpp, line 773]
Event: 160.849 Thread 0x000001b9d535f870 Exception <a 'java/lang/NoSuchMethodError'{0x0000000702a51f30}: 'java.lang.Object java.lang.invoke.Invokers$Holder.linkToTargetMethod(java.lang.Object, long, java.lang.Object)'> (0x0000000702a51f30) 
thrown [s\src\hotspot\share\interpreter\linkResolver.cpp, line 773]
Event: 161.384 Thread 0x000001b9d535ff00 Implicit null exception at 0x000001b987c275e1 to 0x000001b987c27c54
Event: 161.384 Thread 0x000001b9d535ff00 Implicit null exception at 0x000001b987c255c7 to 0x000001b987c259b0
Event: 209.060 Thread 0x000001b9d535f870 Exception <a 'java/lang/NoSuchMethodError'{0x000000070544df28}: 'int java.lang.invoke.DirectMethodHandle$Holder.invokeInterface(java.lang.Object, java.lang.Object)'> (0x000000070544df28) 
thrown [s\src\hotspot\share\interpreter\linkResolver.cpp, line 773]
Event: 209.302 Thread 0x000001b9d535f870 Exception <a 'java/lang/NoSuchMethodError'{0x00000007054d8450}: 'java.lang.Object java.lang.invoke.DirectMethodHandle$Holder.invokeVirtual(java.lang.Object, java.lang.Object, int)'> (0x00000007054d8450) 
thrown [s\src\hotspot\share\interpreter\linkResolver.cpp, line 773]
Event: 210.728 Thread 0x000001b9d535f870 Exception <a 'java/lang/NoSuchMethodError'{0x0000000705596910}: 'java.lang.Object java.lang.invoke.DirectMethodHandle$Holder.invokeStatic(java.lang.Object, java.lang.Object, int, java.lang.Object)'> (0x0000000705596910) 
thrown [s\src\hotspot\share\interpreter\linkResolver.cpp, line 773]
Event: 210.733 Thread 0x000001b9d535f870 Exception <a 'java/lang/NoSuchMethodError'{0x000000070559dd68}: 'java.lang.Object java.lang.invoke.DirectMethodHandle$Holder.newInvokeSpecial(java.lang.Object, java.lang.Object, int, java.lang.Object)'> (0x000000070559dd68) 
thrown [s\src\hotspot\share\interpreter\linkResolver.cpp, line 773]
Event: 210.736 Thread 0x000001b9d535f870 Exception <a 'java/lang/NoSuchMethodError'{0x00000007055a2500}: 'java.lang.Object java.lang.invoke.DirectMethodHandle$Holder.invokeSpecial(java.lang.Object, java.lang.Object, java.lang.Object, int, java.lang.Object)'> (0x00000007055a2500) 
thrown [s\src\hotspot\share\interpreter\linkResolver.cpp, line 773]
Event: 509.773 Thread 0x000001b9d535f870 Exception <a 'java/lang/NoSuchMethodError'{0x0000000704e61700}: 'void java.lang.invoke.DirectMethodHandle$Holder.invokeInterface(java.lang.Object, java.lang.Object, java.lang.Object, java.lang.Object, java.lang.Object, java.lang.Object, java.lang.Object)'> (0x0000000704e61700) 
thrown [s\src\hotspot\share\interpreter\linkResolver.cpp, line 773]
Event: 509.960 Thread 0x000001b9d535f870 Exception <a 'java/lang/NoSuchMethodError'{0x0000000704e66088}: 'void java.lang.invoke.DelegatingMethodHandle$Holder.reinvoke_L(java.lang.Object, java.lang.Object, java.lang.Object, java.lang.Object, java.lang.Object, java.lang.Object, java.lang.Object)'> (0x0000000704e66088) 
thrown [s\src\hotspot\share\interpreter\linkResolver.cpp, line 773]

ZGC Phase Switch (0 events):
No events

VM Operations (20 events):
Event: 461.274 Executing safepoint VM operation: G1CollectForAllocation (G1 Evacuation Pause)
Event: 461.463 Executing safepoint VM operation: G1CollectForAllocation (G1 Evacuation Pause) done
Event: 475.537 Executing safepoint VM operation: Cleanup
Event: 475.537 Executing safepoint VM operation: Cleanup done
Event: 506.768 Executing safepoint VM operation: Cleanup
Event: 506.768 Executing safepoint VM operation: Cleanup done
Event: 508.784 Executing safepoint VM operation: Cleanup
Event: 508.785 Executing safepoint VM operation: Cleanup done
Event: 509.788 Executing safepoint VM operation: Cleanup
Event: 509.803 Executing safepoint VM operation: Cleanup done
Event: 510.808 Executing safepoint VM operation: Cleanup
Event: 510.948 Executing safepoint VM operation: Cleanup done
Event: 510.949 Executing non-safepoint VM operation: HandshakeAllThreads (Deoptimize)
Event: 510.963 Executing non-safepoint VM operation: HandshakeAllThreads (Deoptimize) done
Event: 510.970 Executing non-safepoint VM operation: HandshakeAllThreads (Deoptimize)
Event: 510.977 Executing non-safepoint VM operation: HandshakeAllThreads (Deoptimize) done
Event: 512.986 Executing safepoint VM operation: Cleanup
Event: 513.003 Executing safepoint VM operation: Cleanup done
Event: 514.008 Executing safepoint VM operation: Cleanup
Event: 514.009 Executing safepoint VM operation: Cleanup done

Memory protections (0 events):
No events

Nmethod flushes (0 events):
No events

Events (20 events):
Event: 16.750 Thread 0x000001b98f3cec70 Thread added: 0x000001b98f2d85b0
Event: 17.369 Thread 0x000001b98f3cec70 Thread added: 0x000001b98f530170
Event: 20.306 Thread 0x000001b98f3cec70 Thread added: 0x000001b9d535f870
Event: 20.319 Thread 0x000001b9d535f870 Thread added: 0x000001b9d535eb50
Event: 20.325 Thread 0x000001b9d535f870 Thread added: 0x000001b9d535e4c0
Event: 20.328 Thread 0x000001b9d535f870 Thread added: 0x000001b9d535de30
Event: 25.323 Thread 0x000001b9d535f870 Thread added: 0x000001b9d535ff00
Event: 25.461 Thread 0x000001b9d535f870 Thread added: 0x000001b9d535d110
Event: 26.060 Thread 0x000001b9d535d110 Thread added: 0x000001b9d535ca80
Event: 27.037 Thread 0x000001b9d535f870 Thread added: 0x000001b9d535d7a0
Event: 88.982 Thread 0x000001b9d535ca80 Thread exited: 0x000001b9d535ca80
Event: 89.627 Thread 0x000001b9d535d110 Thread added: 0x000001b9d535ca80
Event: 142.736 Thread 0x000001b9d535f870 Thread added: 0x000001b9d532baa0
Event: 144.731 Thread 0x000001b9d535f870 Thread added: 0x000001b9d532ad80
Event: 149.598 Thread 0x000001b9d535f870 Thread added: 0x000001b9d532c130
Event: 149.756 Thread 0x000001b9d535f870 Thread added: 0x000001b9d532c7c0
Event: 210.751 Thread 0x000001b9d535f870 Thread added: 0x000001b9d532b410
Event: 300.434 Thread 0x000001b9d535ca80 Thread exited: 0x000001b9d535ca80
Event: 505.917 Thread 0x000001b9d535d110 Thread added: 0x000001b9d532a060
Event: 508.245 Thread 0x000001b9d535f870 Thread added: 0x000001b9d5329340


Dynamic libraries:
0x00007ff6b7110000 - 0x00007ff6b711e000 	C:\Users\NAGARAJU\.antigravity-ide\extensions\redhat.java-1.56.0-win32-x64\jre\21.0.12.1-win32-x86_64\bin\java.exe
0x00007ffa1e680000 - 0x00007ffa1e8e6000 	C:\WINDOWS\SYSTEM32\ntdll.dll
0x00007ffa1cfe0000 - 0x00007ffa1d0a9000 	C:\WINDOWS\System32\KERNEL32.DLL
0x00007ffa1bbd0000 - 0x00007ffa1bfcf000 	C:\WINDOWS\System32\KERNELBASE.dll
0x00007ffa1b890000 - 0x00007ffa1b9dc000 	C:\WINDOWS\System32\ucrtbase.dll
0x00007ff9e90f0000 - 0x00007ff9e9108000 	C:\Users\NAGARAJU\.antigravity-ide\extensions\redhat.java-1.56.0-win32-x64\jre\21.0.12.1-win32-x86_64\bin\jli.dll
0x00007ffa1d870000 - 0x00007ffa1da36000 	C:\WINDOWS\System32\USER32.dll
0x00007ffa1c380000 - 0x00007ffa1c3a7000 	C:\WINDOWS\System32\win32u.dll
0x00007ffa1e170000 - 0x00007ffa1e19b000 	C:\WINDOWS\System32\GDI32.dll
0x00007ffa1b9f0000 - 0x00007ffa1bb19000 	C:\WINDOWS\System32\gdi32full.dll
0x00007ffa1bb20000 - 0x00007ffa1bbc3000 	C:\WINDOWS\System32\msvcp_win.dll
0x00007ff9e9110000 - 0x00007ff9e912e000 	C:\Users\NAGARAJU\.antigravity-ide\extensions\redhat.java-1.56.0-win32-x64\jre\21.0.12.1-win32-x86_64\bin\VCRUNTIME140.dll
0x00007ffa046c0000 - 0x00007ffa04951000 	C:\WINDOWS\WinSxS\amd64_microsoft.windows.common-controls_6595b64144ccf1df_6.0.26100.8972_none_3e0da176e32f9d4b\COMCTL32.dll
0x00007ffa1e0c0000 - 0x00007ffa1e169000 	C:\WINDOWS\System32\msvcrt.dll
0x00007ffa1d550000 - 0x00007ffa1d582000 	C:\WINDOWS\System32\IMM32.DLL
0x00007ff9e90e0000 - 0x00007ff9e90ec000 	C:\Users\NAGARAJU\.antigravity-ide\extensions\redhat.java-1.56.0-win32-x64\jre\21.0.12.1-win32-x86_64\bin\vcruntime140_1.dll
0x00007ff9abe00000 - 0x00007ff9abe8d000 	C:\Users\NAGARAJU\.antigravity-ide\extensions\redhat.java-1.56.0-win32-x64\jre\21.0.12.1-win32-x86_64\bin\msvcp140.dll
0x00007ff9126f0000 - 0x00007ff913492000 	C:\Users\NAGARAJU\.antigravity-ide\extensions\redhat.java-1.56.0-win32-x64\jre\21.0.12.1-win32-x86_64\bin\server\jvm.dll
0x00007ffa1e4b0000 - 0x00007ffa1e56c000 	C:\WINDOWS\System32\ADVAPI32.dll
0x00007ffa1d0b0000 - 0x00007ffa1d15a000 	C:\WINDOWS\System32\sechost.dll
0x00007ffa1da40000 - 0x00007ffa1db58000 	C:\WINDOWS\System32\RPCRT4.dll
0x00007ffa1d260000 - 0x00007ffa1d2e2000 	C:\WINDOWS\System32\WS2_32.dll
0x00007ffa1b6f0000 - 0x00007ffa1b74e000 	C:\WINDOWS\SYSTEM32\POWRPROF.dll
0x00007ffa14ba0000 - 0x00007ffa14bd6000 	C:\WINDOWS\SYSTEM32\WINMM.dll
0x00007ffa14be0000 - 0x00007ffa14beb000 	C:\WINDOWS\SYSTEM32\VERSION.dll
0x00007ffa1b6d0000 - 0x00007ffa1b6e5000 	C:\WINDOWS\SYSTEM32\UMPDC.dll
0x00007ffa1a580000 - 0x00007ffa1a59b000 	C:\WINDOWS\SYSTEM32\kernel.appcore.dll
0x00007ff9e8950000 - 0x00007ff9e895a000 	C:\Users\NAGARAJU\.antigravity-ide\extensions\redhat.java-1.56.0-win32-x64\jre\21.0.12.1-win32-x86_64\bin\jimage.dll
0x00007ffa109a0000 - 0x00007ffa10be2000 	C:\WINDOWS\SYSTEM32\DBGHELP.DLL
0x00007ffa1db60000 - 0x00007ffa1dee5000 	C:\WINDOWS\System32\combase.dll
0x00007ffa1d770000 - 0x00007ffa1d849000 	C:\WINDOWS\System32\OLEAUT32.dll
0x00007ff9fa760000 - 0x00007ff9fa79b000 	C:\WINDOWS\SYSTEM32\dbgcore.DLL
0x00007ffa1c2c0000 - 0x00007ffa1c36c000 	C:\WINDOWS\System32\bcryptPrimitives.dll
0x00007ff9e8410000 - 0x00007ff9e841f000 	C:\Users\NAGARAJU\.antigravity-ide\extensions\redhat.java-1.56.0-win32-x64\jre\21.0.12.1-win32-x86_64\bin\instrument.dll
0x00007ff9b4920000 - 0x00007ff9b4940000 	C:\Users\NAGARAJU\.antigravity-ide\extensions\redhat.java-1.56.0-win32-x64\jre\21.0.12.1-win32-x86_64\bin\java.dll
0x00007ffa1c3b0000 - 0x00007ffa1cb38000 	C:\WINDOWS\System32\SHELL32.dll
0x00007ffa19360000 - 0x00007ffa19bfb000 	C:\WINDOWS\SYSTEM32\windows.storage.dll
0x00007ffa1d660000 - 0x00007ffa1d759000 	C:\WINDOWS\System32\SHCORE.dll
0x00007ffa1d590000 - 0x00007ffa1d5f6000 	C:\WINDOWS\System32\shlwapi.dll
0x00007ffa1b7b0000 - 0x00007ffa1b7d9000 	C:\WINDOWS\SYSTEM32\profapi.dll
0x00007ff9b4670000 - 0x00007ff9b4688000 	C:\Users\NAGARAJU\.antigravity-ide\extensions\redhat.java-1.56.0-win32-x64\jre\21.0.12.1-win32-x86_64\bin\zip.dll
0x00007ff9e8450000 - 0x00007ff9e8460000 	C:\Users\NAGARAJU\.antigravity-ide\extensions\redhat.java-1.56.0-win32-x64\jre\21.0.12.1-win32-x86_64\bin\net.dll
0x00007ffa11a00000 - 0x00007ffa11b28000 	C:\WINDOWS\SYSTEM32\WINHTTP.dll
0x00007ffa1ab30000 - 0x00007ffa1ab9c000 	C:\WINDOWS\system32\mswsock.dll
0x00007ff9e8430000 - 0x00007ff9e8446000 	C:\Users\NAGARAJU\.antigravity-ide\extensions\redhat.java-1.56.0-win32-x64\jre\21.0.12.1-win32-x86_64\bin\nio.dll
0x00007ff9e8400000 - 0x00007ff9e8410000 	C:\Users\NAGARAJU\.antigravity-ide\extensions\redhat.java-1.56.0-win32-x64\jre\21.0.12.1-win32-x86_64\bin\verify.dll
0x00007ff9b69d0000 - 0x00007ff9b69f7000 	C:\Users\NAGARAJU\.gradle\native\1def1411415f61bf3af743bc5b6707747c0891f09f0c88961ee8f79bc544acac\windows-amd64\native-platform.dll
0x00007ff9b3430000 - 0x00007ff9b34a8000 	C:\Users\NAGARAJU\.gradle\native\0.2.7\x86_64-windows-gnu\gradle-fileevents.dll
0x00007ff9d1040000 - 0x00007ff9d104a000 	C:\Users\NAGARAJU\.antigravity-ide\extensions\redhat.java-1.56.0-win32-x64\jre\21.0.12.1-win32-x86_64\bin\management.dll
0x00007ff9b70d0000 - 0x00007ff9b70dc000 	C:\Users\NAGARAJU\.antigravity-ide\extensions\redhat.java-1.56.0-win32-x64\jre\21.0.12.1-win32-x86_64\bin\management_ext.dll
0x00007ffa1cfd0000 - 0x00007ffa1cfd8000 	C:\WINDOWS\System32\PSAPI.DLL
0x00007ffa19f50000 - 0x00007ffa19f83000 	C:\WINDOWS\SYSTEM32\IPHLPAPI.DLL
0x00007ffa1d760000 - 0x00007ffa1d76a000 	C:\WINDOWS\System32\NSI.dll
0x00007ff9db4a0000 - 0x00007ff9db4a9000 	C:\Users\NAGARAJU\.antigravity-ide\extensions\redhat.java-1.56.0-win32-x64\jre\21.0.12.1-win32-x86_64\bin\extnet.dll
0x00007ffa1ae20000 - 0x00007ffa1ae3b000 	C:\WINDOWS\SYSTEM32\CRYPTSP.dll
0x00007ffa1a4e0000 - 0x00007ffa1a519000 	C:\WINDOWS\system32\rsaenh.dll
0x00007ffa1abe0000 - 0x00007ffa1ac12000 	C:\WINDOWS\SYSTEM32\USERENV.dll
0x00007ffa1b780000 - 0x00007ffa1b7aa000 	C:\WINDOWS\SYSTEM32\bcrypt.dll
0x00007ffa1ae40000 - 0x00007ffa1ae4c000 	C:\WINDOWS\SYSTEM32\CRYPTBASE.dll
0x00007ff9db4b0000 - 0x00007ff9db4be000 	C:\Users\NAGARAJU\.antigravity-ide\extensions\redhat.java-1.56.0-win32-x64\jre\21.0.12.1-win32-x86_64\bin\sunmscapi.dll
0x00007ffa1bfe0000 - 0x00007ffa1c15e000 	C:\WINDOWS\System32\CRYPT32.dll
0x00007ffa1b060000 - 0x00007ffa1b090000 	C:\WINDOWS\SYSTEM32\ncrypt.dll
0x00007ffa1b010000 - 0x00007ffa1b04f000 	C:\WINDOWS\SYSTEM32\NTASN1.dll
0x00007ff9eceb0000 - 0x00007ff9eceb8000 	C:\WINDOWS\system32\wshunix.dll

JVMTI agents:
C:\Users\NAGARAJU\.gradle\wrapper\dists\gradle-8.14.1-bin\baw1sv0jfoi8rxs14qo3h49cs\gradle-8.14.1\lib\agents\gradle-instrumentation-agent-8.14.1.jar path:C:\Users\NAGARAJU\.antigravity-ide\extensions\redhat.java-1.56.0-win32-x64\jre\21.0.12.1-win32-x86_64\bin\instrument.dll, loaded, initialized, instrumentlib options:none

dbghelp: loaded successfully - version: 4.0.5 - missing functions: none
symbol engine: initialized successfully - sym options: 0x614 - pdb path: .;C:\Users\NAGARAJU\.antigravity-ide\extensions\redhat.java-1.56.0-win32-x64\jre\21.0.12.1-win32-x86_64\bin;C:\WINDOWS\SYSTEM32;C:\WINDOWS\WinSxS\amd64_microsoft.windows.common-controls_6595b64144ccf1df_6.0.26100.8972_none_3e0da176e32f9d4b;C:\Users\NAGARAJU\.antigravity-ide\extensions\redhat.java-1.56.0-win32-x64\jre\21.0.12.1-win32-x86_64\bin\server;C:\Users\NAGARAJU\.gradle\native\1def1411415f61bf3af743bc5b6707747c0891f09f0c88961ee8f79bc544acac\windows-amd64;C:\Users\NAGARAJU\.gradle\native\0.2.7\x86_64-windows-gnu

VM Arguments:
jvm_args: --add-opens=java.base/java.lang=ALL-UNNAMED --add-opens=java.base/java.lang.invoke=ALL-UNNAMED --add-opens=java.base/java.util=ALL-UNNAMED --add-opens=java.prefs/java.util.prefs=ALL-UNNAMED --add-exports=jdk.compiler/com.sun.tools.javac.api=ALL-UNNAMED --add-exports=jdk.compiler/com.sun.tools.javac.util=ALL-UNNAMED --add-opens=java.base/java.util=ALL-UNNAMED --add-opens=java.prefs/java.util.prefs=ALL-UNNAMED --add-opens=java.base/java.nio.charset=ALL-UNNAMED --add-opens=java.base/java.net=ALL-UNNAMED --add-opens=java.base/java.util.concurrent.atomic=ALL-UNNAMED --add-opens=java.xml/javax.xml.namespace=ALL-UNNAMED -Xmx4096m -Dfile.encoding=UTF-8 -Duser.country=IN -Duser.language=en -Duser.variant -javaagent:C:\Users\NAGARAJU\.gradle\wrapper\dists\gradle-8.14.1-bin\baw1sv0jfoi8rxs14qo3h49cs\gradle-8.14.1\lib\agents\gradle-instrumentation-agent-8.14.1.jar 
java_command: org.gradle.launcher.daemon.bootstrap.GradleDaemon 8.14.1
java_class_path (initial): C:\Users\NAGARAJU\.gradle\wrapper\dists\gradle-8.14.1-bin\baw1sv0jfoi8rxs14qo3h49cs\gradle-8.14.1\lib\gradle-daemon-main-8.14.1.jar
Launcher Type: SUN_STANDARD

[Global flags]
     intx CICompilerCount                          = 4                                         {product} {ergonomic}
     uint ConcGCThreads                            = 2                                         {product} {ergonomic}
     uint G1ConcRefinementThreads                  = 8                                         {product} {ergonomic}
   size_t G1HeapRegionSize                         = 2097152                                   {product} {ergonomic}
    uintx GCDrainStackTargetSize                   = 64                                        {product} {ergonomic}
   size_t InitialHeapSize                          = 123731968                                 {product} {ergonomic}
   size_t MarkStackSize                            = 4194304                                   {product} {ergonomic}
   size_t MaxHeapSize                              = 4294967296                                {product} {command line}
   size_t MaxNewSize                               = 2575302656                                {product} {ergonomic}
   size_t MinHeapDeltaBytes                        = 2097152                                   {product} {ergonomic}
   size_t MinHeapSize                              = 8388608                                   {product} {ergonomic}
    uintx NonNMethodCodeHeapSize                   = 5839372                                {pd product} {ergonomic}
    uintx NonProfiledCodeHeapSize                  = 122909434                              {pd product} {ergonomic}
    uintx ProfiledCodeHeapSize                     = 122909434                              {pd product} {ergonomic}
    uintx ReservedCodeCacheSize                    = 251658240                              {pd product} {ergonomic}
     bool SegmentedCodeCache                       = true                                      {product} {ergonomic}
   size_t SoftMaxHeapSize                          = 4294967296                             {manageable} {ergonomic}
     bool UseCompressedOops                        = true                           {product lp64_product} {ergonomic}
     bool UseG1GC                                  = true                                      {product} {ergonomic}
     bool UseLargePagesIndividualAllocation        = false                                  {pd product} {ergonomic}

Logging:
Log output configuration:
 #0: stdout all=warning uptime,level,tags foldmultilines=false
 #1: stderr all=off uptime,level,tags foldmultilines=false

Release file:
JAVA_VERSION="21.0.12.1" 
MODULES="java.base java.compiler java.datatransfer java.xml java.prefs java.desktop java.instrument java.logging java.management java.security.sasl java.naming java.rmi java.management.rmi java.net.http java.scripting java.security.jgss java.transaction.xa java.sql java.sql.rowset java.xml.crypto java.se java.smartcardio jdk.accessibility jdk.internal.jvmstat jdk.attach jdk.charsets jdk.internal.opt jdk.zipfs jdk.compiler jdk.crypto.ec jdk.crypto.cryptoki jdk.crypto.mscapi jdk.dynalink jdk.internal.ed jdk.editpad jdk.hotspot.agent jdk.httpserver jdk.internal.le jdk.internal.vm.ci jdk.internal.vm.compiler jdk.internal.vm.compiler.management jdk.jartool jdk.javadoc jdk.jcmd jdk.management jdk.management.agent jdk.jconsole jdk.jdeps jdk.jdwp.agent jdk.jdi jdk.jfr jdk.jshell jdk.jsobject jdk.jstatd jdk.localedata jdk.management.jfr jdk.naming.dns jdk.naming.rmi jdk.net jdk.nio.mapmode jdk.random jdk.sctp jdk.security.auth jdk.security.jgss jdk.unsupported jdk.unsupported.desktop jdk.xml.dom" 

Environment Variables:
JAVA_HOME=C:\Program Files\Eclipse Adoptium\jdk-21.0.11.10-hotspot
PATH=C:\Program Files\Eclipse Adoptium\jdk-21.0.11.10-hotspot\bin;C:\Program Files\Eclipse Adoptium\jdk-11.0.26.4-hotspot\bin;C:\Program Files\Eclipse Adoptium\jdk-17.0.14.7-hotspot\bin;C:\Program Files\Java\jdk-17\bin;C:\Program Files\nodejs;E:\Android\Sdk\platform-tools;E:\Android\Sdk\emulator;E:\Android\Sdk\cmdline-tools\latest\bin;C:\Users\NAGARAJU\AppData\Local\Android\Sdk\platform-tools;C:\Users\NAGARAJU\AppData\Local\Android\Sdk\emulator;C:\Users\NAGARAJU\AppData\Local\Android\Sdk\cmdline-tools\latest\bin;C:\Program Files\Eclipse Adoptium\jdk-21.0.11.10-hotspot\bin;C:\Program Files\Eclipse Adoptium\jdk-11.0.26.4-hotspot\bin;C:\Program Files\Eclipse Adoptium\jdk-17.0.14.7-hotspot\bin;C:\Program Files\Java\jdk-17\bin;C:\Program Files\nodejs;E:\Android\Sdk\platform-tools;E:\Android\Sdk\emulator;E:\Android\Sdk\cmdline-tools\latest\bin;C:\Users\NAGARAJU\AppData\Local\Android\Sdk\platform-tools;C:\Users\NAGARAJU\AppData\Local\Android\Sdk\emulator;C:\Users\NAGARAJU\AppData\Local\Android\Sdk\cmdline-tools\latest\bin;C:\Program Files\Eclipse Adoptium\jdk-21.0.11.10-hotspot\bin;C:\Program Files\Eclipse Adoptium\jdk-11.0.26.4-hotspot\bin;C:\Program Files\Eclipse Adoptium\jdk-17.0.14.7-hotspot\bin;C:\Program Files\Java\jdk-17\bin;C:\Program Files\nodejs;E:\Android\Sdk\platform-tools;E:\Android\Sdk\emulator;E:\Android\Sdk\cmdline-tools\latest\bin;C:\Users\NAGARAJU\AppData\Local\Android\Sdk\platform-tools;C:\Users\NAGARAJU\AppData\Local\Android\Sdk\emulator;C:\Users\NAGARAJU\AppData\Local\Android\Sdk\cmdline-tools\latest\bin;C:\WINDOWS\System32;C:\ProgramData\chocolatey\bin;C:\Program Files\nodejs\;C:\Program Files\Git\cmd;C:\Windows\System32;C:\Windows\System32\WindowsPowerShell\v1.0;C:\Windows\System32\OpenSSH;C:\Windows\System32\WindowsPowerShell\v1.0\;C:\Users\NAGARAJU\Downloads\stripe_1.30.0_windows_x86_64;C:\WINDOWS\system32;C:\WINDOWS;C:\WINDOWS\System32\Wbem;C:\WINDOWS\System32\WindowsPowerShell\v1.0\;C:\WINDOWS\System32\OpenSSH\;C:\ProgramData\chocolatey\bin;C:\Program Files\nodejs\;C:\Program Files\Git\cmd;C:\Windows\System32;C:\Windows\System32\WindowsPowerShell\v1.0;C:\Windows\System32\OpenSSH;C:\Windows\System32\WindowsPowerShell\v1.0\;C:\Users\NAGARAJU\Downloads\stripe_1.30.0_windows_x86_64;C:\WINDOWS\system32;C:\WINDOWS;C:\WINDOWS\System32\Wbem;C:\WINDOWS\System32\WindowsPowerShell\v1.0\;C:\WINDOWS\System32\OpenSSH\;C:\ProgramData\chocolatey\bin;C:\Program Files\nodejs\;C:\Program Files\Git\cmd;C:\Windows\System32;C:\Windows\System32\WindowsPowerShell\v1.0;C:\Windows\System32\OpenSSH;C:\Windows\System32\WindowsPowerShell\v1.0\;C:\Users\NAGARAJU\Downloads\stripe_1.30.0_windows_x86_64;C:\WINDOWS\system32;C:\WINDOWS;C:\WINDOWS\System32\Wbem;C:\WINDOWS\System32\WindowsPowerShell\v1.0\;C:\WINDOWS\System32\OpenSSH\;C:\Program Files\Eclipse Adoptium\jdk-21.0.11.10-hotspot\bin;C:\Program Files\Eclipse Adoptium\jdk-11.0.26.4-hotspot\bin;C:\Program Files\Eclipse Adoptium\jdk-17.0.14.7-hotspot\bin;C:\Program Files\Java\jdk-17\bin;C:\Program Files\nodejs;E:\Android\Sdk\platform-tools;E:\Android\Sdk\emulator;E:\Android\Sdk\cmdline-tools\latest\bin;C:\Users\NAGARAJU\AppData\Local\Android\Sdk\platform-tools;C:\Users\NAGARAJU\AppData\Local\Android\Sdk\emulator;C:\Users\NAGARAJU\AppData\Local\Android\Sdk\cmdline-tools\latest\bin;C:\Program Files\Eclipse Adoptium\jdk-21.0.11.10-hotspot\bin;C:\Program Files\Eclipse Adoptium\jdk-11.0.26.4-hotspot\bin;C:\Program Files\Eclipse Adoptium\jdk-17.0.14.7-hotspot\bin;C:\Program Files\Java\jdk-17\bin;C:\Program Files\nodejs;E:\Android\Sdk\platform-tools;E:\Android\Sdk\emulator;E:\Android\Sdk\cmdline-tools\latest\bin;C:\Users\NAGARAJU\AppData\Local\Android\Sdk\platform-tools;C:\Users\NAGARAJU\AppData\Local\Android\Sdk\emulator;C:\Users\NAGARAJU\AppData\Local\Android\Sdk\cmdline-tools\latest\bin;C:\Program Files\Eclipse Adoptium\jdk-21.0.11.10-hotspot\bin;C:\Program Files\Eclipse Adoptium\jdk-11.0.26.4-hotspot\bin;C:\Program Files\Eclipse Adoptium\jdk-17.0.14.7-hotspot\bin;C:\Program Files\Java\jdk-17\bin;C:\Program Files\nodejs;E:\Android\Sdk\platform-tools;E:\Android\Sdk\emulator;E:\Android\Sdk\cmdline-tools\latest\bin;C:\Users\NAGARAJU\AppData\Local\Android\Sdk\platform-tools;C:\Users\NAGARAJU\AppData\Local\Android\Sdk\emulator;C:\Users\NAGARAJU\AppData\Local\Android\Sdk\cmdline-tools\latest\bin;C:\WINDOWS\System32;C:\ProgramData\chocolatey\bin;C:\Program Files\nodejs\;C:\Program Files\Git\cmd;C:\Windows\System32;C:\Windows\System32\WindowsPowerShell\v1.0;C:\Windows\System32\OpenSSH;C:\Windows\System32\WindowsPowerShell\v1.0\;C:\Users\NAGARAJU\Downloads\stripe_1.30.0_windows_x86_64;C:\WINDOWS\system32;C:\WINDOWS;C:\WINDOWS\System32\Wbem;C:\WINDOWS\System32\WindowsPowerShell\v1.0\;C:\WINDOWS\System32\OpenSSH\;C:\ProgramData\chocolatey\bin;C:\Program Files\nodejs\;C:\Program Files\Git\cmd;C:\Windows\System32;C:\Windows\System32\WindowsPowerShell\v1.0;C:\Windows\System32\OpenSSH;C:\Windows\System32\WindowsPowerShell\v1.0\;C:\Users\NAGARAJU\Downloads\stripe_1.30.0_windows_x86_64;C:\WINDOWS\system32;C:\WINDOWS;C:\WINDOWS\System32\Wbem;C:\WINDOWS\System32\WindowsPowerShell\v1.0\;C:\WINDOWS\System32\OpenSSH\;C:\ProgramData\chocolatey\bin;C:\Program Files\nodejs\;C:\Program Files\Git\cmd;C:\Windows\System32;C:\Windows\System32\WindowsPowerShell\v1.0;C:\Windows\System32\OpenSSH;C:\Windows\System32\WindowsPowerShell\v1.0\;C:\Users\NAGARAJU\Downloads\stripe_1.30.0_windows_x86_64;C:\WINDOWS\system32;C:\WINDOWS;C:\WINDOWS\System32\Wbem;C:\WINDOWS\System32\WindowsPowerShell\v1.0\;C:\WINDOWS\System32\OpenSSH\;C:\Users\NAGARAJU\AppData\Local\Android\Sdk\platform-tools;C:\Users\NAGARAJU\AppData\Local\Android\Sdk\cmdline-tools\latest\bin;C:\Users\NAGARAJU\AppData\Roaming\npm;C:\Users\NAGARAJU\AppData\Local\Programs\Microsoft VS Code\bin;C:\Users\NAGARAJU\AppData\Local\Programs\Antigravity IDE\bin;C:\Users\NAGARAJU\AppData\Local\Microsoft\WindowsApps;C:\Users\NAGARAJU\AppData\Local\Kingsoft\WPS Office\12.1.0.27458\clitool
USERNAME=NAGARAJU
OS=Windows_NT
PROCESSOR_IDENTIFIER=AMD64 Family 23 Model 104 Stepping 1, AuthenticAMD
TMP=C:\Users\NAGARAJU\AppData\Local\Temp
TEMP=C:\Users\NAGARAJU\AppData\Local\Temp




Periodic native trim disabled

---------------  S Y S T E M  ---------------

OS:
 Windows 11 , 64 bit Build 26100 (10.0.26100.9168)
OS uptime: 0 days 1:52 hours

CPU: total 8 (initial active 8) (8 cores per cpu, 2 threads per core) family 23 model 104 stepping 1 microcode 0x8608109, cx8, cmov, fxsr, ht, mmx, 3dnowpref, sse, sse2, sse3, ssse3, sse4a, sse4.1, sse4.2, popcnt, lzcnt, tsc, tscinvbit, avx, avx2, aes, clmul, bmi1, bmi2, adx, sha, fma, vzeroupper, clflush, clflushopt, rdtscp, rdpid, f16c
Processor Information for processor 0
  Max Mhz: 2600, Current Mhz: 2600, Mhz Limit: 2600
Processor Information for processor 1
  Max Mhz: 2600, Current Mhz: 2600, Mhz Limit: 2600
Processor Information for processor 2
  Max Mhz: 2600, Current Mhz: 2600, Mhz Limit: 2600
Processor Information for processor 3
  Max Mhz: 2600, Current Mhz: 2600, Mhz Limit: 2600
Processor Information for processor 4
  Max Mhz: 2600, Current Mhz: 2600, Mhz Limit: 2600
Processor Information for processor 5
  Max Mhz: 2600, Current Mhz: 1789, Mhz Limit: 2600
Processor Information for processor 6
  Max Mhz: 2600, Current Mhz: 2600, Mhz Limit: 2600
Processor Information for processor 7
  Max Mhz: 2600, Current Mhz: 2600, Mhz Limit: 2600

Memory: 4k page, system-wide physical 7502M (138M free)
TotalPageFile size 40270M (AvailPageFile size 74M)
current process WorkingSet (physical memory assigned to process): 84M, peak: 200M
current process commit charge ("private bytes"): 253M, peak: 275M

vm_info: OpenJDK 64-Bit Server VM (21.0.12.1+1-LTS) for windows-amd64 JRE (21.0.12.1+1-LTS), built on 2026-08-18T00:00:00Z by "admin" with MS VC++ 17.12 (VS2022)

END.
