#
# There is insufficient memory for the Java Runtime Environment to continue.
# Native memory allocation (malloc) failed to allocate 679616 bytes. Error detail: Chunk::new
# Possible reasons:
#   The system is out of physical RAM or swap space
#   This process is running with CompressedOops enabled, and the Java Heap may be blocking the growth of the native heap
# Possible solutions:
#   Reduce memory load on the system
#   Increase physical memory or swap space
#   Check if swap backing store is full
#   Decrease Java heap size (-Xmx/-Xms)
#   Decrease number of Java threads
#   Decrease Java thread stack sizes (-Xss)
#   Set larger code cache with -XX:ReservedCodeCacheSize=
#   JVM is running with Zero Based Compressed Oops mode in which the Java heap is
#     placed in the first 32GB address space. The Java Heap base address is the
#     maximum limit for the native heap growth. Please use -XX:HeapBaseMinAddress
#     to set the Java Heap base and to place the Java Heap above 32GB virtual address.
# This output file may be truncated or incomplete.
#
#  Out of Memory Error (arena.cpp:168), pid=33052, tid=35952
#
# JRE version: OpenJDK Runtime Environment Temurin-21.0.12.1+1 (21.0.12.1+1) (build 21.0.12.1+1-LTS)
# Java VM: OpenJDK 64-Bit Server VM Temurin-21.0.12.1+1 (21.0.12.1+1-LTS, mixed mode, sharing, tiered, compressed oops, compressed class ptrs, g1 gc, windows-amd64)
# No core dump will be written. Minidumps are not enabled by default on client versions of Windows
#

---------------  S U M M A R Y ------------

Command Line: --add-opens=java.base/java.lang=ALL-UNNAMED --add-opens=java.base/java.lang.invoke=ALL-UNNAMED --add-opens=java.base/java.util=ALL-UNNAMED --add-opens=java.prefs/java.util.prefs=ALL-UNNAMED --add-exports=jdk.compiler/com.sun.tools.javac.api=ALL-UNNAMED --add-exports=jdk.compiler/com.sun.tools.javac.util=ALL-UNNAMED --add-opens=java.base/java.util=ALL-UNNAMED --add-opens=java.prefs/java.util.prefs=ALL-UNNAMED --add-opens=java.base/java.nio.charset=ALL-UNNAMED --add-opens=java.base/java.net=ALL-UNNAMED --add-opens=java.base/java.util.concurrent.atomic=ALL-UNNAMED --add-opens=java.xml/javax.xml.namespace=ALL-UNNAMED -Xmx4096m -Dfile.encoding=UTF-8 -Duser.country=IN -Duser.language=en -Duser.variant -javaagent:C:\Users\NAGARAJU\.gradle\wrapper\dists\gradle-8.14.1-bin\baw1sv0jfoi8rxs14qo3h49cs\gradle-8.14.1\lib\agents\gradle-instrumentation-agent-8.14.1.jar org.gradle.launcher.daemon.bootstrap.GradleDaemon 8.14.1

Host: AMD Ryzen 3 5300U with Radeon Graphics         , 8 cores, 7G,  Windows 11 , 64 bit Build 26100 (10.0.26100.9168)
Time: Tue Sep  8 21:10:12 2026 India Standard Time elapsed time: 463.993516 seconds (0d 0h 7m 43s)

---------------  T H R E A D  ---------------

Current thread (0x000001a33d39da20):  JavaThread "C2 CompilerThread0" daemon [_thread_in_native, id=35952, stack(0x0000003585e00000,0x0000003585f00000) (1024K)]


Current CompileTask:
C2:463993 4377   !   4       java.net.URLClassLoader::findClass (47 bytes)

Stack: [0x0000003585e00000,0x0000003585f00000]
Native frames: (J=compiled Java code, j=interpreted, Vv=VM code, C=native code)
V  [jvm.dll+0x6d83e9]
V  [jvm.dll+0x8b5736]
V  [jvm.dll+0x8b7cee]
V  [jvm.dll+0x8b83d3]
V  [jvm.dll+0x284596]
V  [jvm.dll+0xc685d]
V  [jvm.dll+0xc6da1]
V  [jvm.dll+0x2fb5ae]
V  [jvm.dll+0x5fee94]
V  [jvm.dll+0x255d67]
V  [jvm.dll+0x24ddab]
V  [jvm.dll+0x24bbe6]
V  [jvm.dll+0x1cb4ae]
V  [jvm.dll+0x25baad]
V  [jvm.dll+0x25a03a]
V  [jvm.dll+0x3f8aae]
V  [jvm.dll+0x8600cd]
V  [jvm.dll+0x6d6c1d]
C  [ucrtbase.dll+0x2cd30]
C  [KERNEL32.DLL+0x2ccb7]
C  [ntdll.dll+0xaad6c]


---------------  P R O C E S S  ---------------

Threads class SMR info:
_java_thread_list=0x000001a3049deb30, length=31, elements={
0x000001a321140dc0, 0x000001a33d38f190, 0x000001a33d390910, 0x000001a33d395370,
0x000001a33d3988d0, 0x000001a33d399330, 0x000001a33d39aab0, 0x000001a33d39da20,
0x000001a33d3c4830, 0x000001a33d5d92f0, 0x000001a33d6a4890, 0x000001a37fc4adf0,
0x000001a37fe852f0, 0x000001a33d668350, 0x000001a37f393ef0, 0x000001a33d655fa0,
0x000001a37f4eea20, 0x000001a37f4ee390, 0x000001a37f4ed670, 0x000001a37f4ebc30,
0x000001a37f4ec2c0, 0x000001a37f4eb5a0, 0x000001a37f4ec950, 0x000001a37f4ecfe0,
0x000001a3043a34d0, 0x000001a3043a2120, 0x000001a3043a2e40, 0x000001a3043a1a90,
0x000001a3043a3b60, 0x000001a3043a1400, 0x000001a3043a41f0
}

Java Threads: ( => current thread )
  0x000001a321140dc0 JavaThread "main"                              [_thread_blocked, id=36824, stack(0x0000003585000000,0x0000003585100000) (1024K)]
  0x000001a33d38f190 JavaThread "Reference Handler"          daemon [_thread_blocked, id=36712, stack(0x0000003585800000,0x0000003585900000) (1024K)]
  0x000001a33d390910 JavaThread "Finalizer"                  daemon [_thread_blocked, id=35072, stack(0x0000003585900000,0x0000003585a00000) (1024K)]
  0x000001a33d395370 JavaThread "Signal Dispatcher"          daemon [_thread_blocked, id=35288, stack(0x0000003585a00000,0x0000003585b00000) (1024K)]
  0x000001a33d3988d0 JavaThread "Attach Listener"            daemon [_thread_blocked, id=29464, stack(0x0000003585b00000,0x0000003585c00000) (1024K)]
  0x000001a33d399330 JavaThread "Service Thread"             daemon [_thread_blocked, id=27888, stack(0x0000003585c00000,0x0000003585d00000) (1024K)]
  0x000001a33d39aab0 JavaThread "Monitor Deflation Thread"   daemon [_thread_blocked, id=30556, stack(0x0000003585d00000,0x0000003585e00000) (1024K)]
=>0x000001a33d39da20 JavaThread "C2 CompilerThread0"         daemon [_thread_in_native, id=35952, stack(0x0000003585e00000,0x0000003585f00000) (1024K)]
  0x000001a33d3c4830 JavaThread "C1 CompilerThread0"         daemon [_thread_blocked, id=36688, stack(0x0000003585f00000,0x0000003586000000) (1024K)]
  0x000001a33d5d92f0 JavaThread "Common-Cleaner"             daemon [_thread_blocked, id=35728, stack(0x0000003586000000,0x0000003586100000) (1024K)]
  0x000001a33d6a4890 JavaThread "Notification Thread"        daemon [_thread_blocked, id=35740, stack(0x0000003586100000,0x0000003586200000) (1024K)]
  0x000001a37fc4adf0 JavaThread "Daemon health stats"               [_thread_blocked, id=32076, stack(0x0000003586600000,0x0000003586700000) (1024K)]
  0x000001a37fe852f0 JavaThread "Incoming local TCP Connector on port 56338"        [_thread_in_native, id=31124, stack(0x0000003586700000,0x0000003586800000) (1024K)]
  0x000001a33d668350 JavaThread "Daemon periodic checks"            [_thread_in_native, id=1780, stack(0x0000003586800000,0x0000003586900000) (1024K)]
  0x000001a37f393ef0 JavaThread "Daemon"                            [_thread_blocked, id=35724, stack(0x0000003586c00000,0x0000003586d00000) (1024K)]
  0x000001a33d655fa0 JavaThread "Handler for socket connection from /127.0.0.1:56338 to /127.0.0.1:56339"        [_thread_in_native, id=33440, stack(0x0000003586d00000,0x0000003586e00000) (1024K)]
  0x000001a37f4eea20 JavaThread "Cancel handler"                    [_thread_blocked, id=35332, stack(0x0000003586e00000,0x0000003586f00000) (1024K)]
  0x000001a37f4ee390 JavaThread "Daemon worker"                     [_thread_in_vm, id=30160, stack(0x0000003586f00000,0x0000003587000000) (1024K)]
  0x000001a37f4ed670 JavaThread "Asynchronous log dispatcher for DefaultDaemonConnection: socket connection from /127.0.0.1:56338 to /127.0.0.1:56339"        [_thread_blocked, id=29960, stack(0x0000003587000000,0x0000003587100000) (1024K)]
  0x000001a37f4ebc30 JavaThread "Stdin handler"                     [_thread_blocked, id=32108, stack(0x0000003587100000,0x0000003587200000) (1024K)]
  0x000001a37f4ec2c0 JavaThread "Daemon client event forwarder"        [_thread_blocked, id=33708, stack(0x0000003587200000,0x0000003587300000) (1024K)]
  0x000001a37f4eb5a0 JavaThread "Cache worker for journal cache (C:\Users\NAGARAJU\.gradle\caches\journal-1)"        [_thread_blocked, id=23476, stack(0x0000003587300000,0x0000003587400000) (1024K)]
  0x000001a37f4ec950 JavaThread "File lock request listener"        [_thread_in_native, id=35736, stack(0x0000003587400000,0x0000003587500000) (1024K)]
  0x000001a37f4ecfe0 JavaThread "Cache worker for file hash cache (C:\Users\NAGARAJU\.gradle\caches\8.14.1\fileHashes)"        [_thread_blocked, id=34640, stack(0x0000003587600000,0x0000003587700000) (1024K)]
  0x000001a3043a34d0 JavaThread "Cache worker for file hash cache (C:\zynnative\DocApp-CLI\android\.gradle\8.14.1\fileHashes)"        [_thread_blocked, id=36728, stack(0x0000003584f00000,0x0000003585000000) (1024K)]
  0x000001a3043a2120 JavaThread "Cache worker for Build Output Cleanup Cache (C:\zynnative\DocApp-CLI\android\.gradle\buildOutputCleanup)"        [_thread_blocked, id=28752, stack(0x0000003587500000,0x0000003587600000) (1024K)]
  0x000001a3043a2e40 JavaThread "File watcher server"        daemon [_thread_in_native, id=34236, stack(0x0000003587700000,0x0000003587800000) (1024K)]
  0x000001a3043a1a90 JavaThread "File watcher consumer"      daemon [_thread_blocked, id=37168, stack(0x0000003587800000,0x0000003587900000) (1024K)]
  0x000001a3043a3b60 JavaThread "File lock release action executor Thread 3"        [_thread_blocked, id=36540, stack(0x0000003584d00000,0x0000003584e00000) (1024K)]
  0x000001a3043a1400 JavaThread "jar transforms"                    [_thread_blocked, id=9540, stack(0x0000003587900000,0x0000003587a00000) (1024K)]
  0x000001a3043a41f0 JavaThread "jar transforms Thread 2"           [_thread_blocked, id=39232, stack(0x0000003587a00000,0x0000003587b00000) (1024K)]
Total: 31

Other Threads:
  0x000001a33d373510 VMThread "VM Thread"                           [id=11296, stack(0x0000003585700000,0x0000003585800000) (1024K)]
  0x000001a33d3622f0 WatcherThread "VM Periodic Task Thread"        [id=36800, stack(0x0000003585600000,0x0000003585700000) (1024K)]
  0x000001a3234b98f0 WorkerThread "GC Thread#0"                     [id=36808, stack(0x0000003585100000,0x0000003585200000) (1024K)]
  0x000001a33d6fd500 WorkerThread "GC Thread#1"                     [id=35556, stack(0x0000003586200000,0x0000003586300000) (1024K)]
  0x000001a33d71fe50 WorkerThread "GC Thread#2"                     [id=34300, stack(0x0000003586300000,0x0000003586400000) (1024K)]
  0x000001a37f24b960 WorkerThread "GC Thread#3"                     [id=36404, stack(0x0000003586400000,0x0000003586500000) (1024K)]
  0x000001a37f0da680 WorkerThread "GC Thread#4"                     [id=25088, stack(0x0000003586500000,0x0000003586600000) (1024K)]
  0x000001a33dd2e060 WorkerThread "GC Thread#5"                     [id=35344, stack(0x0000003586900000,0x0000003586a00000) (1024K)]
  0x000001a37f4ba810 WorkerThread "GC Thread#6"                     [id=35800, stack(0x0000003586a00000,0x0000003586b00000) (1024K)]
  0x000001a304053780 WorkerThread "GC Thread#7"                     [id=20900, stack(0x0000003586b00000,0x0000003586c00000) (1024K)]
  0x000001a3211fdfb0 ConcurrentGCThread "G1 Main Marker"            [id=36796, stack(0x0000003585200000,0x0000003585300000) (1024K)]
  0x000001a3211fe8d0 WorkerThread "G1 Conc#0"                       [id=21724, stack(0x0000003585300000,0x0000003585400000) (1024K)]
  0x000001a30480b230 WorkerThread "G1 Conc#1"                       [id=37992, stack(0x0000003584e00000,0x0000003584f00000) (1024K)]
  0x000001a3234fe7c0 ConcurrentGCThread "G1 Refine#0"               [id=36148, stack(0x0000003585400000,0x0000003585500000) (1024K)]
  0x000001a33d230910 ConcurrentGCThread "G1 Service"                [id=36140, stack(0x0000003585500000,0x0000003585600000) (1024K)]
Total: 15

Threads with active compile tasks:
C2 CompilerThread0  464092 4377   !   4       java.net.URLClassLoader::findClass (47 bytes)
Total: 1

VM state: not at safepoint (normal execution)

VM Mutex/Monitor currently owned by a thread: None

Heap address: 0x0000000700000000, size: 4096 MB, Compressed Oops mode: Zero based, Oop shift amount: 3

CDS archive(s) mapped at: [0x000001a33e000000-0x000001a33eba0000-0x000001a33eba0000), size 12189696, SharedBaseAddress: 0x000001a33e000000, ArchiveRelocationMode: 1.
Compressed class space mapped at: 0x000001a33f000000-0x000001a37f000000, reserved size: 1073741824
Narrow klass base: 0x000001a33e000000, Narrow klass shift: 0, Narrow klass range: 0x100000000

GC Precious Log:
 CardTable entry size: 512
 Card Set container configuration: InlinePtr #cards 4 size 8 Array Of Cards #cards 16 size 48 Howl #buckets 8 coarsen threshold 3686 Howl Bitmap #cards 512 size 80 coarsen threshold 460 Card regions per heap region 1 cards per card region 4096
 CPUs: 8 total, 8 available
 Memory: 7502M
 Large Page Support: Disabled
 NUMA Support: Disabled
 Compressed Oops: Enabled (Zero based)
 Heap Region Size: 2M
 Heap Min Capacity: 8M
 Heap Initial Capacity: 118M
 Heap Max Capacity: 4G
 Pre-touch: Disabled
 Parallel Workers: 8
 Concurrent Workers: 2
 Concurrent Refinement Workers: 8
 Periodic GC: Disabled

Heap:
 garbage-first heap   total 96256K, used 66596K [0x0000000700000000, 0x0000000800000000)
  region size 2048K, 21 young (43008K), 1 survivors (2048K)
 Metaspace       used 27137K, committed 28096K, reserved 1114112K
  class space    used 4071K, committed 4544K, reserved 1048576K

Heap Regions: E=young(eden), S=young(survivor), O=old, HS=humongous(starts), HC=humongous(continues), CS=collection set, F=free, TAMS=top-at-mark-start, PB=parsable bottom
|   0|0x0000000700000000, 0x0000000700200000, 0x0000000700200000|100%|HS|  |TAMS 0x0000000700000000| PB 0x0000000700000000| Complete 
|   1|0x0000000700200000, 0x0000000700400000, 0x0000000700400000|100%|HC|  |TAMS 0x0000000700200000| PB 0x0000000700200000| Complete 
|   2|0x0000000700400000, 0x0000000700600000, 0x0000000700600000|100%| O|  |TAMS 0x0000000700400000| PB 0x0000000700400000| Untracked 
|   3|0x0000000700600000, 0x0000000700800000, 0x0000000700800000|100%| O|  |TAMS 0x0000000700600000| PB 0x0000000700600000| Untracked 
|   4|0x0000000700800000, 0x0000000700a00000, 0x0000000700a00000|100%| O|  |TAMS 0x0000000700800000| PB 0x0000000700800000| Untracked 
|   5|0x0000000700a00000, 0x0000000700c00000, 0x0000000700c00000|100%| O|  |TAMS 0x0000000700a00000| PB 0x0000000700a00000| Untracked 
|   6|0x0000000700c00000, 0x0000000700e00000, 0x0000000700e00000|100%| O|  |TAMS 0x0000000700c00000| PB 0x0000000700c00000| Untracked 
|   7|0x0000000700e00000, 0x0000000701000000, 0x0000000701000000|100%| O|  |TAMS 0x0000000700e00000| PB 0x0000000700e00000| Untracked 
|   8|0x0000000701000000, 0x0000000701200000, 0x0000000701200000|100%| O|  |TAMS 0x0000000701000000| PB 0x0000000701000000| Untracked 
|   9|0x0000000701200000, 0x0000000701400000, 0x0000000701400000|100%| O|  |TAMS 0x0000000701200000| PB 0x0000000701200000| Untracked 
|  10|0x0000000701400000, 0x0000000701600000, 0x0000000701600000|100%| O|  |TAMS 0x0000000701400000| PB 0x0000000701400000| Untracked 
|  11|0x0000000701600000, 0x0000000701600000, 0x0000000701800000|  0%| F|  |TAMS 0x0000000701600000| PB 0x0000000701600000| Untracked 
|  12|0x0000000701800000, 0x0000000701a00000, 0x0000000701a00000|100%| O|  |TAMS 0x0000000701800000| PB 0x0000000701800000| Untracked 
|  13|0x0000000701a00000, 0x0000000701c00000, 0x0000000701c00000|100%| O|  |TAMS 0x0000000701a00000| PB 0x0000000701a00000| Untracked 
|  14|0x0000000701c00000, 0x0000000701caa430, 0x0000000701e00000| 33%| O|  |TAMS 0x0000000701c00000| PB 0x0000000701c00000| Untracked 
|  15|0x0000000701e00000, 0x0000000701e00000, 0x0000000702000000|  0%| F|  |TAMS 0x0000000701e00000| PB 0x0000000701e00000| Untracked 
|  16|0x0000000702000000, 0x0000000702000000, 0x0000000702200000|  0%| F|  |TAMS 0x0000000702000000| PB 0x0000000702000000| Untracked 
|  17|0x0000000702200000, 0x0000000702200000, 0x0000000702400000|  0%| F|  |TAMS 0x0000000702200000| PB 0x0000000702200000| Untracked 
|  18|0x0000000702400000, 0x0000000702400000, 0x0000000702600000|  0%| F|  |TAMS 0x0000000702400000| PB 0x0000000702400000| Untracked 
|  19|0x0000000702600000, 0x0000000702600000, 0x0000000702800000|  0%| F|  |TAMS 0x0000000702600000| PB 0x0000000702600000| Untracked 
|  20|0x0000000702800000, 0x0000000702800000, 0x0000000702a00000|  0%| F|  |TAMS 0x0000000702800000| PB 0x0000000702800000| Untracked 
|  21|0x0000000702a00000, 0x0000000702a00000, 0x0000000702c00000|  0%| F|  |TAMS 0x0000000702a00000| PB 0x0000000702a00000| Untracked 
|  22|0x0000000702c00000, 0x0000000702c00000, 0x0000000702e00000|  0%| F|  |TAMS 0x0000000702c00000| PB 0x0000000702c00000| Untracked 
|  23|0x0000000702e00000, 0x0000000702e00000, 0x0000000703000000|  0%| F|  |TAMS 0x0000000702e00000| PB 0x0000000702e00000| Untracked 
|  24|0x0000000703000000, 0x0000000703000000, 0x0000000703200000|  0%| F|  |TAMS 0x0000000703000000| PB 0x0000000703000000| Untracked 
|  25|0x0000000703200000, 0x0000000703200000, 0x0000000703400000|  0%| F|  |TAMS 0x0000000703200000| PB 0x0000000703200000| Untracked 
|  26|0x0000000703400000, 0x0000000703453660, 0x0000000703600000| 16%| E|  |TAMS 0x0000000703400000| PB 0x0000000703400000| Complete 
|  27|0x0000000703600000, 0x0000000703800000, 0x0000000703800000|100%| E|CS|TAMS 0x0000000703600000| PB 0x0000000703600000| Complete 
|  28|0x0000000703800000, 0x0000000703a00000, 0x0000000703a00000|100%| E|CS|TAMS 0x0000000703800000| PB 0x0000000703800000| Complete 
|  29|0x0000000703a00000, 0x0000000703c00000, 0x0000000703c00000|100%| E|CS|TAMS 0x0000000703a00000| PB 0x0000000703a00000| Complete 
|  30|0x0000000703c00000, 0x0000000703e00000, 0x0000000703e00000|100%| E|CS|TAMS 0x0000000703c00000| PB 0x0000000703c00000| Complete 
|  31|0x0000000703e00000, 0x0000000704000000, 0x0000000704000000|100%| E|CS|TAMS 0x0000000703e00000| PB 0x0000000703e00000| Complete 
|  32|0x0000000704000000, 0x0000000704200000, 0x0000000704200000|100%| E|CS|TAMS 0x0000000704000000| PB 0x0000000704000000| Complete 
|  33|0x0000000704200000, 0x0000000704400000, 0x0000000704400000|100%| E|CS|TAMS 0x0000000704200000| PB 0x0000000704200000| Complete 
|  34|0x0000000704400000, 0x0000000704600000, 0x0000000704600000|100%| E|CS|TAMS 0x0000000704400000| PB 0x0000000704400000| Complete 
|  35|0x0000000704600000, 0x0000000704800000, 0x0000000704800000|100%| E|CS|TAMS 0x0000000704600000| PB 0x0000000704600000| Complete 
|  36|0x0000000704800000, 0x0000000704a00000, 0x0000000704a00000|100%| E|CS|TAMS 0x0000000704800000| PB 0x0000000704800000| Complete 
|  37|0x0000000704a00000, 0x0000000704c00000, 0x0000000704c00000|100%| E|CS|TAMS 0x0000000704a00000| PB 0x0000000704a00000| Complete 
|  38|0x0000000704c00000, 0x0000000704e00000, 0x0000000704e00000|100%| E|CS|TAMS 0x0000000704c00000| PB 0x0000000704c00000| Complete 
|  39|0x0000000704e00000, 0x0000000705000000, 0x0000000705000000|100%| E|CS|TAMS 0x0000000704e00000| PB 0x0000000704e00000| Complete 
|  40|0x0000000705000000, 0x0000000705200000, 0x0000000705200000|100%| E|CS|TAMS 0x0000000705000000| PB 0x0000000705000000| Complete 
|  41|0x0000000705200000, 0x0000000705400000, 0x0000000705400000|100%| E|CS|TAMS 0x0000000705200000| PB 0x0000000705200000| Complete 
|  42|0x0000000705400000, 0x0000000705600000, 0x0000000705600000|100%| E|CS|TAMS 0x0000000705400000| PB 0x0000000705400000| Complete 
|  43|0x0000000705600000, 0x0000000705800000, 0x0000000705800000|100%| E|CS|TAMS 0x0000000705600000| PB 0x0000000705600000| Complete 
|  68|0x0000000708800000, 0x0000000708a00000, 0x0000000708a00000|100%| E|CS|TAMS 0x0000000708800000| PB 0x0000000708800000| Complete 
|  69|0x0000000708a00000, 0x0000000708a5eda0, 0x0000000708c00000| 18%| S|CS|TAMS 0x0000000708a00000| PB 0x0000000708a00000| Complete 
|  81|0x000000070a200000, 0x000000070a400000, 0x000000070a400000|100%| E|CS|TAMS 0x000000070a200000| PB 0x000000070a200000| Complete 

Card table byte_map: [0x000001a336170000,0x000001a336970000] _byte_map_base: 0x000001a332970000

Marking Bits: (CMBitMap*) 0x000001a3234b9e10
 Bits: [0x000001a336970000, 0x000001a33a970000)

Polling page: 0x000001a3212f0000

Metaspace:

Usage:
  Non-class:     22.52 MB used.
      Class:      3.98 MB used.
       Both:     26.50 MB used.

Virtual space:
  Non-class space:       64.00 MB reserved,      23.00 MB ( 36%) committed,  1 nodes.
      Class space:        1.00 GB reserved,       4.44 MB ( <1%) committed,  1 nodes.
             Both:        1.06 GB reserved,      27.44 MB (  3%) committed. 

Chunk freelists:
   Non-Class:  8.19 MB
       Class:  11.39 MB
        Both:  19.58 MB

MaxMetaspaceSize: unlimited
CompressedClassSpaceSize: 1.00 GB
Initial GC threshold: 21.00 MB
Current GC threshold: 35.12 MB
CDS: on
 - commit_granule_bytes: 65536.
 - commit_granule_words: 8192.
 - virtual_space_node_default_size: 8388608.
 - enlarge_chunks_in_place: 1.
 - use_allocation_guard: 0.


Internal statistics:

num_allocs_failed_limit: 3.
num_arena_births: 1550.
num_arena_deaths: 0.
num_vsnodes_births: 2.
num_vsnodes_deaths: 0.
num_space_committed: 439.
num_space_uncommitted: 0.
num_chunks_returned_to_freelist: 3.
num_chunks_taken_from_freelist: 2753.
num_chunk_merges: 3.
num_chunk_splits: 1791.
num_chunks_enlarged: 1113.
num_inconsistent_stats: 0.

CodeHeap 'non-profiled nmethods': size=120000Kb used=2495Kb max_used=2495Kb free=117504Kb
 bounds [0x000001a32e110000, 0x000001a32e380000, 0x000001a335640000]
CodeHeap 'profiled nmethods': size=120000Kb used=8594Kb max_used=8594Kb free=111405Kb
 bounds [0x000001a326640000, 0x000001a326eb0000, 0x000001a32db70000]
CodeHeap 'non-nmethods': size=5760Kb used=1433Kb max_used=1464Kb free=4327Kb
 bounds [0x000001a32db70000, 0x000001a32dde0000, 0x000001a32e110000]
CodeCache: size=245760Kb, used=12522Kb, max_used=12553Kb, free=233236Kb
 total_blobs=4927, nmethods=4341, adapters=490, full_count=0
Compilation: enabled, stopped_count=0, restarted_count=0

Compilation events (20 events):
Event: 460.045 Thread 0x000001a33d39da20 nmethod 4369 0x000001a32e37ba90 code [0x000001a32e37bc20, 0x000001a32e37bdf8]
Event: 460.075 Thread 0x000001a33d39da20 4370   !   4       java.util.concurrent.locks.AbstractQueuedSynchronizer::tryInitializeHead (66 bytes)
Event: 460.082 Thread 0x000001a33d39da20 nmethod 4370 0x000001a32e37bf10 code [0x000001a32e37c0a0, 0x000001a32e37c3a0]
Event: 460.119 Thread 0x000001a33d39da20 4372   !   4       java.util.concurrent.locks.AbstractQueuedSynchronizer$ConditionObject::newConditionNode (78 bytes)
Event: 460.129 Thread 0x000001a33d39da20 nmethod 4372 0x000001a32e37c790 code [0x000001a32e37c980, 0x000001a32e37ce70]
Event: 460.144 Thread 0x000001a33d39da20 4373       4       java.lang.String::equals (56 bytes)
Event: 460.146 Thread 0x000001a33d39da20 nmethod 4373 0x000001a32e37d110 code [0x000001a32e37d2a0, 0x000001a32e37d470]
Event: 460.451 Thread 0x000001a33d39da20 4374  s    4       jdk.internal.loader.Resource::cachedInputStream (20 bytes)
Event: 460.491 Thread 0x000001a33d39da20 nmethod 4374 0x000001a32e37d510 code [0x000001a32e37d7a0, 0x000001a32e37e5a0]
Event: 460.508 Thread 0x000001a33d39da20 4375       4       java.lang.ClassLoader::findLoadedClass (15 bytes)
Event: 460.513 Thread 0x000001a33d39da20 nmethod 4375 0x000001a32e37ec90 code [0x000001a32e37ee40, 0x000001a32e37f130]
Event: 460.513 Thread 0x000001a33d39da20 4376   !   4       jdk.internal.loader.URLClassPath$JarLoader::getResource (40 bytes)
Event: 460.527 Thread 0x000001a33d39da20 nmethod 4376 0x000001a32e37f390 code [0x000001a32e37f5a0, 0x000001a32e37f9a0]
Event: 460.535 Thread 0x000001a33d39da20 4377   !   4       java.net.URLClassLoader::findClass (47 bytes)
Event: 460.559 Thread 0x000001a33d3c4830 4379       3       java.util.concurrent.locks.ReentrantLock::tryLock (8 bytes)
Event: 460.559 Thread 0x000001a33d3c4830 nmethod 4379 0x000001a326ea3210 code [0x000001a326ea33c0, 0x000001a326ea3510]
Event: 460.559 Thread 0x000001a33d3c4830 4380       3       java.util.concurrent.locks.ReentrantLock$Sync::tryLock (63 bytes)
Event: 460.560 Thread 0x000001a33d3c4830 nmethod 4380 0x000001a326ea3610 code [0x000001a326ea3800, 0x000001a326ea3c28]
Event: 461.155 Thread 0x000001a33d3c4830 4381       3       java.util.concurrent.locks.AbstractQueuedSynchronizer$ConditionObject::enableWait (84 bytes)
Event: 461.658 Thread 0x000001a33d3c4830 nmethod 4381 0x000001a326ea3d10 code [0x000001a326ea3f40, 0x000001a326ea46b8]

GC Heap History (20 events):
Event: 201.538 GC heap before
{Heap before GC invocations=5 (full 0):
 garbage-first heap   total 120832K, used 25284K [0x0000000700000000, 0x0000000800000000)
  region size 2048K, 2 young (4096K), 1 survivors (2048K)
 Metaspace       used 16123K, committed 16576K, reserved 1114112K
  class space    used 2217K, committed 2432K, reserved 1048576K
}
Event: 201.541 GC heap after
{Heap after GC invocations=6 (full 0):
 garbage-first heap   total 120832K, used 22928K [0x0000000700000000, 0x0000000800000000)
  region size 2048K, 1 young (2048K), 1 survivors (2048K)
 Metaspace       used 16123K, committed 16576K, reserved 1114112K
  class space    used 2217K, committed 2432K, reserved 1048576K
}
Event: 202.068 GC heap before
{Heap before GC invocations=6 (full 0):
 garbage-first heap   total 120832K, used 24976K [0x0000000700000000, 0x0000000800000000)
  region size 2048K, 2 young (4096K), 1 survivors (2048K)
 Metaspace       used 16481K, committed 16960K, reserved 1114112K
  class space    used 2278K, committed 2496K, reserved 1048576K
}
Event: 202.070 GC heap after
{Heap after GC invocations=7 (full 0):
 garbage-first heap   total 120832K, used 22929K [0x0000000700000000, 0x0000000800000000)
  region size 2048K, 1 young (2048K), 1 survivors (2048K)
 Metaspace       used 16481K, committed 16960K, reserved 1114112K
  class space    used 2278K, committed 2496K, reserved 1048576K
}
Event: 202.285 GC heap before
{Heap before GC invocations=7 (full 0):
 garbage-first heap   total 120832K, used 24977K [0x0000000700000000, 0x0000000800000000)
  region size 2048K, 2 young (4096K), 1 survivors (2048K)
 Metaspace       used 16667K, committed 17088K, reserved 1114112K
  class space    used 2311K, committed 2496K, reserved 1048576K
}
Event: 202.289 GC heap after
{Heap after GC invocations=8 (full 0):
 garbage-first heap   total 120832K, used 22989K [0x0000000700000000, 0x0000000800000000)
  region size 2048K, 1 young (2048K), 1 survivors (2048K)
 Metaspace       used 16667K, committed 17088K, reserved 1114112K
  class space    used 2311K, committed 2496K, reserved 1048576K
}
Event: 202.477 GC heap before
{Heap before GC invocations=8 (full 0):
 garbage-first heap   total 120832K, used 25037K [0x0000000700000000, 0x0000000800000000)
  region size 2048K, 2 young (4096K), 1 survivors (2048K)
 Metaspace       used 16961K, committed 17536K, reserved 1114112K
  class space    used 2363K, committed 2624K, reserved 1048576K
}
Event: 202.482 GC heap after
{Heap after GC invocations=9 (full 0):
 garbage-first heap   total 120832K, used 23112K [0x0000000700000000, 0x0000000800000000)
  region size 2048K, 1 young (2048K), 1 survivors (2048K)
 Metaspace       used 16961K, committed 17536K, reserved 1114112K
  class space    used 2363K, committed 2624K, reserved 1048576K
}
Event: 202.550 GC heap before
{Heap before GC invocations=9 (full 0):
 garbage-first heap   total 120832K, used 25160K [0x0000000700000000, 0x0000000800000000)
  region size 2048K, 2 young (4096K), 1 survivors (2048K)
 Metaspace       used 17106K, committed 17664K, reserved 1114112K
  class space    used 2385K, committed 2624K, reserved 1048576K
}
Event: 202.558 GC heap after
{Heap after GC invocations=10 (full 0):
 garbage-first heap   total 120832K, used 23221K [0x0000000700000000, 0x0000000800000000)
  region size 2048K, 1 young (2048K), 1 survivors (2048K)
 Metaspace       used 17106K, committed 17664K, reserved 1114112K
  class space    used 2385K, committed 2624K, reserved 1048576K
}
Event: 202.828 GC heap before
{Heap before GC invocations=10 (full 0):
 garbage-first heap   total 120832K, used 23221K [0x0000000700000000, 0x0000000800000000)
  region size 2048K, 2 young (4096K), 1 survivors (2048K)
 Metaspace       used 17457K, committed 17984K, reserved 1114112K
  class space    used 2445K, committed 2688K, reserved 1048576K
}
Event: 202.832 GC heap after
{Heap after GC invocations=11 (full 0):
 garbage-first heap   total 167936K, used 23388K [0x0000000700000000, 0x0000000800000000)
  region size 2048K, 1 young (2048K), 1 survivors (2048K)
 Metaspace       used 17457K, committed 17984K, reserved 1114112K
  class space    used 2445K, committed 2688K, reserved 1048576K
}
Event: 203.341 GC heap before
{Heap before GC invocations=11 (full 0):
 garbage-first heap   total 167936K, used 27484K [0x0000000700000000, 0x0000000800000000)
  region size 2048K, 4 young (8192K), 1 survivors (2048K)
 Metaspace       used 18135K, committed 18688K, reserved 1114112K
  class space    used 2563K, committed 2816K, reserved 1048576K
}
Event: 203.343 GC heap after
{Heap after GC invocations=12 (full 0):
 garbage-first heap   total 167936K, used 23808K [0x0000000700000000, 0x0000000800000000)
  region size 2048K, 1 young (2048K), 1 survivors (2048K)
 Metaspace       used 18135K, committed 18688K, reserved 1114112K
  class space    used 2563K, committed 2816K, reserved 1048576K
}
Event: 205.058 GC heap before
{Heap before GC invocations=12 (full 0):
 garbage-first heap   total 167936K, used 44288K [0x0000000700000000, 0x0000000800000000)
  region size 2048K, 12 young (24576K), 1 survivors (2048K)
 Metaspace       used 20865K, committed 21504K, reserved 1114112K
  class space    used 3034K, committed 3392K, reserved 1048576K
}
Event: 205.068 GC heap after
{Heap after GC invocations=13 (full 0):
 garbage-first heap   total 167936K, used 25434K [0x0000000700000000, 0x0000000800000000)
  region size 2048K, 2 young (4096K), 2 survivors (4096K)
 Metaspace       used 20865K, committed 21504K, reserved 1114112K
  class space    used 3034K, committed 3392K, reserved 1048576K
}
Event: 251.522 GC heap before
{Heap before GC invocations=14 (full 0):
 garbage-first heap   total 96256K, used 72538K [0x0000000700000000, 0x0000000800000000)
  region size 2048K, 25 young (51200K), 2 survivors (4096K)
 Metaspace       used 26243K, committed 27200K, reserved 1114112K
  class space    used 3921K, committed 4352K, reserved 1048576K
}
Event: 251.897 GC heap after
{Heap after GC invocations=15 (full 0):
 garbage-first heap   total 96256K, used 27560K [0x0000000700000000, 0x0000000800000000)
  region size 2048K, 3 young (6144K), 3 survivors (6144K)
 Metaspace       used 26243K, committed 27200K, reserved 1114112K
  class space    used 3921K, committed 4352K, reserved 1048576K
}
Event: 261.169 GC heap before
{Heap before GC invocations=15 (full 0):
 garbage-first heap   total 96256K, used 29608K [0x0000000700000000, 0x0000000800000000)
  region size 2048K, 4 young (8192K), 3 survivors (6144K)
 Metaspace       used 26249K, committed 27200K, reserved 1114112K
  class space    used 3921K, committed 4352K, reserved 1048576K
}
Event: 261.177 GC heap after
{Heap after GC invocations=16 (full 0):
 garbage-first heap   total 96256K, used 27684K [0x0000000700000000, 0x0000000800000000)
  region size 2048K, 1 young (2048K), 1 survivors (2048K)
 Metaspace       used 26249K, committed 27200K, reserved 1114112K
  class space    used 3921K, committed 4352K, reserved 1048576K
}

Dll operation events (20 events):
Event: 0.436 Attempting to load shared library C:\Users\NAGARAJU\.antigravity-ide\extensions\redhat.java-1.56.0-win32-x64\jre\21.0.12.1-win32-x86_64\bin\nio.dll
Event: 0.438 Loaded shared library C:\Users\NAGARAJU\.antigravity-ide\extensions\redhat.java-1.56.0-win32-x64\jre\21.0.12.1-win32-x86_64\bin\nio.dll
Event: 0.444 Attempting to load shared library C:\Users\NAGARAJU\.antigravity-ide\extensions\redhat.java-1.56.0-win32-x64\jre\21.0.12.1-win32-x86_64\bin\zip.dll
Event: 0.444 Loaded shared library C:\Users\NAGARAJU\.antigravity-ide\extensions\redhat.java-1.56.0-win32-x64\jre\21.0.12.1-win32-x86_64\bin\zip.dll
Event: 2.108 Attempting to load shared library C:\Users\NAGARAJU\.antigravity-ide\extensions\redhat.java-1.56.0-win32-x64\jre\21.0.12.1-win32-x86_64\bin\jimage.dll
Event: 2.108 Loaded shared library C:\Users\NAGARAJU\.antigravity-ide\extensions\redhat.java-1.56.0-win32-x64\jre\21.0.12.1-win32-x86_64\bin\jimage.dll
Event: 2.850 Attempting to load shared library C:\Users\NAGARAJU\.antigravity-ide\extensions\redhat.java-1.56.0-win32-x64\jre\21.0.12.1-win32-x86_64\bin\verify.dll
Event: 2.851 Loaded shared library C:\Users\NAGARAJU\.antigravity-ide\extensions\redhat.java-1.56.0-win32-x64\jre\21.0.12.1-win32-x86_64\bin\verify.dll
Event: 3.137 Attempting to load shared library C:\Users\NAGARAJU\.gradle\native\1def1411415f61bf3af743bc5b6707747c0891f09f0c88961ee8f79bc544acac\windows-amd64\native-platform.dll
Event: 3.139 Loaded shared library C:\Users\NAGARAJU\.gradle\native\1def1411415f61bf3af743bc5b6707747c0891f09f0c88961ee8f79bc544acac\windows-amd64\native-platform.dll
Event: 3.170 Attempting to load shared library C:\Users\NAGARAJU\.gradle\native\0.2.7\x86_64-windows-gnu\gradle-fileevents.dll
Event: 3.172 Loaded shared library C:\Users\NAGARAJU\.gradle\native\0.2.7\x86_64-windows-gnu\gradle-fileevents.dll
Event: 9.254 Attempting to load shared library C:\Users\NAGARAJU\.antigravity-ide\extensions\redhat.java-1.56.0-win32-x64\jre\21.0.12.1-win32-x86_64\bin\management.dll
Event: 9.344 Loaded shared library C:\Users\NAGARAJU\.antigravity-ide\extensions\redhat.java-1.56.0-win32-x64\jre\21.0.12.1-win32-x86_64\bin\management.dll
Event: 9.348 Attempting to load shared library C:\Users\NAGARAJU\.antigravity-ide\extensions\redhat.java-1.56.0-win32-x64\jre\21.0.12.1-win32-x86_64\bin\management_ext.dll
Event: 9.469 Loaded shared library C:\Users\NAGARAJU\.antigravity-ide\extensions\redhat.java-1.56.0-win32-x64\jre\21.0.12.1-win32-x86_64\bin\management_ext.dll
Event: 10.568 Attempting to load shared library C:\Users\NAGARAJU\.antigravity-ide\extensions\redhat.java-1.56.0-win32-x64\jre\21.0.12.1-win32-x86_64\bin\extnet.dll
Event: 10.569 Loaded shared library C:\Users\NAGARAJU\.antigravity-ide\extensions\redhat.java-1.56.0-win32-x64\jre\21.0.12.1-win32-x86_64\bin\extnet.dll
Event: 12.465 Attempting to load shared library C:\Users\NAGARAJU\.antigravity-ide\extensions\redhat.java-1.56.0-win32-x64\jre\21.0.12.1-win32-x86_64\bin\sunmscapi.dll
Event: 12.474 Loaded shared library C:\Users\NAGARAJU\.antigravity-ide\extensions\redhat.java-1.56.0-win32-x64\jre\21.0.12.1-win32-x86_64\bin\sunmscapi.dll

Deoptimization events (20 events):
Event: 460.221 Thread 0x000001a37f4ee390 Uncommon trap: trap_request=0xffffffde fr.pc=0x000001a32e17c534 relative=0x00000000000010d4
Event: 460.221 Thread 0x000001a37f4ee390 Uncommon trap: reason=class_check action=maybe_recompile pc=0x000001a32e17c534 method=jdk.internal.loader.URLClassPath.getLoader(I)Ljdk/internal/loader/URLClassPath$Loader; @ 88 c2
Event: 460.221 Thread 0x000001a37f4ee390 DEOPT PACKING pc=0x000001a32e17c534 sp=0x0000003586ffa540
Event: 460.222 Thread 0x000001a37f4ee390 DEOPT UNPACKING pc=0x000001a32dbc4422 sp=0x0000003586ffa530 mode 2
Event: 460.222 Thread 0x000001a37f4ee390 Uncommon trap: trap_request=0xffffffde fr.pc=0x000001a32e2e0f24 relative=0x0000000000004384
Event: 460.223 Thread 0x000001a37f4ee390 Uncommon trap: reason=class_check action=maybe_recompile pc=0x000001a32e2e0f24 method=jdk.internal.loader.URLClassPath.getResource(Ljava/lang/String;Z)Ljdk/internal/loader/Resource; @ 53 c2
Event: 460.224 Thread 0x000001a37f4ee390 DEOPT PACKING pc=0x000001a32e2e0f24 sp=0x0000003586ffa600
Event: 460.224 Thread 0x000001a37f4ee390 DEOPT UNPACKING pc=0x000001a32dbc4422 sp=0x0000003586ffa420 mode 2
Event: 460.488 Thread 0x000001a37f4ee390 Uncommon trap: trap_request=0xffffff45 fr.pc=0x000001a32e2f1cf8 relative=0x00000000000038f8
Event: 460.488 Thread 0x000001a37f4ee390 Uncommon trap: reason=unstable_if action=reinterpret pc=0x000001a32e2f1cf8 method=java.lang.ClassLoader.getClassLoadingLock(Ljava/lang/String;)Ljava/lang/Object; @ 6 c2
Event: 460.488 Thread 0x000001a37f4ee390 DEOPT PACKING pc=0x000001a32e2f1cf8 sp=0x0000003586ff8b40
Event: 460.488 Thread 0x000001a37f4ee390 DEOPT UNPACKING pc=0x000001a32dbc4422 sp=0x0000003586ff8b20 mode 2
Event: 460.552 Thread 0x000001a37f4ee390 Uncommon trap: trap_request=0xffffff45 fr.pc=0x000001a32e23ee18 relative=0x00000000000000f8
Event: 460.552 Thread 0x000001a37f4ee390 Uncommon trap: reason=unstable_if action=reinterpret pc=0x000001a32e23ee18 method=java.lang.ClassLoader.getClassLoadingLock(Ljava/lang/String;)Ljava/lang/Object; @ 6 c2
Event: 460.552 Thread 0x000001a37f4ee390 DEOPT PACKING pc=0x000001a32e23ee18 sp=0x0000003586ff8de0
Event: 460.552 Thread 0x000001a37f4ee390 DEOPT UNPACKING pc=0x000001a32dbc4422 sp=0x0000003586ff8d70 mode 2
Event: 460.567 Thread 0x000001a37f4ee390 Uncommon trap: trap_request=0xffffff45 fr.pc=0x000001a32e30a870 relative=0x00000000000008d0
Event: 460.567 Thread 0x000001a37f4ee390 Uncommon trap: reason=unstable_if action=reinterpret pc=0x000001a32e30a870 method=java.lang.Class.getPackageName()Ljava/lang/String; @ 55 c2
Event: 460.567 Thread 0x000001a37f4ee390 DEOPT PACKING pc=0x000001a32e30a870 sp=0x0000003586ffa1e0
Event: 460.567 Thread 0x000001a37f4ee390 DEOPT UNPACKING pc=0x000001a32dbc4422 sp=0x0000003586ffa1a0 mode 2

Classes loaded (20 events):
Event: 208.922 Loading class java/nio/file/FileTreeWalker$Event
Event: 208.923 Loading class java/nio/file/FileTreeWalker$Event done
Event: 208.923 Loading class java/nio/file/FileTreeWalker$EventType
Event: 208.923 Loading class java/nio/file/FileTreeWalker$EventType done
Event: 208.923 Loading class java/nio/file/Files$3
Event: 208.924 Loading class java/nio/file/Files$3 done
Event: 208.928 Loading class java/nio/file/FileVisitResult
Event: 208.929 Loading class java/nio/file/FileVisitResult done
Event: 421.754 Loading class java/util/stream/IntStream
Event: 421.802 Loading class java/util/stream/IntStream done
Event: 421.803 Loading class java/util/stream/Streams$RangeIntSpliterator
Event: 421.808 Loading class java/util/stream/Streams$RangeIntSpliterator done
Event: 421.808 Loading class java/util/stream/IntPipeline$Head
Event: 421.812 Loading class java/util/stream/IntPipeline
Event: 421.857 Loading class java/util/stream/IntPipeline done
Event: 421.857 Loading class java/util/stream/IntPipeline$Head done
Event: 460.184 Loading class jdk/internal/loader/URLClassPath$FileLoader
Event: 460.200 Loading class jdk/internal/loader/URLClassPath$FileLoader done
Event: 460.227 Loading class jdk/internal/loader/URLClassPath$FileLoader$1
Event: 460.229 Loading class jdk/internal/loader/URLClassPath$FileLoader$1 done

Classes unloaded (0 events):
No events

Classes redefined (0 events):
No events

Internal exceptions (20 events):
Event: 207.116 Thread 0x000001a37f4ee390 Exception <a 'java/lang/NoSuchMethodError'{0x0000000704879318}: 'java.lang.Object java.lang.invoke.DirectMethodHandle$Holder.invokeSpecial(java.lang.Object, java.lang.Object, java.lang.Object, java.lang.Object, java.lang.Object, java.lang.Object, java.lang.Object, java.lang.Object, java.lang.Object, java.lang.Object, java.lang.Object, java.lang.Object, java.lang.Object, java.lang.Object)'> (0x0000000704879318) 
thrown [s\src\hotspot\share\interpreter\linkResolver.cpp, line 773]
Event: 207.117 Thread 0x000001a37f4ee390 Exception <a 'java/lang/NoSuchMethodError'{0x000000070487e068}: 'java.lang.Object java.lang.invoke.DelegatingMethodHandle$Holder.reinvoke_L(java.lang.Object, java.lang.Object, java.lang.Object, java.lang.Object, java.lang.Object, java.lang.Object, java.lang.Object, java.lang.Object, java.lang.Object, java.lang.Object, java.lang.Object, java.lang.Object, java.lang.Object)'> (0x000000070487e068) 
thrown [s\src\hotspot\share\interpreter\linkResolver.cpp, line 773]
Event: 207.319 Thread 0x000001a37f4ee390 Exception <a 'java/lang/NoSuchMethodError'{0x0000000704641ab8}: 'void java.lang.invoke.DirectMethodHandle$Holder.invokeStaticInit(java.lang.Object, java.lang.Object)'> (0x0000000704641ab8) 
thrown [s\src\hotspot\share\interpreter\linkResolver.cpp, line 773]
Event: 207.599 Thread 0x000001a37f4ee390 Exception <a 'java/lang/NoSuchMethodError'{0x0000000704267430}: 'java.lang.Object java.lang.invoke.DirectMethodHandle$Holder.newInvokeSpecial(java.lang.Object, java.lang.Object, java.lang.Object, java.lang.Object, java.lang.Object, java.lang.Object, java.lang.Object, java.lang.Object, java.lang.Object)'> (0x0000000704267430) 
thrown [s\src\hotspot\share\interpreter\linkResolver.cpp, line 773]
Event: 207.936 Thread 0x000001a37f4ee390 Exception <a 'java/lang/NoSuchMethodError'{0x000000070418b200}: 'int java.lang.invoke.DirectMethodHandle$Holder.invokeVirtual(java.lang.Object, java.lang.Object)'> (0x000000070418b200) 
thrown [s\src\hotspot\share\interpreter\linkResolver.cpp, line 773]
Event: 208.144 Thread 0x000001a37f4ee390 Exception <a 'java/lang/NoSuchMethodError'{0x0000000703c79dd0}: 'void java.lang.invoke.DirectMethodHandle$Holder.invokeInterface(java.lang.Object, java.lang.Object, java.lang.Object, java.lang.Object, java.lang.Object)'> (0x0000000703c79dd0) 
thrown [s\src\hotspot\share\interpreter\linkResolver.cpp, line 773]
Event: 208.161 Thread 0x000001a37f4ee390 Exception <a 'java/lang/NoSuchMethodError'{0x0000000703cc8b28}: 'void java.lang.invoke.DirectMethodHandle$Holder.invokeStatic(java.lang.Object, java.lang.Object, java.lang.Object, java.lang.Object, java.lang.Object, java.lang.Object)'> (0x0000000703cc8b28) 
thrown [s\src\hotspot\share\interpreter\linkResolver.cpp, line 773]
Event: 208.706 Thread 0x000001a37f4ee390 Exception <a 'java/lang/IncompatibleClassChangeError'{0x00000007034bf3e0}: Found class java.lang.Object, but interface was expected> (0x00000007034bf3e0) 
thrown [s\src\hotspot\share\interpreter\linkResolver.cpp, line 840]
Event: 208.827 Thread 0x000001a37f4ee390 Exception <a 'java/lang/NoSuchMethodError'{0x0000000703585608}: 'java.lang.Object java.lang.invoke.DirectMethodHandle$Holder.newInvokeSpecial(java.lang.Object, java.lang.Object, long)'> (0x0000000703585608) 
thrown [s\src\hotspot\share\interpreter\linkResolver.cpp, line 773]
Event: 208.830 Thread 0x000001a37f4ee390 Exception <a 'java/lang/NoSuchMethodError'{0x00000007035899b0}: 'java.lang.Object java.lang.invoke.Invokers$Holder.linkToTargetMethod(java.lang.Object, long, java.lang.Object)'> (0x00000007035899b0) 
thrown [s\src\hotspot\share\interpreter\linkResolver.cpp, line 773]
Event: 208.888 Thread 0x000001a37f4eb5a0 Implicit null exception at 0x000001a32e2723e1 to 0x000001a32e272a68
Event: 208.923 Thread 0x000001a37f4eb5a0 Implicit null exception at 0x000001a32e2c70af to 0x000001a32e2c7830
Event: 421.206 Thread 0x000001a37f4ee390 Exception <a 'java/lang/NoSuchMethodError'{0x0000000704089dd0}: 'int java.lang.invoke.DirectMethodHandle$Holder.invokeInterface(java.lang.Object, java.lang.Object)'> (0x0000000704089dd0) 
thrown [s\src\hotspot\share\interpreter\linkResolver.cpp, line 773]
Event: 421.560 Thread 0x000001a37f4ee390 Exception <a 'java/lang/NoSuchMethodError'{0x0000000704118640}: 'java.lang.Object java.lang.invoke.DirectMethodHandle$Holder.invokeVirtual(java.lang.Object, java.lang.Object, int)'> (0x0000000704118640) 
thrown [s\src\hotspot\share\interpreter\linkResolver.cpp, line 773]
Event: 422.558 Thread 0x000001a37f4ee390 Exception <a 'java/lang/NoSuchMethodError'{0x0000000703e89f40}: 'java.lang.Object java.lang.invoke.DirectMethodHandle$Holder.invokeStatic(java.lang.Object, java.lang.Object, int, java.lang.Object)'> (0x0000000703e89f40) 
thrown [s\src\hotspot\share\interpreter\linkResolver.cpp, line 773]
Event: 422.571 Thread 0x000001a37f4ee390 Exception <a 'java/lang/NoSuchMethodError'{0x0000000703e91398}: 'java.lang.Object java.lang.invoke.DirectMethodHandle$Holder.newInvokeSpecial(java.lang.Object, java.lang.Object, int, java.lang.Object)'> (0x0000000703e91398) 
thrown [s\src\hotspot\share\interpreter\linkResolver.cpp, line 773]
Event: 422.578 Thread 0x000001a37f4ee390 Exception <a 'java/lang/NoSuchMethodError'{0x0000000703e95b30}: 'java.lang.Object java.lang.invoke.DirectMethodHandle$Holder.invokeSpecial(java.lang.Object, java.lang.Object, java.lang.Object, int, java.lang.Object)'> (0x0000000703e95b30) 
thrown [s\src\hotspot\share\interpreter\linkResolver.cpp, line 773]
Event: 424.787 Thread 0x000001a37f4ee390 Implicit null exception at 0x000001a32e358dd8 to 0x000001a32e3598d3
Event: 460.052 Thread 0x000001a37f4ee390 Exception <a 'java/lang/NoSuchMethodError'{0x000000070377a2d8}: 'void java.lang.invoke.DirectMethodHandle$Holder.invokeInterface(java.lang.Object, java.lang.Object, java.lang.Object, java.lang.Object, java.lang.Object, java.lang.Object, java.lang.Object)'> (0x000000070377a2d8) 
thrown [s\src\hotspot\share\interpreter\linkResolver.cpp, line 773]
Event: 460.121 Thread 0x000001a37f4ee390 Exception <a 'java/lang/NoSuchMethodError'{0x000000070377ec60}: 'void java.lang.invoke.DelegatingMethodHandle$Holder.reinvoke_L(java.lang.Object, java.lang.Object, java.lang.Object, java.lang.Object, java.lang.Object, java.lang.Object, java.lang.Object)'> (0x000000070377ec60) 
thrown [s\src\hotspot\share\interpreter\linkResolver.cpp, line 773]

ZGC Phase Switch (0 events):
No events

VM Operations (20 events):
Event: 424.536 Executing safepoint VM operation: Cleanup
Event: 424.552 Executing safepoint VM operation: Cleanup done
Event: 425.563 Executing safepoint VM operation: Cleanup
Event: 425.563 Executing safepoint VM operation: Cleanup done
Event: 430.597 Executing safepoint VM operation: Cleanup
Event: 430.597 Executing safepoint VM operation: Cleanup done
Event: 432.606 Executing safepoint VM operation: Cleanup
Event: 432.606 Executing safepoint VM operation: Cleanup done
Event: 457.790 Executing safepoint VM operation: Cleanup
Event: 457.805 Executing safepoint VM operation: Cleanup done
Event: 458.812 Executing safepoint VM operation: Cleanup
Event: 458.828 Executing safepoint VM operation: Cleanup done
Event: 459.841 Executing safepoint VM operation: Cleanup
Event: 459.902 Executing safepoint VM operation: Cleanup done
Event: 460.442 Executing non-safepoint VM operation: HandshakeAllThreads (Deoptimize)
Event: 460.448 Executing non-safepoint VM operation: HandshakeAllThreads (Deoptimize) done
Event: 460.450 Executing non-safepoint VM operation: HandshakeAllThreads (Deoptimize)
Event: 460.450 Executing non-safepoint VM operation: HandshakeAllThreads (Deoptimize) done
Event: 461.463 Executing safepoint VM operation: Cleanup
Event: 461.633 Executing safepoint VM operation: Cleanup done

Memory protections (0 events):
No events

Nmethod flushes (0 events):
No events

Events (20 events):
Event: 12.661 Thread 0x000001a37f393ef0 Thread added: 0x000001a33d655fa0
Event: 12.851 Thread 0x000001a37f393ef0 Thread added: 0x000001a37f4eea20
Event: 12.897 Thread 0x000001a37f393ef0 Thread added: 0x000001a37f4ee390
Event: 12.958 Thread 0x000001a37f4ee390 Thread added: 0x000001a37f4ed670
Event: 12.967 Thread 0x000001a37f4ee390 Thread added: 0x000001a37f4ebc30
Event: 12.983 Thread 0x000001a37f4ee390 Thread added: 0x000001a37f4ec2c0
Event: 15.560 Thread 0x000001a37f4ee390 Thread added: 0x000001a37f4eb5a0
Event: 15.608 Thread 0x000001a37f4ee390 Thread added: 0x000001a37f4ec950
Event: 15.794 Thread 0x000001a37f4ec950 Thread added: 0x000001a37f4edd00
Event: 15.839 Thread 0x000001a37f4ee390 Thread added: 0x000001a37f4ecfe0
Event: 78.090 Thread 0x000001a37f4edd00 Thread exited: 0x000001a37f4edd00
Event: 148.154 Thread 0x000001a37f4ec950 Thread added: 0x000001a37f4edd00
Event: 206.292 Thread 0x000001a37f4ee390 Thread added: 0x000001a3043a34d0
Event: 206.393 Thread 0x000001a37f4ee390 Thread added: 0x000001a3043a2120
Event: 207.886 Thread 0x000001a37f4ee390 Thread added: 0x000001a3043a2e40
Event: 207.929 Thread 0x000001a37f4ee390 Thread added: 0x000001a3043a1a90
Event: 332.666 Thread 0x000001a37f4edd00 Thread exited: 0x000001a37f4edd00
Event: 419.351 Thread 0x000001a37f4ec950 Thread added: 0x000001a3043a3b60
Event: 422.616 Thread 0x000001a37f4ee390 Thread added: 0x000001a3043a1400
Event: 458.249 Thread 0x000001a37f4ee390 Thread added: 0x000001a3043a41f0


Dynamic libraries:
0x00007ff6b7110000 - 0x00007ff6b711e000 	C:\Users\NAGARAJU\.antigravity-ide\extensions\redhat.java-1.56.0-win32-x64\jre\21.0.12.1-win32-x86_64\bin\java.exe
0x00007ffa1e680000 - 0x00007ffa1e8e6000 	C:\WINDOWS\SYSTEM32\ntdll.dll
0x00007ffa1cfe0000 - 0x00007ffa1d0a9000 	C:\WINDOWS\System32\KERNEL32.DLL
0x00007ffa1bbd0000 - 0x00007ffa1bfcf000 	C:\WINDOWS\System32\KERNELBASE.dll
0x00007ffa1b890000 - 0x00007ffa1b9dc000 	C:\WINDOWS\System32\ucrtbase.dll
0x00007ff9e90f0000 - 0x00007ff9e9108000 	C:\Users\NAGARAJU\.antigravity-ide\extensions\redhat.java-1.56.0-win32-x64\jre\21.0.12.1-win32-x86_64\bin\jli.dll
0x00007ff9e9110000 - 0x00007ff9e912e000 	C:\Users\NAGARAJU\.antigravity-ide\extensions\redhat.java-1.56.0-win32-x64\jre\21.0.12.1-win32-x86_64\bin\VCRUNTIME140.dll
0x00007ffa1d870000 - 0x00007ffa1da36000 	C:\WINDOWS\System32\USER32.dll
0x00007ffa1c380000 - 0x00007ffa1c3a7000 	C:\WINDOWS\System32\win32u.dll
0x00007ffa1e170000 - 0x00007ffa1e19b000 	C:\WINDOWS\System32\GDI32.dll
0x00007ffa046c0000 - 0x00007ffa04951000 	C:\WINDOWS\WinSxS\amd64_microsoft.windows.common-controls_6595b64144ccf1df_6.0.26100.8972_none_3e0da176e32f9d4b\COMCTL32.dll
0x00007ffa1b9f0000 - 0x00007ffa1bb19000 	C:\WINDOWS\System32\gdi32full.dll
0x00007ffa1e0c0000 - 0x00007ffa1e169000 	C:\WINDOWS\System32\msvcrt.dll
0x00007ffa1bb20000 - 0x00007ffa1bbc3000 	C:\WINDOWS\System32\msvcp_win.dll
0x00007ffa1d550000 - 0x00007ffa1d582000 	C:\WINDOWS\System32\IMM32.DLL
0x00007ff9e90e0000 - 0x00007ff9e90ec000 	C:\Users\NAGARAJU\.antigravity-ide\extensions\redhat.java-1.56.0-win32-x64\jre\21.0.12.1-win32-x86_64\bin\vcruntime140_1.dll
0x00007ff9abe00000 - 0x00007ff9abe8d000 	C:\Users\NAGARAJU\.antigravity-ide\extensions\redhat.java-1.56.0-win32-x64\jre\21.0.12.1-win32-x86_64\bin\msvcp140.dll
0x00007ff9126f0000 - 0x00007ff913492000 	C:\Users\NAGARAJU\.antigravity-ide\extensions\redhat.java-1.56.0-win32-x64\jre\21.0.12.1-win32-x86_64\bin\server\jvm.dll
0x00007ffa1e4b0000 - 0x00007ffa1e56c000 	C:\WINDOWS\System32\ADVAPI32.dll
0x00007ffa1d0b0000 - 0x00007ffa1d15a000 	C:\WINDOWS\System32\sechost.dll
0x00007ffa1da40000 - 0x00007ffa1db58000 	C:\WINDOWS\System32\RPCRT4.dll
0x00007ffa1d260000 - 0x00007ffa1d2e2000 	C:\WINDOWS\System32\WS2_32.dll
0x00007ffa14ba0000 - 0x00007ffa14bd6000 	C:\WINDOWS\SYSTEM32\WINMM.dll
0x00007ffa1b6f0000 - 0x00007ffa1b74e000 	C:\WINDOWS\SYSTEM32\POWRPROF.dll
0x00007ffa14be0000 - 0x00007ffa14beb000 	C:\WINDOWS\SYSTEM32\VERSION.dll
0x00007ffa1b6d0000 - 0x00007ffa1b6e5000 	C:\WINDOWS\SYSTEM32\UMPDC.dll
0x00007ffa1a580000 - 0x00007ffa1a59b000 	C:\WINDOWS\SYSTEM32\kernel.appcore.dll
0x00007ff9e8950000 - 0x00007ff9e895a000 	C:\Users\NAGARAJU\.antigravity-ide\extensions\redhat.java-1.56.0-win32-x64\jre\21.0.12.1-win32-x86_64\bin\jimage.dll
0x00007ffa109a0000 - 0x00007ffa10be2000 	C:\WINDOWS\SYSTEM32\DBGHELP.DLL
0x00007ffa1db60000 - 0x00007ffa1dee5000 	C:\WINDOWS\System32\combase.dll
0x00007ffa1d770000 - 0x00007ffa1d849000 	C:\WINDOWS\System32\OLEAUT32.dll
0x00007ff9fa760000 - 0x00007ff9fa79b000 	C:\WINDOWS\SYSTEM32\dbgcore.DLL
0x00007ffa1c2c0000 - 0x00007ffa1c36c000 	C:\WINDOWS\System32\bcryptPrimitives.dll
0x00007ff9e8410000 - 0x00007ff9e841f000 	C:\Users\NAGARAJU\.antigravity-ide\extensions\redhat.java-1.56.0-win32-x64\jre\21.0.12.1-win32-x86_64\bin\instrument.dll
0x00007ff9b4920000 - 0x00007ff9b4940000 	C:\Users\NAGARAJU\.antigravity-ide\extensions\redhat.java-1.56.0-win32-x64\jre\21.0.12.1-win32-x86_64\bin\java.dll
0x00007ffa1c3b0000 - 0x00007ffa1cb38000 	C:\WINDOWS\System32\SHELL32.dll
0x00007ffa19360000 - 0x00007ffa19bfb000 	C:\WINDOWS\SYSTEM32\windows.storage.dll
0x00007ffa1d660000 - 0x00007ffa1d759000 	C:\WINDOWS\System32\SHCORE.dll
0x00007ffa1d590000 - 0x00007ffa1d5f6000 	C:\WINDOWS\System32\shlwapi.dll
0x00007ffa1b7b0000 - 0x00007ffa1b7d9000 	C:\WINDOWS\SYSTEM32\profapi.dll
0x00007ff9b4670000 - 0x00007ff9b4688000 	C:\Users\NAGARAJU\.antigravity-ide\extensions\redhat.java-1.56.0-win32-x64\jre\21.0.12.1-win32-x86_64\bin\zip.dll
0x00007ff9e8450000 - 0x00007ff9e8460000 	C:\Users\NAGARAJU\.antigravity-ide\extensions\redhat.java-1.56.0-win32-x64\jre\21.0.12.1-win32-x86_64\bin\net.dll
0x00007ffa11a00000 - 0x00007ffa11b28000 	C:\WINDOWS\SYSTEM32\WINHTTP.dll
0x00007ffa1ab30000 - 0x00007ffa1ab9c000 	C:\WINDOWS\system32\mswsock.dll
0x00007ff9e8430000 - 0x00007ff9e8446000 	C:\Users\NAGARAJU\.antigravity-ide\extensions\redhat.java-1.56.0-win32-x64\jre\21.0.12.1-win32-x86_64\bin\nio.dll
0x00007ff9e8400000 - 0x00007ff9e8410000 	C:\Users\NAGARAJU\.antigravity-ide\extensions\redhat.java-1.56.0-win32-x64\jre\21.0.12.1-win32-x86_64\bin\verify.dll
0x00007ff9b69d0000 - 0x00007ff9b69f7000 	C:\Users\NAGARAJU\.gradle\native\1def1411415f61bf3af743bc5b6707747c0891f09f0c88961ee8f79bc544acac\windows-amd64\native-platform.dll
0x00007ff9b3430000 - 0x00007ff9b34a8000 	C:\Users\NAGARAJU\.gradle\native\0.2.7\x86_64-windows-gnu\gradle-fileevents.dll
0x00007ff9d1040000 - 0x00007ff9d104a000 	C:\Users\NAGARAJU\.antigravity-ide\extensions\redhat.java-1.56.0-win32-x64\jre\21.0.12.1-win32-x86_64\bin\management.dll
0x00007ff9b70d0000 - 0x00007ff9b70dc000 	C:\Users\NAGARAJU\.antigravity-ide\extensions\redhat.java-1.56.0-win32-x64\jre\21.0.12.1-win32-x86_64\bin\management_ext.dll
0x00007ffa1cfd0000 - 0x00007ffa1cfd8000 	C:\WINDOWS\System32\PSAPI.DLL
0x00007ffa19f50000 - 0x00007ffa19f83000 	C:\WINDOWS\SYSTEM32\IPHLPAPI.DLL
0x00007ffa1d760000 - 0x00007ffa1d76a000 	C:\WINDOWS\System32\NSI.dll
0x00007ff9db4a0000 - 0x00007ff9db4a9000 	C:\Users\NAGARAJU\.antigravity-ide\extensions\redhat.java-1.56.0-win32-x64\jre\21.0.12.1-win32-x86_64\bin\extnet.dll
0x00007ffa1ae20000 - 0x00007ffa1ae3b000 	C:\WINDOWS\SYSTEM32\CRYPTSP.dll
0x00007ffa1a4e0000 - 0x00007ffa1a519000 	C:\WINDOWS\system32\rsaenh.dll
0x00007ffa1abe0000 - 0x00007ffa1ac12000 	C:\WINDOWS\SYSTEM32\USERENV.dll
0x00007ffa1b780000 - 0x00007ffa1b7aa000 	C:\WINDOWS\SYSTEM32\bcrypt.dll
0x00007ffa1ae40000 - 0x00007ffa1ae4c000 	C:\WINDOWS\SYSTEM32\CRYPTBASE.dll
0x00007ff9db4b0000 - 0x00007ff9db4be000 	C:\Users\NAGARAJU\.antigravity-ide\extensions\redhat.java-1.56.0-win32-x64\jre\21.0.12.1-win32-x86_64\bin\sunmscapi.dll
0x00007ffa1bfe0000 - 0x00007ffa1c15e000 	C:\WINDOWS\System32\CRYPT32.dll
0x00007ffa1b060000 - 0x00007ffa1b090000 	C:\WINDOWS\SYSTEM32\ncrypt.dll
0x00007ffa1b010000 - 0x00007ffa1b04f000 	C:\WINDOWS\SYSTEM32\NTASN1.dll
0x00007ff9eceb0000 - 0x00007ff9eceb8000 	C:\WINDOWS\system32\wshunix.dll

JVMTI agents:
C:\Users\NAGARAJU\.gradle\wrapper\dists\gradle-8.14.1-bin\baw1sv0jfoi8rxs14qo3h49cs\gradle-8.14.1\lib\agents\gradle-instrumentation-agent-8.14.1.jar path:C:\Users\NAGARAJU\.antigravity-ide\extensions\redhat.java-1.56.0-win32-x64\jre\21.0.12.1-win32-x86_64\bin\instrument.dll, loaded, initialized, instrumentlib options:none

dbghelp: loaded successfully - version: 4.0.5 - missing functions: none
symbol engine: initialized successfully - sym options: 0x614 - pdb path: .;C:\Users\NAGARAJU\.antigravity-ide\extensions\redhat.java-1.56.0-win32-x64\jre\21.0.12.1-win32-x86_64\bin;C:\WINDOWS\SYSTEM32;C:\WINDOWS\WinSxS\amd64_microsoft.windows.common-controls_6595b64144ccf1df_6.0.26100.8972_none_3e0da176e32f9d4b;C:\Users\NAGARAJU\.antigravity-ide\extensions\redhat.java-1.56.0-win32-x64\jre\21.0.12.1-win32-x86_64\bin\server;C:\Users\NAGARAJU\.gradle\native\1def1411415f61bf3af743bc5b6707747c0891f09f0c88961ee8f79bc544acac\windows-amd64;C:\Users\NAGARAJU\.gradle\native\0.2.7\x86_64-windows-gnu

VM Arguments:
jvm_args: --add-opens=java.base/java.lang=ALL-UNNAMED --add-opens=java.base/java.lang.invoke=ALL-UNNAMED --add-opens=java.base/java.util=ALL-UNNAMED --add-opens=java.prefs/java.util.prefs=ALL-UNNAMED --add-exports=jdk.compiler/com.sun.tools.javac.api=ALL-UNNAMED --add-exports=jdk.compiler/com.sun.tools.javac.util=ALL-UNNAMED --add-opens=java.base/java.util=ALL-UNNAMED --add-opens=java.prefs/java.util.prefs=ALL-UNNAMED --add-opens=java.base/java.nio.charset=ALL-UNNAMED --add-opens=java.base/java.net=ALL-UNNAMED --add-opens=java.base/java.util.concurrent.atomic=ALL-UNNAMED --add-opens=java.xml/javax.xml.namespace=ALL-UNNAMED -Xmx4096m -Dfile.encoding=UTF-8 -Duser.country=IN -Duser.language=en -Duser.variant -javaagent:C:\Users\NAGARAJU\.gradle\wrapper\dists\gradle-8.14.1-bin\baw1sv0jfoi8rxs14qo3h49cs\gradle-8.14.1\lib\agents\gradle-instrumentation-agent-8.14.1.jar 
java_command: org.gradle.launcher.daemon.bootstrap.GradleDaemon 8.14.1
java_class_path (initial): C:\Users\NAGARAJU\.gradle\wrapper\dists\gradle-8.14.1-bin\baw1sv0jfoi8rxs14qo3h49cs\gradle-8.14.1\lib\gradle-daemon-main-8.14.1.jar
Launcher Type: SUN_STANDARD

[Global flags]
     intx CICompilerCount                          = 4                                         {product} {ergonomic}
     uint ConcGCThreads                            = 2                                         {product} {ergonomic}
     uint G1ConcRefinementThreads                  = 8                                         {product} {ergonomic}
   size_t G1HeapRegionSize                         = 2097152                                   {product} {ergonomic}
    uintx GCDrainStackTargetSize                   = 64                                        {product} {ergonomic}
   size_t InitialHeapSize                          = 123731968                                 {product} {ergonomic}
   size_t MarkStackSize                            = 4194304                                   {product} {ergonomic}
   size_t MaxHeapSize                              = 4294967296                                {product} {command line}
   size_t MaxNewSize                               = 2575302656                                {product} {ergonomic}
   size_t MinHeapDeltaBytes                        = 2097152                                   {product} {ergonomic}
   size_t MinHeapSize                              = 8388608                                   {product} {ergonomic}
    uintx NonNMethodCodeHeapSize                   = 5839372                                {pd product} {ergonomic}
    uintx NonProfiledCodeHeapSize                  = 122909434                              {pd product} {ergonomic}
    uintx ProfiledCodeHeapSize                     = 122909434                              {pd product} {ergonomic}
    uintx ReservedCodeCacheSize                    = 251658240                              {pd product} {ergonomic}
     bool SegmentedCodeCache                       = true                                      {product} {ergonomic}
   size_t SoftMaxHeapSize                          = 4294967296                             {manageable} {ergonomic}
     bool UseCompressedOops                        = true                           {product lp64_product} {ergonomic}
     bool UseG1GC                                  = true                                      {product} {ergonomic}
     bool UseLargePagesIndividualAllocation        = false                                  {pd product} {ergonomic}

Logging:
Log output configuration:
 #0: stdout all=warning uptime,level,tags foldmultilines=false
 #1: stderr all=off uptime,level,tags foldmultilines=false

Release file:
JAVA_VERSION="21.0.12.1" 
MODULES="java.base java.compiler java.datatransfer java.xml java.prefs java.desktop java.instrument java.logging java.management java.security.sasl java.naming java.rmi java.management.rmi java.net.http java.scripting java.security.jgss java.transaction.xa java.sql java.sql.rowset java.xml.crypto java.se java.smartcardio jdk.accessibility jdk.internal.jvmstat jdk.attach jdk.charsets jdk.internal.opt jdk.zipfs jdk.compiler jdk.crypto.ec jdk.crypto.cryptoki jdk.crypto.mscapi jdk.dynalink jdk.internal.ed jdk.editpad jdk.hotspot.agent jdk.httpserver jdk.internal.le jdk.internal.vm.ci jdk.internal.vm.compiler jdk.internal.vm.compiler.management jdk.jartool jdk.javadoc jdk.jcmd jdk.management jdk.management.agent jdk.jconsole jdk.jdeps jdk.jdwp.agent jdk.jdi jdk.jfr jdk.jshell jdk.jsobject jdk.jstatd jdk.localedata jdk.management.jfr jdk.naming.dns jdk.naming.rmi jdk.net jdk.nio.mapmode jdk.random jdk.sctp jdk.security.auth jdk.security.jgss jdk.unsupported jdk.unsupported.desktop jdk.xml.dom" 

Environment Variables:
JAVA_HOME=C:\Program Files\Eclipse Adoptium\jdk-21.0.11.10-hotspot
PATH=C:\Program Files\Eclipse Adoptium\jdk-21.0.11.10-hotspot\bin;C:\Program Files\Eclipse Adoptium\jdk-11.0.26.4-hotspot\bin;C:\Program Files\Eclipse Adoptium\jdk-17.0.14.7-hotspot\bin;C:\Program Files\Java\jdk-17\bin;C:\Program Files\nodejs;E:\Android\Sdk\platform-tools;E:\Android\Sdk\emulator;E:\Android\Sdk\cmdline-tools\latest\bin;C:\Users\NAGARAJU\AppData\Local\Android\Sdk\platform-tools;C:\Users\NAGARAJU\AppData\Local\Android\Sdk\emulator;C:\Users\NAGARAJU\AppData\Local\Android\Sdk\cmdline-tools\latest\bin;C:\Program Files\Eclipse Adoptium\jdk-21.0.11.10-hotspot\bin;C:\Program Files\Eclipse Adoptium\jdk-11.0.26.4-hotspot\bin;C:\Program Files\Eclipse Adoptium\jdk-17.0.14.7-hotspot\bin;C:\Program Files\Java\jdk-17\bin;C:\Program Files\nodejs;E:\Android\Sdk\platform-tools;E:\Android\Sdk\emulator;E:\Android\Sdk\cmdline-tools\latest\bin;C:\Users\NAGARAJU\AppData\Local\Android\Sdk\platform-tools;C:\Users\NAGARAJU\AppData\Local\Android\Sdk\emulator;C:\Users\NAGARAJU\AppData\Local\Android\Sdk\cmdline-tools\latest\bin;C:\Program Files\Eclipse Adoptium\jdk-21.0.11.10-hotspot\bin;C:\Program Files\Eclipse Adoptium\jdk-11.0.26.4-hotspot\bin;C:\Program Files\Eclipse Adoptium\jdk-17.0.14.7-hotspot\bin;C:\Program Files\Java\jdk-17\bin;C:\Program Files\nodejs;E:\Android\Sdk\platform-tools;E:\Android\Sdk\emulator;E:\Android\Sdk\cmdline-tools\latest\bin;C:\Users\NAGARAJU\AppData\Local\Android\Sdk\platform-tools;C:\Users\NAGARAJU\AppData\Local\Android\Sdk\emulator;C:\Users\NAGARAJU\AppData\Local\Android\Sdk\cmdline-tools\latest\bin;C:\WINDOWS\System32;C:\ProgramData\chocolatey\bin;C:\Program Files\nodejs\;C:\Program Files\Git\cmd;C:\Windows\System32;C:\Windows\System32\WindowsPowerShell\v1.0;C:\Windows\System32\OpenSSH;C:\Windows\System32\WindowsPowerShell\v1.0\;C:\Users\NAGARAJU\Downloads\stripe_1.30.0_windows_x86_64;C:\WINDOWS\system32;C:\WINDOWS;C:\WINDOWS\System32\Wbem;C:\WINDOWS\System32\WindowsPowerShell\v1.0\;C:\WINDOWS\System32\OpenSSH\;C:\ProgramData\chocolatey\bin;C:\Program Files\nodejs\;C:\Program Files\Git\cmd;C:\Windows\System32;C:\Windows\System32\WindowsPowerShell\v1.0;C:\Windows\System32\OpenSSH;C:\Windows\System32\WindowsPowerShell\v1.0\;C:\Users\NAGARAJU\Downloads\stripe_1.30.0_windows_x86_64;C:\WINDOWS\system32;C:\WINDOWS;C:\WINDOWS\System32\Wbem;C:\WINDOWS\System32\WindowsPowerShell\v1.0\;C:\WINDOWS\System32\OpenSSH\;C:\ProgramData\chocolatey\bin;C:\Program Files\nodejs\;C:\Program Files\Git\cmd;C:\Windows\System32;C:\Windows\System32\WindowsPowerShell\v1.0;C:\Windows\System32\OpenSSH;C:\Windows\System32\WindowsPowerShell\v1.0\;C:\Users\NAGARAJU\Downloads\stripe_1.30.0_windows_x86_64;C:\WINDOWS\system32;C:\WINDOWS;C:\WINDOWS\System32\Wbem;C:\WINDOWS\System32\WindowsPowerShell\v1.0\;C:\WINDOWS\System32\OpenSSH\;C:\Program Files\Eclipse Adoptium\jdk-21.0.11.10-hotspot\bin;C:\Program Files\Eclipse Adoptium\jdk-11.0.26.4-hotspot\bin;C:\Program Files\Eclipse Adoptium\jdk-17.0.14.7-hotspot\bin;C:\Program Files\Java\jdk-17\bin;C:\Program Files\nodejs;E:\Android\Sdk\platform-tools;E:\Android\Sdk\emulator;E:\Android\Sdk\cmdline-tools\latest\bin;C:\Users\NAGARAJU\AppData\Local\Android\Sdk\platform-tools;C:\Users\NAGARAJU\AppData\Local\Android\Sdk\emulator;C:\Users\NAGARAJU\AppData\Local\Android\Sdk\cmdline-tools\latest\bin;C:\Program Files\Eclipse Adoptium\jdk-21.0.11.10-hotspot\bin;C:\Program Files\Eclipse Adoptium\jdk-11.0.26.4-hotspot\bin;C:\Program Files\Eclipse Adoptium\jdk-17.0.14.7-hotspot\bin;C:\Program Files\Java\jdk-17\bin;C:\Program Files\nodejs;E:\Android\Sdk\platform-tools;E:\Android\Sdk\emulator;E:\Android\Sdk\cmdline-tools\latest\bin;C:\Users\NAGARAJU\AppData\Local\Android\Sdk\platform-tools;C:\Users\NAGARAJU\AppData\Local\Android\Sdk\emulator;C:\Users\NAGARAJU\AppData\Local\Android\Sdk\cmdline-tools\latest\bin;C:\Program Files\Eclipse Adoptium\jdk-21.0.11.10-hotspot\bin;C:\Program Files\Eclipse Adoptium\jdk-11.0.26.4-hotspot\bin;C:\Program Files\Eclipse Adoptium\jdk-17.0.14.7-hotspot\bin;C:\Program Files\Java\jdk-17\bin;C:\Program Files\nodejs;E:\Android\Sdk\platform-tools;E:\Android\Sdk\emulator;E:\Android\Sdk\cmdline-tools\latest\bin;C:\Users\NAGARAJU\AppData\Local\Android\Sdk\platform-tools;C:\Users\NAGARAJU\AppData\Local\Android\Sdk\emulator;C:\Users\NAGARAJU\AppData\Local\Android\Sdk\cmdline-tools\latest\bin;C:\WINDOWS\System32;C:\ProgramData\chocolatey\bin;C:\Program Files\nodejs\;C:\Program Files\Git\cmd;C:\Windows\System32;C:\Windows\System32\WindowsPowerShell\v1.0;C:\Windows\System32\OpenSSH;C:\Windows\System32\WindowsPowerShell\v1.0\;C:\Users\NAGARAJU\Downloads\stripe_1.30.0_windows_x86_64;C:\WINDOWS\system32;C:\WINDOWS;C:\WINDOWS\System32\Wbem;C:\WINDOWS\System32\WindowsPowerShell\v1.0\;C:\WINDOWS\System32\OpenSSH\;C:\ProgramData\chocolatey\bin;C:\Program Files\nodejs\;C:\Program Files\Git\cmd;C:\Windows\System32;C:\Windows\System32\WindowsPowerShell\v1.0;C:\Windows\System32\OpenSSH;C:\Windows\System32\WindowsPowerShell\v1.0\;C:\Users\NAGARAJU\Downloads\stripe_1.30.0_windows_x86_64;C:\WINDOWS\system32;C:\WINDOWS;C:\WINDOWS\System32\Wbem;C:\WINDOWS\System32\WindowsPowerShell\v1.0\;C:\WINDOWS\System32\OpenSSH\;C:\ProgramData\chocolatey\bin;C:\Program Files\nodejs\;C:\Program Files\Git\cmd;C:\Windows\System32;C:\Windows\System32\WindowsPowerShell\v1.0;C:\Windows\System32\OpenSSH;C:\Windows\System32\WindowsPowerShell\v1.0\;C:\Users\NAGARAJU\Downloads\stripe_1.30.0_windows_x86_64;C:\WINDOWS\system32;C:\WINDOWS;C:\WINDOWS\System32\Wbem;C:\WINDOWS\System32\WindowsPowerShell\v1.0\;C:\WINDOWS\System32\OpenSSH\;C:\Users\NAGARAJU\AppData\Local\Android\Sdk\platform-tools;C:\Users\NAGARAJU\AppData\Local\Android\Sdk\cmdline-tools\latest\bin;C:\Users\NAGARAJU\AppData\Roaming\npm;C:\Users\NAGARAJU\AppData\Local\Programs\Microsoft VS Code\bin;C:\Users\NAGARAJU\AppData\Local\Programs\Antigravity IDE\bin;C:\Users\NAGARAJU\AppData\Local\Microsoft\WindowsApps;C:\Users\NAGARAJU\AppData\Local\Kingsoft\WPS Office\12.1.0.27458\clitool
USERNAME=NAGARAJU
OS=Windows_NT
PROCESSOR_IDENTIFIER=AMD64 Family 23 Model 104 Stepping 1, AuthenticAMD
TMP=C:\Users\NAGARAJU\AppData\Local\Temp
TEMP=C:\Users\NAGARAJU\AppData\Local\Temp




Periodic native trim disabled

---------------  S Y S T E M  ---------------

OS:
 Windows 11 , 64 bit Build 26100 (10.0.26100.9168)
OS uptime: 0 days 1:51 hours

CPU: total 8 (initial active 8) (8 cores per cpu, 2 threads per core) family 23 model 104 stepping 1 microcode 0x8608109, cx8, cmov, fxsr, ht, mmx, 3dnowpref, sse, sse2, sse3, ssse3, sse4a, sse4.1, sse4.2, popcnt, lzcnt, tsc, tscinvbit, avx, avx2, aes, clmul, bmi1, bmi2, adx, sha, fma, vzeroupper, clflush, clflushopt, rdtscp, rdpid, f16c
Processor Information for the first 8 processors :
  Max Mhz: 2600, Current Mhz: 2600, Mhz Limit: 2600

Memory: 4k page, system-wide physical 7502M (216M free)
TotalPageFile size 40270M (AvailPageFile size 0M)
current process WorkingSet (physical memory assigned to process): 70M, peak: 175M
current process commit charge ("private bytes"): 250M, peak: 322M

vm_info: OpenJDK 64-Bit Server VM (21.0.12.1+1-LTS) for windows-amd64 JRE (21.0.12.1+1-LTS), built on 2026-08-18T00:00:00Z by "admin" with MS VC++ 17.12 (VS2022)

END.
