#
# There is insufficient memory for the Java Runtime Environment to continue.
# Native memory allocation (malloc) failed to allocate 1745936 bytes. Error detail: Chunk::new
# Possible reasons:
#   The system is out of physical RAM or swap space
#   This process is running with CompressedOops enabled, and the Java Heap may be blocking the growth of the native heap
# Possible solutions:
#   Reduce memory load on the system
#   Increase physical memory or swap space
#   Check if swap backing store is full
#   Decrease Java heap size (-Xmx/-Xms)
#   Decrease number of Java threads
#   Decrease Java thread stack sizes (-Xss)
#   Set larger code cache with -XX:ReservedCodeCacheSize=
#   JVM is running with Zero Based Compressed Oops mode in which the Java heap is
#     placed in the first 32GB address space. The Java Heap base address is the
#     maximum limit for the native heap growth. Please use -XX:HeapBaseMinAddress
#     to set the Java Heap base and to place the Java Heap above 32GB virtual address.
# This output file may be truncated or incomplete.
#
#  Out of Memory Error (arena.cpp:168), pid=33140, tid=34524
#
# JRE version: OpenJDK Runtime Environment Temurin-21.0.12.1+1 (21.0.12.1+1) (build 21.0.12.1+1-LTS)
# Java VM: OpenJDK 64-Bit Server VM Temurin-21.0.12.1+1 (21.0.12.1+1-LTS, mixed mode, sharing, tiered, compressed oops, compressed class ptrs, g1 gc, windows-amd64)
# No core dump will be written. Minidumps are not enabled by default on client versions of Windows
#

---------------  S U M M A R Y ------------

Command Line: --add-opens=java.base/java.lang=ALL-UNNAMED --add-opens=java.base/java.lang.invoke=ALL-UNNAMED --add-opens=java.base/java.util=ALL-UNNAMED --add-opens=java.prefs/java.util.prefs=ALL-UNNAMED --add-exports=jdk.compiler/com.sun.tools.javac.api=ALL-UNNAMED --add-exports=jdk.compiler/com.sun.tools.javac.util=ALL-UNNAMED --add-opens=java.base/java.util=ALL-UNNAMED --add-opens=java.prefs/java.util.prefs=ALL-UNNAMED --add-opens=java.base/java.nio.charset=ALL-UNNAMED --add-opens=java.base/java.net=ALL-UNNAMED --add-opens=java.base/java.util.concurrent.atomic=ALL-UNNAMED --add-opens=java.xml/javax.xml.namespace=ALL-UNNAMED -Xmx4096m -Dfile.encoding=UTF-8 -Duser.country=IN -Duser.language=en -Duser.variant -javaagent:C:\Users\NAGARAJU\.gradle\wrapper\dists\gradle-8.14.1-bin\baw1sv0jfoi8rxs14qo3h49cs\gradle-8.14.1\lib\agents\gradle-instrumentation-agent-8.14.1.jar org.gradle.launcher.daemon.bootstrap.GradleDaemon 8.14.1

Host: AMD Ryzen 3 5300U with Radeon Graphics         , 8 cores, 7G,  Windows 11 , 64 bit Build 26100 (10.0.26100.9168)
Time: Fri Sep  4 23:55:16 2026 India Standard Time elapsed time: 321.726482 seconds (0d 0h 5m 21s)

---------------  T H R E A D  ---------------

Current thread (0x000001f4f8307d20):  JavaThread "C2 CompilerThread0" daemon [_thread_in_native, id=34524, stack(0x00000018f1b00000,0x00000018f1c00000) (1024K)]


Current CompileTask:
C2:321726 4204   !   4       java.lang.ClassLoader::loadClass (121 bytes)

Stack: [0x00000018f1b00000,0x00000018f1c00000]
Native frames: (J=compiled Java code, j=interpreted, Vv=VM code, C=native code)
V  [jvm.dll+0x6d83e9]
V  [jvm.dll+0x8b5736]
V  [jvm.dll+0x8b7cee]
V  [jvm.dll+0x8b83d3]
V  [jvm.dll+0x284596]
V  [jvm.dll+0xc685d]
V  [jvm.dll+0xc6da1]
V  [jvm.dll+0x3bf18b]
V  [jvm.dll+0x1e3f42]
V  [jvm.dll+0x24c853]
V  [jvm.dll+0x24bce0]
V  [jvm.dll+0x1cb4ae]
V  [jvm.dll+0x25baad]
V  [jvm.dll+0x25a03a]
V  [jvm.dll+0x3f8aae]
V  [jvm.dll+0x8600cd]
V  [jvm.dll+0x6d6c1d]
C  [ucrtbase.dll+0x2cd30]
C  [KERNEL32.DLL+0x2ccb7]
C  [ntdll.dll+0xaad6c]


---------------  P R O C E S S  ---------------

Threads class SMR info:
_java_thread_list=0x000001f4fee67850, length=31, elements={
0x000001f4dc061360, 0x000001f4f82fd620, 0x000001f4f82feda0, 0x000001f4f8303060,
0x000001f4f8305ad0, 0x000001f4f8306530, 0x000001f4f8306f90, 0x000001f4f8307d20,
0x000001f4f830d330, 0x000001f4f853b150, 0x000001f4f85d8d40, 0x000001f4fd9396c0,
0x000001f4fd810ff0, 0x000001f4f86a2da0, 0x000001f4fd40ab90, 0x000001f4fd40b200,
0x000001f4fd2d7bb0, 0x000001f4fd4043b0, 0x000001f4fd4050d0, 0x000001f4fd405760,
0x000001f4fd406b10, 0x000001f4fd405df0, 0x000001f4fd404a40, 0x000001f4fd406480,
0x000001f4fe014100, 0x000001f4fe014e20, 0x000001f4fe013a70, 0x000001f4fe014790,
0x000001f4fe0154b0, 0x000001f4fe012030, 0x000001f4fe0126c0
}

Java Threads: ( => current thread )
  0x000001f4dc061360 JavaThread "main"                              [_thread_blocked, id=11564, stack(0x00000018f0d00000,0x00000018f0e00000) (1024K)]
  0x000001f4f82fd620 JavaThread "Reference Handler"          daemon [_thread_blocked, id=31948, stack(0x00000018f1500000,0x00000018f1600000) (1024K)]
  0x000001f4f82feda0 JavaThread "Finalizer"                  daemon [_thread_blocked, id=35464, stack(0x00000018f1600000,0x00000018f1700000) (1024K)]
  0x000001f4f8303060 JavaThread "Signal Dispatcher"          daemon [_thread_blocked, id=35848, stack(0x00000018f1700000,0x00000018f1800000) (1024K)]
  0x000001f4f8305ad0 JavaThread "Attach Listener"            daemon [_thread_blocked, id=23656, stack(0x00000018f1800000,0x00000018f1900000) (1024K)]
  0x000001f4f8306530 JavaThread "Service Thread"             daemon [_thread_blocked, id=35012, stack(0x00000018f1900000,0x00000018f1a00000) (1024K)]
  0x000001f4f8306f90 JavaThread "Monitor Deflation Thread"   daemon [_thread_blocked, id=35888, stack(0x00000018f1a00000,0x00000018f1b00000) (1024K)]
=>0x000001f4f8307d20 JavaThread "C2 CompilerThread0"         daemon [_thread_in_native, id=34524, stack(0x00000018f1b00000,0x00000018f1c00000) (1024K)]
  0x000001f4f830d330 JavaThread "C1 CompilerThread0"         daemon [_thread_blocked, id=33076, stack(0x00000018f1c00000,0x00000018f1d00000) (1024K)]
  0x000001f4f853b150 JavaThread "Common-Cleaner"             daemon [_thread_blocked, id=29312, stack(0x00000018f1d00000,0x00000018f1e00000) (1024K)]
  0x000001f4f85d8d40 JavaThread "Notification Thread"        daemon [_thread_blocked, id=36900, stack(0x00000018f1e00000,0x00000018f1f00000) (1024K)]
  0x000001f4fd9396c0 JavaThread "Daemon health stats"               [_thread_blocked, id=37520, stack(0x00000018f2300000,0x00000018f2400000) (1024K)]
  0x000001f4fd810ff0 JavaThread "Incoming local TCP Connector on port 52678"        [_thread_in_native, id=37608, stack(0x00000018f2400000,0x00000018f2500000) (1024K)]
  0x000001f4f86a2da0 JavaThread "Daemon periodic checks"            [_thread_blocked, id=37660, stack(0x00000018f2800000,0x00000018f2900000) (1024K)]
  0x000001f4fd40ab90 JavaThread "Daemon"                            [_thread_blocked, id=37748, stack(0x00000018f2900000,0x00000018f2a00000) (1024K)]
  0x000001f4fd40b200 JavaThread "Handler for socket connection from /127.0.0.1:52678 to /127.0.0.1:52679"        [_thread_in_native, id=37756, stack(0x00000018f2a00000,0x00000018f2b00000) (1024K)]
  0x000001f4fd2d7bb0 JavaThread "Cancel handler"                    [_thread_blocked, id=37796, stack(0x00000018f2b00000,0x00000018f2c00000) (1024K)]
  0x000001f4fd4043b0 JavaThread "Daemon worker"                     [_thread_in_native, id=37844, stack(0x00000018f2c00000,0x00000018f2d00000) (1024K)]
  0x000001f4fd4050d0 JavaThread "Asynchronous log dispatcher for DefaultDaemonConnection: socket connection from /127.0.0.1:52678 to /127.0.0.1:52679"        [_thread_blocked, id=37860, stack(0x00000018f2d00000,0x00000018f2e00000) (1024K)]
  0x000001f4fd405760 JavaThread "Stdin handler"                     [_thread_blocked, id=37864, stack(0x00000018f2e00000,0x00000018f2f00000) (1024K)]
  0x000001f4fd406b10 JavaThread "Daemon client event forwarder"        [_thread_blocked, id=37868, stack(0x00000018f2f00000,0x00000018f3000000) (1024K)]
  0x000001f4fd405df0 JavaThread "Cache worker for journal cache (C:\Users\NAGARAJU\.gradle\caches\journal-1)"        [_thread_blocked, id=35556, stack(0x00000018f3000000,0x00000018f3100000) (1024K)]
  0x000001f4fd404a40 JavaThread "File lock request listener"        [_thread_in_native, id=30616, stack(0x00000018f3100000,0x00000018f3200000) (1024K)]
  0x000001f4fd406480 JavaThread "Cache worker for file hash cache (C:\Users\NAGARAJU\.gradle\caches\8.14.1\fileHashes)"        [_thread_blocked, id=37192, stack(0x00000018f3200000,0x00000018f3300000) (1024K)]
  0x000001f4fe014100 JavaThread "Cache worker for file hash cache (C:\zynnative\DocApp-CLI\android\.gradle\8.14.1\fileHashes)"        [_thread_blocked, id=38656, stack(0x00000018f0c00000,0x00000018f0d00000) (1024K)]
  0x000001f4fe014e20 JavaThread "Cache worker for Build Output Cleanup Cache (C:\zynnative\DocApp-CLI\android\.gradle\buildOutputCleanup)"        [_thread_blocked, id=38708, stack(0x00000018f3400000,0x00000018f3500000) (1024K)]
  0x000001f4fe013a70 JavaThread "File watcher server"        daemon [_thread_in_native, id=3844, stack(0x00000018f3500000,0x00000018f3600000) (1024K)]
  0x000001f4fe014790 JavaThread "File watcher consumer"      daemon [_thread_blocked, id=37920, stack(0x00000018f3600000,0x00000018f3700000) (1024K)]
  0x000001f4fe0154b0 JavaThread "jar transforms"                    [_thread_blocked, id=39560, stack(0x00000018f3700000,0x00000018f3800000) (1024K)]
  0x000001f4fe012030 JavaThread "File lock release action executor Thread 2"        [_thread_blocked, id=39436, stack(0x00000018f3300000,0x00000018f3400000) (1024K)]
  0x000001f4fe0126c0 JavaThread "jar transforms Thread 2"           [_thread_blocked, id=40316, stack(0x00000018f3800000,0x00000018f3900000) (1024K)]
Total: 31

Other Threads:
  0x000001f4f82dfec0 VMThread "VM Thread"                           [id=29600, stack(0x00000018f1400000,0x00000018f1500000) (1024K)]
  0x000001f4f82ce3b0 WatcherThread "VM Periodic Task Thread"        [id=27124, stack(0x00000018f1300000,0x00000018f1400000) (1024K)]
  0x000001f4de429f20 WorkerThread "GC Thread#0"                     [id=29580, stack(0x00000018f0e00000,0x00000018f0f00000) (1024K)]
  0x000001f4f86bac90 WorkerThread "GC Thread#1"                     [id=37008, stack(0x00000018f1f00000,0x00000018f2000000) (1024K)]
  0x000001f4f863f060 WorkerThread "GC Thread#2"                     [id=37024, stack(0x00000018f2000000,0x00000018f2100000) (1024K)]
  0x000001f4fd0ffa70 WorkerThread "GC Thread#3"                     [id=37356, stack(0x00000018f2100000,0x00000018f2200000) (1024K)]
  0x000001f4fd118840 WorkerThread "GC Thread#4"                     [id=37360, stack(0x00000018f2200000,0x00000018f2300000) (1024K)]
  0x000001f4fd47b240 WorkerThread "GC Thread#5"                     [id=37620, stack(0x00000018f2500000,0x00000018f2600000) (1024K)]
  0x000001f4f858f8e0 WorkerThread "GC Thread#6"                     [id=37624, stack(0x00000018f2600000,0x00000018f2700000) (1024K)]
  0x000001f4f884eee0 WorkerThread "GC Thread#7"                     [id=37628, stack(0x00000018f2700000,0x00000018f2800000) (1024K)]
  0x000001f4dc11df90 ConcurrentGCThread "G1 Main Marker"            [id=34168, stack(0x00000018f0f00000,0x00000018f1000000) (1024K)]
  0x000001f4dc11e750 WorkerThread "G1 Conc#0"                       [id=5280, stack(0x00000018f1000000,0x00000018f1100000) (1024K)]
  0x000001f4fd3bd750 WorkerThread "G1 Conc#1"                       [id=38452, stack(0x00000018f0b00000,0x00000018f0c00000) (1024K)]
  0x000001f4f81a1120 ConcurrentGCThread "G1 Refine#0"               [id=33188, stack(0x00000018f1100000,0x00000018f1200000) (1024K)]
  0x000001f4f81a1dc0 ConcurrentGCThread "G1 Service"                [id=25320, stack(0x00000018f1200000,0x00000018f1300000) (1024K)]
Total: 15

Threads with active compile tasks:
C2 CompilerThread0  331822 4204   !   4       java.lang.ClassLoader::loadClass (121 bytes)
Total: 1

VM state: not at safepoint (normal execution)

VM Mutex/Monitor currently owned by a thread: None

Heap address: 0x0000000700000000, size: 4096 MB, Compressed Oops mode: Zero based, Oop shift amount: 3

CDS archive(s) mapped at: [0x000001f480000000-0x000001f480ba0000-0x000001f480ba0000), size 12189696, SharedBaseAddress: 0x000001f480000000, ArchiveRelocationMode: 1.
Compressed class space mapped at: 0x000001f481000000-0x000001f4c1000000, reserved size: 1073741824
Narrow klass base: 0x000001f480000000, Narrow klass shift: 0, Narrow klass range: 0x100000000

GC Precious Log:
 CardTable entry size: 512
 Card Set container configuration: InlinePtr #cards 4 size 8 Array Of Cards #cards 16 size 48 Howl #buckets 8 coarsen threshold 3686 Howl Bitmap #cards 512 size 80 coarsen threshold 460 Card regions per heap region 1 cards per card region 4096
 CPUs: 8 total, 8 available
 Memory: 7502M
 Large Page Support: Disabled
 NUMA Support: Disabled
 Compressed Oops: Enabled (Zero based)
 Heap Region Size: 2M
 Heap Min Capacity: 8M
 Heap Initial Capacity: 118M
 Heap Max Capacity: 4G
 Pre-touch: Disabled
 Parallel Workers: 8
 Concurrent Workers: 2
 Concurrent Refinement Workers: 8
 Periodic GC: Disabled

Heap:
 garbage-first heap   total 149504K, used 32895K [0x0000000700000000, 0x0000000800000000)
  region size 2048K, 6 young (12288K), 2 survivors (4096K)
 Metaspace       used 27237K, committed 28224K, reserved 1114112K
  class space    used 4089K, committed 4544K, reserved 1048576K

Heap Regions: E=young(eden), S=young(survivor), O=old, HS=humongous(starts), HC=humongous(continues), CS=collection set, F=free, TAMS=top-at-mark-start, PB=parsable bottom
|   0|0x0000000700000000, 0x0000000700200000, 0x0000000700200000|100%|HS|  |TAMS 0x0000000700000000| PB 0x0000000700000000| Complete 
|   1|0x0000000700200000, 0x0000000700400000, 0x0000000700400000|100%|HC|  |TAMS 0x0000000700200000| PB 0x0000000700200000| Complete 
|   2|0x0000000700400000, 0x0000000700600000, 0x0000000700600000|100%| O|  |TAMS 0x0000000700400000| PB 0x0000000700400000| Untracked 
|   3|0x0000000700600000, 0x0000000700800000, 0x0000000700800000|100%| O|  |TAMS 0x0000000700600000| PB 0x0000000700600000| Untracked 
|   4|0x0000000700800000, 0x0000000700a00000, 0x0000000700a00000|100%| O|  |TAMS 0x0000000700800000| PB 0x0000000700800000| Untracked 
|   5|0x0000000700a00000, 0x0000000700c00000, 0x0000000700c00000|100%| O|  |TAMS 0x0000000700a00000| PB 0x0000000700a00000| Untracked 
|   6|0x0000000700c00000, 0x0000000700e00000, 0x0000000700e00000|100%| O|  |TAMS 0x0000000700c00000| PB 0x0000000700c00000| Untracked 
|   7|0x0000000700e00000, 0x0000000701000000, 0x0000000701000000|100%| O|  |TAMS 0x0000000700e00000| PB 0x0000000700e00000| Untracked 
|   8|0x0000000701000000, 0x0000000701200000, 0x0000000701200000|100%| O|  |TAMS 0x0000000701000000| PB 0x0000000701000000| Untracked 
|   9|0x0000000701200000, 0x0000000701400000, 0x0000000701400000|100%| O|  |TAMS 0x0000000701200000| PB 0x0000000701200000| Untracked 
|  10|0x0000000701400000, 0x0000000701600000, 0x0000000701600000|100%| O|  |TAMS 0x0000000701400000| PB 0x0000000701400000| Untracked 
|  11|0x0000000701600000, 0x0000000701600000, 0x0000000701800000|  0%| F|  |TAMS 0x0000000701600000| PB 0x0000000701600000| Untracked 
|  12|0x0000000701800000, 0x00000007019d9c38, 0x0000000701a00000| 92%| O|  |TAMS 0x0000000701800000| PB 0x0000000701800000| Untracked 
|  13|0x0000000701a00000, 0x0000000701a00000, 0x0000000701c00000|  0%| F|  |TAMS 0x0000000701a00000| PB 0x0000000701a00000| Untracked 
|  14|0x0000000701c00000, 0x0000000701c00000, 0x0000000701e00000|  0%| F|  |TAMS 0x0000000701c00000| PB 0x0000000701c00000| Untracked 
|  15|0x0000000701e00000, 0x0000000701e00000, 0x0000000702000000|  0%| F|  |TAMS 0x0000000701e00000| PB 0x0000000701e00000| Untracked 
|  16|0x0000000702000000, 0x0000000702000000, 0x0000000702200000|  0%| F|  |TAMS 0x0000000702000000| PB 0x0000000702000000| Untracked 
|  17|0x0000000702200000, 0x0000000702200000, 0x0000000702400000|  0%| F|  |TAMS 0x0000000702200000| PB 0x0000000702200000| Untracked 
|  18|0x0000000702400000, 0x0000000702400000, 0x0000000702600000|  0%| F|  |TAMS 0x0000000702400000| PB 0x0000000702400000| Untracked 
|  19|0x0000000702600000, 0x0000000702600000, 0x0000000702800000|  0%| F|  |TAMS 0x0000000702600000| PB 0x0000000702600000| Untracked 
|  20|0x0000000702800000, 0x0000000702800000, 0x0000000702a00000|  0%| F|  |TAMS 0x0000000702800000| PB 0x0000000702800000| Untracked 
|  21|0x0000000702a00000, 0x0000000702a00000, 0x0000000702c00000|  0%| F|  |TAMS 0x0000000702a00000| PB 0x0000000702a00000| Untracked 
|  22|0x0000000702c00000, 0x0000000702c00000, 0x0000000702e00000|  0%| F|  |TAMS 0x0000000702c00000| PB 0x0000000702c00000| Untracked 
|  23|0x0000000702e00000, 0x0000000702e00000, 0x0000000703000000|  0%| F|  |TAMS 0x0000000702e00000| PB 0x0000000702e00000| Untracked 
|  24|0x0000000703000000, 0x0000000703000000, 0x0000000703200000|  0%| F|  |TAMS 0x0000000703000000| PB 0x0000000703000000| Untracked 
|  25|0x0000000703200000, 0x0000000703200000, 0x0000000703400000|  0%| F|  |TAMS 0x0000000703200000| PB 0x0000000703200000| Untracked 
|  26|0x0000000703400000, 0x0000000703400000, 0x0000000703600000|  0%| F|  |TAMS 0x0000000703400000| PB 0x0000000703400000| Untracked 
|  27|0x0000000703600000, 0x0000000703600000, 0x0000000703800000|  0%| F|  |TAMS 0x0000000703600000| PB 0x0000000703600000| Untracked 
|  28|0x0000000703800000, 0x0000000703800000, 0x0000000703a00000|  0%| F|  |TAMS 0x0000000703800000| PB 0x0000000703800000| Untracked 
|  29|0x0000000703a00000, 0x0000000703a00000, 0x0000000703c00000|  0%| F|  |TAMS 0x0000000703a00000| PB 0x0000000703a00000| Untracked 
|  30|0x0000000703c00000, 0x0000000703c00000, 0x0000000703e00000|  0%| F|  |TAMS 0x0000000703c00000| PB 0x0000000703c00000| Untracked 
|  31|0x0000000703e00000, 0x0000000703e00000, 0x0000000704000000|  0%| F|  |TAMS 0x0000000703e00000| PB 0x0000000703e00000| Untracked 
|  32|0x0000000704000000, 0x0000000704000000, 0x0000000704200000|  0%| F|  |TAMS 0x0000000704000000| PB 0x0000000704000000| Untracked 
|  33|0x0000000704200000, 0x0000000704200000, 0x0000000704400000|  0%| F|  |TAMS 0x0000000704200000| PB 0x0000000704200000| Untracked 
|  34|0x0000000704400000, 0x0000000704400000, 0x0000000704600000|  0%| F|  |TAMS 0x0000000704400000| PB 0x0000000704400000| Untracked 
|  35|0x0000000704600000, 0x0000000704600000, 0x0000000704800000|  0%| F|  |TAMS 0x0000000704600000| PB 0x0000000704600000| Untracked 
|  36|0x0000000704800000, 0x0000000704800000, 0x0000000704a00000|  0%| F|  |TAMS 0x0000000704800000| PB 0x0000000704800000| Untracked 
|  37|0x0000000704a00000, 0x0000000704a00000, 0x0000000704c00000|  0%| F|  |TAMS 0x0000000704a00000| PB 0x0000000704a00000| Untracked 
|  38|0x0000000704c00000, 0x0000000704c00000, 0x0000000704e00000|  0%| F|  |TAMS 0x0000000704c00000| PB 0x0000000704c00000| Untracked 
|  39|0x0000000704e00000, 0x0000000704e00000, 0x0000000705000000|  0%| F|  |TAMS 0x0000000704e00000| PB 0x0000000704e00000| Untracked 
|  40|0x0000000705000000, 0x0000000705000000, 0x0000000705200000|  0%| F|  |TAMS 0x0000000705000000| PB 0x0000000705000000| Untracked 
|  41|0x0000000705200000, 0x0000000705200000, 0x0000000705400000|  0%| F|  |TAMS 0x0000000705200000| PB 0x0000000705200000| Untracked 
|  42|0x0000000705400000, 0x0000000705400000, 0x0000000705600000|  0%| F|  |TAMS 0x0000000705400000| PB 0x0000000705400000| Untracked 
|  43|0x0000000705600000, 0x0000000705600000, 0x0000000705800000|  0%| F|  |TAMS 0x0000000705600000| PB 0x0000000705600000| Untracked 
|  44|0x0000000705800000, 0x0000000705800000, 0x0000000705a00000|  0%| F|  |TAMS 0x0000000705800000| PB 0x0000000705800000| Untracked 
|  45|0x0000000705a00000, 0x0000000705a00000, 0x0000000705c00000|  0%| F|  |TAMS 0x0000000705a00000| PB 0x0000000705a00000| Untracked 
|  46|0x0000000705c00000, 0x0000000705c00000, 0x0000000705e00000|  0%| F|  |TAMS 0x0000000705c00000| PB 0x0000000705c00000| Untracked 
|  47|0x0000000705e00000, 0x0000000705e00000, 0x0000000706000000|  0%| F|  |TAMS 0x0000000705e00000| PB 0x0000000705e00000| Untracked 
|  48|0x0000000706000000, 0x0000000706000000, 0x0000000706200000|  0%| F|  |TAMS 0x0000000706000000| PB 0x0000000706000000| Untracked 
|  49|0x0000000706200000, 0x0000000706200000, 0x0000000706400000|  0%| F|  |TAMS 0x0000000706200000| PB 0x0000000706200000| Untracked 
|  50|0x0000000706400000, 0x0000000706400000, 0x0000000706600000|  0%| F|  |TAMS 0x0000000706400000| PB 0x0000000706400000| Untracked 
|  51|0x0000000706600000, 0x0000000706600000, 0x0000000706800000|  0%| F|  |TAMS 0x0000000706600000| PB 0x0000000706600000| Untracked 
|  52|0x0000000706800000, 0x0000000706800000, 0x0000000706a00000|  0%| F|  |TAMS 0x0000000706800000| PB 0x0000000706800000| Untracked 
|  53|0x0000000706a00000, 0x0000000706a00000, 0x0000000706c00000|  0%| F|  |TAMS 0x0000000706a00000| PB 0x0000000706a00000| Untracked 
|  54|0x0000000706c00000, 0x0000000706c00000, 0x0000000706e00000|  0%| F|  |TAMS 0x0000000706c00000| PB 0x0000000706c00000| Untracked 
|  55|0x0000000706e00000, 0x0000000706e00000, 0x0000000707000000|  0%| F|  |TAMS 0x0000000706e00000| PB 0x0000000706e00000| Untracked 
|  56|0x0000000707000000, 0x0000000707000000, 0x0000000707200000|  0%| F|  |TAMS 0x0000000707000000| PB 0x0000000707000000| Untracked 
|  57|0x0000000707200000, 0x0000000707246310, 0x0000000707400000| 13%| S|CS|TAMS 0x0000000707200000| PB 0x0000000707200000| Complete 
|  58|0x0000000707400000, 0x0000000707600000, 0x0000000707600000|100%| S|CS|TAMS 0x0000000707400000| PB 0x0000000707400000| Complete 
|  59|0x0000000707600000, 0x0000000707600000, 0x0000000707800000|  0%| F|  |TAMS 0x0000000707600000| PB 0x0000000707600000| Untracked 
|  60|0x0000000707800000, 0x0000000707800000, 0x0000000707a00000|  0%| F|  |TAMS 0x0000000707800000| PB 0x0000000707800000| Untracked 
|  61|0x0000000707a00000, 0x0000000707a00000, 0x0000000707c00000|  0%| F|  |TAMS 0x0000000707a00000| PB 0x0000000707a00000| Untracked 
|  62|0x0000000707c00000, 0x0000000707c00000, 0x0000000707e00000|  0%| F|  |TAMS 0x0000000707c00000| PB 0x0000000707c00000| Untracked 
|  63|0x0000000707e00000, 0x0000000707e00000, 0x0000000708000000|  0%| F|  |TAMS 0x0000000707e00000| PB 0x0000000707e00000| Untracked 
|  64|0x0000000708000000, 0x0000000708000000, 0x0000000708200000|  0%| F|  |TAMS 0x0000000708000000| PB 0x0000000708000000| Untracked 
|  65|0x0000000708200000, 0x0000000708200000, 0x0000000708400000|  0%| F|  |TAMS 0x0000000708200000| PB 0x0000000708200000| Untracked 
|  66|0x0000000708400000, 0x0000000708400000, 0x0000000708600000|  0%| F|  |TAMS 0x0000000708400000| PB 0x0000000708400000| Untracked 
|  67|0x0000000708600000, 0x0000000708600000, 0x0000000708800000|  0%| F|  |TAMS 0x0000000708600000| PB 0x0000000708600000| Untracked 
|  68|0x0000000708800000, 0x0000000708800000, 0x0000000708a00000|  0%| F|  |TAMS 0x0000000708800000| PB 0x0000000708800000| Untracked 
|  69|0x0000000708a00000, 0x0000000708a92488, 0x0000000708c00000| 28%| E|  |TAMS 0x0000000708a00000| PB 0x0000000708a00000| Complete 
|  70|0x0000000708c00000, 0x0000000708e00000, 0x0000000708e00000|100%| E|CS|TAMS 0x0000000708c00000| PB 0x0000000708c00000| Complete 
|  71|0x0000000708e00000, 0x0000000709000000, 0x0000000709000000|100%| E|CS|TAMS 0x0000000708e00000| PB 0x0000000708e00000| Complete 
|  72|0x0000000709000000, 0x0000000709200000, 0x0000000709200000|100%| E|CS|TAMS 0x0000000709000000| PB 0x0000000709000000| Complete 

Card table byte_map: [0x000001f4f10e0000,0x000001f4f18e0000] _byte_map_base: 0x000001f4ed8e0000

Marking Bits: (CMBitMap*) 0x000001f4de42b450
 Bits: [0x000001f4f18e0000, 0x000001f4f58e0000)

Polling page: 0x000001f4dc400000

Metaspace:

Usage:
  Non-class:     22.61 MB used.
      Class:      3.99 MB used.
       Both:     26.60 MB used.

Virtual space:
  Non-class space:       64.00 MB reserved,      23.12 MB ( 36%) committed,  1 nodes.
      Class space:        1.00 GB reserved,       4.44 MB ( <1%) committed,  1 nodes.
             Both:        1.06 GB reserved,      27.56 MB (  3%) committed. 

Chunk freelists:
   Non-Class:  8.09 MB
       Class:  11.38 MB
        Both:  19.47 MB

MaxMetaspaceSize: unlimited
CompressedClassSpaceSize: 1.00 GB
Initial GC threshold: 21.00 MB
Current GC threshold: 35.62 MB
CDS: on
 - commit_granule_bytes: 65536.
 - commit_granule_words: 8192.
 - virtual_space_node_default_size: 8388608.
 - enlarge_chunks_in_place: 1.
 - use_allocation_guard: 0.


Internal statistics:

num_allocs_failed_limit: 6.
num_arena_births: 1560.
num_arena_deaths: 0.
num_vsnodes_births: 2.
num_vsnodes_deaths: 0.
num_space_committed: 441.
num_space_uncommitted: 0.
num_chunks_returned_to_freelist: 6.
num_chunks_taken_from_freelist: 2779.
num_chunk_merges: 6.
num_chunk_splits: 1784.
num_chunks_enlarged: 1107.
num_inconsistent_stats: 0.

CodeHeap 'non-profiled nmethods': size=120000Kb used=2384Kb max_used=2384Kb free=117615Kb
 bounds [0x000001f4e9080000, 0x000001f4e92f0000, 0x000001f4f05b0000]
CodeHeap 'profiled nmethods': size=120000Kb used=8360Kb max_used=8360Kb free=111639Kb
 bounds [0x000001f4e15b0000, 0x000001f4e1de0000, 0x000001f4e8ae0000]
CodeHeap 'non-nmethods': size=5760Kb used=1434Kb max_used=1479Kb free=4325Kb
 bounds [0x000001f4e8ae0000, 0x000001f4e8d50000, 0x000001f4e9080000]
CodeCache: size=245760Kb, used=12178Kb, max_used=12223Kb, free=233579Kb
 total_blobs=4773, nmethods=4187, adapters=490, full_count=0
Compilation: enabled, stopped_count=0, restarted_count=0

Compilation events (20 events):
Event: 312.833 Thread 0x000001f4f830d330 nmethod 4201 0x000001f4e1dcc910 code [0x000001f4e1dccac0, 0x000001f4e1dccc10]
Event: 312.988 Thread 0x000001f4f8307d20 4202       4       jdk.internal.loader.URLClassPath::getResource (74 bytes)
Event: 313.066 Thread 0x000001f4f830d330 4203       3       org.gradle.internal.reflect.MethodSet$MethodKey::equals (89 bytes)
Event: 313.068 Thread 0x000001f4f830d330 nmethod 4203 0x000001f4e1dccc90 code [0x000001f4e1dccec0, 0x000001f4e1dcd758]
Event: 313.252 Thread 0x000001f4f8307d20 nmethod 4202 0x000001f4e92d0610 code [0x000001f4e92d0aa0, 0x000001f4e92d2cf0]
Event: 313.252 Thread 0x000001f4f8307d20 4204   !   4       java.lang.ClassLoader::loadClass (121 bytes)
Event: 313.275 Thread 0x000001f4f830d330 4205       3       org.gradle.internal.instantiation.generator.AbstractClassGenerator$InjectionAnnotationValidator::validateMethod (506 bytes)
Event: 313.292 Thread 0x000001f4f830d330 nmethod 4205 0x000001f4e1dcd990 code [0x000001f4e1dce240, 0x000001f4e1dd2348]
Event: 313.424 Thread 0x000001f4f830d330 4206       3       java.util.StringJoiner::checkAddLength (50 bytes)
Event: 313.424 Thread 0x000001f4f830d330 nmethod 4206 0x000001f4e1dd3a90 code [0x000001f4e1dd3c80, 0x000001f4e1dd4098]
Event: 313.459 Thread 0x000001f4f830d330 4207       3       org.gradle.internal.instantiation.generator.AbstractClassGenerator$ClassValidator::validateProperty (1 bytes)
Event: 313.460 Thread 0x000001f4f830d330 nmethod 4207 0x000001f4e1dd4290 code [0x000001f4e1dd4420, 0x000001f4e1dd4528]
Event: 313.460 Thread 0x000001f4f830d330 4208       3       org.gradle.internal.instantiation.generator.AbstractClassGenerator$ClassGenerationHandler::visitProperty (1 bytes)
Event: 313.461 Thread 0x000001f4f830d330 nmethod 4208 0x000001f4e1dd4590 code [0x000001f4e1dd4720, 0x000001f4e1dd4828]
Event: 313.462 Thread 0x000001f4f830d330 4209       3       org.gradle.internal.instantiation.generator.AbstractClassGenerator$PropertyMetadata::isReadOnly (20 bytes)
Event: 313.463 Thread 0x000001f4f830d330 nmethod 4209 0x000001f4e1dd4890 code [0x000001f4e1dd4a60, 0x000001f4e1dd4e40]
Event: 318.178 Thread 0x000001f4f830d330 4211       3       org.gradle.internal.instantiation.generator.AbstractClassGenerator$PropertyMetadata::hasAnnotation (14 bytes)
Event: 318.344 Thread 0x000001f4f830d330 nmethod 4211 0x000001f4e1dd4f90 code [0x000001f4e1dd52a0, 0x000001f4e1dd64f0]
Event: 318.344 Thread 0x000001f4f830d330 4212       3       org.gradle.internal.instantiation.generator.AbstractClassGenerator$PropertyMetadata::findAnnotation (22 bytes)
Event: 318.395 Thread 0x000001f4f830d330 nmethod 4212 0x000001f4e1dd6a90 code [0x000001f4e1dd6d80, 0x000001f4e1dd7f10]

GC Heap History (18 events):
Event: 4.291 GC heap before
{Heap before GC invocations=0 (full 0):
 garbage-first heap   total 120832K, used 22528K [0x0000000700000000, 0x0000000800000000)
  region size 2048K, 11 young (22528K), 0 survivors (0K)
 Metaspace       used 887K, committed 1024K, reserved 1114112K
  class space    used 71K, committed 128K, reserved 1048576K
}
Event: 4.983 GC heap after
{Heap after GC invocations=1 (full 0):
 garbage-first heap   total 120832K, used 1536K [0x0000000700000000, 0x0000000800000000)
  region size 2048K, 1 young (2048K), 1 survivors (2048K)
 Metaspace       used 887K, committed 1024K, reserved 1114112K
  class space    used 71K, committed 128K, reserved 1048576K
}
Event: 12.992 GC heap before
{Heap before GC invocations=1 (full 0):
 garbage-first heap   total 120832K, used 42496K [0x0000000700000000, 0x0000000800000000)
  region size 2048K, 20 young (40960K), 1 survivors (2048K)
 Metaspace       used 4399K, committed 4544K, reserved 1114112K
  class space    used 558K, committed 640K, reserved 1048576K
}
Event: 13.005 GC heap after
{Heap after GC invocations=2 (full 0):
 garbage-first heap   total 120832K, used 11707K [0x0000000700000000, 0x0000000800000000)
  region size 2048K, 3 young (6144K), 3 survivors (6144K)
 Metaspace       used 4399K, committed 4544K, reserved 1114112K
  class space    used 558K, committed 640K, reserved 1048576K
}
Event: 23.491 GC heap before
{Heap before GC invocations=2 (full 0):
 garbage-first heap   total 120832K, used 75195K [0x0000000700000000, 0x0000000800000000)
  region size 2048K, 35 young (71680K), 3 survivors (6144K)
 Metaspace       used 9093K, committed 9408K, reserved 1114112K
  class space    used 1234K, committed 1408K, reserved 1048576K
}
Event: 23.514 GC heap after
{Heap after GC invocations=3 (full 0):
 garbage-first heap   total 120832K, used 20046K [0x0000000700000000, 0x0000000800000000)
  region size 2048K, 4 young (8192K), 4 survivors (8192K)
 Metaspace       used 9093K, committed 9408K, reserved 1114112K
  class space    used 1234K, committed 1408K, reserved 1048576K
}
Event: 116.829 GC heap before
{Heap before GC invocations=3 (full 0):
 garbage-first heap   total 120832K, used 83534K [0x0000000700000000, 0x0000000800000000)
  region size 2048K, 35 young (71680K), 4 survivors (8192K)
 Metaspace       used 18075K, committed 18624K, reserved 1114112K
  class space    used 2563K, committed 2816K, reserved 1048576K
}
Event: 118.591 GC heap after
{Heap after GC invocations=4 (full 0):
 garbage-first heap   total 120832K, used 23309K [0x0000000700000000, 0x0000000800000000)
  region size 2048K, 2 young (4096K), 2 survivors (4096K)
 Metaspace       used 18075K, committed 18624K, reserved 1114112K
  class space    used 2563K, committed 2816K, reserved 1048576K
}
Event: 120.604 GC heap before
{Heap before GC invocations=4 (full 0):
 garbage-first heap   total 120832K, used 25357K [0x0000000700000000, 0x0000000800000000)
  region size 2048K, 3 young (6144K), 2 survivors (4096K)
 Metaspace       used 18264K, committed 18752K, reserved 1114112K
  class space    used 2599K, committed 2816K, reserved 1048576K
}
Event: 120.662 GC heap after
{Heap after GC invocations=5 (full 0):
 garbage-first heap   total 120832K, used 23906K [0x0000000700000000, 0x0000000800000000)
  region size 2048K, 1 young (2048K), 1 survivors (2048K)
 Metaspace       used 18264K, committed 18752K, reserved 1114112K
  class space    used 2599K, committed 2816K, reserved 1048576K
}
Event: 128.339 GC heap before
{Heap before GC invocations=5 (full 0):
 garbage-first heap   total 120832K, used 38242K [0x0000000700000000, 0x0000000800000000)
  region size 2048K, 9 young (18432K), 1 survivors (2048K)
 Metaspace       used 20286K, committed 20928K, reserved 1114112K
  class space    used 2963K, committed 3264K, reserved 1048576K
}
Event: 128.346 GC heap after
{Heap after GC invocations=6 (full 0):
 garbage-first heap   total 120832K, used 24512K [0x0000000700000000, 0x0000000800000000)
  region size 2048K, 1 young (2048K), 1 survivors (2048K)
 Metaspace       used 20286K, committed 20928K, reserved 1114112K
  class space    used 2963K, committed 3264K, reserved 1048576K
}
Event: 130.522 GC heap before
{Heap before GC invocations=6 (full 0):
 garbage-first heap   total 120832K, used 28608K [0x0000000700000000, 0x0000000800000000)
  region size 2048K, 4 young (8192K), 1 survivors (2048K)
 Metaspace       used 20872K, committed 21504K, reserved 1114112K
  class space    used 3048K, committed 3392K, reserved 1048576K
}
Event: 130.529 GC heap after
{Heap after GC invocations=7 (full 0):
 garbage-first heap   total 120832K, used 24856K [0x0000000700000000, 0x0000000800000000)
  region size 2048K, 1 young (2048K), 1 survivors (2048K)
 Metaspace       used 20872K, committed 21504K, reserved 1114112K
  class space    used 3048K, committed 3392K, reserved 1048576K
}
Event: 141.184 GC heap before
{Heap before GC invocations=8 (full 0):
 garbage-first heap   total 90112K, used 51480K [0x0000000700000000, 0x0000000800000000)
  region size 2048K, 14 young (28672K), 1 survivors (2048K)
 Metaspace       used 24414K, committed 25344K, reserved 1114112K
  class space    used 3641K, committed 4096K, reserved 1048576K
}
Event: 141.194 GC heap after
{Heap after GC invocations=9 (full 0):
 garbage-first heap   total 149504K, used 26766K [0x0000000700000000, 0x0000000800000000)
  region size 2048K, 2 young (4096K), 2 survivors (4096K)
 Metaspace       used 24414K, committed 25344K, reserved 1114112K
  class space    used 3641K, committed 4096K, reserved 1048576K
}
Event: 272.360 GC heap before
{Heap before GC invocations=9 (full 0):
 garbage-first heap   total 149504K, used 55438K [0x0000000700000000, 0x0000000800000000)
  region size 2048K, 16 young (32768K), 2 survivors (4096K)
 Metaspace       used 26906K, committed 27904K, reserved 1114112K
  class space    used 4041K, committed 4544K, reserved 1048576K
}
Event: 272.514 GC heap after
{Heap after GC invocations=10 (full 0):
 garbage-first heap   total 149504K, used 26751K [0x0000000700000000, 0x0000000800000000)
  region size 2048K, 2 young (4096K), 2 survivors (4096K)
 Metaspace       used 26906K, committed 27904K, reserved 1114112K
  class space    used 4041K, committed 4544K, reserved 1048576K
}

Dll operation events (20 events):
Event: 1.268 Attempting to load shared library C:\Users\NAGARAJU\.antigravity-ide\extensions\redhat.java-1.56.0-win32-x64\jre\21.0.12.1-win32-x86_64\bin\nio.dll
Event: 1.364 Loaded shared library C:\Users\NAGARAJU\.antigravity-ide\extensions\redhat.java-1.56.0-win32-x64\jre\21.0.12.1-win32-x86_64\bin\nio.dll
Event: 1.419 Attempting to load shared library C:\Users\NAGARAJU\.antigravity-ide\extensions\redhat.java-1.56.0-win32-x64\jre\21.0.12.1-win32-x86_64\bin\zip.dll
Event: 1.419 Loaded shared library C:\Users\NAGARAJU\.antigravity-ide\extensions\redhat.java-1.56.0-win32-x64\jre\21.0.12.1-win32-x86_64\bin\zip.dll
Event: 4.996 Attempting to load shared library C:\Users\NAGARAJU\.antigravity-ide\extensions\redhat.java-1.56.0-win32-x64\jre\21.0.12.1-win32-x86_64\bin\jimage.dll
Event: 4.996 Loaded shared library C:\Users\NAGARAJU\.antigravity-ide\extensions\redhat.java-1.56.0-win32-x64\jre\21.0.12.1-win32-x86_64\bin\jimage.dll
Event: 5.802 Attempting to load shared library C:\Users\NAGARAJU\.antigravity-ide\extensions\redhat.java-1.56.0-win32-x64\jre\21.0.12.1-win32-x86_64\bin\verify.dll
Event: 5.805 Loaded shared library C:\Users\NAGARAJU\.antigravity-ide\extensions\redhat.java-1.56.0-win32-x64\jre\21.0.12.1-win32-x86_64\bin\verify.dll
Event: 6.521 Attempting to load shared library C:\Users\NAGARAJU\.gradle\native\1def1411415f61bf3af743bc5b6707747c0891f09f0c88961ee8f79bc544acac\windows-amd64\native-platform.dll
Event: 6.670 Loaded shared library C:\Users\NAGARAJU\.gradle\native\1def1411415f61bf3af743bc5b6707747c0891f09f0c88961ee8f79bc544acac\windows-amd64\native-platform.dll
Event: 6.901 Attempting to load shared library C:\Users\NAGARAJU\.gradle\native\0.2.7\x86_64-windows-gnu\gradle-fileevents.dll
Event: 7.113 Loaded shared library C:\Users\NAGARAJU\.gradle\native\0.2.7\x86_64-windows-gnu\gradle-fileevents.dll
Event: 20.654 Attempting to load shared library C:\Users\NAGARAJU\.antigravity-ide\extensions\redhat.java-1.56.0-win32-x64\jre\21.0.12.1-win32-x86_64\bin\management.dll
Event: 20.660 Loaded shared library C:\Users\NAGARAJU\.antigravity-ide\extensions\redhat.java-1.56.0-win32-x64\jre\21.0.12.1-win32-x86_64\bin\management.dll
Event: 20.667 Attempting to load shared library C:\Users\NAGARAJU\.antigravity-ide\extensions\redhat.java-1.56.0-win32-x64\jre\21.0.12.1-win32-x86_64\bin\management_ext.dll
Event: 20.672 Loaded shared library C:\Users\NAGARAJU\.antigravity-ide\extensions\redhat.java-1.56.0-win32-x64\jre\21.0.12.1-win32-x86_64\bin\management_ext.dll
Event: 21.488 Attempting to load shared library C:\Users\NAGARAJU\.antigravity-ide\extensions\redhat.java-1.56.0-win32-x64\jre\21.0.12.1-win32-x86_64\bin\extnet.dll
Event: 21.496 Loaded shared library C:\Users\NAGARAJU\.antigravity-ide\extensions\redhat.java-1.56.0-win32-x64\jre\21.0.12.1-win32-x86_64\bin\extnet.dll
Event: 24.425 Attempting to load shared library C:\Users\NAGARAJU\.antigravity-ide\extensions\redhat.java-1.56.0-win32-x64\jre\21.0.12.1-win32-x86_64\bin\sunmscapi.dll
Event: 25.229 Loaded shared library C:\Users\NAGARAJU\.antigravity-ide\extensions\redhat.java-1.56.0-win32-x64\jre\21.0.12.1-win32-x86_64\bin\sunmscapi.dll

Deoptimization events (20 events):
Event: 311.025 Thread 0x000001f4fd4043b0 Uncommon trap: trap_request=0xffffff45 fr.pc=0x000001f4e925faf8 relative=0x0000000000002dd8
Event: 311.028 Thread 0x000001f4fd4043b0 Uncommon trap: reason=unstable_if action=reinterpret pc=0x000001f4e925faf8 method=java.lang.String.regionMatches(ZILjava/lang/String;II)Z @ 36 c2
Event: 311.028 Thread 0x000001f4fd4043b0 DEOPT PACKING pc=0x000001f4e925faf8 sp=0x00000018f2cfa280
Event: 311.029 Thread 0x000001f4fd4043b0 DEOPT UNPACKING pc=0x000001f4e8b34422 sp=0x00000018f2cfa180 mode 2
Event: 311.041 Thread 0x000001f4fd4043b0 Uncommon trap: trap_request=0xffffffde fr.pc=0x000001f4e90ec2b8 relative=0x00000000000010d8
Event: 311.041 Thread 0x000001f4fd4043b0 Uncommon trap: reason=class_check action=maybe_recompile pc=0x000001f4e90ec2b8 method=jdk.internal.loader.URLClassPath.getLoader(I)Ljdk/internal/loader/URLClassPath$Loader; @ 88 c2
Event: 311.041 Thread 0x000001f4fd4043b0 DEOPT PACKING pc=0x000001f4e90ec2b8 sp=0x00000018f2cfa540
Event: 311.041 Thread 0x000001f4fd4043b0 DEOPT UNPACKING pc=0x000001f4e8b34422 sp=0x00000018f2cfa530 mode 2
Event: 311.042 Thread 0x000001f4fd4043b0 Uncommon trap: trap_request=0xffffffde fr.pc=0x000001f4e9231114 relative=0x00000000000042d4
Event: 311.042 Thread 0x000001f4fd4043b0 Uncommon trap: reason=class_check action=maybe_recompile pc=0x000001f4e9231114 method=jdk.internal.loader.URLClassPath.getResource(Ljava/lang/String;Z)Ljdk/internal/loader/Resource; @ 53 c2
Event: 311.042 Thread 0x000001f4fd4043b0 DEOPT PACKING pc=0x000001f4e9231114 sp=0x00000018f2cfa600
Event: 311.043 Thread 0x000001f4fd4043b0 DEOPT UNPACKING pc=0x000001f4e8b34422 sp=0x00000018f2cfa420 mode 2
Event: 311.414 Thread 0x000001f4fd4043b0 Uncommon trap: trap_request=0xffffff45 fr.pc=0x000001f4e91adb18 relative=0x00000000000000f8
Event: 311.414 Thread 0x000001f4fd4043b0 Uncommon trap: reason=unstable_if action=reinterpret pc=0x000001f4e91adb18 method=java.lang.ClassLoader.getClassLoadingLock(Ljava/lang/String;)Ljava/lang/Object; @ 6 c2
Event: 311.414 Thread 0x000001f4fd4043b0 DEOPT PACKING pc=0x000001f4e91adb18 sp=0x00000018f2cf8b90
Event: 311.414 Thread 0x000001f4fd4043b0 DEOPT UNPACKING pc=0x000001f4e8b34422 sp=0x00000018f2cf8b20 mode 2
Event: 311.582 Thread 0x000001f4fd4043b0 Uncommon trap: trap_request=0xffffff45 fr.pc=0x000001f4e923de70 relative=0x00000000000008d0
Event: 311.582 Thread 0x000001f4fd4043b0 Uncommon trap: reason=unstable_if action=reinterpret pc=0x000001f4e923de70 method=java.lang.Class.getPackageName()Ljava/lang/String; @ 55 c2
Event: 311.582 Thread 0x000001f4fd4043b0 DEOPT PACKING pc=0x000001f4e923de70 sp=0x00000018f2cfa1e0
Event: 311.582 Thread 0x000001f4fd4043b0 DEOPT UNPACKING pc=0x000001f4e8b34422 sp=0x00000018f2cfa1a0 mode 2

Classes loaded (20 events):
Event: 149.024 Loading class java/nio/file/Files$3
Event: 149.024 Loading class java/nio/file/Files$3 done
Event: 149.025 Loading class java/nio/file/FileVisitResult
Event: 149.025 Loading class java/nio/file/FileVisitResult done
Event: 149.128 Loading class java/nio/charset/CharacterCodingException
Event: 149.128 Loading class java/nio/charset/CharacterCodingException done
Event: 175.099 Loading class java/util/stream/IntStream
Event: 175.109 Loading class java/util/stream/IntStream done
Event: 175.109 Loading class java/util/stream/Streams$RangeIntSpliterator
Event: 175.110 Loading class java/util/stream/Streams$RangeIntSpliterator done
Event: 175.112 Loading class java/util/stream/IntPipeline$Head
Event: 175.116 Loading class java/util/stream/IntPipeline
Event: 175.138 Loading class java/util/stream/IntPipeline done
Event: 175.138 Loading class java/util/stream/IntPipeline$Head done
Event: 310.998 Loading class jdk/internal/loader/URLClassPath$FileLoader
Event: 311.011 Loading class jdk/internal/loader/URLClassPath$FileLoader done
Event: 311.066 Loading class jdk/internal/loader/URLClassPath$FileLoader$1
Event: 311.069 Loading class jdk/internal/loader/URLClassPath$FileLoader$1 done
Event: 313.282 Loading class java/beans/Transient
Event: 313.284 Loading class java/beans/Transient done

Classes unloaded (0 events):
No events

Classes redefined (0 events):
No events

Internal exceptions (20 events):
Event: 138.022 Thread 0x000001f4fd4043b0 Exception <a 'java/lang/IncompatibleClassChangeError'{0x0000000704699548}: Found class java.lang.Object, but interface was expected> (0x0000000704699548) 
thrown [s\src\hotspot\share\interpreter\linkResolver.cpp, line 840]
Event: 138.123 Thread 0x000001f4fd4043b0 Exception <a 'java/lang/NoSuchMethodError'{0x0000000704703ed8}: 'java.lang.Object java.lang.invoke.DirectMethodHandle$Holder.invokeVirtual(java.lang.Object, java.lang.Object, java.lang.Object, java.lang.Object, java.lang.Object, java.lang.Object, java.lang.Object, java.lang.Object, java.lang.Object, java.lang.Object, java.lang.Object, java.lang.Object, java.lang.Object)'> (0x0000000704703ed8) 
thrown [s\src\hotspot\share\interpreter\linkResolver.cpp, line 773]
Event: 138.123 Thread 0x000001f4fd4043b0 Exception <a 'java/lang/NoSuchMethodError'{0x0000000704709110}: 'java.lang.Object java.lang.invoke.DirectMethodHandle$Holder.invokeSpecial(java.lang.Object, java.lang.Object, java.lang.Object, java.lang.Object, java.lang.Object, java.lang.Object, java.lang.Object, java.lang.Object, java.lang.Object, java.lang.Object, java.lang.Object, java.lang.Object, java.lang.Object, java.lang.Object)'> (0x0000000704709110) 
thrown [s\src\hotspot\share\interpreter\linkResolver.cpp, line 773]
Event: 138.124 Thread 0x000001f4fd4043b0 Exception <a 'java/lang/NoSuchMethodError'{0x000000070470de60}: 'java.lang.Object java.lang.invoke.DelegatingMethodHandle$Holder.reinvoke_L(java.lang.Object, java.lang.Object, java.lang.Object, java.lang.Object, java.lang.Object, java.lang.Object, java.lang.Object, java.lang.Object, java.lang.Object, java.lang.Object, java.lang.Object, java.lang.Object, java.lang.Object)'> (0x000000070470de60) 
thrown [s\src\hotspot\share\interpreter\linkResolver.cpp, line 773]
Event: 138.443 Thread 0x000001f4fd4043b0 Exception <a 'java/lang/NoSuchMethodError'{0x00000007044afc88}: 'void java.lang.invoke.DirectMethodHandle$Holder.invokeStaticInit(java.lang.Object, java.lang.Object)'> (0x00000007044afc88) 
thrown [s\src\hotspot\share\interpreter\linkResolver.cpp, line 773]
Event: 139.065 Thread 0x000001f4fd4043b0 Exception <a 'java/lang/NoSuchMethodError'{0x00000007040bc910}: 'java.lang.Object java.lang.invoke.DirectMethodHandle$Holder.newInvokeSpecial(java.lang.Object, java.lang.Object, java.lang.Object, java.lang.Object, java.lang.Object, java.lang.Object, java.lang.Object, java.lang.Object, java.lang.Object)'> (0x00000007040bc910) 
thrown [s\src\hotspot\share\interpreter\linkResolver.cpp, line 773]
Event: 141.047 Thread 0x000001f4fd4043b0 Exception <a 'java/lang/NoSuchMethodError'{0x0000000703fc10d8}: 'int java.lang.invoke.DirectMethodHandle$Holder.invokeVirtual(java.lang.Object, java.lang.Object)'> (0x0000000703fc10d8) 
thrown [s\src\hotspot\share\interpreter\linkResolver.cpp, line 773]
Event: 141.237 Thread 0x000001f4fd4043b0 Exception <a 'java/lang/NoSuchMethodError'{0x00000007090a55d8}: 'void java.lang.invoke.DirectMethodHandle$Holder.invokeInterface(java.lang.Object, java.lang.Object, java.lang.Object, java.lang.Object, java.lang.Object)'> (0x00000007090a55d8) 
thrown [s\src\hotspot\share\interpreter\linkResolver.cpp, line 773]
Event: 141.684 Thread 0x000001f4fd4043b0 Exception <a 'java/lang/NoSuchMethodError'{0x00000007090f9638}: 'void java.lang.invoke.DirectMethodHandle$Holder.invokeStatic(java.lang.Object, java.lang.Object, java.lang.Object, java.lang.Object, java.lang.Object, java.lang.Object)'> (0x00000007090f9638) 
thrown [s\src\hotspot\share\interpreter\linkResolver.cpp, line 773]
Event: 145.045 Thread 0x000001f4fd4043b0 Exception <a 'java/lang/IncompatibleClassChangeError'{0x00000007089461d0}: Found class java.lang.Object, but interface was expected> (0x00000007089461d0) 
thrown [s\src\hotspot\share\interpreter\linkResolver.cpp, line 840]
Event: 148.737 Thread 0x000001f4fd4043b0 Exception <a 'java/lang/NoSuchMethodError'{0x0000000708657fa8}: 'java.lang.Object java.lang.invoke.DirectMethodHandle$Holder.newInvokeSpecial(java.lang.Object, java.lang.Object, long)'> (0x0000000708657fa8) 
thrown [s\src\hotspot\share\interpreter\linkResolver.cpp, line 773]
Event: 148.737 Thread 0x000001f4fd4043b0 Exception <a 'java/lang/NoSuchMethodError'{0x000000070865c350}: 'java.lang.Object java.lang.invoke.Invokers$Holder.linkToTargetMethod(java.lang.Object, long, java.lang.Object)'> (0x000000070865c350) 
thrown [s\src\hotspot\share\interpreter\linkResolver.cpp, line 773]
Event: 149.057 Thread 0x000001f4fd405df0 Implicit null exception at 0x000001f4e920d301 to 0x000001f4e920d998
Event: 174.958 Thread 0x000001f4fd4043b0 Exception <a 'java/lang/NoSuchMethodError'{0x000000070833d710}: 'int java.lang.invoke.DirectMethodHandle$Holder.invokeInterface(java.lang.Object, java.lang.Object)'> (0x000000070833d710) 
thrown [s\src\hotspot\share\interpreter\linkResolver.cpp, line 773]
Event: 175.078 Thread 0x000001f4fd4043b0 Exception <a 'java/lang/NoSuchMethodError'{0x00000007083c88c0}: 'java.lang.Object java.lang.invoke.DirectMethodHandle$Holder.invokeVirtual(java.lang.Object, java.lang.Object, int)'> (0x00000007083c88c0) 
thrown [s\src\hotspot\share\interpreter\linkResolver.cpp, line 773]
Event: 175.648 Thread 0x000001f4fd4043b0 Exception <a 'java/lang/NoSuchMethodError'{0x000000070807ffd0}: 'java.lang.Object java.lang.invoke.DirectMethodHandle$Holder.invokeStatic(java.lang.Object, java.lang.Object, int, java.lang.Object)'> (0x000000070807ffd0) 
thrown [s\src\hotspot\share\interpreter\linkResolver.cpp, line 773]
Event: 175.650 Thread 0x000001f4fd4043b0 Exception <a 'java/lang/NoSuchMethodError'{0x0000000708087428}: 'java.lang.Object java.lang.invoke.DirectMethodHandle$Holder.newInvokeSpecial(java.lang.Object, java.lang.Object, int, java.lang.Object)'> (0x0000000708087428) 
thrown [s\src\hotspot\share\interpreter\linkResolver.cpp, line 773]
Event: 175.655 Thread 0x000001f4fd4043b0 Exception <a 'java/lang/NoSuchMethodError'{0x000000070808bbc0}: 'java.lang.Object java.lang.invoke.DirectMethodHandle$Holder.invokeSpecial(java.lang.Object, java.lang.Object, java.lang.Object, int, java.lang.Object)'> (0x000000070808bbc0) 
thrown [s\src\hotspot\share\interpreter\linkResolver.cpp, line 773]
Event: 308.779 Thread 0x000001f4fd4043b0 Exception <a 'java/lang/NoSuchMethodError'{0x0000000708f34f18}: 'void java.lang.invoke.DirectMethodHandle$Holder.invokeInterface(java.lang.Object, java.lang.Object, java.lang.Object, java.lang.Object, java.lang.Object, java.lang.Object, java.lang.Object)'> (0x0000000708f34f18) 
thrown [s\src\hotspot\share\interpreter\linkResolver.cpp, line 773]
Event: 310.878 Thread 0x000001f4fd4043b0 Exception <a 'java/lang/NoSuchMethodError'{0x0000000708c816c0}: 'void java.lang.invoke.DelegatingMethodHandle$Holder.reinvoke_L(java.lang.Object, java.lang.Object, java.lang.Object, java.lang.Object, java.lang.Object, java.lang.Object, java.lang.Object)'> (0x0000000708c816c0) 
thrown [s\src\hotspot\share\interpreter\linkResolver.cpp, line 773]

ZGC Phase Switch (0 events):
No events

VM Operations (20 events):
Event: 288.775 Executing safepoint VM operation: Cleanup
Event: 288.791 Executing safepoint VM operation: Cleanup done
Event: 298.861 Executing safepoint VM operation: Cleanup
Event: 298.922 Executing safepoint VM operation: Cleanup done
Event: 299.928 Executing safepoint VM operation: Cleanup
Event: 300.006 Executing safepoint VM operation: Cleanup done
Event: 308.054 Executing safepoint VM operation: Cleanup
Event: 308.054 Executing safepoint VM operation: Cleanup done
Event: 309.061 Executing safepoint VM operation: Cleanup
Event: 309.121 Executing safepoint VM operation: Cleanup done
Event: 311.130 Executing safepoint VM operation: Cleanup
Event: 311.380 Executing safepoint VM operation: Cleanup done
Event: 311.381 Executing non-safepoint VM operation: HandshakeAllThreads (Deoptimize)
Event: 311.382 Executing non-safepoint VM operation: HandshakeAllThreads (Deoptimize) done
Event: 311.384 Executing non-safepoint VM operation: HandshakeAllThreads (Deoptimize)
Event: 311.384 Executing non-safepoint VM operation: HandshakeAllThreads (Deoptimize) done
Event: 312.401 Executing safepoint VM operation: Cleanup
Event: 312.462 Executing safepoint VM operation: Cleanup done
Event: 313.475 Executing safepoint VM operation: Cleanup
Event: 313.475 Executing safepoint VM operation: Cleanup done

Memory protections (0 events):
No events

Nmethod flushes (0 events):
No events

Events (20 events):
Event: 23.938 Thread 0x000001f4dc061360 Thread added: 0x000001f4f86a2da0
Event: 25.800 Thread 0x000001f4fd810ff0 Thread added: 0x000001f4fd40ab90
Event: 25.850 Thread 0x000001f4fd40ab90 Thread added: 0x000001f4fd40b200
Event: 26.296 Thread 0x000001f4fd40ab90 Thread added: 0x000001f4fd2d7bb0
Event: 26.847 Thread 0x000001f4fd40ab90 Thread added: 0x000001f4fd4043b0
Event: 26.998 Thread 0x000001f4fd4043b0 Thread added: 0x000001f4fd4050d0
Event: 27.030 Thread 0x000001f4fd4043b0 Thread added: 0x000001f4fd405760
Event: 27.033 Thread 0x000001f4fd4043b0 Thread added: 0x000001f4fd406b10
Event: 32.099 Thread 0x000001f4fd4043b0 Thread added: 0x000001f4fd405df0
Event: 32.346 Thread 0x000001f4fd4043b0 Thread added: 0x000001f4fd404a40
Event: 32.977 Thread 0x000001f4fd4043b0 Thread added: 0x000001f4fd406480
Event: 34.214 Thread 0x000001f4fd404a40 Thread added: 0x000001f4fe012030
Event: 136.020 Thread 0x000001f4fd4043b0 Thread added: 0x000001f4fe014100
Event: 136.343 Thread 0x000001f4fd4043b0 Thread added: 0x000001f4fe014e20
Event: 140.897 Thread 0x000001f4fd4043b0 Thread added: 0x000001f4fe013a70
Event: 141.039 Thread 0x000001f4fd4043b0 Thread added: 0x000001f4fe014790
Event: 175.700 Thread 0x000001f4fd4043b0 Thread added: 0x000001f4fe0154b0
Event: 285.752 Thread 0x000001f4fe012030 Thread exited: 0x000001f4fe012030
Event: 286.788 Thread 0x000001f4fd404a40 Thread added: 0x000001f4fe012030
Event: 288.816 Thread 0x000001f4fd4043b0 Thread added: 0x000001f4fe0126c0


Dynamic libraries:
0x00007ff6aa6f0000 - 0x00007ff6aa6fe000 	C:\Users\NAGARAJU\.antigravity-ide\extensions\redhat.java-1.56.0-win32-x64\jre\21.0.12.1-win32-x86_64\bin\java.exe
0x00007ff8fb240000 - 0x00007ff8fb4a6000 	C:\WINDOWS\SYSTEM32\ntdll.dll
0x00007ff8fa310000 - 0x00007ff8fa3d9000 	C:\WINDOWS\System32\KERNEL32.DLL
0x00007ff8f8530000 - 0x00007ff8f892f000 	C:\WINDOWS\System32\KERNELBASE.dll
0x00007ff8f8e10000 - 0x00007ff8f8f5c000 	C:\WINDOWS\System32\ucrtbase.dll
0x00007ff8e9d90000 - 0x00007ff8e9da8000 	C:\Users\NAGARAJU\.antigravity-ide\extensions\redhat.java-1.56.0-win32-x64\jre\21.0.12.1-win32-x86_64\bin\jli.dll
0x00007ff8f9240000 - 0x00007ff8f9406000 	C:\WINDOWS\System32\USER32.dll
0x00007ff8f8450000 - 0x00007ff8f8477000 	C:\WINDOWS\System32\win32u.dll
0x00007ff8fa2e0000 - 0x00007ff8fa30b000 	C:\WINDOWS\System32\GDI32.dll
0x00007ff8f8ad0000 - 0x00007ff8f8bf9000 	C:\WINDOWS\System32\gdi32full.dll
0x00007ff8f8480000 - 0x00007ff8f8523000 	C:\WINDOWS\System32\msvcp_win.dll
0x00007ff8f3200000 - 0x00007ff8f321e000 	C:\Users\NAGARAJU\.antigravity-ide\extensions\redhat.java-1.56.0-win32-x64\jre\21.0.12.1-win32-x86_64\bin\VCRUNTIME140.dll
0x00007ff8e1270000 - 0x00007ff8e1501000 	C:\WINDOWS\WinSxS\amd64_microsoft.windows.common-controls_6595b64144ccf1df_6.0.26100.8972_none_3e0da176e32f9d4b\COMCTL32.dll
0x00007ff8fa7b0000 - 0x00007ff8fa859000 	C:\WINDOWS\System32\msvcrt.dll
0x00007ff8fb0f0000 - 0x00007ff8fb122000 	C:\WINDOWS\System32\IMM32.DLL
0x00007ff8f31a0000 - 0x00007ff8f31ac000 	C:\Users\NAGARAJU\.antigravity-ide\extensions\redhat.java-1.56.0-win32-x64\jre\21.0.12.1-win32-x86_64\bin\vcruntime140_1.dll
0x00007ff8db580000 - 0x00007ff8db60d000 	C:\Users\NAGARAJU\.antigravity-ide\extensions\redhat.java-1.56.0-win32-x64\jre\21.0.12.1-win32-x86_64\bin\msvcp140.dll
0x00007ff809720000 - 0x00007ff80a4c2000 	C:\Users\NAGARAJU\.antigravity-ide\extensions\redhat.java-1.56.0-win32-x64\jre\21.0.12.1-win32-x86_64\bin\server\jvm.dll
0x00007ff8fb130000 - 0x00007ff8fb1ec000 	C:\WINDOWS\System32\ADVAPI32.dll
0x00007ff8fb040000 - 0x00007ff8fb0ea000 	C:\WINDOWS\System32\sechost.dll
0x00007ff8f8f70000 - 0x00007ff8f9088000 	C:\WINDOWS\System32\RPCRT4.dll
0x00007ff8fa250000 - 0x00007ff8fa2d2000 	C:\WINDOWS\System32\WS2_32.dll
0x00007ff8f82b0000 - 0x00007ff8f830e000 	C:\WINDOWS\SYSTEM32\POWRPROF.dll
0x00007ff8f1dc0000 - 0x00007ff8f1df6000 	C:\WINDOWS\SYSTEM32\WINMM.dll
0x00007ff8f1e00000 - 0x00007ff8f1e0b000 	C:\WINDOWS\SYSTEM32\VERSION.dll
0x00007ff8f8290000 - 0x00007ff8f82a5000 	C:\WINDOWS\SYSTEM32\UMPDC.dll
0x00007ff8f7140000 - 0x00007ff8f715b000 	C:\WINDOWS\SYSTEM32\kernel.appcore.dll
0x00007ff8dcb50000 - 0x00007ff8dcb5a000 	C:\Users\NAGARAJU\.antigravity-ide\extensions\redhat.java-1.56.0-win32-x64\jre\21.0.12.1-win32-x86_64\bin\jimage.dll
0x00007ff8ec240000 - 0x00007ff8ec482000 	C:\WINDOWS\SYSTEM32\DBGHELP.DLL
0x00007ff8f9ec0000 - 0x00007ff8fa245000 	C:\WINDOWS\System32\combase.dll
0x00007ff8fa9f0000 - 0x00007ff8faac9000 	C:\WINDOWS\System32\OLEAUT32.dll
0x00007ff8dc630000 - 0x00007ff8dc66b000 	C:\WINDOWS\SYSTEM32\dbgcore.DLL
0x00007ff8f8cc0000 - 0x00007ff8f8d6c000 	C:\WINDOWS\System32\bcryptPrimitives.dll
0x00007ff8dcb40000 - 0x00007ff8dcb4f000 	C:\Users\NAGARAJU\.antigravity-ide\extensions\redhat.java-1.56.0-win32-x64\jre\21.0.12.1-win32-x86_64\bin\instrument.dll
0x00007ff8dcb00000 - 0x00007ff8dcb20000 	C:\Users\NAGARAJU\.antigravity-ide\extensions\redhat.java-1.56.0-win32-x64\jre\21.0.12.1-win32-x86_64\bin\java.dll
0x00007ff8f9730000 - 0x00007ff8f9eb8000 	C:\WINDOWS\System32\SHELL32.dll
0x00007ff8f5f20000 - 0x00007ff8f67bb000 	C:\WINDOWS\SYSTEM32\windows.storage.dll
0x00007ff8f95d0000 - 0x00007ff8f96c9000 	C:\WINDOWS\System32\SHCORE.dll
0x00007ff8fa690000 - 0x00007ff8fa6f6000 	C:\WINDOWS\System32\shlwapi.dll
0x00007ff8f8370000 - 0x00007ff8f8399000 	C:\WINDOWS\SYSTEM32\profapi.dll
0x00007ff8db620000 - 0x00007ff8db638000 	C:\Users\NAGARAJU\.antigravity-ide\extensions\redhat.java-1.56.0-win32-x64\jre\21.0.12.1-win32-x86_64\bin\zip.dll
0x00007ff8dc0f0000 - 0x00007ff8dc100000 	C:\Users\NAGARAJU\.antigravity-ide\extensions\redhat.java-1.56.0-win32-x64\jre\21.0.12.1-win32-x86_64\bin\net.dll
0x00007ff8ee090000 - 0x00007ff8ee1b8000 	C:\WINDOWS\SYSTEM32\WINHTTP.dll
0x00007ff8f76f0000 - 0x00007ff8f775c000 	C:\WINDOWS\system32\mswsock.dll
0x00007ff8dcb20000 - 0x00007ff8dcb36000 	C:\Users\NAGARAJU\.antigravity-ide\extensions\redhat.java-1.56.0-win32-x64\jre\21.0.12.1-win32-x86_64\bin\nio.dll
0x00007ff8dc120000 - 0x00007ff8dc130000 	C:\Users\NAGARAJU\.antigravity-ide\extensions\redhat.java-1.56.0-win32-x64\jre\21.0.12.1-win32-x86_64\bin\verify.dll
0x00007ff86e570000 - 0x00007ff86e597000 	C:\Users\NAGARAJU\.gradle\native\1def1411415f61bf3af743bc5b6707747c0891f09f0c88961ee8f79bc544acac\windows-amd64\native-platform.dll
0x00007ff8956e0000 - 0x00007ff895758000 	C:\Users\NAGARAJU\.gradle\native\0.2.7\x86_64-windows-gnu\gradle-fileevents.dll
0x00007ff8f3230000 - 0x00007ff8f323a000 	C:\Users\NAGARAJU\.antigravity-ide\extensions\redhat.java-1.56.0-win32-x64\jre\21.0.12.1-win32-x86_64\bin\management.dll
0x00007ff8dc0b0000 - 0x00007ff8dc0bc000 	C:\Users\NAGARAJU\.antigravity-ide\extensions\redhat.java-1.56.0-win32-x64\jre\21.0.12.1-win32-x86_64\bin\management_ext.dll
0x00007ff8fa3e0000 - 0x00007ff8fa3e8000 	C:\WINDOWS\System32\PSAPI.DLL
0x00007ff8f6af0000 - 0x00007ff8f6b23000 	C:\WINDOWS\SYSTEM32\IPHLPAPI.DLL
0x00007ff8f9090000 - 0x00007ff8f909a000 	C:\WINDOWS\System32\NSI.dll
0x00007ff8dc100000 - 0x00007ff8dc109000 	C:\Users\NAGARAJU\.antigravity-ide\extensions\redhat.java-1.56.0-win32-x64\jre\21.0.12.1-win32-x86_64\bin\extnet.dll
0x00007ff8f79e0000 - 0x00007ff8f79fb000 	C:\WINDOWS\SYSTEM32\CRYPTSP.dll
0x00007ff8f70a0000 - 0x00007ff8f70d9000 	C:\WINDOWS\system32\rsaenh.dll
0x00007ff8f77a0000 - 0x00007ff8f77d2000 	C:\WINDOWS\SYSTEM32\USERENV.dll
0x00007ff8f8340000 - 0x00007ff8f836a000 	C:\WINDOWS\SYSTEM32\bcrypt.dll
0x00007ff8f7a00000 - 0x00007ff8f7a0c000 	C:\WINDOWS\SYSTEM32\CRYPTBASE.dll
0x00007ff8dc110000 - 0x00007ff8dc11e000 	C:\Users\NAGARAJU\.antigravity-ide\extensions\redhat.java-1.56.0-win32-x64\jre\21.0.12.1-win32-x86_64\bin\sunmscapi.dll
0x00007ff8f8940000 - 0x00007ff8f8abe000 	C:\WINDOWS\System32\CRYPT32.dll
0x00007ff8f7c20000 - 0x00007ff8f7c50000 	C:\WINDOWS\SYSTEM32\ncrypt.dll
0x00007ff8f7bd0000 - 0x00007ff8f7c0f000 	C:\WINDOWS\SYSTEM32\NTASN1.dll
0x00007ff8c7b30000 - 0x00007ff8c7b38000 	C:\WINDOWS\system32\wshunix.dll

JVMTI agents:
C:\Users\NAGARAJU\.gradle\wrapper\dists\gradle-8.14.1-bin\baw1sv0jfoi8rxs14qo3h49cs\gradle-8.14.1\lib\agents\gradle-instrumentation-agent-8.14.1.jar path:C:\Users\NAGARAJU\.antigravity-ide\extensions\redhat.java-1.56.0-win32-x64\jre\21.0.12.1-win32-x86_64\bin\instrument.dll, loaded, initialized, instrumentlib options:none

dbghelp: loaded successfully - version: 4.0.5 - missing functions: none
symbol engine: initialized successfully - sym options: 0x614 - pdb path: .;C:\Users\NAGARAJU\.antigravity-ide\extensions\redhat.java-1.56.0-win32-x64\jre\21.0.12.1-win32-x86_64\bin;C:\WINDOWS\SYSTEM32;C:\WINDOWS\WinSxS\amd64_microsoft.windows.common-controls_6595b64144ccf1df_6.0.26100.8972_none_3e0da176e32f9d4b;C:\Users\NAGARAJU\.antigravity-ide\extensions\redhat.java-1.56.0-win32-x64\jre\21.0.12.1-win32-x86_64\bin\server;C:\Users\NAGARAJU\.gradle\native\1def1411415f61bf3af743bc5b6707747c0891f09f0c88961ee8f79bc544acac\windows-amd64;C:\Users\NAGARAJU\.gradle\native\0.2.7\x86_64-windows-gnu

VM Arguments:
jvm_args: --add-opens=java.base/java.lang=ALL-UNNAMED --add-opens=java.base/java.lang.invoke=ALL-UNNAMED --add-opens=java.base/java.util=ALL-UNNAMED --add-opens=java.prefs/java.util.prefs=ALL-UNNAMED --add-exports=jdk.compiler/com.sun.tools.javac.api=ALL-UNNAMED --add-exports=jdk.compiler/com.sun.tools.javac.util=ALL-UNNAMED --add-opens=java.base/java.util=ALL-UNNAMED --add-opens=java.prefs/java.util.prefs=ALL-UNNAMED --add-opens=java.base/java.nio.charset=ALL-UNNAMED --add-opens=java.base/java.net=ALL-UNNAMED --add-opens=java.base/java.util.concurrent.atomic=ALL-UNNAMED --add-opens=java.xml/javax.xml.namespace=ALL-UNNAMED -Xmx4096m -Dfile.encoding=UTF-8 -Duser.country=IN -Duser.language=en -Duser.variant -javaagent:C:\Users\NAGARAJU\.gradle\wrapper\dists\gradle-8.14.1-bin\baw1sv0jfoi8rxs14qo3h49cs\gradle-8.14.1\lib\agents\gradle-instrumentation-agent-8.14.1.jar 
java_command: org.gradle.launcher.daemon.bootstrap.GradleDaemon 8.14.1
java_class_path (initial): C:\Users\NAGARAJU\.gradle\wrapper\dists\gradle-8.14.1-bin\baw1sv0jfoi8rxs14qo3h49cs\gradle-8.14.1\lib\gradle-daemon-main-8.14.1.jar
Launcher Type: SUN_STANDARD

[Global flags]
     intx CICompilerCount                          = 4                                         {product} {ergonomic}
     uint ConcGCThreads                            = 2                                         {product} {ergonomic}
     uint G1ConcRefinementThreads                  = 8                                         {product} {ergonomic}
   size_t G1HeapRegionSize                         = 2097152                                   {product} {ergonomic}
    uintx GCDrainStackTargetSize                   = 64                                        {product} {ergonomic}
   size_t InitialHeapSize                          = 123731968                                 {product} {ergonomic}
   size_t MarkStackSize                            = 4194304                                   {product} {ergonomic}
   size_t MaxHeapSize                              = 4294967296                                {product} {command line}
   size_t MaxNewSize                               = 2575302656                                {product} {ergonomic}
   size_t MinHeapDeltaBytes                        = 2097152                                   {product} {ergonomic}
   size_t MinHeapSize                              = 8388608                                   {product} {ergonomic}
    uintx NonNMethodCodeHeapSize                   = 5839372                                {pd product} {ergonomic}
    uintx NonProfiledCodeHeapSize                  = 122909434                              {pd product} {ergonomic}
    uintx ProfiledCodeHeapSize                     = 122909434                              {pd product} {ergonomic}
    uintx ReservedCodeCacheSize                    = 251658240                              {pd product} {ergonomic}
     bool SegmentedCodeCache                       = true                                      {product} {ergonomic}
   size_t SoftMaxHeapSize                          = 4294967296                             {manageable} {ergonomic}
     bool UseCompressedOops                        = true                           {product lp64_product} {ergonomic}
     bool UseG1GC                                  = true                                      {product} {ergonomic}
     bool UseLargePagesIndividualAllocation        = false                                  {pd product} {ergonomic}

Logging:
Log output configuration:
 #0: stdout all=warning uptime,level,tags foldmultilines=false
 #1: stderr all=off uptime,level,tags foldmultilines=false

Release file:
JAVA_VERSION="21.0.12.1" 
MODULES="java.base java.compiler java.datatransfer java.xml java.prefs java.desktop java.instrument java.logging java.management java.security.sasl java.naming java.rmi java.management.rmi java.net.http java.scripting java.security.jgss java.transaction.xa java.sql java.sql.rowset java.xml.crypto java.se java.smartcardio jdk.accessibility jdk.internal.jvmstat jdk.attach jdk.charsets jdk.internal.opt jdk.zipfs jdk.compiler jdk.crypto.ec jdk.crypto.cryptoki jdk.crypto.mscapi jdk.dynalink jdk.internal.ed jdk.editpad jdk.hotspot.agent jdk.httpserver jdk.internal.le jdk.internal.vm.ci jdk.internal.vm.compiler jdk.internal.vm.compiler.management jdk.jartool jdk.javadoc jdk.jcmd jdk.management jdk.management.agent jdk.jconsole jdk.jdeps jdk.jdwp.agent jdk.jdi jdk.jfr jdk.jshell jdk.jsobject jdk.jstatd jdk.localedata jdk.management.jfr jdk.naming.dns jdk.naming.rmi jdk.net jdk.nio.mapmode jdk.random jdk.sctp jdk.security.auth jdk.security.jgss jdk.unsupported jdk.unsupported.desktop jdk.xml.dom" 

Environment Variables:
JAVA_HOME=C:\Program Files\Eclipse Adoptium\jdk-21.0.11.10-hotspot
PATH=C:\Program Files\Eclipse Adoptium\jdk-21.0.11.10-hotspot\bin;C:\Program Files\Eclipse Adoptium\jdk-11.0.26.4-hotspot\bin;C:\Program Files\Eclipse Adoptium\jdk-17.0.14.7-hotspot\bin;C:\Program Files\Java\jdk-17\bin;C:\Program Files\nodejs;E:\Android\Sdk\platform-tools;E:\Android\Sdk\emulator;E:\Android\Sdk\cmdline-tools\latest\bin;C:\Users\NAGARAJU\AppData\Local\Android\Sdk\platform-tools;C:\Users\NAGARAJU\AppData\Local\Android\Sdk\emulator;C:\Users\NAGARAJU\AppData\Local\Android\Sdk\cmdline-tools\latest\bin;C:\Program Files\Eclipse Adoptium\jdk-21.0.11.10-hotspot\bin;C:\Program Files\Eclipse Adoptium\jdk-11.0.26.4-hotspot\bin;C:\Program Files\Eclipse Adoptium\jdk-17.0.14.7-hotspot\bin;C:\Program Files\Java\jdk-17\bin;C:\Program Files\nodejs;E:\Android\Sdk\platform-tools;E:\Android\Sdk\emulator;E:\Android\Sdk\cmdline-tools\latest\bin;C:\Users\NAGARAJU\AppData\Local\Android\Sdk\platform-tools;C:\Users\NAGARAJU\AppData\Local\Android\Sdk\emulator;C:\Users\NAGARAJU\AppData\Local\Android\Sdk\cmdline-tools\latest\bin;C:\Program Files\Eclipse Adoptium\jdk-21.0.11.10-hotspot\bin;C:\Program Files\Eclipse Adoptium\jdk-11.0.26.4-hotspot\bin;C:\Program Files\Eclipse Adoptium\jdk-17.0.14.7-hotspot\bin;C:\Program Files\Java\jdk-17\bin;C:\Program Files\nodejs;E:\Android\Sdk\platform-tools;E:\Android\Sdk\emulator;E:\Android\Sdk\cmdline-tools\latest\bin;C:\Users\NAGARAJU\AppData\Local\Android\Sdk\platform-tools;C:\Users\NAGARAJU\AppData\Local\Android\Sdk\emulator;C:\Users\NAGARAJU\AppData\Local\Android\Sdk\cmdline-tools\latest\bin;C:\WINDOWS\System32;C:\ProgramData\chocolatey\bin;C:\Program Files\nodejs\;C:\Program Files\Git\cmd;C:\Windows\System32;C:\Windows\System32\WindowsPowerShell\v1.0;C:\Windows\System32\OpenSSH;C:\Windows\System32\WindowsPowerShell\v1.0\;C:\Users\NAGARAJU\Downloads\stripe_1.30.0_windows_x86_64;C:\WINDOWS\system32;C:\WINDOWS;C:\WINDOWS\System32\Wbem;C:\WINDOWS\System32\WindowsPowerShell\v1.0\;C:\WINDOWS\System32\OpenSSH\;C:\ProgramData\chocolatey\bin;C:\Program Files\nodejs\;C:\Program Files\Git\cmd;C:\Windows\System32;C:\Windows\System32\WindowsPowerShell\v1.0;C:\Windows\System32\OpenSSH;C:\Windows\System32\WindowsPowerShell\v1.0\;C:\Users\NAGARAJU\Downloads\stripe_1.30.0_windows_x86_64;C:\WINDOWS\system32;C:\WINDOWS;C:\WINDOWS\System32\Wbem;C:\WINDOWS\System32\WindowsPowerShell\v1.0\;C:\WINDOWS\System32\OpenSSH\;C:\ProgramData\chocolatey\bin;C:\Program Files\nodejs\;C:\Program Files\Git\cmd;C:\Windows\System32;C:\Windows\System32\WindowsPowerShell\v1.0;C:\Windows\System32\OpenSSH;C:\Windows\System32\WindowsPowerShell\v1.0\;C:\Users\NAGARAJU\Downloads\stripe_1.30.0_windows_x86_64;C:\WINDOWS\system32;C:\WINDOWS;C:\WINDOWS\System32\Wbem;C:\WINDOWS\System32\WindowsPowerShell\v1.0\;C:\WINDOWS\System32\OpenSSH\;C:\Program Files\Eclipse Adoptium\jdk-21.0.11.10-hotspot\bin;C:\Program Files\Eclipse Adoptium\jdk-11.0.26.4-hotspot\bin;C:\Program Files\Eclipse Adoptium\jdk-17.0.14.7-hotspot\bin;C:\Program Files\Java\jdk-17\bin;C:\Program Files\nodejs;E:\Android\Sdk\platform-tools;E:\Android\Sdk\emulator;E:\Android\Sdk\cmdline-tools\latest\bin;C:\Users\NAGARAJU\AppData\Local\Android\Sdk\platform-tools;C:\Users\NAGARAJU\AppData\Local\Android\Sdk\emulator;C:\Users\NAGARAJU\AppData\Local\Android\Sdk\cmdline-tools\latest\bin;C:\Program Files\Eclipse Adoptium\jdk-21.0.11.10-hotspot\bin;C:\Program Files\Eclipse Adoptium\jdk-11.0.26.4-hotspot\bin;C:\Program Files\Eclipse Adoptium\jdk-17.0.14.7-hotspot\bin;C:\Program Files\Java\jdk-17\bin;C:\Program Files\nodejs;E:\Android\Sdk\platform-tools;E:\Android\Sdk\emulator;E:\Android\Sdk\cmdline-tools\latest\bin;C:\Users\NAGARAJU\AppData\Local\Android\Sdk\platform-tools;C:\Users\NAGARAJU\AppData\Local\Android\Sdk\emulator;C:\Users\NAGARAJU\AppData\Local\Android\Sdk\cmdline-tools\latest\bin;C:\Program Files\Eclipse Adoptium\jdk-21.0.11.10-hotspot\bin;C:\Program Files\Eclipse Adoptium\jdk-11.0.26.4-hotspot\bin;C:\Program Files\Eclipse Adoptium\jdk-17.0.14.7-hotspot\bin;C:\Program Files\Java\jdk-17\bin;C:\Program Files\nodejs;E:\Android\Sdk\platform-tools;E:\Android\Sdk\emulator;E:\Android\Sdk\cmdline-tools\latest\bin;C:\Users\NAGARAJU\AppData\Local\Android\Sdk\platform-tools;C:\Users\NAGARAJU\AppData\Local\Android\Sdk\emulator;C:\Users\NAGARAJU\AppData\Local\Android\Sdk\cmdline-tools\latest\bin;C:\WINDOWS\System32;C:\ProgramData\chocolatey\bin;C:\Program Files\nodejs\;C:\Program Files\Git\cmd;C:\Windows\System32;C:\Windows\System32\WindowsPowerShell\v1.0;C:\Windows\System32\OpenSSH;C:\Windows\System32\WindowsPowerShell\v1.0\;C:\Users\NAGARAJU\Downloads\stripe_1.30.0_windows_x86_64;C:\WINDOWS\system32;C:\WINDOWS;C:\WINDOWS\System32\Wbem;C:\WINDOWS\System32\WindowsPowerShell\v1.0\;C:\WINDOWS\System32\OpenSSH\;C:\ProgramData\chocolatey\bin;C:\Program Files\nodejs\;C:\Program Files\Git\cmd;C:\Windows\System32;C:\Windows\System32\WindowsPowerShell\v1.0;C:\Windows\System32\OpenSSH;C:\Windows\System32\WindowsPowerShell\v1.0\;C:\Users\NAGARAJU\Downloads\stripe_1.30.0_windows_x86_64;C:\WINDOWS\system32;C:\WINDOWS;C:\WINDOWS\System32\Wbem;C:\WINDOWS\System32\WindowsPowerShell\v1.0\;C:\WINDOWS\System32\OpenSSH\;C:\ProgramData\chocolatey\bin;C:\Program Files\nodejs\;C:\Program Files\Git\cmd;C:\Windows\System32;C:\Windows\System32\WindowsPowerShell\v1.0;C:\Windows\System32\OpenSSH;C:\Windows\System32\WindowsPowerShell\v1.0\;C:\Users\NAGARAJU\Downloads\stripe_1.30.0_windows_x86_64;C:\WINDOWS\system32;C:\WINDOWS;C:\WINDOWS\System32\Wbem;C:\WINDOWS\System32\WindowsPowerShell\v1.0\;C:\WINDOWS\System32\OpenSSH\;C:\Users\NAGARAJU\AppData\Local\Android\Sdk\platform-tools;C:\Users\NAGARAJU\AppData\Local\Android\Sdk\cmdline-tools\latest\bin;C:\Users\NAGARAJU\AppData\Roaming\npm;C:\Users\NAGARAJU\AppData\Local\Programs\Microsoft VS Code\bin;C:\Users\NAGARAJU\AppData\Local\Programs\Antigravity IDE\bin;C:\Users\NAGARAJU\AppData\Local\Microsoft\WindowsApps;C:\Users\NAGARAJU\AppData\Local\Kingsoft\WPS Office\12.1.0.27458\clitool
USERNAME=NAGARAJU
OS=Windows_NT
PROCESSOR_IDENTIFIER=AMD64 Family 23 Model 104 Stepping 1, AuthenticAMD
TMP=C:\Users\NAGARAJU\AppData\Local\Temp
TEMP=C:\Users\NAGARAJU\AppData\Local\Temp




Periodic native trim disabled

---------------  S Y S T E M  ---------------

OS:
 Windows 11 , 64 bit Build 26100 (10.0.26100.9168)
OS uptime: 0 days 0:33 hours

CPU: total 8 (initial active 8) (8 cores per cpu, 2 threads per core) family 23 model 104 stepping 1 microcode 0x8608109, cx8, cmov, fxsr, ht, mmx, 3dnowpref, sse, sse2, sse3, ssse3, sse4a, sse4.1, sse4.2, popcnt, lzcnt, tsc, tscinvbit, avx, avx2, aes, clmul, bmi1, bmi2, adx, sha, fma, vzeroupper, clflush, clflushopt, rdtscp, rdpid, f16c
Processor Information for processor 0
  Max Mhz: 2600, Current Mhz: 2600, Mhz Limit: 2600
Processor Information for processor 1
  Max Mhz: 2600, Current Mhz: 2600, Mhz Limit: 2600
Processor Information for processor 2
  Max Mhz: 2600, Current Mhz: 2600, Mhz Limit: 2600
Processor Information for processor 3
  Max Mhz: 2600, Current Mhz: 1789, Mhz Limit: 2600
Processor Information for processor 4
  Max Mhz: 2600, Current Mhz: 2600, Mhz Limit: 2600
Processor Information for processor 5
  Max Mhz: 2600, Current Mhz: 2600, Mhz Limit: 2600
Processor Information for processor 6
  Max Mhz: 2600, Current Mhz: 2600, Mhz Limit: 2600
Processor Information for processor 7
  Max Mhz: 2600, Current Mhz: 2600, Mhz Limit: 2600

Memory: 4k page, system-wide physical 7502M (284M free)
TotalPageFile size 40270M (AvailPageFile size 38M)
current process WorkingSet (physical memory assigned to process): 87M, peak: 160M
current process commit charge ("private bytes"): 320M, peak: 321M

vm_info: OpenJDK 64-Bit Server VM (21.0.12.1+1-LTS) for windows-amd64 JRE (21.0.12.1+1-LTS), built on 2026-08-18T00:00:00Z by "admin" with MS VC++ 17.12 (VS2022)

END.
