#
# There is insufficient memory for the Java Runtime Environment to continue.
# Native memory allocation (malloc) failed to allocate 32744 bytes. Error detail: Chunk::new
# Possible reasons:
#   The system is out of physical RAM or swap space
#   This process is running with CompressedOops enabled, and the Java Heap may be blocking the growth of the native heap
# Possible solutions:
#   Reduce memory load on the system
#   Increase physical memory or swap space
#   Check if swap backing store is full
#   Decrease Java heap size (-Xmx/-Xms)
#   Decrease number of Java threads
#   Decrease Java thread stack sizes (-Xss)
#   Set larger code cache with -XX:ReservedCodeCacheSize=
#   JVM is running with Zero Based Compressed Oops mode in which the Java heap is
#     placed in the first 32GB address space. The Java Heap base address is the
#     maximum limit for the native heap growth. Please use -XX:HeapBaseMinAddress
#     to set the Java Heap base and to place the Java Heap above 32GB virtual address.
# This output file may be truncated or incomplete.
#
#  Out of Memory Error (arena.cpp:168), pid=35148, tid=18340
#
# JRE version: OpenJDK Runtime Environment Temurin-21.0.12.1+1 (21.0.12.1+1) (build 21.0.12.1+1-LTS)
# Java VM: OpenJDK 64-Bit Server VM Temurin-21.0.12.1+1 (21.0.12.1+1-LTS, mixed mode, sharing, tiered, compressed oops, compressed class ptrs, g1 gc, windows-amd64)
# No core dump will be written. Minidumps are not enabled by default on client versions of Windows
#

---------------  S U M M A R Y ------------

Command Line: --add-opens=java.base/java.lang=ALL-UNNAMED --add-opens=java.base/java.lang.invoke=ALL-UNNAMED --add-opens=java.base/java.util=ALL-UNNAMED --add-opens=java.prefs/java.util.prefs=ALL-UNNAMED --add-exports=jdk.compiler/com.sun.tools.javac.api=ALL-UNNAMED --add-exports=jdk.compiler/com.sun.tools.javac.util=ALL-UNNAMED --add-opens=java.base/java.util=ALL-UNNAMED --add-opens=java.prefs/java.util.prefs=ALL-UNNAMED --add-opens=java.base/java.nio.charset=ALL-UNNAMED --add-opens=java.base/java.net=ALL-UNNAMED --add-opens=java.base/java.util.concurrent.atomic=ALL-UNNAMED --add-opens=java.xml/javax.xml.namespace=ALL-UNNAMED -Xmx4096m -Dfile.encoding=UTF-8 -Duser.country=IN -Duser.language=en -Duser.variant -javaagent:C:\Users\NAGARAJU\.gradle\wrapper\dists\gradle-8.14.1-bin\baw1sv0jfoi8rxs14qo3h49cs\gradle-8.14.1\lib\agents\gradle-instrumentation-agent-8.14.1.jar org.gradle.launcher.daemon.bootstrap.GradleDaemon 8.14.1

Host: AMD Ryzen 3 5300U with Radeon Graphics         , 8 cores, 7G,  Windows 11 , 64 bit Build 26100 (10.0.26100.9168)
Time: Mon Sep  7 21:01:33 2026 India Standard Time elapsed time: 189.545118 seconds (0d 0h 3m 9s)

---------------  T H R E A D  ---------------

Current thread (0x000001ed7aebf9c0):  JavaThread "C2 CompilerThread0" daemon [_thread_in_native, id=18340, stack(0x000000c0e6000000,0x000000c0e6100000) (1024K)]


Current CompileTask:
C2:189545 3538   !   4       java.net.URLClassLoader::findClass (47 bytes)

Stack: [0x000000c0e6000000,0x000000c0e6100000]
Native frames: (J=compiled Java code, j=interpreted, Vv=VM code, C=native code)
V  [jvm.dll+0x6d83e9]
V  [jvm.dll+0x8b5736]
V  [jvm.dll+0x8b7cee]
V  [jvm.dll+0x8b83d3]
V  [jvm.dll+0x284596]
V  [jvm.dll+0xc685d]
V  [jvm.dll+0xc6da1]
V  [jvm.dll+0xc6985]
V  [jvm.dll+0x89f18c]
V  [jvm.dll+0x1e0e92]
V  [jvm.dll+0x1dc824]
V  [jvm.dll+0x701846]
V  [jvm.dll+0x6ec5be]
V  [jvm.dll+0x6eaa9f]
V  [jvm.dll+0x6ea069]
V  [jvm.dll+0x6e80ee]
V  [jvm.dll+0x1ce4fc]
V  [jvm.dll+0x1cf09e]
V  [jvm.dll+0x2fa7dc]
V  [jvm.dll+0x6f2873]
V  [jvm.dll+0x6ea969]
V  [jvm.dll+0x6ea069]
V  [jvm.dll+0x6e80ee]
V  [jvm.dll+0x1ce4fc]
V  [jvm.dll+0x1cf09e]
V  [jvm.dll+0x2fa7dc]
V  [jvm.dll+0x6f2873]
V  [jvm.dll+0x6ea969]
V  [jvm.dll+0x6ea069]
V  [jvm.dll+0x6e80ee]
V  [jvm.dll+0x1ce4fc]
V  [jvm.dll+0x2fa7dc]
V  [jvm.dll+0x6f2873]
V  [jvm.dll+0x6ea969]
V  [jvm.dll+0x6ea069]
V  [jvm.dll+0x6e80ee]
V  [jvm.dll+0x1ce4fc]
V  [jvm.dll+0x1cf09e]
V  [jvm.dll+0x2fa7dc]
V  [jvm.dll+0x6f2873]
V  [jvm.dll+0x6ea969]
V  [jvm.dll+0x6ea069]
V  [jvm.dll+0x6e80ee]
V  [jvm.dll+0x1ce4fc]
V  [jvm.dll+0x1cf09e]
V  [jvm.dll+0x1cf09e]
V  [jvm.dll+0x2fa7dc]
V  [jvm.dll+0x6f2873]
V  [jvm.dll+0x6ea969]
V  [jvm.dll+0x6ea069]
V  [jvm.dll+0x6e80ee]
V  [jvm.dll+0x1ce4fc]
V  [jvm.dll+0x1cf09e]
V  [jvm.dll+0x2fa7dc]
V  [jvm.dll+0x6f2873]
V  [jvm.dll+0x6ea969]
V  [jvm.dll+0x6ea069]
V  [jvm.dll+0x6e80ee]
V  [jvm.dll+0x1ce4fc]
V  [jvm.dll+0x1cf09e]
V  [jvm.dll+0x2fa7dc]
V  [jvm.dll+0x6f2873]
V  [jvm.dll+0x6ea969]
V  [jvm.dll+0x6ea069]
V  [jvm.dll+0x6e80ee]
V  [jvm.dll+0x1ce4fc]
V  [jvm.dll+0x1cf09e]
V  [jvm.dll+0x1cf09e]
V  [jvm.dll+0x2fa7dc]
V  [jvm.dll+0x6f2873]
V  [jvm.dll+0x6ea969]
V  [jvm.dll+0x6ea069]
V  [jvm.dll+0x6e80ee]
V  [jvm.dll+0x1ce4fc]
V  [jvm.dll+0x1cf09e]
V  [jvm.dll+0x2fa7dc]
V  [jvm.dll+0x6f2873]
V  [jvm.dll+0x6ea969]
V  [jvm.dll+0x6ea069]
V  [jvm.dll+0x6e80ee]
V  [jvm.dll+0x1ce4fc]
V  [jvm.dll+0x1cf09e]
V  [jvm.dll+0x2fa7dc]
V  [jvm.dll+0x6f2873]
V  [jvm.dll+0x6ea969]
V  [jvm.dll+0x6ea069]
V  [jvm.dll+0x6e80ee]
V  [jvm.dll+0x1ce4fc]
V  [jvm.dll+0x1cf09e]
V  [jvm.dll+0x2fa7dc]
V  [jvm.dll+0x6f2873]
V  [jvm.dll+0x6ea969]
V  [jvm.dll+0x6ea069]
V  [jvm.dll+0x6e80ee]
V  [jvm.dll+0x1ce4fc]
V  [jvm.dll+0x1cf09e]
V  [jvm.dll+0x2fa7dc]
V  [jvm.dll+0x6f2873]
V  [jvm.dll+0x6ea969]
...<more frames>...


---------------  P R O C E S S  ---------------

Threads class SMR info:
_java_thread_list=0x000001ed41088fe0, length=25, elements={
0x000001ed5eab0e00, 0x000001ed7aeb6150, 0x000001ed7aeb9730, 0x000001ed7aeba190,
0x000001ed7aebb760, 0x000001ed7aebe1d0, 0x000001ed7aebec30, 0x000001ed7aebf9c0,
0x000001ed7af00bf0, 0x000001ed7f1cc380, 0x000001ed7f1f6670, 0x000001ed7af17be0,
0x000001ed418690d0, 0x000001ed4126e850, 0x000001ed7f12d740, 0x000001ed7fae2140,
0x000001ed7f8a6c90, 0x000001ed7fa89550, 0x000001ed7fa89be0, 0x000001ed7fa8a900,
0x000001ed7fa8af90, 0x000001ed7fa8a270, 0x000001ed7fa881a0, 0x000001ed7fa88830,
0x000001ed7fa87b10
}

Java Threads: ( => current thread )
  0x000001ed5eab0e00 JavaThread "main"                              [_thread_blocked, id=6600, stack(0x000000c0e5200000,0x000000c0e5300000) (1024K)]
  0x000001ed7aeb6150 JavaThread "Reference Handler"          daemon [_thread_blocked, id=33364, stack(0x000000c0e5a00000,0x000000c0e5b00000) (1024K)]
  0x000001ed7aeb9730 JavaThread "Finalizer"                  daemon [_thread_blocked, id=33596, stack(0x000000c0e5b00000,0x000000c0e5c00000) (1024K)]
  0x000001ed7aeba190 JavaThread "Signal Dispatcher"          daemon [_thread_blocked, id=35296, stack(0x000000c0e5c00000,0x000000c0e5d00000) (1024K)]
  0x000001ed7aebb760 JavaThread "Attach Listener"            daemon [_thread_blocked, id=29976, stack(0x000000c0e5d00000,0x000000c0e5e00000) (1024K)]
  0x000001ed7aebe1d0 JavaThread "Service Thread"             daemon [_thread_blocked, id=35636, stack(0x000000c0e5e00000,0x000000c0e5f00000) (1024K)]
  0x000001ed7aebec30 JavaThread "Monitor Deflation Thread"   daemon [_thread_blocked, id=36504, stack(0x000000c0e5f00000,0x000000c0e6000000) (1024K)]
=>0x000001ed7aebf9c0 JavaThread "C2 CompilerThread0"         daemon [_thread_in_native, id=18340, stack(0x000000c0e6000000,0x000000c0e6100000) (1024K)]
  0x000001ed7af00bf0 JavaThread "C1 CompilerThread0"         daemon [_thread_blocked, id=34368, stack(0x000000c0e6100000,0x000000c0e6200000) (1024K)]
  0x000001ed7f1cc380 JavaThread "Common-Cleaner"             daemon [_thread_blocked, id=30264, stack(0x000000c0e6200000,0x000000c0e6300000) (1024K)]
  0x000001ed7f1f6670 JavaThread "Notification Thread"        daemon [_thread_blocked, id=37700, stack(0x000000c0e6300000,0x000000c0e6400000) (1024K)]
  0x000001ed7af17be0 JavaThread "Daemon health stats"               [_thread_blocked, id=35600, stack(0x000000c0e6800000,0x000000c0e6900000) (1024K)]
  0x000001ed418690d0 JavaThread "Incoming local TCP Connector on port 63925"        [_thread_in_native, id=37356, stack(0x000000c0e6900000,0x000000c0e6a00000) (1024K)]
  0x000001ed4126e850 JavaThread "Daemon periodic checks"            [_thread_blocked, id=37084, stack(0x000000c0e6d00000,0x000000c0e6e00000) (1024K)]
  0x000001ed7f12d740 JavaThread "Daemon"                            [_thread_blocked, id=28860, stack(0x000000c0e6e00000,0x000000c0e6f00000) (1024K)]
  0x000001ed7fae2140 JavaThread "Handler for socket connection from /127.0.0.1:63925 to /127.0.0.1:63928"        [_thread_in_native, id=37400, stack(0x000000c0e6f00000,0x000000c0e7000000) (1024K)]
  0x000001ed7f8a6c90 JavaThread "Cancel handler"                    [_thread_blocked, id=32884, stack(0x000000c0e7000000,0x000000c0e7100000) (1024K)]
  0x000001ed7fa89550 JavaThread "Daemon worker"                     [_thread_in_native, id=36604, stack(0x000000c0e5000000,0x000000c0e5100000) (1024K)]
  0x000001ed7fa89be0 JavaThread "Asynchronous log dispatcher for DefaultDaemonConnection: socket connection from /127.0.0.1:63925 to /127.0.0.1:63928"        [_thread_blocked, id=36148, stack(0x000000c0e7100000,0x000000c0e7200000) (1024K)]
  0x000001ed7fa8a900 JavaThread "Stdin handler"                     [_thread_blocked, id=37428, stack(0x000000c0e7200000,0x000000c0e7300000) (1024K)]
  0x000001ed7fa8af90 JavaThread "Daemon client event forwarder"        [_thread_blocked, id=25964, stack(0x000000c0e7300000,0x000000c0e7400000) (1024K)]
  0x000001ed7fa8a270 JavaThread "Cache worker for journal cache (C:\Users\NAGARAJU\.gradle\caches\journal-1)"        [_thread_blocked, id=10012, stack(0x000000c0e7400000,0x000000c0e7500000) (1024K)]
  0x000001ed7fa881a0 JavaThread "File lock request listener"        [_thread_in_native, id=36488, stack(0x000000c0e7500000,0x000000c0e7600000) (1024K)]
  0x000001ed7fa88830 JavaThread "Cache worker for file hash cache (C:\Users\NAGARAJU\.gradle\caches\8.14.1\fileHashes)"        [_thread_blocked, id=36800, stack(0x000000c0e7700000,0x000000c0e7800000) (1024K)]
  0x000001ed7fa87b10 JavaThread "File lock release action executor Thread 2"        [_thread_blocked, id=37776, stack(0x000000c0e4f00000,0x000000c0e5000000) (1024K)]
Total: 25

Other Threads:
  0x000001ed7ae97970 VMThread "VM Thread"                           [id=34328, stack(0x000000c0e5900000,0x000000c0e5a00000) (1024K)]
  0x000001ed7ae86900 WatcherThread "VM Periodic Task Thread"        [id=34212, stack(0x000000c0e5800000,0x000000c0e5900000) (1024K)]
  0x000001ed60ff39c0 WorkerThread "GC Thread#0"                     [id=27864, stack(0x000000c0e5300000,0x000000c0e5400000) (1024K)]
  0x000001ed7f31dc80 WorkerThread "GC Thread#1"                     [id=34240, stack(0x000000c0e6400000,0x000000c0e6500000) (1024K)]
  0x000001ed7f2b6580 WorkerThread "GC Thread#2"                     [id=36008, stack(0x000000c0e6500000,0x000000c0e6600000) (1024K)]
  0x000001ed7f2b0740 WorkerThread "GC Thread#3"                     [id=33608, stack(0x000000c0e6600000,0x000000c0e6700000) (1024K)]
  0x000001ed7f075e10 WorkerThread "GC Thread#4"                     [id=36456, stack(0x000000c0e6700000,0x000000c0e6800000) (1024K)]
  0x000001ed41273000 WorkerThread "GC Thread#5"                     [id=37376, stack(0x000000c0e6a00000,0x000000c0e6b00000) (1024K)]
  0x000001ed4127ebc0 WorkerThread "GC Thread#6"                     [id=36536, stack(0x000000c0e6b00000,0x000000c0e6c00000) (1024K)]
  0x000001ed41184a80 WorkerThread "GC Thread#7"                     [id=37176, stack(0x000000c0e6c00000,0x000000c0e6d00000) (1024K)]
  0x000001ed610057d0 ConcurrentGCThread "G1 Main Marker"            [id=36416, stack(0x000000c0e5400000,0x000000c0e5500000) (1024K)]
  0x000001ed610060f0 WorkerThread "G1 Conc#0"                       [id=33628, stack(0x000000c0e5500000,0x000000c0e5600000) (1024K)]
  0x000001ed7ad57500 ConcurrentGCThread "G1 Refine#0"               [id=37304, stack(0x000000c0e5600000,0x000000c0e5700000) (1024K)]
  0x000001ed6103e110 ConcurrentGCThread "G1 Service"                [id=36076, stack(0x000000c0e5700000,0x000000c0e5800000) (1024K)]
Total: 14

Threads with active compile tasks:
C2 CompilerThread0  189953 3538   !   4       java.net.URLClassLoader::findClass (47 bytes)
Total: 1

VM state: not at safepoint (normal execution)

VM Mutex/Monitor currently owned by a thread: None

Heap address: 0x0000000700000000, size: 4096 MB, Compressed Oops mode: Zero based, Oop shift amount: 3

CDS archive(s) mapped at: [0x000001ed00000000-0x000001ed00ba0000-0x000001ed00ba0000), size 12189696, SharedBaseAddress: 0x000001ed00000000, ArchiveRelocationMode: 1.
Compressed class space mapped at: 0x000001ed01000000-0x000001ed41000000, reserved size: 1073741824
Narrow klass base: 0x000001ed00000000, Narrow klass shift: 0, Narrow klass range: 0x100000000

GC Precious Log:
 CardTable entry size: 512
 Card Set container configuration: InlinePtr #cards 4 size 8 Array Of Cards #cards 16 size 48 Howl #buckets 8 coarsen threshold 3686 Howl Bitmap #cards 512 size 80 coarsen threshold 460 Card regions per heap region 1 cards per card region 4096
 CPUs: 8 total, 8 available
 Memory: 7502M
 Large Page Support: Disabled
 NUMA Support: Disabled
 Compressed Oops: Enabled (Zero based)
 Heap Region Size: 2M
 Heap Min Capacity: 8M
 Heap Initial Capacity: 118M
 Heap Max Capacity: 4G
 Pre-touch: Disabled
 Parallel Workers: 8
 Concurrent Workers: 2
 Concurrent Refinement Workers: 8
 Periodic GC: Disabled

Heap:
 garbage-first heap   total 120832K, used 33111K [0x0000000700000000, 0x0000000800000000)
  region size 2048K, 8 young (16384K), 2 survivors (4096K)
 Metaspace       used 18182K, committed 18752K, reserved 1114112K
  class space    used 2572K, committed 2816K, reserved 1048576K

Heap Regions: E=young(eden), S=young(survivor), O=old, HS=humongous(starts), HC=humongous(continues), CS=collection set, F=free, TAMS=top-at-mark-start, PB=parsable bottom
|   0|0x0000000700000000, 0x0000000700200000, 0x0000000700200000|100%|HS|  |TAMS 0x0000000700000000| PB 0x0000000700000000| Complete 
|   1|0x0000000700200000, 0x0000000700400000, 0x0000000700400000|100%|HC|  |TAMS 0x0000000700200000| PB 0x0000000700200000| Complete 
|   2|0x0000000700400000, 0x0000000700600000, 0x0000000700600000|100%| O|  |TAMS 0x0000000700400000| PB 0x0000000700400000| Untracked 
|   3|0x0000000700600000, 0x0000000700800000, 0x0000000700800000|100%| O|  |TAMS 0x0000000700600000| PB 0x0000000700600000| Untracked 
|   4|0x0000000700800000, 0x0000000700a00000, 0x0000000700a00000|100%| O|  |TAMS 0x0000000700800000| PB 0x0000000700800000| Untracked 
|   5|0x0000000700a00000, 0x0000000700c00000, 0x0000000700c00000|100%| O|  |TAMS 0x0000000700a00000| PB 0x0000000700a00000| Untracked 
|   6|0x0000000700c00000, 0x0000000700e00000, 0x0000000700e00000|100%| O|  |TAMS 0x0000000700c00000| PB 0x0000000700c00000| Untracked 
|   7|0x0000000700e00000, 0x0000000701000000, 0x0000000701000000|100%| O|  |TAMS 0x0000000700e00000| PB 0x0000000700e00000| Untracked 
|   8|0x0000000701000000, 0x0000000701200000, 0x0000000701200000|100%| O|  |TAMS 0x0000000701000000| PB 0x0000000701000000| Untracked 
|   9|0x0000000701200000, 0x000000070134beb0, 0x0000000701400000| 64%| O|  |TAMS 0x0000000701200000| PB 0x0000000701200000| Untracked 
|  10|0x0000000701400000, 0x0000000701400000, 0x0000000701600000|  0%| F|  |TAMS 0x0000000701400000| PB 0x0000000701400000| Untracked 
|  11|0x0000000701600000, 0x0000000701600000, 0x0000000701800000|  0%| F|  |TAMS 0x0000000701600000| PB 0x0000000701600000| Untracked 
|  12|0x0000000701800000, 0x0000000701800000, 0x0000000701a00000|  0%| F|  |TAMS 0x0000000701800000| PB 0x0000000701800000| Untracked 
|  13|0x0000000701a00000, 0x0000000701a00000, 0x0000000701c00000|  0%| F|  |TAMS 0x0000000701a00000| PB 0x0000000701a00000| Untracked 
|  14|0x0000000701c00000, 0x0000000701c00000, 0x0000000701e00000|  0%| F|  |TAMS 0x0000000701c00000| PB 0x0000000701c00000| Untracked 
|  15|0x0000000701e00000, 0x0000000701e00000, 0x0000000702000000|  0%| F|  |TAMS 0x0000000701e00000| PB 0x0000000701e00000| Untracked 
|  16|0x0000000702000000, 0x0000000702000000, 0x0000000702200000|  0%| F|  |TAMS 0x0000000702000000| PB 0x0000000702000000| Untracked 
|  17|0x0000000702200000, 0x0000000702200000, 0x0000000702400000|  0%| F|  |TAMS 0x0000000702200000| PB 0x0000000702200000| Untracked 
|  18|0x0000000702400000, 0x0000000702400000, 0x0000000702600000|  0%| F|  |TAMS 0x0000000702400000| PB 0x0000000702400000| Untracked 
|  19|0x0000000702600000, 0x0000000702600000, 0x0000000702800000|  0%| F|  |TAMS 0x0000000702600000| PB 0x0000000702600000| Untracked 
|  20|0x0000000702800000, 0x0000000702800000, 0x0000000702a00000|  0%| F|  |TAMS 0x0000000702800000| PB 0x0000000702800000| Untracked 
|  21|0x0000000702a00000, 0x0000000702a00000, 0x0000000702c00000|  0%| F|  |TAMS 0x0000000702a00000| PB 0x0000000702a00000| Untracked 
|  22|0x0000000702c00000, 0x0000000702c00000, 0x0000000702e00000|  0%| F|  |TAMS 0x0000000702c00000| PB 0x0000000702c00000| Untracked 
|  23|0x0000000702e00000, 0x0000000702e00000, 0x0000000703000000|  0%| F|  |TAMS 0x0000000702e00000| PB 0x0000000702e00000| Untracked 
|  24|0x0000000703000000, 0x0000000703000000, 0x0000000703200000|  0%| F|  |TAMS 0x0000000703000000| PB 0x0000000703000000| Untracked 
|  25|0x0000000703200000, 0x0000000703200000, 0x0000000703400000|  0%| F|  |TAMS 0x0000000703200000| PB 0x0000000703200000| Untracked 
|  26|0x0000000703400000, 0x0000000703509f98, 0x0000000703600000| 51%| S|CS|TAMS 0x0000000703400000| PB 0x0000000703400000| Complete 
|  27|0x0000000703600000, 0x0000000703800000, 0x0000000703800000|100%| S|CS|TAMS 0x0000000703600000| PB 0x0000000703600000| Complete 
|  28|0x0000000703800000, 0x0000000703800000, 0x0000000703a00000|  0%| F|  |TAMS 0x0000000703800000| PB 0x0000000703800000| Untracked 
|  29|0x0000000703a00000, 0x0000000703a00000, 0x0000000703c00000|  0%| F|  |TAMS 0x0000000703a00000| PB 0x0000000703a00000| Untracked 
|  30|0x0000000703c00000, 0x0000000703c00000, 0x0000000703e00000|  0%| F|  |TAMS 0x0000000703c00000| PB 0x0000000703c00000| Untracked 
|  31|0x0000000703e00000, 0x0000000703e00000, 0x0000000704000000|  0%| F|  |TAMS 0x0000000703e00000| PB 0x0000000703e00000| Untracked 
|  32|0x0000000704000000, 0x0000000704000000, 0x0000000704200000|  0%| F|  |TAMS 0x0000000704000000| PB 0x0000000704000000| Untracked 
|  33|0x0000000704200000, 0x0000000704200000, 0x0000000704400000|  0%| F|  |TAMS 0x0000000704200000| PB 0x0000000704200000| Untracked 
|  34|0x0000000704400000, 0x0000000704400000, 0x0000000704600000|  0%| F|  |TAMS 0x0000000704400000| PB 0x0000000704400000| Untracked 
|  35|0x0000000704600000, 0x0000000704600000, 0x0000000704800000|  0%| F|  |TAMS 0x0000000704600000| PB 0x0000000704600000| Untracked 
|  36|0x0000000704800000, 0x0000000704800000, 0x0000000704a00000|  0%| F|  |TAMS 0x0000000704800000| PB 0x0000000704800000| Untracked 
|  37|0x0000000704a00000, 0x0000000704a00000, 0x0000000704c00000|  0%| F|  |TAMS 0x0000000704a00000| PB 0x0000000704a00000| Untracked 
|  38|0x0000000704c00000, 0x0000000704c00000, 0x0000000704e00000|  0%| F|  |TAMS 0x0000000704c00000| PB 0x0000000704c00000| Untracked 
|  39|0x0000000704e00000, 0x0000000704e00000, 0x0000000705000000|  0%| F|  |TAMS 0x0000000704e00000| PB 0x0000000704e00000| Untracked 
|  40|0x0000000705000000, 0x0000000705000000, 0x0000000705200000|  0%| F|  |TAMS 0x0000000705000000| PB 0x0000000705000000| Untracked 
|  41|0x0000000705200000, 0x0000000705200000, 0x0000000705400000|  0%| F|  |TAMS 0x0000000705200000| PB 0x0000000705200000| Untracked 
|  42|0x0000000705400000, 0x0000000705400000, 0x0000000705600000|  0%| F|  |TAMS 0x0000000705400000| PB 0x0000000705400000| Untracked 
|  43|0x0000000705600000, 0x0000000705600000, 0x0000000705800000|  0%| F|  |TAMS 0x0000000705600000| PB 0x0000000705600000| Untracked 
|  44|0x0000000705800000, 0x0000000705800000, 0x0000000705a00000|  0%| F|  |TAMS 0x0000000705800000| PB 0x0000000705800000| Untracked 
|  45|0x0000000705a00000, 0x0000000705a00000, 0x0000000705c00000|  0%| F|  |TAMS 0x0000000705a00000| PB 0x0000000705a00000| Untracked 
|  46|0x0000000705c00000, 0x0000000705c00000, 0x0000000705e00000|  0%| F|  |TAMS 0x0000000705c00000| PB 0x0000000705c00000| Untracked 
|  47|0x0000000705e00000, 0x0000000705e00000, 0x0000000706000000|  0%| F|  |TAMS 0x0000000705e00000| PB 0x0000000705e00000| Untracked 
|  48|0x0000000706000000, 0x0000000706000000, 0x0000000706200000|  0%| F|  |TAMS 0x0000000706000000| PB 0x0000000706000000| Untracked 
|  49|0x0000000706200000, 0x0000000706200000, 0x0000000706400000|  0%| F|  |TAMS 0x0000000706200000| PB 0x0000000706200000| Untracked 
|  50|0x0000000706400000, 0x0000000706400000, 0x0000000706600000|  0%| F|  |TAMS 0x0000000706400000| PB 0x0000000706400000| Untracked 
|  51|0x0000000706600000, 0x0000000706600000, 0x0000000706800000|  0%| F|  |TAMS 0x0000000706600000| PB 0x0000000706600000| Untracked 
|  52|0x0000000706800000, 0x0000000706800000, 0x0000000706a00000|  0%| F|  |TAMS 0x0000000706800000| PB 0x0000000706800000| Untracked 
|  53|0x0000000706a00000, 0x0000000706b423c0, 0x0000000706c00000| 62%| E|  |TAMS 0x0000000706a00000| PB 0x0000000706a00000| Complete 
|  54|0x0000000706c00000, 0x0000000706e00000, 0x0000000706e00000|100%| E|CS|TAMS 0x0000000706c00000| PB 0x0000000706c00000| Complete 
|  55|0x0000000706e00000, 0x0000000707000000, 0x0000000707000000|100%| E|CS|TAMS 0x0000000706e00000| PB 0x0000000706e00000| Complete 
|  56|0x0000000707000000, 0x0000000707200000, 0x0000000707200000|100%| E|CS|TAMS 0x0000000707000000| PB 0x0000000707000000| Complete 
|  57|0x0000000707200000, 0x0000000707400000, 0x0000000707400000|100%| E|CS|TAMS 0x0000000707200000| PB 0x0000000707200000| Complete 
|  58|0x0000000707400000, 0x0000000707600000, 0x0000000707600000|100%| E|CS|TAMS 0x0000000707400000| PB 0x0000000707400000| Complete 

Card table byte_map: [0x000001ed73cb0000,0x000001ed744b0000] _byte_map_base: 0x000001ed704b0000

Marking Bits: (CMBitMap*) 0x000001ed60ff4ef0
 Bits: [0x000001ed744b0000, 0x000001ed784b0000)

Polling page: 0x000001ed5ed40000

Metaspace:

Usage:
  Non-class:     15.24 MB used.
      Class:      2.51 MB used.
       Both:     17.76 MB used.

Virtual space:
  Non-class space:       64.00 MB reserved,      15.56 MB ( 24%) committed,  1 nodes.
      Class space:        1.00 GB reserved,       2.75 MB ( <1%) committed,  1 nodes.
             Both:        1.06 GB reserved,      18.31 MB (  2%) committed. 

Chunk freelists:
   Non-Class:  15.59 MB
       Class:  13.29 MB
        Both:  28.88 MB

MaxMetaspaceSize: unlimited
CompressedClassSpaceSize: 1.00 GB
Initial GC threshold: 21.00 MB
Current GC threshold: 21.00 MB
CDS: on
 - commit_granule_bytes: 65536.
 - commit_granule_words: 8192.
 - virtual_space_node_default_size: 8388608.
 - enlarge_chunks_in_place: 1.
 - use_allocation_guard: 0.


Internal statistics:

num_allocs_failed_limit: 0.
num_arena_births: 688.
num_arena_deaths: 0.
num_vsnodes_births: 2.
num_vsnodes_deaths: 0.
num_space_committed: 293.
num_space_uncommitted: 0.
num_chunks_returned_to_freelist: 0.
num_chunks_taken_from_freelist: 1365.
num_chunk_merges: 0.
num_chunk_splits: 882.
num_chunks_enlarged: 589.
num_inconsistent_stats: 0.

CodeHeap 'non-profiled nmethods': size=120000Kb used=1864Kb max_used=1864Kb free=118136Kb
 bounds [0x000001ed6bc50000, 0x000001ed6bec0000, 0x000001ed73180000]
CodeHeap 'profiled nmethods': size=120000Kb used=6816Kb max_used=6816Kb free=113183Kb
 bounds [0x000001ed64180000, 0x000001ed64830000, 0x000001ed6b6b0000]
CodeHeap 'non-nmethods': size=5760Kb used=1421Kb max_used=1448Kb free=4338Kb
 bounds [0x000001ed6b6b0000, 0x000001ed6b920000, 0x000001ed6bc50000]
CodeCache: size=245760Kb, used=10101Kb, max_used=10128Kb, free=235657Kb
 total_blobs=4116, nmethods=3540, adapters=480, full_count=0
Compilation: enabled, stopped_count=0, restarted_count=0

Compilation events (20 events):
Event: 185.304 Thread 0x000001ed7af00bf0 3532       3       org.gradle.initialization.MixInLegacyTypesClassLoader::shouldTransform (42 bytes)
Event: 185.305 Thread 0x000001ed7af00bf0 nmethod 3532 0x000001ed6481e890 code [0x000001ed6481ea60, 0x000001ed6481ee60]
Event: 185.439 Thread 0x000001ed7af00bf0 3533       3       org.gradle.internal.service.DefaultServiceRegistry$SingletonService::<init> (58 bytes)
Event: 185.474 Thread 0x000001ed7af00bf0 nmethod 3533 0x000001ed6481f010 code [0x000001ed6481f280, 0x000001ed6481fe30]
Event: 186.170 Thread 0x000001ed7af00bf0 3534       3       java.util.concurrent.ConcurrentLinkedQueue::poll (84 bytes)
Event: 186.216 Thread 0x000001ed7af00bf0 nmethod 3534 0x000001ed64820190 code [0x000001ed648207c0, 0x000001ed648240a8]
Event: 187.294 Thread 0x000001ed7af00bf0 3536       3       jdk.internal.reflect.ReflectionFactory::copyConstructor (11 bytes)
Event: 187.295 Thread 0x000001ed7af00bf0 nmethod 3536 0x000001ed64825010 code [0x000001ed648251c0, 0x000001ed648253b8]
Event: 187.295 Thread 0x000001ed7af00bf0 3537       3       java.lang.reflect.ReflectAccess::copyConstructor (5 bytes)
Event: 187.295 Thread 0x000001ed7af00bf0 nmethod 3537 0x000001ed64825510 code [0x000001ed648256c0, 0x000001ed64825800]
Event: 187.344 Thread 0x000001ed7aebf9c0 3538   !   4       java.net.URLClassLoader::findClass (47 bytes)
Event: 187.362 Thread 0x000001ed7af00bf0 3539       1       sun.reflect.generics.repository.AbstractRepository::getFactory (5 bytes)
Event: 187.363 Thread 0x000001ed7af00bf0 nmethod 3539 0x000001ed6be21d10 code [0x000001ed6be21ea0, 0x000001ed6be21f70]
Event: 187.367 Thread 0x000001ed7af00bf0 3540       3       java.lang.invoke.LambdaForm$MH/0x000001ed010d0400::invoke (42 bytes)
Event: 187.368 Thread 0x000001ed7af00bf0 nmethod 3540 0x000001ed64825910 code [0x000001ed64825ba0, 0x000001ed64826860]
Event: 187.382 Thread 0x000001ed7af00bf0 3541       3       java.lang.Class::privateGetDeclaredConstructors (79 bytes)
Event: 187.383 Thread 0x000001ed7af00bf0 nmethod 3541 0x000001ed64826c90 code [0x000001ed64826ea0, 0x000001ed648273b8]
Event: 187.393 Thread 0x000001ed7af00bf0 3542   !   3       jdk.proxy1.$Proxy4::annotationType (29 bytes)
Event: 187.394 Thread 0x000001ed7af00bf0 nmethod 3542 0x000001ed64827590 code [0x000001ed64827760, 0x000001ed64827b68]
Event: 188.591 Thread 0x000001ed7af00bf0 3544   !   3       java.io.FileInputStream::read (32 bytes)

GC Heap History (8 events):
Event: 4.420 GC heap before
{Heap before GC invocations=0 (full 0):
 garbage-first heap   total 120832K, used 22528K [0x0000000700000000, 0x0000000800000000)
  region size 2048K, 11 young (22528K), 0 survivors (0K)
 Metaspace       used 892K, committed 1024K, reserved 1114112K
  class space    used 71K, committed 128K, reserved 1048576K
}
Event: 5.148 GC heap after
{Heap after GC invocations=1 (full 0):
 garbage-first heap   total 120832K, used 1536K [0x0000000700000000, 0x0000000800000000)
  region size 2048K, 1 young (2048K), 1 survivors (2048K)
 Metaspace       used 892K, committed 1024K, reserved 1114112K
  class space    used 71K, committed 128K, reserved 1048576K
}
Event: 14.087 GC heap before
{Heap before GC invocations=1 (full 0):
 garbage-first heap   total 120832K, used 44544K [0x0000000700000000, 0x0000000800000000)
  region size 2048K, 21 young (43008K), 1 survivors (2048K)
 Metaspace       used 4396K, committed 4544K, reserved 1114112K
  class space    used 560K, committed 640K, reserved 1048576K
}
Event: 14.100 GC heap after
{Heap after GC invocations=2 (full 0):
 garbage-first heap   total 120832K, used 11929K [0x0000000700000000, 0x0000000800000000)
  region size 2048K, 3 young (6144K), 3 survivors (6144K)
 Metaspace       used 4396K, committed 4544K, reserved 1114112K
  class space    used 560K, committed 640K, reserved 1048576K
}
Event: 28.484 GC heap before
{Heap before GC invocations=2 (full 0):
 garbage-first heap   total 120832K, used 77465K [0x0000000700000000, 0x0000000800000000)
  region size 2048K, 35 young (71680K), 3 survivors (6144K)
 Metaspace       used 9353K, committed 9728K, reserved 1114112K
  class space    used 1267K, committed 1472K, reserved 1048576K
}
Event: 28.505 GC heap after
{Heap after GC invocations=3 (full 0):
 garbage-first heap   total 120832K, used 19682K [0x0000000700000000, 0x0000000800000000)
  region size 2048K, 4 young (8192K), 4 survivors (8192K)
 Metaspace       used 9353K, committed 9728K, reserved 1114112K
  class space    used 1267K, committed 1472K, reserved 1048576K
}
Event: 181.249 GC heap before
{Heap before GC invocations=3 (full 0):
 garbage-first heap   total 120832K, used 83170K [0x0000000700000000, 0x0000000800000000)
  region size 2048K, 35 young (71680K), 4 survivors (8192K)
 Metaspace       used 16979K, committed 17536K, reserved 1114112K
  class space    used 2368K, committed 2624K, reserved 1048576K
}
Event: 181.409 GC heap after
{Heap after GC invocations=4 (full 0):
 garbage-first heap   total 120832K, used 22871K [0x0000000700000000, 0x0000000800000000)
  region size 2048K, 2 young (4096K), 2 survivors (4096K)
 Metaspace       used 16979K, committed 17536K, reserved 1114112K
  class space    used 2368K, committed 2624K, reserved 1048576K
}

Dll operation events (20 events):
Event: 1.270 Attempting to load shared library C:\Users\NAGARAJU\.antigravity-ide\extensions\redhat.java-1.56.0-win32-x64\jre\21.0.12.1-win32-x86_64\bin\nio.dll
Event: 1.283 Loaded shared library C:\Users\NAGARAJU\.antigravity-ide\extensions\redhat.java-1.56.0-win32-x64\jre\21.0.12.1-win32-x86_64\bin\nio.dll
Event: 1.303 Attempting to load shared library C:\Users\NAGARAJU\.antigravity-ide\extensions\redhat.java-1.56.0-win32-x64\jre\21.0.12.1-win32-x86_64\bin\zip.dll
Event: 1.303 Loaded shared library C:\Users\NAGARAJU\.antigravity-ide\extensions\redhat.java-1.56.0-win32-x64\jre\21.0.12.1-win32-x86_64\bin\zip.dll
Event: 5.169 Attempting to load shared library C:\Users\NAGARAJU\.antigravity-ide\extensions\redhat.java-1.56.0-win32-x64\jre\21.0.12.1-win32-x86_64\bin\jimage.dll
Event: 5.169 Loaded shared library C:\Users\NAGARAJU\.antigravity-ide\extensions\redhat.java-1.56.0-win32-x64\jre\21.0.12.1-win32-x86_64\bin\jimage.dll
Event: 6.458 Attempting to load shared library C:\Users\NAGARAJU\.antigravity-ide\extensions\redhat.java-1.56.0-win32-x64\jre\21.0.12.1-win32-x86_64\bin\verify.dll
Event: 6.463 Loaded shared library C:\Users\NAGARAJU\.antigravity-ide\extensions\redhat.java-1.56.0-win32-x64\jre\21.0.12.1-win32-x86_64\bin\verify.dll
Event: 7.632 Attempting to load shared library C:\Users\NAGARAJU\.gradle\native\1def1411415f61bf3af743bc5b6707747c0891f09f0c88961ee8f79bc544acac\windows-amd64\native-platform.dll
Event: 7.687 Loaded shared library C:\Users\NAGARAJU\.gradle\native\1def1411415f61bf3af743bc5b6707747c0891f09f0c88961ee8f79bc544acac\windows-amd64\native-platform.dll
Event: 7.710 Attempting to load shared library C:\Users\NAGARAJU\.gradle\native\0.2.7\x86_64-windows-gnu\gradle-fileevents.dll
Event: 7.724 Loaded shared library C:\Users\NAGARAJU\.gradle\native\0.2.7\x86_64-windows-gnu\gradle-fileevents.dll
Event: 20.341 Attempting to load shared library C:\Users\NAGARAJU\.antigravity-ide\extensions\redhat.java-1.56.0-win32-x64\jre\21.0.12.1-win32-x86_64\bin\management.dll
Event: 20.441 Loaded shared library C:\Users\NAGARAJU\.antigravity-ide\extensions\redhat.java-1.56.0-win32-x64\jre\21.0.12.1-win32-x86_64\bin\management.dll
Event: 20.596 Attempting to load shared library C:\Users\NAGARAJU\.antigravity-ide\extensions\redhat.java-1.56.0-win32-x64\jre\21.0.12.1-win32-x86_64\bin\management_ext.dll
Event: 20.718 Loaded shared library C:\Users\NAGARAJU\.antigravity-ide\extensions\redhat.java-1.56.0-win32-x64\jre\21.0.12.1-win32-x86_64\bin\management_ext.dll
Event: 22.681 Attempting to load shared library C:\Users\NAGARAJU\.antigravity-ide\extensions\redhat.java-1.56.0-win32-x64\jre\21.0.12.1-win32-x86_64\bin\extnet.dll
Event: 22.763 Loaded shared library C:\Users\NAGARAJU\.antigravity-ide\extensions\redhat.java-1.56.0-win32-x64\jre\21.0.12.1-win32-x86_64\bin\extnet.dll
Event: 28.707 Attempting to load shared library C:\Users\NAGARAJU\.antigravity-ide\extensions\redhat.java-1.56.0-win32-x64\jre\21.0.12.1-win32-x86_64\bin\sunmscapi.dll
Event: 28.713 Loaded shared library C:\Users\NAGARAJU\.antigravity-ide\extensions\redhat.java-1.56.0-win32-x64\jre\21.0.12.1-win32-x86_64\bin\sunmscapi.dll

Deoptimization events (20 events):
Event: 177.682 Thread 0x000001ed7fa89550 Uncommon trap: trap_request=0xffffff45 fr.pc=0x000001ed6bc7c394 relative=0x00000000000000f4
Event: 177.682 Thread 0x000001ed7fa89550 Uncommon trap: reason=unstable_if action=reinterpret pc=0x000001ed6bc7c394 method=java.util.HashMap.hash(Ljava/lang/Object;)I @ 1 c2
Event: 177.682 Thread 0x000001ed7fa89550 DEOPT PACKING pc=0x000001ed6bc7c394 sp=0x000000c0e50fc3e0
Event: 177.682 Thread 0x000001ed7fa89550 DEOPT UNPACKING pc=0x000001ed6b704422 sp=0x000000c0e50fc320 mode 2
Event: 178.464 Thread 0x000001ed7fa89550 Uncommon trap: trap_request=0xffffff45 fr.pc=0x000001ed6bde5620 relative=0x0000000000000080
Event: 178.464 Thread 0x000001ed7fa89550 Uncommon trap: reason=unstable_if action=reinterpret pc=0x000001ed6bde5620 method=java.util.concurrent.locks.ReentrantLock$Sync.isHeldExclusively()Z @ 7 c2
Event: 178.464 Thread 0x000001ed7fa89550 DEOPT PACKING pc=0x000001ed6bde5620 sp=0x000000c0e50fc0d0
Event: 178.464 Thread 0x000001ed7fa89550 DEOPT UNPACKING pc=0x000001ed6b704422 sp=0x000000c0e50fc068 mode 2
Event: 182.385 Thread 0x000001ed7fa89550 Uncommon trap: trap_request=0xffffff45 fr.pc=0x000001ed6bdfa55c relative=0x00000000000000bc
Event: 182.385 Thread 0x000001ed7fa89550 Uncommon trap: reason=unstable_if action=reinterpret pc=0x000001ed6bdfa55c method=java.lang.Long.valueOf(J)Ljava/lang/Long; @ 17 c2
Event: 182.385 Thread 0x000001ed7fa89550 DEOPT PACKING pc=0x000001ed6bdfa55c sp=0x000000c0e50fdd70
Event: 182.385 Thread 0x000001ed7fa89550 DEOPT UNPACKING pc=0x000001ed6b704422 sp=0x000000c0e50fdd08 mode 2
Event: 183.813 Thread 0x000001ed7fa89be0 Uncommon trap: trap_request=0xffffff45 fr.pc=0x000001ed6bdf329c relative=0x000000000000007c
Event: 183.814 Thread 0x000001ed7fa89be0 Uncommon trap: reason=unstable_if action=reinterpret pc=0x000001ed6bdf329c method=java.util.concurrent.ConcurrentLinkedQueue.poll()Ljava/lang/Object; @ 60 c2
Event: 183.814 Thread 0x000001ed7fa89be0 DEOPT PACKING pc=0x000001ed6bdf329c sp=0x000000c0e71ff680
Event: 183.814 Thread 0x000001ed7fa89be0 DEOPT UNPACKING pc=0x000001ed6b704422 sp=0x000000c0e71ff600 mode 2
Event: 183.851 Thread 0x000001ed7fa89550 Uncommon trap: trap_request=0xfffffff4 fr.pc=0x000001ed6be09cb0 relative=0x00000000000004d0
Event: 183.851 Thread 0x000001ed7fa89550 Uncommon trap: reason=null_check action=make_not_entrant pc=0x000001ed6be09cb0 method=java.io.File.equals(Ljava/lang/Object;)Z @ 1 c2
Event: 183.851 Thread 0x000001ed7fa89550 DEOPT PACKING pc=0x000001ed6be09cb0 sp=0x000000c0e50fd550
Event: 183.852 Thread 0x000001ed7fa89550 DEOPT UNPACKING pc=0x000001ed6b704422 sp=0x000000c0e50fd508 mode 2

Classes loaded (20 events):
Event: 181.418 Loading class java/lang/invoke/BoundMethodHandle$Species_LLLLLLLLLLLLLLLLLL
Event: 181.418 Loading class java/lang/invoke/BoundMethodHandle$Species_LLLLLLLLLLLLLLLLLL done
Event: 181.428 Loading class java/lang/invoke/BoundMethodHandle$Species_LLLLLLLLLLLLLLLLLLL
Event: 181.428 Loading class java/lang/invoke/BoundMethodHandle$Species_LLLLLLLLLLLLLLLLLLL done
Event: 181.437 Loading class java/lang/invoke/BoundMethodHandle$Species_LLLLLLLLLLLLLLLLLLLL
Event: 181.437 Loading class java/lang/invoke/BoundMethodHandle$Species_LLLLLLLLLLLLLLLLLLLL done
Event: 181.619 Loading class java/lang/invoke/BoundMethodHandle$Species_LLLLLLLLLLLLLLLLLLLLL
Event: 181.619 Loading class java/lang/invoke/BoundMethodHandle$Species_LLLLLLLLLLLLLLLLLLLLL done
Event: 181.631 Loading class java/lang/invoke/BoundMethodHandle$Species_LLLLLLLLLLLLLLLLLLLLLL
Event: 181.631 Loading class java/lang/invoke/BoundMethodHandle$Species_LLLLLLLLLLLLLLLLLLLLLL done
Event: 181.646 Loading class java/lang/invoke/BoundMethodHandle$Species_LLLLLLLLLLLLLLLLLLLLLLL
Event: 181.646 Loading class java/lang/invoke/BoundMethodHandle$Species_LLLLLLLLLLLLLLLLLLLLLLL done
Event: 181.745 Loading class java/lang/invoke/BoundMethodHandle$Species_LLLLLLLLLLLLLLLLLLLLLLLL
Event: 181.745 Loading class java/lang/invoke/BoundMethodHandle$Species_LLLLLLLLLLLLLLLLLLLLLLLL done
Event: 185.981 Loading class java/util/function/LongFunction
Event: 185.981 Loading class java/util/function/LongFunction done
Event: 187.198 Loading class java/security/InvalidKeyException
Event: 187.199 Loading class java/security/KeyException
Event: 187.200 Loading class java/security/KeyException done
Event: 187.201 Loading class java/security/InvalidKeyException done

Classes unloaded (0 events):
No events

Classes redefined (0 events):
No events

Internal exceptions (20 events):
Event: 175.978 Thread 0x000001ed7fa89550 Exception <a 'java/lang/NoSuchMethodError'{0x0000000703ea6f10}: 'void java.lang.invoke.DirectMethodHandle$Holder.invokeStatic(java.lang.Object, java.lang.Object, java.lang.Object, java.lang.Object)'> (0x0000000703ea6f10) 
thrown [s\src\hotspot\share\interpreter\linkResolver.cpp, line 773]
Event: 175.981 Thread 0x000001ed7fa89550 Exception <a 'java/lang/NoSuchMethodError'{0x0000000703eaac98}: 'void java.lang.invoke.DirectMethodHandle$Holder.invokeStaticInit(java.lang.Object, java.lang.Object, java.lang.Object, java.lang.Object)'> (0x0000000703eaac98) 
thrown [s\src\hotspot\share\interpreter\linkResolver.cpp, line 773]
Event: 176.142 Thread 0x000001ed7fa89550 Exception <a 'java/lang/NoSuchMethodError'{0x0000000703f00a60}: 'java.lang.Object java.lang.invoke.DirectMethodHandle$Holder.invokeInterface(java.lang.Object, java.lang.Object, java.lang.Object)'> (0x0000000703f00a60) 
thrown [s\src\hotspot\share\interpreter\linkResolver.cpp, line 773]
Event: 176.833 Thread 0x000001ed7fa89550 Exception <a 'java/lang/NoSuchMethodError'{0x0000000703c02a20}: 'int java.lang.invoke.DirectMethodHandle$Holder.invokeSpecialIFC(java.lang.Object, java.lang.Object, java.lang.Object, java.lang.Object)'> (0x0000000703c02a20) 
thrown [s\src\hotspot\share\interpreter\linkResolver.cpp, line 773]
Event: 176.876 Thread 0x000001ed7fa89550 Exception <a 'java/lang/IncompatibleClassChangeError'{0x0000000703c0fcc8}: Found class java.lang.Object, but interface was expected> (0x0000000703c0fcc8) 
thrown [s\src\hotspot\share\interpreter\linkResolver.cpp, line 840]
Event: 177.682 Thread 0x000001ed7fa89550 Implicit null exception at 0x000001ed6bc7c2e6 to 0x000001ed6bc7c38a
Event: 179.682 Thread 0x000001ed7fa89550 Exception <a 'java/lang/NoSuchMethodError'{0x0000000703a73488}: 'int java.lang.invoke.DirectMethodHandle$Holder.invokeStatic(java.lang.Object, java.lang.Object, java.lang.Object, java.lang.Object)'> (0x0000000703a73488) 
thrown [s\src\hotspot\share\interpreter\linkResolver.cpp, line 773]
Event: 180.972 Thread 0x000001ed7fa89550 Exception <a 'java/lang/NoSuchMethodError'{0x000000070390c030}: 'java.lang.Object java.lang.invoke.DelegatingMethodHandle$Holder.reinvoke_L(java.lang.Object, java.lang.Object, java.lang.Object, java.lang.Object, java.lang.Object, java.lang.Object, java.lang.Object, java.lang.Object, java.lang.Object, java.lang.Object, java.lang.Object, java.lang.Object, java.lang.Object, java.lang.Object, java.lang.Object, java.lang.Object, java.lang.Object, java.lang.Object, java.lang.Object, java.lang.Object, java.lang.O
Event: 181.061 Thread 0x000001ed7fa89550 Exception <a 'java/lang/NoSuchMethodError'{0x000000070397a4b0}: 'java.lang.Object java.lang.invoke.DirectMethodHandle$Holder.invokeStatic(java.lang.Object, java.lang.Object, java.lang.Object, java.lang.Object, java.lang.Object, java.lang.Object, java.lang.Object, java.lang.Object, java.lang.Object, java.lang.Object, java.lang.Object, java.lang.Object, java.lang.Object, java.lang.Object, java.lang.Object, java.lang.Object, java.lang.Object)'> (0x000000070397a4b0) 
thrown [s\src\hotspot\share\interpreter\lin
Event: 181.115 Thread 0x000001ed7fa89550 Exception <a 'java/lang/NoSuchMethodError'{0x00000007039a2e10}: 'java.lang.Object java.lang.invoke.DirectMethodHandle$Holder.invokeStatic(java.lang.Object, java.lang.Object, java.lang.Object, java.lang.Object, java.lang.Object, java.lang.Object, java.lang.Object, java.lang.Object, java.lang.Object, java.lang.Object, java.lang.Object, java.lang.Object, java.lang.Object, java.lang.Object, java.lang.Object, java.lang.Object, java.lang.Object, java.lang.Object)'> (0x00000007039a2e10) 
thrown [s\src\hotspot\sha
Event: 181.147 Thread 0x000001ed7fa89550 Exception <a 'java/lang/NoSuchMethodError'{0x00000007039ccea0}: 'java.lang.Object java.lang.invoke.DirectMethodHandle$Holder.invokeStatic(java.lang.Object, java.lang.Object, java.lang.Object, java.lang.Object, java.lang.Object, java.lang.Object, java.lang.Object, java.lang.Object, java.lang.Object, java.lang.Object, java.lang.Object, java.lang.Object, java.lang.Object, java.lang.Object, java.lang.Object, java.lang.Object, java.lang.Object, java.lang.Object, java.lang.Object)'> (0x00000007039ccea0) 
thrown 
Event: 181.242 Thread 0x000001ed7fa89550 Exception <a 'java/lang/NoSuchMethodError'{0x00000007039f82f8}: 'java.lang.Object java.lang.invoke.DirectMethodHandle$Holder.invokeStatic(java.lang.Object, java.lang.Object, java.lang.Object, java.lang.Object, java.lang.Object, java.lang.Object, java.lang.Object, java.lang.Object, java.lang.Object, java.lang.Object, java.lang.Object, java.lang.Object, java.lang.Object, java.lang.Object, java.lang.Object, java.lang.Object, java.lang.Object, java.lang.Object, java.lang.Object, java.lang.Object)'> (0x00000007
Event: 181.423 Thread 0x000001ed7fa89550 Exception <a 'java/lang/NoSuchMethodError'{0x0000000707484a30}: 'java.lang.Object java.lang.invoke.DirectMethodHandle$Holder.invokeStatic(java.lang.Object, java.lang.Object, java.lang.Object, java.lang.Object, java.lang.Object, java.lang.Object, java.lang.Object, java.lang.Object, java.lang.Object, java.lang.Object, java.lang.Object, java.lang.Object, java.lang.Object, java.lang.Object, java.lang.Object, java.lang.Object, java.lang.Object, java.lang.Object, java.lang.Object, java.lang.Object, java.lang.Obj
Event: 181.433 Thread 0x000001ed7fa89550 Exception <a 'java/lang/NoSuchMethodError'{0x00000007074b1fe8}: 'java.lang.Object java.lang.invoke.DirectMethodHandle$Holder.invokeStatic(java.lang.Object, java.lang.Object, java.lang.Object, java.lang.Object, java.lang.Object, java.lang.Object, java.lang.Object, java.lang.Object, java.lang.Object, java.lang.Object, java.lang.Object, java.lang.Object, java.lang.Object, java.lang.Object, java.lang.Object, java.lang.Object, java.lang.Object, java.lang.Object, java.lang.Object, java.lang.Object, java.lang.Obj
Event: 181.441 Thread 0x000001ed7fa89550 Exception <a 'java/lang/NoSuchMethodError'{0x00000007074e0600}: 'java.lang.Object java.lang.invoke.DirectMethodHandle$Holder.invokeStatic(java.lang.Object, java.lang.Object, java.lang.Object, java.lang.Object, java.lang.Object, java.lang.Object, java.lang.Object, java.lang.Object, java.lang.Object, java.lang.Object, java.lang.Object, java.lang.Object, java.lang.Object, java.lang.Object, java.lang.Object, java.lang.Object, java.lang.Object, java.lang.Object, java.lang.Object, java.lang.Object, java.lang.Obj
Event: 181.624 Thread 0x000001ed7fa89550 Exception <a 'java/lang/NoSuchMethodError'{0x000000070750f768}: 'java.lang.Object java.lang.invoke.DirectMethodHandle$Holder.invokeStatic(java.lang.Object, java.lang.Object, java.lang.Object, java.lang.Object, java.lang.Object, java.lang.Object, java.lang.Object, java.lang.Object, java.lang.Object, java.lang.Object, java.lang.Object, java.lang.Object, java.lang.Object, java.lang.Object, java.lang.Object, java.lang.Object, java.lang.Object, java.lang.Object, java.lang.Object, java.lang.Object, java.lang.Obj
Event: 181.635 Thread 0x000001ed7fa89550 Exception <a 'java/lang/NoSuchMethodError'{0x000000070756e318}: 'java.lang.Object java.lang.invoke.DirectMethodHandle$Holder.invokeStatic(java.lang.Object, java.lang.Object, java.lang.Object, java.lang.Object, java.lang.Object, java.lang.Object, java.lang.Object, java.lang.Object, java.lang.Object, java.lang.Object, java.lang.Object, java.lang.Object, java.lang.Object, java.lang.Object, java.lang.Object, java.lang.Object, java.lang.Object, java.lang.Object, java.lang.Object, java.lang.Object, java.lang.Obj
Event: 181.653 Thread 0x000001ed7fa89550 Exception <a 'java/lang/NoSuchMethodError'{0x000000070759ede8}: 'java.lang.Object java.lang.invoke.DirectMethodHandle$Holder.invokeStatic(java.lang.Object, java.lang.Object, java.lang.Object, java.lang.Object, java.lang.Object, java.lang.Object, java.lang.Object, java.lang.Object, java.lang.Object, java.lang.Object, java.lang.Object, java.lang.Object, java.lang.Object, java.lang.Object, java.lang.Object, java.lang.Object, java.lang.Object, java.lang.Object, java.lang.Object, java.lang.Object, java.lang.Obj
Event: 181.748 Thread 0x000001ed7fa89550 Exception <a 'java/lang/NoSuchMethodError'{0x00000007075d12a0}: 'java.lang.Object java.lang.invoke.DirectMethodHandle$Holder.invokeStatic(java.lang.Object, java.lang.Object, java.lang.Object, java.lang.Object, java.lang.Object, java.lang.Object, java.lang.Object, java.lang.Object, java.lang.Object, java.lang.Object, java.lang.Object, java.lang.Object, java.lang.Object, java.lang.Object, java.lang.Object, java.lang.Object, java.lang.Object, java.lang.Object, java.lang.Object, java.lang.Object, java.lang.Obj
Event: 183.851 Thread 0x000001ed7fa89550 Implicit null exception at 0x000001ed6be09820 to 0x000001ed6be09ca0

ZGC Phase Switch (0 events):
No events

VM Operations (20 events):
Event: 179.878 Executing safepoint VM operation: Cleanup
Event: 179.911 Executing safepoint VM operation: Cleanup done
Event: 180.920 Executing safepoint VM operation: Cleanup
Event: 180.935 Executing safepoint VM operation: Cleanup done
Event: 181.249 Executing safepoint VM operation: G1CollectForAllocation (G1 Evacuation Pause)
Event: 181.411 Executing safepoint VM operation: G1CollectForAllocation (G1 Evacuation Pause) done
Event: 182.380 Executing non-safepoint VM operation: HandshakeAllThreads (Deoptimize)
Event: 182.380 Executing non-safepoint VM operation: HandshakeAllThreads (Deoptimize) done
Event: 182.381 Executing non-safepoint VM operation: HandshakeAllThreads (Deoptimize)
Event: 182.381 Executing non-safepoint VM operation: HandshakeAllThreads (Deoptimize) done
Event: 183.392 Executing safepoint VM operation: Cleanup
Event: 183.749 Executing safepoint VM operation: Cleanup done
Event: 184.756 Executing safepoint VM operation: Cleanup
Event: 184.756 Executing safepoint VM operation: Cleanup done
Event: 185.766 Executing safepoint VM operation: Cleanup
Event: 185.797 Executing safepoint VM operation: Cleanup done
Event: 186.801 Executing safepoint VM operation: Cleanup
Event: 186.817 Executing safepoint VM operation: Cleanup done
Event: 187.823 Executing safepoint VM operation: Cleanup
Event: 187.823 Executing safepoint VM operation: Cleanup done

Memory protections (0 events):
No events

Nmethod flushes (0 events):
No events

Events (20 events):
Event: 0.868 Thread 0x000001ed5eab0e00 Thread added: 0x000001ed7f1cc380
Event: 1.415 Thread 0x000001ed5eab0e00 Thread added: 0x000001ed7f1f6670
Event: 21.213 Thread 0x000001ed5eab0e00 Thread added: 0x000001ed7af17be0
Event: 26.683 Thread 0x000001ed5eab0e00 Thread added: 0x000001ed418690d0
Event: 26.787 Thread 0x000001ed7af00bf0 Thread added: 0x000001ed41db3560
Event: 26.952 Thread 0x000001ed41db3560 Thread exited: 0x000001ed41db3560
Event: 28.560 Thread 0x000001ed5eab0e00 Thread added: 0x000001ed4126e850
Event: 28.935 Thread 0x000001ed418690d0 Thread added: 0x000001ed7f12d740
Event: 28.991 Thread 0x000001ed7f12d740 Thread added: 0x000001ed7fae2140
Event: 29.129 Thread 0x000001ed7f12d740 Thread added: 0x000001ed7f8a6c90
Event: 30.188 Thread 0x000001ed7f12d740 Thread added: 0x000001ed7fa89550
Event: 31.254 Thread 0x000001ed7fa89550 Thread added: 0x000001ed7fa89be0
Event: 31.272 Thread 0x000001ed7fa89550 Thread added: 0x000001ed7fa8a900
Event: 31.285 Thread 0x000001ed7fa89550 Thread added: 0x000001ed7fa8af90
Event: 34.238 Thread 0x000001ed7fa89550 Thread added: 0x000001ed7fa8a270
Event: 34.471 Thread 0x000001ed7fa89550 Thread added: 0x000001ed7fa881a0
Event: 37.541 Thread 0x000001ed7fa881a0 Thread added: 0x000001ed7fa87b10
Event: 37.722 Thread 0x000001ed7fa89550 Thread added: 0x000001ed7fa88830
Event: 107.377 Thread 0x000001ed7fa87b10 Thread exited: 0x000001ed7fa87b10
Event: 174.560 Thread 0x000001ed7fa881a0 Thread added: 0x000001ed7fa87b10


Dynamic libraries:
0x00007ff7bc770000 - 0x00007ff7bc77e000 	C:\Users\NAGARAJU\.antigravity-ide\extensions\redhat.java-1.56.0-win32-x64\jre\21.0.12.1-win32-x86_64\bin\java.exe
0x00007ff8e20a0000 - 0x00007ff8e2306000 	C:\WINDOWS\SYSTEM32\ntdll.dll
0x00007ff8e1770000 - 0x00007ff8e1839000 	C:\WINDOWS\System32\KERNEL32.DLL
0x00007ff8df370000 - 0x00007ff8df76f000 	C:\WINDOWS\System32\KERNELBASE.dll
0x00007ff8dfc70000 - 0x00007ff8dfdbc000 	C:\WINDOWS\System32\ucrtbase.dll
0x00007ff899cd0000 - 0x00007ff899ce8000 	C:\Users\NAGARAJU\.antigravity-ide\extensions\redhat.java-1.56.0-win32-x64\jre\21.0.12.1-win32-x86_64\bin\jli.dll
0x00007ff899f30000 - 0x00007ff899f4e000 	C:\Users\NAGARAJU\.antigravity-ide\extensions\redhat.java-1.56.0-win32-x64\jre\21.0.12.1-win32-x86_64\bin\VCRUNTIME140.dll
0x00007ff8e18e0000 - 0x00007ff8e1aa6000 	C:\WINDOWS\System32\USER32.dll
0x00007ff8df8c0000 - 0x00007ff8df8e7000 	C:\WINDOWS\System32\win32u.dll
0x00007ff8e09a0000 - 0x00007ff8e09cb000 	C:\WINDOWS\System32\GDI32.dll
0x00007ff8df9b0000 - 0x00007ff8dfad9000 	C:\WINDOWS\System32\gdi32full.dll
0x00007ff8df780000 - 0x00007ff8df823000 	C:\WINDOWS\System32\msvcp_win.dll
0x00007ff8ca1e0000 - 0x00007ff8ca471000 	C:\WINDOWS\WinSxS\amd64_microsoft.windows.common-controls_6595b64144ccf1df_6.0.26100.8972_none_3e0da176e32f9d4b\COMCTL32.dll
0x00007ff8e0780000 - 0x00007ff8e0829000 	C:\WINDOWS\System32\msvcrt.dll
0x00007ff8e0290000 - 0x00007ff8e02c2000 	C:\WINDOWS\System32\IMM32.DLL
0x00007ff8c22e0000 - 0x00007ff8c22ec000 	C:\Users\NAGARAJU\.antigravity-ide\extensions\redhat.java-1.56.0-win32-x64\jre\21.0.12.1-win32-x86_64\bin\vcruntime140_1.dll
0x00007ff86c420000 - 0x00007ff86c4ad000 	C:\Users\NAGARAJU\.antigravity-ide\extensions\redhat.java-1.56.0-win32-x64\jre\21.0.12.1-win32-x86_64\bin\msvcp140.dll
0x00007ff8522a0000 - 0x00007ff853042000 	C:\Users\NAGARAJU\.antigravity-ide\extensions\redhat.java-1.56.0-win32-x64\jre\21.0.12.1-win32-x86_64\bin\server\jvm.dll
0x00007ff8e1520000 - 0x00007ff8e15dc000 	C:\WINDOWS\System32\ADVAPI32.dll
0x00007ff8e08f0000 - 0x00007ff8e099a000 	C:\WINDOWS\System32\sechost.dll
0x00007ff8e1f40000 - 0x00007ff8e2058000 	C:\WINDOWS\System32\RPCRT4.dll
0x00007ff8e16d0000 - 0x00007ff8e1752000 	C:\WINDOWS\System32\WS2_32.dll
0x00007ff8df110000 - 0x00007ff8df16e000 	C:\WINDOWS\SYSTEM32\POWRPROF.dll
0x00007ff8d8ab0000 - 0x00007ff8d8ae6000 	C:\WINDOWS\SYSTEM32\WINMM.dll
0x00007ff8d8af0000 - 0x00007ff8d8afb000 	C:\WINDOWS\SYSTEM32\VERSION.dll
0x00007ff8df0f0000 - 0x00007ff8df105000 	C:\WINDOWS\SYSTEM32\UMPDC.dll
0x00007ff8ddfa0000 - 0x00007ff8ddfbb000 	C:\WINDOWS\SYSTEM32\kernel.appcore.dll
0x00007ff8c3e10000 - 0x00007ff8c3e1a000 	C:\Users\NAGARAJU\.antigravity-ide\extensions\redhat.java-1.56.0-win32-x64\jre\21.0.12.1-win32-x86_64\bin\jimage.dll
0x00007ff8d3c60000 - 0x00007ff8d3ea2000 	C:\WINDOWS\SYSTEM32\DBGHELP.DLL
0x00007ff8e1ab0000 - 0x00007ff8e1e35000 	C:\WINDOWS\System32\combase.dll
0x00007ff8e15f0000 - 0x00007ff8e16c9000 	C:\WINDOWS\System32\OLEAUT32.dll
0x00007ff8c18b0000 - 0x00007ff8c18eb000 	C:\WINDOWS\SYSTEM32\dbgcore.DLL
0x00007ff8df8f0000 - 0x00007ff8df99c000 	C:\WINDOWS\System32\bcryptPrimitives.dll
0x00007ff8a4bf0000 - 0x00007ff8a4bff000 	C:\Users\NAGARAJU\.antigravity-ide\extensions\redhat.java-1.56.0-win32-x64\jre\21.0.12.1-win32-x86_64\bin\instrument.dll
0x00007ff894b10000 - 0x00007ff894b30000 	C:\Users\NAGARAJU\.antigravity-ide\extensions\redhat.java-1.56.0-win32-x64\jre\21.0.12.1-win32-x86_64\bin\java.dll
0x00007ff8e09d0000 - 0x00007ff8e1158000 	C:\WINDOWS\System32\SHELL32.dll
0x00007ff8dcd80000 - 0x00007ff8dd61b000 	C:\WINDOWS\SYSTEM32\windows.storage.dll
0x00007ff8e1e40000 - 0x00007ff8e1f39000 	C:\WINDOWS\System32\SHCORE.dll
0x00007ff8e1240000 - 0x00007ff8e12a6000 	C:\WINDOWS\System32\shlwapi.dll
0x00007ff8df1d0000 - 0x00007ff8df1f9000 	C:\WINDOWS\SYSTEM32\profapi.dll
0x00007ff894ad0000 - 0x00007ff894ae8000 	C:\Users\NAGARAJU\.antigravity-ide\extensions\redhat.java-1.56.0-win32-x64\jre\21.0.12.1-win32-x86_64\bin\zip.dll
0x00007ff8a4bb0000 - 0x00007ff8a4bc0000 	C:\Users\NAGARAJU\.antigravity-ide\extensions\redhat.java-1.56.0-win32-x64\jre\21.0.12.1-win32-x86_64\bin\net.dll
0x00007ff8d5210000 - 0x00007ff8d5338000 	C:\WINDOWS\SYSTEM32\WINHTTP.dll
0x00007ff8de550000 - 0x00007ff8de5bc000 	C:\WINDOWS\system32\mswsock.dll
0x00007ff894af0000 - 0x00007ff894b06000 	C:\Users\NAGARAJU\.antigravity-ide\extensions\redhat.java-1.56.0-win32-x64\jre\21.0.12.1-win32-x86_64\bin\nio.dll
0x00007ff8c2080000 - 0x00007ff8c2090000 	C:\Users\NAGARAJU\.antigravity-ide\extensions\redhat.java-1.56.0-win32-x64\jre\21.0.12.1-win32-x86_64\bin\verify.dll
0x00007ff85e470000 - 0x00007ff85e497000 	C:\Users\NAGARAJU\.gradle\native\1def1411415f61bf3af743bc5b6707747c0891f09f0c88961ee8f79bc544acac\windows-amd64\native-platform.dll
0x00007ff85aa70000 - 0x00007ff85aae8000 	C:\Users\NAGARAJU\.gradle\native\0.2.7\x86_64-windows-gnu\gradle-fileevents.dll
0x00007ff8d9fd0000 - 0x00007ff8d9fda000 	C:\Users\NAGARAJU\.antigravity-ide\extensions\redhat.java-1.56.0-win32-x64\jre\21.0.12.1-win32-x86_64\bin\management.dll
0x00007ff8d5a80000 - 0x00007ff8d5a8c000 	C:\Users\NAGARAJU\.antigravity-ide\extensions\redhat.java-1.56.0-win32-x64\jre\21.0.12.1-win32-x86_64\bin\management_ext.dll
0x00007ff8e1760000 - 0x00007ff8e1768000 	C:\WINDOWS\System32\PSAPI.DLL
0x00007ff8dd970000 - 0x00007ff8dd9a3000 	C:\WINDOWS\SYSTEM32\IPHLPAPI.DLL
0x00007ff8e1840000 - 0x00007ff8e184a000 	C:\WINDOWS\System32\NSI.dll
0x00007ff8a9130000 - 0x00007ff8a9139000 	C:\Users\NAGARAJU\.antigravity-ide\extensions\redhat.java-1.56.0-win32-x64\jre\21.0.12.1-win32-x86_64\bin\extnet.dll
0x00007ff8de840000 - 0x00007ff8de85b000 	C:\WINDOWS\SYSTEM32\CRYPTSP.dll
0x00007ff8ddf00000 - 0x00007ff8ddf39000 	C:\WINDOWS\system32\rsaenh.dll
0x00007ff8de600000 - 0x00007ff8de632000 	C:\WINDOWS\SYSTEM32\USERENV.dll
0x00007ff8df1a0000 - 0x00007ff8df1ca000 	C:\WINDOWS\SYSTEM32\bcrypt.dll
0x00007ff8de860000 - 0x00007ff8de86c000 	C:\WINDOWS\SYSTEM32\CRYPTBASE.dll
0x00007ff8b2c40000 - 0x00007ff8b2c4e000 	C:\Users\NAGARAJU\.antigravity-ide\extensions\redhat.java-1.56.0-win32-x64\jre\21.0.12.1-win32-x86_64\bin\sunmscapi.dll
0x00007ff8dfae0000 - 0x00007ff8dfc5e000 	C:\WINDOWS\System32\CRYPT32.dll
0x00007ff8dea80000 - 0x00007ff8deab0000 	C:\WINDOWS\SYSTEM32\ncrypt.dll
0x00007ff8dea30000 - 0x00007ff8dea6f000 	C:\WINDOWS\SYSTEM32\NTASN1.dll
0x00007ff872ac0000 - 0x00007ff872ac8000 	C:\WINDOWS\system32\wshunix.dll

JVMTI agents:
C:\Users\NAGARAJU\.gradle\wrapper\dists\gradle-8.14.1-bin\baw1sv0jfoi8rxs14qo3h49cs\gradle-8.14.1\lib\agents\gradle-instrumentation-agent-8.14.1.jar path:C:\Users\NAGARAJU\.antigravity-ide\extensions\redhat.java-1.56.0-win32-x64\jre\21.0.12.1-win32-x86_64\bin\instrument.dll, loaded, initialized, instrumentlib options:none

dbghelp: loaded successfully - version: 4.0.5 - missing functions: none
symbol engine: initialized successfully - sym options: 0x614 - pdb path: .;C:\Users\NAGARAJU\.antigravity-ide\extensions\redhat.java-1.56.0-win32-x64\jre\21.0.12.1-win32-x86_64\bin;C:\WINDOWS\SYSTEM32;C:\WINDOWS\WinSxS\amd64_microsoft.windows.common-controls_6595b64144ccf1df_6.0.26100.8972_none_3e0da176e32f9d4b;C:\Users\NAGARAJU\.antigravity-ide\extensions\redhat.java-1.56.0-win32-x64\jre\21.0.12.1-win32-x86_64\bin\server;C:\Users\NAGARAJU\.gradle\native\1def1411415f61bf3af743bc5b6707747c0891f09f0c88961ee8f79bc544acac\windows-amd64;C:\Users\NAGARAJU\.gradle\native\0.2.7\x86_64-windows-gnu

VM Arguments:
jvm_args: --add-opens=java.base/java.lang=ALL-UNNAMED --add-opens=java.base/java.lang.invoke=ALL-UNNAMED --add-opens=java.base/java.util=ALL-UNNAMED --add-opens=java.prefs/java.util.prefs=ALL-UNNAMED --add-exports=jdk.compiler/com.sun.tools.javac.api=ALL-UNNAMED --add-exports=jdk.compiler/com.sun.tools.javac.util=ALL-UNNAMED --add-opens=java.base/java.util=ALL-UNNAMED --add-opens=java.prefs/java.util.prefs=ALL-UNNAMED --add-opens=java.base/java.nio.charset=ALL-UNNAMED --add-opens=java.base/java.net=ALL-UNNAMED --add-opens=java.base/java.util.concurrent.atomic=ALL-UNNAMED --add-opens=java.xml/javax.xml.namespace=ALL-UNNAMED -Xmx4096m -Dfile.encoding=UTF-8 -Duser.country=IN -Duser.language=en -Duser.variant -javaagent:C:\Users\NAGARAJU\.gradle\wrapper\dists\gradle-8.14.1-bin\baw1sv0jfoi8rxs14qo3h49cs\gradle-8.14.1\lib\agents\gradle-instrumentation-agent-8.14.1.jar 
java_command: org.gradle.launcher.daemon.bootstrap.GradleDaemon 8.14.1
java_class_path (initial): C:\Users\NAGARAJU\.gradle\wrapper\dists\gradle-8.14.1-bin\baw1sv0jfoi8rxs14qo3h49cs\gradle-8.14.1\lib\gradle-daemon-main-8.14.1.jar
Launcher Type: SUN_STANDARD

[Global flags]
     intx CICompilerCount                          = 4                                         {product} {ergonomic}
     uint ConcGCThreads                            = 2                                         {product} {ergonomic}
     uint G1ConcRefinementThreads                  = 8                                         {product} {ergonomic}
   size_t G1HeapRegionSize                         = 2097152                                   {product} {ergonomic}
    uintx GCDrainStackTargetSize                   = 64                                        {product} {ergonomic}
   size_t InitialHeapSize                          = 123731968                                 {product} {ergonomic}
   size_t MarkStackSize                            = 4194304                                   {product} {ergonomic}
   size_t MaxHeapSize                              = 4294967296                                {product} {command line}
   size_t MaxNewSize                               = 2575302656                                {product} {ergonomic}
   size_t MinHeapDeltaBytes                        = 2097152                                   {product} {ergonomic}
   size_t MinHeapSize                              = 8388608                                   {product} {ergonomic}
    uintx NonNMethodCodeHeapSize                   = 5839372                                {pd product} {ergonomic}
    uintx NonProfiledCodeHeapSize                  = 122909434                              {pd product} {ergonomic}
    uintx ProfiledCodeHeapSize                     = 122909434                              {pd product} {ergonomic}
    uintx ReservedCodeCacheSize                    = 251658240                              {pd product} {ergonomic}
     bool SegmentedCodeCache                       = true                                      {product} {ergonomic}
   size_t SoftMaxHeapSize                          = 4294967296                             {manageable} {ergonomic}
     bool UseCompressedOops                        = true                           {product lp64_product} {ergonomic}
     bool UseG1GC                                  = true                                      {product} {ergonomic}
     bool UseLargePagesIndividualAllocation        = false                                  {pd product} {ergonomic}

Logging:
Log output configuration:
 #0: stdout all=warning uptime,level,tags foldmultilines=false
 #1: stderr all=off uptime,level,tags foldmultilines=false

Release file:
JAVA_VERSION="21.0.12.1" 
MODULES="java.base java.compiler java.datatransfer java.xml java.prefs java.desktop java.instrument java.logging java.management java.security.sasl java.naming java.rmi java.management.rmi java.net.http java.scripting java.security.jgss java.transaction.xa java.sql java.sql.rowset java.xml.crypto java.se java.smartcardio jdk.accessibility jdk.internal.jvmstat jdk.attach jdk.charsets jdk.internal.opt jdk.zipfs jdk.compiler jdk.crypto.ec jdk.crypto.cryptoki jdk.crypto.mscapi jdk.dynalink jdk.internal.ed jdk.editpad jdk.hotspot.agent jdk.httpserver jdk.internal.le jdk.internal.vm.ci jdk.internal.vm.compiler jdk.internal.vm.compiler.management jdk.jartool jdk.javadoc jdk.jcmd jdk.management jdk.management.agent jdk.jconsole jdk.jdeps jdk.jdwp.agent jdk.jdi jdk.jfr jdk.jshell jdk.jsobject jdk.jstatd jdk.localedata jdk.management.jfr jdk.naming.dns jdk.naming.rmi jdk.net jdk.nio.mapmode jdk.random jdk.sctp jdk.security.auth jdk.security.jgss jdk.unsupported jdk.unsupported.desktop jdk.xml.dom" 

Environment Variables:
JAVA_HOME=C:\Program Files\Eclipse Adoptium\jdk-21.0.11.10-hotspot
PATH=C:\Program Files\Eclipse Adoptium\jdk-21.0.11.10-hotspot\bin;C:\Program Files\Eclipse Adoptium\jdk-11.0.26.4-hotspot\bin;C:\Program Files\Eclipse Adoptium\jdk-17.0.14.7-hotspot\bin;C:\Program Files\Java\jdk-17\bin;C:\Program Files\nodejs;E:\Android\Sdk\platform-tools;E:\Android\Sdk\emulator;E:\Android\Sdk\cmdline-tools\latest\bin;C:\Users\NAGARAJU\AppData\Local\Android\Sdk\platform-tools;C:\Users\NAGARAJU\AppData\Local\Android\Sdk\emulator;C:\Users\NAGARAJU\AppData\Local\Android\Sdk\cmdline-tools\latest\bin;C:\Program Files\Eclipse Adoptium\jdk-21.0.11.10-hotspot\bin;C:\Program Files\Eclipse Adoptium\jdk-11.0.26.4-hotspot\bin;C:\Program Files\Eclipse Adoptium\jdk-17.0.14.7-hotspot\bin;C:\Program Files\Java\jdk-17\bin;C:\Program Files\nodejs;E:\Android\Sdk\platform-tools;E:\Android\Sdk\emulator;E:\Android\Sdk\cmdline-tools\latest\bin;C:\Users\NAGARAJU\AppData\Local\Android\Sdk\platform-tools;C:\Users\NAGARAJU\AppData\Local\Android\Sdk\emulator;C:\Users\NAGARAJU\AppData\Local\Android\Sdk\cmdline-tools\latest\bin;C:\Program Files\Eclipse Adoptium\jdk-21.0.11.10-hotspot\bin;C:\Program Files\Eclipse Adoptium\jdk-11.0.26.4-hotspot\bin;C:\Program Files\Eclipse Adoptium\jdk-17.0.14.7-hotspot\bin;C:\Program Files\Java\jdk-17\bin;C:\Program Files\nodejs;E:\Android\Sdk\platform-tools;E:\Android\Sdk\emulator;E:\Android\Sdk\cmdline-tools\latest\bin;C:\Users\NAGARAJU\AppData\Local\Android\Sdk\platform-tools;C:\Users\NAGARAJU\AppData\Local\Android\Sdk\emulator;C:\Users\NAGARAJU\AppData\Local\Android\Sdk\cmdline-tools\latest\bin;C:\WINDOWS\System32;C:\ProgramData\chocolatey\bin;C:\Program Files\nodejs\;C:\Program Files\Git\cmd;C:\Windows\System32;C:\Windows\System32\WindowsPowerShell\v1.0;C:\Windows\System32\OpenSSH;C:\Windows\System32\WindowsPowerShell\v1.0\;C:\Users\NAGARAJU\Downloads\stripe_1.30.0_windows_x86_64;C:\WINDOWS\system32;C:\WINDOWS;C:\WINDOWS\System32\Wbem;C:\WINDOWS\System32\WindowsPowerShell\v1.0\;C:\WINDOWS\System32\OpenSSH\;C:\ProgramData\chocolatey\bin;C:\Program Files\nodejs\;C:\Program Files\Git\cmd;C:\Windows\System32;C:\Windows\System32\WindowsPowerShell\v1.0;C:\Windows\System32\OpenSSH;C:\Windows\System32\WindowsPowerShell\v1.0\;C:\Users\NAGARAJU\Downloads\stripe_1.30.0_windows_x86_64;C:\WINDOWS\system32;C:\WINDOWS;C:\WINDOWS\System32\Wbem;C:\WINDOWS\System32\WindowsPowerShell\v1.0\;C:\WINDOWS\System32\OpenSSH\;C:\ProgramData\chocolatey\bin;C:\Program Files\nodejs\;C:\Program Files\Git\cmd;C:\Windows\System32;C:\Windows\System32\WindowsPowerShell\v1.0;C:\Windows\System32\OpenSSH;C:\Windows\System32\WindowsPowerShell\v1.0\;C:\Users\NAGARAJU\Downloads\stripe_1.30.0_windows_x86_64;C:\WINDOWS\system32;C:\WINDOWS;C:\WINDOWS\System32\Wbem;C:\WINDOWS\System32\WindowsPowerShell\v1.0\;C:\WINDOWS\System32\OpenSSH\;C:\Program Files\Eclipse Adoptium\jdk-21.0.11.10-hotspot\bin;C:\Program Files\Eclipse Adoptium\jdk-11.0.26.4-hotspot\bin;C:\Program Files\Eclipse Adoptium\jdk-17.0.14.7-hotspot\bin;C:\Program Files\Java\jdk-17\bin;C:\Program Files\nodejs;E:\Android\Sdk\platform-tools;E:\Android\Sdk\emulator;E:\Android\Sdk\cmdline-tools\latest\bin;C:\Users\NAGARAJU\AppData\Local\Android\Sdk\platform-tools;C:\Users\NAGARAJU\AppData\Local\Android\Sdk\emulator;C:\Users\NAGARAJU\AppData\Local\Android\Sdk\cmdline-tools\latest\bin;C:\Program Files\Eclipse Adoptium\jdk-21.0.11.10-hotspot\bin;C:\Program Files\Eclipse Adoptium\jdk-11.0.26.4-hotspot\bin;C:\Program Files\Eclipse Adoptium\jdk-17.0.14.7-hotspot\bin;C:\Program Files\Java\jdk-17\bin;C:\Program Files\nodejs;E:\Android\Sdk\platform-tools;E:\Android\Sdk\emulator;E:\Android\Sdk\cmdline-tools\latest\bin;C:\Users\NAGARAJU\AppData\Local\Android\Sdk\platform-tools;C:\Users\NAGARAJU\AppData\Local\Android\Sdk\emulator;C:\Users\NAGARAJU\AppData\Local\Android\Sdk\cmdline-tools\latest\bin;C:\Program Files\Eclipse Adoptium\jdk-21.0.11.10-hotspot\bin;C:\Program Files\Eclipse Adoptium\jdk-11.0.26.4-hotspot\bin;C:\Program Files\Eclipse Adoptium\jdk-17.0.14.7-hotspot\bin;C:\Program Files\Java\jdk-17\bin;C:\Program Files\nodejs;E:\Android\Sdk\platform-tools;E:\Android\Sdk\emulator;E:\Android\Sdk\cmdline-tools\latest\bin;C:\Users\NAGARAJU\AppData\Local\Android\Sdk\platform-tools;C:\Users\NAGARAJU\AppData\Local\Android\Sdk\emulator;C:\Users\NAGARAJU\AppData\Local\Android\Sdk\cmdline-tools\latest\bin;C:\WINDOWS\System32;C:\ProgramData\chocolatey\bin;C:\Program Files\nodejs\;C:\Program Files\Git\cmd;C:\Windows\System32;C:\Windows\System32\WindowsPowerShell\v1.0;C:\Windows\System32\OpenSSH;C:\Windows\System32\WindowsPowerShell\v1.0\;C:\Users\NAGARAJU\Downloads\stripe_1.30.0_windows_x86_64;C:\WINDOWS\system32;C:\WINDOWS;C:\WINDOWS\System32\Wbem;C:\WINDOWS\System32\WindowsPowerShell\v1.0\;C:\WINDOWS\System32\OpenSSH\;C:\ProgramData\chocolatey\bin;C:\Program Files\nodejs\;C:\Program Files\Git\cmd;C:\Windows\System32;C:\Windows\System32\WindowsPowerShell\v1.0;C:\Windows\System32\OpenSSH;C:\Windows\System32\WindowsPowerShell\v1.0\;C:\Users\NAGARAJU\Downloads\stripe_1.30.0_windows_x86_64;C:\WINDOWS\system32;C:\WINDOWS;C:\WINDOWS\System32\Wbem;C:\WINDOWS\System32\WindowsPowerShell\v1.0\;C:\WINDOWS\System32\OpenSSH\;C:\ProgramData\chocolatey\bin;C:\Program Files\nodejs\;C:\Program Files\Git\cmd;C:\Windows\System32;C:\Windows\System32\WindowsPowerShell\v1.0;C:\Windows\System32\OpenSSH;C:\Windows\System32\WindowsPowerShell\v1.0\;C:\Users\NAGARAJU\Downloads\stripe_1.30.0_windows_x86_64;C:\WINDOWS\system32;C:\WINDOWS;C:\WINDOWS\System32\Wbem;C:\WINDOWS\System32\WindowsPowerShell\v1.0\;C:\WINDOWS\System32\OpenSSH\;C:\Users\NAGARAJU\AppData\Local\Android\Sdk\platform-tools;C:\Users\NAGARAJU\AppData\Local\Android\Sdk\cmdline-tools\latest\bin;C:\Users\NAGARAJU\AppData\Roaming\npm;C:\Users\NAGARAJU\AppData\Local\Programs\Microsoft VS Code\bin;C:\Users\NAGARAJU\AppData\Local\Programs\Antigravity IDE\bin;C:\Users\NAGARAJU\AppData\Local\Microsoft\WindowsApps;C:\Users\NAGARAJU\AppData\Local\Kingsoft\WPS Office\12.1.0.27458\clitool
USERNAME=NAGARAJU
OS=Windows_NT
PROCESSOR_IDENTIFIER=AMD64 Family 23 Model 104 Stepping 1, AuthenticAMD
TMP=C:\Users\NAGARAJU\AppData\Local\Temp
TEMP=C:\Users\NAGARAJU\AppData\Local\Temp




Periodic native trim disabled

---------------  S Y S T E M  ---------------

OS:
 Windows 11 , 64 bit Build 26100 (10.0.26100.9168)
OS uptime: 0 days 0:35 hours

CPU: total 8 (initial active 8) (8 cores per cpu, 2 threads per core) family 23 model 104 stepping 1 microcode 0x8608109, cx8, cmov, fxsr, ht, mmx, 3dnowpref, sse, sse2, sse3, ssse3, sse4a, sse4.1, sse4.2, popcnt, lzcnt, tsc, tscinvbit, avx, avx2, aes, clmul, bmi1, bmi2, adx, sha, fma, vzeroupper, clflush, clflushopt, rdtscp, rdpid, f16c
Processor Information for processor 0
  Max Mhz: 2600, Current Mhz: 2600, Mhz Limit: 2600
Processor Information for processor 1
  Max Mhz: 2600, Current Mhz: 1789, Mhz Limit: 2600
Processor Information for processor 2
  Max Mhz: 2600, Current Mhz: 2600, Mhz Limit: 2600
Processor Information for processor 3
  Max Mhz: 2600, Current Mhz: 2600, Mhz Limit: 2600
Processor Information for processor 4
  Max Mhz: 2600, Current Mhz: 2600, Mhz Limit: 2600
Processor Information for processor 5
  Max Mhz: 2600, Current Mhz: 2600, Mhz Limit: 2600
Processor Information for processor 6
  Max Mhz: 2600, Current Mhz: 1789, Mhz Limit: 2600
Processor Information for processor 7
  Max Mhz: 2600, Current Mhz: 2600, Mhz Limit: 2600

Memory: 4k page, system-wide physical 7502M (211M free)
TotalPageFile size 40270M (AvailPageFile size 0M)
current process WorkingSet (physical memory assigned to process): 104M, peak: 157M
current process commit charge ("private bytes"): 254M, peak: 273M

vm_info: OpenJDK 64-Bit Server VM (21.0.12.1+1-LTS) for windows-amd64 JRE (21.0.12.1+1-LTS), built on 2026-08-18T00:00:00Z by "admin" with MS VC++ 17.12 (VS2022)

END.
