#
# There is insufficient memory for the Java Runtime Environment to continue.
# Native memory allocation (malloc) failed to allocate 32744 bytes. Error detail: Chunk::new
# Possible reasons:
#   The system is out of physical RAM or swap space
#   This process is running with CompressedOops enabled, and the Java Heap may be blocking the growth of the native heap
# Possible solutions:
#   Reduce memory load on the system
#   Increase physical memory or swap space
#   Check if swap backing store is full
#   Decrease Java heap size (-Xmx/-Xms)
#   Decrease number of Java threads
#   Decrease Java thread stack sizes (-Xss)
#   Set larger code cache with -XX:ReservedCodeCacheSize=
#   JVM is running with Zero Based Compressed Oops mode in which the Java heap is
#     placed in the first 32GB address space. The Java Heap base address is the
#     maximum limit for the native heap growth. Please use -XX:HeapBaseMinAddress
#     to set the Java Heap base and to place the Java Heap above 32GB virtual address.
# This output file may be truncated or incomplete.
#
#  Out of Memory Error (arena.cpp:168), pid=19844, tid=12328
#
# JRE version: OpenJDK Runtime Environment Temurin-21.0.12.1+1 (21.0.12.1+1) (build 21.0.12.1+1-LTS)
# Java VM: OpenJDK 64-Bit Server VM Temurin-21.0.12.1+1 (21.0.12.1+1-LTS, mixed mode, sharing, tiered, compressed oops, compressed class ptrs, g1 gc, windows-amd64)
# No core dump will be written. Minidumps are not enabled by default on client versions of Windows
#

---------------  S U M M A R Y ------------

Command Line: --add-opens=java.base/java.lang=ALL-UNNAMED --add-opens=java.base/java.lang.invoke=ALL-UNNAMED --add-opens=java.base/java.util=ALL-UNNAMED --add-opens=java.prefs/java.util.prefs=ALL-UNNAMED --add-exports=jdk.compiler/com.sun.tools.javac.api=ALL-UNNAMED --add-exports=jdk.compiler/com.sun.tools.javac.util=ALL-UNNAMED --add-opens=java.base/java.util=ALL-UNNAMED --add-opens=java.prefs/java.util.prefs=ALL-UNNAMED --add-opens=java.base/java.nio.charset=ALL-UNNAMED --add-opens=java.base/java.net=ALL-UNNAMED --add-opens=java.base/java.util.concurrent.atomic=ALL-UNNAMED --add-opens=java.xml/javax.xml.namespace=ALL-UNNAMED -Xmx4096m -Dfile.encoding=UTF-8 -Duser.country=IN -Duser.language=en -Duser.variant -javaagent:C:\Users\NAGARAJU\.gradle\wrapper\dists\gradle-8.14.1-bin\baw1sv0jfoi8rxs14qo3h49cs\gradle-8.14.1\lib\agents\gradle-instrumentation-agent-8.14.1.jar org.gradle.launcher.daemon.bootstrap.GradleDaemon 8.14.1

Host: AMD Ryzen 3 5300U with Radeon Graphics         , 8 cores, 7G,  Windows 11 , 64 bit Build 26100 (10.0.26100.9168)
Time: Tue Sep  8 21:15:46 2026 India Standard Time elapsed time: 1456.167276 seconds (0d 0h 24m 16s)

---------------  T H R E A D  ---------------

Current thread (0x00000185c9ae81c0):  JavaThread "C2 CompilerThread0" daemon [_thread_in_native, id=12328, stack(0x0000001104500000,0x0000001104600000) (1024K)]


Current CompileTask:
C2:1456167 8802       4       org.gradle.internal.instantiation.generator.AbstractClassGenerator::inspectType (602 bytes)

Stack: [0x0000001104500000,0x0000001104600000]
Native frames: (J=compiled Java code, j=interpreted, Vv=VM code, C=native code)
V  [jvm.dll+0x6d83e9]
V  [jvm.dll+0x8b5736]
V  [jvm.dll+0x8b7cee]
V  [jvm.dll+0x8b83d3]
V  [jvm.dll+0x284596]
V  [jvm.dll+0xc685d]
V  [jvm.dll+0xc6da1]
V  [jvm.dll+0x6b1b10]
V  [jvm.dll+0x6b164e]
V  [jvm.dll+0x1e1555]
V  [jvm.dll+0x306c67]
V  [jvm.dll+0x3097e7]
V  [jvm.dll+0x307731]
V  [jvm.dll+0x3098f4]
V  [jvm.dll+0x307731]
V  [jvm.dll+0x3074b5]
V  [jvm.dll+0x3098f4]
V  [jvm.dll+0x307731]
V  [jvm.dll+0x3098f4]
V  [jvm.dll+0x307731]
V  [jvm.dll+0x3098f4]
V  [jvm.dll+0x307731]
V  [jvm.dll+0x3074b5]
V  [jvm.dll+0x3098f4]
V  [jvm.dll+0x307731]
V  [jvm.dll+0x3098f4]
V  [jvm.dll+0x307731]
V  [jvm.dll+0x3074b5]
V  [jvm.dll+0x3098f4]
V  [jvm.dll+0x307731]
V  [jvm.dll+0x3074b5]
V  [jvm.dll+0x3098f4]
V  [jvm.dll+0x307731]
V  [jvm.dll+0x3098f4]
V  [jvm.dll+0x307731]
V  [jvm.dll+0x3074b5]
V  [jvm.dll+0x3098f4]
V  [jvm.dll+0x307731]
V  [jvm.dll+0x3098f4]
V  [jvm.dll+0x307731]
V  [jvm.dll+0x3074b5]
V  [jvm.dll+0x3074b5]
V  [jvm.dll+0x3098f4]
V  [jvm.dll+0x307731]
V  [jvm.dll+0x3074b5]
V  [jvm.dll+0x3098f4]
V  [jvm.dll+0x307731]
V  [jvm.dll+0x3074b5]
V  [jvm.dll+0x3074b5]
V  [jvm.dll+0x3098f4]
V  [jvm.dll+0x307731]
V  [jvm.dll+0x3098f4]
V  [jvm.dll+0x307731]
V  [jvm.dll+0x3098f4]
V  [jvm.dll+0x307731]
V  [jvm.dll+0x3098f4]
V  [jvm.dll+0x307731]
V  [jvm.dll+0x3074b5]
V  [jvm.dll+0x3074b5]
V  [jvm.dll+0x3098f4]
V  [jvm.dll+0x307731]
V  [jvm.dll+0x3098f4]
V  [jvm.dll+0x307731]
V  [jvm.dll+0x3098f4]
V  [jvm.dll+0x307731]
V  [jvm.dll+0x3074b5]
V  [jvm.dll+0x3074b5]
V  [jvm.dll+0x3098f4]
V  [jvm.dll+0x307731]
V  [jvm.dll+0x3098f4]
V  [jvm.dll+0x307731]
V  [jvm.dll+0x3098f4]
V  [jvm.dll+0x307731]
V  [jvm.dll+0x30b438]
V  [jvm.dll+0x3066e8]
V  [jvm.dll+0x306e2c]
V  [jvm.dll+0x24deaf]
V  [jvm.dll+0x24bbe6]
V  [jvm.dll+0x1cb4ae]
V  [jvm.dll+0x25baad]
V  [jvm.dll+0x25a03a]
V  [jvm.dll+0x3f8aae]
V  [jvm.dll+0x8600cd]
V  [jvm.dll+0x6d6c1d]
C  [ucrtbase.dll+0x2cd30]
C  [KERNEL32.DLL+0x2ccb7]
C  [ntdll.dll+0xaad6c]


---------------  P R O C E S S  ---------------

Threads class SMR info:
_java_thread_list=0x0000018612492140, length=65, elements={
0x00000185ad890fc0, 0x00000185c9adc5e0, 0x00000185c9addd60, 0x00000185c9adf4e0,
0x00000185c9ae1f50, 0x00000185c9ae69d0, 0x00000185c9ae7430, 0x00000185c9ae81c0,
0x00000185c9af1c20, 0x00000185c9d10740, 0x00000185c9c43d00, 0x0000018610571920,
0x000001860ff9c8f0, 0x000001860f790040, 0x00000186102658d0, 0x0000018610266f50,
0x000001861080dc00, 0x0000018610853c80, 0x00000186108535f0, 0x0000018610852f60,
0x0000018610854310, 0x00000186108549a0, 0x0000018610855030, 0x00000186108556c0,
0x0000018610b72180, 0x0000018610b71af0, 0x0000018610b6ed00, 0x0000018610b700b0,
0x0000018610b72810, 0x0000018610b6f390, 0x0000018610b71460, 0x0000018610b72ea0,
0x0000018610b6fa20, 0x0000018610b73530, 0x0000018610b73bc0, 0x0000018610b70740,
0x0000018610b75600, 0x0000018610b75c90, 0x0000018612651e20, 0x0000018612651790,
0x000001861264e9a0, 0x000001861264fd50, 0x00000186126524b0, 0x000001861264f030,
0x0000018612652b40, 0x000001861264f6c0, 0x00000186126531d0, 0x0000018612650a70,
0x0000018612653860, 0x0000018612653ef0, 0x0000018612654580, 0x0000018612651100,
0x0000018612654c10, 0x0000018612655fc0, 0x00000186126552a0, 0x0000018612655930,
0x0000018610852240, 0x0000018612e37d30, 0x0000018612e37010, 0x0000018612e383c0,
0x0000018612e3ab20, 0x0000018612e3a490, 0x0000018612e376a0, 0x0000018612e3b840,
0x0000018612e38a50
}

Java Threads: ( => current thread )
  0x00000185ad890fc0 JavaThread "main"                              [_thread_blocked, id=24544, stack(0x0000001103600000,0x0000001103700000) (1024K)]
  0x00000185c9adc5e0 JavaThread "Reference Handler"          daemon [_thread_blocked, id=27312, stack(0x0000001103f00000,0x0000001104000000) (1024K)]
  0x00000185c9addd60 JavaThread "Finalizer"                  daemon [_thread_blocked, id=16636, stack(0x0000001104000000,0x0000001104100000) (1024K)]
  0x00000185c9adf4e0 JavaThread "Signal Dispatcher"          daemon [_thread_blocked, id=22144, stack(0x0000001104100000,0x0000001104200000) (1024K)]
  0x00000185c9ae1f50 JavaThread "Attach Listener"            daemon [_thread_blocked, id=5176, stack(0x0000001104200000,0x0000001104300000) (1024K)]
  0x00000185c9ae69d0 JavaThread "Service Thread"             daemon [_thread_blocked, id=19680, stack(0x0000001104300000,0x0000001104400000) (1024K)]
  0x00000185c9ae7430 JavaThread "Monitor Deflation Thread"   daemon [_thread_blocked, id=2920, stack(0x0000001104400000,0x0000001104500000) (1024K)]
=>0x00000185c9ae81c0 JavaThread "C2 CompilerThread0"         daemon [_thread_in_native, id=12328, stack(0x0000001104500000,0x0000001104600000) (1024K)]
  0x00000185c9af1c20 JavaThread "C1 CompilerThread0"         daemon [_thread_blocked, id=22472, stack(0x0000001104600000,0x0000001104700000) (1024K)]
  0x00000185c9d10740 JavaThread "Common-Cleaner"             daemon [_thread_blocked, id=10156, stack(0x0000001104700000,0x0000001104800000) (1024K)]
  0x00000185c9c43d00 JavaThread "Notification Thread"        daemon [_thread_blocked, id=10272, stack(0x0000001104800000,0x0000001104900000) (1024K)]
  0x0000018610571920 JavaThread "Daemon health stats"               [_thread_blocked, id=27880, stack(0x0000001104d00000,0x0000001104e00000) (1024K)]
  0x000001860ff9c8f0 JavaThread "Incoming local TCP Connector on port 49308"        [_thread_in_native, id=9952, stack(0x0000001105100000,0x0000001105200000) (1024K)]
  0x000001860f790040 JavaThread "Daemon periodic checks"            [_thread_blocked, id=27876, stack(0x0000001105200000,0x0000001105300000) (1024K)]
  0x00000186102658d0 JavaThread "Daemon"                            [_thread_blocked, id=23956, stack(0x0000001105300000,0x0000001105400000) (1024K)]
  0x0000018610266f50 JavaThread "Handler for socket connection from /127.0.0.1:49308 to /127.0.0.1:49310"        [_thread_in_native, id=22380, stack(0x0000001105400000,0x0000001105500000) (1024K)]
  0x000001861080dc00 JavaThread "Cancel handler"                    [_thread_blocked, id=25036, stack(0x0000001105500000,0x0000001105600000) (1024K)]
  0x0000018610853c80 JavaThread "Daemon worker"                     [_thread_in_vm, id=5204, stack(0x0000001105600000,0x0000001105700000) (1024K)]
  0x00000186108535f0 JavaThread "Asynchronous log dispatcher for DefaultDaemonConnection: socket connection from /127.0.0.1:49308 to /127.0.0.1:49310"        [_thread_blocked, id=27864, stack(0x0000001105700000,0x0000001105800000) (1024K)]
  0x0000018610852f60 JavaThread "Stdin handler"                     [_thread_blocked, id=15284, stack(0x0000001105800000,0x0000001105900000) (1024K)]
  0x0000018610854310 JavaThread "Daemon client event forwarder"        [_thread_blocked, id=26888, stack(0x0000001105900000,0x0000001105a00000) (1024K)]
  0x00000186108549a0 JavaThread "Cache worker for journal cache (C:\Users\NAGARAJU\.gradle\caches\journal-1)"        [_thread_blocked, id=23288, stack(0x0000001105a00000,0x0000001105b00000) (1024K)]
  0x0000018610855030 JavaThread "File lock request listener"        [_thread_in_native, id=17500, stack(0x0000001105b00000,0x0000001105c00000) (1024K)]
  0x00000186108556c0 JavaThread "Cache worker for file hash cache (C:\Users\NAGARAJU\.gradle\caches\8.14.1\fileHashes)"        [_thread_blocked, id=9788, stack(0x0000001105c00000,0x0000001105d00000) (1024K)]
  0x0000018610b72180 JavaThread "Cache worker for file hash cache (C:\zynnative\DocApp-CLI\android\.gradle\8.14.1\fileHashes)"        [_thread_blocked, id=28820, stack(0x0000001105f00000,0x0000001106000000) (1024K)]
  0x0000018610b71af0 JavaThread "Cache worker for Build Output Cleanup Cache (C:\zynnative\DocApp-CLI\android\.gradle\buildOutputCleanup)"        [_thread_blocked, id=28976, stack(0x0000001106000000,0x0000001106100000) (1024K)]
  0x0000018610b6ed00 JavaThread "File watcher server"        daemon [_thread_in_native, id=22100, stack(0x0000001103500000,0x0000001103600000) (1024K)]
  0x0000018610b700b0 JavaThread "File watcher consumer"      daemon [_thread_blocked, id=29408, stack(0x0000001103700000,0x0000001103800000) (1024K)]
  0x0000018610b72810 JavaThread "jar transforms"                    [_thread_blocked, id=11796, stack(0x0000001106100000,0x0000001106200000) (1024K)]
  0x0000018610b6f390 JavaThread "jar transforms Thread 2"           [_thread_blocked, id=28704, stack(0x0000001106200000,0x0000001106300000) (1024K)]
  0x0000018610b71460 JavaThread "Cache worker for checksums cache (C:\zynnative\DocApp-CLI\android\.gradle\8.14.1\checksums)"        [_thread_blocked, id=29176, stack(0x0000001106400000,0x0000001106500000) (1024K)]
  0x0000018610b72ea0 JavaThread "Cache worker for file content cache (C:\Users\NAGARAJU\.gradle\caches\8.14.1\fileContent)"        [_thread_blocked, id=22940, stack(0x0000001106300000,0x0000001106400000) (1024K)]
  0x0000018610b6fa20 JavaThread "jar transforms Thread 3"           [_thread_blocked, id=22304, stack(0x0000001106500000,0x0000001106600000) (1024K)]
  0x0000018610b73530 JavaThread "Cache worker for cache directory md-supplier (C:\Users\NAGARAJU\.gradle\caches\8.14.1\md-supplier)"        [_thread_blocked, id=24284, stack(0x0000001106600000,0x0000001106700000) (1024K)]
  0x0000018610b73bc0 JavaThread "Cache worker for cache directory md-rule (C:\Users\NAGARAJU\.gradle\caches\8.14.1\md-rule)"        [_thread_blocked, id=9796, stack(0x0000001106700000,0x0000001106800000) (1024K)]
  0x0000018610b70740 JavaThread "Cache worker for Build Output Cleanup Cache (C:\zynnative\DocApp-CLI\node_modules\@react-native\gradle-plugin\.gradle\buildOutputCleanup)"        [_thread_blocked, id=24240, stack(0x0000001106800000,0x0000001106900000) (1024K)]
  0x0000018610b75600 JavaThread "Unconstrained build operations"        [_thread_blocked, id=25640, stack(0x0000001106900000,0x0000001106a00000) (1024K)]
  0x0000018610b75c90 JavaThread "Unconstrained build operations Thread 2"        [_thread_blocked, id=14392, stack(0x0000001106a00000,0x0000001106b00000) (1024K)]
  0x0000018612651e20 JavaThread "Unconstrained build operations Thread 3"        [_thread_blocked, id=30340, stack(0x0000001106b00000,0x0000001106c00000) (1024K)]
  0x0000018612651790 JavaThread "Unconstrained build operations Thread 4"        [_thread_blocked, id=29472, stack(0x0000001106c00000,0x0000001106d00000) (1024K)]
  0x000001861264e9a0 JavaThread "Unconstrained build operations Thread 5"        [_thread_blocked, id=26632, stack(0x0000001106d00000,0x0000001106e00000) (1024K)]
  0x000001861264fd50 JavaThread "Unconstrained build operations Thread 6"        [_thread_blocked, id=5352, stack(0x0000001106e00000,0x0000001106f00000) (1024K)]
  0x00000186126524b0 JavaThread "Unconstrained build operations Thread 7"        [_thread_blocked, id=39040, stack(0x0000001106f00000,0x0000001107000000) (1024K)]
  0x000001861264f030 JavaThread "Unconstrained build operations Thread 8"        [_thread_blocked, id=39044, stack(0x0000001107000000,0x0000001107100000) (1024K)]
  0x0000018612652b40 JavaThread "Unconstrained build operations Thread 9"        [_thread_blocked, id=39048, stack(0x0000001107100000,0x0000001107200000) (1024K)]
  0x000001861264f6c0 JavaThread "Unconstrained build operations Thread 10"        [_thread_blocked, id=39052, stack(0x0000001107200000,0x0000001107300000) (1024K)]
  0x00000186126531d0 JavaThread "Unconstrained build operations Thread 11"        [_thread_blocked, id=39068, stack(0x0000001107300000,0x0000001107400000) (1024K)]
  0x0000018612650a70 JavaThread "Unconstrained build operations Thread 12"        [_thread_blocked, id=38392, stack(0x0000001107400000,0x0000001107500000) (1024K)]
  0x0000018612653860 JavaThread "Unconstrained build operations Thread 13"        [_thread_blocked, id=39016, stack(0x0000001107500000,0x0000001107600000) (1024K)]
  0x0000018612653ef0 JavaThread "Unconstrained build operations Thread 14"        [_thread_blocked, id=39836, stack(0x0000001107600000,0x0000001107700000) (1024K)]
  0x0000018612654580 JavaThread "Unconstrained build operations Thread 15"        [_thread_blocked, id=31668, stack(0x0000001107700000,0x0000001107800000) (1024K)]
  0x0000018612651100 JavaThread "Unconstrained build operations Thread 16"        [_thread_blocked, id=35744, stack(0x0000001107800000,0x0000001107900000) (1024K)]
  0x0000018612654c10 JavaThread "Unconstrained build operations Thread 17"        [_thread_blocked, id=32428, stack(0x0000001107900000,0x0000001107a00000) (1024K)]
  0x0000018612655fc0 JavaThread "Unconstrained build operations Thread 18"        [_thread_blocked, id=2876, stack(0x0000001107a00000,0x0000001107b00000) (1024K)]
  0x00000186126552a0 JavaThread "Unconstrained build operations Thread 19"        [_thread_blocked, id=37908, stack(0x0000001107b00000,0x0000001107c00000) (1024K)]
  0x0000018612655930 JavaThread "Unconstrained build operations Thread 20"        [_thread_blocked, id=37904, stack(0x0000001107c00000,0x0000001107d00000) (1024K)]
  0x0000018610852240 JavaThread "Unconstrained build operations Thread 21"        [_thread_blocked, id=33140, stack(0x0000001107d00000,0x0000001107e00000) (1024K)]
  0x0000018612e37d30 JavaThread "Unconstrained build operations Thread 22"        [_thread_blocked, id=28940, stack(0x0000001107e00000,0x0000001107f00000) (1024K)]
  0x0000018612e37010 JavaThread "Unconstrained build operations Thread 23"        [_thread_blocked, id=12908, stack(0x0000001107f00000,0x0000001108000000) (1024K)]
  0x0000018612e383c0 JavaThread "Unconstrained build operations Thread 24"        [_thread_blocked, id=22568, stack(0x0000001108000000,0x0000001108100000) (1024K)]
  0x0000018612e3ab20 JavaThread "Unconstrained build operations Thread 25"        [_thread_blocked, id=32528, stack(0x0000001108100000,0x0000001108200000) (1024K)]
  0x0000018612e3a490 JavaThread "Unconstrained build operations Thread 26"        [_thread_blocked, id=39056, stack(0x0000001108200000,0x0000001108300000) (1024K)]
  0x0000018612e376a0 JavaThread "Unconstrained build operations Thread 27"        [_thread_blocked, id=39064, stack(0x0000001108300000,0x0000001108400000) (1024K)]
  0x0000018612e3b840 JavaThread "build event listener"              [_thread_blocked, id=33368, stack(0x0000001105d00000,0x0000001105e00000) (1024K)]
  0x0000018612e38a50 JavaThread "Memory manager"                    [_thread_blocked, id=23156, stack(0x0000001108400000,0x0000001108500000) (1024K)]
Total: 65

Other Threads:
  0x00000185c9ac1410 VMThread "VM Thread"                           [id=26712, stack(0x0000001103e00000,0x0000001103f00000) (1024K)]
  0x00000185c9ab10b0 WatcherThread "VM Periodic Task Thread"        [id=19720, stack(0x0000001103d00000,0x0000001103e00000) (1024K)]
  0x00000185afc19f20 WorkerThread "GC Thread#0"                     [id=23544, stack(0x0000001103800000,0x0000001103900000) (1024K)]
  0x00000185c9f2eec0 WorkerThread "GC Thread#1"                     [id=27900, stack(0x0000001104900000,0x0000001104a00000) (1024K)]
  0x00000185c9ea9a80 WorkerThread "GC Thread#2"                     [id=27904, stack(0x0000001104a00000,0x0000001104b00000) (1024K)]
  0x000001860f09be70 WorkerThread "GC Thread#3"                     [id=28524, stack(0x0000001104b00000,0x0000001104c00000) (1024K)]
  0x000001860f78fc90 WorkerThread "GC Thread#4"                     [id=28528, stack(0x0000001104c00000,0x0000001104d00000) (1024K)]
  0x000001860ff90210 WorkerThread "GC Thread#5"                     [id=23384, stack(0x0000001104e00000,0x0000001104f00000) (1024K)]
  0x000001860ff909d0 WorkerThread "GC Thread#6"                     [id=6076, stack(0x0000001104f00000,0x0000001105000000) (1024K)]
  0x000001860ff90d80 WorkerThread "GC Thread#7"                     [id=5996, stack(0x0000001105000000,0x0000001105100000) (1024K)]
  0x00000185ad94df90 ConcurrentGCThread "G1 Main Marker"            [id=20288, stack(0x0000001103900000,0x0000001103a00000) (1024K)]
  0x00000185ad94e750 WorkerThread "G1 Conc#0"                       [id=23724, stack(0x0000001103a00000,0x0000001103b00000) (1024K)]
  0x00000186111553d0 WorkerThread "G1 Conc#1"                       [id=29488, stack(0x0000001105e00000,0x0000001105f00000) (1024K)]
  0x00000185c9981120 ConcurrentGCThread "G1 Refine#0"               [id=23624, stack(0x0000001103b00000,0x0000001103c00000) (1024K)]
  0x00000185c9981ab0 ConcurrentGCThread "G1 Service"                [id=15488, stack(0x0000001103c00000,0x0000001103d00000) (1024K)]
Total: 15

Threads with active compile tasks:
C2 CompilerThread0  1456407 8802       4       org.gradle.internal.instantiation.generator.AbstractClassGenerator::inspectType (602 bytes)
Total: 1

VM state: not at safepoint (normal execution)

VM Mutex/Monitor currently owned by a thread: None

Heap address: 0x0000000700000000, size: 4096 MB, Compressed Oops mode: Zero based, Oop shift amount: 3

CDS archive(s) mapped at: [0x00000185ca000000-0x00000185caba0000-0x00000185caba0000), size 12189696, SharedBaseAddress: 0x00000185ca000000, ArchiveRelocationMode: 1.
Compressed class space mapped at: 0x00000185cb000000-0x000001860b000000, reserved size: 1073741824
Narrow klass base: 0x00000185ca000000, Narrow klass shift: 0, Narrow klass range: 0x100000000

GC Precious Log:
 CardTable entry size: 512
 Card Set container configuration: InlinePtr #cards 4 size 8 Array Of Cards #cards 16 size 48 Howl #buckets 8 coarsen threshold 3686 Howl Bitmap #cards 512 size 80 coarsen threshold 460 Card regions per heap region 1 cards per card region 4096
 CPUs: 8 total, 8 available
 Memory: 7502M
 Large Page Support: Disabled
 NUMA Support: Disabled
 Compressed Oops: Enabled (Zero based)
 Heap Region Size: 2M
 Heap Min Capacity: 8M
 Heap Initial Capacity: 118M
 Heap Max Capacity: 4G
 Pre-touch: Disabled
 Parallel Workers: 8
 Concurrent Workers: 2
 Concurrent Refinement Workers: 8
 Periodic GC: Disabled

Heap:
 garbage-first heap   total 325632K, used 77532K [0x0000000700000000, 0x0000000800000000)
  region size 2048K, 9 young (18432K), 1 survivors (2048K)
 Metaspace       used 66733K, committed 68800K, reserved 1114112K
  class space    used 9603K, committed 10624K, reserved 1048576K

Heap Regions: E=young(eden), S=young(survivor), O=old, HS=humongous(starts), HC=humongous(continues), CS=collection set, F=free, TAMS=top-at-mark-start, PB=parsable bottom
|   0|0x0000000700000000, 0x0000000700200000, 0x0000000700200000|100%|HS|  |TAMS 0x0000000700000000| PB 0x0000000700000000| Complete 
|   1|0x0000000700200000, 0x0000000700400000, 0x0000000700400000|100%|HC|  |TAMS 0x0000000700200000| PB 0x0000000700200000| Complete 
|   2|0x0000000700400000, 0x0000000700600000, 0x0000000700600000|100%| O|  |TAMS 0x0000000700400000| PB 0x0000000700400000| Untracked 
|   3|0x0000000700600000, 0x0000000700800000, 0x0000000700800000|100%| O|  |TAMS 0x0000000700600000| PB 0x0000000700600000| Untracked 
|   4|0x0000000700800000, 0x0000000700a00000, 0x0000000700a00000|100%| O|  |TAMS 0x0000000700800000| PB 0x0000000700800000| Untracked 
|   5|0x0000000700a00000, 0x0000000700c00000, 0x0000000700c00000|100%| O|  |TAMS 0x0000000700a00000| PB 0x0000000700a00000| Untracked 
|   6|0x0000000700c00000, 0x0000000700e00000, 0x0000000700e00000|100%| O|  |TAMS 0x0000000700c00000| PB 0x0000000700c00000| Untracked 
|   7|0x0000000700e00000, 0x0000000701000000, 0x0000000701000000|100%| O|  |TAMS 0x0000000700e00000| PB 0x0000000700e00000| Untracked 
|   8|0x0000000701000000, 0x0000000701200000, 0x0000000701200000|100%| O|  |TAMS 0x0000000701000000| PB 0x0000000701000000| Untracked 
|   9|0x0000000701200000, 0x0000000701400000, 0x0000000701400000|100%| O|  |TAMS 0x0000000701200000| PB 0x0000000701200000| Untracked 
|  10|0x0000000701400000, 0x0000000701600000, 0x0000000701600000|100%| O|  |TAMS 0x0000000701400000| PB 0x0000000701400000| Untracked 
|  11|0x0000000701600000, 0x0000000701800000, 0x0000000701800000|100%| O|  |TAMS 0x0000000701600000| PB 0x0000000701600000| Untracked 
|  12|0x0000000701800000, 0x0000000701a00000, 0x0000000701a00000|100%| O|  |TAMS 0x0000000701800000| PB 0x0000000701800000| Untracked 
|  13|0x0000000701a00000, 0x0000000701c00000, 0x0000000701c00000|100%| O|  |TAMS 0x0000000701a00000| PB 0x0000000701a00000| Untracked 
|  14|0x0000000701c00000, 0x0000000701e00000, 0x0000000701e00000|100%| O|  |TAMS 0x0000000701c00000| PB 0x0000000701c00000| Untracked 
|  15|0x0000000701e00000, 0x0000000702000000, 0x0000000702000000|100%| O|  |TAMS 0x0000000701e00000| PB 0x0000000701e00000| Untracked 
|  16|0x0000000702000000, 0x0000000702200000, 0x0000000702200000|100%| O|  |TAMS 0x0000000702000000| PB 0x0000000702000000| Untracked 
|  17|0x0000000702200000, 0x0000000702400000, 0x0000000702400000|100%| O|  |TAMS 0x0000000702200000| PB 0x0000000702200000| Untracked 
|  18|0x0000000702400000, 0x0000000702600000, 0x0000000702600000|100%| O|  |TAMS 0x0000000702400000| PB 0x0000000702400000| Untracked 
|  19|0x0000000702600000, 0x0000000702800000, 0x0000000702800000|100%| O|  |TAMS 0x0000000702600000| PB 0x0000000702600000| Untracked 
|  20|0x0000000702800000, 0x0000000702a00000, 0x0000000702a00000|100%| O|  |TAMS 0x0000000702800000| PB 0x0000000702800000| Untracked 
|  21|0x0000000702a00000, 0x0000000702c00000, 0x0000000702c00000|100%| O|  |TAMS 0x0000000702a00000| PB 0x0000000702a00000| Untracked 
|  22|0x0000000702c00000, 0x0000000702e00000, 0x0000000702e00000|100%| O|  |TAMS 0x0000000702c00000| PB 0x0000000702c00000| Untracked 
|  23|0x0000000702e00000, 0x0000000703000000, 0x0000000703000000|100%| O|  |TAMS 0x0000000702e00000| PB 0x0000000702e00000| Untracked 
|  24|0x0000000703000000, 0x0000000703200000, 0x0000000703200000|100%|HS|  |TAMS 0x0000000703000000| PB 0x0000000703000000| Complete 
|  25|0x0000000703200000, 0x0000000703400000, 0x0000000703400000|100%|HC|  |TAMS 0x0000000703200000| PB 0x0000000703200000| Complete 
|  26|0x0000000703400000, 0x0000000703600000, 0x0000000703600000|100%| O|  |TAMS 0x0000000703400000| PB 0x0000000703400000| Untracked 
|  27|0x0000000703600000, 0x0000000703800000, 0x0000000703800000|100%|HS|  |TAMS 0x0000000703600000| PB 0x0000000703600000| Complete 
|  28|0x0000000703800000, 0x0000000703a00000, 0x0000000703a00000|100%|HC|  |TAMS 0x0000000703800000| PB 0x0000000703800000| Complete 
|  29|0x0000000703a00000, 0x0000000703c00000, 0x0000000703c00000|100%| O|  |TAMS 0x0000000703a00000| PB 0x0000000703a00000| Untracked 
|  30|0x0000000703c00000, 0x0000000703c47ba0, 0x0000000703e00000| 14%| O|  |TAMS 0x0000000703c00000| PB 0x0000000703c00000| Untracked 
|  31|0x0000000703e00000, 0x0000000703e00000, 0x0000000704000000|  0%| F|  |TAMS 0x0000000703e00000| PB 0x0000000703e00000| Untracked 
|  32|0x0000000704000000, 0x0000000704000000, 0x0000000704200000|  0%| F|  |TAMS 0x0000000704000000| PB 0x0000000704000000| Untracked 
|  33|0x0000000704200000, 0x0000000704200000, 0x0000000704400000|  0%| F|  |TAMS 0x0000000704200000| PB 0x0000000704200000| Untracked 
|  34|0x0000000704400000, 0x0000000704400000, 0x0000000704600000|  0%| F|  |TAMS 0x0000000704400000| PB 0x0000000704400000| Untracked 
|  35|0x0000000704600000, 0x0000000704600000, 0x0000000704800000|  0%| F|  |TAMS 0x0000000704600000| PB 0x0000000704600000| Untracked 
|  36|0x0000000704800000, 0x0000000704800000, 0x0000000704a00000|  0%| F|  |TAMS 0x0000000704800000| PB 0x0000000704800000| Untracked 
|  37|0x0000000704a00000, 0x0000000704a00000, 0x0000000704c00000|  0%| F|  |TAMS 0x0000000704a00000| PB 0x0000000704a00000| Untracked 
|  38|0x0000000704c00000, 0x0000000704c00000, 0x0000000704e00000|  0%| F|  |TAMS 0x0000000704c00000| PB 0x0000000704c00000| Untracked 
|  39|0x0000000704e00000, 0x0000000704e00000, 0x0000000705000000|  0%| F|  |TAMS 0x0000000704e00000| PB 0x0000000704e00000| Untracked 
|  40|0x0000000705000000, 0x0000000705000000, 0x0000000705200000|  0%| F|  |TAMS 0x0000000705000000| PB 0x0000000705000000| Untracked 
|  41|0x0000000705200000, 0x0000000705200000, 0x0000000705400000|  0%| F|  |TAMS 0x0000000705200000| PB 0x0000000705200000| Untracked 
|  42|0x0000000705400000, 0x0000000705400000, 0x0000000705600000|  0%| F|  |TAMS 0x0000000705400000| PB 0x0000000705400000| Untracked 
|  43|0x0000000705600000, 0x0000000705600000, 0x0000000705800000|  0%| F|  |TAMS 0x0000000705600000| PB 0x0000000705600000| Untracked 
|  44|0x0000000705800000, 0x0000000705800000, 0x0000000705a00000|  0%| F|  |TAMS 0x0000000705800000| PB 0x0000000705800000| Untracked 
|  45|0x0000000705a00000, 0x0000000705a00000, 0x0000000705c00000|  0%| F|  |TAMS 0x0000000705a00000| PB 0x0000000705a00000| Untracked 
|  46|0x0000000705c00000, 0x0000000705c00000, 0x0000000705e00000|  0%| F|  |TAMS 0x0000000705c00000| PB 0x0000000705c00000| Untracked 
|  47|0x0000000705e00000, 0x0000000705e00000, 0x0000000706000000|  0%| F|  |TAMS 0x0000000705e00000| PB 0x0000000705e00000| Untracked 
|  48|0x0000000706000000, 0x0000000706000000, 0x0000000706200000|  0%| F|  |TAMS 0x0000000706000000| PB 0x0000000706000000| Untracked 
|  49|0x0000000706200000, 0x0000000706200000, 0x0000000706400000|  0%| F|  |TAMS 0x0000000706200000| PB 0x0000000706200000| Untracked 
|  50|0x0000000706400000, 0x0000000706400000, 0x0000000706600000|  0%| F|  |TAMS 0x0000000706400000| PB 0x0000000706400000| Untracked 
|  51|0x0000000706600000, 0x0000000706600000, 0x0000000706800000|  0%| F|  |TAMS 0x0000000706600000| PB 0x0000000706600000| Untracked 
|  52|0x0000000706800000, 0x0000000706800000, 0x0000000706a00000|  0%| F|  |TAMS 0x0000000706800000| PB 0x0000000706800000| Untracked 
|  53|0x0000000706a00000, 0x0000000706a00000, 0x0000000706c00000|  0%| F|  |TAMS 0x0000000706a00000| PB 0x0000000706a00000| Untracked 
|  54|0x0000000706c00000, 0x0000000706c00000, 0x0000000706e00000|  0%| F|  |TAMS 0x0000000706c00000| PB 0x0000000706c00000| Untracked 
|  55|0x0000000706e00000, 0x0000000706e00000, 0x0000000707000000|  0%| F|  |TAMS 0x0000000706e00000| PB 0x0000000706e00000| Untracked 
|  56|0x0000000707000000, 0x0000000707000000, 0x0000000707200000|  0%| F|  |TAMS 0x0000000707000000| PB 0x0000000707000000| Untracked 
|  57|0x0000000707200000, 0x0000000707200000, 0x0000000707400000|  0%| F|  |TAMS 0x0000000707200000| PB 0x0000000707200000| Untracked 
|  58|0x0000000707400000, 0x0000000707400000, 0x0000000707600000|  0%| F|  |TAMS 0x0000000707400000| PB 0x0000000707400000| Untracked 
|  59|0x0000000707600000, 0x0000000707600000, 0x0000000707800000|  0%| F|  |TAMS 0x0000000707600000| PB 0x0000000707600000| Untracked 
|  60|0x0000000707800000, 0x0000000707800000, 0x0000000707a00000|  0%| F|  |TAMS 0x0000000707800000| PB 0x0000000707800000| Untracked 
|  61|0x0000000707a00000, 0x0000000707a00000, 0x0000000707c00000|  0%| F|  |TAMS 0x0000000707a00000| PB 0x0000000707a00000| Untracked 
|  62|0x0000000707c00000, 0x0000000707c00000, 0x0000000707e00000|  0%| F|  |TAMS 0x0000000707c00000| PB 0x0000000707c00000| Untracked 
|  63|0x0000000707e00000, 0x0000000707e00000, 0x0000000708000000|  0%| F|  |TAMS 0x0000000707e00000| PB 0x0000000707e00000| Untracked 
|  64|0x0000000708000000, 0x0000000708000000, 0x0000000708200000|  0%| F|  |TAMS 0x0000000708000000| PB 0x0000000708000000| Untracked 
|  65|0x0000000708200000, 0x0000000708200000, 0x0000000708400000|  0%| F|  |TAMS 0x0000000708200000| PB 0x0000000708200000| Untracked 
|  66|0x0000000708400000, 0x0000000708400000, 0x0000000708600000|  0%| F|  |TAMS 0x0000000708400000| PB 0x0000000708400000| Untracked 
|  67|0x0000000708600000, 0x0000000708600000, 0x0000000708800000|  0%| F|  |TAMS 0x0000000708600000| PB 0x0000000708600000| Untracked 
|  68|0x0000000708800000, 0x0000000708800000, 0x0000000708a00000|  0%| F|  |TAMS 0x0000000708800000| PB 0x0000000708800000| Untracked 
|  69|0x0000000708a00000, 0x0000000708a00000, 0x0000000708c00000|  0%| F|  |TAMS 0x0000000708a00000| PB 0x0000000708a00000| Untracked 
|  70|0x0000000708c00000, 0x0000000708c00000, 0x0000000708e00000|  0%| F|  |TAMS 0x0000000708c00000| PB 0x0000000708c00000| Untracked 
|  71|0x0000000708e00000, 0x0000000708e00000, 0x0000000709000000|  0%| F|  |TAMS 0x0000000708e00000| PB 0x0000000708e00000| Untracked 
|  72|0x0000000709000000, 0x0000000709000000, 0x0000000709200000|  0%| F|  |TAMS 0x0000000709000000| PB 0x0000000709000000| Untracked 
|  73|0x0000000709200000, 0x0000000709200000, 0x0000000709400000|  0%| F|  |TAMS 0x0000000709200000| PB 0x0000000709200000| Untracked 
|  74|0x0000000709400000, 0x0000000709400000, 0x0000000709600000|  0%| F|  |TAMS 0x0000000709400000| PB 0x0000000709400000| Untracked 
|  75|0x0000000709600000, 0x0000000709600000, 0x0000000709800000|  0%| F|  |TAMS 0x0000000709600000| PB 0x0000000709600000| Untracked 
|  76|0x0000000709800000, 0x0000000709800000, 0x0000000709a00000|  0%| F|  |TAMS 0x0000000709800000| PB 0x0000000709800000| Untracked 
|  77|0x0000000709a00000, 0x0000000709a00000, 0x0000000709c00000|  0%| F|  |TAMS 0x0000000709a00000| PB 0x0000000709a00000| Untracked 
|  78|0x0000000709c00000, 0x0000000709c00000, 0x0000000709e00000|  0%| F|  |TAMS 0x0000000709c00000| PB 0x0000000709c00000| Untracked 
|  79|0x0000000709e00000, 0x0000000709e00000, 0x000000070a000000|  0%| F|  |TAMS 0x0000000709e00000| PB 0x0000000709e00000| Untracked 
|  80|0x000000070a000000, 0x000000070a000000, 0x000000070a200000|  0%| F|  |TAMS 0x000000070a000000| PB 0x000000070a000000| Untracked 
|  81|0x000000070a200000, 0x000000070a200000, 0x000000070a400000|  0%| F|  |TAMS 0x000000070a200000| PB 0x000000070a200000| Untracked 
|  82|0x000000070a400000, 0x000000070a400000, 0x000000070a600000|  0%| F|  |TAMS 0x000000070a400000| PB 0x000000070a400000| Untracked 
|  83|0x000000070a600000, 0x000000070a600000, 0x000000070a800000|  0%| F|  |TAMS 0x000000070a600000| PB 0x000000070a600000| Untracked 
|  84|0x000000070a800000, 0x000000070a800000, 0x000000070aa00000|  0%| F|  |TAMS 0x000000070a800000| PB 0x000000070a800000| Untracked 
|  85|0x000000070aa00000, 0x000000070aa00000, 0x000000070ac00000|  0%| F|  |TAMS 0x000000070aa00000| PB 0x000000070aa00000| Untracked 
|  86|0x000000070ac00000, 0x000000070ac00000, 0x000000070ae00000|  0%| F|  |TAMS 0x000000070ac00000| PB 0x000000070ac00000| Untracked 
|  87|0x000000070ae00000, 0x000000070ae00000, 0x000000070b000000|  0%| F|  |TAMS 0x000000070ae00000| PB 0x000000070ae00000| Untracked 
|  88|0x000000070b000000, 0x000000070b000000, 0x000000070b200000|  0%| F|  |TAMS 0x000000070b000000| PB 0x000000070b000000| Untracked 
|  89|0x000000070b200000, 0x000000070b200000, 0x000000070b400000|  0%| F|  |TAMS 0x000000070b200000| PB 0x000000070b200000| Untracked 
|  90|0x000000070b400000, 0x000000070b400000, 0x000000070b600000|  0%| F|  |TAMS 0x000000070b400000| PB 0x000000070b400000| Untracked 
|  91|0x000000070b600000, 0x000000070b600000, 0x000000070b800000|  0%| F|  |TAMS 0x000000070b600000| PB 0x000000070b600000| Untracked 
|  92|0x000000070b800000, 0x000000070b800000, 0x000000070ba00000|  0%| F|  |TAMS 0x000000070b800000| PB 0x000000070b800000| Untracked 
|  93|0x000000070ba00000, 0x000000070ba00000, 0x000000070bc00000|  0%| F|  |TAMS 0x000000070ba00000| PB 0x000000070ba00000| Untracked 
|  94|0x000000070bc00000, 0x000000070bc00000, 0x000000070be00000|  0%| F|  |TAMS 0x000000070bc00000| PB 0x000000070bc00000| Untracked 
|  95|0x000000070be00000, 0x000000070be00000, 0x000000070c000000|  0%| F|  |TAMS 0x000000070be00000| PB 0x000000070be00000| Untracked 
|  96|0x000000070c000000, 0x000000070c000000, 0x000000070c200000|  0%| F|  |TAMS 0x000000070c000000| PB 0x000000070c000000| Untracked 
|  97|0x000000070c200000, 0x000000070c200000, 0x000000070c400000|  0%| F|  |TAMS 0x000000070c200000| PB 0x000000070c200000| Untracked 
|  98|0x000000070c400000, 0x000000070c400000, 0x000000070c600000|  0%| F|  |TAMS 0x000000070c400000| PB 0x000000070c400000| Untracked 
|  99|0x000000070c600000, 0x000000070c600000, 0x000000070c800000|  0%| F|  |TAMS 0x000000070c600000| PB 0x000000070c600000| Untracked 
| 100|0x000000070c800000, 0x000000070c800000, 0x000000070ca00000|  0%| F|  |TAMS 0x000000070c800000| PB 0x000000070c800000| Untracked 
| 101|0x000000070ca00000, 0x000000070ca00000, 0x000000070cc00000|  0%| F|  |TAMS 0x000000070ca00000| PB 0x000000070ca00000| Untracked 
| 102|0x000000070cc00000, 0x000000070cc00000, 0x000000070ce00000|  0%| F|  |TAMS 0x000000070cc00000| PB 0x000000070cc00000| Untracked 
| 103|0x000000070ce00000, 0x000000070ce00000, 0x000000070d000000|  0%| F|  |TAMS 0x000000070ce00000| PB 0x000000070ce00000| Untracked 
| 104|0x000000070d000000, 0x000000070d000000, 0x000000070d200000|  0%| F|  |TAMS 0x000000070d000000| PB 0x000000070d000000| Untracked 
| 105|0x000000070d200000, 0x000000070d200000, 0x000000070d400000|  0%| F|  |TAMS 0x000000070d200000| PB 0x000000070d200000| Untracked 
| 106|0x000000070d400000, 0x000000070d400000, 0x000000070d600000|  0%| F|  |TAMS 0x000000070d400000| PB 0x000000070d400000| Untracked 
| 107|0x000000070d600000, 0x000000070d600000, 0x000000070d800000|  0%| F|  |TAMS 0x000000070d600000| PB 0x000000070d600000| Untracked 
| 108|0x000000070d800000, 0x000000070d800000, 0x000000070da00000|  0%| F|  |TAMS 0x000000070d800000| PB 0x000000070d800000| Untracked 
| 109|0x000000070da00000, 0x000000070da00000, 0x000000070dc00000|  0%| F|  |TAMS 0x000000070da00000| PB 0x000000070da00000| Untracked 
| 110|0x000000070dc00000, 0x000000070dc00000, 0x000000070de00000|  0%| F|  |TAMS 0x000000070dc00000| PB 0x000000070dc00000| Untracked 
| 111|0x000000070de00000, 0x000000070de00000, 0x000000070e000000|  0%| F|  |TAMS 0x000000070de00000| PB 0x000000070de00000| Untracked 
| 112|0x000000070e000000, 0x000000070e000000, 0x000000070e200000|  0%| F|  |TAMS 0x000000070e000000| PB 0x000000070e000000| Untracked 
| 113|0x000000070e200000, 0x000000070e200000, 0x000000070e400000|  0%| F|  |TAMS 0x000000070e200000| PB 0x000000070e200000| Untracked 
| 114|0x000000070e400000, 0x000000070e400000, 0x000000070e600000|  0%| F|  |TAMS 0x000000070e400000| PB 0x000000070e400000| Untracked 
| 115|0x000000070e600000, 0x000000070e600000, 0x000000070e800000|  0%| F|  |TAMS 0x000000070e600000| PB 0x000000070e600000| Untracked 
| 116|0x000000070e800000, 0x000000070e800000, 0x000000070ea00000|  0%| F|  |TAMS 0x000000070e800000| PB 0x000000070e800000| Untracked 
| 117|0x000000070ea00000, 0x000000070ea00000, 0x000000070ec00000|  0%| F|  |TAMS 0x000000070ea00000| PB 0x000000070ea00000| Untracked 
| 118|0x000000070ec00000, 0x000000070ec00000, 0x000000070ee00000|  0%| F|  |TAMS 0x000000070ec00000| PB 0x000000070ec00000| Untracked 
| 119|0x000000070ee00000, 0x000000070ee00000, 0x000000070f000000|  0%| F|  |TAMS 0x000000070ee00000| PB 0x000000070ee00000| Untracked 
| 120|0x000000070f000000, 0x000000070f000000, 0x000000070f200000|  0%| F|  |TAMS 0x000000070f000000| PB 0x000000070f000000| Untracked 
| 121|0x000000070f200000, 0x000000070f200000, 0x000000070f400000|  0%| F|  |TAMS 0x000000070f200000| PB 0x000000070f200000| Untracked 
| 122|0x000000070f400000, 0x000000070f400000, 0x000000070f600000|  0%| F|  |TAMS 0x000000070f400000| PB 0x000000070f400000| Untracked 
| 123|0x000000070f600000, 0x000000070f600000, 0x000000070f800000|  0%| F|  |TAMS 0x000000070f600000| PB 0x000000070f600000| Untracked 
| 124|0x000000070f800000, 0x000000070f800000, 0x000000070fa00000|  0%| F|  |TAMS 0x000000070f800000| PB 0x000000070f800000| Untracked 
| 125|0x000000070fa00000, 0x000000070fa00000, 0x000000070fc00000|  0%| F|  |TAMS 0x000000070fa00000| PB 0x000000070fa00000| Untracked 
| 126|0x000000070fc00000, 0x000000070fc00000, 0x000000070fe00000|  0%| F|  |TAMS 0x000000070fc00000| PB 0x000000070fc00000| Untracked 
| 127|0x000000070fe00000, 0x000000070fe00000, 0x0000000710000000|  0%| F|  |TAMS 0x000000070fe00000| PB 0x000000070fe00000| Untracked 
| 128|0x0000000710000000, 0x0000000710000000, 0x0000000710200000|  0%| F|  |TAMS 0x0000000710000000| PB 0x0000000710000000| Untracked 
| 129|0x0000000710200000, 0x0000000710200000, 0x0000000710400000|  0%| F|  |TAMS 0x0000000710200000| PB 0x0000000710200000| Untracked 
| 130|0x0000000710400000, 0x0000000710400000, 0x0000000710600000|  0%| F|  |TAMS 0x0000000710400000| PB 0x0000000710400000| Untracked 
| 131|0x0000000710600000, 0x0000000710600000, 0x0000000710800000|  0%| F|  |TAMS 0x0000000710600000| PB 0x0000000710600000| Untracked 
| 132|0x0000000710800000, 0x0000000710800000, 0x0000000710a00000|  0%| F|  |TAMS 0x0000000710800000| PB 0x0000000710800000| Untracked 
| 133|0x0000000710a00000, 0x0000000710a00000, 0x0000000710c00000|  0%| F|  |TAMS 0x0000000710a00000| PB 0x0000000710a00000| Untracked 
| 134|0x0000000710c00000, 0x0000000710c00000, 0x0000000710e00000|  0%| F|  |TAMS 0x0000000710c00000| PB 0x0000000710c00000| Untracked 
| 135|0x0000000710e00000, 0x0000000710e00000, 0x0000000711000000|  0%| F|  |TAMS 0x0000000710e00000| PB 0x0000000710e00000| Untracked 
| 136|0x0000000711000000, 0x0000000711000000, 0x0000000711200000|  0%| F|  |TAMS 0x0000000711000000| PB 0x0000000711000000| Untracked 
| 137|0x0000000711200000, 0x0000000711200000, 0x0000000711400000|  0%| F|  |TAMS 0x0000000711200000| PB 0x0000000711200000| Untracked 
| 138|0x0000000711400000, 0x0000000711400000, 0x0000000711600000|  0%| F|  |TAMS 0x0000000711400000| PB 0x0000000711400000| Untracked 
| 139|0x0000000711600000, 0x0000000711600000, 0x0000000711800000|  0%| F|  |TAMS 0x0000000711600000| PB 0x0000000711600000| Untracked 
| 140|0x0000000711800000, 0x0000000711800000, 0x0000000711a00000|  0%| F|  |TAMS 0x0000000711800000| PB 0x0000000711800000| Untracked 
| 141|0x0000000711a00000, 0x0000000711a00000, 0x0000000711c00000|  0%| F|  |TAMS 0x0000000711a00000| PB 0x0000000711a00000| Untracked 
| 142|0x0000000711c00000, 0x0000000711c00000, 0x0000000711e00000|  0%| F|  |TAMS 0x0000000711c00000| PB 0x0000000711c00000| Untracked 
| 143|0x0000000711e00000, 0x0000000711e00000, 0x0000000712000000|  0%| F|  |TAMS 0x0000000711e00000| PB 0x0000000711e00000| Untracked 
| 144|0x0000000712000000, 0x0000000712000000, 0x0000000712200000|  0%| F|  |TAMS 0x0000000712000000| PB 0x0000000712000000| Untracked 
| 145|0x0000000712200000, 0x0000000712200000, 0x0000000712400000|  0%| F|  |TAMS 0x0000000712200000| PB 0x0000000712200000| Untracked 
| 146|0x0000000712400000, 0x0000000712400000, 0x0000000712600000|  0%| F|  |TAMS 0x0000000712400000| PB 0x0000000712400000| Untracked 
| 147|0x0000000712600000, 0x0000000712600000, 0x0000000712800000|  0%| F|  |TAMS 0x0000000712600000| PB 0x0000000712600000| Untracked 
| 148|0x0000000712800000, 0x0000000712800000, 0x0000000712a00000|  0%| F|  |TAMS 0x0000000712800000| PB 0x0000000712800000| Untracked 
| 149|0x0000000712a00000, 0x0000000712a00000, 0x0000000712c00000|  0%| F|  |TAMS 0x0000000712a00000| PB 0x0000000712a00000| Untracked 
| 150|0x0000000712c00000, 0x0000000712c3eb48, 0x0000000712e00000| 12%| E|  |TAMS 0x0000000712c00000| PB 0x0000000712c00000| Complete 
| 151|0x0000000712e00000, 0x0000000713000000, 0x0000000713000000|100%| E|CS|TAMS 0x0000000712e00000| PB 0x0000000712e00000| Complete 
| 152|0x0000000713000000, 0x000000071316f710, 0x0000000713200000| 71%| S|CS|TAMS 0x0000000713000000| PB 0x0000000713000000| Complete 
| 153|0x0000000713200000, 0x0000000713400000, 0x0000000713400000|100%| E|CS|TAMS 0x0000000713200000| PB 0x0000000713200000| Complete 
| 154|0x0000000713400000, 0x0000000713600000, 0x0000000713600000|100%| E|CS|TAMS 0x0000000713400000| PB 0x0000000713400000| Complete 
| 155|0x0000000713600000, 0x0000000713800000, 0x0000000713800000|100%| E|CS|TAMS 0x0000000713600000| PB 0x0000000713600000| Complete 
| 156|0x0000000713800000, 0x0000000713a00000, 0x0000000713a00000|100%| E|CS|TAMS 0x0000000713800000| PB 0x0000000713800000| Complete 
| 157|0x0000000713a00000, 0x0000000713c00000, 0x0000000713c00000|100%| E|CS|TAMS 0x0000000713a00000| PB 0x0000000713a00000| Complete 
| 158|0x0000000713c00000, 0x0000000713e00000, 0x0000000713e00000|100%| E|CS|TAMS 0x0000000713c00000| PB 0x0000000713c00000| Complete 

Card table byte_map: [0x00000185c28d0000,0x00000185c30d0000] _byte_map_base: 0x00000185bf0d0000

Marking Bits: (CMBitMap*) 0x00000185afc1b450
 Bits: [0x00000185c30d0000, 0x00000185c70d0000)

Polling page: 0x00000185ad9e0000

Metaspace:

Usage:
  Non-class:     55.79 MB used.
      Class:      9.38 MB used.
       Both:     65.17 MB used.

Virtual space:
  Non-class space:       64.00 MB reserved,      56.81 MB ( 89%) committed,  1 nodes.
      Class space:        1.00 GB reserved,      10.38 MB (  1%) committed,  1 nodes.
             Both:        1.06 GB reserved,      67.19 MB (  6%) committed. 

Chunk freelists:
   Non-Class:  6.78 MB
       Class:  5.47 MB
        Both:  12.25 MB

MaxMetaspaceSize: unlimited
CompressedClassSpaceSize: 1.00 GB
Initial GC threshold: 21.00 MB
Current GC threshold: 87.50 MB
CDS: on
 - commit_granule_bytes: 65536.
 - commit_granule_words: 8192.
 - virtual_space_node_default_size: 8388608.
 - enlarge_chunks_in_place: 1.
 - use_allocation_guard: 0.


Internal statistics:

num_allocs_failed_limit: 6.
num_arena_births: 3652.
num_arena_deaths: 0.
num_vsnodes_births: 2.
num_vsnodes_deaths: 0.
num_space_committed: 1075.
num_space_uncommitted: 0.
num_chunks_returned_to_freelist: 6.
num_chunks_taken_from_freelist: 6842.
num_chunk_merges: 6.
num_chunk_splits: 4433.
num_chunks_enlarged: 2668.
num_inconsistent_stats: 0.

CodeHeap 'non-profiled nmethods': size=120000Kb used=5044Kb max_used=5044Kb free=114955Kb
 bounds [0x00000185ba870000, 0x00000185bad60000, 0x00000185c1da0000]
CodeHeap 'profiled nmethods': size=120000Kb used=15337Kb max_used=15337Kb free=104662Kb
 bounds [0x00000185b2da0000, 0x00000185b3ca0000, 0x00000185ba2d0000]
CodeHeap 'non-nmethods': size=5760Kb used=2662Kb max_used=2701Kb free=3097Kb
 bounds [0x00000185ba2d0000, 0x00000185ba580000, 0x00000185ba870000]
CodeCache: size=245760Kb, used=23043Kb, max_used=23082Kb, free=222714Kb
 total_blobs=8864, nmethods=7933, adapters=835, full_count=0
Compilation: enabled, stopped_count=0, restarted_count=0

Compilation events (20 events):
Event: 1450.703 Thread 0x00000185c9af1c20 8793       3       org.gradle.model.internal.type.ClassTypeWrapper::unwrap (11 bytes)
Event: 1450.704 Thread 0x00000185c9af1c20 nmethod 8793 0x00000185b3c97510 code [0x00000185b3c976c0, 0x00000185b3c97990]
Event: 1451.865 Thread 0x00000185c9af1c20 8794       3       java.lang.invoke.MethodHandles::makeIdentity (23 bytes)
Event: 1451.868 Thread 0x00000185c9af1c20 nmethod 8794 0x00000185b3c97a90 code [0x00000185b3c97d20, 0x00000185b3c98700]
Event: 1451.983 Thread 0x00000185c9af1c20 8795       3       org.gradle.internal.instantiation.generator.AsmBackedClassGenerator$ClassBuilderImpl::access$5600 (4 bytes)
Event: 1451.983 Thread 0x00000185c9af1c20 nmethod 8795 0x00000185b3c98b10 code [0x00000185b3c98ca0, 0x00000185b3c98d98]
Event: 1452.368 Thread 0x00000185c9ae81c0 8796       4       com.google.common.collect.ImmutableMap$Builder::put (35 bytes)
Event: 1452.376 Thread 0x00000185c9ae81c0 nmethod 8796 0x00000185bad56990 code [0x00000185bad56b60, 0x00000185bad570b0]
Event: 1452.390 Thread 0x00000185c9ae81c0 8797       4       java.util.regex.Matcher::find (69 bytes)
Event: 1452.404 Thread 0x00000185c9ae81c0 nmethod 8797 0x00000185bad57390 code [0x00000185bad57560, 0x00000185bad57990]
Event: 1452.701 Thread 0x00000185c9ae81c0 8798       4       org.objectweb.asm.ClassWriter::visitMethod (57 bytes)
Event: 1453.881 Thread 0x00000185c9ae81c0 nmethod 8798 0x00000185bad57c90 code [0x00000185bad57f80, 0x00000185bad59b88]
Event: 1453.881 Thread 0x00000185c9ae81c0 8799       4       org.objectweb.asm.MethodWriter::<init> (232 bytes)
Event: 1453.904 Thread 0x00000185c9af1c20 8801       3       com.google.common.collect.AbstractSetMultimap::<init> (6 bytes)
Event: 1453.905 Thread 0x00000185c9af1c20 nmethod 8801 0x00000185b3c98e10 code [0x00000185b3c99000, 0x00000185b3c994b8]
Event: 1453.936 Thread 0x00000185c9ae81c0 nmethod 8799 0x00000185bad5a810 code [0x00000185bad5aae0, 0x00000185bad5c380]
Event: 1453.936 Thread 0x00000185c9ae81c0 8800       4       java.lang.Module::isNamed (13 bytes)
Event: 1453.937 Thread 0x00000185c9ae81c0 nmethod 8800 0x00000185bad5cf10 code [0x00000185bad5d0a0, 0x00000185bad5d130]
Event: 1453.956 Thread 0x00000185c9ae81c0 8802       4       org.gradle.internal.instantiation.generator.AbstractClassGenerator::inspectType (602 bytes)
Event: 1454.288 Thread 0x00000185c9af1c20 8804       3       org.gradle.api.internal.provider.ValueSanitizers::forType (69 bytes)

GC Heap History (20 events):
Event: 1216.318 GC heap before
{Heap before GC invocations=43 (full 0):
 garbage-first heap   total 325632K, used 65810K [0x0000000700000000, 0x0000000800000000)
  region size 2048K, 7 young (14336K), 1 survivors (2048K)
 Metaspace       used 58475K, committed 60352K, reserved 1114112K
  class space    used 8430K, committed 9344K, reserved 1048576K
}
Event: 1216.397 GC heap after
{Heap after GC invocations=44 (full 0):
 garbage-first heap   total 325632K, used 54173K [0x0000000700000000, 0x0000000800000000)
  region size 2048K, 1 young (2048K), 1 survivors (2048K)
 Metaspace       used 58475K, committed 60352K, reserved 1114112K
  class space    used 8430K, committed 9344K, reserved 1048576K
}
Event: 1231.044 GC heap before
{Heap before GC invocations=44 (full 0):
 garbage-first heap   total 325632K, used 66461K [0x0000000700000000, 0x0000000800000000)
  region size 2048K, 7 young (14336K), 1 survivors (2048K)
 Metaspace       used 58674K, committed 60608K, reserved 1114112K
  class space    used 8461K, committed 9408K, reserved 1048576K
}
Event: 1231.060 GC heap after
{Heap after GC invocations=45 (full 0):
 garbage-first heap   total 325632K, used 55590K [0x0000000700000000, 0x0000000800000000)
  region size 2048K, 1 young (2048K), 1 survivors (2048K)
 Metaspace       used 58674K, committed 60608K, reserved 1114112K
  class space    used 8461K, committed 9408K, reserved 1048576K
}
Event: 1306.132 GC heap before
{Heap before GC invocations=45 (full 0):
 garbage-first heap   total 325632K, used 71974K [0x0000000700000000, 0x0000000800000000)
  region size 2048K, 7 young (14336K), 1 survivors (2048K)
 Metaspace       used 58897K, committed 60736K, reserved 1114112K
  class space    used 8488K, committed 9408K, reserved 1048576K
}
Event: 1306.210 GC heap after
{Heap after GC invocations=46 (full 0):
 garbage-first heap   total 325632K, used 60295K [0x0000000700000000, 0x0000000800000000)
  region size 2048K, 1 young (2048K), 1 survivors (2048K)
 Metaspace       used 58897K, committed 60736K, reserved 1114112K
  class space    used 8488K, committed 9408K, reserved 1048576K
}
Event: 1365.391 GC heap before
{Heap before GC invocations=46 (full 0):
 garbage-first heap   total 325632K, used 72583K [0x0000000700000000, 0x0000000800000000)
  region size 2048K, 7 young (14336K), 1 survivors (2048K)
 Metaspace       used 59458K, committed 61312K, reserved 1114112K
  class space    used 8557K, committed 9472K, reserved 1048576K
}
Event: 1365.500 GC heap after
{Heap after GC invocations=47 (full 0):
 garbage-first heap   total 325632K, used 60413K [0x0000000700000000, 0x0000000800000000)
  region size 2048K, 1 young (2048K), 1 survivors (2048K)
 Metaspace       used 59458K, committed 61312K, reserved 1114112K
  class space    used 8557K, committed 9472K, reserved 1048576K
}
Event: 1388.585 GC heap before
{Heap before GC invocations=47 (full 0):
 garbage-first heap   total 325632K, used 72701K [0x0000000700000000, 0x0000000800000000)
  region size 2048K, 7 young (14336K), 1 survivors (2048K)
 Metaspace       used 61215K, committed 63168K, reserved 1114112K
  class space    used 8763K, committed 9728K, reserved 1048576K
}
Event: 1388.636 GC heap after
{Heap after GC invocations=48 (full 0):
 garbage-first heap   total 325632K, used 61123K [0x0000000700000000, 0x0000000800000000)
  region size 2048K, 1 young (2048K), 1 survivors (2048K)
 Metaspace       used 61215K, committed 63168K, reserved 1114112K
  class space    used 8763K, committed 9728K, reserved 1048576K
}
Event: 1403.928 GC heap before
{Heap before GC invocations=48 (full 0):
 garbage-first heap   total 325632K, used 73411K [0x0000000700000000, 0x0000000800000000)
  region size 2048K, 7 young (14336K), 1 survivors (2048K)
 Metaspace       used 62075K, committed 63936K, reserved 1114112K
  class space    used 8887K, committed 9792K, reserved 1048576K
}
Event: 1404.951 GC heap after
{Heap after GC invocations=49 (full 0):
 garbage-first heap   total 325632K, used 61529K [0x0000000700000000, 0x0000000800000000)
  region size 2048K, 1 young (2048K), 1 survivors (2048K)
 Metaspace       used 62075K, committed 63936K, reserved 1114112K
  class space    used 8887K, committed 9792K, reserved 1048576K
}
Event: 1417.934 GC heap before
{Heap before GC invocations=49 (full 0):
 garbage-first heap   total 325632K, used 73817K [0x0000000700000000, 0x0000000800000000)
  region size 2048K, 7 young (14336K), 1 survivors (2048K)
 Metaspace       used 62787K, committed 64640K, reserved 1114112K
  class space    used 9011K, committed 9920K, reserved 1048576K
}
Event: 1417.946 GC heap after
{Heap after GC invocations=50 (full 0):
 garbage-first heap   total 325632K, used 61939K [0x0000000700000000, 0x0000000800000000)
  region size 2048K, 1 young (2048K), 1 survivors (2048K)
 Metaspace       used 62787K, committed 64640K, reserved 1114112K
  class space    used 9011K, committed 9920K, reserved 1048576K
}
Event: 1430.724 GC heap before
{Heap before GC invocations=50 (full 0):
 garbage-first heap   total 325632K, used 74227K [0x0000000700000000, 0x0000000800000000)
  region size 2048K, 7 young (14336K), 1 survivors (2048K)
 Metaspace       used 63739K, committed 65664K, reserved 1114112K
  class space    used 9128K, committed 10048K, reserved 1048576K
}
Event: 1430.730 GC heap after
{Heap after GC invocations=51 (full 0):
 garbage-first heap   total 325632K, used 62588K [0x0000000700000000, 0x0000000800000000)
  region size 2048K, 1 young (2048K), 1 survivors (2048K)
 Metaspace       used 63739K, committed 65664K, reserved 1114112K
  class space    used 9128K, committed 10048K, reserved 1048576K
}
Event: 1436.947 GC heap before
{Heap before GC invocations=51 (full 0):
 garbage-first heap   total 325632K, used 74876K [0x0000000700000000, 0x0000000800000000)
  region size 2048K, 7 young (14336K), 1 survivors (2048K)
 Metaspace       used 64446K, committed 66304K, reserved 1114112K
  class space    used 9221K, committed 10112K, reserved 1048576K
}
Event: 1436.953 GC heap after
{Heap after GC invocations=52 (full 0):
 garbage-first heap   total 325632K, used 62794K [0x0000000700000000, 0x0000000800000000)
  region size 2048K, 1 young (2048K), 1 survivors (2048K)
 Metaspace       used 64446K, committed 66304K, reserved 1114112K
  class space    used 9221K, committed 10112K, reserved 1048576K
}
Event: 1439.066 GC heap before
{Heap before GC invocations=52 (full 0):
 garbage-first heap   total 325632K, used 75082K [0x0000000700000000, 0x0000000800000000)
  region size 2048K, 7 young (14336K), 1 survivors (2048K)
 Metaspace       used 65407K, committed 67328K, reserved 1114112K
  class space    used 9370K, committed 10304K, reserved 1048576K
}
Event: 1439.071 GC heap after
{Heap after GC invocations=53 (full 0):
 garbage-first heap   total 325632K, used 63196K [0x0000000700000000, 0x0000000800000000)
  region size 2048K, 1 young (2048K), 1 survivors (2048K)
 Metaspace       used 65407K, committed 67328K, reserved 1114112K
  class space    used 9370K, committed 10304K, reserved 1048576K
}

Dll operation events (20 events):
Event: 1.466 Attempting to load shared library C:\Users\NAGARAJU\.antigravity-ide\extensions\redhat.java-1.56.0-win32-x64\jre\21.0.12.1-win32-x86_64\bin\nio.dll
Event: 1.467 Loaded shared library C:\Users\NAGARAJU\.antigravity-ide\extensions\redhat.java-1.56.0-win32-x64\jre\21.0.12.1-win32-x86_64\bin\nio.dll
Event: 1.474 Attempting to load shared library C:\Users\NAGARAJU\.antigravity-ide\extensions\redhat.java-1.56.0-win32-x64\jre\21.0.12.1-win32-x86_64\bin\zip.dll
Event: 1.474 Loaded shared library C:\Users\NAGARAJU\.antigravity-ide\extensions\redhat.java-1.56.0-win32-x64\jre\21.0.12.1-win32-x86_64\bin\zip.dll
Event: 6.309 Attempting to load shared library C:\Users\NAGARAJU\.antigravity-ide\extensions\redhat.java-1.56.0-win32-x64\jre\21.0.12.1-win32-x86_64\bin\jimage.dll
Event: 6.309 Loaded shared library C:\Users\NAGARAJU\.antigravity-ide\extensions\redhat.java-1.56.0-win32-x64\jre\21.0.12.1-win32-x86_64\bin\jimage.dll
Event: 8.694 Attempting to load shared library C:\Users\NAGARAJU\.antigravity-ide\extensions\redhat.java-1.56.0-win32-x64\jre\21.0.12.1-win32-x86_64\bin\verify.dll
Event: 8.709 Loaded shared library C:\Users\NAGARAJU\.antigravity-ide\extensions\redhat.java-1.56.0-win32-x64\jre\21.0.12.1-win32-x86_64\bin\verify.dll
Event: 9.384 Attempting to load shared library C:\Users\NAGARAJU\.gradle\native\1def1411415f61bf3af743bc5b6707747c0891f09f0c88961ee8f79bc544acac\windows-amd64\native-platform.dll
Event: 9.385 Loaded shared library C:\Users\NAGARAJU\.gradle\native\1def1411415f61bf3af743bc5b6707747c0891f09f0c88961ee8f79bc544acac\windows-amd64\native-platform.dll
Event: 9.426 Attempting to load shared library C:\Users\NAGARAJU\.gradle\native\0.2.7\x86_64-windows-gnu\gradle-fileevents.dll
Event: 9.432 Loaded shared library C:\Users\NAGARAJU\.gradle\native\0.2.7\x86_64-windows-gnu\gradle-fileevents.dll
Event: 20.087 Attempting to load shared library C:\Users\NAGARAJU\.antigravity-ide\extensions\redhat.java-1.56.0-win32-x64\jre\21.0.12.1-win32-x86_64\bin\management.dll
Event: 20.088 Loaded shared library C:\Users\NAGARAJU\.antigravity-ide\extensions\redhat.java-1.56.0-win32-x64\jre\21.0.12.1-win32-x86_64\bin\management.dll
Event: 20.093 Attempting to load shared library C:\Users\NAGARAJU\.antigravity-ide\extensions\redhat.java-1.56.0-win32-x64\jre\21.0.12.1-win32-x86_64\bin\management_ext.dll
Event: 20.095 Loaded shared library C:\Users\NAGARAJU\.antigravity-ide\extensions\redhat.java-1.56.0-win32-x64\jre\21.0.12.1-win32-x86_64\bin\management_ext.dll
Event: 25.133 Attempting to load shared library C:\Users\NAGARAJU\.antigravity-ide\extensions\redhat.java-1.56.0-win32-x64\jre\21.0.12.1-win32-x86_64\bin\extnet.dll
Event: 25.145 Loaded shared library C:\Users\NAGARAJU\.antigravity-ide\extensions\redhat.java-1.56.0-win32-x64\jre\21.0.12.1-win32-x86_64\bin\extnet.dll
Event: 28.172 Attempting to load shared library C:\Users\NAGARAJU\.antigravity-ide\extensions\redhat.java-1.56.0-win32-x64\jre\21.0.12.1-win32-x86_64\bin\sunmscapi.dll
Event: 28.342 Loaded shared library C:\Users\NAGARAJU\.antigravity-ide\extensions\redhat.java-1.56.0-win32-x64\jre\21.0.12.1-win32-x86_64\bin\sunmscapi.dll

Deoptimization events (20 events):
Event: 1447.780 Thread 0x0000018610853c80 DEOPT PACKING pc=0x00000185bab1f378 sp=0x00000011056f2770
Event: 1447.780 Thread 0x0000018610853c80 DEOPT UNPACKING pc=0x00000185ba324422 sp=0x00000011056f2720 mode 2
Event: 1452.367 Thread 0x0000018610853c80 Uncommon trap: trap_request=0xffffffd6 fr.pc=0x00000185bad4364c relative=0x000000000000036c
Event: 1452.367 Thread 0x0000018610853c80 Uncommon trap: reason=array_check action=maybe_recompile pc=0x00000185bad4364c method=com.google.common.collect.ImmutableMap$Builder.put(Ljava/lang/Object;Ljava/lang/Object;)Lcom/google/common/collect/ImmutableMap$Builder; @ 32 c2
Event: 1452.367 Thread 0x0000018610853c80 DEOPT PACKING pc=0x00000185bad4364c sp=0x00000011056f3fd0
Event: 1452.367 Thread 0x0000018610853c80 DEOPT UNPACKING pc=0x00000185ba324422 sp=0x00000011056f3f98 mode 2
Event: 1452.367 Thread 0x0000018610853c80 Uncommon trap: trap_request=0xffffffd6 fr.pc=0x00000185bad4364c relative=0x000000000000036c
Event: 1452.367 Thread 0x0000018610853c80 Uncommon trap: reason=array_check action=maybe_recompile pc=0x00000185bad4364c method=com.google.common.collect.ImmutableMap$Builder.put(Ljava/lang/Object;Ljava/lang/Object;)Lcom/google/common/collect/ImmutableMap$Builder; @ 32 c2
Event: 1452.367 Thread 0x0000018610853c80 DEOPT PACKING pc=0x00000185bad4364c sp=0x00000011056f3fd0
Event: 1452.367 Thread 0x0000018610853c80 DEOPT UNPACKING pc=0x00000185ba324422 sp=0x00000011056f3f98 mode 2
Event: 1452.367 Thread 0x0000018610853c80 Uncommon trap: trap_request=0xffffffd6 fr.pc=0x00000185bad4364c relative=0x000000000000036c
Event: 1452.367 Thread 0x0000018610853c80 Uncommon trap: reason=array_check action=maybe_recompile pc=0x00000185bad4364c method=com.google.common.collect.ImmutableMap$Builder.put(Ljava/lang/Object;Ljava/lang/Object;)Lcom/google/common/collect/ImmutableMap$Builder; @ 32 c2
Event: 1452.367 Thread 0x0000018610853c80 DEOPT PACKING pc=0x00000185bad4364c sp=0x00000011056f3fd0
Event: 1452.367 Thread 0x0000018610853c80 DEOPT UNPACKING pc=0x00000185ba324422 sp=0x00000011056f3f98 mode 2
Event: 1452.367 Thread 0x0000018610853c80 Uncommon trap: trap_request=0xffffffd6 fr.pc=0x00000185bad4364c relative=0x000000000000036c
Event: 1452.367 Thread 0x0000018610853c80 Uncommon trap: reason=array_check action=maybe_recompile pc=0x00000185bad4364c method=com.google.common.collect.ImmutableMap$Builder.put(Ljava/lang/Object;Ljava/lang/Object;)Lcom/google/common/collect/ImmutableMap$Builder; @ 32 c2
Event: 1452.367 Thread 0x0000018610853c80 DEOPT PACKING pc=0x00000185bad4364c sp=0x00000011056f3fd0
Event: 1452.367 Thread 0x0000018610853c80 DEOPT UNPACKING pc=0x00000185ba324422 sp=0x00000011056f3f98 mode 2
Event: 1453.963 Thread 0x0000018610853c80 DEOPT PACKING pc=0x00000185b3853706 sp=0x00000011056f44f0
Event: 1453.964 Thread 0x0000018610853c80 DEOPT UNPACKING pc=0x00000185ba324bc2 sp=0x00000011056f3ab0 mode 0

Classes loaded (20 events):
Event: 1441.164 Loading class jdk/xml/internal/XMLSecurityManager$Processor
Event: 1441.165 Loading class jdk/xml/internal/XMLSecurityManager$Processor done
Event: 1441.169 Loading class jdk/xml/internal/XMLSecurityManager$NameMap
Event: 1441.170 Loading class jdk/xml/internal/XMLSecurityManager$NameMap done
Event: 1441.173 Loading class com/sun/org/apache/xerces/internal/utils/XMLSecurityPropertyManager
Event: 1441.174 Loading class com/sun/org/apache/xerces/internal/utils/XMLSecurityPropertyManager done
Event: 1441.175 Loading class com/sun/org/apache/xerces/internal/utils/XMLSecurityPropertyManager$State
Event: 1441.175 Loading class com/sun/org/apache/xerces/internal/utils/XMLSecurityPropertyManager$State done
Event: 1441.177 Loading class com/sun/org/apache/xerces/internal/utils/XMLSecurityPropertyManager$Property
Event: 1441.177 Loading class com/sun/org/apache/xerces/internal/utils/XMLSecurityPropertyManager$Property done
Event: 1441.180 Loading class javax/xml/parsers/DocumentBuilderFactory
Event: 1441.181 Loading class javax/xml/parsers/DocumentBuilderFactory done
Event: 1441.181 Loading class javax/xml/parsers/FactoryFinder
Event: 1441.184 Loading class javax/xml/parsers/FactoryFinder done
Event: 1441.184 Loading class javax/xml/parsers/FactoryFinder$1
Event: 1441.185 Loading class javax/xml/parsers/FactoryFinder$1 done
Event: 1441.191 Loading class com/sun/org/apache/xerces/internal/jaxp/DocumentBuilderFactoryImpl
Event: 1441.193 Loading class com/sun/org/apache/xerces/internal/jaxp/DocumentBuilderFactoryImpl done
Event: 1447.191 Loading class java/util/regex/Pattern$SliceI
Event: 1447.216 Loading class java/util/regex/Pattern$SliceI done

Classes unloaded (0 events):
No events

Classes redefined (0 events):
No events

Internal exceptions (20 events):
Event: 1220.989 Thread 0x0000018610853c80 Exception <a 'java/lang/ClassNotFoundException'{0x00000007136102a8}: java/util/AbstractCollectionCustomizer> (0x00000007136102a8) 
thrown [s\src\hotspot\share\classfile\systemDictionary.cpp, line 313]
Event: 1221.054 Thread 0x0000018610853c80 Exception <a 'java/lang/ClassNotFoundException'{0x00000007136305c8}: org/gradle/api/internal/DefaultDomainObjectCollectionCustomizer> (0x00000007136305c8) 
thrown [s\src\hotspot\share\classfile\systemDictionary.cpp, line 313]
Event: 1221.110 Thread 0x0000018610853c80 Exception <a 'java/lang/ClassNotFoundException'{0x0000000713678830}: org/gradle/api/internal/DefaultNamedDomainObjectCollectionCustomizer> (0x0000000713678830) 
thrown [s\src\hotspot\share\classfile\systemDictionary.cpp, line 313]
Event: 1221.201 Thread 0x0000018610853c80 Exception <a 'java/lang/ClassNotFoundException'{0x00000007136ca9c0}: org/gradle/api/internal/DefaultNamedDomainObjectSetCustomizer> (0x00000007136ca9c0) 
thrown [s\src\hotspot\share\classfile\systemDictionary.cpp, line 313]
Event: 1221.234 Thread 0x0000018610853c80 Exception <a 'java/lang/ClassNotFoundException'{0x0000000713752028}: org/gradle/api/internal/tasks/DefaultTaskCollectionCustomizer> (0x0000000713752028) 
thrown [s\src\hotspot\share\classfile\systemDictionary.cpp, line 313]
Event: 1221.289 Thread 0x0000018610853c80 Exception <a 'java/lang/ClassNotFoundException'{0x0000000713401198}: org/gradle/api/internal/tasks/DefaultTaskContainerCustomizer> (0x0000000713401198) 
thrown [s\src\hotspot\share\classfile\systemDictionary.cpp, line 313]
Event: 1221.481 Thread 0x0000018610853c80 Exception <a 'java/lang/ClassNotFoundException'{0x00000007135d81f8}: org/gradle/api/internal/tasks/DefaultTaskContainer_DecoratedCustomizer> (0x00000007135d81f8) 
thrown [s\src\hotspot\share\classfile\systemDictionary.cpp, line 313]
Event: 1313.484 Thread 0x0000018610853c80 Exception <a 'java/lang/NoClassDefFoundError'{0x000000071389d1d8}: com/android/Version> (0x000000071389d1d8) 
thrown [s\src\hotspot\share\classfile\systemDictionary.cpp, line 302]
Event: 1371.965 Thread 0x0000018610853c80 Exception <a 'java/lang/NoSuchMethodError'{0x0000000713906060}: static Lorg/jetbrains/kotlin/gradle/plugin/internal/DefaultProjectIsolationStartParameterAccessor$Factory;.<clinit>()V> (0x0000000713906060) 
thrown [s\src\hotspot\share\prims\jni.cpp, line 1111]
Event: 1373.053 Thread 0x0000018610853c80 Exception <a 'java/lang/NoSuchMethodError'{0x000000071394ce00}: static Lorg/jetbrains/kotlin/gradle/plugin/internal/DefaultJavaExecTaskParametersCompatibility$Factory;.<clinit>()V> (0x000000071394ce00) 
thrown [s\src\hotspot\share\prims\jni.cpp, line 1111]
Event: 1373.271 Thread 0x0000018610853c80 Exception <a 'java/lang/NoSuchMethodError'{0x00000007139838a8}: static Lorg/jetbrains/kotlin/gradle/plugin/internal/DefaultMavenPublicationComponentAccessorFactory;.<clinit>()V> (0x00000007139838a8) 
thrown [s\src\hotspot\share\prims\jni.cpp, line 1111]
Event: 1373.650 Thread 0x0000018610853c80 Exception <a 'java/lang/NoSuchMethodError'{0x00000007139b8a78}: static Lorg/jetbrains/kotlin/gradle/plugin/internal/DefaultCompatibilityConventionRegistrar$Factory;.<clinit>()V> (0x00000007139b8a78) 
thrown [s\src\hotspot\share\prims\jni.cpp, line 1111]
Event: 1374.039 Thread 0x0000018610853c80 Exception <a 'java/lang/NoSuchMethodError'{0x00000007139dc8f8}: static Lorg/jetbrains/kotlin/gradle/plugin/internal/DefaultConfigurationCacheStartParameterAccessorVariantFactory;.<clinit>()V> (0x00000007139dc8f8) 
thrown [s\src\hotspot\share\prims\jni.cpp, line 1111]
Event: 1379.463 Thread 0x0000018610853c80 Exception <a 'java/lang/IncompatibleClassChangeError'{0x000000071343d438}: Found class java.lang.Object, but interface was expected> (0x000000071343d438) 
thrown [s\src\hotspot\share\interpreter\linkResolver.cpp, line 840]
Event: 1398.117 Thread 0x0000018610853c80 Exception <a 'java/lang/NoSuchMethodError'{0x00000007134f5e30}: static Ljava/lang/Object;.<clinit>()V> (0x00000007134f5e30) 
thrown [s\src\hotspot\share\prims\jni.cpp, line 1111]
Event: 1400.308 Thread 0x0000018610853c80 Exception <a 'java/lang/NoSuchMethodError'{0x0000000713209b20}: static Lorg/jetbrains/kotlin/gradle/plugin/statistics/MetricContainer;.<clinit>()V> (0x0000000713209b20) 
thrown [s\src\hotspot\share\prims\jni.cpp, line 1111]
Event: 1441.262 Thread 0x0000018610853c80 Exception <a 'java/lang/NoSuchMethodError'{0x0000000713ae2270}: 'java.lang.Object java.lang.invoke.DirectMethodHandle$Holder.newInvokeSpecial(java.lang.Object, java.lang.Object, java.lang.Object, java.lang.Object, java.lang.Object, java.lang.Object, java.lang.Object, java.lang.Object, java.lang.Object, java.lang.Object, java.lang.Object, java.lang.Object, java.lang.Object, java.lang.Object, java.lang.Object, java.lang.Object)'> (0x0000000713ae2270) 
thrown [s\src\hotspot\share\interpreter\linkResolver.cpp,
Event: 1441.267 Thread 0x0000018610853c80 Exception <a 'java/lang/NoSuchMethodError'{0x0000000713ae9448}: 'java.lang.Object java.lang.invoke.DirectMethodHandle$Holder.invokeSpecial(java.lang.Object, java.lang.Object, java.lang.Object, java.lang.Object, java.lang.Object, java.lang.Object, java.lang.Object, java.lang.Object, java.lang.Object, java.lang.Object, java.lang.Object, java.lang.Object, java.lang.Object, java.lang.Object, java.lang.Object, java.lang.Object, java.lang.Object)'> (0x0000000713ae9448) 
thrown [s\src\hotspot\share\interpreter\li
Event: 1441.269 Thread 0x0000018610853c80 Exception <a 'java/lang/NoSuchMethodError'{0x0000000713aef588}: 'java.lang.Object java.lang.invoke.DelegatingMethodHandle$Holder.reinvoke_L(java.lang.Object, java.lang.Object, java.lang.Object, java.lang.Object, java.lang.Object, java.lang.Object, java.lang.Object, java.lang.Object, java.lang.Object, java.lang.Object, java.lang.Object, java.lang.Object, java.lang.Object, java.lang.Object, java.lang.Object, java.lang.Object)'> (0x0000000713aef588) 
thrown [s\src\hotspot\share\interpreter\linkResolver.cpp, l
Event: 1448.590 Thread 0x0000018610853c80 Exception <a 'java/lang/NoSuchMethodError'{0x00000007137b5818}: 'void java.lang.invoke.DirectMethodHandle$Holder.invokeVirtual(java.lang.Object, java.lang.Object)'> (0x00000007137b5818) 
thrown [s\src\hotspot\share\interpreter\linkResolver.cpp, line 773]

ZGC Phase Switch (0 events):
No events

VM Operations (20 events):
Event: 1440.981 Executing safepoint VM operation: Cleanup done
Event: 1441.988 Executing safepoint VM operation: Cleanup
Event: 1442.331 Executing safepoint VM operation: Cleanup done
Event: 1443.875 Executing non-safepoint VM operation: HandshakeAllThreads (Deoptimize)
Event: 1443.878 Executing non-safepoint VM operation: HandshakeAllThreads (Deoptimize) done
Event: 1446.764 Executing non-safepoint VM operation: HandshakeAllThreads (HandshakeForDeflation)
Event: 1446.837 Executing non-safepoint VM operation: HandshakeAllThreads (HandshakeForDeflation) done
Event: 1446.838 Executing non-safepoint VM operation: RendezvousGCThreads
Event: 1446.838 Executing non-safepoint VM operation: RendezvousGCThreads done
Event: 1447.842 Executing safepoint VM operation: Cleanup
Event: 1447.843 Executing safepoint VM operation: Cleanup done
Event: 1448.847 Executing safepoint VM operation: Cleanup
Event: 1448.863 Executing safepoint VM operation: Cleanup done
Event: 1449.876 Executing safepoint VM operation: Cleanup
Event: 1449.891 Executing safepoint VM operation: Cleanup done
Event: 1450.899 Executing safepoint VM operation: Cleanup
Event: 1451.736 Executing safepoint VM operation: Cleanup done
Event: 1452.745 Executing safepoint VM operation: Cleanup
Event: 1452.805 Executing safepoint VM operation: Cleanup done
Event: 1454.819 Executing safepoint VM operation: Cleanup

Memory protections (0 events):
No events

Nmethod flushes (20 events):
Event: 317.809 Thread 0x00000185c9ac1410 flushing  nmethod 0x00000185b2f4ef90
Event: 317.809 Thread 0x00000185c9ac1410 flushing  nmethod 0x00000185b2f4fe90
Event: 317.809 Thread 0x00000185c9ac1410 flushing  nmethod 0x00000185b2f54590
Event: 317.809 Thread 0x00000185c9ac1410 flushing  nmethod 0x00000185b2f71490
Event: 317.809 Thread 0x00000185c9ac1410 flushing  nmethod 0x00000185b2f9cd10
Event: 317.809 Thread 0x00000185c9ac1410 flushing  nmethod 0x00000185b2f9d590
Event: 317.809 Thread 0x00000185c9ac1410 flushing  nmethod 0x00000185b2ffba10
Event: 317.810 Thread 0x00000185c9ac1410 flushing  nmethod 0x00000185b2fffe10
Event: 317.810 Thread 0x00000185c9ac1410 flushing  nmethod 0x00000185b3012f10
Event: 317.810 Thread 0x00000185c9ac1410 flushing  nmethod 0x00000185b30b0990
Event: 317.810 Thread 0x00000185c9ac1410 flushing  nmethod 0x00000185b3158b10
Event: 317.810 Thread 0x00000185c9ac1410 flushing  nmethod 0x00000185b315ba90
Event: 317.810 Thread 0x00000185c9ac1410 flushing  nmethod 0x00000185b315e310
Event: 317.810 Thread 0x00000185c9ac1410 flushing  nmethod 0x00000185b3346290
Event: 317.810 Thread 0x00000185c9ac1410 flushing  nmethod 0x00000185b343b710
Event: 317.810 Thread 0x00000185c9ac1410 flushing  nmethod 0x00000185b3530e90
Event: 317.810 Thread 0x00000185c9ac1410 flushing  nmethod 0x00000185b3531f90
Event: 317.810 Thread 0x00000185c9ac1410 flushing  nmethod 0x00000185b35c3410
Event: 317.810 Thread 0x00000185c9ac1410 flushing  nmethod 0x00000185b35c3910
Event: 317.810 Thread 0x00000185c9ac1410 flushing  nmethod 0x00000185b35c4010

Events (20 events):
Event: 931.923 Thread 0x0000018610853c80 Thread added: 0x0000018612654580
Event: 931.928 Thread 0x0000018610853c80 Thread added: 0x0000018612651100
Event: 931.933 Thread 0x0000018610853c80 Thread added: 0x0000018612654c10
Event: 931.937 Thread 0x0000018610853c80 Thread added: 0x0000018612655fc0
Event: 931.942 Thread 0x0000018610853c80 Thread added: 0x00000186126552a0
Event: 931.950 Thread 0x0000018610853c80 Thread added: 0x0000018612655930
Event: 932.524 Thread 0x0000018610853c80 Thread added: 0x0000018610852240
Event: 932.526 Thread 0x0000018610853c80 Thread added: 0x0000018612e37d30
Event: 932.528 Thread 0x0000018610853c80 Thread added: 0x0000018612e37010
Event: 932.530 Thread 0x0000018610853c80 Thread added: 0x0000018612e383c0
Event: 932.533 Thread 0x0000018610853c80 Thread added: 0x0000018612e3ab20
Event: 932.534 Thread 0x0000018610853c80 Thread added: 0x0000018612e3a490
Event: 932.536 Thread 0x0000018610853c80 Thread added: 0x0000018612e376a0
Event: 1041.658 Thread 0x00000186126503e0 Thread exited: 0x00000186126503e0
Event: 1066.433 Thread 0x0000018610855030 Thread added: 0x0000018612e3b840
Event: 1159.597 Thread 0x0000018612e3b840 Thread exited: 0x0000018612e3b840
Event: 1167.440 Thread 0x0000018610855030 Thread added: 0x0000018612e3b840
Event: 1323.143 Thread 0x0000018612e3b840 Thread exited: 0x0000018612e3b840
Event: 1407.846 Thread 0x0000018610853c80 Thread added: 0x0000018612e3b840
Event: 1448.466 Thread 0x0000018610853c80 Thread added: 0x0000018612e38a50


Dynamic libraries:
0x00007ff6b7110000 - 0x00007ff6b711e000 	C:\Users\NAGARAJU\.antigravity-ide\extensions\redhat.java-1.56.0-win32-x64\jre\21.0.12.1-win32-x86_64\bin\java.exe
0x00007ffa1e680000 - 0x00007ffa1e8e6000 	C:\WINDOWS\SYSTEM32\ntdll.dll
0x00007ffa1cfe0000 - 0x00007ffa1d0a9000 	C:\WINDOWS\System32\KERNEL32.DLL
0x00007ffa1bbd0000 - 0x00007ffa1bfcf000 	C:\WINDOWS\System32\KERNELBASE.dll
0x00007ffa1b890000 - 0x00007ffa1b9dc000 	C:\WINDOWS\System32\ucrtbase.dll
0x00007ff9e90f0000 - 0x00007ff9e9108000 	C:\Users\NAGARAJU\.antigravity-ide\extensions\redhat.java-1.56.0-win32-x64\jre\21.0.12.1-win32-x86_64\bin\jli.dll
0x00007ffa1d870000 - 0x00007ffa1da36000 	C:\WINDOWS\System32\USER32.dll
0x00007ffa1c380000 - 0x00007ffa1c3a7000 	C:\WINDOWS\System32\win32u.dll
0x00007ffa1e170000 - 0x00007ffa1e19b000 	C:\WINDOWS\System32\GDI32.dll
0x00007ffa1b9f0000 - 0x00007ffa1bb19000 	C:\WINDOWS\System32\gdi32full.dll
0x00007ffa1bb20000 - 0x00007ffa1bbc3000 	C:\WINDOWS\System32\msvcp_win.dll
0x00007ff9e9110000 - 0x00007ff9e912e000 	C:\Users\NAGARAJU\.antigravity-ide\extensions\redhat.java-1.56.0-win32-x64\jre\21.0.12.1-win32-x86_64\bin\VCRUNTIME140.dll
0x00007ffa046c0000 - 0x00007ffa04951000 	C:\WINDOWS\WinSxS\amd64_microsoft.windows.common-controls_6595b64144ccf1df_6.0.26100.8972_none_3e0da176e32f9d4b\COMCTL32.dll
0x00007ffa1e0c0000 - 0x00007ffa1e169000 	C:\WINDOWS\System32\msvcrt.dll
0x00007ffa1d550000 - 0x00007ffa1d582000 	C:\WINDOWS\System32\IMM32.DLL
0x00007ff9e90e0000 - 0x00007ff9e90ec000 	C:\Users\NAGARAJU\.antigravity-ide\extensions\redhat.java-1.56.0-win32-x64\jre\21.0.12.1-win32-x86_64\bin\vcruntime140_1.dll
0x00007ff9abe00000 - 0x00007ff9abe8d000 	C:\Users\NAGARAJU\.antigravity-ide\extensions\redhat.java-1.56.0-win32-x64\jre\21.0.12.1-win32-x86_64\bin\msvcp140.dll
0x00007ff9126f0000 - 0x00007ff913492000 	C:\Users\NAGARAJU\.antigravity-ide\extensions\redhat.java-1.56.0-win32-x64\jre\21.0.12.1-win32-x86_64\bin\server\jvm.dll
0x00007ffa1e4b0000 - 0x00007ffa1e56c000 	C:\WINDOWS\System32\ADVAPI32.dll
0x00007ffa1d0b0000 - 0x00007ffa1d15a000 	C:\WINDOWS\System32\sechost.dll
0x00007ffa1da40000 - 0x00007ffa1db58000 	C:\WINDOWS\System32\RPCRT4.dll
0x00007ffa1d260000 - 0x00007ffa1d2e2000 	C:\WINDOWS\System32\WS2_32.dll
0x00007ffa1b6f0000 - 0x00007ffa1b74e000 	C:\WINDOWS\SYSTEM32\POWRPROF.dll
0x00007ffa14ba0000 - 0x00007ffa14bd6000 	C:\WINDOWS\SYSTEM32\WINMM.dll
0x00007ffa14be0000 - 0x00007ffa14beb000 	C:\WINDOWS\SYSTEM32\VERSION.dll
0x00007ffa1b6d0000 - 0x00007ffa1b6e5000 	C:\WINDOWS\SYSTEM32\UMPDC.dll
0x00007ffa1a580000 - 0x00007ffa1a59b000 	C:\WINDOWS\SYSTEM32\kernel.appcore.dll
0x00007ff9e8950000 - 0x00007ff9e895a000 	C:\Users\NAGARAJU\.antigravity-ide\extensions\redhat.java-1.56.0-win32-x64\jre\21.0.12.1-win32-x86_64\bin\jimage.dll
0x00007ffa109a0000 - 0x00007ffa10be2000 	C:\WINDOWS\SYSTEM32\DBGHELP.DLL
0x00007ffa1db60000 - 0x00007ffa1dee5000 	C:\WINDOWS\System32\combase.dll
0x00007ffa1d770000 - 0x00007ffa1d849000 	C:\WINDOWS\System32\OLEAUT32.dll
0x00007ff9fa760000 - 0x00007ff9fa79b000 	C:\WINDOWS\SYSTEM32\dbgcore.DLL
0x00007ffa1c2c0000 - 0x00007ffa1c36c000 	C:\WINDOWS\System32\bcryptPrimitives.dll
0x00007ff9e8410000 - 0x00007ff9e841f000 	C:\Users\NAGARAJU\.antigravity-ide\extensions\redhat.java-1.56.0-win32-x64\jre\21.0.12.1-win32-x86_64\bin\instrument.dll
0x00007ff9b4920000 - 0x00007ff9b4940000 	C:\Users\NAGARAJU\.antigravity-ide\extensions\redhat.java-1.56.0-win32-x64\jre\21.0.12.1-win32-x86_64\bin\java.dll
0x00007ffa1c3b0000 - 0x00007ffa1cb38000 	C:\WINDOWS\System32\SHELL32.dll
0x00007ffa19360000 - 0x00007ffa19bfb000 	C:\WINDOWS\SYSTEM32\windows.storage.dll
0x00007ffa1d660000 - 0x00007ffa1d759000 	C:\WINDOWS\System32\SHCORE.dll
0x00007ffa1d590000 - 0x00007ffa1d5f6000 	C:\WINDOWS\System32\shlwapi.dll
0x00007ffa1b7b0000 - 0x00007ffa1b7d9000 	C:\WINDOWS\SYSTEM32\profapi.dll
0x00007ff9b4670000 - 0x00007ff9b4688000 	C:\Users\NAGARAJU\.antigravity-ide\extensions\redhat.java-1.56.0-win32-x64\jre\21.0.12.1-win32-x86_64\bin\zip.dll
0x00007ff9e8450000 - 0x00007ff9e8460000 	C:\Users\NAGARAJU\.antigravity-ide\extensions\redhat.java-1.56.0-win32-x64\jre\21.0.12.1-win32-x86_64\bin\net.dll
0x00007ffa11a00000 - 0x00007ffa11b28000 	C:\WINDOWS\SYSTEM32\WINHTTP.dll
0x00007ffa1ab30000 - 0x00007ffa1ab9c000 	C:\WINDOWS\system32\mswsock.dll
0x00007ff9e8430000 - 0x00007ff9e8446000 	C:\Users\NAGARAJU\.antigravity-ide\extensions\redhat.java-1.56.0-win32-x64\jre\21.0.12.1-win32-x86_64\bin\nio.dll
0x00007ff9e8400000 - 0x00007ff9e8410000 	C:\Users\NAGARAJU\.antigravity-ide\extensions\redhat.java-1.56.0-win32-x64\jre\21.0.12.1-win32-x86_64\bin\verify.dll
0x00007ff9b69d0000 - 0x00007ff9b69f7000 	C:\Users\NAGARAJU\.gradle\native\1def1411415f61bf3af743bc5b6707747c0891f09f0c88961ee8f79bc544acac\windows-amd64\native-platform.dll
0x00007ff9b3430000 - 0x00007ff9b34a8000 	C:\Users\NAGARAJU\.gradle\native\0.2.7\x86_64-windows-gnu\gradle-fileevents.dll
0x00007ff9d1040000 - 0x00007ff9d104a000 	C:\Users\NAGARAJU\.antigravity-ide\extensions\redhat.java-1.56.0-win32-x64\jre\21.0.12.1-win32-x86_64\bin\management.dll
0x00007ff9b70d0000 - 0x00007ff9b70dc000 	C:\Users\NAGARAJU\.antigravity-ide\extensions\redhat.java-1.56.0-win32-x64\jre\21.0.12.1-win32-x86_64\bin\management_ext.dll
0x00007ffa1cfd0000 - 0x00007ffa1cfd8000 	C:\WINDOWS\System32\PSAPI.DLL
0x00007ffa19f50000 - 0x00007ffa19f83000 	C:\WINDOWS\SYSTEM32\IPHLPAPI.DLL
0x00007ffa1d760000 - 0x00007ffa1d76a000 	C:\WINDOWS\System32\NSI.dll
0x00007ff9db4a0000 - 0x00007ff9db4a9000 	C:\Users\NAGARAJU\.antigravity-ide\extensions\redhat.java-1.56.0-win32-x64\jre\21.0.12.1-win32-x86_64\bin\extnet.dll
0x00007ffa1ae20000 - 0x00007ffa1ae3b000 	C:\WINDOWS\SYSTEM32\CRYPTSP.dll
0x00007ffa1a4e0000 - 0x00007ffa1a519000 	C:\WINDOWS\system32\rsaenh.dll
0x00007ffa1abe0000 - 0x00007ffa1ac12000 	C:\WINDOWS\SYSTEM32\USERENV.dll
0x00007ffa1b780000 - 0x00007ffa1b7aa000 	C:\WINDOWS\SYSTEM32\bcrypt.dll
0x00007ffa1ae40000 - 0x00007ffa1ae4c000 	C:\WINDOWS\SYSTEM32\CRYPTBASE.dll
0x00007ff9db4b0000 - 0x00007ff9db4be000 	C:\Users\NAGARAJU\.antigravity-ide\extensions\redhat.java-1.56.0-win32-x64\jre\21.0.12.1-win32-x86_64\bin\sunmscapi.dll
0x00007ffa1bfe0000 - 0x00007ffa1c15e000 	C:\WINDOWS\System32\CRYPT32.dll
0x00007ffa1b060000 - 0x00007ffa1b090000 	C:\WINDOWS\SYSTEM32\ncrypt.dll
0x00007ffa1b010000 - 0x00007ffa1b04f000 	C:\WINDOWS\SYSTEM32\NTASN1.dll
0x00007ff9eceb0000 - 0x00007ff9eceb8000 	C:\WINDOWS\system32\wshunix.dll

JVMTI agents:
C:\Users\NAGARAJU\.gradle\wrapper\dists\gradle-8.14.1-bin\baw1sv0jfoi8rxs14qo3h49cs\gradle-8.14.1\lib\agents\gradle-instrumentation-agent-8.14.1.jar path:C:\Users\NAGARAJU\.antigravity-ide\extensions\redhat.java-1.56.0-win32-x64\jre\21.0.12.1-win32-x86_64\bin\instrument.dll, loaded, initialized, instrumentlib options:none

dbghelp: loaded successfully - version: 4.0.5 - missing functions: none
symbol engine: initialized successfully - sym options: 0x614 - pdb path: .;C:\Users\NAGARAJU\.antigravity-ide\extensions\redhat.java-1.56.0-win32-x64\jre\21.0.12.1-win32-x86_64\bin;C:\WINDOWS\SYSTEM32;C:\WINDOWS\WinSxS\amd64_microsoft.windows.common-controls_6595b64144ccf1df_6.0.26100.8972_none_3e0da176e32f9d4b;C:\Users\NAGARAJU\.antigravity-ide\extensions\redhat.java-1.56.0-win32-x64\jre\21.0.12.1-win32-x86_64\bin\server;C:\Users\NAGARAJU\.gradle\native\1def1411415f61bf3af743bc5b6707747c0891f09f0c88961ee8f79bc544acac\windows-amd64;C:\Users\NAGARAJU\.gradle\native\0.2.7\x86_64-windows-gnu

VM Arguments:
jvm_args: --add-opens=java.base/java.lang=ALL-UNNAMED --add-opens=java.base/java.lang.invoke=ALL-UNNAMED --add-opens=java.base/java.util=ALL-UNNAMED --add-opens=java.prefs/java.util.prefs=ALL-UNNAMED --add-exports=jdk.compiler/com.sun.tools.javac.api=ALL-UNNAMED --add-exports=jdk.compiler/com.sun.tools.javac.util=ALL-UNNAMED --add-opens=java.base/java.util=ALL-UNNAMED --add-opens=java.prefs/java.util.prefs=ALL-UNNAMED --add-opens=java.base/java.nio.charset=ALL-UNNAMED --add-opens=java.base/java.net=ALL-UNNAMED --add-opens=java.base/java.util.concurrent.atomic=ALL-UNNAMED --add-opens=java.xml/javax.xml.namespace=ALL-UNNAMED -Xmx4096m -Dfile.encoding=UTF-8 -Duser.country=IN -Duser.language=en -Duser.variant -javaagent:C:\Users\NAGARAJU\.gradle\wrapper\dists\gradle-8.14.1-bin\baw1sv0jfoi8rxs14qo3h49cs\gradle-8.14.1\lib\agents\gradle-instrumentation-agent-8.14.1.jar 
java_command: org.gradle.launcher.daemon.bootstrap.GradleDaemon 8.14.1
java_class_path (initial): C:\Users\NAGARAJU\.gradle\wrapper\dists\gradle-8.14.1-bin\baw1sv0jfoi8rxs14qo3h49cs\gradle-8.14.1\lib\gradle-daemon-main-8.14.1.jar
Launcher Type: SUN_STANDARD

[Global flags]
     intx CICompilerCount                          = 4                                         {product} {ergonomic}
     uint ConcGCThreads                            = 2                                         {product} {ergonomic}
     uint G1ConcRefinementThreads                  = 8                                         {product} {ergonomic}
   size_t G1HeapRegionSize                         = 2097152                                   {product} {ergonomic}
    uintx GCDrainStackTargetSize                   = 64                                        {product} {ergonomic}
   size_t InitialHeapSize                          = 123731968                                 {product} {ergonomic}
   size_t MarkStackSize                            = 4194304                                   {product} {ergonomic}
   size_t MaxHeapSize                              = 4294967296                                {product} {command line}
   size_t MaxNewSize                               = 2575302656                                {product} {ergonomic}
   size_t MinHeapDeltaBytes                        = 2097152                                   {product} {ergonomic}
   size_t MinHeapSize                              = 8388608                                   {product} {ergonomic}
    uintx NonNMethodCodeHeapSize                   = 5839372                                {pd product} {ergonomic}
    uintx NonProfiledCodeHeapSize                  = 122909434                              {pd product} {ergonomic}
    uintx ProfiledCodeHeapSize                     = 122909434                              {pd product} {ergonomic}
    uintx ReservedCodeCacheSize                    = 251658240                              {pd product} {ergonomic}
     bool SegmentedCodeCache                       = true                                      {product} {ergonomic}
   size_t SoftMaxHeapSize                          = 4294967296                             {manageable} {ergonomic}
     bool UseCompressedOops                        = true                           {product lp64_product} {ergonomic}
     bool UseG1GC                                  = true                                      {product} {ergonomic}
     bool UseLargePagesIndividualAllocation        = false                                  {pd product} {ergonomic}

Logging:
Log output configuration:
 #0: stdout all=warning uptime,level,tags foldmultilines=false
 #1: stderr all=off uptime,level,tags foldmultilines=false

Release file:
JAVA_VERSION="21.0.12.1" 
MODULES="java.base java.compiler java.datatransfer java.xml java.prefs java.desktop java.instrument java.logging java.management java.security.sasl java.naming java.rmi java.management.rmi java.net.http java.scripting java.security.jgss java.transaction.xa java.sql java.sql.rowset java.xml.crypto java.se java.smartcardio jdk.accessibility jdk.internal.jvmstat jdk.attach jdk.charsets jdk.internal.opt jdk.zipfs jdk.compiler jdk.crypto.ec jdk.crypto.cryptoki jdk.crypto.mscapi jdk.dynalink jdk.internal.ed jdk.editpad jdk.hotspot.agent jdk.httpserver jdk.internal.le jdk.internal.vm.ci jdk.internal.vm.compiler jdk.internal.vm.compiler.management jdk.jartool jdk.javadoc jdk.jcmd jdk.management jdk.management.agent jdk.jconsole jdk.jdeps jdk.jdwp.agent jdk.jdi jdk.jfr jdk.jshell jdk.jsobject jdk.jstatd jdk.localedata jdk.management.jfr jdk.naming.dns jdk.naming.rmi jdk.net jdk.nio.mapmode jdk.random jdk.sctp jdk.security.auth jdk.security.jgss jdk.unsupported jdk.unsupported.desktop jdk.xml.dom" 

Environment Variables:
JAVA_HOME=C:\Program Files\Eclipse Adoptium\jdk-21.0.11.10-hotspot
PATH=C:\Program Files\Eclipse Adoptium\jdk-21.0.11.10-hotspot\bin;C:\Program Files\Eclipse Adoptium\jdk-11.0.26.4-hotspot\bin;C:\Program Files\Eclipse Adoptium\jdk-17.0.14.7-hotspot\bin;C:\Program Files\Java\jdk-17\bin;C:\Program Files\nodejs;E:\Android\Sdk\platform-tools;E:\Android\Sdk\emulator;E:\Android\Sdk\cmdline-tools\latest\bin;C:\Users\NAGARAJU\AppData\Local\Android\Sdk\platform-tools;C:\Users\NAGARAJU\AppData\Local\Android\Sdk\emulator;C:\Users\NAGARAJU\AppData\Local\Android\Sdk\cmdline-tools\latest\bin;C:\Program Files\Eclipse Adoptium\jdk-21.0.11.10-hotspot\bin;C:\Program Files\Eclipse Adoptium\jdk-11.0.26.4-hotspot\bin;C:\Program Files\Eclipse Adoptium\jdk-17.0.14.7-hotspot\bin;C:\Program Files\Java\jdk-17\bin;C:\Program Files\nodejs;E:\Android\Sdk\platform-tools;E:\Android\Sdk\emulator;E:\Android\Sdk\cmdline-tools\latest\bin;C:\Users\NAGARAJU\AppData\Local\Android\Sdk\platform-tools;C:\Users\NAGARAJU\AppData\Local\Android\Sdk\emulator;C:\Users\NAGARAJU\AppData\Local\Android\Sdk\cmdline-tools\latest\bin;C:\Program Files\Eclipse Adoptium\jdk-21.0.11.10-hotspot\bin;C:\Program Files\Eclipse Adoptium\jdk-11.0.26.4-hotspot\bin;C:\Program Files\Eclipse Adoptium\jdk-17.0.14.7-hotspot\bin;C:\Program Files\Java\jdk-17\bin;C:\Program Files\nodejs;E:\Android\Sdk\platform-tools;E:\Android\Sdk\emulator;E:\Android\Sdk\cmdline-tools\latest\bin;C:\Users\NAGARAJU\AppData\Local\Android\Sdk\platform-tools;C:\Users\NAGARAJU\AppData\Local\Android\Sdk\emulator;C:\Users\NAGARAJU\AppData\Local\Android\Sdk\cmdline-tools\latest\bin;C:\WINDOWS\System32;C:\ProgramData\chocolatey\bin;C:\Program Files\nodejs\;C:\Program Files\Git\cmd;C:\Windows\System32;C:\Windows\System32\WindowsPowerShell\v1.0;C:\Windows\System32\OpenSSH;C:\Windows\System32\WindowsPowerShell\v1.0\;C:\Users\NAGARAJU\Downloads\stripe_1.30.0_windows_x86_64;C:\WINDOWS\system32;C:\WINDOWS;C:\WINDOWS\System32\Wbem;C:\WINDOWS\System32\WindowsPowerShell\v1.0\;C:\WINDOWS\System32\OpenSSH\;C:\ProgramData\chocolatey\bin;C:\Program Files\nodejs\;C:\Program Files\Git\cmd;C:\Windows\System32;C:\Windows\System32\WindowsPowerShell\v1.0;C:\Windows\System32\OpenSSH;C:\Windows\System32\WindowsPowerShell\v1.0\;C:\Users\NAGARAJU\Downloads\stripe_1.30.0_windows_x86_64;C:\WINDOWS\system32;C:\WINDOWS;C:\WINDOWS\System32\Wbem;C:\WINDOWS\System32\WindowsPowerShell\v1.0\;C:\WINDOWS\System32\OpenSSH\;C:\ProgramData\chocolatey\bin;C:\Program Files\nodejs\;C:\Program Files\Git\cmd;C:\Windows\System32;C:\Windows\System32\WindowsPowerShell\v1.0;C:\Windows\System32\OpenSSH;C:\Windows\System32\WindowsPowerShell\v1.0\;C:\Users\NAGARAJU\Downloads\stripe_1.30.0_windows_x86_64;C:\WINDOWS\system32;C:\WINDOWS;C:\WINDOWS\System32\Wbem;C:\WINDOWS\System32\WindowsPowerShell\v1.0\;C:\WINDOWS\System32\OpenSSH\;C:\Program Files\Eclipse Adoptium\jdk-21.0.11.10-hotspot\bin;C:\Program Files\Eclipse Adoptium\jdk-11.0.26.4-hotspot\bin;C:\Program Files\Eclipse Adoptium\jdk-17.0.14.7-hotspot\bin;C:\Program Files\Java\jdk-17\bin;C:\Program Files\nodejs;E:\Android\Sdk\platform-tools;E:\Android\Sdk\emulator;E:\Android\Sdk\cmdline-tools\latest\bin;C:\Users\NAGARAJU\AppData\Local\Android\Sdk\platform-tools;C:\Users\NAGARAJU\AppData\Local\Android\Sdk\emulator;C:\Users\NAGARAJU\AppData\Local\Android\Sdk\cmdline-tools\latest\bin;C:\Program Files\Eclipse Adoptium\jdk-21.0.11.10-hotspot\bin;C:\Program Files\Eclipse Adoptium\jdk-11.0.26.4-hotspot\bin;C:\Program Files\Eclipse Adoptium\jdk-17.0.14.7-hotspot\bin;C:\Program Files\Java\jdk-17\bin;C:\Program Files\nodejs;E:\Android\Sdk\platform-tools;E:\Android\Sdk\emulator;E:\Android\Sdk\cmdline-tools\latest\bin;C:\Users\NAGARAJU\AppData\Local\Android\Sdk\platform-tools;C:\Users\NAGARAJU\AppData\Local\Android\Sdk\emulator;C:\Users\NAGARAJU\AppData\Local\Android\Sdk\cmdline-tools\latest\bin;C:\Program Files\Eclipse Adoptium\jdk-21.0.11.10-hotspot\bin;C:\Program Files\Eclipse Adoptium\jdk-11.0.26.4-hotspot\bin;C:\Program Files\Eclipse Adoptium\jdk-17.0.14.7-hotspot\bin;C:\Program Files\Java\jdk-17\bin;C:\Program Files\nodejs;E:\Android\Sdk\platform-tools;E:\Android\Sdk\emulator;E:\Android\Sdk\cmdline-tools\latest\bin;C:\Users\NAGARAJU\AppData\Local\Android\Sdk\platform-tools;C:\Users\NAGARAJU\AppData\Local\Android\Sdk\emulator;C:\Users\NAGARAJU\AppData\Local\Android\Sdk\cmdline-tools\latest\bin;C:\WINDOWS\System32;C:\ProgramData\chocolatey\bin;C:\Program Files\nodejs\;C:\Program Files\Git\cmd;C:\Windows\System32;C:\Windows\System32\WindowsPowerShell\v1.0;C:\Windows\System32\OpenSSH;C:\Windows\System32\WindowsPowerShell\v1.0\;C:\Users\NAGARAJU\Downloads\stripe_1.30.0_windows_x86_64;C:\WINDOWS\system32;C:\WINDOWS;C:\WINDOWS\System32\Wbem;C:\WINDOWS\System32\WindowsPowerShell\v1.0\;C:\WINDOWS\System32\OpenSSH\;C:\ProgramData\chocolatey\bin;C:\Program Files\nodejs\;C:\Program Files\Git\cmd;C:\Windows\System32;C:\Windows\System32\WindowsPowerShell\v1.0;C:\Windows\System32\OpenSSH;C:\Windows\System32\WindowsPowerShell\v1.0\;C:\Users\NAGARAJU\Downloads\stripe_1.30.0_windows_x86_64;C:\WINDOWS\system32;C:\WINDOWS;C:\WINDOWS\System32\Wbem;C:\WINDOWS\System32\WindowsPowerShell\v1.0\;C:\WINDOWS\System32\OpenSSH\;C:\ProgramData\chocolatey\bin;C:\Program Files\nodejs\;C:\Program Files\Git\cmd;C:\Windows\System32;C:\Windows\System32\WindowsPowerShell\v1.0;C:\Windows\System32\OpenSSH;C:\Windows\System32\WindowsPowerShell\v1.0\;C:\Users\NAGARAJU\Downloads\stripe_1.30.0_windows_x86_64;C:\WINDOWS\system32;C:\WINDOWS;C:\WINDOWS\System32\Wbem;C:\WINDOWS\System32\WindowsPowerShell\v1.0\;C:\WINDOWS\System32\OpenSSH\;C:\Users\NAGARAJU\AppData\Local\Android\Sdk\platform-tools;C:\Users\NAGARAJU\AppData\Local\Android\Sdk\cmdline-tools\latest\bin;C:\Users\NAGARAJU\AppData\Roaming\npm;C:\Users\NAGARAJU\AppData\Local\Programs\Microsoft VS Code\bin;C:\Users\NAGARAJU\AppData\Local\Programs\Antigravity IDE\bin;C:\Users\NAGARAJU\AppData\Local\Microsoft\WindowsApps;C:\Users\NAGARAJU\AppData\Local\Kingsoft\WPS Office\12.1.0.27458\clitool
USERNAME=NAGARAJU
OS=Windows_NT
PROCESSOR_IDENTIFIER=AMD64 Family 23 Model 104 Stepping 1, AuthenticAMD
TMP=C:\Users\NAGARAJU\AppData\Local\Temp
TEMP=C:\Users\NAGARAJU\AppData\Local\Temp




Periodic native trim disabled

---------------  S Y S T E M  ---------------

OS:
 Windows 11 , 64 bit Build 26100 (10.0.26100.9168)
OS uptime: 0 days 1:56 hours

CPU: total 8 (initial active 8) (8 cores per cpu, 2 threads per core) family 23 model 104 stepping 1 microcode 0x8608109, cx8, cmov, fxsr, ht, mmx, 3dnowpref, sse, sse2, sse3, ssse3, sse4a, sse4.1, sse4.2, popcnt, lzcnt, tsc, tscinvbit, avx, avx2, aes, clmul, bmi1, bmi2, adx, sha, fma, vzeroupper, clflush, clflushopt, rdtscp, rdpid, f16c
Processor Information for processor 0
  Max Mhz: 2600, Current Mhz: 1789, Mhz Limit: 2600
Processor Information for processor 1
  Max Mhz: 2600, Current Mhz: 1789, Mhz Limit: 2600
Processor Information for processor 2
  Max Mhz: 2600, Current Mhz: 2600, Mhz Limit: 2600
Processor Information for processor 3
  Max Mhz: 2600, Current Mhz: 2600, Mhz Limit: 2600
Processor Information for processor 4
  Max Mhz: 2600, Current Mhz: 2600, Mhz Limit: 2600
Processor Information for processor 5
  Max Mhz: 2600, Current Mhz: 2600, Mhz Limit: 2600
Processor Information for processor 6
  Max Mhz: 2600, Current Mhz: 2600, Mhz Limit: 2600
Processor Information for processor 7
  Max Mhz: 2600, Current Mhz: 2600, Mhz Limit: 2600

Memory: 4k page, system-wide physical 7502M (206M free)
TotalPageFile size 40270M (AvailPageFile size 691M)
current process WorkingSet (physical memory assigned to process): 138M, peak: 208M
current process commit charge ("private bytes"): 559M, peak: 569M

vm_info: OpenJDK 64-Bit Server VM (21.0.12.1+1-LTS) for windows-amd64 JRE (21.0.12.1+1-LTS), built on 2026-08-18T00:00:00Z by "admin" with MS VC++ 17.12 (VS2022)

END.
