#
# There is insufficient memory for the Java Runtime Environment to continue.
# Native memory allocation (malloc) failed to allocate 316816 bytes. Error detail: Chunk::new
# Possible reasons:
#   The system is out of physical RAM or swap space
#   This process is running with CompressedOops enabled, and the Java Heap may be blocking the growth of the native heap
# Possible solutions:
#   Reduce memory load on the system
#   Increase physical memory or swap space
#   Check if swap backing store is full
#   Decrease Java heap size (-Xmx/-Xms)
#   Decrease number of Java threads
#   Decrease Java thread stack sizes (-Xss)
#   Set larger code cache with -XX:ReservedCodeCacheSize=
#   JVM is running with Zero Based Compressed Oops mode in which the Java heap is
#     placed in the first 32GB address space. The Java Heap base address is the
#     maximum limit for the native heap growth. Please use -XX:HeapBaseMinAddress
#     to set the Java Heap base and to place the Java Heap above 32GB virtual address.
# This output file may be truncated or incomplete.
#
#  Out of Memory Error (arena.cpp:168), pid=13284, tid=18416
#
# JRE version: OpenJDK Runtime Environment Temurin-21.0.12.1+1 (21.0.12.1+1) (build 21.0.12.1+1-LTS)
# Java VM: OpenJDK 64-Bit Server VM Temurin-21.0.12.1+1 (21.0.12.1+1-LTS, mixed mode, sharing, tiered, compressed oops, compressed class ptrs, g1 gc, windows-amd64)
# No core dump will be written. Minidumps are not enabled by default on client versions of Windows
#

---------------  S U M M A R Y ------------

Command Line: --add-opens=java.base/java.lang=ALL-UNNAMED --add-opens=java.base/java.lang.invoke=ALL-UNNAMED --add-opens=java.base/java.util=ALL-UNNAMED --add-opens=java.prefs/java.util.prefs=ALL-UNNAMED --add-exports=jdk.compiler/com.sun.tools.javac.api=ALL-UNNAMED --add-exports=jdk.compiler/com.sun.tools.javac.util=ALL-UNNAMED --add-opens=java.base/java.util=ALL-UNNAMED --add-opens=java.prefs/java.util.prefs=ALL-UNNAMED --add-opens=java.base/java.nio.charset=ALL-UNNAMED --add-opens=java.base/java.net=ALL-UNNAMED --add-opens=java.base/java.util.concurrent.atomic=ALL-UNNAMED --add-opens=java.xml/javax.xml.namespace=ALL-UNNAMED -Xmx4096m -Dfile.encoding=UTF-8 -Duser.country=IN -Duser.language=en -Duser.variant -javaagent:C:\Users\NAGARAJU\.gradle\wrapper\dists\gradle-8.14.1-bin\baw1sv0jfoi8rxs14qo3h49cs\gradle-8.14.1\lib\agents\gradle-instrumentation-agent-8.14.1.jar org.gradle.launcher.daemon.bootstrap.GradleDaemon 8.14.1

Host: AMD Ryzen 3 5300U with Radeon Graphics         , 8 cores, 7G,  Windows 11 , 64 bit Build 26100 (10.0.26100.9168)
Time: Wed Sep  9 16:16:37 2026 India Standard Time elapsed time: 367.920512 seconds (0d 0h 6m 7s)

---------------  T H R E A D  ---------------

Current thread (0x0000024cd79d6c60):  JavaThread "C2 CompilerThread0" daemon [_thread_in_native, id=18416, stack(0x0000008402300000,0x0000008402400000) (1024K)]


Current CompileTask:
C2:367920 4254       4       sun.net.util.URLUtil::urlNoFragString (143 bytes)

Stack: [0x0000008402300000,0x0000008402400000]
Native frames: (J=compiled Java code, j=interpreted, Vv=VM code, C=native code)
V  [jvm.dll+0x6d83e9]
V  [jvm.dll+0x8b5736]
V  [jvm.dll+0x8b7cee]
V  [jvm.dll+0x8b83d3]
V  [jvm.dll+0x284596]
V  [jvm.dll+0xc685d]
V  [jvm.dll+0xc6da1]
V  [jvm.dll+0x3bf18b]
V  [jvm.dll+0x38b6d2]
V  [jvm.dll+0x38ab1a]
V  [jvm.dll+0x24c700]
V  [jvm.dll+0x24bce0]
V  [jvm.dll+0x1cb4ae]
V  [jvm.dll+0x25baad]
V  [jvm.dll+0x25a03a]
V  [jvm.dll+0x3f8aae]
V  [jvm.dll+0x8600cd]
V  [jvm.dll+0x6d6c1d]
C  [ucrtbase.dll+0x2cd30]
C  [KERNEL32.DLL+0x2ccb7]
C  [ntdll.dll+0xaad6c]


---------------  P R O C E S S  ---------------

Threads class SMR info:
_java_thread_list=0x0000024d1f5f9b70, length=31, elements={
0x0000024cbb711800, 0x0000024cd79cf0a0, 0x0000024cd79d0820, 0x0000024cd79d3fb0,
0x0000024cd79d4a10, 0x0000024cd79d5470, 0x0000024cd79d5ed0, 0x0000024cd79d6c60,
0x0000024cd79dbe70, 0x0000024cd7c53d10, 0x0000024cd7d12e40, 0x0000024d1daccff0,
0x0000024d1dbd4730, 0x0000024d1db85020, 0x0000024cd7bc46f0, 0x0000024cd7bc33e0,
0x0000024cd7d5ed70, 0x0000024d1e27e1e0, 0x0000024d1e27c110, 0x0000024d1e27c7a0,
0x0000024d1e27f590, 0x0000024d1e27db50, 0x0000024d1e27e870, 0x0000024d1ed91ba0,
0x0000024d1ed8f440, 0x0000024d1ed8edb0, 0x0000024d1ed90e80, 0x0000024d1ed907f0,
0x0000024d1ed91510, 0x0000024d1ed90160, 0x0000024d1ed8e720
}

Java Threads: ( => current thread )
  0x0000024cbb711800 JavaThread "main"                              [_thread_blocked, id=25724, stack(0x0000008401500000,0x0000008401600000) (1024K)]
  0x0000024cd79cf0a0 JavaThread "Reference Handler"          daemon [_thread_blocked, id=34284, stack(0x0000008401d00000,0x0000008401e00000) (1024K)]
  0x0000024cd79d0820 JavaThread "Finalizer"                  daemon [_thread_blocked, id=24992, stack(0x0000008401e00000,0x0000008401f00000) (1024K)]
  0x0000024cd79d3fb0 JavaThread "Signal Dispatcher"          daemon [_thread_blocked, id=31684, stack(0x0000008401f00000,0x0000008402000000) (1024K)]
  0x0000024cd79d4a10 JavaThread "Attach Listener"            daemon [_thread_blocked, id=24748, stack(0x0000008402000000,0x0000008402100000) (1024K)]
  0x0000024cd79d5470 JavaThread "Service Thread"             daemon [_thread_blocked, id=25016, stack(0x0000008402100000,0x0000008402200000) (1024K)]
  0x0000024cd79d5ed0 JavaThread "Monitor Deflation Thread"   daemon [_thread_blocked, id=35684, stack(0x0000008402200000,0x0000008402300000) (1024K)]
=>0x0000024cd79d6c60 JavaThread "C2 CompilerThread0"         daemon [_thread_in_native, id=18416, stack(0x0000008402300000,0x0000008402400000) (1024K)]
  0x0000024cd79dbe70 JavaThread "C1 CompilerThread0"         daemon [_thread_blocked, id=28548, stack(0x0000008402400000,0x0000008402500000) (1024K)]
  0x0000024cd7c53d10 JavaThread "Common-Cleaner"             daemon [_thread_blocked, id=25168, stack(0x0000008402500000,0x0000008402600000) (1024K)]
  0x0000024cd7d12e40 JavaThread "Notification Thread"        daemon [_thread_blocked, id=25000, stack(0x0000008402600000,0x0000008402700000) (1024K)]
  0x0000024d1daccff0 JavaThread "Daemon health stats"               [_thread_blocked, id=32980, stack(0x0000008402b00000,0x0000008402c00000) (1024K)]
  0x0000024d1dbd4730 JavaThread "Incoming local TCP Connector on port 59400"        [_thread_in_native, id=28712, stack(0x0000008402f00000,0x0000008403000000) (1024K)]
  0x0000024d1db85020 JavaThread "Daemon periodic checks"            [_thread_blocked, id=27240, stack(0x0000008403000000,0x0000008403100000) (1024K)]
  0x0000024cd7bc46f0 JavaThread "Daemon"                            [_thread_blocked, id=5200, stack(0x0000008403200000,0x0000008403300000) (1024K)]
  0x0000024cd7bc33e0 JavaThread "Handler for socket connection from /127.0.0.1:59400 to /127.0.0.1:59403"        [_thread_in_native, id=18960, stack(0x0000008403300000,0x0000008403400000) (1024K)]
  0x0000024cd7d5ed70 JavaThread "Cancel handler"                    [_thread_blocked, id=12568, stack(0x0000008403400000,0x0000008403500000) (1024K)]
  0x0000024d1e27e1e0 JavaThread "Daemon worker"                     [_thread_in_vm, id=31296, stack(0x0000008403500000,0x0000008403600000) (1024K)]
  0x0000024d1e27c110 JavaThread "Asynchronous log dispatcher for DefaultDaemonConnection: socket connection from /127.0.0.1:59400 to /127.0.0.1:59403"        [_thread_blocked, id=11072, stack(0x0000008403600000,0x0000008403700000) (1024K)]
  0x0000024d1e27c7a0 JavaThread "Stdin handler"                     [_thread_blocked, id=17012, stack(0x0000008403700000,0x0000008403800000) (1024K)]
  0x0000024d1e27f590 JavaThread "Daemon client event forwarder"        [_thread_blocked, id=35012, stack(0x0000008403800000,0x0000008403900000) (1024K)]
  0x0000024d1e27db50 JavaThread "Cache worker for journal cache (C:\Users\NAGARAJU\.gradle\caches\journal-1)"        [_thread_blocked, id=31308, stack(0x0000008403900000,0x0000008403a00000) (1024K)]
  0x0000024d1e27e870 JavaThread "File lock request listener"        [_thread_in_native, id=12700, stack(0x0000008403a00000,0x0000008403b00000) (1024K)]
  0x0000024d1ed91ba0 JavaThread "Cache worker for file hash cache (C:\Users\NAGARAJU\.gradle\caches\8.14.1\fileHashes)"        [_thread_blocked, id=15696, stack(0x0000008403c00000,0x0000008403d00000) (1024K)]
  0x0000024d1ed8f440 JavaThread "Cache worker for file hash cache (C:\zynnative\DocApp-CLI\android\.gradle\8.14.1\fileHashes)"        [_thread_blocked, id=33056, stack(0x0000008403100000,0x0000008403200000) (1024K)]
  0x0000024d1ed8edb0 JavaThread "Cache worker for Build Output Cleanup Cache (C:\zynnative\DocApp-CLI\android\.gradle\buildOutputCleanup)"        [_thread_blocked, id=4392, stack(0x0000008403b00000,0x0000008403c00000) (1024K)]
  0x0000024d1ed90e80 JavaThread "File watcher server"        daemon [_thread_in_native, id=27812, stack(0x0000008403d00000,0x0000008403e00000) (1024K)]
  0x0000024d1ed907f0 JavaThread "File watcher consumer"      daemon [_thread_blocked, id=10816, stack(0x0000008403e00000,0x0000008403f00000) (1024K)]
  0x0000024d1ed91510 JavaThread "File lock release action executor Thread 4"        [_thread_blocked, id=5784, stack(0x0000008404100000,0x0000008404200000) (1024K)]
  0x0000024d1ed90160 JavaThread "jar transforms"                    [_thread_blocked, id=23632, stack(0x0000008404200000,0x0000008404300000) (1024K)]
  0x0000024d1ed8e720 JavaThread "jar transforms Thread 2"           [_thread_blocked, id=7480, stack(0x0000008404300000,0x0000008404400000) (1024K)]
Total: 31

Other Threads:
  0x0000024cd79afeb0 VMThread "VM Thread"                           [id=12476, stack(0x0000008401c00000,0x0000008401d00000) (1024K)]
  0x0000024cd799f500 WatcherThread "VM Periodic Task Thread"        [id=30908, stack(0x0000008401b00000,0x0000008401c00000) (1024K)]
  0x0000024cbdad9ba0 WorkerThread "GC Thread#0"                     [id=32396, stack(0x0000008401600000,0x0000008401700000) (1024K)]
  0x0000024cd7a70390 WorkerThread "GC Thread#1"                     [id=27104, stack(0x0000008402700000,0x0000008402800000) (1024K)]
  0x0000024cd7bc9780 WorkerThread "GC Thread#2"                     [id=9068, stack(0x0000008402800000,0x0000008402900000) (1024K)]
  0x0000024d1dae6800 WorkerThread "GC Thread#3"                     [id=33572, stack(0x0000008402900000,0x0000008402a00000) (1024K)]
  0x0000024d1daff860 WorkerThread "GC Thread#4"                     [id=33128, stack(0x0000008402a00000,0x0000008402b00000) (1024K)]
  0x0000024cd7a6fc30 WorkerThread "GC Thread#5"                     [id=31116, stack(0x0000008402c00000,0x0000008402d00000) (1024K)]
  0x0000024d1e223830 WorkerThread "GC Thread#6"                     [id=28688, stack(0x0000008402d00000,0x0000008402e00000) (1024K)]
  0x0000024d1e223be0 WorkerThread "GC Thread#7"                     [id=22524, stack(0x0000008402e00000,0x0000008402f00000) (1024K)]
  0x0000024cbdae79a0 ConcurrentGCThread "G1 Main Marker"            [id=23068, stack(0x0000008401700000,0x0000008401800000) (1024K)]
  0x0000024cbb7ce370 WorkerThread "G1 Conc#0"                       [id=25504, stack(0x0000008401800000,0x0000008401900000) (1024K)]
  0x0000024d1ea3e4e0 WorkerThread "G1 Conc#1"                       [id=36204, stack(0x0000008401400000,0x0000008401500000) (1024K)]
  0x0000024cd7871120 ConcurrentGCThread "G1 Refine#0"               [id=24744, stack(0x0000008401900000,0x0000008401a00000) (1024K)]
  0x0000024cd78716c0 ConcurrentGCThread "G1 Service"                [id=11844, stack(0x0000008401a00000,0x0000008401b00000) (1024K)]
Total: 15

Threads with active compile tasks:
C2 CompilerThread0  367964 4254       4       sun.net.util.URLUtil::urlNoFragString (143 bytes)
Total: 1

VM state: not at safepoint (normal execution)

VM Mutex/Monitor currently owned by a thread: None

Heap address: 0x0000000700000000, size: 4096 MB, Compressed Oops mode: Zero based, Oop shift amount: 3

CDS archive(s) mapped at: [0x0000024cd8000000-0x0000024cd8ba0000-0x0000024cd8ba0000), size 12189696, SharedBaseAddress: 0x0000024cd8000000, ArchiveRelocationMode: 1.
Compressed class space mapped at: 0x0000024cd9000000-0x0000024d19000000, reserved size: 1073741824
Narrow klass base: 0x0000024cd8000000, Narrow klass shift: 0, Narrow klass range: 0x100000000

GC Precious Log:
 CardTable entry size: 512
 Card Set container configuration: InlinePtr #cards 4 size 8 Array Of Cards #cards 16 size 48 Howl #buckets 8 coarsen threshold 3686 Howl Bitmap #cards 512 size 80 coarsen threshold 460 Card regions per heap region 1 cards per card region 4096
 CPUs: 8 total, 8 available
 Memory: 7502M
 Large Page Support: Disabled
 NUMA Support: Disabled
 Compressed Oops: Enabled (Zero based)
 Heap Region Size: 2M
 Heap Min Capacity: 8M
 Heap Initial Capacity: 118M
 Heap Max Capacity: 4G
 Pre-touch: Disabled
 Parallel Workers: 8
 Concurrent Workers: 2
 Concurrent Refinement Workers: 8
 Periodic GC: Disabled

Heap:
 garbage-first heap   total 126976K, used 26863K [0x0000000700000000, 0x0000000800000000)
  region size 2048K, 2 young (4096K), 1 survivors (2048K)
 Metaspace       used 27056K, committed 28032K, reserved 1114112K
  class space    used 4067K, committed 4544K, reserved 1048576K

Heap Regions: E=young(eden), S=young(survivor), O=old, HS=humongous(starts), HC=humongous(continues), CS=collection set, F=free, TAMS=top-at-mark-start, PB=parsable bottom
|   0|0x0000000700000000, 0x0000000700200000, 0x0000000700200000|100%|HS|  |TAMS 0x0000000700000000| PB 0x0000000700000000| Complete 
|   1|0x0000000700200000, 0x0000000700400000, 0x0000000700400000|100%|HC|  |TAMS 0x0000000700200000| PB 0x0000000700200000| Complete 
|   2|0x0000000700400000, 0x0000000700600000, 0x0000000700600000|100%| O|  |TAMS 0x0000000700400000| PB 0x0000000700400000| Untracked 
|   3|0x0000000700600000, 0x0000000700800000, 0x0000000700800000|100%| O|  |TAMS 0x0000000700600000| PB 0x0000000700600000| Untracked 
|   4|0x0000000700800000, 0x0000000700a00000, 0x0000000700a00000|100%| O|  |TAMS 0x0000000700800000| PB 0x0000000700800000| Untracked 
|   5|0x0000000700a00000, 0x0000000700c00000, 0x0000000700c00000|100%| O|  |TAMS 0x0000000700a00000| PB 0x0000000700a00000| Untracked 
|   6|0x0000000700c00000, 0x0000000700e00000, 0x0000000700e00000|100%| O|  |TAMS 0x0000000700c00000| PB 0x0000000700c00000| Untracked 
|   7|0x0000000700e00000, 0x0000000701000000, 0x0000000701000000|100%| O|  |TAMS 0x0000000700e00000| PB 0x0000000700e00000| Untracked 
|   8|0x0000000701000000, 0x0000000701200000, 0x0000000701200000|100%| O|  |TAMS 0x0000000701000000| PB 0x0000000701000000| Untracked 
|   9|0x0000000701200000, 0x0000000701200000, 0x0000000701400000|  0%| F|  |TAMS 0x0000000701200000| PB 0x0000000701200000| Untracked 
|  10|0x0000000701400000, 0x0000000701600000, 0x0000000701600000|100%| O|  |TAMS 0x0000000701400000| PB 0x0000000701400000| Untracked 
|  11|0x0000000701600000, 0x0000000701800000, 0x0000000701800000|100%| O|  |TAMS 0x0000000701600000| PB 0x0000000701600000| Untracked 
|  12|0x0000000701800000, 0x0000000701a00000, 0x0000000701a00000|100%| O|  |TAMS 0x0000000701800000| PB 0x0000000701800000| Untracked 
|  13|0x0000000701a00000, 0x0000000701bfac40, 0x0000000701c00000| 98%| O|  |TAMS 0x0000000701a00000| PB 0x0000000701a00000| Untracked 
|  14|0x0000000701c00000, 0x0000000701c00000, 0x0000000701e00000|  0%| F|  |TAMS 0x0000000701c00000| PB 0x0000000701c00000| Untracked 
|  15|0x0000000701e00000, 0x0000000701e00000, 0x0000000702000000|  0%| F|  |TAMS 0x0000000701e00000| PB 0x0000000701e00000| Untracked 
|  16|0x0000000702000000, 0x0000000702000000, 0x0000000702200000|  0%| F|  |TAMS 0x0000000702000000| PB 0x0000000702000000| Untracked 
|  17|0x0000000702200000, 0x0000000702200000, 0x0000000702400000|  0%| F|  |TAMS 0x0000000702200000| PB 0x0000000702200000| Untracked 
|  18|0x0000000702400000, 0x0000000702400000, 0x0000000702600000|  0%| F|  |TAMS 0x0000000702400000| PB 0x0000000702400000| Untracked 
|  19|0x0000000702600000, 0x0000000702600000, 0x0000000702800000|  0%| F|  |TAMS 0x0000000702600000| PB 0x0000000702600000| Untracked 
|  20|0x0000000702800000, 0x0000000702800000, 0x0000000702a00000|  0%| F|  |TAMS 0x0000000702800000| PB 0x0000000702800000| Untracked 
|  21|0x0000000702a00000, 0x0000000702a00000, 0x0000000702c00000|  0%| F|  |TAMS 0x0000000702a00000| PB 0x0000000702a00000| Untracked 
|  22|0x0000000702c00000, 0x0000000702c00000, 0x0000000702e00000|  0%| F|  |TAMS 0x0000000702c00000| PB 0x0000000702c00000| Untracked 
|  23|0x0000000702e00000, 0x0000000702e00000, 0x0000000703000000|  0%| F|  |TAMS 0x0000000702e00000| PB 0x0000000702e00000| Untracked 
|  24|0x0000000703000000, 0x0000000703000000, 0x0000000703200000|  0%| F|  |TAMS 0x0000000703000000| PB 0x0000000703000000| Untracked 
|  25|0x0000000703200000, 0x0000000703200000, 0x0000000703400000|  0%| F|  |TAMS 0x0000000703200000| PB 0x0000000703200000| Untracked 
|  26|0x0000000703400000, 0x0000000703400000, 0x0000000703600000|  0%| F|  |TAMS 0x0000000703400000| PB 0x0000000703400000| Untracked 
|  27|0x0000000703600000, 0x0000000703600000, 0x0000000703800000|  0%| F|  |TAMS 0x0000000703600000| PB 0x0000000703600000| Untracked 
|  28|0x0000000703800000, 0x0000000703800000, 0x0000000703a00000|  0%| F|  |TAMS 0x0000000703800000| PB 0x0000000703800000| Untracked 
|  29|0x0000000703a00000, 0x0000000703a00000, 0x0000000703c00000|  0%| F|  |TAMS 0x0000000703a00000| PB 0x0000000703a00000| Untracked 
|  30|0x0000000703c00000, 0x0000000703c00000, 0x0000000703e00000|  0%| F|  |TAMS 0x0000000703c00000| PB 0x0000000703c00000| Untracked 
|  31|0x0000000703e00000, 0x0000000703e00000, 0x0000000704000000|  0%| F|  |TAMS 0x0000000703e00000| PB 0x0000000703e00000| Untracked 
|  32|0x0000000704000000, 0x0000000704000000, 0x0000000704200000|  0%| F|  |TAMS 0x0000000704000000| PB 0x0000000704000000| Untracked 
|  33|0x0000000704200000, 0x0000000704200000, 0x0000000704400000|  0%| F|  |TAMS 0x0000000704200000| PB 0x0000000704200000| Untracked 
|  34|0x0000000704400000, 0x0000000704400000, 0x0000000704600000|  0%| F|  |TAMS 0x0000000704400000| PB 0x0000000704400000| Untracked 
|  35|0x0000000704600000, 0x0000000704600000, 0x0000000704800000|  0%| F|  |TAMS 0x0000000704600000| PB 0x0000000704600000| Untracked 
|  36|0x0000000704800000, 0x0000000704800000, 0x0000000704a00000|  0%| F|  |TAMS 0x0000000704800000| PB 0x0000000704800000| Untracked 
|  37|0x0000000704a00000, 0x0000000704a00000, 0x0000000704c00000|  0%| F|  |TAMS 0x0000000704a00000| PB 0x0000000704a00000| Untracked 
|  38|0x0000000704c00000, 0x0000000704c00000, 0x0000000704e00000|  0%| F|  |TAMS 0x0000000704c00000| PB 0x0000000704c00000| Untracked 
|  39|0x0000000704e00000, 0x0000000704e00000, 0x0000000705000000|  0%| F|  |TAMS 0x0000000704e00000| PB 0x0000000704e00000| Untracked 
|  40|0x0000000705000000, 0x0000000705000000, 0x0000000705200000|  0%| F|  |TAMS 0x0000000705000000| PB 0x0000000705000000| Untracked 
|  41|0x0000000705200000, 0x0000000705200000, 0x0000000705400000|  0%| F|  |TAMS 0x0000000705200000| PB 0x0000000705200000| Untracked 
|  42|0x0000000705400000, 0x0000000705400000, 0x0000000705600000|  0%| F|  |TAMS 0x0000000705400000| PB 0x0000000705400000| Untracked 
|  43|0x0000000705600000, 0x0000000705600000, 0x0000000705800000|  0%| F|  |TAMS 0x0000000705600000| PB 0x0000000705600000| Untracked 
|  44|0x0000000705800000, 0x0000000705800000, 0x0000000705a00000|  0%| F|  |TAMS 0x0000000705800000| PB 0x0000000705800000| Untracked 
|  45|0x0000000705a00000, 0x0000000705a00000, 0x0000000705c00000|  0%| F|  |TAMS 0x0000000705a00000| PB 0x0000000705a00000| Untracked 
|  46|0x0000000705c00000, 0x0000000705c00000, 0x0000000705e00000|  0%| F|  |TAMS 0x0000000705c00000| PB 0x0000000705c00000| Untracked 
|  47|0x0000000705e00000, 0x0000000705e00000, 0x0000000706000000|  0%| F|  |TAMS 0x0000000705e00000| PB 0x0000000705e00000| Untracked 
|  48|0x0000000706000000, 0x0000000706000000, 0x0000000706200000|  0%| F|  |TAMS 0x0000000706000000| PB 0x0000000706000000| Untracked 
|  49|0x0000000706200000, 0x0000000706200000, 0x0000000706400000|  0%| F|  |TAMS 0x0000000706200000| PB 0x0000000706200000| Untracked 
|  50|0x0000000706400000, 0x0000000706400000, 0x0000000706600000|  0%| F|  |TAMS 0x0000000706400000| PB 0x0000000706400000| Untracked 
|  51|0x0000000706600000, 0x0000000706600000, 0x0000000706800000|  0%| F|  |TAMS 0x0000000706600000| PB 0x0000000706600000| Untracked 
|  52|0x0000000706800000, 0x0000000706800000, 0x0000000706a00000|  0%| F|  |TAMS 0x0000000706800000| PB 0x0000000706800000| Untracked 
|  53|0x0000000706a00000, 0x0000000706a00000, 0x0000000706c00000|  0%| F|  |TAMS 0x0000000706a00000| PB 0x0000000706a00000| Untracked 
|  54|0x0000000706c00000, 0x0000000706c00000, 0x0000000706e00000|  0%| F|  |TAMS 0x0000000706c00000| PB 0x0000000706c00000| Untracked 
|  55|0x0000000706e00000, 0x0000000706e00000, 0x0000000707000000|  0%| F|  |TAMS 0x0000000706e00000| PB 0x0000000706e00000| Untracked 
|  56|0x0000000707000000, 0x0000000707000000, 0x0000000707200000|  0%| F|  |TAMS 0x0000000707000000| PB 0x0000000707000000| Untracked 
|  57|0x0000000707200000, 0x0000000707200000, 0x0000000707400000|  0%| F|  |TAMS 0x0000000707200000| PB 0x0000000707200000| Untracked 
|  58|0x0000000707400000, 0x0000000707400000, 0x0000000707600000|  0%| F|  |TAMS 0x0000000707400000| PB 0x0000000707400000| Untracked 
|  59|0x0000000707600000, 0x00000007076412a0, 0x0000000707800000| 12%| S|CS|TAMS 0x0000000707600000| PB 0x0000000707600000| Complete 
|  60|0x0000000707800000, 0x0000000707800000, 0x0000000707a00000|  0%| F|  |TAMS 0x0000000707800000| PB 0x0000000707800000| Untracked 
|  61|0x0000000707a00000, 0x0000000707b470a0, 0x0000000707c00000| 63%| E|  |TAMS 0x0000000707a00000| PB 0x0000000707a00000| Complete 

Card table byte_map: [0x0000024cd07a0000,0x0000024cd0fa0000] _byte_map_base: 0x0000024cccfa0000

Marking Bits: (CMBitMap*) 0x0000024cbdadb0d0
 Bits: [0x0000024cd0fa0000, 0x0000024cd4fa0000)

Polling page: 0x0000024cbb8b0000

Metaspace:

Usage:
  Non-class:     22.45 MB used.
      Class:      3.97 MB used.
       Both:     26.42 MB used.

Virtual space:
  Non-class space:       64.00 MB reserved,      22.94 MB ( 36%) committed,  1 nodes.
      Class space:        1.00 GB reserved,       4.44 MB ( <1%) committed,  1 nodes.
             Both:        1.06 GB reserved,      27.38 MB (  3%) committed. 

Chunk freelists:
   Non-Class:  8.20 MB
       Class:  11.41 MB
        Both:  19.61 MB

MaxMetaspaceSize: unlimited
CompressedClassSpaceSize: 1.00 GB
Initial GC threshold: 21.00 MB
Current GC threshold: 35.44 MB
CDS: on
 - commit_granule_bytes: 65536.
 - commit_granule_words: 8192.
 - virtual_space_node_default_size: 8388608.
 - enlarge_chunks_in_place: 1.
 - use_allocation_guard: 0.


Internal statistics:

num_allocs_failed_limit: 3.
num_arena_births: 1520.
num_arena_deaths: 0.
num_vsnodes_births: 2.
num_vsnodes_deaths: 0.
num_space_committed: 438.
num_space_uncommitted: 0.
num_chunks_returned_to_freelist: 3.
num_chunks_taken_from_freelist: 2708.
num_chunk_merges: 3.
num_chunk_splits: 1763.
num_chunks_enlarged: 1123.
num_inconsistent_stats: 0.

CodeHeap 'non-profiled nmethods': size=120000Kb used=2522Kb max_used=2522Kb free=117477Kb
 bounds [0x0000024cc8730000, 0x0000024cc89b0000, 0x0000024ccfc60000]
CodeHeap 'profiled nmethods': size=120000Kb used=8318Kb max_used=8318Kb free=111681Kb
 bounds [0x0000024cc0c60000, 0x0000024cc1480000, 0x0000024cc8190000]
CodeHeap 'non-nmethods': size=5760Kb used=1434Kb max_used=1464Kb free=4326Kb
 bounds [0x0000024cc8190000, 0x0000024cc8400000, 0x0000024cc8730000]
CodeCache: size=245760Kb, used=12274Kb, max_used=12304Kb, free=233484Kb
 total_blobs=4808, nmethods=4223, adapters=490, full_count=0
Compilation: enabled, stopped_count=0, restarted_count=0

Compilation events (20 events):
Event: 362.136 Thread 0x0000024cd79dbe70 4244       1       com.google.common.cache.LocalCache$AccessQueue$1::getNextInAccessQueue (5 bytes)
Event: 362.136 Thread 0x0000024cd79dbe70 nmethod 4244 0x0000024cc89a2a90 code [0x0000024cc89a2c20, 0x0000024cc89a2cf0]
Event: 362.173 Thread 0x0000024cd79dbe70 4245       1       com.google.common.cache.LocalCache$StrongValueReference::getWeight (2 bytes)
Event: 362.173 Thread 0x0000024cd79dbe70 nmethod 4245 0x0000024cc89a2d90 code [0x0000024cc89a2f20, 0x0000024cc89a2fe8]
Event: 362.176 Thread 0x0000024cd79d6c60 4246   !   4       java.io.BufferedOutputStream::write (73 bytes)
Event: 362.192 Thread 0x0000024cd79d6c60 nmethod 4246 0x0000024cc89a3090 code [0x0000024cc89a3300, 0x0000024cc89a3e80]
Event: 362.283 Thread 0x0000024cd79d6c60 4247       4       java.lang.String::equals (56 bytes)
Event: 362.285 Thread 0x0000024cd79d6c60 nmethod 4247 0x0000024cc89a4510 code [0x0000024cc89a46a0, 0x0000024cc89a4870]
Event: 362.285 Thread 0x0000024cd79d6c60 4248       4       sun.invoke.util.VerifyAccess::isTypeVisible (118 bytes)
Event: 362.303 Thread 0x0000024cd79d6c60 nmethod 4248 0x0000024cc89a4910 code [0x0000024cc89a4b00, 0x0000024cc89a4ea0]
Event: 362.434 Thread 0x0000024cd79dbe70 4250       3       java.lang.invoke.LambdaForm::arguments (47 bytes)
Event: 362.437 Thread 0x0000024cd79dbe70 nmethod 4250 0x0000024cc1478f90 code [0x0000024cc14791c0, 0x0000024cc1479a48]
Event: 362.483 Thread 0x0000024cd79d6c60 4252       4       java.lang.invoke.LambdaForm$NamedFunction::returnType (11 bytes)
Event: 362.491 Thread 0x0000024cd79d6c60 nmethod 4252 0x0000024cc89a5910 code [0x0000024cc89a5ae0, 0x0000024cc89a5de0]
Event: 364.792 Thread 0x0000024cd79d6c60 4253   !   4       jdk.internal.loader.URLClassPath$JarLoader::getResource (40 bytes)
Event: 364.809 Thread 0x0000024cd79d6c60 nmethod 4253 0x0000024cc89a5f90 code [0x0000024cc89a61a0, 0x0000024cc89a65a0]
Event: 364.864 Thread 0x0000024cd79d6c60 4254       4       sun.net.util.URLUtil::urlNoFragString (143 bytes)
Event: 364.886 Thread 0x0000024cd79dbe70 4255       3       java.util.concurrent.atomic.AtomicInteger::incrementAndGet (14 bytes)
Event: 364.886 Thread 0x0000024cd79dbe70 nmethod 4255 0x0000024cc1479e90 code [0x0000024cc147a020, 0x0000024cc147a140]
Event: 365.401 Thread 0x0000024cd79dbe70 4256       3       java.util.concurrent.ThreadPoolExecutor::ensurePrestart (41 bytes)

GC Heap History (20 events):
Event: 179.554 GC heap before
{Heap before GC invocations=4 (full 0):
 garbage-first heap   total 120832K, used 61257K [0x0000000700000000, 0x0000000800000000)
  region size 2048K, 22 young (45056K), 2 survivors (4096K)
 Metaspace       used 20875K, committed 21504K, reserved 1114112K
  class space    used 3053K, committed 3392K, reserved 1048576K
}
Event: 179.590 GC heap after
{Heap after GC invocations=5 (full 0):
 garbage-first heap   total 120832K, used 25157K [0x0000000700000000, 0x0000000800000000)
  region size 2048K, 4 young (8192K), 4 survivors (8192K)
 Metaspace       used 20875K, committed 21504K, reserved 1114112K
  class space    used 3053K, committed 3392K, reserved 1048576K
}
Event: 250.655 GC heap before
{Heap before GC invocations=6 (full 0):
 garbage-first heap   total 96256K, used 74309K [0x0000000700000000, 0x0000000800000000)
  region size 2048K, 28 young (57344K), 4 survivors (8192K)
 Metaspace       used 26155K, committed 27072K, reserved 1114112K
  class space    used 3915K, committed 4352K, reserved 1048576K
}
Event: 253.613 GC heap after
{Heap after GC invocations=7 (full 0):
 garbage-first heap   total 96256K, used 27144K [0x0000000700000000, 0x0000000800000000)
  region size 2048K, 3 young (6144K), 3 survivors (6144K)
 Metaspace       used 26155K, committed 27072K, reserved 1114112K
  class space    used 3915K, committed 4352K, reserved 1048576K
}
Event: 265.833 GC heap before
{Heap before GC invocations=7 (full 0):
 garbage-first heap   total 96256K, used 29192K [0x0000000700000000, 0x0000000800000000)
  region size 2048K, 4 young (8192K), 3 survivors (6144K)
 Metaspace       used 26160K, committed 27072K, reserved 1114112K
  class space    used 3915K, committed 4352K, reserved 1048576K
}
Event: 265.839 GC heap after
{Heap after GC invocations=8 (full 0):
 garbage-first heap   total 96256K, used 27427K [0x0000000700000000, 0x0000000800000000)
  region size 2048K, 1 young (2048K), 1 survivors (2048K)
 Metaspace       used 26160K, committed 27072K, reserved 1114112K
  class space    used 3915K, committed 4352K, reserved 1048576K
}
Event: 277.326 GC heap before
{Heap before GC invocations=8 (full 0):
 garbage-first heap   total 96256K, used 27427K [0x0000000700000000, 0x0000000800000000)
  region size 2048K, 2 young (4096K), 1 survivors (2048K)
 Metaspace       used 26170K, committed 27072K, reserved 1114112K
  class space    used 3915K, committed 4352K, reserved 1048576K
}
Event: 277.445 GC heap after
{Heap after GC invocations=9 (full 0):
 garbage-first heap   total 96256K, used 26839K [0x0000000700000000, 0x0000000800000000)
  region size 2048K, 1 young (2048K), 1 survivors (2048K)
 Metaspace       used 26170K, committed 27072K, reserved 1114112K
  class space    used 3915K, committed 4352K, reserved 1048576K
}
Event: 290.435 GC heap before
{Heap before GC invocations=9 (full 0):
 garbage-first heap   total 96256K, used 28887K [0x0000000700000000, 0x0000000800000000)
  region size 2048K, 2 young (4096K), 1 survivors (2048K)
 Metaspace       used 26172K, committed 27072K, reserved 1114112K
  class space    used 3915K, committed 4352K, reserved 1048576K
}
Event: 290.438 GC heap after
{Heap after GC invocations=10 (full 0):
 garbage-first heap   total 96256K, used 26820K [0x0000000700000000, 0x0000000800000000)
  region size 2048K, 1 young (2048K), 1 survivors (2048K)
 Metaspace       used 26172K, committed 27072K, reserved 1114112K
  class space    used 3915K, committed 4352K, reserved 1048576K
}
Event: 300.433 GC heap before
{Heap before GC invocations=10 (full 0):
 garbage-first heap   total 96256K, used 28868K [0x0000000700000000, 0x0000000800000000)
  region size 2048K, 2 young (4096K), 1 survivors (2048K)
 Metaspace       used 26174K, committed 27072K, reserved 1114112K
  class space    used 3915K, committed 4352K, reserved 1048576K
}
Event: 300.754 GC heap after
{Heap after GC invocations=11 (full 0):
 garbage-first heap   total 96256K, used 26733K [0x0000000700000000, 0x0000000800000000)
  region size 2048K, 1 young (2048K), 1 survivors (2048K)
 Metaspace       used 26174K, committed 27072K, reserved 1114112K
  class space    used 3915K, committed 4352K, reserved 1048576K
}
Event: 317.450 GC heap before
{Heap before GC invocations=11 (full 0):
 garbage-first heap   total 96256K, used 26733K [0x0000000700000000, 0x0000000800000000)
  region size 2048K, 2 young (4096K), 1 survivors (2048K)
 Metaspace       used 26174K, committed 27072K, reserved 1114112K
  class space    used 3915K, committed 4352K, reserved 1048576K
}
Event: 317.454 GC heap after
{Heap after GC invocations=12 (full 0):
 garbage-first heap   total 126976K, used 26624K [0x0000000700000000, 0x0000000800000000)
  region size 2048K, 1 young (2048K), 1 survivors (2048K)
 Metaspace       used 26174K, committed 27072K, reserved 1114112K
  class space    used 3915K, committed 4352K, reserved 1048576K
}
Event: 324.980 GC heap before
{Heap before GC invocations=12 (full 0):
 garbage-first heap   total 126976K, used 30720K [0x0000000700000000, 0x0000000800000000)
  region size 2048K, 3 young (6144K), 1 survivors (2048K)
 Metaspace       used 26580K, committed 27456K, reserved 1114112K
  class space    used 3991K, committed 4416K, reserved 1048576K
}
Event: 324.984 GC heap after
{Heap after GC invocations=13 (full 0):
 garbage-first heap   total 126976K, used 26807K [0x0000000700000000, 0x0000000800000000)
  region size 2048K, 1 young (2048K), 1 survivors (2048K)
 Metaspace       used 26580K, committed 27456K, reserved 1114112K
  class space    used 3991K, committed 4416K, reserved 1048576K
}
Event: 341.068 GC heap before
{Heap before GC invocations=13 (full 0):
 garbage-first heap   total 126976K, used 30903K [0x0000000700000000, 0x0000000800000000)
  region size 2048K, 3 young (6144K), 1 survivors (2048K)
 Metaspace       used 26841K, committed 27776K, reserved 1114112K
  class space    used 4034K, committed 4480K, reserved 1048576K
}
Event: 351.848 GC heap after
{Heap after GC invocations=14 (full 0):
 garbage-first heap   total 126976K, used 26980K [0x0000000700000000, 0x0000000800000000)
  region size 2048K, 1 young (2048K), 1 survivors (2048K)
 Metaspace       used 26841K, committed 27776K, reserved 1114112K
  class space    used 4034K, committed 4480K, reserved 1048576K
}
Event: 361.175 GC heap before
{Heap before GC invocations=14 (full 0):
 garbage-first heap   total 126976K, used 31076K [0x0000000700000000, 0x0000000800000000)
  region size 2048K, 3 young (6144K), 1 survivors (2048K)
 Metaspace       used 26875K, committed 27840K, reserved 1114112K
  class space    used 4035K, committed 4480K, reserved 1048576K
}
Event: 361.291 GC heap after
{Heap after GC invocations=15 (full 0):
 garbage-first heap   total 126976K, used 26863K [0x0000000700000000, 0x0000000800000000)
  region size 2048K, 1 young (2048K), 1 survivors (2048K)
 Metaspace       used 26875K, committed 27840K, reserved 1114112K
  class space    used 4035K, committed 4480K, reserved 1048576K
}

Dll operation events (20 events):
Event: 0.572 Attempting to load shared library C:\Users\NAGARAJU\.antigravity-ide\extensions\redhat.java-1.56.0-win32-x64\jre\21.0.12.1-win32-x86_64\bin\nio.dll
Event: 0.573 Loaded shared library C:\Users\NAGARAJU\.antigravity-ide\extensions\redhat.java-1.56.0-win32-x64\jre\21.0.12.1-win32-x86_64\bin\nio.dll
Event: 0.623 Attempting to load shared library C:\Users\NAGARAJU\.antigravity-ide\extensions\redhat.java-1.56.0-win32-x64\jre\21.0.12.1-win32-x86_64\bin\zip.dll
Event: 0.623 Loaded shared library C:\Users\NAGARAJU\.antigravity-ide\extensions\redhat.java-1.56.0-win32-x64\jre\21.0.12.1-win32-x86_64\bin\zip.dll
Event: 7.698 Attempting to load shared library C:\Users\NAGARAJU\.antigravity-ide\extensions\redhat.java-1.56.0-win32-x64\jre\21.0.12.1-win32-x86_64\bin\jimage.dll
Event: 7.698 Loaded shared library C:\Users\NAGARAJU\.antigravity-ide\extensions\redhat.java-1.56.0-win32-x64\jre\21.0.12.1-win32-x86_64\bin\jimage.dll
Event: 10.992 Attempting to load shared library C:\Users\NAGARAJU\.antigravity-ide\extensions\redhat.java-1.56.0-win32-x64\jre\21.0.12.1-win32-x86_64\bin\verify.dll
Event: 11.129 Loaded shared library C:\Users\NAGARAJU\.antigravity-ide\extensions\redhat.java-1.56.0-win32-x64\jre\21.0.12.1-win32-x86_64\bin\verify.dll
Event: 11.573 Attempting to load shared library C:\Users\NAGARAJU\.gradle\native\1def1411415f61bf3af743bc5b6707747c0891f09f0c88961ee8f79bc544acac\windows-amd64\native-platform.dll
Event: 11.584 Loaded shared library C:\Users\NAGARAJU\.gradle\native\1def1411415f61bf3af743bc5b6707747c0891f09f0c88961ee8f79bc544acac\windows-amd64\native-platform.dll
Event: 11.657 Attempting to load shared library C:\Users\NAGARAJU\.gradle\native\0.2.7\x86_64-windows-gnu\gradle-fileevents.dll
Event: 11.658 Loaded shared library C:\Users\NAGARAJU\.gradle\native\0.2.7\x86_64-windows-gnu\gradle-fileevents.dll
Event: 17.205 Attempting to load shared library C:\Users\NAGARAJU\.antigravity-ide\extensions\redhat.java-1.56.0-win32-x64\jre\21.0.12.1-win32-x86_64\bin\management.dll
Event: 17.207 Loaded shared library C:\Users\NAGARAJU\.antigravity-ide\extensions\redhat.java-1.56.0-win32-x64\jre\21.0.12.1-win32-x86_64\bin\management.dll
Event: 17.242 Attempting to load shared library C:\Users\NAGARAJU\.antigravity-ide\extensions\redhat.java-1.56.0-win32-x64\jre\21.0.12.1-win32-x86_64\bin\management_ext.dll
Event: 17.245 Loaded shared library C:\Users\NAGARAJU\.antigravity-ide\extensions\redhat.java-1.56.0-win32-x64\jre\21.0.12.1-win32-x86_64\bin\management_ext.dll
Event: 18.590 Attempting to load shared library C:\Users\NAGARAJU\.antigravity-ide\extensions\redhat.java-1.56.0-win32-x64\jre\21.0.12.1-win32-x86_64\bin\extnet.dll
Event: 18.591 Loaded shared library C:\Users\NAGARAJU\.antigravity-ide\extensions\redhat.java-1.56.0-win32-x64\jre\21.0.12.1-win32-x86_64\bin\extnet.dll
Event: 21.280 Attempting to load shared library C:\Users\NAGARAJU\.antigravity-ide\extensions\redhat.java-1.56.0-win32-x64\jre\21.0.12.1-win32-x86_64\bin\sunmscapi.dll
Event: 21.284 Loaded shared library C:\Users\NAGARAJU\.antigravity-ide\extensions\redhat.java-1.56.0-win32-x64\jre\21.0.12.1-win32-x86_64\bin\sunmscapi.dll

Deoptimization events (20 events):
Event: 362.500 Thread 0x0000024d1e27e1e0 Uncommon trap: trap_request=0xffffff45 fr.pc=0x0000024cc8954be0 relative=0x0000000000002dc0
Event: 362.500 Thread 0x0000024d1e27e1e0 Uncommon trap: reason=unstable_if action=reinterpret pc=0x0000024cc8954be0 method=java.lang.String.regionMatches(ZILjava/lang/String;II)Z @ 36 c2
Event: 362.500 Thread 0x0000024d1e27e1e0 DEOPT PACKING pc=0x0000024cc8954be0 sp=0x00000084035fa740
Event: 362.500 Thread 0x0000024d1e27e1e0 DEOPT UNPACKING pc=0x0000024cc81e4422 sp=0x00000084035fa640 mode 2
Event: 362.502 Thread 0x0000024d1e27e1e0 Uncommon trap: trap_request=0xffffffde fr.pc=0x0000024cc879b234 relative=0x00000000000010d4
Event: 362.502 Thread 0x0000024d1e27e1e0 Uncommon trap: reason=class_check action=maybe_recompile pc=0x0000024cc879b234 method=jdk.internal.loader.URLClassPath.getLoader(I)Ljdk/internal/loader/URLClassPath$Loader; @ 88 c2
Event: 362.502 Thread 0x0000024d1e27e1e0 DEOPT PACKING pc=0x0000024cc879b234 sp=0x00000084035faa00
Event: 362.502 Thread 0x0000024d1e27e1e0 DEOPT UNPACKING pc=0x0000024cc81e4422 sp=0x00000084035fa9f0 mode 2
Event: 362.502 Thread 0x0000024d1e27e1e0 Uncommon trap: trap_request=0xffffffde fr.pc=0x0000024cc891e3d8 relative=0x00000000000043b8
Event: 362.502 Thread 0x0000024d1e27e1e0 Uncommon trap: reason=class_check action=maybe_recompile pc=0x0000024cc891e3d8 method=jdk.internal.loader.URLClassPath.getResource(Ljava/lang/String;Z)Ljdk/internal/loader/Resource; @ 53 c2
Event: 362.502 Thread 0x0000024d1e27e1e0 DEOPT PACKING pc=0x0000024cc891e3d8 sp=0x00000084035faac0
Event: 362.502 Thread 0x0000024d1e27e1e0 DEOPT UNPACKING pc=0x0000024cc81e4422 sp=0x00000084035fa8e0 mode 2
Event: 364.774 Thread 0x0000024d1e27e1e0 Uncommon trap: trap_request=0xffffff45 fr.pc=0x0000024cc886a298 relative=0x00000000000000f8
Event: 364.774 Thread 0x0000024d1e27e1e0 Uncommon trap: reason=unstable_if action=reinterpret pc=0x0000024cc886a298 method=java.lang.ClassLoader.getClassLoadingLock(Ljava/lang/String;)Ljava/lang/Object; @ 6 c2
Event: 364.774 Thread 0x0000024d1e27e1e0 DEOPT PACKING pc=0x0000024cc886a298 sp=0x00000084035f9050
Event: 364.776 Thread 0x0000024d1e27e1e0 DEOPT UNPACKING pc=0x0000024cc81e4422 sp=0x00000084035f8fe0 mode 2
Event: 364.829 Thread 0x0000024d1e27e1e0 Uncommon trap: trap_request=0xffffff45 fr.pc=0x0000024cc894c3f0 relative=0x00000000000008d0
Event: 364.829 Thread 0x0000024d1e27e1e0 Uncommon trap: reason=unstable_if action=reinterpret pc=0x0000024cc894c3f0 method=java.lang.Class.getPackageName()Ljava/lang/String; @ 55 c2
Event: 364.829 Thread 0x0000024d1e27e1e0 DEOPT PACKING pc=0x0000024cc894c3f0 sp=0x00000084035fa6a0
Event: 364.829 Thread 0x0000024d1e27e1e0 DEOPT UNPACKING pc=0x0000024cc81e4422 sp=0x00000084035fa660 mode 2

Classes loaded (20 events):
Event: 215.080 Loading class java/nio/file/FileTreeWalker$Event
Event: 215.080 Loading class java/nio/file/FileTreeWalker$Event done
Event: 215.080 Loading class java/nio/file/FileTreeWalker$EventType
Event: 215.081 Loading class java/nio/file/FileTreeWalker$EventType done
Event: 215.082 Loading class java/nio/file/Files$3
Event: 215.082 Loading class java/nio/file/Files$3 done
Event: 215.084 Loading class java/nio/file/FileVisitResult
Event: 215.084 Loading class java/nio/file/FileVisitResult done
Event: 323.944 Loading class java/util/stream/IntStream
Event: 323.986 Loading class java/util/stream/IntStream done
Event: 323.987 Loading class java/util/stream/Streams$RangeIntSpliterator
Event: 323.988 Loading class java/util/stream/Streams$RangeIntSpliterator done
Event: 323.990 Loading class java/util/stream/IntPipeline$Head
Event: 323.999 Loading class java/util/stream/IntPipeline
Event: 324.021 Loading class java/util/stream/IntPipeline done
Event: 324.021 Loading class java/util/stream/IntPipeline$Head done
Event: 362.488 Loading class jdk/internal/loader/URLClassPath$FileLoader
Event: 362.492 Loading class jdk/internal/loader/URLClassPath$FileLoader done
Event: 362.504 Loading class jdk/internal/loader/URLClassPath$FileLoader$1
Event: 362.507 Loading class jdk/internal/loader/URLClassPath$FileLoader$1 done

Classes unloaded (0 events):
No events

Classes redefined (0 events):
No events

Internal exceptions (20 events):
Event: 182.170 Thread 0x0000024d1e27e1e0 Exception <a 'java/lang/NoSuchMethodError'{0x000000070441fc88}: 'java.lang.Object java.lang.invoke.DirectMethodHandle$Holder.invokeVirtual(java.lang.Object, java.lang.Object, java.lang.Object, java.lang.Object, java.lang.Object, java.lang.Object, java.lang.Object, java.lang.Object, java.lang.Object, java.lang.Object, java.lang.Object, java.lang.Object, java.lang.Object)'> (0x000000070441fc88) 
thrown [s\src\hotspot\share\interpreter\linkResolver.cpp, line 773]
Event: 182.172 Thread 0x0000024d1e27e1e0 Exception <a 'java/lang/NoSuchMethodError'{0x0000000704424ec0}: 'java.lang.Object java.lang.invoke.DirectMethodHandle$Holder.invokeSpecial(java.lang.Object, java.lang.Object, java.lang.Object, java.lang.Object, java.lang.Object, java.lang.Object, java.lang.Object, java.lang.Object, java.lang.Object, java.lang.Object, java.lang.Object, java.lang.Object, java.lang.Object, java.lang.Object)'> (0x0000000704424ec0) 
thrown [s\src\hotspot\share\interpreter\linkResolver.cpp, line 773]
Event: 182.174 Thread 0x0000024d1e27e1e0 Exception <a 'java/lang/NoSuchMethodError'{0x0000000704429c10}: 'java.lang.Object java.lang.invoke.DelegatingMethodHandle$Holder.reinvoke_L(java.lang.Object, java.lang.Object, java.lang.Object, java.lang.Object, java.lang.Object, java.lang.Object, java.lang.Object, java.lang.Object, java.lang.Object, java.lang.Object, java.lang.Object, java.lang.Object, java.lang.Object)'> (0x0000000704429c10) 
thrown [s\src\hotspot\share\interpreter\linkResolver.cpp, line 773]
Event: 182.492 Thread 0x0000024d1e27e1e0 Exception <a 'java/lang/NoSuchMethodError'{0x00000007045b8958}: 'void java.lang.invoke.DirectMethodHandle$Holder.invokeStaticInit(java.lang.Object, java.lang.Object)'> (0x00000007045b8958) 
thrown [s\src\hotspot\share\interpreter\linkResolver.cpp, line 773]
Event: 207.065 Thread 0x0000024d1e27e1e0 Exception <a 'java/lang/NoSuchMethodError'{0x0000000703f87d10}: 'java.lang.Object java.lang.invoke.DirectMethodHandle$Holder.newInvokeSpecial(java.lang.Object, java.lang.Object, java.lang.Object, java.lang.Object, java.lang.Object, java.lang.Object, java.lang.Object, java.lang.Object, java.lang.Object)'> (0x0000000703f87d10) 
thrown [s\src\hotspot\share\interpreter\linkResolver.cpp, line 773]
Event: 208.110 Thread 0x0000024d1e27e1e0 Implicit null exception at 0x0000024cc88f5d3b to 0x0000024cc88f627c
Event: 208.217 Thread 0x0000024d1e27e1e0 Exception <a 'java/lang/NoSuchMethodError'{0x0000000703a8cdc0}: 'int java.lang.invoke.DirectMethodHandle$Holder.invokeVirtual(java.lang.Object, java.lang.Object)'> (0x0000000703a8cdc0) 
thrown [s\src\hotspot\share\interpreter\linkResolver.cpp, line 773]
Event: 208.724 Thread 0x0000024d1e27e1e0 Exception <a 'java/lang/NoSuchMethodError'{0x00000007039b3938}: 'void java.lang.invoke.DirectMethodHandle$Holder.invokeInterface(java.lang.Object, java.lang.Object, java.lang.Object, java.lang.Object, java.lang.Object)'> (0x00000007039b3938) 
thrown [s\src\hotspot\share\interpreter\linkResolver.cpp, line 773]
Event: 208.767 Thread 0x0000024d1e27e1e0 Exception <a 'java/lang/NoSuchMethodError'{0x00000007039efe00}: 'void java.lang.invoke.DirectMethodHandle$Holder.invokeStatic(java.lang.Object, java.lang.Object, java.lang.Object, java.lang.Object, java.lang.Object, java.lang.Object)'> (0x00000007039efe00) 
thrown [s\src\hotspot\share\interpreter\linkResolver.cpp, line 773]
Event: 210.359 Thread 0x0000024d1e27e1e0 Exception <a 'java/lang/IncompatibleClassChangeError'{0x0000000702e07960}: Found class java.lang.Object, but interface was expected> (0x0000000702e07960) 
thrown [s\src\hotspot\share\interpreter\linkResolver.cpp, line 840]
Event: 214.932 Thread 0x0000024d1e27e1e0 Exception <a 'java/lang/NoSuchMethodError'{0x0000000702c35738}: 'java.lang.Object java.lang.invoke.DirectMethodHandle$Holder.newInvokeSpecial(java.lang.Object, java.lang.Object, long)'> (0x0000000702c35738) 
thrown [s\src\hotspot\share\interpreter\linkResolver.cpp, line 773]
Event: 214.933 Thread 0x0000024d1e27e1e0 Exception <a 'java/lang/NoSuchMethodError'{0x0000000702c39ae0}: 'java.lang.Object java.lang.invoke.Invokers$Holder.linkToTargetMethod(java.lang.Object, long, java.lang.Object)'> (0x0000000702c39ae0) 
thrown [s\src\hotspot\share\interpreter\linkResolver.cpp, line 773]
Event: 215.008 Thread 0x0000024d1e27db50 Implicit null exception at 0x0000024cc88abc01 to 0x0000024cc88ac298
Event: 323.486 Thread 0x0000024d1e27e1e0 Exception <a 'java/lang/NoSuchMethodError'{0x0000000707820938}: 'int java.lang.invoke.DirectMethodHandle$Holder.invokeInterface(java.lang.Object, java.lang.Object)'> (0x0000000707820938) 
thrown [s\src\hotspot\share\interpreter\linkResolver.cpp, line 773]
Event: 323.917 Thread 0x0000024d1e27e1e0 Exception <a 'java/lang/NoSuchMethodError'{0x00000007078afe28}: 'java.lang.Object java.lang.invoke.DirectMethodHandle$Holder.invokeVirtual(java.lang.Object, java.lang.Object, int)'> (0x00000007078afe28) 
thrown [s\src\hotspot\share\interpreter\linkResolver.cpp, line 773]
Event: 324.326 Thread 0x0000024d1e27e1e0 Exception <a 'java/lang/NoSuchMethodError'{0x000000070796b788}: 'java.lang.Object java.lang.invoke.DirectMethodHandle$Holder.invokeStatic(java.lang.Object, java.lang.Object, int, java.lang.Object)'> (0x000000070796b788) 
thrown [s\src\hotspot\share\interpreter\linkResolver.cpp, line 773]
Event: 324.333 Thread 0x0000024d1e27e1e0 Exception <a 'java/lang/NoSuchMethodError'{0x0000000707973070}: 'java.lang.Object java.lang.invoke.DirectMethodHandle$Holder.newInvokeSpecial(java.lang.Object, java.lang.Object, int, java.lang.Object)'> (0x0000000707973070) 
thrown [s\src\hotspot\share\interpreter\linkResolver.cpp, line 773]
Event: 324.335 Thread 0x0000024d1e27e1e0 Exception <a 'java/lang/NoSuchMethodError'{0x0000000707977a90}: 'java.lang.Object java.lang.invoke.DirectMethodHandle$Holder.invokeSpecial(java.lang.Object, java.lang.Object, java.lang.Object, int, java.lang.Object)'> (0x0000000707977a90) 
thrown [s\src\hotspot\share\interpreter\linkResolver.cpp, line 773]
Event: 362.442 Thread 0x0000024d1e27e1e0 Exception <a 'java/lang/NoSuchMethodError'{0x0000000707ac3b48}: 'void java.lang.invoke.DirectMethodHandle$Holder.invokeInterface(java.lang.Object, java.lang.Object, java.lang.Object, java.lang.Object, java.lang.Object, java.lang.Object, java.lang.Object)'> (0x0000000707ac3b48) 
thrown [s\src\hotspot\share\interpreter\linkResolver.cpp, line 773]
Event: 362.458 Thread 0x0000024d1e27e1e0 Exception <a 'java/lang/NoSuchMethodError'{0x0000000707ac8710}: 'void java.lang.invoke.DelegatingMethodHandle$Holder.reinvoke_L(java.lang.Object, java.lang.Object, java.lang.Object, java.lang.Object, java.lang.Object, java.lang.Object, java.lang.Object)'> (0x0000000707ac8710) 
thrown [s\src\hotspot\share\interpreter\linkResolver.cpp, line 773]

ZGC Phase Switch (0 events):
No events

VM Operations (20 events):
Event: 340.919 Executing safepoint VM operation: G1CollectForAllocation (G1 Evacuation Pause)
Event: 351.848 Executing safepoint VM operation: G1CollectForAllocation (G1 Evacuation Pause) done
Event: 352.848 Executing safepoint VM operation: Cleanup
Event: 353.645 Executing safepoint VM operation: Cleanup done
Event: 354.655 Executing safepoint VM operation: Cleanup
Event: 354.655 Executing safepoint VM operation: Cleanup done
Event: 355.666 Executing safepoint VM operation: Cleanup
Event: 355.666 Executing safepoint VM operation: Cleanup done
Event: 359.687 Executing safepoint VM operation: Cleanup
Event: 359.687 Executing safepoint VM operation: Cleanup done
Event: 361.022 Executing safepoint VM operation: G1CollectForAllocation (G1 Evacuation Pause)
Event: 361.291 Executing safepoint VM operation: G1CollectForAllocation (G1 Evacuation Pause) done
Event: 362.306 Executing safepoint VM operation: Cleanup
Event: 362.307 Executing safepoint VM operation: Cleanup done
Event: 363.311 Executing safepoint VM operation: Cleanup
Event: 364.729 Executing safepoint VM operation: Cleanup done
Event: 364.729 Executing non-safepoint VM operation: HandshakeAllThreads (Deoptimize)
Event: 364.730 Executing non-safepoint VM operation: HandshakeAllThreads (Deoptimize) done
Event: 364.733 Executing non-safepoint VM operation: HandshakeAllThreads (Deoptimize)
Event: 364.733 Executing non-safepoint VM operation: HandshakeAllThreads (Deoptimize) done

Memory protections (0 events):
No events

Nmethod flushes (0 events):
No events

Events (20 events):
Event: 23.411 Thread 0x0000024cd7bc46f0 Thread added: 0x0000024d1e27e1e0
Event: 23.545 Thread 0x0000024d1e27e1e0 Thread added: 0x0000024d1e27c110
Event: 23.716 Thread 0x0000024d1e27e1e0 Thread added: 0x0000024d1e27c7a0
Event: 23.766 Thread 0x0000024d1e27e1e0 Thread added: 0x0000024d1e27f590
Event: 26.641 Thread 0x0000024d1e27e1e0 Thread added: 0x0000024d1e27db50
Event: 26.670 Thread 0x0000024d1e27e1e0 Thread added: 0x0000024d1e27e870
Event: 28.754 Thread 0x0000024d1e27e870 Thread added: 0x0000024d1e27ef00
Event: 28.933 Thread 0x0000024d1e27e1e0 Thread added: 0x0000024d1ed91ba0
Event: 100.297 Thread 0x0000024d1e27ef00 Thread exited: 0x0000024d1e27ef00
Event: 148.177 Thread 0x0000024d1e27e870 Thread added: 0x0000024d1ed90160
Event: 180.964 Thread 0x0000024d1e27e1e0 Thread added: 0x0000024d1ed8f440
Event: 181.144 Thread 0x0000024d1e27e1e0 Thread added: 0x0000024d1ed8edb0
Event: 208.108 Thread 0x0000024d1e27e1e0 Thread added: 0x0000024d1ed90e80
Event: 208.208 Thread 0x0000024d1e27e1e0 Thread added: 0x0000024d1ed907f0
Event: 208.326 Thread 0x0000024d1ed90160 Thread exited: 0x0000024d1ed90160
Event: 214.393 Thread 0x0000024d1e27e870 Thread added: 0x0000024d1ed8e720
Event: 280.342 Thread 0x0000024d1ed8e720 Thread exited: 0x0000024d1ed8e720
Event: 322.037 Thread 0x0000024d1e27e870 Thread added: 0x0000024d1ed91510
Event: 324.344 Thread 0x0000024d1e27e1e0 Thread added: 0x0000024d1ed90160
Event: 361.787 Thread 0x0000024d1e27e1e0 Thread added: 0x0000024d1ed8e720


Dynamic libraries:
0x00007ff6aaf70000 - 0x00007ff6aaf7e000 	C:\Users\NAGARAJU\.antigravity-ide\extensions\redhat.java-1.56.0-win32-x64\jre\21.0.12.1-win32-x86_64\bin\java.exe
0x00007ffba2e60000 - 0x00007ffba30c6000 	C:\WINDOWS\SYSTEM32\ntdll.dll
0x00007ffba16f0000 - 0x00007ffba17b9000 	C:\WINDOWS\System32\KERNEL32.DLL
0x00007ffba01d0000 - 0x00007ffba05cf000 	C:\WINDOWS\System32\KERNELBASE.dll
0x00007ffba0070000 - 0x00007ffba01bc000 	C:\WINDOWS\System32\ucrtbase.dll
0x00007ffb616c0000 - 0x00007ffb616d8000 	C:\Users\NAGARAJU\.antigravity-ide\extensions\redhat.java-1.56.0-win32-x64\jre\21.0.12.1-win32-x86_64\bin\jli.dll
0x00007ffba2320000 - 0x00007ffba24e6000 	C:\WINDOWS\System32\USER32.dll
0x00007ffba08a0000 - 0x00007ffba08c7000 	C:\WINDOWS\System32\win32u.dll
0x00007ffba2df0000 - 0x00007ffba2e1b000 	C:\WINDOWS\System32\GDI32.dll
0x00007ffba05e0000 - 0x00007ffba0709000 	C:\WINDOWS\System32\gdi32full.dll
0x00007ffba0ae0000 - 0x00007ffba0b83000 	C:\WINDOWS\System32\msvcp_win.dll
0x00007ffb616e0000 - 0x00007ffb616fe000 	C:\Users\NAGARAJU\.antigravity-ide\extensions\redhat.java-1.56.0-win32-x64\jre\21.0.12.1-win32-x86_64\bin\VCRUNTIME140.dll
0x00007ffb88780000 - 0x00007ffb88a11000 	C:\WINDOWS\WinSxS\amd64_microsoft.windows.common-controls_6595b64144ccf1df_6.0.26100.8972_none_3e0da176e32f9d4b\COMCTL32.dll
0x00007ffba24f0000 - 0x00007ffba2599000 	C:\WINDOWS\System32\msvcrt.dll
0x00007ffba2150000 - 0x00007ffba2182000 	C:\WINDOWS\System32\IMM32.DLL
0x00007ffb83500000 - 0x00007ffb8350c000 	C:\Users\NAGARAJU\.antigravity-ide\extensions\redhat.java-1.56.0-win32-x64\jre\21.0.12.1-win32-x86_64\bin\vcruntime140_1.dll
0x00007ffb1bac0000 - 0x00007ffb1bb4d000 	C:\Users\NAGARAJU\.antigravity-ide\extensions\redhat.java-1.56.0-win32-x64\jre\21.0.12.1-win32-x86_64\bin\msvcp140.dll
0x00007ffac8530000 - 0x00007ffac92d2000 	C:\Users\NAGARAJU\.antigravity-ide\extensions\redhat.java-1.56.0-win32-x64\jre\21.0.12.1-win32-x86_64\bin\server\jvm.dll
0x00007ffba0d00000 - 0x00007ffba0dbc000 	C:\WINDOWS\System32\ADVAPI32.dll
0x00007ffba28a0000 - 0x00007ffba294a000 	C:\WINDOWS\System32\sechost.dll
0x00007ffba25a0000 - 0x00007ffba26b8000 	C:\WINDOWS\System32\RPCRT4.dll
0x00007ffba1ab0000 - 0x00007ffba1b32000 	C:\WINDOWS\System32\WS2_32.dll
0x00007ffb9fed0000 - 0x00007ffb9ff2e000 	C:\WINDOWS\SYSTEM32\POWRPROF.dll
0x00007ffb99840000 - 0x00007ffb99876000 	C:\WINDOWS\SYSTEM32\WINMM.dll
0x00007ffb99880000 - 0x00007ffb9988b000 	C:\WINDOWS\SYSTEM32\VERSION.dll
0x00007ffb9feb0000 - 0x00007ffb9fec5000 	C:\WINDOWS\SYSTEM32\UMPDC.dll
0x00007ffb9ed60000 - 0x00007ffb9ed7b000 	C:\WINDOWS\SYSTEM32\kernel.appcore.dll
0x00007ffb82eb0000 - 0x00007ffb82eba000 	C:\Users\NAGARAJU\.antigravity-ide\extensions\redhat.java-1.56.0-win32-x64\jre\21.0.12.1-win32-x86_64\bin\jimage.dll
0x00007ffb94900000 - 0x00007ffb94b42000 	C:\WINDOWS\SYSTEM32\DBGHELP.DLL
0x00007ffba2a10000 - 0x00007ffba2d95000 	C:\WINDOWS\System32\combase.dll
0x00007ffba21c0000 - 0x00007ffba2299000 	C:\WINDOWS\System32\OLEAUT32.dll
0x00007ffb81c30000 - 0x00007ffb81c6b000 	C:\WINDOWS\SYSTEM32\dbgcore.DLL
0x00007ffba08d0000 - 0x00007ffba097c000 	C:\WINDOWS\System32\bcryptPrimitives.dll
0x00007ffb65d80000 - 0x00007ffb65d8f000 	C:\Users\NAGARAJU\.antigravity-ide\extensions\redhat.java-1.56.0-win32-x64\jre\21.0.12.1-win32-x86_64\bin\instrument.dll
0x00007ffb5fe50000 - 0x00007ffb5fe70000 	C:\Users\NAGARAJU\.antigravity-ide\extensions\redhat.java-1.56.0-win32-x64\jre\21.0.12.1-win32-x86_64\bin\java.dll
0x00007ffba0f50000 - 0x00007ffba16d8000 	C:\WINDOWS\System32\SHELL32.dll
0x00007ffb9db40000 - 0x00007ffb9e3db000 	C:\WINDOWS\SYSTEM32\windows.storage.dll
0x00007ffba0dd0000 - 0x00007ffba0ec9000 	C:\WINDOWS\System32\SHCORE.dll
0x00007ffba0c90000 - 0x00007ffba0cf6000 	C:\WINDOWS\System32\shlwapi.dll
0x00007ffb9ff90000 - 0x00007ffb9ffb9000 	C:\WINDOWS\SYSTEM32\profapi.dll
0x00007ffb4d020000 - 0x00007ffb4d038000 	C:\Users\NAGARAJU\.antigravity-ide\extensions\redhat.java-1.56.0-win32-x64\jre\21.0.12.1-win32-x86_64\bin\zip.dll
0x00007ffb72940000 - 0x00007ffb72950000 	C:\Users\NAGARAJU\.antigravity-ide\extensions\redhat.java-1.56.0-win32-x64\jre\21.0.12.1-win32-x86_64\bin\net.dll
0x00007ffb95940000 - 0x00007ffb95a68000 	C:\WINDOWS\SYSTEM32\WINHTTP.dll
0x00007ffb9f310000 - 0x00007ffb9f37c000 	C:\WINDOWS\system32\mswsock.dll
0x00007ffb5f9d0000 - 0x00007ffb5f9e6000 	C:\Users\NAGARAJU\.antigravity-ide\extensions\redhat.java-1.56.0-win32-x64\jre\21.0.12.1-win32-x86_64\bin\nio.dll
0x00007ffb62900000 - 0x00007ffb62910000 	C:\Users\NAGARAJU\.antigravity-ide\extensions\redhat.java-1.56.0-win32-x64\jre\21.0.12.1-win32-x86_64\bin\verify.dll
0x00007ffb1ba00000 - 0x00007ffb1ba27000 	C:\Users\NAGARAJU\.gradle\native\1def1411415f61bf3af743bc5b6707747c0891f09f0c88961ee8f79bc544acac\windows-amd64\native-platform.dll
0x00007ffafafa0000 - 0x00007ffafb018000 	C:\Users\NAGARAJU\.gradle\native\0.2.7\x86_64-windows-gnu\gradle-fileevents.dll
0x00007ffb95860000 - 0x00007ffb9586a000 	C:\Users\NAGARAJU\.antigravity-ide\extensions\redhat.java-1.56.0-win32-x64\jre\21.0.12.1-win32-x86_64\bin\management.dll
0x00007ffb831e0000 - 0x00007ffb831ec000 	C:\Users\NAGARAJU\.antigravity-ide\extensions\redhat.java-1.56.0-win32-x64\jre\21.0.12.1-win32-x86_64\bin\management_ext.dll
0x00007ffba1cb0000 - 0x00007ffba1cb8000 	C:\WINDOWS\System32\PSAPI.DLL
0x00007ffb9e6b0000 - 0x00007ffb9e6e3000 	C:\WINDOWS\SYSTEM32\IPHLPAPI.DLL
0x00007ffba16e0000 - 0x00007ffba16ea000 	C:\WINDOWS\System32\NSI.dll
0x00007ffb831d0000 - 0x00007ffb831d9000 	C:\Users\NAGARAJU\.antigravity-ide\extensions\redhat.java-1.56.0-win32-x64\jre\21.0.12.1-win32-x86_64\bin\extnet.dll
0x00007ffb9f600000 - 0x00007ffb9f61b000 	C:\WINDOWS\SYSTEM32\CRYPTSP.dll
0x00007ffb9ecc0000 - 0x00007ffb9ecf9000 	C:\WINDOWS\system32\rsaenh.dll
0x00007ffb9f3c0000 - 0x00007ffb9f3f2000 	C:\WINDOWS\SYSTEM32\USERENV.dll
0x00007ffb9ff60000 - 0x00007ffb9ff8a000 	C:\WINDOWS\SYSTEM32\bcrypt.dll
0x00007ffb9f620000 - 0x00007ffb9f62c000 	C:\WINDOWS\SYSTEM32\CRYPTBASE.dll
0x00007ffb831c0000 - 0x00007ffb831ce000 	C:\Users\NAGARAJU\.antigravity-ide\extensions\redhat.java-1.56.0-win32-x64\jre\21.0.12.1-win32-x86_64\bin\sunmscapi.dll
0x00007ffba0710000 - 0x00007ffba088e000 	C:\WINDOWS\System32\CRYPT32.dll
0x00007ffb9f840000 - 0x00007ffb9f870000 	C:\WINDOWS\SYSTEM32\ncrypt.dll
0x00007ffb9f7f0000 - 0x00007ffb9f82f000 	C:\WINDOWS\SYSTEM32\NTASN1.dll
0x00007ffb15860000 - 0x00007ffb15868000 	C:\WINDOWS\system32\wshunix.dll

JVMTI agents:
C:\Users\NAGARAJU\.gradle\wrapper\dists\gradle-8.14.1-bin\baw1sv0jfoi8rxs14qo3h49cs\gradle-8.14.1\lib\agents\gradle-instrumentation-agent-8.14.1.jar path:C:\Users\NAGARAJU\.antigravity-ide\extensions\redhat.java-1.56.0-win32-x64\jre\21.0.12.1-win32-x86_64\bin\instrument.dll, loaded, initialized, instrumentlib options:none

dbghelp: loaded successfully - version: 4.0.5 - missing functions: none
symbol engine: initialized successfully - sym options: 0x614 - pdb path: .;C:\Users\NAGARAJU\.antigravity-ide\extensions\redhat.java-1.56.0-win32-x64\jre\21.0.12.1-win32-x86_64\bin;C:\WINDOWS\SYSTEM32;C:\WINDOWS\WinSxS\amd64_microsoft.windows.common-controls_6595b64144ccf1df_6.0.26100.8972_none_3e0da176e32f9d4b;C:\Users\NAGARAJU\.antigravity-ide\extensions\redhat.java-1.56.0-win32-x64\jre\21.0.12.1-win32-x86_64\bin\server;C:\Users\NAGARAJU\.gradle\native\1def1411415f61bf3af743bc5b6707747c0891f09f0c88961ee8f79bc544acac\windows-amd64;C:\Users\NAGARAJU\.gradle\native\0.2.7\x86_64-windows-gnu

VM Arguments:
jvm_args: --add-opens=java.base/java.lang=ALL-UNNAMED --add-opens=java.base/java.lang.invoke=ALL-UNNAMED --add-opens=java.base/java.util=ALL-UNNAMED --add-opens=java.prefs/java.util.prefs=ALL-UNNAMED --add-exports=jdk.compiler/com.sun.tools.javac.api=ALL-UNNAMED --add-exports=jdk.compiler/com.sun.tools.javac.util=ALL-UNNAMED --add-opens=java.base/java.util=ALL-UNNAMED --add-opens=java.prefs/java.util.prefs=ALL-UNNAMED --add-opens=java.base/java.nio.charset=ALL-UNNAMED --add-opens=java.base/java.net=ALL-UNNAMED --add-opens=java.base/java.util.concurrent.atomic=ALL-UNNAMED --add-opens=java.xml/javax.xml.namespace=ALL-UNNAMED -Xmx4096m -Dfile.encoding=UTF-8 -Duser.country=IN -Duser.language=en -Duser.variant -javaagent:C:\Users\NAGARAJU\.gradle\wrapper\dists\gradle-8.14.1-bin\baw1sv0jfoi8rxs14qo3h49cs\gradle-8.14.1\lib\agents\gradle-instrumentation-agent-8.14.1.jar 
java_command: org.gradle.launcher.daemon.bootstrap.GradleDaemon 8.14.1
java_class_path (initial): C:\Users\NAGARAJU\.gradle\wrapper\dists\gradle-8.14.1-bin\baw1sv0jfoi8rxs14qo3h49cs\gradle-8.14.1\lib\gradle-daemon-main-8.14.1.jar
Launcher Type: SUN_STANDARD

[Global flags]
     intx CICompilerCount                          = 4                                         {product} {ergonomic}
     uint ConcGCThreads                            = 2                                         {product} {ergonomic}
     uint G1ConcRefinementThreads                  = 8                                         {product} {ergonomic}
   size_t G1HeapRegionSize                         = 2097152                                   {product} {ergonomic}
    uintx GCDrainStackTargetSize                   = 64                                        {product} {ergonomic}
   size_t InitialHeapSize                          = 123731968                                 {product} {ergonomic}
   size_t MarkStackSize                            = 4194304                                   {product} {ergonomic}
   size_t MaxHeapSize                              = 4294967296                                {product} {command line}
   size_t MaxNewSize                               = 2575302656                                {product} {ergonomic}
   size_t MinHeapDeltaBytes                        = 2097152                                   {product} {ergonomic}
   size_t MinHeapSize                              = 8388608                                   {product} {ergonomic}
    uintx NonNMethodCodeHeapSize                   = 5839372                                {pd product} {ergonomic}
    uintx NonProfiledCodeHeapSize                  = 122909434                              {pd product} {ergonomic}
    uintx ProfiledCodeHeapSize                     = 122909434                              {pd product} {ergonomic}
    uintx ReservedCodeCacheSize                    = 251658240                              {pd product} {ergonomic}
     bool SegmentedCodeCache                       = true                                      {product} {ergonomic}
   size_t SoftMaxHeapSize                          = 4294967296                             {manageable} {ergonomic}
     bool UseCompressedOops                        = true                           {product lp64_product} {ergonomic}
     bool UseG1GC                                  = true                                      {product} {ergonomic}
     bool UseLargePagesIndividualAllocation        = false                                  {pd product} {ergonomic}

Logging:
Log output configuration:
 #0: stdout all=warning uptime,level,tags foldmultilines=false
 #1: stderr all=off uptime,level,tags foldmultilines=false

Release file:
JAVA_VERSION="21.0.12.1" 
MODULES="java.base java.compiler java.datatransfer java.xml java.prefs java.desktop java.instrument java.logging java.management java.security.sasl java.naming java.rmi java.management.rmi java.net.http java.scripting java.security.jgss java.transaction.xa java.sql java.sql.rowset java.xml.crypto java.se java.smartcardio jdk.accessibility jdk.internal.jvmstat jdk.attach jdk.charsets jdk.internal.opt jdk.zipfs jdk.compiler jdk.crypto.ec jdk.crypto.cryptoki jdk.crypto.mscapi jdk.dynalink jdk.internal.ed jdk.editpad jdk.hotspot.agent jdk.httpserver jdk.internal.le jdk.internal.vm.ci jdk.internal.vm.compiler jdk.internal.vm.compiler.management jdk.jartool jdk.javadoc jdk.jcmd jdk.management jdk.management.agent jdk.jconsole jdk.jdeps jdk.jdwp.agent jdk.jdi jdk.jfr jdk.jshell jdk.jsobject jdk.jstatd jdk.localedata jdk.management.jfr jdk.naming.dns jdk.naming.rmi jdk.net jdk.nio.mapmode jdk.random jdk.sctp jdk.security.auth jdk.security.jgss jdk.unsupported jdk.unsupported.desktop jdk.xml.dom" 

Environment Variables:
JAVA_HOME=C:\Program Files\Eclipse Adoptium\jdk-21.0.11.10-hotspot
PATH=C:\Program Files\Eclipse Adoptium\jdk-21.0.11.10-hotspot\bin;C:\Program Files\Eclipse Adoptium\jdk-11.0.26.4-hotspot\bin;C:\Program Files\Eclipse Adoptium\jdk-17.0.14.7-hotspot\bin;C:\Program Files\Java\jdk-17\bin;C:\Program Files\nodejs;E:\Android\Sdk\platform-tools;E:\Android\Sdk\emulator;E:\Android\Sdk\cmdline-tools\latest\bin;C:\Users\NAGARAJU\AppData\Local\Android\Sdk\platform-tools;C:\Users\NAGARAJU\AppData\Local\Android\Sdk\emulator;C:\Users\NAGARAJU\AppData\Local\Android\Sdk\cmdline-tools\latest\bin;C:\Program Files\Eclipse Adoptium\jdk-21.0.11.10-hotspot\bin;C:\Program Files\Eclipse Adoptium\jdk-11.0.26.4-hotspot\bin;C:\Program Files\Eclipse Adoptium\jdk-17.0.14.7-hotspot\bin;C:\Program Files\Java\jdk-17\bin;C:\Program Files\nodejs;E:\Android\Sdk\platform-tools;E:\Android\Sdk\emulator;E:\Android\Sdk\cmdline-tools\latest\bin;C:\Users\NAGARAJU\AppData\Local\Android\Sdk\platform-tools;C:\Users\NAGARAJU\AppData\Local\Android\Sdk\emulator;C:\Users\NAGARAJU\AppData\Local\Android\Sdk\cmdline-tools\latest\bin;C:\Program Files\Eclipse Adoptium\jdk-21.0.11.10-hotspot\bin;C:\Program Files\Eclipse Adoptium\jdk-11.0.26.4-hotspot\bin;C:\Program Files\Eclipse Adoptium\jdk-17.0.14.7-hotspot\bin;C:\Program Files\Java\jdk-17\bin;C:\Program Files\nodejs;E:\Android\Sdk\platform-tools;E:\Android\Sdk\emulator;E:\Android\Sdk\cmdline-tools\latest\bin;C:\Users\NAGARAJU\AppData\Local\Android\Sdk\platform-tools;C:\Users\NAGARAJU\AppData\Local\Android\Sdk\emulator;C:\Users\NAGARAJU\AppData\Local\Android\Sdk\cmdline-tools\latest\bin;C:\WINDOWS\System32;C:\ProgramData\chocolatey\bin;C:\Program Files\nodejs\;C:\Program Files\Git\cmd;C:\Windows\System32;C:\Windows\System32\WindowsPowerShell\v1.0;C:\Windows\System32\OpenSSH;C:\Windows\System32\WindowsPowerShell\v1.0\;C:\Users\NAGARAJU\Downloads\stripe_1.30.0_windows_x86_64;C:\WINDOWS\system32;C:\WINDOWS;C:\WINDOWS\System32\Wbem;C:\WINDOWS\System32\WindowsPowerShell\v1.0\;C:\WINDOWS\System32\OpenSSH\;C:\ProgramData\chocolatey\bin;C:\Program Files\nodejs\;C:\Program Files\Git\cmd;C:\Windows\System32;C:\Windows\System32\WindowsPowerShell\v1.0;C:\Windows\System32\OpenSSH;C:\Windows\System32\WindowsPowerShell\v1.0\;C:\Users\NAGARAJU\Downloads\stripe_1.30.0_windows_x86_64;C:\WINDOWS\system32;C:\WINDOWS;C:\WINDOWS\System32\Wbem;C:\WINDOWS\System32\WindowsPowerShell\v1.0\;C:\WINDOWS\System32\OpenSSH\;C:\ProgramData\chocolatey\bin;C:\Program Files\nodejs\;C:\Program Files\Git\cmd;C:\Windows\System32;C:\Windows\System32\WindowsPowerShell\v1.0;C:\Windows\System32\OpenSSH;C:\Windows\System32\WindowsPowerShell\v1.0\;C:\Users\NAGARAJU\Downloads\stripe_1.30.0_windows_x86_64;C:\WINDOWS\system32;C:\WINDOWS;C:\WINDOWS\System32\Wbem;C:\WINDOWS\System32\WindowsPowerShell\v1.0\;C:\WINDOWS\System32\OpenSSH\;C:\Program Files\Eclipse Adoptium\jdk-21.0.11.10-hotspot\bin;C:\Program Files\Eclipse Adoptium\jdk-11.0.26.4-hotspot\bin;C:\Program Files\Eclipse Adoptium\jdk-17.0.14.7-hotspot\bin;C:\Program Files\Java\jdk-17\bin;C:\Program Files\nodejs;E:\Android\Sdk\platform-tools;E:\Android\Sdk\emulator;E:\Android\Sdk\cmdline-tools\latest\bin;C:\Users\NAGARAJU\AppData\Local\Android\Sdk\platform-tools;C:\Users\NAGARAJU\AppData\Local\Android\Sdk\emulator;C:\Users\NAGARAJU\AppData\Local\Android\Sdk\cmdline-tools\latest\bin;C:\Program Files\Eclipse Adoptium\jdk-21.0.11.10-hotspot\bin;C:\Program Files\Eclipse Adoptium\jdk-11.0.26.4-hotspot\bin;C:\Program Files\Eclipse Adoptium\jdk-17.0.14.7-hotspot\bin;C:\Program Files\Java\jdk-17\bin;C:\Program Files\nodejs;E:\Android\Sdk\platform-tools;E:\Android\Sdk\emulator;E:\Android\Sdk\cmdline-tools\latest\bin;C:\Users\NAGARAJU\AppData\Local\Android\Sdk\platform-tools;C:\Users\NAGARAJU\AppData\Local\Android\Sdk\emulator;C:\Users\NAGARAJU\AppData\Local\Android\Sdk\cmdline-tools\latest\bin;C:\Program Files\Eclipse Adoptium\jdk-21.0.11.10-hotspot\bin;C:\Program Files\Eclipse Adoptium\jdk-11.0.26.4-hotspot\bin;C:\Program Files\Eclipse Adoptium\jdk-17.0.14.7-hotspot\bin;C:\Program Files\Java\jdk-17\bin;C:\Program Files\nodejs;E:\Android\Sdk\platform-tools;E:\Android\Sdk\emulator;E:\Android\Sdk\cmdline-tools\latest\bin;C:\Users\NAGARAJU\AppData\Local\Android\Sdk\platform-tools;C:\Users\NAGARAJU\AppData\Local\Android\Sdk\emulator;C:\Users\NAGARAJU\AppData\Local\Android\Sdk\cmdline-tools\latest\bin;C:\WINDOWS\System32;C:\ProgramData\chocolatey\bin;C:\Program Files\nodejs\;C:\Program Files\Git\cmd;C:\Windows\System32;C:\Windows\System32\WindowsPowerShell\v1.0;C:\Windows\System32\OpenSSH;C:\Windows\System32\WindowsPowerShell\v1.0\;C:\Users\NAGARAJU\Downloads\stripe_1.30.0_windows_x86_64;C:\WINDOWS\system32;C:\WINDOWS;C:\WINDOWS\System32\Wbem;C:\WINDOWS\System32\WindowsPowerShell\v1.0\;C:\WINDOWS\System32\OpenSSH\;C:\ProgramData\chocolatey\bin;C:\Program Files\nodejs\;C:\Program Files\Git\cmd;C:\Windows\System32;C:\Windows\System32\WindowsPowerShell\v1.0;C:\Windows\System32\OpenSSH;C:\Windows\System32\WindowsPowerShell\v1.0\;C:\Users\NAGARAJU\Downloads\stripe_1.30.0_windows_x86_64;C:\WINDOWS\system32;C:\WINDOWS;C:\WINDOWS\System32\Wbem;C:\WINDOWS\System32\WindowsPowerShell\v1.0\;C:\WINDOWS\System32\OpenSSH\;C:\ProgramData\chocolatey\bin;C:\Program Files\nodejs\;C:\Program Files\Git\cmd;C:\Windows\System32;C:\Windows\System32\WindowsPowerShell\v1.0;C:\Windows\System32\OpenSSH;C:\Windows\System32\WindowsPowerShell\v1.0\;C:\Users\NAGARAJU\Downloads\stripe_1.30.0_windows_x86_64;C:\WINDOWS\system32;C:\WINDOWS;C:\WINDOWS\System32\Wbem;C:\WINDOWS\System32\WindowsPowerShell\v1.0\;C:\WINDOWS\System32\OpenSSH\;C:\Users\NAGARAJU\AppData\Local\Android\Sdk\platform-tools;C:\Users\NAGARAJU\AppData\Local\Android\Sdk\cmdline-tools\latest\bin;C:\Users\NAGARAJU\AppData\Roaming\npm;C:\Users\NAGARAJU\AppData\Local\Programs\Microsoft VS Code\bin;C:\Users\NAGARAJU\AppData\Local\Programs\Antigravity IDE\bin;C:\Users\NAGARAJU\AppData\Local\Microsoft\WindowsApps;C:\Users\NAGARAJU\AppData\Local\Kingsoft\WPS Office\12.1.0.27458\clitool
USERNAME=NAGARAJU
OS=Windows_NT
PROCESSOR_IDENTIFIER=AMD64 Family 23 Model 104 Stepping 1, AuthenticAMD
TMP=C:\Users\NAGARAJU\AppData\Local\Temp
TEMP=C:\Users\NAGARAJU\AppData\Local\Temp




Periodic native trim disabled

---------------  S Y S T E M  ---------------

OS:
 Windows 11 , 64 bit Build 26100 (10.0.26100.9168)
OS uptime: 0 days 1:23 hours

CPU: total 8 (initial active 8) (8 cores per cpu, 2 threads per core) family 23 model 104 stepping 1 microcode 0x8608109, cx8, cmov, fxsr, ht, mmx, 3dnowpref, sse, sse2, sse3, ssse3, sse4a, sse4.1, sse4.2, popcnt, lzcnt, tsc, tscinvbit, avx, avx2, aes, clmul, bmi1, bmi2, adx, sha, fma, vzeroupper, clflush, clflushopt, rdtscp, rdpid, f16c
Processor Information for processor 0
  Max Mhz: 2600, Current Mhz: 2080, Mhz Limit: 2600
Processor Information for processor 1
  Max Mhz: 2600, Current Mhz: 2600, Mhz Limit: 2600
Processor Information for processor 2
  Max Mhz: 2600, Current Mhz: 2600, Mhz Limit: 2600
Processor Information for processor 3
  Max Mhz: 2600, Current Mhz: 2600, Mhz Limit: 2600
Processor Information for processor 4
  Max Mhz: 2600, Current Mhz: 2600, Mhz Limit: 2600
Processor Information for processor 5
  Max Mhz: 2600, Current Mhz: 2600, Mhz Limit: 2600
Processor Information for processor 6
  Max Mhz: 2600, Current Mhz: 2600, Mhz Limit: 2600
Processor Information for processor 7
  Max Mhz: 2600, Current Mhz: 2080, Mhz Limit: 2600

Memory: 4k page, system-wide physical 7502M (461M free)
TotalPageFile size 40270M (AvailPageFile size 0M)
current process WorkingSet (physical memory assigned to process): 65M, peak: 175M
current process commit charge ("private bytes"): 275M, peak: 276M

vm_info: OpenJDK 64-Bit Server VM (21.0.12.1+1-LTS) for windows-amd64 JRE (21.0.12.1+1-LTS), built on 2026-08-18T00:00:00Z by "admin" with MS VC++ 17.12 (VS2022)

END.
