#
# There is insufficient memory for the Java Runtime Environment to continue.
# Native memory allocation (mmap) failed to map 111149056 bytes. Error detail: G1 virtual space
# Possible reasons:
#   The system is out of physical RAM or swap space
#   This process is running with CompressedOops enabled, and the Java Heap may be blocking the growth of the native heap
# Possible solutions:
#   Reduce memory load on the system
#   Increase physical memory or swap space
#   Check if swap backing store is full
#   Decrease Java heap size (-Xmx/-Xms)
#   Decrease number of Java threads
#   Decrease Java thread stack sizes (-Xss)
#   Set larger code cache with -XX:ReservedCodeCacheSize=
#   JVM is running with Zero Based Compressed Oops mode in which the Java heap is
#     placed in the first 32GB address space. The Java Heap base address is the
#     maximum limit for the native heap growth. Please use -XX:HeapBaseMinAddress
#     to set the Java Heap base and to place the Java Heap above 32GB virtual address.
# This output file may be truncated or incomplete.
#
#  Out of Memory Error (os_windows.cpp:3732), pid=16400, tid=28320
#
# JRE version: OpenJDK Runtime Environment Temurin-21.0.12.1+1 (21.0.12.1+1) (build 21.0.12.1+1-LTS)
# Java VM: OpenJDK 64-Bit Server VM Temurin-21.0.12.1+1 (21.0.12.1+1-LTS, mixed mode, sharing, tiered, compressed oops, compressed class ptrs, g1 gc, windows-amd64)
# No core dump will be written. Minidumps are not enabled by default on client versions of Windows
#

---------------  S U M M A R Y ------------

Command Line: --add-opens=java.base/java.lang=ALL-UNNAMED --add-opens=java.base/java.lang.invoke=ALL-UNNAMED --add-opens=java.base/java.util=ALL-UNNAMED --add-opens=java.prefs/java.util.prefs=ALL-UNNAMED --add-exports=jdk.compiler/com.sun.tools.javac.api=ALL-UNNAMED --add-exports=jdk.compiler/com.sun.tools.javac.util=ALL-UNNAMED --add-opens=java.base/java.util=ALL-UNNAMED --add-opens=java.prefs/java.util.prefs=ALL-UNNAMED --add-opens=java.base/java.nio.charset=ALL-UNNAMED --add-opens=java.base/java.net=ALL-UNNAMED --add-opens=java.base/java.util.concurrent.atomic=ALL-UNNAMED --add-opens=java.xml/javax.xml.namespace=ALL-UNNAMED -Xmx4096m -Dfile.encoding=UTF-8 -Duser.country=IN -Duser.language=en -Duser.variant -javaagent:C:\Users\NAGARAJU\.gradle\wrapper\dists\gradle-8.14.1-bin\baw1sv0jfoi8rxs14qo3h49cs\gradle-8.14.1\lib\agents\gradle-instrumentation-agent-8.14.1.jar org.gradle.launcher.daemon.bootstrap.GradleDaemon 8.14.1

Host: AMD Ryzen 3 5300U with Radeon Graphics         , 8 cores, 7G,  Windows 11 , 64 bit Build 26100 (10.0.26100.9168)
Time: Tue Sep  8 21:11:23 2026 India Standard Time elapsed time: 1171.132133 seconds (0d 0h 19m 31s)

---------------  T H R E A D  ---------------

Current thread (0x0000025e7a2deab0):  VMThread "VM Thread"          [id=28320, stack(0x000000fb79a00000,0x000000fb79b00000) (1024K)]

Stack: [0x000000fb79a00000,0x000000fb79b00000]
Native frames: (J=compiled Java code, j=interpreted, Vv=VM code, C=native code)
V  [jvm.dll+0x6d83e9]
V  [jvm.dll+0x8b5736]
V  [jvm.dll+0x8b7cee]
V  [jvm.dll+0x8b83d3]
V  [jvm.dll+0x284596]
V  [jvm.dll+0x6d4d05]
V  [jvm.dll+0x6c898a]
V  [jvm.dll+0x35f2f8]
V  [jvm.dll+0x366f36]
V  [jvm.dll+0x3b804e]
V  [jvm.dll+0x3b82f8]
V  [jvm.dll+0x33320c]
V  [jvm.dll+0x33329a]
V  [jvm.dll+0x377382]
V  [jvm.dll+0x375b1a]
V  [jvm.dll+0x332951]
V  [jvm.dll+0x37517a]
V  [jvm.dll+0x8be0c0]
V  [jvm.dll+0x8bf434]
V  [jvm.dll+0x8bf960]
V  [jvm.dll+0x8bfc03]
V  [jvm.dll+0x8600cd]
V  [jvm.dll+0x6d6c1d]
C  [ucrtbase.dll+0x2cd30]
C  [KERNEL32.DLL+0x2ccb7]
C  [ntdll.dll+0xaad6c]

VM_Operation (0x000000fb7b2f44a0): G1CollectForAllocation, mode: safepoint, requested by thread 0x0000025e7fbb1120


---------------  P R O C E S S  ---------------

Threads class SMR info:
_java_thread_list=0x0000025e5296f7a0, length=64, elements={
0x0000025e6d151240, 0x0000025e7a2fd440, 0x0000025e7a2febc0, 0x0000025e7a303d10,
0x0000025e7a306780, 0x0000025e7a3071e0, 0x0000025e7a307c40, 0x0000025e7a3089d0,
0x0000025e7a30dfe0, 0x0000025e7a5ea320, 0x0000025e7a5af8a0, 0x0000025e7fd083f0,
0x0000025e7a46ae70, 0x0000025e7f37f7e0, 0x0000025e7f164f10, 0x0000025e7fc839b0,
0x0000025e7fbb37c0, 0x0000025e7fbb1120, 0x0000025e7fbae9c0, 0x0000025e7fbb0400,
0x0000025e7fbb1e40, 0x0000025e7fbb17b0, 0x0000025e7fbaf050, 0x0000025e7fbafd70,
0x0000025e519c2e00, 0x0000025e519c3490, 0x0000025e519c0d30, 0x0000025e519c13c0,
0x0000025e519c0010, 0x0000025e519c1a50, 0x0000025e519c2770, 0x0000025e519c3b20,
0x0000025e519c06a0, 0x0000025e519c6fa0, 0x0000025e519c41b0, 0x0000025e519c5560,
0x0000025e519c6910, 0x0000025e519c7630, 0x0000025e51c79550, 0x0000025e51c7b620,
0x0000025e51c7bcb0, 0x0000025e51c7c340, 0x0000025e51c7d060, 0x0000025e51c7c9d0,
0x0000025e51c79be0, 0x0000025e51c7d6f0, 0x0000025e51c7a270, 0x0000025e51c7a900,
0x0000025e51c7eaa0, 0x0000025e51c7fe50, 0x0000025e51c7dd80, 0x0000025e51c804e0,
0x0000025e51c7e410, 0x0000025e51c80b70, 0x0000025e51c7f130, 0x0000025e51c7f7c0,
0x0000025e7fbaf6e0, 0x0000025e507ca520, 0x0000025e507c9170, 0x0000025e507c9e90,
0x0000025e507cabb0, 0x0000025e507c9800, 0x0000025e507c8450, 0x0000025e507cb240
}

Java Threads: ( => current thread )
  0x0000025e6d151240 JavaThread "main"                              [_thread_blocked, id=28416, stack(0x000000fb79300000,0x000000fb79400000) (1024K)]
  0x0000025e7a2fd440 JavaThread "Reference Handler"          daemon [_thread_blocked, id=28600, stack(0x000000fb79b00000,0x000000fb79c00000) (1024K)]
  0x0000025e7a2febc0 JavaThread "Finalizer"                  daemon [_thread_blocked, id=28560, stack(0x000000fb79c00000,0x000000fb79d00000) (1024K)]
  0x0000025e7a303d10 JavaThread "Signal Dispatcher"          daemon [_thread_blocked, id=28660, stack(0x000000fb79d00000,0x000000fb79e00000) (1024K)]
  0x0000025e7a306780 JavaThread "Attach Listener"            daemon [_thread_blocked, id=28656, stack(0x000000fb79e00000,0x000000fb79f00000) (1024K)]
  0x0000025e7a3071e0 JavaThread "Service Thread"             daemon [_thread_blocked, id=28648, stack(0x000000fb79f00000,0x000000fb7a000000) (1024K)]
  0x0000025e7a307c40 JavaThread "Monitor Deflation Thread"   daemon [_thread_blocked, id=28632, stack(0x000000fb7a000000,0x000000fb7a100000) (1024K)]
  0x0000025e7a3089d0 JavaThread "C2 CompilerThread0"         daemon [_thread_blocked, id=28568, stack(0x000000fb7a100000,0x000000fb7a200000) (1024K)]
  0x0000025e7a30dfe0 JavaThread "C1 CompilerThread0"         daemon [_thread_blocked, id=28636, stack(0x000000fb7a200000,0x000000fb7a300000) (1024K)]
  0x0000025e7a5ea320 JavaThread "Common-Cleaner"             daemon [_thread_blocked, id=9976, stack(0x000000fb7a300000,0x000000fb7a400000) (1024K)]
  0x0000025e7a5af8a0 JavaThread "Notification Thread"        daemon [_thread_blocked, id=23692, stack(0x000000fb7a400000,0x000000fb7a500000) (1024K)]
  0x0000025e7fd083f0 JavaThread "Daemon health stats"               [_thread_blocked, id=24656, stack(0x000000fb7a900000,0x000000fb7aa00000) (1024K)]
  0x0000025e7a46ae70 JavaThread "Incoming local TCP Connector on port 49318"        [_thread_in_native, id=7112, stack(0x000000fb7aa00000,0x000000fb7ab00000) (1024K)]
  0x0000025e7f37f7e0 JavaThread "Daemon periodic checks"            [_thread_blocked, id=11012, stack(0x000000fb7ae00000,0x000000fb7af00000) (1024K)]
  0x0000025e7f164f10 JavaThread "Daemon"                            [_thread_blocked, id=4188, stack(0x000000fb7af00000,0x000000fb7b000000) (1024K)]
  0x0000025e7fc839b0 JavaThread "Handler for socket connection from /127.0.0.1:49318 to /127.0.0.1:49320"        [_thread_in_native, id=10564, stack(0x000000fb7b000000,0x000000fb7b100000) (1024K)]
  0x0000025e7fbb37c0 JavaThread "Cancel handler"                    [_thread_blocked, id=24848, stack(0x000000fb7b100000,0x000000fb7b200000) (1024K)]
  0x0000025e7fbb1120 JavaThread "Daemon worker"                     [_thread_blocked, id=13588, stack(0x000000fb7b200000,0x000000fb7b300000) (1024K)]
  0x0000025e7fbae9c0 JavaThread "Asynchronous log dispatcher for DefaultDaemonConnection: socket connection from /127.0.0.1:49318 to /127.0.0.1:49320"        [_thread_blocked, id=6464, stack(0x000000fb7b300000,0x000000fb7b400000) (1024K)]
  0x0000025e7fbb0400 JavaThread "Stdin handler"                     [_thread_blocked, id=23740, stack(0x000000fb7b400000,0x000000fb7b500000) (1024K)]
  0x0000025e7fbb1e40 JavaThread "Daemon client event forwarder"        [_thread_blocked, id=18652, stack(0x000000fb7b500000,0x000000fb7b600000) (1024K)]
  0x0000025e7fbb17b0 JavaThread "Cache worker for journal cache (C:\Users\NAGARAJU\.gradle\caches\journal-1)"        [_thread_blocked, id=28720, stack(0x000000fb7b600000,0x000000fb7b700000) (1024K)]
  0x0000025e7fbaf050 JavaThread "File lock request listener"        [_thread_in_native, id=28740, stack(0x000000fb7b700000,0x000000fb7b800000) (1024K)]
  0x0000025e7fbafd70 JavaThread "Cache worker for file hash cache (C:\Users\NAGARAJU\.gradle\caches\8.14.1\fileHashes)"        [_thread_blocked, id=28836, stack(0x000000fb7b900000,0x000000fb7ba00000) (1024K)]
  0x0000025e519c2e00 JavaThread "Cache worker for file hash cache (C:\zynnative\DocApp-CLI\android\.gradle\8.14.1\fileHashes)"        [_thread_blocked, id=29072, stack(0x000000fb7bb00000,0x000000fb7bc00000) (1024K)]
  0x0000025e519c3490 JavaThread "Cache worker for Build Output Cleanup Cache (C:\zynnative\DocApp-CLI\android\.gradle\buildOutputCleanup)"        [_thread_blocked, id=28988, stack(0x000000fb7bc00000,0x000000fb7bd00000) (1024K)]
  0x0000025e519c0d30 JavaThread "File watcher server"        daemon [_thread_in_native, id=29256, stack(0x000000fb7bd00000,0x000000fb7be00000) (1024K)]
  0x0000025e519c13c0 JavaThread "File watcher consumer"      daemon [_thread_blocked, id=29172, stack(0x000000fb7be00000,0x000000fb7bf00000) (1024K)]
  0x0000025e519c0010 JavaThread "jar transforms"                    [_thread_blocked, id=20844, stack(0x000000fb7bf00000,0x000000fb7c000000) (1024K)]
  0x0000025e519c1a50 JavaThread "jar transforms Thread 2"           [_thread_blocked, id=12688, stack(0x000000fb7c000000,0x000000fb7c100000) (1024K)]
  0x0000025e519c2770 JavaThread "Cache worker for checksums cache (C:\zynnative\DocApp-CLI\android\.gradle\8.14.1\checksums)"        [_thread_blocked, id=25692, stack(0x000000fb7c300000,0x000000fb7c400000) (1024K)]
  0x0000025e519c3b20 JavaThread "Cache worker for file content cache (C:\Users\NAGARAJU\.gradle\caches\8.14.1\fileContent)"        [_thread_blocked, id=14388, stack(0x000000fb7c200000,0x000000fb7c300000) (1024K)]
  0x0000025e519c06a0 JavaThread "jar transforms Thread 3"           [_thread_blocked, id=29192, stack(0x000000fb7c100000,0x000000fb7c200000) (1024K)]
  0x0000025e519c6fa0 JavaThread "Cache worker for cache directory md-supplier (C:\Users\NAGARAJU\.gradle\caches\8.14.1\md-supplier)"        [_thread_blocked, id=26480, stack(0x000000fb79100000,0x000000fb79200000) (1024K)]
  0x0000025e519c41b0 JavaThread "Cache worker for cache directory md-rule (C:\Users\NAGARAJU\.gradle\caches\8.14.1\md-rule)"        [_thread_blocked, id=25580, stack(0x000000fb79200000,0x000000fb79300000) (1024K)]
  0x0000025e519c5560 JavaThread "Cache worker for Build Output Cleanup Cache (C:\zynnative\DocApp-CLI\node_modules\@react-native\gradle-plugin\.gradle\buildOutputCleanup)"        [_thread_blocked, id=29196, stack(0x000000fb7c400000,0x000000fb7c500000) (1024K)]
  0x0000025e519c6910 JavaThread "Unconstrained build operations"        [_thread_blocked, id=30240, stack(0x000000fb7c500000,0x000000fb7c600000) (1024K)]
  0x0000025e519c7630 JavaThread "Unconstrained build operations Thread 2"        [_thread_blocked, id=30244, stack(0x000000fb7c600000,0x000000fb7c700000) (1024K)]
  0x0000025e51c79550 JavaThread "Unconstrained build operations Thread 3"        [_thread_blocked, id=5460, stack(0x000000fb7c700000,0x000000fb7c800000) (1024K)]
  0x0000025e51c7b620 JavaThread "Unconstrained build operations Thread 4"        [_thread_blocked, id=30032, stack(0x000000fb7c800000,0x000000fb7c900000) (1024K)]
  0x0000025e51c7bcb0 JavaThread "Unconstrained build operations Thread 5"        [_thread_blocked, id=30200, stack(0x000000fb7c900000,0x000000fb7ca00000) (1024K)]
  0x0000025e51c7c340 JavaThread "Unconstrained build operations Thread 6"        [_thread_blocked, id=30488, stack(0x000000fb7ca00000,0x000000fb7cb00000) (1024K)]
  0x0000025e51c7d060 JavaThread "Unconstrained build operations Thread 7"        [_thread_blocked, id=35144, stack(0x000000fb7b800000,0x000000fb7b900000) (1024K)]
  0x0000025e51c7c9d0 JavaThread "Unconstrained build operations Thread 8"        [_thread_blocked, id=35776, stack(0x000000fb7cb00000,0x000000fb7cc00000) (1024K)]
  0x0000025e51c79be0 JavaThread "Unconstrained build operations Thread 9"        [_thread_blocked, id=37360, stack(0x000000fb7cf00000,0x000000fb7d000000) (1024K)]
  0x0000025e51c7d6f0 JavaThread "Unconstrained build operations Thread 10"        [_thread_blocked, id=28420, stack(0x000000fb7d000000,0x000000fb7d100000) (1024K)]
  0x0000025e51c7a270 JavaThread "Unconstrained build operations Thread 11"        [_thread_blocked, id=37584, stack(0x000000fb7d100000,0x000000fb7d200000) (1024K)]
  0x0000025e51c7a900 JavaThread "Unconstrained build operations Thread 12"        [_thread_blocked, id=36772, stack(0x000000fb7d200000,0x000000fb7d300000) (1024K)]
  0x0000025e51c7eaa0 JavaThread "Unconstrained build operations Thread 13"        [_thread_blocked, id=6968, stack(0x000000fb7d300000,0x000000fb7d400000) (1024K)]
  0x0000025e51c7fe50 JavaThread "Unconstrained build operations Thread 14"        [_thread_blocked, id=36200, stack(0x000000fb7d400000,0x000000fb7d500000) (1024K)]
  0x0000025e51c7dd80 JavaThread "Unconstrained build operations Thread 15"        [_thread_blocked, id=36192, stack(0x000000fb7d500000,0x000000fb7d600000) (1024K)]
  0x0000025e51c804e0 JavaThread "Unconstrained build operations Thread 16"        [_thread_blocked, id=33472, stack(0x000000fb7d600000,0x000000fb7d700000) (1024K)]
  0x0000025e51c7e410 JavaThread "Unconstrained build operations Thread 17"        [_thread_blocked, id=35588, stack(0x000000fb7d700000,0x000000fb7d800000) (1024K)]
  0x0000025e51c80b70 JavaThread "Unconstrained build operations Thread 18"        [_thread_blocked, id=36188, stack(0x000000fb7d800000,0x000000fb7d900000) (1024K)]
  0x0000025e51c7f130 JavaThread "Unconstrained build operations Thread 19"        [_thread_blocked, id=36112, stack(0x000000fb7d900000,0x000000fb7da00000) (1024K)]
  0x0000025e51c7f7c0 JavaThread "Unconstrained build operations Thread 20"        [_thread_blocked, id=37704, stack(0x000000fb7da00000,0x000000fb7db00000) (1024K)]
  0x0000025e7fbaf6e0 JavaThread "Unconstrained build operations Thread 21"        [_thread_blocked, id=37072, stack(0x000000fb7db00000,0x000000fb7dc00000) (1024K)]
  0x0000025e507ca520 JavaThread "Unconstrained build operations Thread 22"        [_thread_blocked, id=36980, stack(0x000000fb7dc00000,0x000000fb7dd00000) (1024K)]
  0x0000025e507c9170 JavaThread "Unconstrained build operations Thread 23"        [_thread_blocked, id=36960, stack(0x000000fb7dd00000,0x000000fb7de00000) (1024K)]
  0x0000025e507c9e90 JavaThread "Unconstrained build operations Thread 24"        [_thread_blocked, id=37004, stack(0x000000fb7de00000,0x000000fb7df00000) (1024K)]
  0x0000025e507cabb0 JavaThread "Unconstrained build operations Thread 25"        [_thread_blocked, id=35896, stack(0x000000fb7df00000,0x000000fb7e000000) (1024K)]
  0x0000025e507c9800 JavaThread "Unconstrained build operations Thread 26"        [_thread_blocked, id=35264, stack(0x000000fb7e000000,0x000000fb7e100000) (1024K)]
  0x0000025e507c8450 JavaThread "Unconstrained build operations Thread 27"        [_thread_blocked, id=33020, stack(0x000000fb7e100000,0x000000fb7e200000) (1024K)]
  0x0000025e507cb240 JavaThread "File lock release action executor Thread 5"        [_thread_blocked, id=35004, stack(0x000000fb7cc00000,0x000000fb7cd00000) (1024K)]
Total: 64

Other Threads:
=>0x0000025e7a2deab0 VMThread "VM Thread"                           [id=28320, stack(0x000000fb79a00000,0x000000fb79b00000) (1024K)]
  0x0000025e7a2cd290 WatcherThread "VM Periodic Task Thread"        [id=28356, stack(0x000000fb79900000,0x000000fb79a00000) (1024K)]
  0x0000025e6d369d00 WorkerThread "GC Thread#0"                     [id=28440, stack(0x000000fb79400000,0x000000fb79500000) (1024K)]
  0x0000025e7a6ec260 WorkerThread "GC Thread#1"                     [id=25656, stack(0x000000fb7a500000,0x000000fb7a600000) (1024K)]
  0x0000025e7a681710 WorkerThread "GC Thread#2"                     [id=27436, stack(0x000000fb7a600000,0x000000fb7a700000) (1024K)]
  0x0000025e7aefd940 WorkerThread "GC Thread#3"                     [id=1096, stack(0x000000fb7a700000,0x000000fb7a800000) (1024K)]
  0x0000025e7a933a10 WorkerThread "GC Thread#4"                     [id=23352, stack(0x000000fb7a800000,0x000000fb7a900000) (1024K)]
  0x0000025e7f1a0350 WorkerThread "GC Thread#5"                     [id=26760, stack(0x000000fb7ab00000,0x000000fb7ac00000) (1024K)]
  0x0000025e7fbb7670 WorkerThread "GC Thread#6"                     [id=12868, stack(0x000000fb7ac00000,0x000000fb7ad00000) (1024K)]
  0x0000025e7fbb7a20 WorkerThread "GC Thread#7"                     [id=1076, stack(0x000000fb7ad00000,0x000000fb7ae00000) (1024K)]
  0x0000025e6d377b00 ConcurrentGCThread "G1 Main Marker"            [id=28448, stack(0x000000fb79500000,0x000000fb79600000) (1024K)]
  0x0000025e6d20e500 WorkerThread "G1 Conc#0"                       [id=28452, stack(0x000000fb79600000,0x000000fb79700000) (1024K)]
  0x0000025e7a390fa0 WorkerThread "G1 Conc#1"                       [id=29496, stack(0x000000fb7ba00000,0x000000fb7bb00000) (1024K)]
  0x0000025e7a1a0110 ConcurrentGCThread "G1 Refine#0"               [id=28408, stack(0x000000fb79700000,0x000000fb79800000) (1024K)]
  0x0000025e7a1a0aa0 ConcurrentGCThread "G1 Service"                [id=28364, stack(0x000000fb79800000,0x000000fb79900000) (1024K)]
Total: 15

Threads with active compile tasks:
Total: 0

VM state: at safepoint (normal execution)

VM Mutex/Monitor currently owned by a thread:  ([mutex/lock_event])
[0x00007ff9133af5b0] Threads_lock - owner thread: 0x0000025e7a2deab0
[0x00007ff9133af6b0] Heap_lock - owner thread: 0x0000025e7fbb1120

Heap address: 0x0000000700000000, size: 4096 MB, Compressed Oops mode: Zero based, Oop shift amount: 3

CDS archive(s) mapped at: [0x0000025e0f000000-0x0000025e0fba0000-0x0000025e0fba0000), size 12189696, SharedBaseAddress: 0x0000025e0f000000, ArchiveRelocationMode: 1.
Compressed class space mapped at: 0x0000025e10000000-0x0000025e50000000, reserved size: 1073741824
Narrow klass base: 0x0000025e0f000000, Narrow klass shift: 0, Narrow klass range: 0x100000000

GC Precious Log:
 CardTable entry size: 512
 Card Set container configuration: InlinePtr #cards 4 size 8 Array Of Cards #cards 16 size 48 Howl #buckets 8 coarsen threshold 3686 Howl Bitmap #cards 512 size 80 coarsen threshold 460 Card regions per heap region 1 cards per card region 4096
 CPUs: 8 total, 8 available
 Memory: 7502M
 Large Page Support: Disabled
 NUMA Support: Disabled
 Compressed Oops: Enabled (Zero based)
 Heap Region Size: 2M
 Heap Min Capacity: 8M
 Heap Initial Capacity: 118M
 Heap Max Capacity: 4G
 Pre-touch: Disabled
 Parallel Workers: 8
 Concurrent Workers: 2
 Concurrent Refinement Workers: 8
 Periodic GC: Disabled

Heap:
 garbage-first heap   total 286720K, used 60879K [0x0000000700000000, 0x0000000800000000)
  region size 2048K, 1 young (2048K), 1 survivors (2048K)
 Metaspace       used 59120K, committed 61056K, reserved 1114112K
  class space    used 8527K, committed 9472K, reserved 1048576K

Heap Regions: E=young(eden), S=young(survivor), O=old, HS=humongous(starts), HC=humongous(continues), CS=collection set, F=free, TAMS=top-at-mark-start, PB=parsable bottom
|   0|0x0000000700000000, 0x0000000700200000, 0x0000000700200000|100%|HS|  |TAMS 0x0000000700000000| PB 0x0000000700000000| Complete 
|   1|0x0000000700200000, 0x0000000700400000, 0x0000000700400000|100%|HC|  |TAMS 0x0000000700200000| PB 0x0000000700200000| Complete 
|   2|0x0000000700400000, 0x0000000700600000, 0x0000000700600000|100%| O|  |TAMS 0x0000000700400000| PB 0x0000000700400000| Untracked 
|   3|0x0000000700600000, 0x0000000700800000, 0x0000000700800000|100%| O|  |TAMS 0x0000000700600000| PB 0x0000000700600000| Untracked 
|   4|0x0000000700800000, 0x0000000700a00000, 0x0000000700a00000|100%| O|  |TAMS 0x0000000700800000| PB 0x0000000700800000| Untracked 
|   5|0x0000000700a00000, 0x0000000700c00000, 0x0000000700c00000|100%| O|  |TAMS 0x0000000700a00000| PB 0x0000000700a00000| Untracked 
|   6|0x0000000700c00000, 0x0000000700e00000, 0x0000000700e00000|100%| O|  |TAMS 0x0000000700c00000| PB 0x0000000700c00000| Untracked 
|   7|0x0000000700e00000, 0x0000000701000000, 0x0000000701000000|100%| O|  |TAMS 0x0000000700e00000| PB 0x0000000700e00000| Untracked 
|   8|0x0000000701000000, 0x0000000701200000, 0x0000000701200000|100%| O|  |TAMS 0x0000000701000000| PB 0x0000000701000000| Untracked 
|   9|0x0000000701200000, 0x0000000701400000, 0x0000000701400000|100%| O|  |TAMS 0x0000000701200000| PB 0x0000000701200000| Untracked 
|  10|0x0000000701400000, 0x0000000701600000, 0x0000000701600000|100%| O|  |TAMS 0x0000000701400000| PB 0x0000000701400000| Untracked 
|  11|0x0000000701600000, 0x0000000701800000, 0x0000000701800000|100%| O|  |TAMS 0x0000000701600000| PB 0x0000000701600000| Untracked 
|  12|0x0000000701800000, 0x0000000701a00000, 0x0000000701a00000|100%| O|  |TAMS 0x0000000701800000| PB 0x0000000701800000| Untracked 
|  13|0x0000000701a00000, 0x0000000701c00000, 0x0000000701c00000|100%| O|  |TAMS 0x0000000701a00000| PB 0x0000000701a00000| Untracked 
|  14|0x0000000701c00000, 0x0000000701e00000, 0x0000000701e00000|100%| O|  |TAMS 0x0000000701c00000| PB 0x0000000701c00000| Untracked 
|  15|0x0000000701e00000, 0x0000000702000000, 0x0000000702000000|100%| O|  |TAMS 0x0000000701e00000| PB 0x0000000701e00000| Untracked 
|  16|0x0000000702000000, 0x0000000702200000, 0x0000000702200000|100%| O|  |TAMS 0x0000000702000000| PB 0x0000000702000000| Untracked 
|  17|0x0000000702200000, 0x0000000702400000, 0x0000000702400000|100%| O|  |TAMS 0x0000000702200000| PB 0x0000000702200000| Untracked 
|  18|0x0000000702400000, 0x0000000702600000, 0x0000000702600000|100%| O|  |TAMS 0x0000000702400000| PB 0x0000000702400000| Untracked 
|  19|0x0000000702600000, 0x0000000702800000, 0x0000000702800000|100%| O|  |TAMS 0x0000000702600000| PB 0x0000000702600000| Untracked 
|  20|0x0000000702800000, 0x0000000702a00000, 0x0000000702a00000|100%| O|  |TAMS 0x0000000702800000| PB 0x0000000702800000| Untracked 
|  21|0x0000000702a00000, 0x0000000702c00000, 0x0000000702c00000|100%| O|  |TAMS 0x0000000702a00000| PB 0x0000000702a00000| Untracked 
|  22|0x0000000702c00000, 0x0000000702e00000, 0x0000000702e00000|100%| O|  |TAMS 0x0000000702c00000| PB 0x0000000702c00000| Untracked 
|  23|0x0000000702e00000, 0x0000000703000000, 0x0000000703000000|100%| O|  |TAMS 0x0000000702e00000| PB 0x0000000702e00000| Untracked 
|  24|0x0000000703000000, 0x0000000703200000, 0x0000000703200000|100%| O|  |TAMS 0x0000000703000000| PB 0x0000000703000000| Untracked 
|  25|0x0000000703200000, 0x0000000703400000, 0x0000000703400000|100%|HS|  |TAMS 0x0000000703200000| PB 0x0000000703200000| Complete 
|  26|0x0000000703400000, 0x0000000703600000, 0x0000000703600000|100%|HC|  |TAMS 0x0000000703400000| PB 0x0000000703400000| Complete 
|  27|0x0000000703600000, 0x000000070360c990, 0x0000000703800000|  2%| O|  |TAMS 0x0000000703600000| PB 0x0000000703600000| Untracked 
|  28|0x0000000703800000, 0x0000000703a00000, 0x0000000703a00000|100%|HS|  |TAMS 0x0000000703800000| PB 0x0000000703800000| Complete 
|  29|0x0000000703a00000, 0x0000000703c00000, 0x0000000703c00000|100%|HC|  |TAMS 0x0000000703a00000| PB 0x0000000703a00000| Complete 
|  30|0x0000000703c00000, 0x0000000703c00000, 0x0000000703e00000|  0%| F|  |TAMS 0x0000000703c00000| PB 0x0000000703c00000| Untracked 
|  31|0x0000000703e00000, 0x0000000703e00000, 0x0000000704000000|  0%| F|  |TAMS 0x0000000703e00000| PB 0x0000000703e00000| Untracked 
|  32|0x0000000704000000, 0x0000000704000000, 0x0000000704200000|  0%| F|  |TAMS 0x0000000704000000| PB 0x0000000704000000| Untracked 
|  33|0x0000000704200000, 0x0000000704200000, 0x0000000704400000|  0%| F|  |TAMS 0x0000000704200000| PB 0x0000000704200000| Untracked 
|  34|0x0000000704400000, 0x0000000704400000, 0x0000000704600000|  0%| F|  |TAMS 0x0000000704400000| PB 0x0000000704400000| Untracked 
|  35|0x0000000704600000, 0x0000000704600000, 0x0000000704800000|  0%| F|  |TAMS 0x0000000704600000| PB 0x0000000704600000| Untracked 
|  36|0x0000000704800000, 0x0000000704800000, 0x0000000704a00000|  0%| F|  |TAMS 0x0000000704800000| PB 0x0000000704800000| Untracked 
|  37|0x0000000704a00000, 0x0000000704a00000, 0x0000000704c00000|  0%| F|  |TAMS 0x0000000704a00000| PB 0x0000000704a00000| Untracked 
|  38|0x0000000704c00000, 0x0000000704c00000, 0x0000000704e00000|  0%| F|  |TAMS 0x0000000704c00000| PB 0x0000000704c00000| Untracked 
|  39|0x0000000704e00000, 0x0000000704e00000, 0x0000000705000000|  0%| F|  |TAMS 0x0000000704e00000| PB 0x0000000704e00000| Untracked 
|  40|0x0000000705000000, 0x0000000705000000, 0x0000000705200000|  0%| F|  |TAMS 0x0000000705000000| PB 0x0000000705000000| Untracked 
|  41|0x0000000705200000, 0x0000000705200000, 0x0000000705400000|  0%| F|  |TAMS 0x0000000705200000| PB 0x0000000705200000| Untracked 
|  42|0x0000000705400000, 0x0000000705400000, 0x0000000705600000|  0%| F|  |TAMS 0x0000000705400000| PB 0x0000000705400000| Untracked 
|  43|0x0000000705600000, 0x0000000705600000, 0x0000000705800000|  0%| F|  |TAMS 0x0000000705600000| PB 0x0000000705600000| Untracked 
|  44|0x0000000705800000, 0x0000000705800000, 0x0000000705a00000|  0%| F|  |TAMS 0x0000000705800000| PB 0x0000000705800000| Untracked 
|  45|0x0000000705a00000, 0x0000000705a00000, 0x0000000705c00000|  0%| F|  |TAMS 0x0000000705a00000| PB 0x0000000705a00000| Untracked 
|  46|0x0000000705c00000, 0x0000000705c00000, 0x0000000705e00000|  0%| F|  |TAMS 0x0000000705c00000| PB 0x0000000705c00000| Untracked 
|  47|0x0000000705e00000, 0x0000000705e00000, 0x0000000706000000|  0%| F|  |TAMS 0x0000000705e00000| PB 0x0000000705e00000| Untracked 
|  48|0x0000000706000000, 0x0000000706000000, 0x0000000706200000|  0%| F|  |TAMS 0x0000000706000000| PB 0x0000000706000000| Untracked 
|  49|0x0000000706200000, 0x0000000706200000, 0x0000000706400000|  0%| F|  |TAMS 0x0000000706200000| PB 0x0000000706200000| Untracked 
|  50|0x0000000706400000, 0x0000000706400000, 0x0000000706600000|  0%| F|  |TAMS 0x0000000706400000| PB 0x0000000706400000| Untracked 
|  51|0x0000000706600000, 0x0000000706600000, 0x0000000706800000|  0%| F|  |TAMS 0x0000000706600000| PB 0x0000000706600000| Untracked 
|  52|0x0000000706800000, 0x0000000706800000, 0x0000000706a00000|  0%| F|  |TAMS 0x0000000706800000| PB 0x0000000706800000| Untracked 
|  53|0x0000000706a00000, 0x0000000706a00000, 0x0000000706c00000|  0%| F|  |TAMS 0x0000000706a00000| PB 0x0000000706a00000| Untracked 
|  54|0x0000000706c00000, 0x0000000706c00000, 0x0000000706e00000|  0%| F|  |TAMS 0x0000000706c00000| PB 0x0000000706c00000| Untracked 
|  55|0x0000000706e00000, 0x0000000706e00000, 0x0000000707000000|  0%| F|  |TAMS 0x0000000706e00000| PB 0x0000000706e00000| Untracked 
|  56|0x0000000707000000, 0x0000000707000000, 0x0000000707200000|  0%| F|  |TAMS 0x0000000707000000| PB 0x0000000707000000| Untracked 
|  57|0x0000000707200000, 0x0000000707200000, 0x0000000707400000|  0%| F|  |TAMS 0x0000000707200000| PB 0x0000000707200000| Untracked 
|  58|0x0000000707400000, 0x0000000707400000, 0x0000000707600000|  0%| F|  |TAMS 0x0000000707400000| PB 0x0000000707400000| Untracked 
|  59|0x0000000707600000, 0x0000000707600000, 0x0000000707800000|  0%| F|  |TAMS 0x0000000707600000| PB 0x0000000707600000| Untracked 
|  60|0x0000000707800000, 0x0000000707800000, 0x0000000707a00000|  0%| F|  |TAMS 0x0000000707800000| PB 0x0000000707800000| Untracked 
|  61|0x0000000707a00000, 0x0000000707a00000, 0x0000000707c00000|  0%| F|  |TAMS 0x0000000707a00000| PB 0x0000000707a00000| Untracked 
|  62|0x0000000707c00000, 0x0000000707c00000, 0x0000000707e00000|  0%| F|  |TAMS 0x0000000707c00000| PB 0x0000000707c00000| Untracked 
|  63|0x0000000707e00000, 0x0000000707e00000, 0x0000000708000000|  0%| F|  |TAMS 0x0000000707e00000| PB 0x0000000707e00000| Untracked 
|  64|0x0000000708000000, 0x0000000708000000, 0x0000000708200000|  0%| F|  |TAMS 0x0000000708000000| PB 0x0000000708000000| Untracked 
|  65|0x0000000708200000, 0x0000000708200000, 0x0000000708400000|  0%| F|  |TAMS 0x0000000708200000| PB 0x0000000708200000| Untracked 
|  66|0x0000000708400000, 0x0000000708400000, 0x0000000708600000|  0%| F|  |TAMS 0x0000000708400000| PB 0x0000000708400000| Untracked 
|  67|0x0000000708600000, 0x0000000708600000, 0x0000000708800000|  0%| F|  |TAMS 0x0000000708600000| PB 0x0000000708600000| Untracked 
|  68|0x0000000708800000, 0x0000000708800000, 0x0000000708a00000|  0%| F|  |TAMS 0x0000000708800000| PB 0x0000000708800000| Untracked 
|  69|0x0000000708a00000, 0x0000000708a00000, 0x0000000708c00000|  0%| F|  |TAMS 0x0000000708a00000| PB 0x0000000708a00000| Untracked 
|  70|0x0000000708c00000, 0x0000000708c00000, 0x0000000708e00000|  0%| F|  |TAMS 0x0000000708c00000| PB 0x0000000708c00000| Untracked 
|  71|0x0000000708e00000, 0x0000000708e00000, 0x0000000709000000|  0%| F|  |TAMS 0x0000000708e00000| PB 0x0000000708e00000| Untracked 
|  72|0x0000000709000000, 0x0000000709000000, 0x0000000709200000|  0%| F|  |TAMS 0x0000000709000000| PB 0x0000000709000000| Untracked 
|  73|0x0000000709200000, 0x0000000709200000, 0x0000000709400000|  0%| F|  |TAMS 0x0000000709200000| PB 0x0000000709200000| Untracked 
|  74|0x0000000709400000, 0x0000000709400000, 0x0000000709600000|  0%| F|  |TAMS 0x0000000709400000| PB 0x0000000709400000| Untracked 
|  75|0x0000000709600000, 0x0000000709600000, 0x0000000709800000|  0%| F|  |TAMS 0x0000000709600000| PB 0x0000000709600000| Untracked 
|  76|0x0000000709800000, 0x0000000709800000, 0x0000000709a00000|  0%| F|  |TAMS 0x0000000709800000| PB 0x0000000709800000| Untracked 
|  77|0x0000000709a00000, 0x0000000709a00000, 0x0000000709c00000|  0%| F|  |TAMS 0x0000000709a00000| PB 0x0000000709a00000| Untracked 
|  78|0x0000000709c00000, 0x0000000709c00000, 0x0000000709e00000|  0%| F|  |TAMS 0x0000000709c00000| PB 0x0000000709c00000| Untracked 
|  79|0x0000000709e00000, 0x0000000709e00000, 0x000000070a000000|  0%| F|  |TAMS 0x0000000709e00000| PB 0x0000000709e00000| Untracked 
|  80|0x000000070a000000, 0x000000070a000000, 0x000000070a200000|  0%| F|  |TAMS 0x000000070a000000| PB 0x000000070a000000| Untracked 
|  81|0x000000070a200000, 0x000000070a200000, 0x000000070a400000|  0%| F|  |TAMS 0x000000070a200000| PB 0x000000070a200000| Untracked 
|  82|0x000000070a400000, 0x000000070a400000, 0x000000070a600000|  0%| F|  |TAMS 0x000000070a400000| PB 0x000000070a400000| Untracked 
|  83|0x000000070a600000, 0x000000070a600000, 0x000000070a800000|  0%| F|  |TAMS 0x000000070a600000| PB 0x000000070a600000| Untracked 
|  84|0x000000070a800000, 0x000000070a800000, 0x000000070aa00000|  0%| F|  |TAMS 0x000000070a800000| PB 0x000000070a800000| Untracked 
|  85|0x000000070aa00000, 0x000000070aa00000, 0x000000070ac00000|  0%| F|  |TAMS 0x000000070aa00000| PB 0x000000070aa00000| Untracked 
|  86|0x000000070ac00000, 0x000000070ac00000, 0x000000070ae00000|  0%| F|  |TAMS 0x000000070ac00000| PB 0x000000070ac00000| Untracked 
|  87|0x000000070ae00000, 0x000000070ae00000, 0x000000070b000000|  0%| F|  |TAMS 0x000000070ae00000| PB 0x000000070ae00000| Untracked 
|  88|0x000000070b000000, 0x000000070b000000, 0x000000070b200000|  0%| F|  |TAMS 0x000000070b000000| PB 0x000000070b000000| Untracked 
|  89|0x000000070b200000, 0x000000070b200000, 0x000000070b400000|  0%| F|  |TAMS 0x000000070b200000| PB 0x000000070b200000| Untracked 
|  90|0x000000070b400000, 0x000000070b400000, 0x000000070b600000|  0%| F|  |TAMS 0x000000070b400000| PB 0x000000070b400000| Untracked 
|  91|0x000000070b600000, 0x000000070b600000, 0x000000070b800000|  0%| F|  |TAMS 0x000000070b600000| PB 0x000000070b600000| Untracked 
|  92|0x000000070b800000, 0x000000070b800000, 0x000000070ba00000|  0%| F|  |TAMS 0x000000070b800000| PB 0x000000070b800000| Untracked 
|  93|0x000000070ba00000, 0x000000070ba00000, 0x000000070bc00000|  0%| F|  |TAMS 0x000000070ba00000| PB 0x000000070ba00000| Untracked 
|  94|0x000000070bc00000, 0x000000070bc00000, 0x000000070be00000|  0%| F|  |TAMS 0x000000070bc00000| PB 0x000000070bc00000| Untracked 
|  95|0x000000070be00000, 0x000000070be00000, 0x000000070c000000|  0%| F|  |TAMS 0x000000070be00000| PB 0x000000070be00000| Untracked 
|  96|0x000000070c000000, 0x000000070c000000, 0x000000070c200000|  0%| F|  |TAMS 0x000000070c000000| PB 0x000000070c000000| Untracked 
|  97|0x000000070c200000, 0x000000070c200000, 0x000000070c400000|  0%| F|  |TAMS 0x000000070c200000| PB 0x000000070c200000| Untracked 
|  98|0x000000070c400000, 0x000000070c400000, 0x000000070c600000|  0%| F|  |TAMS 0x000000070c400000| PB 0x000000070c400000| Untracked 
|  99|0x000000070c600000, 0x000000070c600000, 0x000000070c800000|  0%| F|  |TAMS 0x000000070c600000| PB 0x000000070c600000| Untracked 
| 100|0x000000070c800000, 0x000000070c800000, 0x000000070ca00000|  0%| F|  |TAMS 0x000000070c800000| PB 0x000000070c800000| Untracked 
| 101|0x000000070ca00000, 0x000000070ca00000, 0x000000070cc00000|  0%| F|  |TAMS 0x000000070ca00000| PB 0x000000070ca00000| Untracked 
| 102|0x000000070cc00000, 0x000000070cc00000, 0x000000070ce00000|  0%| F|  |TAMS 0x000000070cc00000| PB 0x000000070cc00000| Untracked 
| 103|0x000000070ce00000, 0x000000070ce00000, 0x000000070d000000|  0%| F|  |TAMS 0x000000070ce00000| PB 0x000000070ce00000| Untracked 
| 104|0x000000070d000000, 0x000000070d000000, 0x000000070d200000|  0%| F|  |TAMS 0x000000070d000000| PB 0x000000070d000000| Untracked 
| 105|0x000000070d200000, 0x000000070d200000, 0x000000070d400000|  0%| F|  |TAMS 0x000000070d200000| PB 0x000000070d200000| Untracked 
| 106|0x000000070d400000, 0x000000070d400000, 0x000000070d600000|  0%| F|  |TAMS 0x000000070d400000| PB 0x000000070d400000| Untracked 
| 107|0x000000070d600000, 0x000000070d600000, 0x000000070d800000|  0%| F|  |TAMS 0x000000070d600000| PB 0x000000070d600000| Untracked 
| 108|0x000000070d800000, 0x000000070d800000, 0x000000070da00000|  0%| F|  |TAMS 0x000000070d800000| PB 0x000000070d800000| Untracked 
| 109|0x000000070da00000, 0x000000070da00000, 0x000000070dc00000|  0%| F|  |TAMS 0x000000070da00000| PB 0x000000070da00000| Untracked 
| 110|0x000000070dc00000, 0x000000070dc00000, 0x000000070de00000|  0%| F|  |TAMS 0x000000070dc00000| PB 0x000000070dc00000| Untracked 
| 111|0x000000070de00000, 0x000000070de00000, 0x000000070e000000|  0%| F|  |TAMS 0x000000070de00000| PB 0x000000070de00000| Untracked 
| 112|0x000000070e000000, 0x000000070e000000, 0x000000070e200000|  0%| F|  |TAMS 0x000000070e000000| PB 0x000000070e000000| Untracked 
| 113|0x000000070e200000, 0x000000070e200000, 0x000000070e400000|  0%| F|  |TAMS 0x000000070e200000| PB 0x000000070e200000| Untracked 
| 114|0x000000070e400000, 0x000000070e400000, 0x000000070e600000|  0%| F|  |TAMS 0x000000070e400000| PB 0x000000070e400000| Untracked 
| 115|0x000000070e600000, 0x000000070e600000, 0x000000070e800000|  0%| F|  |TAMS 0x000000070e600000| PB 0x000000070e600000| Untracked 
| 116|0x000000070e800000, 0x000000070e800000, 0x000000070ea00000|  0%| F|  |TAMS 0x000000070e800000| PB 0x000000070e800000| Untracked 
| 117|0x000000070ea00000, 0x000000070ea00000, 0x000000070ec00000|  0%| F|  |TAMS 0x000000070ea00000| PB 0x000000070ea00000| Untracked 
| 118|0x000000070ec00000, 0x000000070ec00000, 0x000000070ee00000|  0%| F|  |TAMS 0x000000070ec00000| PB 0x000000070ec00000| Untracked 
| 119|0x000000070ee00000, 0x000000070ee00000, 0x000000070f000000|  0%| F|  |TAMS 0x000000070ee00000| PB 0x000000070ee00000| Untracked 
| 120|0x000000070f000000, 0x000000070f000000, 0x000000070f200000|  0%| F|  |TAMS 0x000000070f000000| PB 0x000000070f000000| Untracked 
| 121|0x000000070f200000, 0x000000070f200000, 0x000000070f400000|  0%| F|  |TAMS 0x000000070f200000| PB 0x000000070f200000| Untracked 
| 122|0x000000070f400000, 0x000000070f400000, 0x000000070f600000|  0%| F|  |TAMS 0x000000070f400000| PB 0x000000070f400000| Untracked 
| 123|0x000000070f600000, 0x000000070f600000, 0x000000070f800000|  0%| F|  |TAMS 0x000000070f600000| PB 0x000000070f600000| Untracked 
| 124|0x000000070f800000, 0x000000070f800000, 0x000000070fa00000|  0%| F|  |TAMS 0x000000070f800000| PB 0x000000070f800000| Untracked 
| 125|0x000000070fa00000, 0x000000070fa00000, 0x000000070fc00000|  0%| F|  |TAMS 0x000000070fa00000| PB 0x000000070fa00000| Untracked 
| 126|0x000000070fc00000, 0x000000070fc00000, 0x000000070fe00000|  0%| F|  |TAMS 0x000000070fc00000| PB 0x000000070fc00000| Untracked 
| 127|0x000000070fe00000, 0x000000070fe00000, 0x0000000710000000|  0%| F|  |TAMS 0x000000070fe00000| PB 0x000000070fe00000| Untracked 
| 128|0x0000000710000000, 0x0000000710000000, 0x0000000710200000|  0%| F|  |TAMS 0x0000000710000000| PB 0x0000000710000000| Untracked 
| 129|0x0000000710200000, 0x0000000710200000, 0x0000000710400000|  0%| F|  |TAMS 0x0000000710200000| PB 0x0000000710200000| Untracked 
| 130|0x0000000710400000, 0x0000000710400000, 0x0000000710600000|  0%| F|  |TAMS 0x0000000710400000| PB 0x0000000710400000| Untracked 
| 131|0x0000000710600000, 0x0000000710600000, 0x0000000710800000|  0%| F|  |TAMS 0x0000000710600000| PB 0x0000000710600000| Untracked 
| 132|0x0000000710800000, 0x0000000710800000, 0x0000000710a00000|  0%| F|  |TAMS 0x0000000710800000| PB 0x0000000710800000| Untracked 
| 133|0x0000000710a00000, 0x0000000710b67420, 0x0000000710c00000| 70%| S|CS|TAMS 0x0000000710a00000| PB 0x0000000710a00000| Complete 
| 134|0x0000000710c00000, 0x0000000710c00000, 0x0000000710e00000|  0%| F|  |TAMS 0x0000000710c00000| PB 0x0000000710c00000| Untracked 
| 135|0x0000000710e00000, 0x0000000710e00000, 0x0000000711000000|  0%| F|  |TAMS 0x0000000710e00000| PB 0x0000000710e00000| Untracked 
| 136|0x0000000711000000, 0x0000000711000000, 0x0000000711200000|  0%| F|  |TAMS 0x0000000711000000| PB 0x0000000711000000| Untracked 
| 137|0x0000000711200000, 0x0000000711200000, 0x0000000711400000|  0%| F|  |TAMS 0x0000000711200000| PB 0x0000000711200000| Untracked 
| 138|0x0000000711400000, 0x0000000711400000, 0x0000000711600000|  0%| F|  |TAMS 0x0000000711400000| PB 0x0000000711400000| Untracked 
| 139|0x0000000711600000, 0x0000000711600000, 0x0000000711800000|  0%| F|  |TAMS 0x0000000711600000| PB 0x0000000711600000| Untracked 

Card table byte_map: [0x0000025e73060000,0x0000025e73860000] _byte_map_base: 0x0000025e6f860000

Marking Bits: (CMBitMap*) 0x0000025e6d36b230
 Bits: [0x0000025e73860000, 0x0000025e77860000)

Polling page: 0x0000025e6d3c0000

Metaspace:

Usage:
  Non-class:     49.41 MB used.
      Class:      8.33 MB used.
       Both:     57.73 MB used.

Virtual space:
  Non-class space:       64.00 MB reserved,      50.38 MB ( 79%) committed,  1 nodes.
      Class space:        1.00 GB reserved,       9.25 MB ( <1%) committed,  1 nodes.
             Both:        1.06 GB reserved,      59.62 MB (  5%) committed. 

Chunk freelists:
   Non-Class:  13.36 MB
       Class:  6.80 MB
        Both:  20.16 MB

MaxMetaspaceSize: unlimited
CompressedClassSpaceSize: 1.00 GB
Initial GC threshold: 21.00 MB
Current GC threshold: 91.50 MB
CDS: on
 - commit_granule_bytes: 65536.
 - commit_granule_words: 8192.
 - virtual_space_node_default_size: 8388608.
 - enlarge_chunks_in_place: 1.
 - use_allocation_guard: 0.


Internal statistics:

num_allocs_failed_limit: 6.
num_arena_births: 3304.
num_arena_deaths: 0.
num_vsnodes_births: 2.
num_vsnodes_deaths: 0.
num_space_committed: 954.
num_space_uncommitted: 0.
num_chunks_returned_to_freelist: 6.
num_chunks_taken_from_freelist: 6137.
num_chunk_merges: 6.
num_chunk_splits: 3980.
num_chunks_enlarged: 2446.
num_inconsistent_stats: 0.

CodeHeap 'non-profiled nmethods': size=120000Kb used=4375Kb max_used=4375Kb free=115624Kb
 bounds [0x0000025e07ad0000, 0x0000025e07f20000, 0x0000025e0f000000]
CodeHeap 'profiled nmethods': size=120000Kb used=13021Kb max_used=13021Kb free=106978Kb
 bounds [0x0000025e00000000, 0x0000025e00cc0000, 0x0000025e07530000]
CodeHeap 'non-nmethods': size=5760Kb used=2631Kb max_used=2682Kb free=3128Kb
 bounds [0x0000025e07530000, 0x0000025e077e0000, 0x0000025e07ad0000]
CodeCache: size=245760Kb, used=20027Kb, max_used=20078Kb, free=225730Kb
 total_blobs=7866, nmethods=6966, adapters=804, full_count=0
Compilation: enabled, stopped_count=0, restarted_count=0

Compilation events (20 events):
Event: 1168.680 Thread 0x0000025e7a3089d0 8071       4       java.util.concurrent.locks.ReentrantLock$Sync::tryLock (63 bytes)
Event: 1168.683 Thread 0x0000025e7a3089d0 nmethod 8071 0x0000025e07f15990 code [0x0000025e07f15b20, 0x0000025e07f15d28]
Event: 1168.746 Thread 0x0000025e7a30dfe0 8072       3       com.google.common.collect.MapMakerInternalMap$StrongKeyWeakValueSegment::maybeDrainReferenceQueues (9 bytes)
Event: 1168.747 Thread 0x0000025e7a30dfe0 nmethod 8072 0x0000025e00cb3590 code [0x0000025e00cb3740, 0x0000025e00cb3908]
Event: 1168.747 Thread 0x0000025e7a30dfe0 8073       3       com.google.common.collect.MapMakerInternalMap$Segment::drainValueReferenceQueue (42 bytes)
Event: 1168.749 Thread 0x0000025e7a30dfe0 nmethod 8073 0x0000025e00cb3990 code [0x0000025e00cb3b60, 0x0000025e00cb3fa0]
Event: 1168.749 Thread 0x0000025e7a30dfe0 8074       3       com.google.common.collect.MapMakerInternalMap$StrongKeyWeakValueEntry$Helper::newEntry (16 bytes)
Event: 1168.750 Thread 0x0000025e7a30dfe0 nmethod 8074 0x0000025e00cb4110 code [0x0000025e00cb42c0, 0x0000025e00cb45d8]
Event: 1168.797 Thread 0x0000025e7a30dfe0 8075   !   3       org.gradle.internal.classloader.FilteringClassLoader::loadClass (62 bytes)
Event: 1168.799 Thread 0x0000025e7a30dfe0 nmethod 8075 0x0000025e00cb4710 code [0x0000025e00cb49c0, 0x0000025e00cb5578]
Event: 1168.902 Thread 0x0000025e7a30dfe0 8076       3       jdk.internal.loader.URLClassPath::findResource (38 bytes)
Event: 1168.902 Thread 0x0000025e7a30dfe0 nmethod 8076 0x0000025e00cb5a10 code [0x0000025e00cb5be0, 0x0000025e00cb5f28]
Event: 1168.904 Thread 0x0000025e7a30dfe0 8077       3       java.util.HashMap$Values::iterator (12 bytes)
Event: 1168.905 Thread 0x0000025e7a30dfe0 nmethod 8077 0x0000025e00cb6090 code [0x0000025e00cb6240, 0x0000025e00cb6450]
Event: 1168.905 Thread 0x0000025e7a30dfe0 8078       3       java.util.HashMap$ValueIterator::<init> (6 bytes)
Event: 1168.905 Thread 0x0000025e7a30dfe0 nmethod 8078 0x0000025e00cb6590 code [0x0000025e00cb6740, 0x0000025e00cb6878]
Event: 1168.908 Thread 0x0000025e7a30dfe0 8079       3       java.security.AccessController::doPrivileged (17 bytes)
Event: 1168.909 Thread 0x0000025e7a30dfe0 nmethod 8079 0x0000025e00cb6910 code [0x0000025e00cb6b00, 0x0000025e00cb6ed0]
Event: 1168.952 Thread 0x0000025e7a30dfe0 8080       3       org.gradle.util.internal.DefaultGradleVersion::isCommitVersion (11 bytes)
Event: 1168.953 Thread 0x0000025e7a30dfe0 nmethod 8080 0x0000025e00cb7090 code [0x0000025e00cb7240, 0x0000025e00cb73d8]

GC Heap History (20 events):
Event: 696.324 GC heap after
{Heap after GC invocations=37 (full 0):
 garbage-first heap   total 143360K, used 48588K [0x0000000700000000, 0x0000000800000000)
  region size 2048K, 1 young (2048K), 1 survivors (2048K)
 Metaspace       used 57602K, committed 59520K, reserved 1114112K
  class space    used 8341K, committed 9280K, reserved 1048576K
}
Event: 696.464 GC heap before
{Heap before GC invocations=37 (full 0):
 garbage-first heap   total 143360K, used 52684K [0x0000000700000000, 0x0000000800000000)
  region size 2048K, 3 young (6144K), 1 survivors (2048K)
 Metaspace       used 57645K, committed 59520K, reserved 1114112K
  class space    used 8341K, committed 9280K, reserved 1048576K
}
Event: 696.473 GC heap after
{Heap after GC invocations=38 (full 0):
 garbage-first heap   total 286720K, used 49993K [0x0000000700000000, 0x0000000800000000)
  region size 2048K, 1 young (2048K), 1 survivors (2048K)
 Metaspace       used 57645K, committed 59520K, reserved 1114112K
  class space    used 8341K, committed 9280K, reserved 1048576K
}
Event: 698.134 GC heap before
{Heap before GC invocations=38 (full 0):
 garbage-first heap   total 286720K, used 60233K [0x0000000700000000, 0x0000000800000000)
  region size 2048K, 7 young (14336K), 1 survivors (2048K)
 Metaspace       used 57887K, committed 59712K, reserved 1114112K
  class space    used 8366K, committed 9280K, reserved 1048576K
}
Event: 698.140 GC heap after
{Heap after GC invocations=39 (full 0):
 garbage-first heap   total 286720K, used 49957K [0x0000000700000000, 0x0000000800000000)
  region size 2048K, 1 young (2048K), 1 survivors (2048K)
 Metaspace       used 57887K, committed 59712K, reserved 1114112K
  class space    used 8366K, committed 9280K, reserved 1048576K
}
Event: 758.352 GC heap before
{Heap before GC invocations=39 (full 0):
 garbage-first heap   total 286720K, used 60197K [0x0000000700000000, 0x0000000800000000)
  region size 2048K, 7 young (14336K), 1 survivors (2048K)
 Metaspace       used 58347K, committed 60160K, reserved 1114112K
  class space    used 8422K, committed 9344K, reserved 1048576K
}
Event: 761.591 GC heap after
{Heap after GC invocations=40 (full 0):
 garbage-first heap   total 286720K, used 49920K [0x0000000700000000, 0x0000000800000000)
  region size 2048K, 1 young (2048K), 1 survivors (2048K)
 Metaspace       used 58347K, committed 60160K, reserved 1114112K
  class space    used 8422K, committed 9344K, reserved 1048576K
}
Event: 848.207 GC heap before
{Heap before GC invocations=40 (full 0):
 garbage-first heap   total 286720K, used 60160K [0x0000000700000000, 0x0000000800000000)
  region size 2048K, 7 young (14336K), 1 survivors (2048K)
 Metaspace       used 58350K, committed 60160K, reserved 1114112K
  class space    used 8422K, committed 9344K, reserved 1048576K
}
Event: 848.353 GC heap after
{Heap after GC invocations=41 (full 0):
 garbage-first heap   total 286720K, used 50195K [0x0000000700000000, 0x0000000800000000)
  region size 2048K, 1 young (2048K), 1 survivors (2048K)
 Metaspace       used 58350K, committed 60160K, reserved 1114112K
  class space    used 8422K, committed 9344K, reserved 1048576K
}
Event: 928.123 GC heap before
{Heap before GC invocations=41 (full 0):
 garbage-first heap   total 286720K, used 60435K [0x0000000700000000, 0x0000000800000000)
  region size 2048K, 7 young (14336K), 1 survivors (2048K)
 Metaspace       used 58354K, committed 60224K, reserved 1114112K
  class space    used 8422K, committed 9344K, reserved 1048576K
}
Event: 928.405 GC heap after
{Heap after GC invocations=42 (full 0):
 garbage-first heap   total 286720K, used 50075K [0x0000000700000000, 0x0000000800000000)
  region size 2048K, 1 young (2048K), 1 survivors (2048K)
 Metaspace       used 58354K, committed 60224K, reserved 1114112K
  class space    used 8422K, committed 9344K, reserved 1048576K
}
Event: 1003.001 GC heap before
{Heap before GC invocations=42 (full 0):
 garbage-first heap   total 286720K, used 60315K [0x0000000700000000, 0x0000000800000000)
  region size 2048K, 7 young (14336K), 1 survivors (2048K)
 Metaspace       used 58369K, committed 60224K, reserved 1114112K
  class space    used 8422K, committed 9344K, reserved 1048576K
}
Event: 1003.166 GC heap after
{Heap after GC invocations=43 (full 0):
 garbage-first heap   total 286720K, used 49883K [0x0000000700000000, 0x0000000800000000)
  region size 2048K, 1 young (2048K), 1 survivors (2048K)
 Metaspace       used 58369K, committed 60224K, reserved 1114112K
  class space    used 8422K, committed 9344K, reserved 1048576K
}
Event: 1016.959 GC heap before
{Heap before GC invocations=43 (full 0):
 garbage-first heap   total 286720K, used 66267K [0x0000000700000000, 0x0000000800000000)
  region size 2048K, 7 young (14336K), 1 survivors (2048K)
 Metaspace       used 58489K, committed 60352K, reserved 1114112K
  class space    used 8445K, committed 9344K, reserved 1048576K
}
Event: 1016.973 GC heap after
{Heap after GC invocations=44 (full 0):
 garbage-first heap   total 286720K, used 55386K [0x0000000700000000, 0x0000000800000000)
  region size 2048K, 1 young (2048K), 1 survivors (2048K)
 Metaspace       used 58489K, committed 60352K, reserved 1114112K
  class space    used 8445K, committed 9344K, reserved 1048576K
}
Event: 1065.155 GC heap before
{Heap before GC invocations=44 (full 0):
 garbage-first heap   total 286720K, used 67674K [0x0000000700000000, 0x0000000800000000)
  region size 2048K, 7 young (14336K), 1 survivors (2048K)
 Metaspace       used 58586K, committed 60480K, reserved 1114112K
  class space    used 8453K, committed 9408K, reserved 1048576K
}
Event: 1065.910 GC heap after
{Heap after GC invocations=45 (full 0):
 garbage-first heap   total 286720K, used 56169K [0x0000000700000000, 0x0000000800000000)
  region size 2048K, 1 young (2048K), 1 survivors (2048K)
 Metaspace       used 58586K, committed 60480K, reserved 1114112K
  class space    used 8453K, committed 9408K, reserved 1048576K
}
Event: 1138.100 GC heap before
{Heap before GC invocations=45 (full 0):
 garbage-first heap   total 286720K, used 68457K [0x0000000700000000, 0x0000000800000000)
  region size 2048K, 7 young (14336K), 1 survivors (2048K)
 Metaspace       used 58588K, committed 60480K, reserved 1114112K
  class space    used 8453K, committed 9408K, reserved 1048576K
}
Event: 1141.172 GC heap after
{Heap after GC invocations=46 (full 0):
 garbage-first heap   total 286720K, used 56236K [0x0000000700000000, 0x0000000800000000)
  region size 2048K, 1 young (2048K), 1 survivors (2048K)
 Metaspace       used 58588K, committed 60480K, reserved 1114112K
  class space    used 8453K, committed 9408K, reserved 1048576K
}
Event: 1168.960 GC heap before
{Heap before GC invocations=46 (full 0):
 garbage-first heap   total 286720K, used 70572K [0x0000000700000000, 0x0000000800000000)
  region size 2048K, 7 young (14336K), 1 survivors (2048K)
 Metaspace       used 59120K, committed 61056K, reserved 1114112K
  class space    used 8527K, committed 9472K, reserved 1048576K
}

Dll operation events (20 events):
Event: 0.447 Attempting to load shared library C:\Users\NAGARAJU\.antigravity-ide\extensions\redhat.java-1.56.0-win32-x64\jre\21.0.12.1-win32-x86_64\bin\nio.dll
Event: 0.449 Loaded shared library C:\Users\NAGARAJU\.antigravity-ide\extensions\redhat.java-1.56.0-win32-x64\jre\21.0.12.1-win32-x86_64\bin\nio.dll
Event: 0.463 Attempting to load shared library C:\Users\NAGARAJU\.antigravity-ide\extensions\redhat.java-1.56.0-win32-x64\jre\21.0.12.1-win32-x86_64\bin\zip.dll
Event: 0.463 Loaded shared library C:\Users\NAGARAJU\.antigravity-ide\extensions\redhat.java-1.56.0-win32-x64\jre\21.0.12.1-win32-x86_64\bin\zip.dll
Event: 1.551 Attempting to load shared library C:\Users\NAGARAJU\.antigravity-ide\extensions\redhat.java-1.56.0-win32-x64\jre\21.0.12.1-win32-x86_64\bin\jimage.dll
Event: 1.551 Loaded shared library C:\Users\NAGARAJU\.antigravity-ide\extensions\redhat.java-1.56.0-win32-x64\jre\21.0.12.1-win32-x86_64\bin\jimage.dll
Event: 2.245 Attempting to load shared library C:\Users\NAGARAJU\.antigravity-ide\extensions\redhat.java-1.56.0-win32-x64\jre\21.0.12.1-win32-x86_64\bin\verify.dll
Event: 2.246 Loaded shared library C:\Users\NAGARAJU\.antigravity-ide\extensions\redhat.java-1.56.0-win32-x64\jre\21.0.12.1-win32-x86_64\bin\verify.dll
Event: 2.458 Attempting to load shared library C:\Users\NAGARAJU\.gradle\native\1def1411415f61bf3af743bc5b6707747c0891f09f0c88961ee8f79bc544acac\windows-amd64\native-platform.dll
Event: 2.460 Loaded shared library C:\Users\NAGARAJU\.gradle\native\1def1411415f61bf3af743bc5b6707747c0891f09f0c88961ee8f79bc544acac\windows-amd64\native-platform.dll
Event: 2.501 Attempting to load shared library C:\Users\NAGARAJU\.gradle\native\0.2.7\x86_64-windows-gnu\gradle-fileevents.dll
Event: 2.502 Loaded shared library C:\Users\NAGARAJU\.gradle\native\0.2.7\x86_64-windows-gnu\gradle-fileevents.dll
Event: 6.887 Attempting to load shared library C:\Users\NAGARAJU\.antigravity-ide\extensions\redhat.java-1.56.0-win32-x64\jre\21.0.12.1-win32-x86_64\bin\management.dll
Event: 6.890 Loaded shared library C:\Users\NAGARAJU\.antigravity-ide\extensions\redhat.java-1.56.0-win32-x64\jre\21.0.12.1-win32-x86_64\bin\management.dll
Event: 6.894 Attempting to load shared library C:\Users\NAGARAJU\.antigravity-ide\extensions\redhat.java-1.56.0-win32-x64\jre\21.0.12.1-win32-x86_64\bin\management_ext.dll
Event: 6.902 Loaded shared library C:\Users\NAGARAJU\.antigravity-ide\extensions\redhat.java-1.56.0-win32-x64\jre\21.0.12.1-win32-x86_64\bin\management_ext.dll
Event: 7.270 Attempting to load shared library C:\Users\NAGARAJU\.antigravity-ide\extensions\redhat.java-1.56.0-win32-x64\jre\21.0.12.1-win32-x86_64\bin\extnet.dll
Event: 7.272 Loaded shared library C:\Users\NAGARAJU\.antigravity-ide\extensions\redhat.java-1.56.0-win32-x64\jre\21.0.12.1-win32-x86_64\bin\extnet.dll
Event: 9.048 Attempting to load shared library C:\Users\NAGARAJU\.antigravity-ide\extensions\redhat.java-1.56.0-win32-x64\jre\21.0.12.1-win32-x86_64\bin\sunmscapi.dll
Event: 9.077 Loaded shared library C:\Users\NAGARAJU\.antigravity-ide\extensions\redhat.java-1.56.0-win32-x64\jre\21.0.12.1-win32-x86_64\bin\sunmscapi.dll

Deoptimization events (20 events):
Event: 1017.793 Thread 0x0000025e7fbb1120 DEOPT PACKING pc=0x0000025e07efac04 sp=0x000000fb7b2f5650
Event: 1017.794 Thread 0x0000025e7fbb1120 DEOPT UNPACKING pc=0x0000025e07584422 sp=0x000000fb7b2f5600 mode 2
Event: 1028.163 Thread 0x0000025e7f37f7e0 DEOPT PACKING pc=0x0000025e00a14dbc sp=0x000000fb7aefe6a0
Event: 1028.163 Thread 0x0000025e7f37f7e0 DEOPT UNPACKING pc=0x0000025e07584bc2 sp=0x000000fb7aefdb30 mode 0
Event: 1160.364 Thread 0x0000025e7fbb1120 Uncommon trap: trap_request=0xffffffdc fr.pc=0x0000025e07f0da74 relative=0x00000000000002b4
Event: 1160.422 Thread 0x0000025e7fbb1120 Uncommon trap: reason=class_check action=make_not_entrant pc=0x0000025e07f0da74 method=java.util.ArrayList.toArray([Ljava/lang/Object;)[Ljava/lang/Object; @ 21 c2
Event: 1160.422 Thread 0x0000025e7fbb1120 DEOPT PACKING pc=0x0000025e07f0da74 sp=0x000000fb7b2f6d00
Event: 1160.425 Thread 0x0000025e7fbb1120 DEOPT UNPACKING pc=0x0000025e07584422 sp=0x000000fb7b2f6cd0 mode 2
Event: 1166.028 Thread 0x0000025e7fbb1120 Uncommon trap: trap_request=0xffffff76 fr.pc=0x0000025e07efe004 relative=0x00000000000001e4
Event: 1166.028 Thread 0x0000025e7fbb1120 Uncommon trap: reason=predicate action=maybe_recompile pc=0x0000025e07efe004 method=java.util.LinkedHashMap.valuesToArray([Ljava/lang/Object;Z)[Ljava/lang/Object; @ 53 c2
Event: 1166.028 Thread 0x0000025e7fbb1120 DEOPT PACKING pc=0x0000025e07efe004 sp=0x000000fb7b2f3810
Event: 1166.028 Thread 0x0000025e7fbb1120 DEOPT UNPACKING pc=0x0000025e07584422 sp=0x000000fb7b2f37d8 mode 2
Event: 1168.540 Thread 0x0000025e7fbb1120 Uncommon trap: trap_request=0xffffff45 fr.pc=0x0000025e07b92618 relative=0x0000000000000618
Event: 1168.540 Thread 0x0000025e7fbb1120 Uncommon trap: reason=unstable_if action=reinterpret pc=0x0000025e07b92618 method=java.lang.Integer.stringSize(I)I @ 19 c2
Event: 1168.540 Thread 0x0000025e7fbb1120 DEOPT PACKING pc=0x0000025e07b92618 sp=0x000000fb7b2f6240
Event: 1168.540 Thread 0x0000025e7fbb1120 DEOPT UNPACKING pc=0x0000025e07584422 sp=0x000000fb7b2f6178 mode 2
Event: 1168.942 Thread 0x0000025e7fbb1120 Uncommon trap: trap_request=0xffffff45 fr.pc=0x0000025e07bdaf40 relative=0x00000000000000a0
Event: 1168.942 Thread 0x0000025e7fbb1120 Uncommon trap: reason=unstable_if action=reinterpret pc=0x0000025e07bdaf40 method=java.lang.Integer.stringSize(I)I @ 19 c2
Event: 1168.942 Thread 0x0000025e7fbb1120 DEOPT PACKING pc=0x0000025e07bdaf40 sp=0x000000fb7b2f5800
Event: 1168.947 Thread 0x0000025e7fbb1120 DEOPT UNPACKING pc=0x0000025e07584422 sp=0x000000fb7b2f5780 mode 2

Classes loaded (20 events):
Event: 1014.217 Loading class java/util/AbstractList$SubList done
Event: 1014.218 Loading class java/util/AbstractList$RandomAccessSubList done
Event: 1014.219 Loading class java/util/AbstractList$SubList$1
Event: 1014.223 Loading class java/util/AbstractList$SubList$1 done
Event: 1014.223 Loading class java/util/AbstractList$ListItr
Event: 1014.229 Loading class java/util/AbstractList$ListItr done
Event: 1016.870 Loading class java/util/AbstractCollectionBeanInfo
Event: 1016.870 Loading class java/util/AbstractCollectionBeanInfo done
Event: 1016.872 Loading class java/util/AbstractCollectionBeanInfo
Event: 1016.872 Loading class java/util/AbstractCollectionBeanInfo done
Event: 1016.877 Loading class java/util/AbstractCollectionCustomizer
Event: 1016.879 Loading class java/util/AbstractCollectionCustomizer done
Event: 1016.883 Loading class java/util/AbstractCollectionCustomizer
Event: 1016.883 Loading class java/util/AbstractCollectionCustomizer done
Event: 1016.893 Loading class sun/reflect/generics/reflectiveObjects/GenericArrayTypeImpl
Event: 1016.917 Loading class sun/reflect/generics/reflectiveObjects/GenericArrayTypeImpl done
Event: 1017.073 Loading class sun/reflect/generics/tree/LongSignature
Event: 1017.084 Loading class sun/reflect/generics/tree/LongSignature done
Event: 1166.642 Loading class java/net/SocketTimeoutException
Event: 1166.648 Loading class java/net/SocketTimeoutException done

Classes unloaded (0 events):
No events

Classes redefined (0 events):
No events

Internal exceptions (20 events):
Event: 686.134 Thread 0x0000025e7fbb1120 Implicit null exception at 0x0000025e07b8fb61 to 0x0000025e07b8fcfc
Event: 692.680 Thread 0x0000025e7fbb1120 Exception <a 'java/lang/IncompatibleClassChangeError'{0x0000000708983230}: Found class java.lang.Object, but interface was expected> (0x0000000708983230) 
thrown [s\src\hotspot\share\interpreter\linkResolver.cpp, line 840]
Event: 1014.120 Thread 0x0000025e7fbb1120 Exception <a 'java/lang/NoSuchMethodError'{0x00000007110e7990}: 'void java.lang.invoke.DirectMethodHandle$Holder.invokeInterface(java.lang.Object, java.lang.Object, java.lang.Object, java.lang.Object)'> (0x00000007110e7990) 
thrown [s\src\hotspot\share\interpreter\linkResolver.cpp, line 773]
Event: 1015.561 Thread 0x0000025e7fbb1120 Exception <a 'java/lang/ClassNotFoundException'{0x0000000711121668}: groovy/lang/ReferenceBeanInfo> (0x0000000711121668) 
thrown [s\src\hotspot\share\classfile\systemDictionary.cpp, line 313]
Event: 1015.577 Thread 0x0000025e7fbb1120 Exception <a 'java/lang/ClassNotFoundException'{0x000000071112ebe8}: groovy/lang/ReferenceCustomizer> (0x000000071112ebe8) 
thrown [s\src\hotspot\share\classfile\systemDictionary.cpp, line 313]
Event: 1016.834 Thread 0x0000025e7fbb1120 Exception <a 'java/lang/ClassNotFoundException'{0x0000000710d4d2f8}: org/gradle/api/internal/tasks/DefaultTaskContainer_DecoratedBeanInfo> (0x0000000710d4d2f8) 
thrown [s\src\hotspot\share\classfile\systemDictionary.cpp, line 313]
Event: 1016.842 Thread 0x0000025e7fbb1120 Exception <a 'java/lang/ClassNotFoundException'{0x0000000710d5ab80}: org/gradle/api/internal/tasks/DefaultTaskContainerBeanInfo> (0x0000000710d5ab80) 
thrown [s\src\hotspot\share\classfile\systemDictionary.cpp, line 313]
Event: 1016.844 Thread 0x0000025e7fbb1120 Exception <a 'java/lang/ClassNotFoundException'{0x0000000710d686e8}: org/gradle/api/internal/tasks/DefaultTaskCollectionBeanInfo> (0x0000000710d686e8) 
thrown [s\src\hotspot\share\classfile\systemDictionary.cpp, line 313]
Event: 1016.851 Thread 0x0000025e7fbb1120 Exception <a 'java/lang/ClassNotFoundException'{0x0000000710d761d0}: org/gradle/api/internal/DefaultNamedDomainObjectSetBeanInfo> (0x0000000710d761d0) 
thrown [s\src\hotspot\share\classfile\systemDictionary.cpp, line 313]
Event: 1016.857 Thread 0x0000025e7fbb1120 Exception <a 'java/lang/ClassNotFoundException'{0x0000000710d83be8}: org/gradle/api/internal/DefaultNamedDomainObjectCollectionBeanInfo> (0x0000000710d83be8) 
thrown [s\src\hotspot\share\classfile\systemDictionary.cpp, line 313]
Event: 1016.867 Thread 0x0000025e7fbb1120 Exception <a 'java/lang/ClassNotFoundException'{0x0000000710d916c8}: org/gradle/api/internal/DefaultDomainObjectCollectionBeanInfo> (0x0000000710d916c8) 
thrown [s\src\hotspot\share\classfile\systemDictionary.cpp, line 313]
Event: 1016.873 Thread 0x0000025e7fbb1120 Exception <a 'java/lang/ClassNotFoundException'{0x0000000710d98f00}: java/util/AbstractCollectionBeanInfo> (0x0000000710d98f00) 
thrown [s\src\hotspot\share\classfile\systemDictionary.cpp, line 313]
Event: 1016.883 Thread 0x0000025e7fbb1120 Exception <a 'java/lang/ClassNotFoundException'{0x0000000710da0718}: java/util/AbstractCollectionCustomizer> (0x0000000710da0718) 
thrown [s\src\hotspot\share\classfile\systemDictionary.cpp, line 313]
Event: 1016.930 Thread 0x0000025e7fbb1120 Exception <a 'java/lang/ClassNotFoundException'{0x0000000710dc0d28}: org/gradle/api/internal/DefaultDomainObjectCollectionCustomizer> (0x0000000710dc0d28) 
thrown [s\src\hotspot\share\classfile\systemDictionary.cpp, line 313]
Event: 1016.978 Thread 0x0000025e7fbb1120 Exception <a 'java/lang/ClassNotFoundException'{0x0000000711609c70}: org/gradle/api/internal/DefaultNamedDomainObjectCollectionCustomizer> (0x0000000711609c70) 
thrown [s\src\hotspot\share\classfile\systemDictionary.cpp, line 313]
Event: 1016.999 Thread 0x0000025e7fbb1120 Exception <a 'java/lang/ClassNotFoundException'{0x000000071165c400}: org/gradle/api/internal/DefaultNamedDomainObjectSetCustomizer> (0x000000071165c400) 
thrown [s\src\hotspot\share\classfile\systemDictionary.cpp, line 313]
Event: 1017.017 Thread 0x0000025e7fbb1120 Exception <a 'java/lang/ClassNotFoundException'{0x00000007116e3e88}: org/gradle/api/internal/tasks/DefaultTaskCollectionCustomizer> (0x00000007116e3e88) 
thrown [s\src\hotspot\share\classfile\systemDictionary.cpp, line 313]
Event: 1017.059 Thread 0x0000025e7fbb1120 Exception <a 'java/lang/ClassNotFoundException'{0x0000000711798750}: org/gradle/api/internal/tasks/DefaultTaskContainerCustomizer> (0x0000000711798750) 
thrown [s\src\hotspot\share\classfile\systemDictionary.cpp, line 313]
Event: 1017.165 Thread 0x0000025e7fbb1120 Exception <a 'java/lang/ClassNotFoundException'{0x000000071156dfa8}: org/gradle/api/internal/tasks/DefaultTaskContainer_DecoratedCustomizer> (0x000000071156dfa8) 
thrown [s\src\hotspot\share\classfile\systemDictionary.cpp, line 313]
Event: 1168.821 Thread 0x0000025e7fbb1120 Exception <a 'java/lang/NoClassDefFoundError'{0x0000000710d6c1b0}: com/android/Version> (0x0000000710d6c1b0) 
thrown [s\src\hotspot\share\classfile\systemDictionary.cpp, line 302]

ZGC Phase Switch (0 events):
No events

VM Operations (20 events):
Event: 1157.561 Executing safepoint VM operation: Cleanup done
Event: 1158.567 Executing safepoint VM operation: Cleanup
Event: 1158.582 Executing safepoint VM operation: Cleanup done
Event: 1159.588 Executing safepoint VM operation: Cleanup
Event: 1159.589 Executing safepoint VM operation: Cleanup done
Event: 1160.593 Executing safepoint VM operation: Cleanup
Event: 1160.609 Executing safepoint VM operation: Cleanup done
Event: 1161.614 Executing safepoint VM operation: Cleanup
Event: 1161.723 Executing safepoint VM operation: Cleanup done
Event: 1162.731 Executing safepoint VM operation: Cleanup
Event: 1162.855 Executing safepoint VM operation: Cleanup done
Event: 1164.868 Executing safepoint VM operation: Cleanup
Event: 1164.883 Executing safepoint VM operation: Cleanup done
Event: 1165.891 Executing safepoint VM operation: Cleanup
Event: 1165.892 Executing safepoint VM operation: Cleanup done
Event: 1166.898 Executing safepoint VM operation: Cleanup
Event: 1168.430 Executing safepoint VM operation: Cleanup done
Event: 1168.431 Executing non-safepoint VM operation: HandshakeAllThreads (Deoptimize)
Event: 1168.434 Executing non-safepoint VM operation: HandshakeAllThreads (Deoptimize) done
Event: 1168.960 Executing safepoint VM operation: G1CollectForAllocation (G1 Evacuation Pause)

Memory protections (0 events):
No events

Nmethod flushes (20 events):
Event: 356.345 Thread 0x0000025e7a2deab0 flushing  nmethod 0x0000025e07ca7610
Event: 356.345 Thread 0x0000025e7a2deab0 flushing  nmethod 0x0000025e07ca8490
Event: 356.345 Thread 0x0000025e7a2deab0 flushing  nmethod 0x0000025e00008310
Event: 356.345 Thread 0x0000025e7a2deab0 flushing  nmethod 0x0000025e0000ab90
Event: 356.345 Thread 0x0000025e7a2deab0 flushing  nmethod 0x0000025e0004d710
Event: 356.345 Thread 0x0000025e7a2deab0 flushing  nmethod 0x0000025e001a6890
Event: 356.345 Thread 0x0000025e7a2deab0 flushing  nmethod 0x0000025e001a9090
Event: 356.345 Thread 0x0000025e7a2deab0 flushing  nmethod 0x0000025e001b9190
Event: 356.345 Thread 0x0000025e7a2deab0 flushing  nmethod 0x0000025e00281410
Event: 356.345 Thread 0x0000025e7a2deab0 flushing  nmethod 0x0000025e00286590
Event: 356.345 Thread 0x0000025e7a2deab0 flushing  nmethod 0x0000025e0037b010
Event: 356.345 Thread 0x0000025e7a2deab0 flushing  nmethod 0x0000025e00487090
Event: 356.345 Thread 0x0000025e7a2deab0 flushing  nmethod 0x0000025e004b6d10
Event: 356.345 Thread 0x0000025e7a2deab0 flushing  nmethod 0x0000025e004bba90
Event: 356.345 Thread 0x0000025e7a2deab0 flushing  nmethod 0x0000025e004bd610
Event: 356.345 Thread 0x0000025e7a2deab0 flushing  nmethod 0x0000025e004c0790
Event: 356.345 Thread 0x0000025e7a2deab0 flushing  nmethod 0x0000025e004c3590
Event: 356.345 Thread 0x0000025e7a2deab0 flushing  nmethod 0x0000025e005a2310
Event: 356.345 Thread 0x0000025e7a2deab0 flushing  nmethod 0x0000025e005a6610
Event: 356.345 Thread 0x0000025e7a2deab0 flushing  nmethod 0x0000025e00818510

Events (20 events):
Event: 693.026 Thread 0x0000025e7fbb1120 Thread added: 0x0000025e51c7a900
Event: 693.028 Thread 0x0000025e7fbb1120 Thread added: 0x0000025e51c7eaa0
Event: 695.323 Thread 0x0000025e7fbb1120 Thread added: 0x0000025e51c7fe50
Event: 695.326 Thread 0x0000025e7fbb1120 Thread added: 0x0000025e51c7dd80
Event: 695.346 Thread 0x0000025e7fbb1120 Thread added: 0x0000025e51c804e0
Event: 695.357 Thread 0x0000025e7fbb1120 Thread added: 0x0000025e51c7e410
Event: 695.362 Thread 0x0000025e7fbb1120 Thread added: 0x0000025e51c80b70
Event: 695.367 Thread 0x0000025e7fbb1120 Thread added: 0x0000025e51c7f130
Event: 695.376 Thread 0x0000025e7fbb1120 Thread added: 0x0000025e51c7f7c0
Event: 696.111 Thread 0x0000025e7fbb1120 Thread added: 0x0000025e7fbaf6e0
Event: 696.114 Thread 0x0000025e7fbb1120 Thread added: 0x0000025e507ca520
Event: 696.116 Thread 0x0000025e7fbb1120 Thread added: 0x0000025e507c9170
Event: 696.118 Thread 0x0000025e7fbb1120 Thread added: 0x0000025e507c9e90
Event: 696.120 Thread 0x0000025e7fbb1120 Thread added: 0x0000025e507cabb0
Event: 696.122 Thread 0x0000025e7fbb1120 Thread added: 0x0000025e507c9800
Event: 696.123 Thread 0x0000025e7fbb1120 Thread added: 0x0000025e507c8450
Event: 761.705 Thread 0x0000025e51c7af90 Thread exited: 0x0000025e51c7af90
Event: 1011.748 Thread 0x0000025e7fbaf050 Thread added: 0x0000025e507cb240
Event: 1075.483 Thread 0x0000025e507cb240 Thread exited: 0x0000025e507cb240
Event: 1117.371 Thread 0x0000025e7fbaf050 Thread added: 0x0000025e507cb240


Dynamic libraries:
0x00007ff6b7110000 - 0x00007ff6b711e000 	C:\Users\NAGARAJU\.antigravity-ide\extensions\redhat.java-1.56.0-win32-x64\jre\21.0.12.1-win32-x86_64\bin\java.exe
0x00007ffa1e680000 - 0x00007ffa1e8e6000 	C:\WINDOWS\SYSTEM32\ntdll.dll
0x00007ffa1cfe0000 - 0x00007ffa1d0a9000 	C:\WINDOWS\System32\KERNEL32.DLL
0x00007ffa1bbd0000 - 0x00007ffa1bfcf000 	C:\WINDOWS\System32\KERNELBASE.dll
0x00007ffa1b890000 - 0x00007ffa1b9dc000 	C:\WINDOWS\System32\ucrtbase.dll
0x00007ff9e90f0000 - 0x00007ff9e9108000 	C:\Users\NAGARAJU\.antigravity-ide\extensions\redhat.java-1.56.0-win32-x64\jre\21.0.12.1-win32-x86_64\bin\jli.dll
0x00007ffa1d870000 - 0x00007ffa1da36000 	C:\WINDOWS\System32\USER32.dll
0x00007ffa1c380000 - 0x00007ffa1c3a7000 	C:\WINDOWS\System32\win32u.dll
0x00007ffa1e170000 - 0x00007ffa1e19b000 	C:\WINDOWS\System32\GDI32.dll
0x00007ffa1b9f0000 - 0x00007ffa1bb19000 	C:\WINDOWS\System32\gdi32full.dll
0x00007ffa1bb20000 - 0x00007ffa1bbc3000 	C:\WINDOWS\System32\msvcp_win.dll
0x00007ff9e9110000 - 0x00007ff9e912e000 	C:\Users\NAGARAJU\.antigravity-ide\extensions\redhat.java-1.56.0-win32-x64\jre\21.0.12.1-win32-x86_64\bin\VCRUNTIME140.dll
0x00007ffa046c0000 - 0x00007ffa04951000 	C:\WINDOWS\WinSxS\amd64_microsoft.windows.common-controls_6595b64144ccf1df_6.0.26100.8972_none_3e0da176e32f9d4b\COMCTL32.dll
0x00007ffa1e0c0000 - 0x00007ffa1e169000 	C:\WINDOWS\System32\msvcrt.dll
0x00007ffa1d550000 - 0x00007ffa1d582000 	C:\WINDOWS\System32\IMM32.DLL
0x00007ff9e90e0000 - 0x00007ff9e90ec000 	C:\Users\NAGARAJU\.antigravity-ide\extensions\redhat.java-1.56.0-win32-x64\jre\21.0.12.1-win32-x86_64\bin\vcruntime140_1.dll
0x00007ff9abe00000 - 0x00007ff9abe8d000 	C:\Users\NAGARAJU\.antigravity-ide\extensions\redhat.java-1.56.0-win32-x64\jre\21.0.12.1-win32-x86_64\bin\msvcp140.dll
0x00007ff9126f0000 - 0x00007ff913492000 	C:\Users\NAGARAJU\.antigravity-ide\extensions\redhat.java-1.56.0-win32-x64\jre\21.0.12.1-win32-x86_64\bin\server\jvm.dll
0x00007ffa1e4b0000 - 0x00007ffa1e56c000 	C:\WINDOWS\System32\ADVAPI32.dll
0x00007ffa1d0b0000 - 0x00007ffa1d15a000 	C:\WINDOWS\System32\sechost.dll
0x00007ffa1da40000 - 0x00007ffa1db58000 	C:\WINDOWS\System32\RPCRT4.dll
0x00007ffa1d260000 - 0x00007ffa1d2e2000 	C:\WINDOWS\System32\WS2_32.dll
0x00007ffa1b6f0000 - 0x00007ffa1b74e000 	C:\WINDOWS\SYSTEM32\POWRPROF.dll
0x00007ffa14ba0000 - 0x00007ffa14bd6000 	C:\WINDOWS\SYSTEM32\WINMM.dll
0x00007ffa14be0000 - 0x00007ffa14beb000 	C:\WINDOWS\SYSTEM32\VERSION.dll
0x00007ffa1b6d0000 - 0x00007ffa1b6e5000 	C:\WINDOWS\SYSTEM32\UMPDC.dll
0x00007ffa1a580000 - 0x00007ffa1a59b000 	C:\WINDOWS\SYSTEM32\kernel.appcore.dll
0x00007ff9e8950000 - 0x00007ff9e895a000 	C:\Users\NAGARAJU\.antigravity-ide\extensions\redhat.java-1.56.0-win32-x64\jre\21.0.12.1-win32-x86_64\bin\jimage.dll
0x00007ffa109a0000 - 0x00007ffa10be2000 	C:\WINDOWS\SYSTEM32\DBGHELP.DLL
0x00007ffa1db60000 - 0x00007ffa1dee5000 	C:\WINDOWS\System32\combase.dll
0x00007ffa1d770000 - 0x00007ffa1d849000 	C:\WINDOWS\System32\OLEAUT32.dll
0x00007ff9fa760000 - 0x00007ff9fa79b000 	C:\WINDOWS\SYSTEM32\dbgcore.DLL
0x00007ffa1c2c0000 - 0x00007ffa1c36c000 	C:\WINDOWS\System32\bcryptPrimitives.dll
0x00007ff9e8410000 - 0x00007ff9e841f000 	C:\Users\NAGARAJU\.antigravity-ide\extensions\redhat.java-1.56.0-win32-x64\jre\21.0.12.1-win32-x86_64\bin\instrument.dll
0x00007ff9b4920000 - 0x00007ff9b4940000 	C:\Users\NAGARAJU\.antigravity-ide\extensions\redhat.java-1.56.0-win32-x64\jre\21.0.12.1-win32-x86_64\bin\java.dll
0x00007ffa1c3b0000 - 0x00007ffa1cb38000 	C:\WINDOWS\System32\SHELL32.dll
0x00007ffa19360000 - 0x00007ffa19bfb000 	C:\WINDOWS\SYSTEM32\windows.storage.dll
0x00007ffa1d660000 - 0x00007ffa1d759000 	C:\WINDOWS\System32\SHCORE.dll
0x00007ffa1d590000 - 0x00007ffa1d5f6000 	C:\WINDOWS\System32\shlwapi.dll
0x00007ffa1b7b0000 - 0x00007ffa1b7d9000 	C:\WINDOWS\SYSTEM32\profapi.dll
0x00007ff9b4670000 - 0x00007ff9b4688000 	C:\Users\NAGARAJU\.antigravity-ide\extensions\redhat.java-1.56.0-win32-x64\jre\21.0.12.1-win32-x86_64\bin\zip.dll
0x00007ff9e8450000 - 0x00007ff9e8460000 	C:\Users\NAGARAJU\.antigravity-ide\extensions\redhat.java-1.56.0-win32-x64\jre\21.0.12.1-win32-x86_64\bin\net.dll
0x00007ffa11a00000 - 0x00007ffa11b28000 	C:\WINDOWS\SYSTEM32\WINHTTP.dll
0x00007ffa1ab30000 - 0x00007ffa1ab9c000 	C:\WINDOWS\system32\mswsock.dll
0x00007ff9e8430000 - 0x00007ff9e8446000 	C:\Users\NAGARAJU\.antigravity-ide\extensions\redhat.java-1.56.0-win32-x64\jre\21.0.12.1-win32-x86_64\bin\nio.dll
0x00007ff9e8400000 - 0x00007ff9e8410000 	C:\Users\NAGARAJU\.antigravity-ide\extensions\redhat.java-1.56.0-win32-x64\jre\21.0.12.1-win32-x86_64\bin\verify.dll
0x00007ff9b69d0000 - 0x00007ff9b69f7000 	C:\Users\NAGARAJU\.gradle\native\1def1411415f61bf3af743bc5b6707747c0891f09f0c88961ee8f79bc544acac\windows-amd64\native-platform.dll
0x00007ff9b3430000 - 0x00007ff9b34a8000 	C:\Users\NAGARAJU\.gradle\native\0.2.7\x86_64-windows-gnu\gradle-fileevents.dll
0x00007ff9d1040000 - 0x00007ff9d104a000 	C:\Users\NAGARAJU\.antigravity-ide\extensions\redhat.java-1.56.0-win32-x64\jre\21.0.12.1-win32-x86_64\bin\management.dll
0x00007ff9b70d0000 - 0x00007ff9b70dc000 	C:\Users\NAGARAJU\.antigravity-ide\extensions\redhat.java-1.56.0-win32-x64\jre\21.0.12.1-win32-x86_64\bin\management_ext.dll
0x00007ffa1cfd0000 - 0x00007ffa1cfd8000 	C:\WINDOWS\System32\PSAPI.DLL
0x00007ffa19f50000 - 0x00007ffa19f83000 	C:\WINDOWS\SYSTEM32\IPHLPAPI.DLL
0x00007ffa1d760000 - 0x00007ffa1d76a000 	C:\WINDOWS\System32\NSI.dll
0x00007ff9db4a0000 - 0x00007ff9db4a9000 	C:\Users\NAGARAJU\.antigravity-ide\extensions\redhat.java-1.56.0-win32-x64\jre\21.0.12.1-win32-x86_64\bin\extnet.dll
0x00007ffa1ae20000 - 0x00007ffa1ae3b000 	C:\WINDOWS\SYSTEM32\CRYPTSP.dll
0x00007ffa1a4e0000 - 0x00007ffa1a519000 	C:\WINDOWS\system32\rsaenh.dll
0x00007ffa1abe0000 - 0x00007ffa1ac12000 	C:\WINDOWS\SYSTEM32\USERENV.dll
0x00007ffa1b780000 - 0x00007ffa1b7aa000 	C:\WINDOWS\SYSTEM32\bcrypt.dll
0x00007ffa1ae40000 - 0x00007ffa1ae4c000 	C:\WINDOWS\SYSTEM32\CRYPTBASE.dll
0x00007ff9db4b0000 - 0x00007ff9db4be000 	C:\Users\NAGARAJU\.antigravity-ide\extensions\redhat.java-1.56.0-win32-x64\jre\21.0.12.1-win32-x86_64\bin\sunmscapi.dll
0x00007ffa1bfe0000 - 0x00007ffa1c15e000 	C:\WINDOWS\System32\CRYPT32.dll
0x00007ffa1b060000 - 0x00007ffa1b090000 	C:\WINDOWS\SYSTEM32\ncrypt.dll
0x00007ffa1b010000 - 0x00007ffa1b04f000 	C:\WINDOWS\SYSTEM32\NTASN1.dll
0x00007ff9eceb0000 - 0x00007ff9eceb8000 	C:\WINDOWS\system32\wshunix.dll

JVMTI agents:
C:\Users\NAGARAJU\.gradle\wrapper\dists\gradle-8.14.1-bin\baw1sv0jfoi8rxs14qo3h49cs\gradle-8.14.1\lib\agents\gradle-instrumentation-agent-8.14.1.jar path:C:\Users\NAGARAJU\.antigravity-ide\extensions\redhat.java-1.56.0-win32-x64\jre\21.0.12.1-win32-x86_64\bin\instrument.dll, loaded, initialized, instrumentlib options:none

dbghelp: loaded successfully - version: 4.0.5 - missing functions: none
symbol engine: initialized successfully - sym options: 0x614 - pdb path: .;C:\Users\NAGARAJU\.antigravity-ide\extensions\redhat.java-1.56.0-win32-x64\jre\21.0.12.1-win32-x86_64\bin;C:\WINDOWS\SYSTEM32;C:\WINDOWS\WinSxS\amd64_microsoft.windows.common-controls_6595b64144ccf1df_6.0.26100.8972_none_3e0da176e32f9d4b;C:\Users\NAGARAJU\.antigravity-ide\extensions\redhat.java-1.56.0-win32-x64\jre\21.0.12.1-win32-x86_64\bin\server;C:\Users\NAGARAJU\.gradle\native\1def1411415f61bf3af743bc5b6707747c0891f09f0c88961ee8f79bc544acac\windows-amd64;C:\Users\NAGARAJU\.gradle\native\0.2.7\x86_64-windows-gnu

VM Arguments:
jvm_args: --add-opens=java.base/java.lang=ALL-UNNAMED --add-opens=java.base/java.lang.invoke=ALL-UNNAMED --add-opens=java.base/java.util=ALL-UNNAMED --add-opens=java.prefs/java.util.prefs=ALL-UNNAMED --add-exports=jdk.compiler/com.sun.tools.javac.api=ALL-UNNAMED --add-exports=jdk.compiler/com.sun.tools.javac.util=ALL-UNNAMED --add-opens=java.base/java.util=ALL-UNNAMED --add-opens=java.prefs/java.util.prefs=ALL-UNNAMED --add-opens=java.base/java.nio.charset=ALL-UNNAMED --add-opens=java.base/java.net=ALL-UNNAMED --add-opens=java.base/java.util.concurrent.atomic=ALL-UNNAMED --add-opens=java.xml/javax.xml.namespace=ALL-UNNAMED -Xmx4096m -Dfile.encoding=UTF-8 -Duser.country=IN -Duser.language=en -Duser.variant -javaagent:C:\Users\NAGARAJU\.gradle\wrapper\dists\gradle-8.14.1-bin\baw1sv0jfoi8rxs14qo3h49cs\gradle-8.14.1\lib\agents\gradle-instrumentation-agent-8.14.1.jar 
java_command: org.gradle.launcher.daemon.bootstrap.GradleDaemon 8.14.1
java_class_path (initial): C:\Users\NAGARAJU\.gradle\wrapper\dists\gradle-8.14.1-bin\baw1sv0jfoi8rxs14qo3h49cs\gradle-8.14.1\lib\gradle-daemon-main-8.14.1.jar
Launcher Type: SUN_STANDARD

[Global flags]
     intx CICompilerCount                          = 4                                         {product} {ergonomic}
     uint ConcGCThreads                            = 2                                         {product} {ergonomic}
     uint G1ConcRefinementThreads                  = 8                                         {product} {ergonomic}
   size_t G1HeapRegionSize                         = 2097152                                   {product} {ergonomic}
    uintx GCDrainStackTargetSize                   = 64                                        {product} {ergonomic}
   size_t InitialHeapSize                          = 123731968                                 {product} {ergonomic}
   size_t MarkStackSize                            = 4194304                                   {product} {ergonomic}
   size_t MaxHeapSize                              = 4294967296                                {product} {command line}
   size_t MaxNewSize                               = 2575302656                                {product} {ergonomic}
   size_t MinHeapDeltaBytes                        = 2097152                                   {product} {ergonomic}
   size_t MinHeapSize                              = 8388608                                   {product} {ergonomic}
    uintx NonNMethodCodeHeapSize                   = 5839372                                {pd product} {ergonomic}
    uintx NonProfiledCodeHeapSize                  = 122909434                              {pd product} {ergonomic}
    uintx ProfiledCodeHeapSize                     = 122909434                              {pd product} {ergonomic}
    uintx ReservedCodeCacheSize                    = 251658240                              {pd product} {ergonomic}
     bool SegmentedCodeCache                       = true                                      {product} {ergonomic}
   size_t SoftMaxHeapSize                          = 4294967296                             {manageable} {ergonomic}
     bool UseCompressedOops                        = true                           {product lp64_product} {ergonomic}
     bool UseG1GC                                  = true                                      {product} {ergonomic}
     bool UseLargePagesIndividualAllocation        = false                                  {pd product} {ergonomic}

Logging:
Log output configuration:
 #0: stdout all=warning uptime,level,tags foldmultilines=false
 #1: stderr all=off uptime,level,tags foldmultilines=false

Release file:
JAVA_VERSION="21.0.12.1" 
MODULES="java.base java.compiler java.datatransfer java.xml java.prefs java.desktop java.instrument java.logging java.management java.security.sasl java.naming java.rmi java.management.rmi java.net.http java.scripting java.security.jgss java.transaction.xa java.sql java.sql.rowset java.xml.crypto java.se java.smartcardio jdk.accessibility jdk.internal.jvmstat jdk.attach jdk.charsets jdk.internal.opt jdk.zipfs jdk.compiler jdk.crypto.ec jdk.crypto.cryptoki jdk.crypto.mscapi jdk.dynalink jdk.internal.ed jdk.editpad jdk.hotspot.agent jdk.httpserver jdk.internal.le jdk.internal.vm.ci jdk.internal.vm.compiler jdk.internal.vm.compiler.management jdk.jartool jdk.javadoc jdk.jcmd jdk.management jdk.management.agent jdk.jconsole jdk.jdeps jdk.jdwp.agent jdk.jdi jdk.jfr jdk.jshell jdk.jsobject jdk.jstatd jdk.localedata jdk.management.jfr jdk.naming.dns jdk.naming.rmi jdk.net jdk.nio.mapmode jdk.random jdk.sctp jdk.security.auth jdk.security.jgss jdk.unsupported jdk.unsupported.desktop jdk.xml.dom" 

Environment Variables:
JAVA_HOME=C:\Program Files\Eclipse Adoptium\jdk-21.0.11.10-hotspot
PATH=C:\Program Files\Eclipse Adoptium\jdk-21.0.11.10-hotspot\bin;C:\Program Files\Eclipse Adoptium\jdk-11.0.26.4-hotspot\bin;C:\Program Files\Eclipse Adoptium\jdk-17.0.14.7-hotspot\bin;C:\Program Files\Java\jdk-17\bin;C:\Program Files\nodejs;E:\Android\Sdk\platform-tools;E:\Android\Sdk\emulator;E:\Android\Sdk\cmdline-tools\latest\bin;C:\Users\NAGARAJU\AppData\Local\Android\Sdk\platform-tools;C:\Users\NAGARAJU\AppData\Local\Android\Sdk\emulator;C:\Users\NAGARAJU\AppData\Local\Android\Sdk\cmdline-tools\latest\bin;C:\Program Files\Eclipse Adoptium\jdk-21.0.11.10-hotspot\bin;C:\Program Files\Eclipse Adoptium\jdk-11.0.26.4-hotspot\bin;C:\Program Files\Eclipse Adoptium\jdk-17.0.14.7-hotspot\bin;C:\Program Files\Java\jdk-17\bin;C:\Program Files\nodejs;E:\Android\Sdk\platform-tools;E:\Android\Sdk\emulator;E:\Android\Sdk\cmdline-tools\latest\bin;C:\Users\NAGARAJU\AppData\Local\Android\Sdk\platform-tools;C:\Users\NAGARAJU\AppData\Local\Android\Sdk\emulator;C:\Users\NAGARAJU\AppData\Local\Android\Sdk\cmdline-tools\latest\bin;C:\Program Files\Eclipse Adoptium\jdk-21.0.11.10-hotspot\bin;C:\Program Files\Eclipse Adoptium\jdk-11.0.26.4-hotspot\bin;C:\Program Files\Eclipse Adoptium\jdk-17.0.14.7-hotspot\bin;C:\Program Files\Java\jdk-17\bin;C:\Program Files\nodejs;E:\Android\Sdk\platform-tools;E:\Android\Sdk\emulator;E:\Android\Sdk\cmdline-tools\latest\bin;C:\Users\NAGARAJU\AppData\Local\Android\Sdk\platform-tools;C:\Users\NAGARAJU\AppData\Local\Android\Sdk\emulator;C:\Users\NAGARAJU\AppData\Local\Android\Sdk\cmdline-tools\latest\bin;C:\WINDOWS\System32;C:\ProgramData\chocolatey\bin;C:\Program Files\nodejs\;C:\Program Files\Git\cmd;C:\Windows\System32;C:\Windows\System32\WindowsPowerShell\v1.0;C:\Windows\System32\OpenSSH;C:\Windows\System32\WindowsPowerShell\v1.0\;C:\Users\NAGARAJU\Downloads\stripe_1.30.0_windows_x86_64;C:\WINDOWS\system32;C:\WINDOWS;C:\WINDOWS\System32\Wbem;C:\WINDOWS\System32\WindowsPowerShell\v1.0\;C:\WINDOWS\System32\OpenSSH\;C:\ProgramData\chocolatey\bin;C:\Program Files\nodejs\;C:\Program Files\Git\cmd;C:\Windows\System32;C:\Windows\System32\WindowsPowerShell\v1.0;C:\Windows\System32\OpenSSH;C:\Windows\System32\WindowsPowerShell\v1.0\;C:\Users\NAGARAJU\Downloads\stripe_1.30.0_windows_x86_64;C:\WINDOWS\system32;C:\WINDOWS;C:\WINDOWS\System32\Wbem;C:\WINDOWS\System32\WindowsPowerShell\v1.0\;C:\WINDOWS\System32\OpenSSH\;C:\ProgramData\chocolatey\bin;C:\Program Files\nodejs\;C:\Program Files\Git\cmd;C:\Windows\System32;C:\Windows\System32\WindowsPowerShell\v1.0;C:\Windows\System32\OpenSSH;C:\Windows\System32\WindowsPowerShell\v1.0\;C:\Users\NAGARAJU\Downloads\stripe_1.30.0_windows_x86_64;C:\WINDOWS\system32;C:\WINDOWS;C:\WINDOWS\System32\Wbem;C:\WINDOWS\System32\WindowsPowerShell\v1.0\;C:\WINDOWS\System32\OpenSSH\;C:\Program Files\Eclipse Adoptium\jdk-21.0.11.10-hotspot\bin;C:\Program Files\Eclipse Adoptium\jdk-11.0.26.4-hotspot\bin;C:\Program Files\Eclipse Adoptium\jdk-17.0.14.7-hotspot\bin;C:\Program Files\Java\jdk-17\bin;C:\Program Files\nodejs;E:\Android\Sdk\platform-tools;E:\Android\Sdk\emulator;E:\Android\Sdk\cmdline-tools\latest\bin;C:\Users\NAGARAJU\AppData\Local\Android\Sdk\platform-tools;C:\Users\NAGARAJU\AppData\Local\Android\Sdk\emulator;C:\Users\NAGARAJU\AppData\Local\Android\Sdk\cmdline-tools\latest\bin;C:\Program Files\Eclipse Adoptium\jdk-21.0.11.10-hotspot\bin;C:\Program Files\Eclipse Adoptium\jdk-11.0.26.4-hotspot\bin;C:\Program Files\Eclipse Adoptium\jdk-17.0.14.7-hotspot\bin;C:\Program Files\Java\jdk-17\bin;C:\Program Files\nodejs;E:\Android\Sdk\platform-tools;E:\Android\Sdk\emulator;E:\Android\Sdk\cmdline-tools\latest\bin;C:\Users\NAGARAJU\AppData\Local\Android\Sdk\platform-tools;C:\Users\NAGARAJU\AppData\Local\Android\Sdk\emulator;C:\Users\NAGARAJU\AppData\Local\Android\Sdk\cmdline-tools\latest\bin;C:\Program Files\Eclipse Adoptium\jdk-21.0.11.10-hotspot\bin;C:\Program Files\Eclipse Adoptium\jdk-11.0.26.4-hotspot\bin;C:\Program Files\Eclipse Adoptium\jdk-17.0.14.7-hotspot\bin;C:\Program Files\Java\jdk-17\bin;C:\Program Files\nodejs;E:\Android\Sdk\platform-tools;E:\Android\Sdk\emulator;E:\Android\Sdk\cmdline-tools\latest\bin;C:\Users\NAGARAJU\AppData\Local\Android\Sdk\platform-tools;C:\Users\NAGARAJU\AppData\Local\Android\Sdk\emulator;C:\Users\NAGARAJU\AppData\Local\Android\Sdk\cmdline-tools\latest\bin;C:\WINDOWS\System32;C:\ProgramData\chocolatey\bin;C:\Program Files\nodejs\;C:\Program Files\Git\cmd;C:\Windows\System32;C:\Windows\System32\WindowsPowerShell\v1.0;C:\Windows\System32\OpenSSH;C:\Windows\System32\WindowsPowerShell\v1.0\;C:\Users\NAGARAJU\Downloads\stripe_1.30.0_windows_x86_64;C:\WINDOWS\system32;C:\WINDOWS;C:\WINDOWS\System32\Wbem;C:\WINDOWS\System32\WindowsPowerShell\v1.0\;C:\WINDOWS\System32\OpenSSH\;C:\ProgramData\chocolatey\bin;C:\Program Files\nodejs\;C:\Program Files\Git\cmd;C:\Windows\System32;C:\Windows\System32\WindowsPowerShell\v1.0;C:\Windows\System32\OpenSSH;C:\Windows\System32\WindowsPowerShell\v1.0\;C:\Users\NAGARAJU\Downloads\stripe_1.30.0_windows_x86_64;C:\WINDOWS\system32;C:\WINDOWS;C:\WINDOWS\System32\Wbem;C:\WINDOWS\System32\WindowsPowerShell\v1.0\;C:\WINDOWS\System32\OpenSSH\;C:\ProgramData\chocolatey\bin;C:\Program Files\nodejs\;C:\Program Files\Git\cmd;C:\Windows\System32;C:\Windows\System32\WindowsPowerShell\v1.0;C:\Windows\System32\OpenSSH;C:\Windows\System32\WindowsPowerShell\v1.0\;C:\Users\NAGARAJU\Downloads\stripe_1.30.0_windows_x86_64;C:\WINDOWS\system32;C:\WINDOWS;C:\WINDOWS\System32\Wbem;C:\WINDOWS\System32\WindowsPowerShell\v1.0\;C:\WINDOWS\System32\OpenSSH\;C:\Users\NAGARAJU\AppData\Local\Android\Sdk\platform-tools;C:\Users\NAGARAJU\AppData\Local\Android\Sdk\cmdline-tools\latest\bin;C:\Users\NAGARAJU\AppData\Roaming\npm;C:\Users\NAGARAJU\AppData\Local\Programs\Microsoft VS Code\bin;C:\Users\NAGARAJU\AppData\Local\Programs\Antigravity IDE\bin;C:\Users\NAGARAJU\AppData\Local\Microsoft\WindowsApps;C:\Users\NAGARAJU\AppData\Local\Kingsoft\WPS Office\12.1.0.27458\clitool
USERNAME=NAGARAJU
OS=Windows_NT
PROCESSOR_IDENTIFIER=AMD64 Family 23 Model 104 Stepping 1, AuthenticAMD
TMP=C:\Users\NAGARAJU\AppData\Local\Temp
TEMP=C:\Users\NAGARAJU\AppData\Local\Temp




Periodic native trim disabled

---------------  S Y S T E M  ---------------

OS:
 Windows 11 , 64 bit Build 26100 (10.0.26100.9168)
OS uptime: 0 days 1:52 hours

CPU: total 8 (initial active 8) (8 cores per cpu, 2 threads per core) family 23 model 104 stepping 1 microcode 0x8608109, cx8, cmov, fxsr, ht, mmx, 3dnowpref, sse, sse2, sse3, ssse3, sse4a, sse4.1, sse4.2, popcnt, lzcnt, tsc, tscinvbit, avx, avx2, aes, clmul, bmi1, bmi2, adx, sha, fma, vzeroupper, clflush, clflushopt, rdtscp, rdpid, f16c
Processor Information for the first 8 processors :
  Max Mhz: 2600, Current Mhz: 2600, Mhz Limit: 2600

Memory: 4k page, system-wide physical 7502M (198M free)
TotalPageFile size 40270M (AvailPageFile size 14M)
current process WorkingSet (physical memory assigned to process): 124M, peak: 209M
current process commit charge ("private bytes"): 501M, peak: 607M

vm_info: OpenJDK 64-Bit Server VM (21.0.12.1+1-LTS) for windows-amd64 JRE (21.0.12.1+1-LTS), built on 2026-08-18T00:00:00Z by "admin" with MS VC++ 17.12 (VS2022)

END.
