#
# There is insufficient memory for the Java Runtime Environment to continue.
# Native memory allocation (malloc) failed to allocate 1057296 bytes. Error detail: Chunk::new
# Possible reasons:
#   The system is out of physical RAM or swap space
#   This process is running with CompressedOops enabled, and the Java Heap may be blocking the growth of the native heap
# Possible solutions:
#   Reduce memory load on the system
#   Increase physical memory or swap space
#   Check if swap backing store is full
#   Decrease Java heap size (-Xmx/-Xms)
#   Decrease number of Java threads
#   Decrease Java thread stack sizes (-Xss)
#   Set larger code cache with -XX:ReservedCodeCacheSize=
#   JVM is running with Zero Based Compressed Oops mode in which the Java heap is
#     placed in the first 32GB address space. The Java Heap base address is the
#     maximum limit for the native heap growth. Please use -XX:HeapBaseMinAddress
#     to set the Java Heap base and to place the Java Heap above 32GB virtual address.
# This output file may be truncated or incomplete.
#
#  Out of Memory Error (arena.cpp:168), pid=28820, tid=30564
#
# JRE version: OpenJDK Runtime Environment Temurin-21.0.12.1+1 (21.0.12.1+1) (build 21.0.12.1+1-LTS)
# Java VM: OpenJDK 64-Bit Server VM Temurin-21.0.12.1+1 (21.0.12.1+1-LTS, mixed mode, sharing, tiered, compressed oops, compressed class ptrs, g1 gc, windows-amd64)
# No core dump will be written. Minidumps are not enabled by default on client versions of Windows
#

---------------  S U M M A R Y ------------

Command Line: --add-opens=java.base/java.lang=ALL-UNNAMED --add-opens=java.base/java.lang.invoke=ALL-UNNAMED --add-opens=java.base/java.util=ALL-UNNAMED --add-opens=java.prefs/java.util.prefs=ALL-UNNAMED --add-exports=jdk.compiler/com.sun.tools.javac.api=ALL-UNNAMED --add-exports=jdk.compiler/com.sun.tools.javac.util=ALL-UNNAMED --add-opens=java.base/java.util=ALL-UNNAMED --add-opens=java.prefs/java.util.prefs=ALL-UNNAMED --add-opens=java.base/java.nio.charset=ALL-UNNAMED --add-opens=java.base/java.net=ALL-UNNAMED --add-opens=java.base/java.util.concurrent.atomic=ALL-UNNAMED --add-opens=java.xml/javax.xml.namespace=ALL-UNNAMED -Xmx4096m -Dfile.encoding=UTF-8 -Duser.country=IN -Duser.language=en -Duser.variant -javaagent:C:\Users\NAGARAJU\.gradle\wrapper\dists\gradle-8.14.1-bin\baw1sv0jfoi8rxs14qo3h49cs\gradle-8.14.1\lib\agents\gradle-instrumentation-agent-8.14.1.jar org.gradle.launcher.daemon.bootstrap.GradleDaemon 8.14.1

Host: AMD Ryzen 3 5300U with Radeon Graphics         , 8 cores, 7G,  Windows 11 , 64 bit Build 26100 (10.0.26100.9168)
Time: Wed Sep  9 16:15:50 2026 India Standard Time elapsed time: 488.600330 seconds (0d 0h 8m 8s)

---------------  T H R E A D  ---------------

Current thread (0x00000244f64199a0):  JavaThread "C2 CompilerThread0" daemon [_thread_in_native, id=30564, stack(0x000000b0e1500000,0x000000b0e1600000) (1024K)]


Current CompileTask:
C2:488600 3489   !   4       sun.nio.ch.FileChannelImpl::tryLock (253 bytes)

Stack: [0x000000b0e1500000,0x000000b0e1600000]
Native frames: (J=compiled Java code, j=interpreted, Vv=VM code, C=native code)
V  [jvm.dll+0x6d83e9]
V  [jvm.dll+0x8b5736]
V  [jvm.dll+0x8b7cee]
V  [jvm.dll+0x8b83d3]
V  [jvm.dll+0x284596]
V  [jvm.dll+0xc685d]
V  [jvm.dll+0xc6da1]
V  [jvm.dll+0x3bf151]
V  [jvm.dll+0x38b6d2]
V  [jvm.dll+0x38ab1a]
V  [jvm.dll+0x24c700]
V  [jvm.dll+0x24bce0]
V  [jvm.dll+0x1cb4ae]
V  [jvm.dll+0x25baad]
V  [jvm.dll+0x25a03a]
V  [jvm.dll+0x3f8aae]
V  [jvm.dll+0x8600cd]
V  [jvm.dll+0x6d6c1d]
C  [ucrtbase.dll+0x2cd30]
C  [KERNEL32.DLL+0x2ccb7]
C  [ntdll.dll+0xaad6c]


---------------  P R O C E S S  ---------------

Threads class SMR info:
_java_thread_list=0x00000244f685ebc0, length=24, elements={
0x00000244da2615e0, 0x00000244f640d1f0, 0x00000244f640e7c0, 0x00000244f64127a0,
0x00000244f6415340, 0x00000244f64181b0, 0x00000244f6418c10, 0x00000244f64199a0,
0x00000244f641f530, 0x00000244f66c3010, 0x00000244f667e590, 0x00000244fc4ddd70,
0x00000244f6745b90, 0x00000244fc166650, 0x00000244fc2336c0, 0x00000244fc233d30,
0x00000244fc255c40, 0x00000244fc255170, 0x00000244fc44b230, 0x00000244fc44c5e0,
0x00000244fc44b8c0, 0x00000244fc44bf50, 0x00000244fc44aba0, 0x00000244fc44d300
}

Java Threads: ( => current thread )
  0x00000244da2615e0 JavaThread "main"                              [_thread_blocked, id=27496, stack(0x000000b0e0700000,0x000000b0e0800000) (1024K)]
  0x00000244f640d1f0 JavaThread "Reference Handler"          daemon [_thread_blocked, id=31412, stack(0x000000b0e0f00000,0x000000b0e1000000) (1024K)]
  0x00000244f640e7c0 JavaThread "Finalizer"                  daemon [_thread_blocked, id=37296, stack(0x000000b0e1000000,0x000000b0e1100000) (1024K)]
  0x00000244f64127a0 JavaThread "Signal Dispatcher"          daemon [_thread_blocked, id=24152, stack(0x000000b0e1100000,0x000000b0e1200000) (1024K)]
  0x00000244f6415340 JavaThread "Attach Listener"            daemon [_thread_blocked, id=16804, stack(0x000000b0e1200000,0x000000b0e1300000) (1024K)]
  0x00000244f64181b0 JavaThread "Service Thread"             daemon [_thread_blocked, id=34500, stack(0x000000b0e1300000,0x000000b0e1400000) (1024K)]
  0x00000244f6418c10 JavaThread "Monitor Deflation Thread"   daemon [_thread_blocked, id=21820, stack(0x000000b0e1400000,0x000000b0e1500000) (1024K)]
=>0x00000244f64199a0 JavaThread "C2 CompilerThread0"         daemon [_thread_in_native, id=30564, stack(0x000000b0e1500000,0x000000b0e1600000) (1024K)]
  0x00000244f641f530 JavaThread "C1 CompilerThread0"         daemon [_thread_blocked, id=16488, stack(0x000000b0e1600000,0x000000b0e1700000) (1024K)]
  0x00000244f66c3010 JavaThread "Common-Cleaner"             daemon [_thread_blocked, id=29740, stack(0x000000b0e1700000,0x000000b0e1800000) (1024K)]
  0x00000244f667e590 JavaThread "Notification Thread"        daemon [_thread_blocked, id=29780, stack(0x000000b0e1800000,0x000000b0e1900000) (1024K)]
  0x00000244fc4ddd70 JavaThread "Daemon health stats"               [_thread_blocked, id=28476, stack(0x000000b0e1d00000,0x000000b0e1e00000) (1024K)]
  0x00000244f6745b90 JavaThread "Incoming local TCP Connector on port 50377"        [_thread_in_native, id=23724, stack(0x000000b0e1e00000,0x000000b0e1f00000) (1024K)]
  0x00000244fc166650 JavaThread "Daemon periodic checks"            [_thread_blocked, id=27684, stack(0x000000b0e2200000,0x000000b0e2300000) (1024K)]
  0x00000244fc2336c0 JavaThread "Daemon"                            [_thread_blocked, id=32248, stack(0x000000b0e2300000,0x000000b0e2400000) (1024K)]
  0x00000244fc233d30 JavaThread "Handler for socket connection from /127.0.0.1:50377 to /127.0.0.1:50378"        [_thread_in_native, id=17936, stack(0x000000b0e2400000,0x000000b0e2500000) (1024K)]
  0x00000244fc255c40 JavaThread "Cancel handler"                    [_thread_blocked, id=25456, stack(0x000000b0e2500000,0x000000b0e2600000) (1024K)]
  0x00000244fc255170 JavaThread "Daemon worker"                     [_thread_in_Java, id=37616, stack(0x000000b0e2600000,0x000000b0e2700000) (1024K)]
  0x00000244fc44b230 JavaThread "Asynchronous log dispatcher for DefaultDaemonConnection: socket connection from /127.0.0.1:50377 to /127.0.0.1:50378"        [_thread_blocked, id=32236, stack(0x000000b0e2700000,0x000000b0e2800000) (1024K)]
  0x00000244fc44c5e0 JavaThread "Stdin handler"                     [_thread_blocked, id=27604, stack(0x000000b0e2800000,0x000000b0e2900000) (1024K)]
  0x00000244fc44b8c0 JavaThread "Daemon client event forwarder"        [_thread_blocked, id=12524, stack(0x000000b0e2900000,0x000000b0e2a00000) (1024K)]
  0x00000244fc44bf50 JavaThread "Cache worker for journal cache (C:\Users\NAGARAJU\.gradle\caches\journal-1)"        [_thread_blocked, id=25980, stack(0x000000b0e2a00000,0x000000b0e2b00000) (1024K)]
  0x00000244fc44aba0 JavaThread "File lock request listener"        [_thread_in_native, id=26960, stack(0x000000b0e2b00000,0x000000b0e2c00000) (1024K)]
  0x00000244fc44d300 JavaThread "Cache worker for file hash cache (C:\Users\NAGARAJU\.gradle\caches\8.14.1\fileHashes)"        [_thread_blocked, id=20908, stack(0x000000b0e2d00000,0x000000b0e2e00000) (1024K)]
Total: 24

Other Threads:
  0x00000244f63f5050 VMThread "VM Thread"                           [id=28292, stack(0x000000b0e0e00000,0x000000b0e0f00000) (1024K)]
  0x00000244f63e2770 WatcherThread "VM Periodic Task Thread"        [id=28368, stack(0x000000b0e0d00000,0x000000b0e0e00000) (1024K)]
  0x00000244dc549d00 WorkerThread "GC Thread#0"                     [id=28304, stack(0x000000b0e0800000,0x000000b0e0900000) (1024K)]
  0x00000244f6748830 WorkerThread "GC Thread#1"                     [id=8224, stack(0x000000b0e1900000,0x000000b0e1a00000) (1024K)]
  0x00000244f67ea560 WorkerThread "GC Thread#2"                     [id=32528, stack(0x000000b0e1a00000,0x000000b0e1b00000) (1024K)]
  0x00000244fb258650 WorkerThread "GC Thread#3"                     [id=24012, stack(0x000000b0e1b00000,0x000000b0e1c00000) (1024K)]
  0x00000244fbaa99a0 WorkerThread "GC Thread#4"                     [id=28492, stack(0x000000b0e1c00000,0x000000b0e1d00000) (1024K)]
  0x00000244fb1c4f70 WorkerThread "GC Thread#5"                     [id=37260, stack(0x000000b0e1f00000,0x000000b0e2000000) (1024K)]
  0x00000244fbb81f50 WorkerThread "GC Thread#6"                     [id=23196, stack(0x000000b0e2000000,0x000000b0e2100000) (1024K)]
  0x00000244fbb986b0 WorkerThread "GC Thread#7"                     [id=4956, stack(0x000000b0e2100000,0x000000b0e2200000) (1024K)]
  0x00000244dc557b00 ConcurrentGCThread "G1 Main Marker"            [id=29212, stack(0x000000b0e0900000,0x000000b0e0a00000) (1024K)]
  0x00000244da31e500 WorkerThread "G1 Conc#0"                       [id=27904, stack(0x000000b0e0a00000,0x000000b0e0b00000) (1024K)]
  0x00000244f62b1120 ConcurrentGCThread "G1 Refine#0"               [id=32988, stack(0x000000b0e0b00000,0x000000b0e0c00000) (1024K)]
  0x00000244f62b27d0 ConcurrentGCThread "G1 Service"                [id=31612, stack(0x000000b0e0c00000,0x000000b0e0d00000) (1024K)]
Total: 14

Threads with active compile tasks:
C2 CompilerThread0  488684 3489   !   4       sun.nio.ch.FileChannelImpl::tryLock (253 bytes)
Total: 1

VM state: not at safepoint (normal execution)

VM Mutex/Monitor currently owned by a thread: None

Heap address: 0x0000000700000000, size: 4096 MB, Compressed Oops mode: Zero based, Oop shift amount: 3

CDS archive(s) mapped at: [0x0000024480000000-0x0000024480ba0000-0x0000024480ba0000), size 12189696, SharedBaseAddress: 0x0000024480000000, ArchiveRelocationMode: 1.
Compressed class space mapped at: 0x0000024481000000-0x00000244c1000000, reserved size: 1073741824
Narrow klass base: 0x0000024480000000, Narrow klass shift: 0, Narrow klass range: 0x100000000

GC Precious Log:
 CardTable entry size: 512
 Card Set container configuration: InlinePtr #cards 4 size 8 Array Of Cards #cards 16 size 48 Howl #buckets 8 coarsen threshold 3686 Howl Bitmap #cards 512 size 80 coarsen threshold 460 Card regions per heap region 1 cards per card region 4096
 CPUs: 8 total, 8 available
 Memory: 7502M
 Large Page Support: Disabled
 NUMA Support: Disabled
 Compressed Oops: Enabled (Zero based)
 Heap Region Size: 2M
 Heap Min Capacity: 8M
 Heap Initial Capacity: 118M
 Heap Max Capacity: 4G
 Pre-touch: Disabled
 Parallel Workers: 8
 Concurrent Workers: 2
 Concurrent Refinement Workers: 8
 Periodic GC: Disabled

Heap:
 garbage-first heap   total 120832K, used 61569K [0x0000000700000000, 0x0000000800000000)
  region size 2048K, 22 young (45056K), 2 survivors (4096K)
 Metaspace       used 15773K, committed 16256K, reserved 1114112K
  class space    used 2156K, committed 2368K, reserved 1048576K

Heap Regions: E=young(eden), S=young(survivor), O=old, HS=humongous(starts), HC=humongous(continues), CS=collection set, F=free, TAMS=top-at-mark-start, PB=parsable bottom
|   0|0x0000000700000000, 0x0000000700200000, 0x0000000700200000|100%|HS|  |TAMS 0x0000000700000000| PB 0x0000000700000000| Complete 
|   1|0x0000000700200000, 0x0000000700400000, 0x0000000700400000|100%|HC|  |TAMS 0x0000000700200000| PB 0x0000000700200000| Complete 
|   2|0x0000000700400000, 0x0000000700600000, 0x0000000700600000|100%| O|  |TAMS 0x0000000700400000| PB 0x0000000700400000| Untracked 
|   3|0x0000000700600000, 0x0000000700800000, 0x0000000700800000|100%| O|  |TAMS 0x0000000700600000| PB 0x0000000700600000| Untracked 
|   4|0x0000000700800000, 0x0000000700a00000, 0x0000000700a00000|100%| O|  |TAMS 0x0000000700800000| PB 0x0000000700800000| Untracked 
|   5|0x0000000700a00000, 0x0000000700c00000, 0x0000000700c00000|100%| O|  |TAMS 0x0000000700a00000| PB 0x0000000700a00000| Untracked 
|   6|0x0000000700c00000, 0x0000000700e00000, 0x0000000700e00000|100%| O|  |TAMS 0x0000000700c00000| PB 0x0000000700c00000| Untracked 
|   7|0x0000000700e00000, 0x0000000701000000, 0x0000000701000000|100%| O|  |TAMS 0x0000000700e00000| PB 0x0000000700e00000| Untracked 
|   8|0x0000000701000000, 0x0000000701200000, 0x0000000701200000|100%| O|  |TAMS 0x0000000701000000| PB 0x0000000701000000| Untracked 
|   9|0x0000000701200000, 0x0000000701332080, 0x0000000701400000| 59%| O|  |TAMS 0x0000000701200000| PB 0x0000000701200000| Untracked 
|  10|0x0000000701400000, 0x0000000701400000, 0x0000000701600000|  0%| F|  |TAMS 0x0000000701400000| PB 0x0000000701400000| Untracked 
|  11|0x0000000701600000, 0x0000000701600000, 0x0000000701800000|  0%| F|  |TAMS 0x0000000701600000| PB 0x0000000701600000| Untracked 
|  12|0x0000000701800000, 0x0000000701800000, 0x0000000701a00000|  0%| F|  |TAMS 0x0000000701800000| PB 0x0000000701800000| Untracked 
|  13|0x0000000701a00000, 0x0000000701a00000, 0x0000000701c00000|  0%| F|  |TAMS 0x0000000701a00000| PB 0x0000000701a00000| Untracked 
|  14|0x0000000701c00000, 0x0000000701c00000, 0x0000000701e00000|  0%| F|  |TAMS 0x0000000701c00000| PB 0x0000000701c00000| Untracked 
|  15|0x0000000701e00000, 0x0000000701e00000, 0x0000000702000000|  0%| F|  |TAMS 0x0000000701e00000| PB 0x0000000701e00000| Untracked 
|  16|0x0000000702000000, 0x0000000702000000, 0x0000000702200000|  0%| F|  |TAMS 0x0000000702000000| PB 0x0000000702000000| Untracked 
|  17|0x0000000702200000, 0x0000000702200000, 0x0000000702400000|  0%| F|  |TAMS 0x0000000702200000| PB 0x0000000702200000| Untracked 
|  18|0x0000000702400000, 0x0000000702400000, 0x0000000702600000|  0%| F|  |TAMS 0x0000000702400000| PB 0x0000000702400000| Untracked 
|  19|0x0000000702600000, 0x0000000702600000, 0x0000000702800000|  0%| F|  |TAMS 0x0000000702600000| PB 0x0000000702600000| Untracked 
|  20|0x0000000702800000, 0x0000000702800000, 0x0000000702a00000|  0%| F|  |TAMS 0x0000000702800000| PB 0x0000000702800000| Untracked 
|  21|0x0000000702a00000, 0x0000000702a00000, 0x0000000702c00000|  0%| F|  |TAMS 0x0000000702a00000| PB 0x0000000702a00000| Untracked 
|  22|0x0000000702c00000, 0x0000000702c00000, 0x0000000702e00000|  0%| F|  |TAMS 0x0000000702c00000| PB 0x0000000702c00000| Untracked 
|  23|0x0000000702e00000, 0x0000000702e00000, 0x0000000703000000|  0%| F|  |TAMS 0x0000000702e00000| PB 0x0000000702e00000| Untracked 
|  24|0x0000000703000000, 0x0000000703000000, 0x0000000703200000|  0%| F|  |TAMS 0x0000000703000000| PB 0x0000000703000000| Untracked 
|  25|0x0000000703200000, 0x0000000703200000, 0x0000000703400000|  0%| F|  |TAMS 0x0000000703200000| PB 0x0000000703200000| Untracked 
|  26|0x0000000703400000, 0x00000007034ee680, 0x0000000703600000| 46%| S|CS|TAMS 0x0000000703400000| PB 0x0000000703400000| Complete 
|  27|0x0000000703600000, 0x0000000703800000, 0x0000000703800000|100%| S|CS|TAMS 0x0000000703600000| PB 0x0000000703600000| Complete 
|  28|0x0000000703800000, 0x0000000703800000, 0x0000000703a00000|  0%| F|  |TAMS 0x0000000703800000| PB 0x0000000703800000| Untracked 
|  29|0x0000000703a00000, 0x0000000703a00000, 0x0000000703c00000|  0%| F|  |TAMS 0x0000000703a00000| PB 0x0000000703a00000| Untracked 
|  30|0x0000000703c00000, 0x0000000703c00000, 0x0000000703e00000|  0%| F|  |TAMS 0x0000000703c00000| PB 0x0000000703c00000| Untracked 
|  31|0x0000000703e00000, 0x0000000703e00000, 0x0000000704000000|  0%| F|  |TAMS 0x0000000703e00000| PB 0x0000000703e00000| Untracked 
|  32|0x0000000704000000, 0x0000000704000000, 0x0000000704200000|  0%| F|  |TAMS 0x0000000704000000| PB 0x0000000704000000| Untracked 
|  33|0x0000000704200000, 0x0000000704200000, 0x0000000704400000|  0%| F|  |TAMS 0x0000000704200000| PB 0x0000000704200000| Untracked 
|  34|0x0000000704400000, 0x0000000704400000, 0x0000000704600000|  0%| F|  |TAMS 0x0000000704400000| PB 0x0000000704400000| Untracked 
|  35|0x0000000704600000, 0x0000000704600000, 0x0000000704800000|  0%| F|  |TAMS 0x0000000704600000| PB 0x0000000704600000| Untracked 
|  36|0x0000000704800000, 0x0000000704800000, 0x0000000704a00000|  0%| F|  |TAMS 0x0000000704800000| PB 0x0000000704800000| Untracked 
|  37|0x0000000704a00000, 0x0000000704a00000, 0x0000000704c00000|  0%| F|  |TAMS 0x0000000704a00000| PB 0x0000000704a00000| Untracked 
|  38|0x0000000704c00000, 0x0000000704c00000, 0x0000000704e00000|  0%| F|  |TAMS 0x0000000704c00000| PB 0x0000000704c00000| Untracked 
|  39|0x0000000704e00000, 0x0000000704e64710, 0x0000000705000000| 19%| E|  |TAMS 0x0000000704e00000| PB 0x0000000704e00000| Complete 
|  40|0x0000000705000000, 0x0000000705200000, 0x0000000705200000|100%| E|CS|TAMS 0x0000000705000000| PB 0x0000000705000000| Complete 
|  41|0x0000000705200000, 0x0000000705400000, 0x0000000705400000|100%| E|CS|TAMS 0x0000000705200000| PB 0x0000000705200000| Complete 
|  42|0x0000000705400000, 0x0000000705600000, 0x0000000705600000|100%| E|CS|TAMS 0x0000000705400000| PB 0x0000000705400000| Complete 
|  43|0x0000000705600000, 0x0000000705800000, 0x0000000705800000|100%| E|CS|TAMS 0x0000000705600000| PB 0x0000000705600000| Complete 
|  44|0x0000000705800000, 0x0000000705a00000, 0x0000000705a00000|100%| E|CS|TAMS 0x0000000705800000| PB 0x0000000705800000| Complete 
|  45|0x0000000705a00000, 0x0000000705c00000, 0x0000000705c00000|100%| E|CS|TAMS 0x0000000705a00000| PB 0x0000000705a00000| Complete 
|  46|0x0000000705c00000, 0x0000000705e00000, 0x0000000705e00000|100%| E|CS|TAMS 0x0000000705c00000| PB 0x0000000705c00000| Complete 
|  47|0x0000000705e00000, 0x0000000706000000, 0x0000000706000000|100%| E|CS|TAMS 0x0000000705e00000| PB 0x0000000705e00000| Complete 
|  48|0x0000000706000000, 0x0000000706200000, 0x0000000706200000|100%| E|CS|TAMS 0x0000000706000000| PB 0x0000000706000000| Complete 
|  49|0x0000000706200000, 0x0000000706400000, 0x0000000706400000|100%| E|CS|TAMS 0x0000000706200000| PB 0x0000000706200000| Complete 
|  50|0x0000000706400000, 0x0000000706600000, 0x0000000706600000|100%| E|CS|TAMS 0x0000000706400000| PB 0x0000000706400000| Complete 
|  51|0x0000000706600000, 0x0000000706800000, 0x0000000706800000|100%| E|CS|TAMS 0x0000000706600000| PB 0x0000000706600000| Complete 
|  52|0x0000000706800000, 0x0000000706a00000, 0x0000000706a00000|100%| E|CS|TAMS 0x0000000706800000| PB 0x0000000706800000| Complete 
|  53|0x0000000706a00000, 0x0000000706c00000, 0x0000000706c00000|100%| E|CS|TAMS 0x0000000706a00000| PB 0x0000000706a00000| Complete 
|  54|0x0000000706c00000, 0x0000000706e00000, 0x0000000706e00000|100%| E|CS|TAMS 0x0000000706c00000| PB 0x0000000706c00000| Complete 
|  55|0x0000000706e00000, 0x0000000707000000, 0x0000000707000000|100%| E|CS|TAMS 0x0000000706e00000| PB 0x0000000706e00000| Complete 
|  56|0x0000000707000000, 0x0000000707200000, 0x0000000707200000|100%| E|CS|TAMS 0x0000000707000000| PB 0x0000000707000000| Complete 
|  57|0x0000000707200000, 0x0000000707400000, 0x0000000707400000|100%| E|CS|TAMS 0x0000000707200000| PB 0x0000000707200000| Complete 
|  58|0x0000000707400000, 0x0000000707600000, 0x0000000707600000|100%| E|CS|TAMS 0x0000000707400000| PB 0x0000000707400000| Complete 

Card table byte_map: [0x00000244ef200000,0x00000244efa00000] _byte_map_base: 0x00000244eba00000

Marking Bits: (CMBitMap*) 0x00000244dc54b230
 Bits: [0x00000244efa00000, 0x00000244f3a00000)

Polling page: 0x00000244da5b0000

Metaspace:

Usage:
  Non-class:     13.30 MB used.
      Class:      2.11 MB used.
       Both:     15.40 MB used.

Virtual space:
  Non-class space:       64.00 MB reserved,      13.56 MB ( 21%) committed,  1 nodes.
      Class space:        1.00 GB reserved,       2.31 MB ( <1%) committed,  1 nodes.
             Both:        1.06 GB reserved,      15.88 MB (  1%) committed. 

Chunk freelists:
   Non-Class:  2.10 MB
       Class:  13.73 MB
        Both:  15.83 MB

MaxMetaspaceSize: unlimited
CompressedClassSpaceSize: 1.00 GB
Initial GC threshold: 21.00 MB
Current GC threshold: 21.00 MB
CDS: on
 - commit_granule_bytes: 65536.
 - commit_granule_words: 8192.
 - virtual_space_node_default_size: 8388608.
 - enlarge_chunks_in_place: 1.
 - use_allocation_guard: 0.


Internal statistics:

num_allocs_failed_limit: 0.
num_arena_births: 516.
num_arena_deaths: 0.
num_vsnodes_births: 2.
num_vsnodes_deaths: 0.
num_space_committed: 254.
num_space_uncommitted: 0.
num_chunks_returned_to_freelist: 0.
num_chunks_taken_from_freelist: 1042.
num_chunk_merges: 0.
num_chunk_splits: 682.
num_chunks_enlarged: 478.
num_inconsistent_stats: 0.

CodeHeap 'non-profiled nmethods': size=120000Kb used=1920Kb max_used=1920Kb free=118079Kb
 bounds [0x00000244e71a0000, 0x00000244e7410000, 0x00000244ee6d0000]
CodeHeap 'profiled nmethods': size=120000Kb used=6683Kb max_used=6683Kb free=113316Kb
 bounds [0x00000244df6d0000, 0x00000244dfd60000, 0x00000244e6c00000]
CodeHeap 'non-nmethods': size=5760Kb used=1396Kb max_used=1446Kb free=4363Kb
 bounds [0x00000244e6c00000, 0x00000244e6e70000, 0x00000244e71a0000]
CodeCache: size=245760Kb, used=9999Kb, max_used=10049Kb, free=235758Kb
 total_blobs=4013, nmethods=3456, adapters=461, full_count=0
Compilation: enabled, stopped_count=0, restarted_count=0

Compilation events (20 events):
Event: 482.841 Thread 0x00000244f641f530 nmethod 3479 0x00000244dfd52d90 code [0x00000244dfd52f40, 0x00000244dfd53098]
Event: 483.726 Thread 0x00000244f641f530 3480       3       sun.nio.ch.IOStatus::normalize (10 bytes)
Event: 483.727 Thread 0x00000244f641f530 nmethod 3480 0x00000244dfd53190 code [0x00000244dfd53340, 0x00000244dfd53488]
Event: 483.915 Thread 0x00000244f641f530 3481   !   3       java.util.concurrent.FutureTask::runAndReset (125 bytes)
Event: 484.857 Thread 0x00000244f641f530 nmethod 3481 0x00000244dfd53510 code [0x00000244dfd538a0, 0x00000244dfd554f0]
Event: 486.314 Thread 0x00000244f641f530 3482       3       jdk.internal.misc.Unsafe::setMemory (10 bytes)
Event: 486.315 Thread 0x00000244f641f530 nmethod 3482 0x00000244dfd55c90 code [0x00000244dfd55e40, 0x00000244dfd55fa0]
Event: 486.315 Thread 0x00000244f641f530 3483       3       jdk.internal.misc.Unsafe::setMemory (29 bytes)
Event: 486.320 Thread 0x00000244f641f530 nmethod 3483 0x00000244dfd56090 code [0x00000244dfd562e0, 0x00000244dfd56a98]
Event: 487.206 Thread 0x00000244f64199a0 3484       4       java.util.ArrayList::remove (26 bytes)
Event: 487.211 Thread 0x00000244f64199a0 nmethod 3484 0x00000244e737d590 code [0x00000244e737d720, 0x00000244e737d910]
Event: 487.211 Thread 0x00000244f64199a0 3485       4       java.util.ArrayList::fastRemove (44 bytes)
Event: 487.213 Thread 0x00000244f64199a0 nmethod 3485 0x00000244e737da90 code [0x00000244e737dc20, 0x00000244e737dd78]
Event: 487.225 Thread 0x00000244f64199a0 3486   !   4       java.io.RandomAccessFile::getChannel (84 bytes)
Event: 487.283 Thread 0x00000244f64199a0 nmethod 3486 0x00000244e737de90 code [0x00000244e737e080, 0x00000244e737ef58]
Event: 487.283 Thread 0x00000244f64199a0 3487   !   4       sun.nio.ch.FileChannelImpl::fileLockTable (85 bytes)
Event: 487.305 Thread 0x00000244f64199a0 nmethod 3487 0x00000244e737f210 code [0x00000244e737f420, 0x00000244e737fcf0]
Event: 487.355 Thread 0x00000244f64199a0 3488       4       sun.nio.ch.FileDispatcherImpl::lock (11 bytes)
Event: 487.356 Thread 0x00000244f64199a0 nmethod 3488 0x00000244e7380010 code [0x00000244e73801a0, 0x00000244e7380260]
Event: 487.363 Thread 0x00000244f64199a0 3489   !   4       sun.nio.ch.FileChannelImpl::tryLock (253 bytes)

GC Heap History (8 events):
Event: 1.974 GC heap before
{Heap before GC invocations=0 (full 0):
 garbage-first heap   total 120832K, used 22528K [0x0000000700000000, 0x0000000800000000)
  region size 2048K, 11 young (22528K), 0 survivors (0K)
 Metaspace       used 889K, committed 1024K, reserved 1114112K
  class space    used 71K, committed 128K, reserved 1048576K
}
Event: 2.073 GC heap after
{Heap after GC invocations=1 (full 0):
 garbage-first heap   total 120832K, used 1536K [0x0000000700000000, 0x0000000800000000)
  region size 2048K, 1 young (2048K), 1 survivors (2048K)
 Metaspace       used 889K, committed 1024K, reserved 1114112K
  class space    used 71K, committed 128K, reserved 1048576K
}
Event: 10.951 GC heap before
{Heap before GC invocations=1 (full 0):
 garbage-first heap   total 120832K, used 44544K [0x0000000700000000, 0x0000000800000000)
  region size 2048K, 21 young (43008K), 1 survivors (2048K)
 Metaspace       used 4394K, committed 4544K, reserved 1114112K
  class space    used 559K, committed 640K, reserved 1048576K
}
Event: 10.964 GC heap after
{Heap after GC invocations=2 (full 0):
 garbage-first heap   total 120832K, used 11730K [0x0000000700000000, 0x0000000800000000)
  region size 2048K, 3 young (6144K), 3 survivors (6144K)
 Metaspace       used 4394K, committed 4544K, reserved 1114112K
  class space    used 559K, committed 640K, reserved 1048576K
}
Event: 21.289 GC heap before
{Heap before GC invocations=2 (full 0):
 garbage-first heap   total 120832K, used 75218K [0x0000000700000000, 0x0000000800000000)
  region size 2048K, 35 young (71680K), 3 survivors (6144K)
 Metaspace       used 9314K, committed 9600K, reserved 1114112K
  class space    used 1263K, committed 1408K, reserved 1048576K
}
Event: 21.303 GC heap after
{Heap after GC invocations=3 (full 0):
 garbage-first heap   total 120832K, used 19898K [0x0000000700000000, 0x0000000800000000)
  region size 2048K, 4 young (8192K), 4 survivors (8192K)
 Metaspace       used 9314K, committed 9600K, reserved 1114112K
  class space    used 1263K, committed 1408K, reserved 1048576K
}
Event: 221.527 GC heap before
{Heap before GC invocations=3 (full 0):
 garbage-first heap   total 120832K, used 83386K [0x0000000700000000, 0x0000000800000000)
  region size 2048K, 35 young (71680K), 4 survivors (8192K)
 Metaspace       used 15455K, committed 15872K, reserved 1114112K
  class space    used 2119K, committed 2304K, reserved 1048576K
}
Event: 221.797 GC heap after
{Heap after GC invocations=4 (full 0):
 garbage-first heap   total 120832K, used 22657K [0x0000000700000000, 0x0000000800000000)
  region size 2048K, 2 young (4096K), 2 survivors (4096K)
 Metaspace       used 15455K, committed 15872K, reserved 1114112K
  class space    used 2119K, committed 2304K, reserved 1048576K
}

Dll operation events (20 events):
Event: 0.550 Attempting to load shared library C:\Users\NAGARAJU\.antigravity-ide\extensions\redhat.java-1.56.0-win32-x64\jre\21.0.12.1-win32-x86_64\bin\nio.dll
Event: 0.552 Loaded shared library C:\Users\NAGARAJU\.antigravity-ide\extensions\redhat.java-1.56.0-win32-x64\jre\21.0.12.1-win32-x86_64\bin\nio.dll
Event: 0.559 Attempting to load shared library C:\Users\NAGARAJU\.antigravity-ide\extensions\redhat.java-1.56.0-win32-x64\jre\21.0.12.1-win32-x86_64\bin\zip.dll
Event: 0.559 Loaded shared library C:\Users\NAGARAJU\.antigravity-ide\extensions\redhat.java-1.56.0-win32-x64\jre\21.0.12.1-win32-x86_64\bin\zip.dll
Event: 2.084 Attempting to load shared library C:\Users\NAGARAJU\.antigravity-ide\extensions\redhat.java-1.56.0-win32-x64\jre\21.0.12.1-win32-x86_64\bin\jimage.dll
Event: 2.084 Loaded shared library C:\Users\NAGARAJU\.antigravity-ide\extensions\redhat.java-1.56.0-win32-x64\jre\21.0.12.1-win32-x86_64\bin\jimage.dll
Event: 2.831 Attempting to load shared library C:\Users\NAGARAJU\.antigravity-ide\extensions\redhat.java-1.56.0-win32-x64\jre\21.0.12.1-win32-x86_64\bin\verify.dll
Event: 2.836 Loaded shared library C:\Users\NAGARAJU\.antigravity-ide\extensions\redhat.java-1.56.0-win32-x64\jre\21.0.12.1-win32-x86_64\bin\verify.dll
Event: 3.189 Attempting to load shared library C:\Users\NAGARAJU\.gradle\native\1def1411415f61bf3af743bc5b6707747c0891f09f0c88961ee8f79bc544acac\windows-amd64\native-platform.dll
Event: 3.196 Loaded shared library C:\Users\NAGARAJU\.gradle\native\1def1411415f61bf3af743bc5b6707747c0891f09f0c88961ee8f79bc544acac\windows-amd64\native-platform.dll
Event: 3.401 Attempting to load shared library C:\Users\NAGARAJU\.gradle\native\0.2.7\x86_64-windows-gnu\gradle-fileevents.dll
Event: 3.536 Loaded shared library C:\Users\NAGARAJU\.gradle\native\0.2.7\x86_64-windows-gnu\gradle-fileevents.dll
Event: 18.303 Attempting to load shared library C:\Users\NAGARAJU\.antigravity-ide\extensions\redhat.java-1.56.0-win32-x64\jre\21.0.12.1-win32-x86_64\bin\management.dll
Event: 18.308 Loaded shared library C:\Users\NAGARAJU\.antigravity-ide\extensions\redhat.java-1.56.0-win32-x64\jre\21.0.12.1-win32-x86_64\bin\management.dll
Event: 18.371 Attempting to load shared library C:\Users\NAGARAJU\.antigravity-ide\extensions\redhat.java-1.56.0-win32-x64\jre\21.0.12.1-win32-x86_64\bin\management_ext.dll
Event: 18.376 Loaded shared library C:\Users\NAGARAJU\.antigravity-ide\extensions\redhat.java-1.56.0-win32-x64\jre\21.0.12.1-win32-x86_64\bin\management_ext.dll
Event: 19.551 Attempting to load shared library C:\Users\NAGARAJU\.antigravity-ide\extensions\redhat.java-1.56.0-win32-x64\jre\21.0.12.1-win32-x86_64\bin\extnet.dll
Event: 19.666 Loaded shared library C:\Users\NAGARAJU\.antigravity-ide\extensions\redhat.java-1.56.0-win32-x64\jre\21.0.12.1-win32-x86_64\bin\extnet.dll
Event: 21.949 Attempting to load shared library C:\Users\NAGARAJU\.antigravity-ide\extensions\redhat.java-1.56.0-win32-x64\jre\21.0.12.1-win32-x86_64\bin\sunmscapi.dll
Event: 21.955 Loaded shared library C:\Users\NAGARAJU\.antigravity-ide\extensions\redhat.java-1.56.0-win32-x64\jre\21.0.12.1-win32-x86_64\bin\sunmscapi.dll

Deoptimization events (20 events):
Event: 31.445 Thread 0x00000244fc166650 DEOPT PACKING pc=0x00000244dfb3c927 sp=0x000000b0e22fe1e0
Event: 31.445 Thread 0x00000244fc166650 DEOPT UNPACKING pc=0x00000244e6c54bc2 sp=0x000000b0e22fd6b8 mode 0
Event: 31.446 Thread 0x00000244fc166650 DEOPT PACKING pc=0x00000244dfb3c927 sp=0x000000b0e22fe1e0
Event: 31.446 Thread 0x00000244fc166650 DEOPT UNPACKING pc=0x00000244e6c54bc2 sp=0x000000b0e22fd6b8 mode 0
Event: 63.074 Thread 0x00000244fc44aba0 Uncommon trap: trap_request=0xffffff45 fr.pc=0x00000244e7323c5c relative=0x00000000000001bc
Event: 63.074 Thread 0x00000244fc44aba0 Uncommon trap: reason=unstable_if action=reinterpret pc=0x00000244e7323c5c method=java.util.concurrent.locks.ReentrantLock$NonfairSync.initialTryLock()Z @ 25 c2
Event: 63.074 Thread 0x00000244fc44aba0 DEOPT PACKING pc=0x00000244e7323c5c sp=0x000000b0e2bff190
Event: 63.075 Thread 0x00000244fc44aba0 DEOPT UNPACKING pc=0x00000244e6c54422 sp=0x000000b0e2bff078 mode 2
Event: 251.408 Thread 0x00000244fc166650 Uncommon trap: trap_request=0xffffff45 fr.pc=0x00000244e735aa94 relative=0x0000000000000074
Event: 251.409 Thread 0x00000244fc166650 Uncommon trap: reason=unstable_if action=reinterpret pc=0x00000244e735aa94 method=org.gradle.launcher.daemon.registry.PersistentDaemonRegistry$1.isSatisfiedBy(Lorg/gradle/launcher/daemon/registry/DaemonInfo;)Z @ 7 c2
Event: 251.409 Thread 0x00000244fc166650 DEOPT PACKING pc=0x00000244e735aa94 sp=0x000000b0e22fe9c0
Event: 251.409 Thread 0x00000244fc166650 DEOPT UNPACKING pc=0x00000244e6c54422 sp=0x000000b0e22fe8f0 mode 2
Event: 280.859 Thread 0x00000244fc44aba0 Uncommon trap: trap_request=0xffffff45 fr.pc=0x00000244e729d32c relative=0x000000000000018c
Event: 280.859 Thread 0x00000244fc44aba0 Uncommon trap: reason=unstable_if action=reinterpret pc=0x00000244e729d32c method=java.util.concurrent.locks.ReentrantLock$NonfairSync.initialTryLock()Z @ 25 c2
Event: 280.859 Thread 0x00000244fc44aba0 DEOPT PACKING pc=0x00000244e729d32c sp=0x000000b0e2bff140
Event: 280.862 Thread 0x00000244fc44aba0 DEOPT UNPACKING pc=0x00000244e6c54422 sp=0x000000b0e2bff0e0 mode 2
Event: 488.052 Thread 0x00000244fc255170 Uncommon trap: trap_request=0xffffff45 fr.pc=0x00000244e734e360 relative=0x0000000000000140
Event: 488.052 Thread 0x00000244fc255170 Uncommon trap: reason=unstable_if action=reinterpret pc=0x00000244e734e360 method=java.util.concurrent.locks.ReentrantLock$NonfairSync.tryAcquire(I)Z @ 4 c2
Event: 488.053 Thread 0x00000244fc255170 DEOPT PACKING pc=0x00000244e734e360 sp=0x000000b0e26faf80
Event: 488.059 Thread 0x00000244fc255170 DEOPT UNPACKING pc=0x00000244e6c54422 sp=0x000000b0e26faf20 mode 2

Classes loaded (20 events):
Event: 25.389 Loading class java/util/concurrent/locks/ReentrantLock$FairSync
Event: 25.392 Loading class java/util/concurrent/locks/ReentrantLock$FairSync done
Event: 25.614 Loading class java/net/DatagramPacket
Event: 25.614 Loading class java/net/DatagramPacket done
Event: 25.635 Loading class sun/nio/ch/DatagramChannelImpl$DatagramPackets
Event: 25.635 Loading class sun/nio/ch/DatagramChannelImpl$DatagramPackets done
Event: 31.375 Loading class java/util/concurrent/LinkedBlockingDeque$Itr
Event: 31.399 Loading class java/util/concurrent/LinkedBlockingDeque$AbstractItr
Event: 31.419 Loading class java/util/concurrent/LinkedBlockingDeque$AbstractItr done
Event: 31.419 Loading class java/util/concurrent/LinkedBlockingDeque$Itr done
Event: 31.447 Loading class java/util/LinkedList$ListItr
Event: 31.479 Loading class java/util/LinkedList$ListItr done
Event: 348.271 Loading class sun/security/provider/MD5
Event: 348.328 Loading class sun/security/provider/MD5 done
Event: 348.821 Loading class sun/security/provider/SHA5$SHA512
Event: 348.837 Loading class sun/security/provider/SHA5
Event: 348.950 Loading class sun/security/provider/SHA5 done
Event: 348.950 Loading class sun/security/provider/SHA5$SHA512 done
Event: 349.200 Loading class sun/security/provider/ByteArrayAccess$LE
Event: 349.234 Loading class sun/security/provider/ByteArrayAccess$LE done

Classes unloaded (0 events):
No events

Classes redefined (0 events):
No events

Internal exceptions (20 events):
Event: 19.778 Thread 0x00000244da2615e0 Exception <a 'java/lang/NoSuchMethodError'{0x00000007037b3080}: 'java.lang.Object java.lang.invoke.DirectMethodHandle$Holder.invokeVirtual(java.lang.Object, java.lang.Object, java.lang.Object, java.lang.Object, java.lang.Object, java.lang.Object, java.lang.Object)'> (0x00000007037b3080) 
thrown [s\src\hotspot\share\interpreter\linkResolver.cpp, line 773]
Event: 19.957 Thread 0x00000244da2615e0 Exception <a 'java/lang/NoSuchMethodError'{0x0000000703443f68}: 'java.lang.Object java.lang.invoke.DirectMethodHandle$Holder.invokeVirtual(java.lang.Object, java.lang.Object, java.lang.Object, java.lang.Object, java.lang.Object, java.lang.Object, java.lang.Object, java.lang.Object, java.lang.Object)'> (0x0000000703443f68) 
thrown [s\src\hotspot\share\interpreter\linkResolver.cpp, line 773]
Event: 20.408 Thread 0x00000244da2615e0 Exception <a 'java/lang/NoSuchMethodError'{0x00000007035df580}: 'java.lang.Object java.lang.invoke.DirectMethodHandle$Holder.invokeStaticInit(java.lang.Object, int, int, int, int)'> (0x00000007035df580) 
thrown [s\src\hotspot\share\interpreter\linkResolver.cpp, line 773]
Event: 20.943 Thread 0x00000244da2615e0 Exception <a 'java/lang/NoSuchMethodError'{0x0000000703268f18}: 'java.lang.Object java.lang.invoke.DirectMethodHandle$Holder.invokeStaticInit(java.lang.Object, java.lang.Object, int, int, int, int)'> (0x0000000703268f18) 
thrown [s\src\hotspot\share\interpreter\linkResolver.cpp, line 773]
Event: 21.269 Thread 0x00000244da2615e0 Exception <a 'java/io/IOException'{0x00000007031c0840}> (0x00000007031c0840) 
thrown [s\src\hotspot\share\prims\jni.cpp, line 520]
Event: 21.305 Thread 0x00000244da2615e0 Implicit null exception at 0x00000244e7241524 to 0x00000244e7241b80
Event: 21.356 Thread 0x00000244da2615e0 Exception <a 'java/lang/NoSuchMethodError'{0x0000000707435030}: 'java.lang.Object java.lang.invoke.DirectMethodHandle$Holder.newInvokeSpecial(java.lang.Object, java.lang.Object, java.lang.Object, java.lang.Object, java.lang.Object)'> (0x0000000707435030) 
thrown [s\src\hotspot\share\interpreter\linkResolver.cpp, line 773]
Event: 23.438 Thread 0x00000244fc2336c0 Exception <a 'java/lang/NoSuchMethodError'{0x0000000706f44b08}: 'void java.lang.invoke.DirectMethodHandle$Holder.invokeSpecial(java.lang.Object, java.lang.Object, java.lang.Object)'> (0x0000000706f44b08) 
thrown [s\src\hotspot\share\interpreter\linkResolver.cpp, line 773]
Event: 24.671 Thread 0x00000244fc255170 Exception <a 'java/lang/NoSuchMethodError'{0x00000007068258b8}: 'long java.lang.invoke.DirectMethodHandle$Holder.invokeInterface(java.lang.Object, java.lang.Object)'> (0x00000007068258b8) 
thrown [s\src\hotspot\share\interpreter\linkResolver.cpp, line 773]
Event: 24.838 Thread 0x00000244fc255170 Exception <a 'java/lang/NoSuchMethodError'{0x0000000706456958}: 'void java.lang.invoke.DirectMethodHandle$Holder.invokeStatic(java.lang.Object, java.lang.Object)'> (0x0000000706456958) 
thrown [s\src\hotspot\share\interpreter\linkResolver.cpp, line 773]
Event: 24.859 Thread 0x00000244fc255170 Exception <a 'java/lang/NoSuchMethodError'{0x0000000706498848}: 'java.lang.Object java.lang.invoke.DirectMethodHandle$Holder.invokeVirtual(java.lang.Object, java.lang.Object, java.lang.Object, java.lang.Object, java.lang.Object, java.lang.Object, java.lang.Object, java.lang.Object, java.lang.Object, java.lang.Object, java.lang.Object, java.lang.Object)'> (0x0000000706498848) 
thrown [s\src\hotspot\share\interpreter\linkResolver.cpp, line 773]
Event: 24.859 Thread 0x00000244fc255170 Exception <a 'java/lang/NoSuchMethodError'{0x000000070649d998}: 'java.lang.Object java.lang.invoke.DirectMethodHandle$Holder.invokeSpecial(java.lang.Object, java.lang.Object, java.lang.Object, java.lang.Object, java.lang.Object, java.lang.Object, java.lang.Object, java.lang.Object, java.lang.Object, java.lang.Object, java.lang.Object, java.lang.Object, java.lang.Object)'> (0x000000070649d998) 
thrown [s\src\hotspot\share\interpreter\linkResolver.cpp, line 773]
Event: 24.943 Thread 0x00000244fc255170 Exception <a 'java/lang/NoSuchMethodError'{0x00000007062fccc0}: 'int java.lang.invoke.DirectMethodHandle$Holder.invokeVirtual(java.lang.Object, java.lang.Object, java.lang.Object)'> (0x00000007062fccc0) 
thrown [s\src\hotspot\share\interpreter\linkResolver.cpp, line 773]
Event: 25.005 Thread 0x00000244fc255170 Exception <a 'java/lang/NoSuchMethodError'{0x00000007061724a8}: 'java.lang.Object java.lang.invoke.DirectMethodHandle$Holder.newInvokeSpecial(java.lang.Object, java.lang.Object, java.lang.Object, java.lang.Object, java.lang.Object, java.lang.Object)'> (0x00000007061724a8) 
thrown [s\src\hotspot\share\interpreter\linkResolver.cpp, line 773]
Event: 25.086 Thread 0x00000244fc255170 Exception <a 'java/lang/NoSuchMethodError'{0x0000000705c3ede8}: 'void java.lang.invoke.DelegatingMethodHandle$Holder.reinvoke_L(java.lang.Object, java.lang.Object, java.lang.Object, java.lang.Object, java.lang.Object, java.lang.Object, java.lang.Object, java.lang.Object, java.lang.Object, java.lang.Object)'> (0x0000000705c3ede8) 
thrown [s\src\hotspot\share\interpreter\linkResolver.cpp, line 773]
Event: 25.087 Thread 0x00000244fc255170 Exception <a 'java/lang/NoSuchMethodError'{0x0000000705c468c8}: 'java.lang.Object java.lang.invoke.Invokers$Holder.invoker(java.lang.Object, java.lang.Object, java.lang.Object, java.lang.Object, java.lang.Object, java.lang.Object, java.lang.Object, java.lang.Object, java.lang.Object, java.lang.Object)'> (0x0000000705c468c8) 
thrown [s\src\hotspot\share\interpreter\linkResolver.cpp, line 773]
Event: 25.276 Thread 0x00000244fc255170 Exception <a 'java/lang/NoSuchMethodError'{0x000000070568fa70}: 'void java.lang.invoke.DirectMethodHandle$Holder.invokeInterface(java.lang.Object, java.lang.Object)'> (0x000000070568fa70) 
thrown [s\src\hotspot\share\interpreter\linkResolver.cpp, line 773]
Event: 25.276 Thread 0x00000244fc255170 Exception <a 'java/lang/IncompatibleClassChangeError'{0x0000000705692ff0}: Found class java.lang.Object, but interface was expected> (0x0000000705692ff0) 
thrown [s\src\hotspot\share\interpreter\linkResolver.cpp, line 840]
Event: 25.401 Thread 0x00000244fc255170 Exception <a 'java/lang/NoSuchMethodError'{0x00000007057b9d78}: 'java.lang.Object java.lang.invoke.DirectMethodHandle$Holder.newInvokeSpecial(java.lang.Object, java.lang.Object, int)'> (0x00000007057b9d78) 
thrown [s\src\hotspot\share\interpreter\linkResolver.cpp, line 773]
Event: 375.787 Thread 0x00000244fc255170 Exception <a 'java/lang/NoSuchMethodError'{0x0000000706142918}: 'java.lang.Object java.lang.invoke.DirectMethodHandle$Holder.invokeVirtual(java.lang.Object, java.lang.Object, java.lang.Object, java.lang.Object, java.lang.Object, java.lang.Object, java.lang.Object, java.lang.Object)'> (0x0000000706142918) 
thrown [s\src\hotspot\share\interpreter\linkResolver.cpp, line 773]

ZGC Phase Switch (0 events):
No events

VM Operations (20 events):
Event: 401.449 Executing safepoint VM operation: Cleanup done
Event: 406.503 Executing safepoint VM operation: Cleanup
Event: 406.503 Executing safepoint VM operation: Cleanup done
Event: 407.510 Executing safepoint VM operation: Cleanup
Event: 407.527 Executing safepoint VM operation: Cleanup done
Event: 413.588 Executing safepoint VM operation: Cleanup
Event: 413.588 Executing safepoint VM operation: Cleanup done
Event: 415.598 Executing safepoint VM operation: Cleanup
Event: 415.598 Executing safepoint VM operation: Cleanup done
Event: 439.795 Executing safepoint VM operation: Cleanup
Event: 439.795 Executing safepoint VM operation: Cleanup done
Event: 452.915 Executing safepoint VM operation: Cleanup
Event: 452.915 Executing safepoint VM operation: Cleanup done
Event: 454.927 Executing safepoint VM operation: Cleanup
Event: 454.927 Executing safepoint VM operation: Cleanup done
Event: 461.966 Executing safepoint VM operation: Cleanup
Event: 461.966 Executing safepoint VM operation: Cleanup done
Event: 485.148 Executing safepoint VM operation: Cleanup
Event: 485.148 Executing safepoint VM operation: Cleanup done
Event: 488.187 Executing safepoint VM operation: Cleanup

Memory protections (0 events):
No events

Nmethod flushes (0 events):
No events

Events (20 events):
Event: 0.353 Thread 0x00000244da2615e0 Thread added: 0x00000244f641f530
Event: 0.492 Thread 0x00000244da2615e0 Thread added: 0x00000244f66c3010
Event: 0.605 Thread 0x00000244da2615e0 Thread added: 0x00000244f667e590
Event: 18.620 Thread 0x00000244da2615e0 Thread added: 0x00000244fc4ddd70
Event: 21.022 Thread 0x00000244da2615e0 Thread added: 0x00000244f6745b90
Event: 21.368 Thread 0x00000244da2615e0 Thread added: 0x00000244fc166650
Event: 22.367 Thread 0x00000244f6745b90 Thread added: 0x00000244fc2336c0
Event: 22.383 Thread 0x00000244fc2336c0 Thread added: 0x00000244fc233d30
Event: 22.509 Thread 0x00000244fc2336c0 Thread added: 0x00000244fc255c40
Event: 23.440 Thread 0x00000244fc2336c0 Thread added: 0x00000244fc255170
Event: 23.886 Thread 0x00000244fc255170 Thread added: 0x00000244fc44b230
Event: 23.929 Thread 0x00000244fc255170 Thread added: 0x00000244fc44c5e0
Event: 23.935 Thread 0x00000244fc255170 Thread added: 0x00000244fc44b8c0
Event: 25.398 Thread 0x00000244fc255170 Thread added: 0x00000244fc44bf50
Event: 25.552 Thread 0x00000244fc255170 Thread added: 0x00000244fc44aba0
Event: 25.914 Thread 0x00000244fc44aba0 Thread added: 0x00000244fc44cc70
Event: 26.040 Thread 0x00000244fc255170 Thread added: 0x00000244fc44d300
Event: 87.491 Thread 0x00000244fc44cc70 Thread exited: 0x00000244fc44cc70
Event: 345.749 Thread 0x00000244fc44aba0 Thread added: 0x00000244fc44d990
Event: 407.860 Thread 0x00000244fc44d990 Thread exited: 0x00000244fc44d990


Dynamic libraries:
0x00007ff6aaf70000 - 0x00007ff6aaf7e000 	C:\Users\NAGARAJU\.antigravity-ide\extensions\redhat.java-1.56.0-win32-x64\jre\21.0.12.1-win32-x86_64\bin\java.exe
0x00007ffba2e60000 - 0x00007ffba30c6000 	C:\WINDOWS\SYSTEM32\ntdll.dll
0x00007ffba16f0000 - 0x00007ffba17b9000 	C:\WINDOWS\System32\KERNEL32.DLL
0x00007ffba01d0000 - 0x00007ffba05cf000 	C:\WINDOWS\System32\KERNELBASE.dll
0x00007ffba0070000 - 0x00007ffba01bc000 	C:\WINDOWS\System32\ucrtbase.dll
0x00007ffb616c0000 - 0x00007ffb616d8000 	C:\Users\NAGARAJU\.antigravity-ide\extensions\redhat.java-1.56.0-win32-x64\jre\21.0.12.1-win32-x86_64\bin\jli.dll
0x00007ffba2320000 - 0x00007ffba24e6000 	C:\WINDOWS\System32\USER32.dll
0x00007ffba08a0000 - 0x00007ffba08c7000 	C:\WINDOWS\System32\win32u.dll
0x00007ffba2df0000 - 0x00007ffba2e1b000 	C:\WINDOWS\System32\GDI32.dll
0x00007ffba05e0000 - 0x00007ffba0709000 	C:\WINDOWS\System32\gdi32full.dll
0x00007ffba0ae0000 - 0x00007ffba0b83000 	C:\WINDOWS\System32\msvcp_win.dll
0x00007ffb616e0000 - 0x00007ffb616fe000 	C:\Users\NAGARAJU\.antigravity-ide\extensions\redhat.java-1.56.0-win32-x64\jre\21.0.12.1-win32-x86_64\bin\VCRUNTIME140.dll
0x00007ffb88780000 - 0x00007ffb88a11000 	C:\WINDOWS\WinSxS\amd64_microsoft.windows.common-controls_6595b64144ccf1df_6.0.26100.8972_none_3e0da176e32f9d4b\COMCTL32.dll
0x00007ffba24f0000 - 0x00007ffba2599000 	C:\WINDOWS\System32\msvcrt.dll
0x00007ffba2150000 - 0x00007ffba2182000 	C:\WINDOWS\System32\IMM32.DLL
0x00007ffb83500000 - 0x00007ffb8350c000 	C:\Users\NAGARAJU\.antigravity-ide\extensions\redhat.java-1.56.0-win32-x64\jre\21.0.12.1-win32-x86_64\bin\vcruntime140_1.dll
0x00007ffb1bac0000 - 0x00007ffb1bb4d000 	C:\Users\NAGARAJU\.antigravity-ide\extensions\redhat.java-1.56.0-win32-x64\jre\21.0.12.1-win32-x86_64\bin\msvcp140.dll
0x00007ffac8530000 - 0x00007ffac92d2000 	C:\Users\NAGARAJU\.antigravity-ide\extensions\redhat.java-1.56.0-win32-x64\jre\21.0.12.1-win32-x86_64\bin\server\jvm.dll
0x00007ffba0d00000 - 0x00007ffba0dbc000 	C:\WINDOWS\System32\ADVAPI32.dll
0x00007ffba28a0000 - 0x00007ffba294a000 	C:\WINDOWS\System32\sechost.dll
0x00007ffba25a0000 - 0x00007ffba26b8000 	C:\WINDOWS\System32\RPCRT4.dll
0x00007ffba1ab0000 - 0x00007ffba1b32000 	C:\WINDOWS\System32\WS2_32.dll
0x00007ffb9fed0000 - 0x00007ffb9ff2e000 	C:\WINDOWS\SYSTEM32\POWRPROF.dll
0x00007ffb99840000 - 0x00007ffb99876000 	C:\WINDOWS\SYSTEM32\WINMM.dll
0x00007ffb99880000 - 0x00007ffb9988b000 	C:\WINDOWS\SYSTEM32\VERSION.dll
0x00007ffb9feb0000 - 0x00007ffb9fec5000 	C:\WINDOWS\SYSTEM32\UMPDC.dll
0x00007ffb9ed60000 - 0x00007ffb9ed7b000 	C:\WINDOWS\SYSTEM32\kernel.appcore.dll
0x00007ffb82eb0000 - 0x00007ffb82eba000 	C:\Users\NAGARAJU\.antigravity-ide\extensions\redhat.java-1.56.0-win32-x64\jre\21.0.12.1-win32-x86_64\bin\jimage.dll
0x00007ffb94900000 - 0x00007ffb94b42000 	C:\WINDOWS\SYSTEM32\DBGHELP.DLL
0x00007ffba2a10000 - 0x00007ffba2d95000 	C:\WINDOWS\System32\combase.dll
0x00007ffba21c0000 - 0x00007ffba2299000 	C:\WINDOWS\System32\OLEAUT32.dll
0x00007ffb81c30000 - 0x00007ffb81c6b000 	C:\WINDOWS\SYSTEM32\dbgcore.DLL
0x00007ffba08d0000 - 0x00007ffba097c000 	C:\WINDOWS\System32\bcryptPrimitives.dll
0x00007ffb65d80000 - 0x00007ffb65d8f000 	C:\Users\NAGARAJU\.antigravity-ide\extensions\redhat.java-1.56.0-win32-x64\jre\21.0.12.1-win32-x86_64\bin\instrument.dll
0x00007ffb5fe50000 - 0x00007ffb5fe70000 	C:\Users\NAGARAJU\.antigravity-ide\extensions\redhat.java-1.56.0-win32-x64\jre\21.0.12.1-win32-x86_64\bin\java.dll
0x00007ffba0f50000 - 0x00007ffba16d8000 	C:\WINDOWS\System32\SHELL32.dll
0x00007ffb9db40000 - 0x00007ffb9e3db000 	C:\WINDOWS\SYSTEM32\windows.storage.dll
0x00007ffba0dd0000 - 0x00007ffba0ec9000 	C:\WINDOWS\System32\SHCORE.dll
0x00007ffba0c90000 - 0x00007ffba0cf6000 	C:\WINDOWS\System32\shlwapi.dll
0x00007ffb9ff90000 - 0x00007ffb9ffb9000 	C:\WINDOWS\SYSTEM32\profapi.dll
0x00007ffb4d020000 - 0x00007ffb4d038000 	C:\Users\NAGARAJU\.antigravity-ide\extensions\redhat.java-1.56.0-win32-x64\jre\21.0.12.1-win32-x86_64\bin\zip.dll
0x00007ffb72940000 - 0x00007ffb72950000 	C:\Users\NAGARAJU\.antigravity-ide\extensions\redhat.java-1.56.0-win32-x64\jre\21.0.12.1-win32-x86_64\bin\net.dll
0x00007ffb95940000 - 0x00007ffb95a68000 	C:\WINDOWS\SYSTEM32\WINHTTP.dll
0x00007ffb9f310000 - 0x00007ffb9f37c000 	C:\WINDOWS\system32\mswsock.dll
0x00007ffb5f9d0000 - 0x00007ffb5f9e6000 	C:\Users\NAGARAJU\.antigravity-ide\extensions\redhat.java-1.56.0-win32-x64\jre\21.0.12.1-win32-x86_64\bin\nio.dll
0x00007ffb62900000 - 0x00007ffb62910000 	C:\Users\NAGARAJU\.antigravity-ide\extensions\redhat.java-1.56.0-win32-x64\jre\21.0.12.1-win32-x86_64\bin\verify.dll
0x00007ffb1ba00000 - 0x00007ffb1ba27000 	C:\Users\NAGARAJU\.gradle\native\1def1411415f61bf3af743bc5b6707747c0891f09f0c88961ee8f79bc544acac\windows-amd64\native-platform.dll
0x00007ffafafa0000 - 0x00007ffafb018000 	C:\Users\NAGARAJU\.gradle\native\0.2.7\x86_64-windows-gnu\gradle-fileevents.dll
0x00007ffb95860000 - 0x00007ffb9586a000 	C:\Users\NAGARAJU\.antigravity-ide\extensions\redhat.java-1.56.0-win32-x64\jre\21.0.12.1-win32-x86_64\bin\management.dll
0x00007ffb831e0000 - 0x00007ffb831ec000 	C:\Users\NAGARAJU\.antigravity-ide\extensions\redhat.java-1.56.0-win32-x64\jre\21.0.12.1-win32-x86_64\bin\management_ext.dll
0x00007ffba1cb0000 - 0x00007ffba1cb8000 	C:\WINDOWS\System32\PSAPI.DLL
0x00007ffb9e6b0000 - 0x00007ffb9e6e3000 	C:\WINDOWS\SYSTEM32\IPHLPAPI.DLL
0x00007ffba16e0000 - 0x00007ffba16ea000 	C:\WINDOWS\System32\NSI.dll
0x00007ffb831d0000 - 0x00007ffb831d9000 	C:\Users\NAGARAJU\.antigravity-ide\extensions\redhat.java-1.56.0-win32-x64\jre\21.0.12.1-win32-x86_64\bin\extnet.dll
0x00007ffb9f600000 - 0x00007ffb9f61b000 	C:\WINDOWS\SYSTEM32\CRYPTSP.dll
0x00007ffb9ecc0000 - 0x00007ffb9ecf9000 	C:\WINDOWS\system32\rsaenh.dll
0x00007ffb9f3c0000 - 0x00007ffb9f3f2000 	C:\WINDOWS\SYSTEM32\USERENV.dll
0x00007ffb9ff60000 - 0x00007ffb9ff8a000 	C:\WINDOWS\SYSTEM32\bcrypt.dll
0x00007ffb9f620000 - 0x00007ffb9f62c000 	C:\WINDOWS\SYSTEM32\CRYPTBASE.dll
0x00007ffb831c0000 - 0x00007ffb831ce000 	C:\Users\NAGARAJU\.antigravity-ide\extensions\redhat.java-1.56.0-win32-x64\jre\21.0.12.1-win32-x86_64\bin\sunmscapi.dll
0x00007ffba0710000 - 0x00007ffba088e000 	C:\WINDOWS\System32\CRYPT32.dll
0x00007ffb9f840000 - 0x00007ffb9f870000 	C:\WINDOWS\SYSTEM32\ncrypt.dll
0x00007ffb9f7f0000 - 0x00007ffb9f82f000 	C:\WINDOWS\SYSTEM32\NTASN1.dll
0x00007ffb15860000 - 0x00007ffb15868000 	C:\WINDOWS\system32\wshunix.dll

JVMTI agents:
C:\Users\NAGARAJU\.gradle\wrapper\dists\gradle-8.14.1-bin\baw1sv0jfoi8rxs14qo3h49cs\gradle-8.14.1\lib\agents\gradle-instrumentation-agent-8.14.1.jar path:C:\Users\NAGARAJU\.antigravity-ide\extensions\redhat.java-1.56.0-win32-x64\jre\21.0.12.1-win32-x86_64\bin\instrument.dll, loaded, initialized, instrumentlib options:none

dbghelp: loaded successfully - version: 4.0.5 - missing functions: none
symbol engine: initialized successfully - sym options: 0x614 - pdb path: .;C:\Users\NAGARAJU\.antigravity-ide\extensions\redhat.java-1.56.0-win32-x64\jre\21.0.12.1-win32-x86_64\bin;C:\WINDOWS\SYSTEM32;C:\WINDOWS\WinSxS\amd64_microsoft.windows.common-controls_6595b64144ccf1df_6.0.26100.8972_none_3e0da176e32f9d4b;C:\Users\NAGARAJU\.antigravity-ide\extensions\redhat.java-1.56.0-win32-x64\jre\21.0.12.1-win32-x86_64\bin\server;C:\Users\NAGARAJU\.gradle\native\1def1411415f61bf3af743bc5b6707747c0891f09f0c88961ee8f79bc544acac\windows-amd64;C:\Users\NAGARAJU\.gradle\native\0.2.7\x86_64-windows-gnu

VM Arguments:
jvm_args: --add-opens=java.base/java.lang=ALL-UNNAMED --add-opens=java.base/java.lang.invoke=ALL-UNNAMED --add-opens=java.base/java.util=ALL-UNNAMED --add-opens=java.prefs/java.util.prefs=ALL-UNNAMED --add-exports=jdk.compiler/com.sun.tools.javac.api=ALL-UNNAMED --add-exports=jdk.compiler/com.sun.tools.javac.util=ALL-UNNAMED --add-opens=java.base/java.util=ALL-UNNAMED --add-opens=java.prefs/java.util.prefs=ALL-UNNAMED --add-opens=java.base/java.nio.charset=ALL-UNNAMED --add-opens=java.base/java.net=ALL-UNNAMED --add-opens=java.base/java.util.concurrent.atomic=ALL-UNNAMED --add-opens=java.xml/javax.xml.namespace=ALL-UNNAMED -Xmx4096m -Dfile.encoding=UTF-8 -Duser.country=IN -Duser.language=en -Duser.variant -javaagent:C:\Users\NAGARAJU\.gradle\wrapper\dists\gradle-8.14.1-bin\baw1sv0jfoi8rxs14qo3h49cs\gradle-8.14.1\lib\agents\gradle-instrumentation-agent-8.14.1.jar 
java_command: org.gradle.launcher.daemon.bootstrap.GradleDaemon 8.14.1
java_class_path (initial): C:\Users\NAGARAJU\.gradle\wrapper\dists\gradle-8.14.1-bin\baw1sv0jfoi8rxs14qo3h49cs\gradle-8.14.1\lib\gradle-daemon-main-8.14.1.jar
Launcher Type: SUN_STANDARD

[Global flags]
     intx CICompilerCount                          = 4                                         {product} {ergonomic}
     uint ConcGCThreads                            = 2                                         {product} {ergonomic}
     uint G1ConcRefinementThreads                  = 8                                         {product} {ergonomic}
   size_t G1HeapRegionSize                         = 2097152                                   {product} {ergonomic}
    uintx GCDrainStackTargetSize                   = 64                                        {product} {ergonomic}
   size_t InitialHeapSize                          = 123731968                                 {product} {ergonomic}
   size_t MarkStackSize                            = 4194304                                   {product} {ergonomic}
   size_t MaxHeapSize                              = 4294967296                                {product} {command line}
   size_t MaxNewSize                               = 2575302656                                {product} {ergonomic}
   size_t MinHeapDeltaBytes                        = 2097152                                   {product} {ergonomic}
   size_t MinHeapSize                              = 8388608                                   {product} {ergonomic}
    uintx NonNMethodCodeHeapSize                   = 5839372                                {pd product} {ergonomic}
    uintx NonProfiledCodeHeapSize                  = 122909434                              {pd product} {ergonomic}
    uintx ProfiledCodeHeapSize                     = 122909434                              {pd product} {ergonomic}
    uintx ReservedCodeCacheSize                    = 251658240                              {pd product} {ergonomic}
     bool SegmentedCodeCache                       = true                                      {product} {ergonomic}
   size_t SoftMaxHeapSize                          = 4294967296                             {manageable} {ergonomic}
     bool UseCompressedOops                        = true                           {product lp64_product} {ergonomic}
     bool UseG1GC                                  = true                                      {product} {ergonomic}
     bool UseLargePagesIndividualAllocation        = false                                  {pd product} {ergonomic}

Logging:
Log output configuration:
 #0: stdout all=warning uptime,level,tags foldmultilines=false
 #1: stderr all=off uptime,level,tags foldmultilines=false

Release file:
JAVA_VERSION="21.0.12.1" 
MODULES="java.base java.compiler java.datatransfer java.xml java.prefs java.desktop java.instrument java.logging java.management java.security.sasl java.naming java.rmi java.management.rmi java.net.http java.scripting java.security.jgss java.transaction.xa java.sql java.sql.rowset java.xml.crypto java.se java.smartcardio jdk.accessibility jdk.internal.jvmstat jdk.attach jdk.charsets jdk.internal.opt jdk.zipfs jdk.compiler jdk.crypto.ec jdk.crypto.cryptoki jdk.crypto.mscapi jdk.dynalink jdk.internal.ed jdk.editpad jdk.hotspot.agent jdk.httpserver jdk.internal.le jdk.internal.vm.ci jdk.internal.vm.compiler jdk.internal.vm.compiler.management jdk.jartool jdk.javadoc jdk.jcmd jdk.management jdk.management.agent jdk.jconsole jdk.jdeps jdk.jdwp.agent jdk.jdi jdk.jfr jdk.jshell jdk.jsobject jdk.jstatd jdk.localedata jdk.management.jfr jdk.naming.dns jdk.naming.rmi jdk.net jdk.nio.mapmode jdk.random jdk.sctp jdk.security.auth jdk.security.jgss jdk.unsupported jdk.unsupported.desktop jdk.xml.dom" 

Environment Variables:
JAVA_HOME=C:\Program Files\Eclipse Adoptium\jdk-21.0.11.10-hotspot
PATH=C:\Program Files\Eclipse Adoptium\jdk-21.0.11.10-hotspot\bin;C:\Program Files\Eclipse Adoptium\jdk-11.0.26.4-hotspot\bin;C:\Program Files\Eclipse Adoptium\jdk-17.0.14.7-hotspot\bin;C:\Program Files\Java\jdk-17\bin;C:\Program Files\nodejs;E:\Android\Sdk\platform-tools;E:\Android\Sdk\emulator;E:\Android\Sdk\cmdline-tools\latest\bin;C:\Users\NAGARAJU\AppData\Local\Android\Sdk\platform-tools;C:\Users\NAGARAJU\AppData\Local\Android\Sdk\emulator;C:\Users\NAGARAJU\AppData\Local\Android\Sdk\cmdline-tools\latest\bin;C:\Program Files\Eclipse Adoptium\jdk-21.0.11.10-hotspot\bin;C:\Program Files\Eclipse Adoptium\jdk-11.0.26.4-hotspot\bin;C:\Program Files\Eclipse Adoptium\jdk-17.0.14.7-hotspot\bin;C:\Program Files\Java\jdk-17\bin;C:\Program Files\nodejs;E:\Android\Sdk\platform-tools;E:\Android\Sdk\emulator;E:\Android\Sdk\cmdline-tools\latest\bin;C:\Users\NAGARAJU\AppData\Local\Android\Sdk\platform-tools;C:\Users\NAGARAJU\AppData\Local\Android\Sdk\emulator;C:\Users\NAGARAJU\AppData\Local\Android\Sdk\cmdline-tools\latest\bin;C:\Program Files\Eclipse Adoptium\jdk-21.0.11.10-hotspot\bin;C:\Program Files\Eclipse Adoptium\jdk-11.0.26.4-hotspot\bin;C:\Program Files\Eclipse Adoptium\jdk-17.0.14.7-hotspot\bin;C:\Program Files\Java\jdk-17\bin;C:\Program Files\nodejs;E:\Android\Sdk\platform-tools;E:\Android\Sdk\emulator;E:\Android\Sdk\cmdline-tools\latest\bin;C:\Users\NAGARAJU\AppData\Local\Android\Sdk\platform-tools;C:\Users\NAGARAJU\AppData\Local\Android\Sdk\emulator;C:\Users\NAGARAJU\AppData\Local\Android\Sdk\cmdline-tools\latest\bin;C:\WINDOWS\System32;C:\ProgramData\chocolatey\bin;C:\Program Files\nodejs\;C:\Program Files\Git\cmd;C:\Windows\System32;C:\Windows\System32\WindowsPowerShell\v1.0;C:\Windows\System32\OpenSSH;C:\Windows\System32\WindowsPowerShell\v1.0\;C:\Users\NAGARAJU\Downloads\stripe_1.30.0_windows_x86_64;C:\WINDOWS\system32;C:\WINDOWS;C:\WINDOWS\System32\Wbem;C:\WINDOWS\System32\WindowsPowerShell\v1.0\;C:\WINDOWS\System32\OpenSSH\;C:\ProgramData\chocolatey\bin;C:\Program Files\nodejs\;C:\Program Files\Git\cmd;C:\Windows\System32;C:\Windows\System32\WindowsPowerShell\v1.0;C:\Windows\System32\OpenSSH;C:\Windows\System32\WindowsPowerShell\v1.0\;C:\Users\NAGARAJU\Downloads\stripe_1.30.0_windows_x86_64;C:\WINDOWS\system32;C:\WINDOWS;C:\WINDOWS\System32\Wbem;C:\WINDOWS\System32\WindowsPowerShell\v1.0\;C:\WINDOWS\System32\OpenSSH\;C:\ProgramData\chocolatey\bin;C:\Program Files\nodejs\;C:\Program Files\Git\cmd;C:\Windows\System32;C:\Windows\System32\WindowsPowerShell\v1.0;C:\Windows\System32\OpenSSH;C:\Windows\System32\WindowsPowerShell\v1.0\;C:\Users\NAGARAJU\Downloads\stripe_1.30.0_windows_x86_64;C:\WINDOWS\system32;C:\WINDOWS;C:\WINDOWS\System32\Wbem;C:\WINDOWS\System32\WindowsPowerShell\v1.0\;C:\WINDOWS\System32\OpenSSH\;C:\Program Files\Eclipse Adoptium\jdk-21.0.11.10-hotspot\bin;C:\Program Files\Eclipse Adoptium\jdk-11.0.26.4-hotspot\bin;C:\Program Files\Eclipse Adoptium\jdk-17.0.14.7-hotspot\bin;C:\Program Files\Java\jdk-17\bin;C:\Program Files\nodejs;E:\Android\Sdk\platform-tools;E:\Android\Sdk\emulator;E:\Android\Sdk\cmdline-tools\latest\bin;C:\Users\NAGARAJU\AppData\Local\Android\Sdk\platform-tools;C:\Users\NAGARAJU\AppData\Local\Android\Sdk\emulator;C:\Users\NAGARAJU\AppData\Local\Android\Sdk\cmdline-tools\latest\bin;C:\Program Files\Eclipse Adoptium\jdk-21.0.11.10-hotspot\bin;C:\Program Files\Eclipse Adoptium\jdk-11.0.26.4-hotspot\bin;C:\Program Files\Eclipse Adoptium\jdk-17.0.14.7-hotspot\bin;C:\Program Files\Java\jdk-17\bin;C:\Program Files\nodejs;E:\Android\Sdk\platform-tools;E:\Android\Sdk\emulator;E:\Android\Sdk\cmdline-tools\latest\bin;C:\Users\NAGARAJU\AppData\Local\Android\Sdk\platform-tools;C:\Users\NAGARAJU\AppData\Local\Android\Sdk\emulator;C:\Users\NAGARAJU\AppData\Local\Android\Sdk\cmdline-tools\latest\bin;C:\Program Files\Eclipse Adoptium\jdk-21.0.11.10-hotspot\bin;C:\Program Files\Eclipse Adoptium\jdk-11.0.26.4-hotspot\bin;C:\Program Files\Eclipse Adoptium\jdk-17.0.14.7-hotspot\bin;C:\Program Files\Java\jdk-17\bin;C:\Program Files\nodejs;E:\Android\Sdk\platform-tools;E:\Android\Sdk\emulator;E:\Android\Sdk\cmdline-tools\latest\bin;C:\Users\NAGARAJU\AppData\Local\Android\Sdk\platform-tools;C:\Users\NAGARAJU\AppData\Local\Android\Sdk\emulator;C:\Users\NAGARAJU\AppData\Local\Android\Sdk\cmdline-tools\latest\bin;C:\WINDOWS\System32;C:\ProgramData\chocolatey\bin;C:\Program Files\nodejs\;C:\Program Files\Git\cmd;C:\Windows\System32;C:\Windows\System32\WindowsPowerShell\v1.0;C:\Windows\System32\OpenSSH;C:\Windows\System32\WindowsPowerShell\v1.0\;C:\Users\NAGARAJU\Downloads\stripe_1.30.0_windows_x86_64;C:\WINDOWS\system32;C:\WINDOWS;C:\WINDOWS\System32\Wbem;C:\WINDOWS\System32\WindowsPowerShell\v1.0\;C:\WINDOWS\System32\OpenSSH\;C:\ProgramData\chocolatey\bin;C:\Program Files\nodejs\;C:\Program Files\Git\cmd;C:\Windows\System32;C:\Windows\System32\WindowsPowerShell\v1.0;C:\Windows\System32\OpenSSH;C:\Windows\System32\WindowsPowerShell\v1.0\;C:\Users\NAGARAJU\Downloads\stripe_1.30.0_windows_x86_64;C:\WINDOWS\system32;C:\WINDOWS;C:\WINDOWS\System32\Wbem;C:\WINDOWS\System32\WindowsPowerShell\v1.0\;C:\WINDOWS\System32\OpenSSH\;C:\ProgramData\chocolatey\bin;C:\Program Files\nodejs\;C:\Program Files\Git\cmd;C:\Windows\System32;C:\Windows\System32\WindowsPowerShell\v1.0;C:\Windows\System32\OpenSSH;C:\Windows\System32\WindowsPowerShell\v1.0\;C:\Users\NAGARAJU\Downloads\stripe_1.30.0_windows_x86_64;C:\WINDOWS\system32;C:\WINDOWS;C:\WINDOWS\System32\Wbem;C:\WINDOWS\System32\WindowsPowerShell\v1.0\;C:\WINDOWS\System32\OpenSSH\;C:\Users\NAGARAJU\AppData\Local\Android\Sdk\platform-tools;C:\Users\NAGARAJU\AppData\Local\Android\Sdk\cmdline-tools\latest\bin;C:\Users\NAGARAJU\AppData\Roaming\npm;C:\Users\NAGARAJU\AppData\Local\Programs\Microsoft VS Code\bin;C:\Users\NAGARAJU\AppData\Local\Programs\Antigravity IDE\bin;C:\Users\NAGARAJU\AppData\Local\Microsoft\WindowsApps;C:\Users\NAGARAJU\AppData\Local\Kingsoft\WPS Office\12.1.0.27458\clitool
USERNAME=NAGARAJU
OS=Windows_NT
PROCESSOR_IDENTIFIER=AMD64 Family 23 Model 104 Stepping 1, AuthenticAMD
TMP=C:\Users\NAGARAJU\AppData\Local\Temp
TEMP=C:\Users\NAGARAJU\AppData\Local\Temp




Periodic native trim disabled

---------------  S Y S T E M  ---------------

OS:
 Windows 11 , 64 bit Build 26100 (10.0.26100.9168)
OS uptime: 0 days 1:22 hours

CPU: total 8 (initial active 8) (8 cores per cpu, 2 threads per core) family 23 model 104 stepping 1 microcode 0x8608109, cx8, cmov, fxsr, ht, mmx, 3dnowpref, sse, sse2, sse3, ssse3, sse4a, sse4.1, sse4.2, popcnt, lzcnt, tsc, tscinvbit, avx, avx2, aes, clmul, bmi1, bmi2, adx, sha, fma, vzeroupper, clflush, clflushopt, rdtscp, rdpid, f16c
Processor Information for the first 8 processors :
  Max Mhz: 2600, Current Mhz: 2600, Mhz Limit: 2600

Memory: 4k page, system-wide physical 7502M (114M free)
TotalPageFile size 40270M (AvailPageFile size 30M)
current process WorkingSet (physical memory assigned to process): 37M, peak: 194M
current process commit charge ("private bytes"): 251M, peak: 272M

vm_info: OpenJDK 64-Bit Server VM (21.0.12.1+1-LTS) for windows-amd64 JRE (21.0.12.1+1-LTS), built on 2026-08-18T00:00:00Z by "admin" with MS VC++ 17.12 (VS2022)

END.
