#
# There is insufficient memory for the Java Runtime Environment to continue.
# Native memory allocation (malloc) failed to allocate 277936 bytes. Error detail: Chunk::new
# Possible reasons:
#   The system is out of physical RAM or swap space
#   This process is running with CompressedOops enabled, and the Java Heap may be blocking the growth of the native heap
# Possible solutions:
#   Reduce memory load on the system
#   Increase physical memory or swap space
#   Check if swap backing store is full
#   Decrease Java heap size (-Xmx/-Xms)
#   Decrease number of Java threads
#   Decrease Java thread stack sizes (-Xss)
#   Set larger code cache with -XX:ReservedCodeCacheSize=
#   JVM is running with Zero Based Compressed Oops mode in which the Java heap is
#     placed in the first 32GB address space. The Java Heap base address is the
#     maximum limit for the native heap growth. Please use -XX:HeapBaseMinAddress
#     to set the Java Heap base and to place the Java Heap above 32GB virtual address.
# This output file may be truncated or incomplete.
#
#  Out of Memory Error (arena.cpp:168), pid=24892, tid=18116
#
# JRE version: OpenJDK Runtime Environment Temurin-21.0.12.1+1 (21.0.12.1+1) (build 21.0.12.1+1-LTS)
# Java VM: OpenJDK 64-Bit Server VM Temurin-21.0.12.1+1 (21.0.12.1+1-LTS, mixed mode, sharing, tiered, compressed oops, compressed class ptrs, g1 gc, windows-amd64)
# No core dump will be written. Minidumps are not enabled by default on client versions of Windows
#

---------------  S U M M A R Y ------------

Command Line: --add-opens=java.base/java.lang=ALL-UNNAMED --add-opens=java.base/java.lang.invoke=ALL-UNNAMED --add-opens=java.base/java.util=ALL-UNNAMED --add-opens=java.prefs/java.util.prefs=ALL-UNNAMED --add-exports=jdk.compiler/com.sun.tools.javac.api=ALL-UNNAMED --add-exports=jdk.compiler/com.sun.tools.javac.util=ALL-UNNAMED --add-opens=java.base/java.util=ALL-UNNAMED --add-opens=java.prefs/java.util.prefs=ALL-UNNAMED --add-opens=java.base/java.nio.charset=ALL-UNNAMED --add-opens=java.base/java.net=ALL-UNNAMED --add-opens=java.base/java.util.concurrent.atomic=ALL-UNNAMED --add-opens=java.xml/javax.xml.namespace=ALL-UNNAMED -Xmx4096m -Dfile.encoding=UTF-8 -Duser.country=IN -Duser.language=en -Duser.variant -javaagent:C:\Users\NAGARAJU\.gradle\wrapper\dists\gradle-8.14.1-bin\baw1sv0jfoi8rxs14qo3h49cs\gradle-8.14.1\lib\agents\gradle-instrumentation-agent-8.14.1.jar org.gradle.launcher.daemon.bootstrap.GradleDaemon 8.14.1

Host: AMD Ryzen 3 5300U with Radeon Graphics         , 8 cores, 7G,  Windows 11 , 64 bit Build 26100 (10.0.26100.9168)
Time: Tue Sep  8 17:43:26 2026 India Standard Time elapsed time: 393.369009 seconds (0d 0h 6m 33s)

---------------  T H R E A D  ---------------

Current thread (0x000001e34829c3b0):  JavaThread "C2 CompilerThread0" daemon [_thread_in_native, id=18116, stack(0x0000001fde600000,0x0000001fde700000) (1024K)]


Current CompileTask:
C2:393369 4562       4       sun.management.spi.PlatformMBeanProvider$PlatformComponent::getMBeans (87 bytes)

Stack: [0x0000001fde600000,0x0000001fde700000]
Native frames: (J=compiled Java code, j=interpreted, Vv=VM code, C=native code)
V  [jvm.dll+0x6d83e9]
V  [jvm.dll+0x8b5736]
V  [jvm.dll+0x8b7cee]
V  [jvm.dll+0x8b83d3]
V  [jvm.dll+0x284596]
V  [jvm.dll+0xc685d]
V  [jvm.dll+0xc6da1]
V  [jvm.dll+0x2fb5ae]
V  [jvm.dll+0x5fee94]
V  [jvm.dll+0x255d67]
V  [jvm.dll+0x24e0f4]
V  [jvm.dll+0x24bbe6]
V  [jvm.dll+0x1cb4ae]
V  [jvm.dll+0x25baad]
V  [jvm.dll+0x25a03a]
V  [jvm.dll+0x3f8aae]
V  [jvm.dll+0x8600cd]
V  [jvm.dll+0x6d6c1d]
C  [ucrtbase.dll+0x2cd30]
C  [KERNEL32.DLL+0x2ccb7]
C  [ntdll.dll+0xaad6c]


---------------  P R O C E S S  ---------------

Threads class SMR info:
_java_thread_list=0x000001e38fe91720, length=28, elements={
0x000001e32e3483e0, 0x000001e348292b40, 0x000001e348296120, 0x000001e348299700,
0x000001e34829a160, 0x000001e34829abc0, 0x000001e34829b620, 0x000001e34829c3b0,
0x000001e3482a48d0, 0x000001e348469d00, 0x000001e34856be90, 0x000001e38e032e90,
0x000001e38e034f60, 0x000001e38e034240, 0x000001e348743d10, 0x000001e348746470,
0x000001e348742ff0, 0x000001e3487450c0, 0x000001e348747190, 0x000001e3487443a0,
0x000001e348743680, 0x000001e348745750, 0x000001e348745de0, 0x000001e348747820,
0x000001e348747eb0, 0x000001e348744a30, 0x000001e348748540, 0x000001e348748bd0
}

Java Threads: ( => current thread )
  0x000001e32e3483e0 JavaThread "main"                              [_thread_blocked, id=17412, stack(0x0000001fdd800000,0x0000001fdd900000) (1024K)]
  0x000001e348292b40 JavaThread "Reference Handler"          daemon [_thread_blocked, id=27412, stack(0x0000001fde000000,0x0000001fde100000) (1024K)]
  0x000001e348296120 JavaThread "Finalizer"                  daemon [_thread_blocked, id=22368, stack(0x0000001fde100000,0x0000001fde200000) (1024K)]
  0x000001e348299700 JavaThread "Signal Dispatcher"          daemon [_thread_blocked, id=32552, stack(0x0000001fde200000,0x0000001fde300000) (1024K)]
  0x000001e34829a160 JavaThread "Attach Listener"            daemon [_thread_blocked, id=26676, stack(0x0000001fde300000,0x0000001fde400000) (1024K)]
  0x000001e34829abc0 JavaThread "Service Thread"             daemon [_thread_blocked, id=33564, stack(0x0000001fde400000,0x0000001fde500000) (1024K)]
  0x000001e34829b620 JavaThread "Monitor Deflation Thread"   daemon [_thread_blocked, id=24968, stack(0x0000001fde500000,0x0000001fde600000) (1024K)]
=>0x000001e34829c3b0 JavaThread "C2 CompilerThread0"         daemon [_thread_in_native, id=18116, stack(0x0000001fde600000,0x0000001fde700000) (1024K)]
  0x000001e3482a48d0 JavaThread "C1 CompilerThread0"         daemon [_thread_blocked, id=36456, stack(0x0000001fde700000,0x0000001fde800000) (1024K)]
  0x000001e348469d00 JavaThread "Common-Cleaner"             daemon [_thread_blocked, id=21856, stack(0x0000001fde800000,0x0000001fde900000) (1024K)]
  0x000001e34856be90 JavaThread "Notification Thread"        daemon [_thread_blocked, id=36192, stack(0x0000001fde900000,0x0000001fdea00000) (1024K)]
  0x000001e38e032e90 JavaThread "Daemon health stats"               [_thread_blocked, id=28244, stack(0x0000001fdee00000,0x0000001fdef00000) (1024K)]
  0x000001e38e034f60 JavaThread "Incoming local TCP Connector on port 51685"        [_thread_in_native, id=33808, stack(0x0000001fdef00000,0x0000001fdf000000) (1024K)]
  0x000001e38e034240 JavaThread "Daemon periodic checks"            [_thread_blocked, id=16004, stack(0x0000001fdf000000,0x0000001fdf100000) (1024K)]
  0x000001e348743d10 JavaThread "Cache worker for journal cache (C:\Users\NAGARAJU\.gradle\caches\journal-1)"        [_thread_blocked, id=36436, stack(0x0000001fdfb00000,0x0000001fdfc00000) (1024K)]
  0x000001e348746470 JavaThread "File lock request listener"        [_thread_in_native, id=38964, stack(0x0000001fdfc00000,0x0000001fdfd00000) (1024K)]
  0x000001e348742ff0 JavaThread "Cache worker for file hash cache (C:\Users\NAGARAJU\.gradle\caches\8.14.1\fileHashes)"        [_thread_blocked, id=37676, stack(0x0000001fdd600000,0x0000001fdd700000) (1024K)]
  0x000001e3487450c0 JavaThread "File watcher server"        daemon [_thread_in_native, id=16736, stack(0x0000001fdff00000,0x0000001fe0000000) (1024K)]
  0x000001e348747190 JavaThread "File watcher consumer"      daemon [_thread_blocked, id=25328, stack(0x0000001fe0000000,0x0000001fe0100000) (1024K)]
  0x000001e3487443a0 JavaThread "Daemon Thread 2"                   [_thread_blocked, id=37708, stack(0x0000001fdd500000,0x0000001fdd600000) (1024K)]
  0x000001e348743680 JavaThread "Handler for socket connection from /127.0.0.1:51685 to /127.0.0.1:50981"        [_thread_in_native, id=37120, stack(0x0000001fdf400000,0x0000001fdf500000) (1024K)]
  0x000001e348745750 JavaThread "Cancel handler"                    [_thread_blocked, id=39920, stack(0x0000001fdf500000,0x0000001fdf600000) (1024K)]
  0x000001e348745de0 JavaThread "Daemon worker Thread 2"            [_thread_blocked, id=38004, stack(0x0000001fdf600000,0x0000001fdf700000) (1024K)]
  0x000001e348747820 JavaThread "Asynchronous log dispatcher for DefaultDaemonConnection: socket connection from /127.0.0.1:51685 to /127.0.0.1:50981"        [_thread_blocked, id=22904, stack(0x0000001fdf700000,0x0000001fdf800000) (1024K)]
  0x000001e348747eb0 JavaThread "Stdin handler"                     [_thread_blocked, id=29344, stack(0x0000001fdf800000,0x0000001fdf900000) (1024K)]
  0x000001e348744a30 JavaThread "Daemon client event forwarder"        [_thread_blocked, id=27304, stack(0x0000001fdf900000,0x0000001fdfa00000) (1024K)]
  0x000001e348748540 JavaThread "Cache worker for file hash cache (C:\zynnative\DocApp-CLI\android\.gradle\8.14.1\fileHashes)"        [_thread_blocked, id=2024, stack(0x0000001fdfa00000,0x0000001fdfb00000) (1024K)]
  0x000001e348748bd0 JavaThread "Cache worker for Build Output Cleanup Cache (C:\zynnative\DocApp-CLI\android\.gradle\buildOutputCleanup)"        [_thread_blocked, id=32196, stack(0x0000001fdfd00000,0x0000001fdfe00000) (1024K)]
Total: 28

Other Threads:
  0x000001e3482759b0 VMThread "VM Thread"                           [id=35916, stack(0x0000001fddf00000,0x0000001fde000000) (1024K)]
  0x000001e348262120 WatcherThread "VM Periodic Task Thread"        [id=1116, stack(0x0000001fdde00000,0x0000001fddf00000) (1024K)]
  0x000001e32e3b3d10 WorkerThread "GC Thread#0"                     [id=29992, stack(0x0000001fdd900000,0x0000001fdda00000) (1024K)]
  0x000001e34860f120 WorkerThread "GC Thread#1"                     [id=9776, stack(0x0000001fdea00000,0x0000001fdeb00000) (1024K)]
  0x000001e348770d80 WorkerThread "GC Thread#2"                     [id=33016, stack(0x0000001fdeb00000,0x0000001fdec00000) (1024K)]
  0x000001e38e251420 WorkerThread "GC Thread#3"                     [id=35220, stack(0x0000001fdec00000,0x0000001fded00000) (1024K)]
  0x000001e38e2517d0 WorkerThread "GC Thread#4"                     [id=33160, stack(0x0000001fded00000,0x0000001fdee00000) (1024K)]
  0x000001e3486f59c0 WorkerThread "GC Thread#5"                     [id=2388, stack(0x0000001fdf100000,0x0000001fdf200000) (1024K)]
  0x000001e38efaba50 WorkerThread "GC Thread#6"                     [id=34408, stack(0x0000001fdf200000,0x0000001fdf300000) (1024K)]
  0x000001e38efabe00 WorkerThread "GC Thread#7"                     [id=21952, stack(0x0000001fdf300000,0x0000001fdf400000) (1024K)]
  0x000001e32e3c5b20 ConcurrentGCThread "G1 Main Marker"            [id=34940, stack(0x0000001fdda00000,0x0000001fddb00000) (1024K)]
  0x000001e32e3c6c50 WorkerThread "G1 Conc#0"                       [id=35508, stack(0x0000001fddb00000,0x0000001fddc00000) (1024K)]
  0x000001e3902d0c80 WorkerThread "G1 Conc#1"                       [id=10484, stack(0x0000001fdd700000,0x0000001fdd800000) (1024K)]
  0x000001e32e3fea70 ConcurrentGCThread "G1 Refine#0"               [id=23252, stack(0x0000001fddc00000,0x0000001fddd00000) (1024K)]
  0x000001e348134c10 ConcurrentGCThread "G1 Service"                [id=28044, stack(0x0000001fddd00000,0x0000001fdde00000) (1024K)]
Total: 15

Threads with active compile tasks:
C2 CompilerThread0  393530 4562       4       sun.management.spi.PlatformMBeanProvider$PlatformComponent::getMBeans (87 bytes)
Total: 1

VM state: not at safepoint (normal execution)

VM Mutex/Monitor currently owned by a thread: None

Heap address: 0x0000000700000000, size: 4096 MB, Compressed Oops mode: Zero based, Oop shift amount: 3

CDS archive(s) mapped at: [0x000001e349000000-0x000001e349ba0000-0x000001e349ba0000), size 12189696, SharedBaseAddress: 0x000001e349000000, ArchiveRelocationMode: 1.
Compressed class space mapped at: 0x000001e34a000000-0x000001e38a000000, reserved size: 1073741824
Narrow klass base: 0x000001e349000000, Narrow klass shift: 0, Narrow klass range: 0x100000000

GC Precious Log:
 CardTable entry size: 512
 Card Set container configuration: InlinePtr #cards 4 size 8 Array Of Cards #cards 16 size 48 Howl #buckets 8 coarsen threshold 3686 Howl Bitmap #cards 512 size 80 coarsen threshold 460 Card regions per heap region 1 cards per card region 4096
 CPUs: 8 total, 8 available
 Memory: 7502M
 Large Page Support: Disabled
 NUMA Support: Disabled
 Compressed Oops: Enabled (Zero based)
 Heap Region Size: 2M
 Heap Min Capacity: 8M
 Heap Initial Capacity: 118M
 Heap Max Capacity: 4G
 Pre-touch: Disabled
 Parallel Workers: 8
 Concurrent Workers: 2
 Concurrent Refinement Workers: 8
 Periodic GC: Disabled

Heap:
 garbage-first heap   total 90112K, used 58065K [0x0000000700000000, 0x0000000800000000)
  region size 2048K, 19 young (38912K), 3 survivors (6144K)
 Metaspace       used 28113K, committed 28992K, reserved 1114112K
  class space    used 4182K, committed 4608K, reserved 1048576K

Heap Regions: E=young(eden), S=young(survivor), O=old, HS=humongous(starts), HC=humongous(continues), CS=collection set, F=free, TAMS=top-at-mark-start, PB=parsable bottom
|   0|0x0000000700000000, 0x0000000700200000, 0x0000000700200000|100%|HS|  |TAMS 0x0000000700000000| PB 0x0000000700000000| Complete 
|   1|0x0000000700200000, 0x0000000700400000, 0x0000000700400000|100%|HC|  |TAMS 0x0000000700200000| PB 0x0000000700200000| Complete 
|   2|0x0000000700400000, 0x0000000700600000, 0x0000000700600000|100%| O|  |TAMS 0x0000000700400000| PB 0x0000000700400000| Untracked 
|   3|0x0000000700600000, 0x0000000700800000, 0x0000000700800000|100%| O|  |TAMS 0x0000000700600000| PB 0x0000000700600000| Untracked 
|   4|0x0000000700800000, 0x0000000700a00000, 0x0000000700a00000|100%| O|  |TAMS 0x0000000700800000| PB 0x0000000700800000| Untracked 
|   5|0x0000000700a00000, 0x0000000700c00000, 0x0000000700c00000|100%| O|  |TAMS 0x0000000700a00000| PB 0x0000000700a00000| Untracked 
|   6|0x0000000700c00000, 0x0000000700e00000, 0x0000000700e00000|100%| O|  |TAMS 0x0000000700c00000| PB 0x0000000700c00000| Untracked 
|   7|0x0000000700e00000, 0x0000000701000000, 0x0000000701000000|100%| O|  |TAMS 0x0000000700e00000| PB 0x0000000700e00000| Untracked 
|   8|0x0000000701000000, 0x0000000701200000, 0x0000000701200000|100%| O|  |TAMS 0x0000000701000000| PB 0x0000000701000000| Untracked 
|   9|0x0000000701200000, 0x0000000701374030, 0x0000000701400000| 72%| O|Cm|TAMS 0x0000000701200000| PB 0x0000000701200000| Complete 
|  10|0x0000000701400000, 0x0000000701600000, 0x0000000701600000|100%| O|  |TAMS 0x0000000701400000| PB 0x0000000701400000| Untracked 
|  11|0x0000000701600000, 0x0000000701642f90, 0x0000000701800000| 13%| O|  |TAMS 0x0000000701600000| PB 0x0000000701600000| Untracked 
|  12|0x0000000701800000, 0x0000000701800000, 0x0000000701a00000|  0%| F|  |TAMS 0x0000000701800000| PB 0x0000000701800000| Untracked 
|  13|0x0000000701a00000, 0x0000000701a00000, 0x0000000701c00000|  0%| F|  |TAMS 0x0000000701a00000| PB 0x0000000701a00000| Untracked 
|  14|0x0000000701c00000, 0x0000000701c00000, 0x0000000701e00000|  0%| F|  |TAMS 0x0000000701c00000| PB 0x0000000701c00000| Untracked 
|  15|0x0000000701e00000, 0x0000000701efd480, 0x0000000702000000| 49%| S|CS|TAMS 0x0000000701e00000| PB 0x0000000701e00000| Complete 
|  16|0x0000000702000000, 0x0000000702200000, 0x0000000702200000|100%| S|CS|TAMS 0x0000000702000000| PB 0x0000000702000000| Complete 
|  17|0x0000000702200000, 0x0000000702400000, 0x0000000702400000|100%| S|CS|TAMS 0x0000000702200000| PB 0x0000000702200000| Complete 
|  18|0x0000000702400000, 0x0000000702400000, 0x0000000702600000|  0%| F|  |TAMS 0x0000000702400000| PB 0x0000000702400000| Untracked 
|  19|0x0000000702600000, 0x0000000702600000, 0x0000000702800000|  0%| F|  |TAMS 0x0000000702600000| PB 0x0000000702600000| Untracked 
|  20|0x0000000702800000, 0x0000000702800000, 0x0000000702a00000|  0%| F|  |TAMS 0x0000000702800000| PB 0x0000000702800000| Untracked 
|  21|0x0000000702a00000, 0x0000000702a00000, 0x0000000702c00000|  0%| F|  |TAMS 0x0000000702a00000| PB 0x0000000702a00000| Untracked 
|  22|0x0000000702c00000, 0x0000000702c00000, 0x0000000702e00000|  0%| F|  |TAMS 0x0000000702c00000| PB 0x0000000702c00000| Untracked 
|  23|0x0000000702e00000, 0x0000000702e00000, 0x0000000703000000|  0%| F|  |TAMS 0x0000000702e00000| PB 0x0000000702e00000| Untracked 
|  24|0x0000000703000000, 0x0000000703000000, 0x0000000703200000|  0%| F|  |TAMS 0x0000000703000000| PB 0x0000000703000000| Untracked 
|  25|0x0000000703200000, 0x0000000703200000, 0x0000000703400000|  0%| F|  |TAMS 0x0000000703200000| PB 0x0000000703200000| Untracked 
|  26|0x0000000703400000, 0x0000000703400000, 0x0000000703600000|  0%| F|  |TAMS 0x0000000703400000| PB 0x0000000703400000| Untracked 
|  27|0x0000000703600000, 0x0000000703600000, 0x0000000703800000|  0%| F|  |TAMS 0x0000000703600000| PB 0x0000000703600000| Untracked 
|  28|0x0000000703800000, 0x00000007039fffb8, 0x0000000703a00000| 99%| E|  |TAMS 0x0000000703800000| PB 0x0000000703800000| Complete 
|  29|0x0000000703a00000, 0x0000000703c00000, 0x0000000703c00000|100%| E|CS|TAMS 0x0000000703a00000| PB 0x0000000703a00000| Complete 
|  30|0x0000000703c00000, 0x0000000703e00000, 0x0000000703e00000|100%| E|CS|TAMS 0x0000000703c00000| PB 0x0000000703c00000| Complete 
|  31|0x0000000703e00000, 0x0000000704000000, 0x0000000704000000|100%| E|CS|TAMS 0x0000000703e00000| PB 0x0000000703e00000| Complete 
|  32|0x0000000704000000, 0x0000000704200000, 0x0000000704200000|100%| E|CS|TAMS 0x0000000704000000| PB 0x0000000704000000| Complete 
|  33|0x0000000704200000, 0x0000000704400000, 0x0000000704400000|100%| E|CS|TAMS 0x0000000704200000| PB 0x0000000704200000| Complete 
|  34|0x0000000704400000, 0x0000000704600000, 0x0000000704600000|100%| E|CS|TAMS 0x0000000704400000| PB 0x0000000704400000| Complete 
|  35|0x0000000704600000, 0x0000000704800000, 0x0000000704800000|100%| E|CS|TAMS 0x0000000704600000| PB 0x0000000704600000| Complete 
|  36|0x0000000704800000, 0x0000000704a00000, 0x0000000704a00000|100%| E|CS|TAMS 0x0000000704800000| PB 0x0000000704800000| Complete 
|  37|0x0000000704a00000, 0x0000000704c00000, 0x0000000704c00000|100%| E|CS|TAMS 0x0000000704a00000| PB 0x0000000704a00000| Complete 
|  38|0x0000000704c00000, 0x0000000704e00000, 0x0000000704e00000|100%| E|CS|TAMS 0x0000000704c00000| PB 0x0000000704c00000| Complete 
|  39|0x0000000704e00000, 0x0000000705000000, 0x0000000705000000|100%| E|CS|TAMS 0x0000000704e00000| PB 0x0000000704e00000| Complete 
|  40|0x0000000705000000, 0x0000000705200000, 0x0000000705200000|100%| E|CS|TAMS 0x0000000705000000| PB 0x0000000705000000| Complete 
|  41|0x0000000705200000, 0x0000000705400000, 0x0000000705400000|100%| E|CS|TAMS 0x0000000705200000| PB 0x0000000705200000| Complete 
|  42|0x0000000705400000, 0x0000000705600000, 0x0000000705600000|100%| E|CS|TAMS 0x0000000705400000| PB 0x0000000705400000| Complete 
|  58|0x0000000707400000, 0x0000000707600000, 0x0000000707600000|100%| E|CS|TAMS 0x0000000707400000| PB 0x0000000707400000| Complete 

Card table byte_map: [0x000001e341070000,0x000001e341870000] _byte_map_base: 0x000001e33d870000

Marking Bits: (CMBitMap*) 0x000001e32e3b5240
 Bits: [0x000001e341870000, 0x000001e345870000)

Polling page: 0x000001e32c5b0000

Metaspace:

Usage:
  Non-class:     23.37 MB used.
      Class:      4.08 MB used.
       Both:     27.45 MB used.

Virtual space:
  Non-class space:       64.00 MB reserved,      23.81 MB ( 37%) committed,  1 nodes.
      Class space:        1.00 GB reserved,       4.50 MB ( <1%) committed,  1 nodes.
             Both:        1.06 GB reserved,      28.31 MB (  3%) committed. 

Chunk freelists:
   Non-Class:  8.12 MB
       Class:  11.33 MB
        Both:  19.45 MB

MaxMetaspaceSize: unlimited
CompressedClassSpaceSize: 1.00 GB
Initial GC threshold: 21.00 MB
Current GC threshold: 35.12 MB
CDS: on
 - commit_granule_bytes: 65536.
 - commit_granule_words: 8192.
 - virtual_space_node_default_size: 8388608.
 - enlarge_chunks_in_place: 1.
 - use_allocation_guard: 0.


Internal statistics:

num_allocs_failed_limit: 3.
num_arena_births: 1576.
num_arena_deaths: 0.
num_vsnodes_births: 2.
num_vsnodes_deaths: 0.
num_space_committed: 453.
num_space_uncommitted: 0.
num_chunks_returned_to_freelist: 3.
num_chunks_taken_from_freelist: 2877.
num_chunk_merges: 3.
num_chunk_splits: 1811.
num_chunks_enlarged: 1096.
num_inconsistent_stats: 0.

CodeHeap 'non-profiled nmethods': size=120000Kb used=2638Kb max_used=2638Kb free=117361Kb
 bounds [0x000001e339010000, 0x000001e3392b0000, 0x000001e340540000]
CodeHeap 'profiled nmethods': size=120000Kb used=9043Kb max_used=9043Kb free=110956Kb
 bounds [0x000001e331540000, 0x000001e331e20000, 0x000001e338a70000]
CodeHeap 'non-nmethods': size=5760Kb used=1438Kb max_used=1473Kb free=4321Kb
 bounds [0x000001e338a70000, 0x000001e338ce0000, 0x000001e339010000]
CodeCache: size=245760Kb, used=13119Kb, max_used=13154Kb, free=232638Kb
 total_blobs=5129, nmethods=4539, adapters=493, full_count=0
Compilation: enabled, stopped_count=0, restarted_count=0

Compilation events (20 events):
Event: 369.187 Thread 0x000001e3482a48d0 4551       3       java.util.Collections::singleton (9 bytes)
Event: 369.189 Thread 0x000001e3482a48d0 nmethod 4551 0x000001e331e11290 code [0x000001e331e11460, 0x000001e331e11780]
Event: 369.189 Thread 0x000001e3482a48d0 4552       3       java.util.Collections$SingletonSet::<init> (10 bytes)
Event: 369.189 Thread 0x000001e3482a48d0 nmethod 4552 0x000001e331e11890 code [0x000001e331e11a40, 0x000001e331e11cc8]
Event: 377.175 Thread 0x000001e34829c3b0 4553       4       java.util.Collections$SingletonSet::contains (9 bytes)
Event: 377.180 Thread 0x000001e34829c3b0 nmethod 4553 0x000001e3392a1290 code [0x000001e3392a1420, 0x000001e3392a1650]
Event: 382.462 Thread 0x000001e34829c3b0 4555       4       java.io.InputStream::<init> (5 bytes)
Event: 382.467 Thread 0x000001e34829c3b0 nmethod 4555 0x000001e3392a1b90 code [0x000001e3392a1d20, 0x000001e3392a1da8]
Event: 382.557 Thread 0x000001e34829c3b0 4556   !   4       java.io.WinNTFileSystem::getBooleanAttributes (27 bytes)
Event: 382.569 Thread 0x000001e3482a48d0 4557       3       sun.nio.fs.WindowsPath::checkRead (17 bytes)
Event: 382.588 Thread 0x000001e34829c3b0 nmethod 4556 0x000001e3392a1e90 code [0x000001e3392a2040, 0x000001e3392a2190]
Event: 382.588 Thread 0x000001e3482a48d0 nmethod 4557 0x000001e331e11e10 code [0x000001e331e11fc0, 0x000001e331e121b0]
Event: 386.177 Thread 0x000001e34829c3b0 4558       4       java.util.stream.AbstractPipeline::close (48 bytes)
Event: 386.181 Thread 0x000001e34829c3b0 nmethod 4558 0x000001e3392a2310 code [0x000001e3392a24a0, 0x000001e3392a2620]
Event: 387.195 Thread 0x000001e34829c3b0 4559   !   4       java.util.stream.ReferencePipeline$7$1::accept (127 bytes)
Event: 387.253 Thread 0x000001e34829c3b0 nmethod 4559 0x000001e3392a2710 code [0x000001e3392a2980, 0x000001e3392a3360]
Event: 389.188 Thread 0x000001e3482a48d0 4560       3       java.lang.management.ManagementFactory$PlatformMBeanFinder::findFirst (52 bytes)
Event: 389.921 Thread 0x000001e3482a48d0 nmethod 4560 0x000001e331e12290 code [0x000001e331e125a0, 0x000001e331e13830]
Event: 390.170 Thread 0x000001e34829c3b0 4562       4       sun.management.spi.PlatformMBeanProvider$PlatformComponent::getMBeans (87 bytes)
Event: 392.208 Thread 0x000001e3482a48d0 4563       3       java.lang.management.MemoryUsage::<init> (170 bytes)

GC Heap History (12 events):
Event: 1.349 GC heap before
{Heap before GC invocations=0 (full 0):
 garbage-first heap   total 120832K, used 22528K [0x0000000700000000, 0x0000000800000000)
  region size 2048K, 11 young (22528K), 0 survivors (0K)
 Metaspace       used 886K, committed 1024K, reserved 1114112K
  class space    used 71K, committed 128K, reserved 1048576K
}
Event: 1.359 GC heap after
{Heap after GC invocations=1 (full 0):
 garbage-first heap   total 120832K, used 1536K [0x0000000700000000, 0x0000000800000000)
  region size 2048K, 1 young (2048K), 1 survivors (2048K)
 Metaspace       used 886K, committed 1024K, reserved 1114112K
  class space    used 71K, committed 128K, reserved 1048576K
}
Event: 3.846 GC heap before
{Heap before GC invocations=1 (full 0):
 garbage-first heap   total 120832K, used 44544K [0x0000000700000000, 0x0000000800000000)
  region size 2048K, 21 young (43008K), 1 survivors (2048K)
 Metaspace       used 4426K, committed 4608K, reserved 1114112K
  class space    used 559K, committed 640K, reserved 1048576K
}
Event: 3.857 GC heap after
{Heap after GC invocations=2 (full 0):
 garbage-first heap   total 120832K, used 11818K [0x0000000700000000, 0x0000000800000000)
  region size 2048K, 3 young (6144K), 3 survivors (6144K)
 Metaspace       used 4426K, committed 4608K, reserved 1114112K
  class space    used 559K, committed 640K, reserved 1048576K
}
Event: 12.793 GC heap before
{Heap before GC invocations=2 (full 0):
 garbage-first heap   total 120832K, used 77354K [0x0000000700000000, 0x0000000800000000)
  region size 2048K, 35 young (71680K), 3 survivors (6144K)
 Metaspace       used 9686K, committed 10048K, reserved 1114112K
  class space    used 1314K, committed 1472K, reserved 1048576K
}
Event: 12.849 GC heap after
{Heap after GC invocations=3 (full 0):
 garbage-first heap   total 120832K, used 19884K [0x0000000700000000, 0x0000000800000000)
  region size 2048K, 4 young (8192K), 4 survivors (8192K)
 Metaspace       used 9686K, committed 10048K, reserved 1114112K
  class space    used 1314K, committed 1472K, reserved 1048576K
}
Event: 164.866 GC heap before
{Heap before GC invocations=3 (full 0):
 garbage-first heap   total 120832K, used 83372K [0x0000000700000000, 0x0000000800000000)
  region size 2048K, 35 young (71680K), 4 survivors (8192K)
 Metaspace       used 16517K, committed 16960K, reserved 1114112K
  class space    used 2289K, committed 2496K, reserved 1048576K
}
Event: 165.030 GC heap after
{Heap after GC invocations=4 (full 0):
 garbage-first heap   total 120832K, used 22699K [0x0000000700000000, 0x0000000800000000)
  region size 2048K, 2 young (4096K), 2 survivors (4096K)
 Metaspace       used 16517K, committed 16960K, reserved 1114112K
  class space    used 2289K, committed 2496K, reserved 1048576K
}
Event: 171.358 GC heap before
{Heap before GC invocations=4 (full 0):
 garbage-first heap   total 120832K, used 57515K [0x0000000700000000, 0x0000000800000000)
  region size 2048K, 20 young (40960K), 2 survivors (4096K)
 Metaspace       used 20843K, committed 21504K, reserved 1114112K
  class space    used 3044K, committed 3392K, reserved 1048576K
}
Event: 171.380 GC heap after
{Heap after GC invocations=5 (full 0):
 garbage-first heap   total 120832K, used 24897K [0x0000000700000000, 0x0000000800000000)
  region size 2048K, 3 young (6144K), 3 survivors (6144K)
 Metaspace       used 20843K, committed 21504K, reserved 1114112K
  class space    used 3044K, committed 3392K, reserved 1048576K
}
Event: 182.340 GC heap before
{Heap before GC invocations=6 (full 0):
 garbage-first heap   total 90112K, used 72001K [0x0000000700000000, 0x0000000800000000)
  region size 2048K, 26 young (53248K), 3 survivors (6144K)
 Metaspace       used 27099K, committed 28032K, reserved 1114112K
  class space    used 4030K, committed 4480K, reserved 1048576K
}
Event: 182.355 GC heap after
{Heap after GC invocations=7 (full 0):
 garbage-first heap   total 90112K, used 27345K [0x0000000700000000, 0x0000000800000000)
  region size 2048K, 3 young (6144K), 3 survivors (6144K)
 Metaspace       used 27099K, committed 28032K, reserved 1114112K
  class space    used 4030K, committed 4480K, reserved 1048576K
}

Dll operation events (20 events):
Event: 0.238 Attempting to load shared library C:\Users\NAGARAJU\.antigravity-ide\extensions\redhat.java-1.56.0-win32-x64\jre\21.0.12.1-win32-x86_64\bin\nio.dll
Event: 0.240 Loaded shared library C:\Users\NAGARAJU\.antigravity-ide\extensions\redhat.java-1.56.0-win32-x64\jre\21.0.12.1-win32-x86_64\bin\nio.dll
Event: 0.246 Attempting to load shared library C:\Users\NAGARAJU\.antigravity-ide\extensions\redhat.java-1.56.0-win32-x64\jre\21.0.12.1-win32-x86_64\bin\zip.dll
Event: 0.246 Loaded shared library C:\Users\NAGARAJU\.antigravity-ide\extensions\redhat.java-1.56.0-win32-x64\jre\21.0.12.1-win32-x86_64\bin\zip.dll
Event: 1.366 Attempting to load shared library C:\Users\NAGARAJU\.antigravity-ide\extensions\redhat.java-1.56.0-win32-x64\jre\21.0.12.1-win32-x86_64\bin\jimage.dll
Event: 1.366 Loaded shared library C:\Users\NAGARAJU\.antigravity-ide\extensions\redhat.java-1.56.0-win32-x64\jre\21.0.12.1-win32-x86_64\bin\jimage.dll
Event: 1.891 Attempting to load shared library C:\Users\NAGARAJU\.antigravity-ide\extensions\redhat.java-1.56.0-win32-x64\jre\21.0.12.1-win32-x86_64\bin\verify.dll
Event: 1.896 Loaded shared library C:\Users\NAGARAJU\.antigravity-ide\extensions\redhat.java-1.56.0-win32-x64\jre\21.0.12.1-win32-x86_64\bin\verify.dll
Event: 2.138 Attempting to load shared library C:\Users\NAGARAJU\.gradle\native\1def1411415f61bf3af743bc5b6707747c0891f09f0c88961ee8f79bc544acac\windows-amd64\native-platform.dll
Event: 2.143 Loaded shared library C:\Users\NAGARAJU\.gradle\native\1def1411415f61bf3af743bc5b6707747c0891f09f0c88961ee8f79bc544acac\windows-amd64\native-platform.dll
Event: 2.176 Attempting to load shared library C:\Users\NAGARAJU\.gradle\native\0.2.7\x86_64-windows-gnu\gradle-fileevents.dll
Event: 2.182 Loaded shared library C:\Users\NAGARAJU\.gradle\native\0.2.7\x86_64-windows-gnu\gradle-fileevents.dll
Event: 8.886 Attempting to load shared library C:\Users\NAGARAJU\.antigravity-ide\extensions\redhat.java-1.56.0-win32-x64\jre\21.0.12.1-win32-x86_64\bin\management.dll
Event: 8.892 Loaded shared library C:\Users\NAGARAJU\.antigravity-ide\extensions\redhat.java-1.56.0-win32-x64\jre\21.0.12.1-win32-x86_64\bin\management.dll
Event: 8.906 Attempting to load shared library C:\Users\NAGARAJU\.antigravity-ide\extensions\redhat.java-1.56.0-win32-x64\jre\21.0.12.1-win32-x86_64\bin\management_ext.dll
Event: 8.920 Loaded shared library C:\Users\NAGARAJU\.antigravity-ide\extensions\redhat.java-1.56.0-win32-x64\jre\21.0.12.1-win32-x86_64\bin\management_ext.dll
Event: 10.415 Attempting to load shared library C:\Users\NAGARAJU\.antigravity-ide\extensions\redhat.java-1.56.0-win32-x64\jre\21.0.12.1-win32-x86_64\bin\extnet.dll
Event: 10.419 Loaded shared library C:\Users\NAGARAJU\.antigravity-ide\extensions\redhat.java-1.56.0-win32-x64\jre\21.0.12.1-win32-x86_64\bin\extnet.dll
Event: 12.731 Attempting to load shared library C:\Users\NAGARAJU\.antigravity-ide\extensions\redhat.java-1.56.0-win32-x64\jre\21.0.12.1-win32-x86_64\bin\sunmscapi.dll
Event: 12.777 Loaded shared library C:\Users\NAGARAJU\.antigravity-ide\extensions\redhat.java-1.56.0-win32-x64\jre\21.0.12.1-win32-x86_64\bin\sunmscapi.dll

Deoptimization events (20 events):
Event: 310.243 Thread 0x000001e348743d10 Uncommon trap: trap_request=0xffffffc6 fr.pc=0x000001e3391bda8c relative=0x00000000000007ac
Event: 310.243 Thread 0x000001e348743d10 Uncommon trap: reason=bimorphic_or_optimized_type_check action=maybe_recompile pc=0x000001e3391bda8c method=java.io.DataInputStream.readUnsignedByte()I @ 4 c2
Event: 310.243 Thread 0x000001e348743d10 DEOPT PACKING pc=0x000001e3391bda8c sp=0x0000001fdfbfe370
Event: 310.243 Thread 0x000001e348743d10 DEOPT UNPACKING pc=0x000001e338ac4422 sp=0x0000001fdfbfe2d8 mode 2
Event: 310.258 Thread 0x000001e348743d10 Uncommon trap: trap_request=0xffffffc6 fr.pc=0x000001e3391bda8c relative=0x00000000000007ac
Event: 310.258 Thread 0x000001e348743d10 Uncommon trap: reason=bimorphic_or_optimized_type_check action=maybe_recompile pc=0x000001e3391bda8c method=java.io.DataInputStream.readUnsignedByte()I @ 4 c2
Event: 310.258 Thread 0x000001e348743d10 DEOPT PACKING pc=0x000001e3391bda8c sp=0x0000001fdfbfe490
Event: 310.258 Thread 0x000001e348743d10 DEOPT UNPACKING pc=0x000001e338ac4422 sp=0x0000001fdfbfe3f8 mode 2
Event: 310.264 Thread 0x000001e348743d10 Uncommon trap: trap_request=0xffffffc6 fr.pc=0x000001e3391bda8c relative=0x00000000000007ac
Event: 310.264 Thread 0x000001e348743d10 Uncommon trap: reason=bimorphic_or_optimized_type_check action=maybe_recompile pc=0x000001e3391bda8c method=java.io.DataInputStream.readUnsignedByte()I @ 4 c2
Event: 310.264 Thread 0x000001e348743d10 DEOPT PACKING pc=0x000001e3391bda8c sp=0x0000001fdfbfe460
Event: 310.264 Thread 0x000001e348743d10 DEOPT UNPACKING pc=0x000001e338ac4422 sp=0x0000001fdfbfe3c8 mode 2
Event: 310.283 Thread 0x000001e348743d10 Uncommon trap: trap_request=0xffffff45 fr.pc=0x000001e3391b35d8 relative=0x00000000000007f8
Event: 310.283 Thread 0x000001e348743d10 Uncommon trap: reason=unstable_if action=reinterpret pc=0x000001e3391b35d8 method=java.io.BufferedOutputStream.write([BII)V @ 4 c2
Event: 310.283 Thread 0x000001e348743d10 DEOPT PACKING pc=0x000001e3391b35d8 sp=0x0000001fdfbfe4e0
Event: 310.283 Thread 0x000001e348743d10 DEOPT UNPACKING pc=0x000001e338ac4422 sp=0x0000001fdfbfe4b0 mode 2
Event: 316.968 Thread 0x000001e348745de0 Uncommon trap: trap_request=0xffffff45 fr.pc=0x000001e339290d08 relative=0x0000000000000068
Event: 316.968 Thread 0x000001e348745de0 Uncommon trap: reason=unstable_if action=reinterpret pc=0x000001e339290d08 method=java.util.stream.StreamOpFlag.fromCharacteristics(Ljava/util/Spliterator;)I @ 10 c2
Event: 316.968 Thread 0x000001e348745de0 DEOPT PACKING pc=0x000001e339290d08 sp=0x0000001fdf6f9e30
Event: 316.968 Thread 0x000001e348745de0 DEOPT UNPACKING pc=0x000001e338ac4422 sp=0x0000001fdf6f9dc8 mode 2

Classes loaded (20 events):
Event: 246.907 Loading class jdk/internal/math/FormattedFPDecimal
Event: 247.083 Loading class jdk/internal/math/FormattedFPDecimal done
Event: 310.841 Loading class java/nio/file/FileTreeWalker
Event: 310.855 Loading class java/nio/file/FileTreeWalker done
Event: 310.878 Loading class java/nio/file/FileTreeWalker$DirectoryNode
Event: 310.879 Loading class java/nio/file/FileTreeWalker$DirectoryNode done
Event: 310.880 Loading class java/nio/file/FileTreeWalker$Event
Event: 310.888 Loading class java/nio/file/FileTreeWalker$Event done
Event: 310.890 Loading class java/nio/file/FileTreeWalker$EventType
Event: 310.896 Loading class java/nio/file/FileTreeWalker$EventType done
Event: 310.918 Loading class java/nio/file/Files$3
Event: 310.920 Loading class java/nio/file/Files$3 done
Event: 310.951 Loading class java/nio/file/FileVisitResult
Event: 310.952 Loading class java/nio/file/FileVisitResult done
Event: 316.737 Loading class java/util/stream/Streams$RangeIntSpliterator
Event: 316.742 Loading class java/util/stream/Streams$RangeIntSpliterator done
Event: 316.744 Loading class java/util/stream/IntPipeline$Head
Event: 316.759 Loading class java/util/stream/IntPipeline
Event: 316.964 Loading class java/util/stream/IntPipeline done
Event: 316.966 Loading class java/util/stream/IntPipeline$Head done

Classes unloaded (0 events):
No events

Classes redefined (0 events):
No events

Internal exceptions (20 events):
Event: 176.154 Thread 0x000001e38e033bb0 Exception <a 'java/lang/NoSuchMethodError'{0x0000000702af44d8}: 'java.lang.Object java.lang.invoke.Invokers$Holder.linkToTargetMethod(java.lang.Object, java.lang.Object, java.lang.Object, int, java.lang.Object, java.lang.Object)'> (0x0000000702af44d8) 
thrown [s\src\hotspot\share\interpreter\linkResolver.cpp, line 773]
Event: 176.166 Thread 0x000001e38e033bb0 Exception <a 'java/lang/NoSuchMethodError'{0x0000000702b14878}: 'java.lang.Object java.lang.invoke.DirectMethodHandle$Holder.newInvokeSpecial(java.lang.Object, java.lang.Object, java.lang.Object, int)'> (0x0000000702b14878) 
thrown [s\src\hotspot\share\interpreter\linkResolver.cpp, line 773]
Event: 176.168 Thread 0x000001e38e033bb0 Exception <a 'java/lang/NoSuchMethodError'{0x0000000702b18f50}: 'java.lang.Object java.lang.invoke.DirectMethodHandle$Holder.invokeSpecial(java.lang.Object, java.lang.Object, java.lang.Object, java.lang.Object, int)'> (0x0000000702b18f50) 
thrown [s\src\hotspot\share\interpreter\linkResolver.cpp, line 773]
Event: 176.168 Thread 0x000001e38e033bb0 Exception <a 'java/lang/NoSuchMethodError'{0x0000000702b1ce08}: 'java.lang.Object java.lang.invoke.Invokers$Holder.linkToTargetMethod(java.lang.Object, java.lang.Object, int, java.lang.Object)'> (0x0000000702b1ce08) 
thrown [s\src\hotspot\share\interpreter\linkResolver.cpp, line 773]
Event: 176.251 Thread 0x000001e38e033bb0 Exception <a 'java/lang/IncompatibleClassChangeError'{0x0000000702b5e578}: Found class java.lang.Object, but interface was expected> (0x0000000702b5e578) 
thrown [s\src\hotspot\share\interpreter\linkResolver.cpp, line 840]
Event: 176.353 Thread 0x000001e38e033bb0 Exception <a 'java/lang/IncompatibleClassChangeError'{0x0000000702b949b0}: Found class java.lang.Object, but interface was expected> (0x0000000702b949b0) 
thrown [s\src\hotspot\share\interpreter\linkResolver.cpp, line 840]
Event: 176.556 Thread 0x000001e38e033bb0 Exception <a 'java/lang/NoSuchMethodError'{0x00000007028924d8}: 'long java.lang.invoke.DirectMethodHandle$Holder.invokeSpecial(java.lang.Object, java.lang.Object)'> (0x00000007028924d8) 
thrown [s\src\hotspot\share\interpreter\linkResolver.cpp, line 773]
Event: 176.556 Thread 0x000001e38e033bb0 Exception <a 'java/lang/NoSuchMethodError'{0x0000000702895f10}: 'long java.lang.invoke.Invokers$Holder.invokeExact_MT(java.lang.Object, java.lang.Object)'> (0x0000000702895f10) 
thrown [s\src\hotspot\share\interpreter\linkResolver.cpp, line 773]
Event: 178.566 Thread 0x000001e38e032170 Exception <a 'java/lang/NoSuchMethodError'{0x00000007024362b8}: static Lorg/gradle/tooling/internal/provider/serialization/ClassLoaderDetails;.<clinit>()V> (0x00000007024362b8) 
thrown [s\src\hotspot\share\prims\jni.cpp, line 1111]
Event: 178.620 Thread 0x000001e38e032170 Exception <a 'java/lang/NoSuchMethodError'{0x0000000702449c18}: static Lorg/gradle/tooling/internal/provider/serialization/WellKnownClassLoaderRegistry$KnownClassLoaderSpec;.<clinit>()V> (0x0000000702449c18) 
thrown [s\src\hotspot\share\prims\jni.cpp, line 1111]
Event: 178.621 Thread 0x000001e38e032170 Exception <a 'java/lang/NoSuchMethodError'{0x000000070244b570}: static Lorg/gradle/internal/classloader/ClassLoaderSpec;.<clinit>()V> (0x000000070244b570) 
thrown [s\src\hotspot\share\prims\jni.cpp, line 1111]
Event: 178.684 Thread 0x000001e38e032170 Exception <a 'java/lang/NoSuchMethodError'{0x000000070245e780}: static Lorg/gradle/internal/classloader/ClassLoaderSpec;.<clinit>()V> (0x000000070245e780) 
thrown [s\src\hotspot\share\prims\jni.cpp, line 1111]
Event: 178.687 Thread 0x000001e38e032170 Exception <a 'java/lang/NoSuchMethodError'{0x000000070246ad58}: static Lorg/gradle/internal/classloader/VisitableURLClassLoader$Spec;.<clinit>()V> (0x000000070246ad58) 
thrown [s\src\hotspot\share\prims\jni.cpp, line 1111]
Event: 252.190 Thread 0x000001e348745de0 Exception <a 'java/lang/IncompatibleClassChangeError'{0x0000000704c62918}: Found class java.lang.Object, but interface was expected> (0x0000000704c62918) 
thrown [s\src\hotspot\share\interpreter\linkResolver.cpp, line 840]
Event: 310.196 Thread 0x000001e348743d10 Implicit null exception at 0x000001e339175181 to 0x000001e33917581c
Event: 310.229 Thread 0x000001e348745de0 Exception <a 'java/lang/NoSuchMethodError'{0x0000000704221e78}: 'java.lang.Object java.lang.invoke.DirectMethodHandle$Holder.newInvokeSpecial(java.lang.Object, java.lang.Object, long)'> (0x0000000704221e78) 
thrown [s\src\hotspot\share\interpreter\linkResolver.cpp, line 773]
Event: 310.243 Thread 0x000001e348745de0 Exception <a 'java/lang/NoSuchMethodError'{0x0000000704226220}: 'java.lang.Object java.lang.invoke.Invokers$Holder.linkToTargetMethod(java.lang.Object, long, java.lang.Object)'> (0x0000000704226220) 
thrown [s\src\hotspot\share\interpreter\linkResolver.cpp, line 773]
Event: 310.283 Thread 0x000001e348743d10 Implicit null exception at 0x000001e3391b2e2f to 0x000001e3391b35b4
Event: 315.285 Thread 0x000001e348745de0 Exception <a 'java/lang/NoSuchMethodError'{0x00000007040fe080}: 'int java.lang.invoke.DirectMethodHandle$Holder.invokeInterface(java.lang.Object, java.lang.Object)'> (0x00000007040fe080) 
thrown [s\src\hotspot\share\interpreter\linkResolver.cpp, line 773]
Event: 316.642 Thread 0x000001e348745de0 Exception <a 'java/lang/NoSuchMethodError'{0x00000007041899f0}: 'java.lang.Object java.lang.invoke.DirectMethodHandle$Holder.invokeVirtual(java.lang.Object, java.lang.Object, int)'> (0x00000007041899f0) 
thrown [s\src\hotspot\share\interpreter\linkResolver.cpp, line 773]

ZGC Phase Switch (0 events):
No events

VM Operations (20 events):
Event: 317.281 Executing safepoint VM operation: Cleanup
Event: 317.297 Executing safepoint VM operation: Cleanup done
Event: 318.301 Executing safepoint VM operation: Cleanup
Event: 318.301 Executing safepoint VM operation: Cleanup done
Event: 322.324 Executing safepoint VM operation: Cleanup
Event: 322.339 Executing safepoint VM operation: Cleanup done
Event: 323.350 Executing safepoint VM operation: Cleanup
Event: 323.365 Executing safepoint VM operation: Cleanup done
Event: 332.434 Executing safepoint VM operation: Cleanup
Event: 332.449 Executing safepoint VM operation: Cleanup done
Event: 333.453 Executing safepoint VM operation: Cleanup
Event: 333.453 Executing safepoint VM operation: Cleanup done
Event: 344.521 Executing safepoint VM operation: Cleanup
Event: 344.521 Executing safepoint VM operation: Cleanup done
Event: 358.628 Executing safepoint VM operation: Cleanup
Event: 358.628 Executing safepoint VM operation: Cleanup done
Event: 387.849 Executing safepoint VM operation: Cleanup
Event: 387.849 Executing safepoint VM operation: Cleanup done
Event: 388.863 Executing safepoint VM operation: Cleanup
Event: 388.863 Executing safepoint VM operation: Cleanup done

Memory protections (0 events):
No events

Nmethod flushes (0 events):
No events

Events (20 events):
Event: 177.484 Thread 0x000001e348745de0 Thread exited: 0x000001e348745de0
Event: 177.494 Thread 0x000001e3487443a0 Thread exited: 0x000001e3487443a0
Event: 178.798 Thread 0x000001e38e032170 Thread added: 0x000001e348743680
Event: 178.804 Thread 0x000001e38e033520 Thread exited: 0x000001e38e033520
Event: 178.949 Thread 0x000001e38e032800 Thread exited: 0x000001e38e032800
Event: 237.544 Thread 0x000001e38e033bb0 Thread exited: 0x000001e38e033bb0
Event: 238.966 Thread 0x000001e38e032170 Thread exited: 0x000001e38e032170
Event: 238.982 Thread 0x000001e348743680 Thread exited: 0x000001e348743680
Event: 239.075 Thread 0x000001e348744a30 Thread exited: 0x000001e348744a30
Event: 246.391 Thread 0x000001e38e034f60 Thread added: 0x000001e3487443a0
Event: 246.403 Thread 0x000001e3487443a0 Thread added: 0x000001e348743680
Event: 246.508 Thread 0x000001e3487443a0 Thread added: 0x000001e348745750
Event: 246.627 Thread 0x000001e3487443a0 Thread added: 0x000001e348745de0
Event: 246.810 Thread 0x000001e348745de0 Thread added: 0x000001e348747820
Event: 247.181 Thread 0x000001e348745de0 Thread added: 0x000001e348747eb0
Event: 247.213 Thread 0x000001e348745de0 Thread added: 0x000001e348744a30
Event: 248.971 Thread 0x000001e348745de0 Thread added: 0x000001e348748540
Event: 249.970 Thread 0x000001e348745de0 Thread added: 0x000001e348748bd0
Event: 308.947 Thread 0x000001e348746470 Thread added: 0x000001e34874a610
Event: 387.070 Thread 0x000001e34874a610 Thread exited: 0x000001e34874a610


Dynamic libraries:
0x00007ff7e88c0000 - 0x00007ff7e88ce000 	C:\Users\NAGARAJU\.antigravity-ide\extensions\redhat.java-1.56.0-win32-x64\jre\21.0.12.1-win32-x86_64\bin\java.exe
0x00007ff9a5f00000 - 0x00007ff9a6166000 	C:\WINDOWS\SYSTEM32\ntdll.dll
0x00007ff9a4c70000 - 0x00007ff9a4d39000 	C:\WINDOWS\System32\KERNEL32.DLL
0x00007ff9a3390000 - 0x00007ff9a378f000 	C:\WINDOWS\System32\KERNELBASE.dll
0x00007ff9a38d0000 - 0x00007ff9a3a1c000 	C:\WINDOWS\System32\ucrtbase.dll
0x00007ff972400000 - 0x00007ff972418000 	C:\Users\NAGARAJU\.antigravity-ide\extensions\redhat.java-1.56.0-win32-x64\jre\21.0.12.1-win32-x86_64\bin\jli.dll
0x00007ff9a4dd0000 - 0x00007ff9a4f96000 	C:\WINDOWS\System32\USER32.dll
0x00007ff9a3110000 - 0x00007ff9a3137000 	C:\WINDOWS\System32\win32u.dll
0x00007ff974f70000 - 0x00007ff974f8e000 	C:\Users\NAGARAJU\.antigravity-ide\extensions\redhat.java-1.56.0-win32-x64\jre\21.0.12.1-win32-x86_64\bin\VCRUNTIME140.dll
0x00007ff9a3d30000 - 0x00007ff9a3d5b000 	C:\WINDOWS\System32\GDI32.dll
0x00007ff9a37a0000 - 0x00007ff9a38c9000 	C:\WINDOWS\System32\gdi32full.dll
0x00007ff9a3a30000 - 0x00007ff9a3ad3000 	C:\WINDOWS\System32\msvcp_win.dll
0x00007ff98c800000 - 0x00007ff98ca91000 	C:\WINDOWS\WinSxS\amd64_microsoft.windows.common-controls_6595b64144ccf1df_6.0.26100.8972_none_3e0da176e32f9d4b\COMCTL32.dll
0x00007ff9a4ae0000 - 0x00007ff9a4b89000 	C:\WINDOWS\System32\msvcrt.dll
0x00007ff9a54a0000 - 0x00007ff9a54d2000 	C:\WINDOWS\System32\IMM32.DLL
0x00007ff9992b0000 - 0x00007ff9992bc000 	C:\Users\NAGARAJU\.antigravity-ide\extensions\redhat.java-1.56.0-win32-x64\jre\21.0.12.1-win32-x86_64\bin\vcruntime140_1.dll
0x00007ff925740000 - 0x00007ff9257cd000 	C:\Users\NAGARAJU\.antigravity-ide\extensions\redhat.java-1.56.0-win32-x64\jre\21.0.12.1-win32-x86_64\bin\msvcp140.dll
0x00007ff8fcc20000 - 0x00007ff8fd9c2000 	C:\Users\NAGARAJU\.antigravity-ide\extensions\redhat.java-1.56.0-win32-x64\jre\21.0.12.1-win32-x86_64\bin\server\jvm.dll
0x00007ff9a3f30000 - 0x00007ff9a3fec000 	C:\WINDOWS\System32\ADVAPI32.dll
0x00007ff9a4b90000 - 0x00007ff9a4c3a000 	C:\WINDOWS\System32\sechost.dll
0x00007ff9a3d60000 - 0x00007ff9a3e78000 	C:\WINDOWS\System32\RPCRT4.dll
0x00007ff9a4d40000 - 0x00007ff9a4dc2000 	C:\WINDOWS\System32\WS2_32.dll
0x00007ff99c510000 - 0x00007ff99c546000 	C:\WINDOWS\SYSTEM32\WINMM.dll
0x00007ff99c550000 - 0x00007ff99c55b000 	C:\WINDOWS\SYSTEM32\VERSION.dll
0x00007ff9a2f70000 - 0x00007ff9a2fce000 	C:\WINDOWS\SYSTEM32\POWRPROF.dll
0x00007ff9a2f50000 - 0x00007ff9a2f65000 	C:\WINDOWS\SYSTEM32\UMPDC.dll
0x00007ff9a1e00000 - 0x00007ff9a1e1b000 	C:\WINDOWS\SYSTEM32\kernel.appcore.dll
0x00007ff972540000 - 0x00007ff97254a000 	C:\Users\NAGARAJU\.antigravity-ide\extensions\redhat.java-1.56.0-win32-x64\jre\21.0.12.1-win32-x86_64\bin\jimage.dll
0x00007ff997ba0000 - 0x00007ff997de2000 	C:\WINDOWS\SYSTEM32\DBGHELP.DLL
0x00007ff9a5110000 - 0x00007ff9a5495000 	C:\WINDOWS\System32\combase.dll
0x00007ff9a47a0000 - 0x00007ff9a4879000 	C:\WINDOWS\System32\OLEAUT32.dll
0x00007ff981b60000 - 0x00007ff981b9b000 	C:\WINDOWS\SYSTEM32\dbgcore.DLL
0x00007ff9a32d0000 - 0x00007ff9a337c000 	C:\WINDOWS\System32\bcryptPrimitives.dll
0x00007ff9395e0000 - 0x00007ff9395ef000 	C:\Users\NAGARAJU\.antigravity-ide\extensions\redhat.java-1.56.0-win32-x64\jre\21.0.12.1-win32-x86_64\bin\instrument.dll
0x00007ff95a160000 - 0x00007ff95a180000 	C:\Users\NAGARAJU\.antigravity-ide\extensions\redhat.java-1.56.0-win32-x64\jre\21.0.12.1-win32-x86_64\bin\java.dll
0x00007ff9a5730000 - 0x00007ff9a5eb8000 	C:\WINDOWS\System32\SHELL32.dll
0x00007ff9a0be0000 - 0x00007ff9a147b000 	C:\WINDOWS\SYSTEM32\windows.storage.dll
0x00007ff9a54e0000 - 0x00007ff9a55d9000 	C:\WINDOWS\System32\SHCORE.dll
0x00007ff9a4580000 - 0x00007ff9a45e6000 	C:\WINDOWS\System32\shlwapi.dll
0x00007ff9a3030000 - 0x00007ff9a3059000 	C:\WINDOWS\SYSTEM32\profapi.dll
0x00007ff9395f0000 - 0x00007ff939608000 	C:\Users\NAGARAJU\.antigravity-ide\extensions\redhat.java-1.56.0-win32-x64\jre\21.0.12.1-win32-x86_64\bin\zip.dll
0x00007ff9395d0000 - 0x00007ff9395e0000 	C:\Users\NAGARAJU\.antigravity-ide\extensions\redhat.java-1.56.0-win32-x64\jre\21.0.12.1-win32-x86_64\bin\net.dll
0x00007ff998de0000 - 0x00007ff998f08000 	C:\WINDOWS\SYSTEM32\WINHTTP.dll
0x00007ff9a23b0000 - 0x00007ff9a241c000 	C:\WINDOWS\system32\mswsock.dll
0x00007ff925720000 - 0x00007ff925736000 	C:\Users\NAGARAJU\.antigravity-ide\extensions\redhat.java-1.56.0-win32-x64\jre\21.0.12.1-win32-x86_64\bin\nio.dll
0x00007ff925b90000 - 0x00007ff925ba0000 	C:\Users\NAGARAJU\.antigravity-ide\extensions\redhat.java-1.56.0-win32-x64\jre\21.0.12.1-win32-x86_64\bin\verify.dll
0x00007ff925bf0000 - 0x00007ff925c17000 	C:\Users\NAGARAJU\.gradle\native\1def1411415f61bf3af743bc5b6707747c0891f09f0c88961ee8f79bc544acac\windows-amd64\native-platform.dll
0x00007ff974fb0000 - 0x00007ff975028000 	C:\Users\NAGARAJU\.gradle\native\0.2.7\x86_64-windows-gnu\gradle-fileevents.dll
0x00007ff920130000 - 0x00007ff92013a000 	C:\Users\NAGARAJU\.antigravity-ide\extensions\redhat.java-1.56.0-win32-x64\jre\21.0.12.1-win32-x86_64\bin\management.dll
0x00007ff920120000 - 0x00007ff92012c000 	C:\Users\NAGARAJU\.antigravity-ide\extensions\redhat.java-1.56.0-win32-x64\jre\21.0.12.1-win32-x86_64\bin\management_ext.dll
0x00007ff9a4c60000 - 0x00007ff9a4c68000 	C:\WINDOWS\System32\PSAPI.DLL
0x00007ff9a17d0000 - 0x00007ff9a1803000 	C:\WINDOWS\SYSTEM32\IPHLPAPI.DLL
0x00007ff9a3c30000 - 0x00007ff9a3c3a000 	C:\WINDOWS\System32\NSI.dll
0x00007ff916eb0000 - 0x00007ff916eb9000 	C:\Users\NAGARAJU\.antigravity-ide\extensions\redhat.java-1.56.0-win32-x64\jre\21.0.12.1-win32-x86_64\bin\extnet.dll
0x00007ff9a26a0000 - 0x00007ff9a26bb000 	C:\WINDOWS\SYSTEM32\CRYPTSP.dll
0x00007ff9a1d60000 - 0x00007ff9a1d99000 	C:\WINDOWS\system32\rsaenh.dll
0x00007ff9a2460000 - 0x00007ff9a2492000 	C:\WINDOWS\SYSTEM32\USERENV.dll
0x00007ff9a3000000 - 0x00007ff9a302a000 	C:\WINDOWS\SYSTEM32\bcrypt.dll
0x00007ff9a26c0000 - 0x00007ff9a26cc000 	C:\WINDOWS\SYSTEM32\CRYPTBASE.dll
0x00007ff916b00000 - 0x00007ff916b0e000 	C:\Users\NAGARAJU\.antigravity-ide\extensions\redhat.java-1.56.0-win32-x64\jre\21.0.12.1-win32-x86_64\bin\sunmscapi.dll
0x00007ff9a3140000 - 0x00007ff9a32be000 	C:\WINDOWS\System32\CRYPT32.dll
0x00007ff9a28e0000 - 0x00007ff9a2910000 	C:\WINDOWS\SYSTEM32\ncrypt.dll
0x00007ff9a2890000 - 0x00007ff9a28cf000 	C:\WINDOWS\SYSTEM32\NTASN1.dll
0x00007ff90fe20000 - 0x00007ff90fe28000 	C:\WINDOWS\system32\wshunix.dll

JVMTI agents:
C:\Users\NAGARAJU\.gradle\wrapper\dists\gradle-8.14.1-bin\baw1sv0jfoi8rxs14qo3h49cs\gradle-8.14.1\lib\agents\gradle-instrumentation-agent-8.14.1.jar path:C:\Users\NAGARAJU\.antigravity-ide\extensions\redhat.java-1.56.0-win32-x64\jre\21.0.12.1-win32-x86_64\bin\instrument.dll, loaded, initialized, instrumentlib options:none

dbghelp: loaded successfully - version: 4.0.5 - missing functions: none
symbol engine: initialized successfully - sym options: 0x614 - pdb path: .;C:\Users\NAGARAJU\.antigravity-ide\extensions\redhat.java-1.56.0-win32-x64\jre\21.0.12.1-win32-x86_64\bin;C:\WINDOWS\SYSTEM32;C:\WINDOWS\WinSxS\amd64_microsoft.windows.common-controls_6595b64144ccf1df_6.0.26100.8972_none_3e0da176e32f9d4b;C:\Users\NAGARAJU\.antigravity-ide\extensions\redhat.java-1.56.0-win32-x64\jre\21.0.12.1-win32-x86_64\bin\server;C:\Users\NAGARAJU\.gradle\native\1def1411415f61bf3af743bc5b6707747c0891f09f0c88961ee8f79bc544acac\windows-amd64;C:\Users\NAGARAJU\.gradle\native\0.2.7\x86_64-windows-gnu

VM Arguments:
jvm_args: --add-opens=java.base/java.lang=ALL-UNNAMED --add-opens=java.base/java.lang.invoke=ALL-UNNAMED --add-opens=java.base/java.util=ALL-UNNAMED --add-opens=java.prefs/java.util.prefs=ALL-UNNAMED --add-exports=jdk.compiler/com.sun.tools.javac.api=ALL-UNNAMED --add-exports=jdk.compiler/com.sun.tools.javac.util=ALL-UNNAMED --add-opens=java.base/java.util=ALL-UNNAMED --add-opens=java.prefs/java.util.prefs=ALL-UNNAMED --add-opens=java.base/java.nio.charset=ALL-UNNAMED --add-opens=java.base/java.net=ALL-UNNAMED --add-opens=java.base/java.util.concurrent.atomic=ALL-UNNAMED --add-opens=java.xml/javax.xml.namespace=ALL-UNNAMED -Xmx4096m -Dfile.encoding=UTF-8 -Duser.country=IN -Duser.language=en -Duser.variant -javaagent:C:\Users\NAGARAJU\.gradle\wrapper\dists\gradle-8.14.1-bin\baw1sv0jfoi8rxs14qo3h49cs\gradle-8.14.1\lib\agents\gradle-instrumentation-agent-8.14.1.jar 
java_command: org.gradle.launcher.daemon.bootstrap.GradleDaemon 8.14.1
java_class_path (initial): C:\Users\NAGARAJU\.gradle\wrapper\dists\gradle-8.14.1-bin\baw1sv0jfoi8rxs14qo3h49cs\gradle-8.14.1\lib\gradle-daemon-main-8.14.1.jar
Launcher Type: SUN_STANDARD

[Global flags]
     intx CICompilerCount                          = 4                                         {product} {ergonomic}
     uint ConcGCThreads                            = 2                                         {product} {ergonomic}
     uint G1ConcRefinementThreads                  = 8                                         {product} {ergonomic}
   size_t G1HeapRegionSize                         = 2097152                                   {product} {ergonomic}
    uintx GCDrainStackTargetSize                   = 64                                        {product} {ergonomic}
   size_t InitialHeapSize                          = 123731968                                 {product} {ergonomic}
   size_t MarkStackSize                            = 4194304                                   {product} {ergonomic}
   size_t MaxHeapSize                              = 4294967296                                {product} {command line}
   size_t MaxNewSize                               = 2575302656                                {product} {ergonomic}
   size_t MinHeapDeltaBytes                        = 2097152                                   {product} {ergonomic}
   size_t MinHeapSize                              = 8388608                                   {product} {ergonomic}
    uintx NonNMethodCodeHeapSize                   = 5839372                                {pd product} {ergonomic}
    uintx NonProfiledCodeHeapSize                  = 122909434                              {pd product} {ergonomic}
    uintx ProfiledCodeHeapSize                     = 122909434                              {pd product} {ergonomic}
    uintx ReservedCodeCacheSize                    = 251658240                              {pd product} {ergonomic}
     bool SegmentedCodeCache                       = true                                      {product} {ergonomic}
   size_t SoftMaxHeapSize                          = 4294967296                             {manageable} {ergonomic}
     bool UseCompressedOops                        = true                           {product lp64_product} {ergonomic}
     bool UseG1GC                                  = true                                      {product} {ergonomic}
     bool UseLargePagesIndividualAllocation        = false                                  {pd product} {ergonomic}

Logging:
Log output configuration:
 #0: stdout all=warning uptime,level,tags foldmultilines=false
 #1: stderr all=off uptime,level,tags foldmultilines=false

Release file:
JAVA_VERSION="21.0.12.1" 
MODULES="java.base java.compiler java.datatransfer java.xml java.prefs java.desktop java.instrument java.logging java.management java.security.sasl java.naming java.rmi java.management.rmi java.net.http java.scripting java.security.jgss java.transaction.xa java.sql java.sql.rowset java.xml.crypto java.se java.smartcardio jdk.accessibility jdk.internal.jvmstat jdk.attach jdk.charsets jdk.internal.opt jdk.zipfs jdk.compiler jdk.crypto.ec jdk.crypto.cryptoki jdk.crypto.mscapi jdk.dynalink jdk.internal.ed jdk.editpad jdk.hotspot.agent jdk.httpserver jdk.internal.le jdk.internal.vm.ci jdk.internal.vm.compiler jdk.internal.vm.compiler.management jdk.jartool jdk.javadoc jdk.jcmd jdk.management jdk.management.agent jdk.jconsole jdk.jdeps jdk.jdwp.agent jdk.jdi jdk.jfr jdk.jshell jdk.jsobject jdk.jstatd jdk.localedata jdk.management.jfr jdk.naming.dns jdk.naming.rmi jdk.net jdk.nio.mapmode jdk.random jdk.sctp jdk.security.auth jdk.security.jgss jdk.unsupported jdk.unsupported.desktop jdk.xml.dom" 

Environment Variables:
JAVA_HOME=C:\Program Files\Eclipse Adoptium\jdk-21.0.11.10-hotspot
PATH=C:\Program Files\Eclipse Adoptium\jdk-21.0.11.10-hotspot\bin;C:\Program Files\Eclipse Adoptium\jdk-11.0.26.4-hotspot\bin;C:\Program Files\Eclipse Adoptium\jdk-17.0.14.7-hotspot\bin;C:\Program Files\Java\jdk-17\bin;C:\Program Files\nodejs;E:\Android\Sdk\platform-tools;E:\Android\Sdk\emulator;E:\Android\Sdk\cmdline-tools\latest\bin;C:\Users\NAGARAJU\AppData\Local\Android\Sdk\platform-tools;C:\Users\NAGARAJU\AppData\Local\Android\Sdk\emulator;C:\Users\NAGARAJU\AppData\Local\Android\Sdk\cmdline-tools\latest\bin;C:\Program Files\Eclipse Adoptium\jdk-21.0.11.10-hotspot\bin;C:\Program Files\Eclipse Adoptium\jdk-11.0.26.4-hotspot\bin;C:\Program Files\Eclipse Adoptium\jdk-17.0.14.7-hotspot\bin;C:\Program Files\Java\jdk-17\bin;C:\Program Files\nodejs;E:\Android\Sdk\platform-tools;E:\Android\Sdk\emulator;E:\Android\Sdk\cmdline-tools\latest\bin;C:\Users\NAGARAJU\AppData\Local\Android\Sdk\platform-tools;C:\Users\NAGARAJU\AppData\Local\Android\Sdk\emulator;C:\Users\NAGARAJU\AppData\Local\Android\Sdk\cmdline-tools\latest\bin;C:\Program Files\Eclipse Adoptium\jdk-21.0.11.10-hotspot\bin;C:\Program Files\Eclipse Adoptium\jdk-11.0.26.4-hotspot\bin;C:\Program Files\Eclipse Adoptium\jdk-17.0.14.7-hotspot\bin;C:\Program Files\Java\jdk-17\bin;C:\Program Files\nodejs;E:\Android\Sdk\platform-tools;E:\Android\Sdk\emulator;E:\Android\Sdk\cmdline-tools\latest\bin;C:\Users\NAGARAJU\AppData\Local\Android\Sdk\platform-tools;C:\Users\NAGARAJU\AppData\Local\Android\Sdk\emulator;C:\Users\NAGARAJU\AppData\Local\Android\Sdk\cmdline-tools\latest\bin;C:\WINDOWS\System32;C:\ProgramData\chocolatey\bin;C:\Program Files\nodejs\;C:\Program Files\Git\cmd;C:\Windows\System32;C:\Windows\System32\WindowsPowerShell\v1.0;C:\Windows\System32\OpenSSH;C:\Windows\System32\WindowsPowerShell\v1.0\;C:\Users\NAGARAJU\Downloads\stripe_1.30.0_windows_x86_64;C:\WINDOWS\system32;C:\WINDOWS;C:\WINDOWS\System32\Wbem;C:\WINDOWS\System32\WindowsPowerShell\v1.0\;C:\WINDOWS\System32\OpenSSH\;C:\ProgramData\chocolatey\bin;C:\Program Files\nodejs\;C:\Program Files\Git\cmd;C:\Windows\System32;C:\Windows\System32\WindowsPowerShell\v1.0;C:\Windows\System32\OpenSSH;C:\Windows\System32\WindowsPowerShell\v1.0\;C:\Users\NAGARAJU\Downloads\stripe_1.30.0_windows_x86_64;C:\WINDOWS\system32;C:\WINDOWS;C:\WINDOWS\System32\Wbem;C:\WINDOWS\System32\WindowsPowerShell\v1.0\;C:\WINDOWS\System32\OpenSSH\;C:\ProgramData\chocolatey\bin;C:\Program Files\nodejs\;C:\Program Files\Git\cmd;C:\Windows\System32;C:\Windows\System32\WindowsPowerShell\v1.0;C:\Windows\System32\OpenSSH;C:\Windows\System32\WindowsPowerShell\v1.0\;C:\Users\NAGARAJU\Downloads\stripe_1.30.0_windows_x86_64;C:\WINDOWS\system32;C:\WINDOWS;C:\WINDOWS\System32\Wbem;C:\WINDOWS\System32\WindowsPowerShell\v1.0\;C:\WINDOWS\System32\OpenSSH\;C:\Program Files\Eclipse Adoptium\jdk-21.0.11.10-hotspot\bin;C:\Program Files\Eclipse Adoptium\jdk-11.0.26.4-hotspot\bin;C:\Program Files\Eclipse Adoptium\jdk-17.0.14.7-hotspot\bin;C:\Program Files\Java\jdk-17\bin;C:\Program Files\nodejs;E:\Android\Sdk\platform-tools;E:\Android\Sdk\emulator;E:\Android\Sdk\cmdline-tools\latest\bin;C:\Users\NAGARAJU\AppData\Local\Android\Sdk\platform-tools;C:\Users\NAGARAJU\AppData\Local\Android\Sdk\emulator;C:\Users\NAGARAJU\AppData\Local\Android\Sdk\cmdline-tools\latest\bin;C:\Program Files\Eclipse Adoptium\jdk-21.0.11.10-hotspot\bin;C:\Program Files\Eclipse Adoptium\jdk-11.0.26.4-hotspot\bin;C:\Program Files\Eclipse Adoptium\jdk-17.0.14.7-hotspot\bin;C:\Program Files\Java\jdk-17\bin;C:\Program Files\nodejs;E:\Android\Sdk\platform-tools;E:\Android\Sdk\emulator;E:\Android\Sdk\cmdline-tools\latest\bin;C:\Users\NAGARAJU\AppData\Local\Android\Sdk\platform-tools;C:\Users\NAGARAJU\AppData\Local\Android\Sdk\emulator;C:\Users\NAGARAJU\AppData\Local\Android\Sdk\cmdline-tools\latest\bin;C:\Program Files\Eclipse Adoptium\jdk-21.0.11.10-hotspot\bin;C:\Program Files\Eclipse Adoptium\jdk-11.0.26.4-hotspot\bin;C:\Program Files\Eclipse Adoptium\jdk-17.0.14.7-hotspot\bin;C:\Program Files\Java\jdk-17\bin;C:\Program Files\nodejs;E:\Android\Sdk\platform-tools;E:\Android\Sdk\emulator;E:\Android\Sdk\cmdline-tools\latest\bin;C:\Users\NAGARAJU\AppData\Local\Android\Sdk\platform-tools;C:\Users\NAGARAJU\AppData\Local\Android\Sdk\emulator;C:\Users\NAGARAJU\AppData\Local\Android\Sdk\cmdline-tools\latest\bin;C:\WINDOWS\System32;C:\ProgramData\chocolatey\bin;C:\Program Files\nodejs\;C:\Program Files\Git\cmd;C:\Windows\System32;C:\Windows\System32\WindowsPowerShell\v1.0;C:\Windows\System32\OpenSSH;C:\Windows\System32\WindowsPowerShell\v1.0\;C:\Users\NAGARAJU\Downloads\stripe_1.30.0_windows_x86_64;C:\WINDOWS\system32;C:\WINDOWS;C:\WINDOWS\System32\Wbem;C:\WINDOWS\System32\WindowsPowerShell\v1.0\;C:\WINDOWS\System32\OpenSSH\;C:\ProgramData\chocolatey\bin;C:\Program Files\nodejs\;C:\Program Files\Git\cmd;C:\Windows\System32;C:\Windows\System32\WindowsPowerShell\v1.0;C:\Windows\System32\OpenSSH;C:\Windows\System32\WindowsPowerShell\v1.0\;C:\Users\NAGARAJU\Downloads\stripe_1.30.0_windows_x86_64;C:\WINDOWS\system32;C:\WINDOWS;C:\WINDOWS\System32\Wbem;C:\WINDOWS\System32\WindowsPowerShell\v1.0\;C:\WINDOWS\System32\OpenSSH\;C:\ProgramData\chocolatey\bin;C:\Program Files\nodejs\;C:\Program Files\Git\cmd;C:\Windows\System32;C:\Windows\System32\WindowsPowerShell\v1.0;C:\Windows\System32\OpenSSH;C:\Windows\System32\WindowsPowerShell\v1.0\;C:\Users\NAGARAJU\Downloads\stripe_1.30.0_windows_x86_64;C:\WINDOWS\system32;C:\WINDOWS;C:\WINDOWS\System32\Wbem;C:\WINDOWS\System32\WindowsPowerShell\v1.0\;C:\WINDOWS\System32\OpenSSH\;C:\Users\NAGARAJU\AppData\Local\Android\Sdk\platform-tools;C:\Users\NAGARAJU\AppData\Local\Android\Sdk\cmdline-tools\latest\bin;C:\Users\NAGARAJU\AppData\Roaming\npm;C:\Users\NAGARAJU\AppData\Local\Programs\Microsoft VS Code\bin;C:\Users\NAGARAJU\AppData\Local\Programs\Antigravity IDE\bin;C:\Users\NAGARAJU\AppData\Local\Microsoft\WindowsApps;C:\Users\NAGARAJU\AppData\Local\Kingsoft\WPS Office\12.1.0.27458\clitool
USERNAME=NAGARAJU
OS=Windows_NT
PROCESSOR_IDENTIFIER=AMD64 Family 23 Model 104 Stepping 1, AuthenticAMD
TMP=C:\Users\NAGARAJU\AppData\Local\Temp
TEMP=C:\Users\NAGARAJU\AppData\Local\Temp




Periodic native trim disabled

---------------  S Y S T E M  ---------------

OS:
 Windows 11 , 64 bit Build 26100 (10.0.26100.9168)
OS uptime: 0 days 1:10 hours

CPU: total 8 (initial active 8) (8 cores per cpu, 2 threads per core) family 23 model 104 stepping 1 microcode 0x8608109, cx8, cmov, fxsr, ht, mmx, 3dnowpref, sse, sse2, sse3, ssse3, sse4a, sse4.1, sse4.2, popcnt, lzcnt, tsc, tscinvbit, avx, avx2, aes, clmul, bmi1, bmi2, adx, sha, fma, vzeroupper, clflush, clflushopt, rdtscp, rdpid, f16c
Processor Information for the first 8 processors :
  Max Mhz: 2600, Current Mhz: 1514, Mhz Limit: 1508

Memory: 4k page, system-wide physical 7502M (297M free)
TotalPageFile size 40270M (AvailPageFile size 153M)
current process WorkingSet (physical memory assigned to process): 22M, peak: 137M
current process commit charge ("private bytes"): 240M, peak: 273M

vm_info: OpenJDK 64-Bit Server VM (21.0.12.1+1-LTS) for windows-amd64 JRE (21.0.12.1+1-LTS), built on 2026-08-18T00:00:00Z by "admin" with MS VC++ 17.12 (VS2022)

END.
