#
# There is insufficient memory for the Java Runtime Environment to continue.
# Native memory allocation (malloc) failed to allocate 310832 bytes. Error detail: Chunk::new
# Possible reasons:
#   The system is out of physical RAM or swap space
#   This process is running with CompressedOops enabled, and the Java Heap may be blocking the growth of the native heap
# Possible solutions:
#   Reduce memory load on the system
#   Increase physical memory or swap space
#   Check if swap backing store is full
#   Decrease Java heap size (-Xmx/-Xms)
#   Decrease number of Java threads
#   Decrease Java thread stack sizes (-Xss)
#   Set larger code cache with -XX:ReservedCodeCacheSize=
#   JVM is running with Zero Based Compressed Oops mode in which the Java heap is
#     placed in the first 32GB address space. The Java Heap base address is the
#     maximum limit for the native heap growth. Please use -XX:HeapBaseMinAddress
#     to set the Java Heap base and to place the Java Heap above 32GB virtual address.
# This output file may be truncated or incomplete.
#
#  Out of Memory Error (arena.cpp:168), pid=34484, tid=25952
#
# JRE version: OpenJDK Runtime Environment Temurin-21.0.12.1+1 (21.0.12.1+1) (build 21.0.12.1+1-LTS)
# Java VM: OpenJDK 64-Bit Server VM Temurin-21.0.12.1+1 (21.0.12.1+1-LTS, mixed mode, sharing, tiered, compressed oops, compressed class ptrs, g1 gc, windows-amd64)
# No core dump will be written. Minidumps are not enabled by default on client versions of Windows
#

---------------  S U M M A R Y ------------

Command Line: --add-opens=java.base/java.lang=ALL-UNNAMED --add-opens=java.base/java.lang.invoke=ALL-UNNAMED --add-opens=java.base/java.util=ALL-UNNAMED --add-opens=java.prefs/java.util.prefs=ALL-UNNAMED --add-exports=jdk.compiler/com.sun.tools.javac.api=ALL-UNNAMED --add-exports=jdk.compiler/com.sun.tools.javac.util=ALL-UNNAMED --add-opens=java.base/java.util=ALL-UNNAMED --add-opens=java.prefs/java.util.prefs=ALL-UNNAMED --add-opens=java.base/java.nio.charset=ALL-UNNAMED --add-opens=java.base/java.net=ALL-UNNAMED --add-opens=java.base/java.util.concurrent.atomic=ALL-UNNAMED --add-opens=java.xml/javax.xml.namespace=ALL-UNNAMED -Xmx4096m -Dfile.encoding=UTF-8 -Duser.country=IN -Duser.language=en -Duser.variant -javaagent:C:\Users\NAGARAJU\.gradle\wrapper\dists\gradle-8.14.1-bin\baw1sv0jfoi8rxs14qo3h49cs\gradle-8.14.1\lib\agents\gradle-instrumentation-agent-8.14.1.jar org.gradle.launcher.daemon.bootstrap.GradleDaemon 8.14.1

Host: AMD Ryzen 3 5300U with Radeon Graphics         , 8 cores, 7G,  Windows 11 , 64 bit Build 26100 (10.0.26100.9168)
Time: Wed Sep  9 16:15:08 2026 India Standard Time elapsed time: 193.797928 seconds (0d 0h 3m 13s)

---------------  T H R E A D  ---------------

Current thread (0x000001fcc6cba390):  JavaThread "C2 CompilerThread0" daemon [_thread_in_native, id=25952, stack(0x0000002101400000,0x0000002101500000) (1024K)]


Current CompileTask:
C2:193798 3946   !   4       java.util.zip.ZipFile::getInputStream (275 bytes)

Stack: [0x0000002101400000,0x0000002101500000]
Native frames: (J=compiled Java code, j=interpreted, Vv=VM code, C=native code)
V  [jvm.dll+0x6d83e9]
V  [jvm.dll+0x8b5736]
V  [jvm.dll+0x8b7cee]
V  [jvm.dll+0x8b83d3]
V  [jvm.dll+0x284596]
V  [jvm.dll+0xc685d]
V  [jvm.dll+0xc6da1]
V  [jvm.dll+0x3bf18b]
V  [jvm.dll+0x1e4149]
V  [jvm.dll+0x24c853]
V  [jvm.dll+0x24bce0]
V  [jvm.dll+0x1cb4ae]
V  [jvm.dll+0x25baad]
V  [jvm.dll+0x25a03a]
V  [jvm.dll+0x3f8aae]
V  [jvm.dll+0x8600cd]
V  [jvm.dll+0x6d6c1d]
C  [ucrtbase.dll+0x2cd30]
C  [KERNEL32.DLL+0x2ccb7]
C  [ntdll.dll+0xaad6c]


---------------  P R O C E S S  ---------------

Threads class SMR info:
_java_thread_list=0x000001fd0e016d70, length=29, elements={
0x000001fcaaab2d50, 0x000001fcc6cb00f0, 0x000001fcc6cb1870, 0x000001fcc6cb49b0,
0x000001fcc6cb5410, 0x000001fcc6cb5e70, 0x000001fcc6cb68d0, 0x000001fcc6cba390,
0x000001fcc6cbec80, 0x000001fd0c15dbc0, 0x000001fd0c23eb00, 0x000001fd0c82de80,
0x000001fd0cefee90, 0x000001fd0c4f1740, 0x000001fd0c83e220, 0x000001fd0dbad5a0,
0x000001fd0ce355d0, 0x000001fd0d018460, 0x000001fd0cfdb500, 0x000001fd0cfdbb90,
0x000001fd0cfda7e0, 0x000001fd0cfd9430, 0x000001fd0cfdc220, 0x000001fd0cfdae70,
0x000001fd0cfda150, 0x000001fd0cfd8da0, 0x000001fd0e1a3780, 0x000001fd0e1a0300,
0x000001fd0e1a1d40
}

Java Threads: ( => current thread )
  0x000001fcaaab2d50 JavaThread "main"                              [_thread_blocked, id=8932, stack(0x0000002100600000,0x0000002100700000) (1024K)]
  0x000001fcc6cb00f0 JavaThread "Reference Handler"          daemon [_thread_blocked, id=26368, stack(0x0000002100e00000,0x0000002100f00000) (1024K)]
  0x000001fcc6cb1870 JavaThread "Finalizer"                  daemon [_thread_blocked, id=28168, stack(0x0000002100f00000,0x0000002101000000) (1024K)]
  0x000001fcc6cb49b0 JavaThread "Signal Dispatcher"          daemon [_thread_blocked, id=28880, stack(0x0000002101000000,0x0000002101100000) (1024K)]
  0x000001fcc6cb5410 JavaThread "Attach Listener"            daemon [_thread_blocked, id=11448, stack(0x0000002101100000,0x0000002101200000) (1024K)]
  0x000001fcc6cb5e70 JavaThread "Service Thread"             daemon [_thread_blocked, id=30736, stack(0x0000002101200000,0x0000002101300000) (1024K)]
  0x000001fcc6cb68d0 JavaThread "Monitor Deflation Thread"   daemon [_thread_blocked, id=35312, stack(0x0000002101300000,0x0000002101400000) (1024K)]
=>0x000001fcc6cba390 JavaThread "C2 CompilerThread0"         daemon [_thread_in_native, id=25952, stack(0x0000002101400000,0x0000002101500000) (1024K)]
  0x000001fcc6cbec80 JavaThread "C1 CompilerThread0"         daemon [_thread_blocked, id=24108, stack(0x0000002101500000,0x0000002101600000) (1024K)]
  0x000001fd0c15dbc0 JavaThread "Common-Cleaner"             daemon [_thread_blocked, id=29360, stack(0x0000002101600000,0x0000002101700000) (1024K)]
  0x000001fd0c23eb00 JavaThread "Notification Thread"        daemon [_thread_blocked, id=27092, stack(0x0000002101700000,0x0000002101800000) (1024K)]
  0x000001fd0c82de80 JavaThread "Daemon health stats"               [_thread_blocked, id=36356, stack(0x0000002101c00000,0x0000002101d00000) (1024K)]
  0x000001fd0cefee90 JavaThread "Incoming local TCP Connector on port 59439"        [_thread_in_native, id=29088, stack(0x0000002101d00000,0x0000002101e00000) (1024K)]
  0x000001fd0c4f1740 JavaThread "Daemon periodic checks"            [_thread_blocked, id=18296, stack(0x0000002102100000,0x0000002102200000) (1024K)]
  0x000001fd0c83e220 JavaThread "Daemon"                            [_thread_blocked, id=29928, stack(0x0000002102200000,0x0000002102300000) (1024K)]
  0x000001fd0dbad5a0 JavaThread "Handler for socket connection from /127.0.0.1:59439 to /127.0.0.1:63930"        [_thread_in_native, id=16904, stack(0x0000002102300000,0x0000002102400000) (1024K)]
  0x000001fd0ce355d0 JavaThread "Cancel handler"                    [_thread_blocked, id=23632, stack(0x0000002102400000,0x0000002102500000) (1024K)]
  0x000001fd0d018460 JavaThread "Daemon worker"                     [_thread_in_native, id=10540, stack(0x0000002102500000,0x0000002102600000) (1024K)]
  0x000001fd0cfdb500 JavaThread "Asynchronous log dispatcher for DefaultDaemonConnection: socket connection from /127.0.0.1:59439 to /127.0.0.1:63930"        [_thread_blocked, id=33924, stack(0x0000002102600000,0x0000002102700000) (1024K)]
  0x000001fd0cfdbb90 JavaThread "Stdin handler"                     [_thread_blocked, id=11740, stack(0x0000002102700000,0x0000002102800000) (1024K)]
  0x000001fd0cfda7e0 JavaThread "Daemon client event forwarder"        [_thread_blocked, id=9020, stack(0x0000002102800000,0x0000002102900000) (1024K)]
  0x000001fd0cfd9430 JavaThread "Cache worker for journal cache (C:\Users\NAGARAJU\.gradle\caches\journal-1)"        [_thread_blocked, id=15300, stack(0x0000002102900000,0x0000002102a00000) (1024K)]
  0x000001fd0cfdc220 JavaThread "File lock request listener"        [_thread_in_native, id=29404, stack(0x0000002102a00000,0x0000002102b00000) (1024K)]
  0x000001fd0cfdae70 JavaThread "Cache worker for file hash cache (C:\Users\NAGARAJU\.gradle\caches\8.14.1\fileHashes)"        [_thread_blocked, id=29956, stack(0x0000002102d00000,0x0000002102e00000) (1024K)]
  0x000001fd0cfda150 JavaThread "File lock release action executor Thread 2"        [_thread_blocked, id=33524, stack(0x0000002100300000,0x0000002100400000) (1024K)]
  0x000001fd0cfd8da0 JavaThread "Cache worker for file hash cache (C:\zynnative\DocApp-CLI\android\.gradle\8.14.1\fileHashes)"        [_thread_blocked, id=21108, stack(0x0000002100500000,0x0000002100600000) (1024K)]
  0x000001fd0e1a3780 JavaThread "Cache worker for Build Output Cleanup Cache (C:\zynnative\DocApp-CLI\android\.gradle\buildOutputCleanup)"        [_thread_blocked, id=35152, stack(0x0000002102b00000,0x0000002102c00000) (1024K)]
  0x000001fd0e1a0300 JavaThread "File watcher server"        daemon [_thread_in_native, id=10832, stack(0x0000002102c00000,0x0000002102d00000) (1024K)]
  0x000001fd0e1a1d40 JavaThread "File watcher consumer"      daemon [_thread_blocked, id=21140, stack(0x0000002102e00000,0x0000002102f00000) (1024K)]
Total: 29

Other Threads:
  0x000001fcc6c94d90 VMThread "VM Thread"                           [id=19728, stack(0x0000002100d00000,0x0000002100e00000) (1024K)]
  0x000001fcc6c82280 WatcherThread "VM Periodic Task Thread"        [id=35572, stack(0x0000002100c00000,0x0000002100d00000) (1024K)]
  0x000001fcacdd4e70 WorkerThread "GC Thread#0"                     [id=1660, stack(0x0000002100700000,0x0000002100800000) (1024K)]
  0x000001fd0c326c80 WorkerThread "GC Thread#1"                     [id=28704, stack(0x0000002101800000,0x0000002101900000) (1024K)]
  0x000001fd0c26c040 WorkerThread "GC Thread#2"                     [id=21368, stack(0x0000002101900000,0x0000002101a00000) (1024K)]
  0x000001fd0c145840 WorkerThread "GC Thread#3"                     [id=24928, stack(0x0000002101a00000,0x0000002101b00000) (1024K)]
  0x000001fd0ce48180 WorkerThread "GC Thread#4"                     [id=35556, stack(0x0000002101b00000,0x0000002101c00000) (1024K)]
  0x000001fd0cea0030 WorkerThread "GC Thread#5"                     [id=13888, stack(0x0000002101e00000,0x0000002101f00000) (1024K)]
  0x000001fd0c5d4b80 WorkerThread "GC Thread#6"                     [id=17536, stack(0x0000002101f00000,0x0000002102000000) (1024K)]
  0x000001fd0c5d4f30 WorkerThread "GC Thread#7"                     [id=25972, stack(0x0000002102000000,0x0000002102100000) (1024K)]
  0x000001fcacde6b20 ConcurrentGCThread "G1 Main Marker"            [id=21728, stack(0x0000002100800000,0x0000002100900000) (1024K)]
  0x000001fcacde72e0 WorkerThread "G1 Conc#0"                       [id=31680, stack(0x0000002100900000,0x0000002100a00000) (1024K)]
  0x000001fd0ed7ffc0 WorkerThread "G1 Conc#1"                       [id=15880, stack(0x0000002100400000,0x0000002100500000) (1024K)]
  0x000001fcc6b54f50 ConcurrentGCThread "G1 Refine#0"               [id=31592, stack(0x0000002100a00000,0x0000002100b00000) (1024K)]
  0x000001fcc6b55780 ConcurrentGCThread "G1 Service"                [id=22128, stack(0x0000002100b00000,0x0000002100c00000) (1024K)]
Total: 15

Threads with active compile tasks:
C2 CompilerThread0  193870 3946   !   4       java.util.zip.ZipFile::getInputStream (275 bytes)
Total: 1

VM state: not at safepoint (normal execution)

VM Mutex/Monitor currently owned by a thread: None

Heap address: 0x0000000700000000, size: 4096 MB, Compressed Oops mode: Zero based, Oop shift amount: 3

CDS archive(s) mapped at: [0x000001fcc7000000-0x000001fcc7ba0000-0x000001fcc7ba0000), size 12189696, SharedBaseAddress: 0x000001fcc7000000, ArchiveRelocationMode: 1.
Compressed class space mapped at: 0x000001fcc8000000-0x000001fd08000000, reserved size: 1073741824
Narrow klass base: 0x000001fcc7000000, Narrow klass shift: 0, Narrow klass range: 0x100000000

GC Precious Log:
 CardTable entry size: 512
 Card Set container configuration: InlinePtr #cards 4 size 8 Array Of Cards #cards 16 size 48 Howl #buckets 8 coarsen threshold 3686 Howl Bitmap #cards 512 size 80 coarsen threshold 460 Card regions per heap region 1 cards per card region 4096
 CPUs: 8 total, 8 available
 Memory: 7502M
 Large Page Support: Disabled
 NUMA Support: Disabled
 Compressed Oops: Enabled (Zero based)
 Heap Region Size: 2M
 Heap Min Capacity: 8M
 Heap Initial Capacity: 118M
 Heap Max Capacity: 4G
 Pre-touch: Disabled
 Parallel Workers: 8
 Concurrent Workers: 2
 Concurrent Refinement Workers: 8
 Periodic GC: Disabled

Heap:
 garbage-first heap   total 90112K, used 56982K [0x0000000700000000, 0x0000000800000000)
  region size 2048K, 20 young (40960K), 3 survivors (6144K)
 Metaspace       used 24906K, committed 25856K, reserved 1114112K
  class space    used 3702K, committed 4160K, reserved 1048576K

Heap Regions: E=young(eden), S=young(survivor), O=old, HS=humongous(starts), HC=humongous(continues), CS=collection set, F=free, TAMS=top-at-mark-start, PB=parsable bottom
|   0|0x0000000700000000, 0x0000000700200000, 0x0000000700200000|100%|HS|  |TAMS 0x0000000700000000| PB 0x0000000700000000| Complete 
|   1|0x0000000700200000, 0x0000000700400000, 0x0000000700400000|100%|HC|  |TAMS 0x0000000700200000| PB 0x0000000700200000| Complete 
|   2|0x0000000700400000, 0x0000000700600000, 0x0000000700600000|100%| O|  |TAMS 0x0000000700400000| PB 0x0000000700400000| Untracked 
|   3|0x0000000700600000, 0x0000000700800000, 0x0000000700800000|100%| O|  |TAMS 0x0000000700600000| PB 0x0000000700600000| Untracked 
|   4|0x0000000700800000, 0x0000000700a00000, 0x0000000700a00000|100%| O|  |TAMS 0x0000000700800000| PB 0x0000000700800000| Untracked 
|   5|0x0000000700a00000, 0x0000000700c00000, 0x0000000700c00000|100%| O|  |TAMS 0x0000000700a00000| PB 0x0000000700a00000| Untracked 
|   6|0x0000000700c00000, 0x0000000700e00000, 0x0000000700e00000|100%| O|  |TAMS 0x0000000700c00000| PB 0x0000000700c00000| Untracked 
|   7|0x0000000700e00000, 0x0000000701000000, 0x0000000701000000|100%| O|  |TAMS 0x0000000700e00000| PB 0x0000000700e00000| Untracked 
|   8|0x0000000701000000, 0x0000000701200000, 0x0000000701200000|100%| O|  |TAMS 0x0000000701000000| PB 0x0000000701000000| Untracked 
|   9|0x0000000701200000, 0x00000007012ca968, 0x0000000701400000| 39%| O|Cm|TAMS 0x0000000701200000| PB 0x0000000701200000| Complete 
|  10|0x0000000701400000, 0x0000000701400000, 0x0000000701600000|  0%| F|  |TAMS 0x0000000701400000| PB 0x0000000701400000| Untracked 
|  11|0x0000000701600000, 0x0000000701600000, 0x0000000701800000|  0%| F|  |TAMS 0x0000000701600000| PB 0x0000000701600000| Untracked 
|  12|0x0000000701800000, 0x0000000701800000, 0x0000000701a00000|  0%| F|  |TAMS 0x0000000701800000| PB 0x0000000701800000| Untracked 
|  13|0x0000000701a00000, 0x0000000701a00000, 0x0000000701c00000|  0%| F|  |TAMS 0x0000000701a00000| PB 0x0000000701a00000| Untracked 
|  14|0x0000000701c00000, 0x0000000701c00000, 0x0000000701e00000|  0%| F|  |TAMS 0x0000000701c00000| PB 0x0000000701c00000| Untracked 
|  15|0x0000000701e00000, 0x0000000701e00000, 0x0000000702000000|  0%| F|  |TAMS 0x0000000701e00000| PB 0x0000000701e00000| Untracked 
|  16|0x0000000702000000, 0x0000000702000000, 0x0000000702200000|  0%| F|  |TAMS 0x0000000702000000| PB 0x0000000702000000| Untracked 
|  17|0x0000000702200000, 0x0000000702200000, 0x0000000702400000|  0%| F|  |TAMS 0x0000000702200000| PB 0x0000000702200000| Untracked 
|  18|0x0000000702400000, 0x0000000702400000, 0x0000000702600000|  0%| F|  |TAMS 0x0000000702400000| PB 0x0000000702400000| Untracked 
|  19|0x0000000702600000, 0x0000000702600000, 0x0000000702800000|  0%| F|  |TAMS 0x0000000702600000| PB 0x0000000702600000| Untracked 
|  20|0x0000000702800000, 0x0000000702800000, 0x0000000702a00000|  0%| F|  |TAMS 0x0000000702800000| PB 0x0000000702800000| Untracked 
|  21|0x0000000702a00000, 0x0000000702a00000, 0x0000000702c00000|  0%| F|  |TAMS 0x0000000702a00000| PB 0x0000000702a00000| Untracked 
|  22|0x0000000702c00000, 0x0000000702c00000, 0x0000000702e00000|  0%| F|  |TAMS 0x0000000702c00000| PB 0x0000000702c00000| Untracked 
|  23|0x0000000702e00000, 0x0000000702e00000, 0x0000000703000000|  0%| F|  |TAMS 0x0000000702e00000| PB 0x0000000702e00000| Untracked 
|  24|0x0000000703000000, 0x000000070313b150, 0x0000000703200000| 61%| E|  |TAMS 0x0000000703000000| PB 0x0000000703000000| Complete 
|  25|0x0000000703200000, 0x0000000703400000, 0x0000000703400000|100%| E|CS|TAMS 0x0000000703200000| PB 0x0000000703200000| Complete 
|  26|0x0000000703400000, 0x0000000703600000, 0x0000000703600000|100%| E|CS|TAMS 0x0000000703400000| PB 0x0000000703400000| Complete 
|  27|0x0000000703600000, 0x0000000703800000, 0x0000000703800000|100%| E|CS|TAMS 0x0000000703600000| PB 0x0000000703600000| Complete 
|  28|0x0000000703800000, 0x0000000703a00000, 0x0000000703a00000|100%| E|CS|TAMS 0x0000000703800000| PB 0x0000000703800000| Complete 
|  29|0x0000000703a00000, 0x0000000703c00000, 0x0000000703c00000|100%| E|CS|TAMS 0x0000000703a00000| PB 0x0000000703a00000| Complete 
|  30|0x0000000703c00000, 0x0000000703e00000, 0x0000000703e00000|100%| E|CS|TAMS 0x0000000703c00000| PB 0x0000000703c00000| Complete 
|  31|0x0000000703e00000, 0x0000000704000000, 0x0000000704000000|100%| E|CS|TAMS 0x0000000703e00000| PB 0x0000000703e00000| Complete 
|  32|0x0000000704000000, 0x0000000704200000, 0x0000000704200000|100%| E|CS|TAMS 0x0000000704000000| PB 0x0000000704000000| Complete 
|  33|0x0000000704200000, 0x0000000704400000, 0x0000000704400000|100%| E|CS|TAMS 0x0000000704200000| PB 0x0000000704200000| Complete 
|  34|0x0000000704400000, 0x0000000704600000, 0x0000000704600000|100%| E|CS|TAMS 0x0000000704400000| PB 0x0000000704400000| Complete 
|  35|0x0000000704600000, 0x0000000704800000, 0x0000000704800000|100%| E|CS|TAMS 0x0000000704600000| PB 0x0000000704600000| Complete 
|  36|0x0000000704800000, 0x0000000704a00000, 0x0000000704a00000|100%| E|CS|TAMS 0x0000000704800000| PB 0x0000000704800000| Complete 
|  37|0x0000000704a00000, 0x0000000704c00000, 0x0000000704c00000|100%| E|CS|TAMS 0x0000000704a00000| PB 0x0000000704a00000| Complete 
|  38|0x0000000704c00000, 0x0000000704e00000, 0x0000000704e00000|100%| E|CS|TAMS 0x0000000704c00000| PB 0x0000000704c00000| Complete 
|  41|0x0000000705200000, 0x00000007052dafa0, 0x0000000705400000| 42%| S|CS|TAMS 0x0000000705200000| PB 0x0000000705200000| Complete 
|  42|0x0000000705400000, 0x0000000705600000, 0x0000000705600000|100%| S|CS|TAMS 0x0000000705400000| PB 0x0000000705400000| Complete 
|  43|0x0000000705600000, 0x0000000705800000, 0x0000000705800000|100%| S|CS|TAMS 0x0000000705600000| PB 0x0000000705600000| Complete 
|  57|0x0000000707200000, 0x0000000707400000, 0x0000000707400000|100%| E|CS|TAMS 0x0000000707200000| PB 0x0000000707200000| Complete 
|  58|0x0000000707400000, 0x0000000707600000, 0x0000000707600000|100%| E|CS|TAMS 0x0000000707400000| PB 0x0000000707400000| Complete 

Card table byte_map: [0x000001fcbfaa0000,0x000001fcc02a0000] _byte_map_base: 0x000001fcbc2a0000

Marking Bits: (CMBitMap*) 0x000001fcacdd6240
 Bits: [0x000001fcc02a0000, 0x000001fcc42a0000)

Polling page: 0x000001fcaabb0000

Metaspace:

Usage:
  Non-class:     20.71 MB used.
      Class:      3.62 MB used.
       Both:     24.32 MB used.

Virtual space:
  Non-class space:       64.00 MB reserved,      21.19 MB ( 33%) committed,  1 nodes.
      Class space:        1.00 GB reserved,       4.06 MB ( <1%) committed,  1 nodes.
             Both:        1.06 GB reserved,      25.25 MB (  2%) committed. 

Chunk freelists:
   Non-Class:  10.14 MB
       Class:  11.78 MB
        Both:  21.92 MB

MaxMetaspaceSize: unlimited
CompressedClassSpaceSize: 1.00 GB
Initial GC threshold: 21.00 MB
Current GC threshold: 35.56 MB
CDS: on
 - commit_granule_bytes: 65536.
 - commit_granule_words: 8192.
 - virtual_space_node_default_size: 8388608.
 - enlarge_chunks_in_place: 1.
 - use_allocation_guard: 0.


Internal statistics:

num_allocs_failed_limit: 3.
num_arena_births: 1434.
num_arena_deaths: 0.
num_vsnodes_births: 2.
num_vsnodes_deaths: 0.
num_space_committed: 404.
num_space_uncommitted: 0.
num_chunks_returned_to_freelist: 3.
num_chunks_taken_from_freelist: 2511.
num_chunk_merges: 3.
num_chunk_splits: 1646.
num_chunks_enlarged: 1051.
num_inconsistent_stats: 0.

CodeHeap 'non-profiled nmethods': size=120000Kb used=2314Kb max_used=2314Kb free=117685Kb
 bounds [0x000001fcb7a30000, 0x000001fcb7ca0000, 0x000001fcbef60000]
CodeHeap 'profiled nmethods': size=120000Kb used=7716Kb max_used=7716Kb free=112283Kb
 bounds [0x000001fcaff60000, 0x000001fcb06f0000, 0x000001fcb7490000]
CodeHeap 'non-nmethods': size=5760Kb used=1423Kb max_used=1460Kb free=4336Kb
 bounds [0x000001fcb7490000, 0x000001fcb7700000, 0x000001fcb7a30000]
CodeCache: size=245760Kb, used=11453Kb, max_used=11490Kb, free=234304Kb
 total_blobs=4523, nmethods=3942, adapters=485, full_count=0
Compilation: enabled, stopped_count=0, restarted_count=0

Compilation events (20 events):
Event: 191.154 Thread 0x000001fcc6cbec80 3935       3       java.util.concurrent.ConcurrentHashMap$EntryIterator::next (51 bytes)
Event: 191.155 Thread 0x000001fcc6cbec80 nmethod 3935 0x000001fcb06e5a90 code [0x000001fcb06e5c80, 0x000001fcb06e61c8]
Event: 191.169 Thread 0x000001fcc6cba390 3936       4       java.util.WeakHashMap::put (160 bytes)
Event: 191.186 Thread 0x000001fcc6cba390 nmethod 3936 0x000001fcb7c6d090 code [0x000001fcb7c6d280, 0x000001fcb7c6dd08]
Event: 191.203 Thread 0x000001fcc6cba390 3937       4       java.lang.invoke.VarHandleByteArrayAsInts$ArrayHandle::set (39 bytes)
Event: 191.211 Thread 0x000001fcc6cba390 nmethod 3937 0x000001fcb7c6e090 code [0x000001fcb7c6e220, 0x000001fcb7c6e398]
Event: 191.215 Thread 0x000001fcc6cba390 3938       4       java.lang.String::getBytesNoRepl1 (89 bytes)
Event: 191.216 Thread 0x000001fcc6cba390 nmethod 3938 0x000001fcb7c6e510 code [0x000001fcb7c6e6a0, 0x000001fcb7c6e8a8]
Event: 191.217 Thread 0x000001fcc6cba390 3939   !   4       java.util.zip.ZipCoder$UTF8ZipCoder::compare (81 bytes)
Event: 191.224 Thread 0x000001fcc6cbec80 3940       3       java.lang.reflect.Method::acquireMethodAccessor (55 bytes)
Event: 191.224 Thread 0x000001fcc6cbec80 nmethod 3940 0x000001fcb06e6390 code [0x000001fcb06e65a0, 0x000001fcb06e6b40]
Event: 191.229 Thread 0x000001fcc6cba390 nmethod 3939 0x000001fcb7c6ed10 code [0x000001fcb7c6eee0, 0x000001fcb7c6f560]
Event: 191.229 Thread 0x000001fcc6cba390 3942       4       java.lang.invoke.MemberName::initResolved (53 bytes)
Event: 191.230 Thread 0x000001fcc6cba390 nmethod 3942 0x000001fcb7c6fb10 code [0x000001fcb7c6fca0, 0x000001fcb7c6fd88]
Event: 191.243 Thread 0x000001fcc6cba390 3943       4       java.util.zip.ZipFile::getZipEntry (322 bytes)
Event: 191.268 Thread 0x000001fcc6cba390 nmethod 3943 0x000001fcb7c70110 code [0x000001fcb7c70320, 0x000001fcb7c71070]
Event: 191.506 Thread 0x000001fcc6cba390 3945       4       java.util.Collections$SetFromMap::add (22 bytes)
Event: 191.524 Thread 0x000001fcc6cba390 nmethod 3945 0x000001fcb7c71790 code [0x000001fcb7c719a0, 0x000001fcb7c724b8]
Event: 191.709 Thread 0x000001fcc6cba390 3946   !   4       java.util.zip.ZipFile::getInputStream (275 bytes)
Event: 191.945 Thread 0x000001fcc6cbec80 3947   !   3       java.util.concurrent.locks.AbstractQueuedSynchronizer::acquire (424 bytes)

GC Heap History (10 events):
Event: 7.876 GC heap before
{Heap before GC invocations=0 (full 0):
 garbage-first heap   total 120832K, used 22528K [0x0000000700000000, 0x0000000800000000)
  region size 2048K, 11 young (22528K), 0 survivors (0K)
 Metaspace       used 888K, committed 1024K, reserved 1114112K
  class space    used 71K, committed 128K, reserved 1048576K
}
Event: 8.250 GC heap after
{Heap after GC invocations=1 (full 0):
 garbage-first heap   total 120832K, used 1536K [0x0000000700000000, 0x0000000800000000)
  region size 2048K, 1 young (2048K), 1 survivors (2048K)
 Metaspace       used 888K, committed 1024K, reserved 1114112K
  class space    used 71K, committed 128K, reserved 1048576K
}
Event: 17.604 GC heap before
{Heap before GC invocations=1 (full 0):
 garbage-first heap   total 120832K, used 44544K [0x0000000700000000, 0x0000000800000000)
  region size 2048K, 21 young (43008K), 1 survivors (2048K)
 Metaspace       used 4374K, committed 4544K, reserved 1114112K
  class space    used 556K, committed 640K, reserved 1048576K
}
Event: 17.615 GC heap after
{Heap after GC invocations=2 (full 0):
 garbage-first heap   total 120832K, used 11910K [0x0000000700000000, 0x0000000800000000)
  region size 2048K, 3 young (6144K), 3 survivors (6144K)
 Metaspace       used 4374K, committed 4544K, reserved 1114112K
  class space    used 556K, committed 640K, reserved 1048576K
}
Event: 51.178 GC heap before
{Heap before GC invocations=2 (full 0):
 garbage-first heap   total 120832K, used 75398K [0x0000000700000000, 0x0000000800000000)
  region size 2048K, 35 young (71680K), 3 survivors (6144K)
 Metaspace       used 9424K, committed 9792K, reserved 1114112K
  class space    used 1266K, committed 1408K, reserved 1048576K
}
Event: 51.227 GC heap after
{Heap after GC invocations=3 (full 0):
 garbage-first heap   total 120832K, used 19760K [0x0000000700000000, 0x0000000800000000)
  region size 2048K, 4 young (8192K), 4 survivors (8192K)
 Metaspace       used 9424K, committed 9792K, reserved 1114112K
  class space    used 1266K, committed 1408K, reserved 1048576K
}
Event: 175.549 GC heap before
{Heap before GC invocations=3 (full 0):
 garbage-first heap   total 120832K, used 83248K [0x0000000700000000, 0x0000000800000000)
  region size 2048K, 35 young (71680K), 4 survivors (8192K)
 Metaspace       used 17061K, committed 17600K, reserved 1114112K
  class space    used 2384K, committed 2624K, reserved 1048576K
}
Event: 175.684 GC heap after
{Heap after GC invocations=4 (full 0):
 garbage-first heap   total 120832K, used 22492K [0x0000000700000000, 0x0000000800000000)
  region size 2048K, 2 young (4096K), 2 survivors (4096K)
 Metaspace       used 17061K, committed 17600K, reserved 1114112K
  class space    used 2384K, committed 2624K, reserved 1048576K
}
Event: 181.376 GC heap before
{Heap before GC invocations=4 (full 0):
 garbage-first heap   total 120832K, used 51164K [0x0000000700000000, 0x0000000800000000)
  region size 2048K, 17 young (34816K), 2 survivors (4096K)
 Metaspace       used 20813K, committed 21504K, reserved 1114112K
  class space    used 3034K, committed 3392K, reserved 1048576K
}
Event: 181.393 GC heap after
{Heap after GC invocations=5 (full 0):
 garbage-first heap   total 120832K, used 24214K [0x0000000700000000, 0x0000000800000000)
  region size 2048K, 3 young (6144K), 3 survivors (6144K)
 Metaspace       used 20813K, committed 21504K, reserved 1114112K
  class space    used 3034K, committed 3392K, reserved 1048576K
}

Dll operation events (20 events):
Event: 3.389 Attempting to load shared library C:\Users\NAGARAJU\.antigravity-ide\extensions\redhat.java-1.56.0-win32-x64\jre\21.0.12.1-win32-x86_64\bin\nio.dll
Event: 3.475 Loaded shared library C:\Users\NAGARAJU\.antigravity-ide\extensions\redhat.java-1.56.0-win32-x64\jre\21.0.12.1-win32-x86_64\bin\nio.dll
Event: 3.505 Attempting to load shared library C:\Users\NAGARAJU\.antigravity-ide\extensions\redhat.java-1.56.0-win32-x64\jre\21.0.12.1-win32-x86_64\bin\zip.dll
Event: 3.505 Loaded shared library C:\Users\NAGARAJU\.antigravity-ide\extensions\redhat.java-1.56.0-win32-x64\jre\21.0.12.1-win32-x86_64\bin\zip.dll
Event: 8.261 Attempting to load shared library C:\Users\NAGARAJU\.antigravity-ide\extensions\redhat.java-1.56.0-win32-x64\jre\21.0.12.1-win32-x86_64\bin\jimage.dll
Event: 8.261 Loaded shared library C:\Users\NAGARAJU\.antigravity-ide\extensions\redhat.java-1.56.0-win32-x64\jre\21.0.12.1-win32-x86_64\bin\jimage.dll
Event: 9.807 Attempting to load shared library C:\Users\NAGARAJU\.antigravity-ide\extensions\redhat.java-1.56.0-win32-x64\jre\21.0.12.1-win32-x86_64\bin\verify.dll
Event: 9.831 Loaded shared library C:\Users\NAGARAJU\.antigravity-ide\extensions\redhat.java-1.56.0-win32-x64\jre\21.0.12.1-win32-x86_64\bin\verify.dll
Event: 10.703 Attempting to load shared library C:\Users\NAGARAJU\.gradle\native\1def1411415f61bf3af743bc5b6707747c0891f09f0c88961ee8f79bc544acac\windows-amd64\native-platform.dll
Event: 10.704 Loaded shared library C:\Users\NAGARAJU\.gradle\native\1def1411415f61bf3af743bc5b6707747c0891f09f0c88961ee8f79bc544acac\windows-amd64\native-platform.dll
Event: 10.841 Attempting to load shared library C:\Users\NAGARAJU\.gradle\native\0.2.7\x86_64-windows-gnu\gradle-fileevents.dll
Event: 10.842 Loaded shared library C:\Users\NAGARAJU\.gradle\native\0.2.7\x86_64-windows-gnu\gradle-fileevents.dll
Event: 26.476 Attempting to load shared library C:\Users\NAGARAJU\.antigravity-ide\extensions\redhat.java-1.56.0-win32-x64\jre\21.0.12.1-win32-x86_64\bin\management.dll
Event: 26.479 Loaded shared library C:\Users\NAGARAJU\.antigravity-ide\extensions\redhat.java-1.56.0-win32-x64\jre\21.0.12.1-win32-x86_64\bin\management.dll
Event: 26.487 Attempting to load shared library C:\Users\NAGARAJU\.antigravity-ide\extensions\redhat.java-1.56.0-win32-x64\jre\21.0.12.1-win32-x86_64\bin\management_ext.dll
Event: 26.494 Loaded shared library C:\Users\NAGARAJU\.antigravity-ide\extensions\redhat.java-1.56.0-win32-x64\jre\21.0.12.1-win32-x86_64\bin\management_ext.dll
Event: 32.876 Attempting to load shared library C:\Users\NAGARAJU\.antigravity-ide\extensions\redhat.java-1.56.0-win32-x64\jre\21.0.12.1-win32-x86_64\bin\extnet.dll
Event: 32.878 Loaded shared library C:\Users\NAGARAJU\.antigravity-ide\extensions\redhat.java-1.56.0-win32-x64\jre\21.0.12.1-win32-x86_64\bin\extnet.dll
Event: 51.579 Attempting to load shared library C:\Users\NAGARAJU\.antigravity-ide\extensions\redhat.java-1.56.0-win32-x64\jre\21.0.12.1-win32-x86_64\bin\sunmscapi.dll
Event: 51.705 Loaded shared library C:\Users\NAGARAJU\.antigravity-ide\extensions\redhat.java-1.56.0-win32-x64\jre\21.0.12.1-win32-x86_64\bin\sunmscapi.dll

Deoptimization events (20 events):
Event: 189.323 Thread 0x000001fd0d018460 Uncommon trap: trap_request=0xffffff45 fr.pc=0x000001fcb7b7f49c relative=0x00000000000003bc
Event: 189.323 Thread 0x000001fd0d018460 Uncommon trap: reason=unstable_if action=reinterpret pc=0x000001fcb7b7f49c method=jdk.internal.org.objectweb.asm.SymbolTable.addType(Ljava/lang/String;)I @ 33 c2
Event: 189.323 Thread 0x000001fd0d018460 DEOPT PACKING pc=0x000001fcb7b7f49c sp=0x00000021025fa740
Event: 189.323 Thread 0x000001fd0d018460 DEOPT UNPACKING pc=0x000001fcb74e4422 sp=0x00000021025fa6c8 mode 2
Event: 189.832 Thread 0x000001fd0d018460 Uncommon trap: trap_request=0xffffff45 fr.pc=0x000001fcb7c06334 relative=0x0000000000000cf4
Event: 189.832 Thread 0x000001fd0d018460 Uncommon trap: reason=unstable_if action=reinterpret pc=0x000001fcb7c06334 method=jdk.internal.org.objectweb.asm.SymbolTable.addType(Ljava/lang/String;)I @ 33 c2
Event: 189.832 Thread 0x000001fd0d018460 DEOPT PACKING pc=0x000001fcb7c06334 sp=0x00000021025fc0c0
Event: 189.832 Thread 0x000001fd0d018460 DEOPT UNPACKING pc=0x000001fcb74e4422 sp=0x00000021025fbff8 mode 2
Event: 190.020 Thread 0x000001fd0d018460 Uncommon trap: trap_request=0xffffff76 fr.pc=0x000001fcb7c54c90 relative=0x00000000000001d0
Event: 190.020 Thread 0x000001fd0d018460 Uncommon trap: reason=predicate action=maybe_recompile pc=0x000001fcb7c54c90 method=com.google.common.base.CharMatcher.indexIn(Ljava/lang/CharSequence;I)I @ 19 c2
Event: 190.020 Thread 0x000001fd0d018460 DEOPT PACKING pc=0x000001fcb7c54c90 sp=0x00000021025fb350
Event: 190.020 Thread 0x000001fd0d018460 DEOPT UNPACKING pc=0x000001fcb74e4422 sp=0x00000021025fb2e0 mode 2
Event: 190.103 Thread 0x000001fd0d018460 Uncommon trap: trap_request=0xffffff45 fr.pc=0x000001fcb7c025a8 relative=0x0000000000000c88
Event: 190.103 Thread 0x000001fd0d018460 Uncommon trap: reason=unstable_if action=reinterpret pc=0x000001fcb7c025a8 method=java.util.concurrent.locks.AbstractQueuedSynchronizer.acquire(Ljava/util/concurrent/locks/AbstractQueuedSynchronizer$Node;IZZZJ)I @ 103 c2
Event: 190.103 Thread 0x000001fd0d018460 DEOPT PACKING pc=0x000001fcb7c025a8 sp=0x00000021025fc730
Event: 190.103 Thread 0x000001fd0d018460 DEOPT UNPACKING pc=0x000001fcb74e4422 sp=0x00000021025fc718 mode 2
Event: 190.305 Thread 0x000001fd0d018460 Uncommon trap: trap_request=0xffffff45 fr.pc=0x000001fcb7ae6ea0 relative=0x0000000000000600
Event: 190.305 Thread 0x000001fd0d018460 Uncommon trap: reason=unstable_if action=reinterpret pc=0x000001fcb7ae6ea0 method=java.util.Properties$LineReader.readLine()I @ 95 c2
Event: 190.305 Thread 0x000001fd0d018460 DEOPT PACKING pc=0x000001fcb7ae6ea0 sp=0x00000021025fb5b0
Event: 190.306 Thread 0x000001fd0d018460 DEOPT UNPACKING pc=0x000001fcb74e4422 sp=0x00000021025fb560 mode 2

Classes loaded (20 events):
Event: 184.242 Loading class java/util/zip/GZIPOutputStream
Event: 184.242 Loading class java/util/zip/DeflaterOutputStream
Event: 184.243 Loading class java/util/zip/DeflaterOutputStream done
Event: 184.243 Loading class java/util/zip/GZIPOutputStream done
Event: 184.246 Loading class java/io/UnsupportedEncodingException
Event: 184.246 Loading class java/io/UnsupportedEncodingException done
Event: 189.180 Loading class java/util/Collections$2
Event: 189.181 Loading class java/util/Collections$2 done
Event: 189.955 Loading class java/util/function/UnaryOperator
Event: 189.955 Loading class java/util/function/UnaryOperator done
Event: 189.993 Loading class java/util/concurrent/TimeoutException
Event: 189.993 Loading class java/util/concurrent/TimeoutException done
Event: 189.993 Loading class java/util/concurrent/CancellationException
Event: 189.993 Loading class java/util/concurrent/CancellationException done
Event: 190.103 Loading class java/util/concurrent/locks/AbstractQueuedSynchronizer$SharedNode
Event: 190.103 Loading class java/util/concurrent/locks/AbstractQueuedSynchronizer$SharedNode done
Event: 190.146 Loading class java/io/InterruptedIOException
Event: 190.146 Loading class java/io/InterruptedIOException done
Event: 190.174 Loading class java/util/ArrayDeque$DeqSpliterator
Event: 190.174 Loading class java/util/ArrayDeque$DeqSpliterator done

Classes unloaded (0 events):
No events

Classes redefined (0 events):
No events

Internal exceptions (20 events):
Event: 178.132 Thread 0x000001fd0d018460 Exception <a 'java/lang/NoSuchMethodError'{0x00000007069d98b8}: 'java.lang.Object java.lang.invoke.DirectMethodHandle$Holder.invokeVirtual(java.lang.Object, java.lang.Object, java.lang.Object, java.lang.Object, java.lang.Object, java.lang.Object, java.lang.Object, java.lang.Object, java.lang.Object, java.lang.Object, java.lang.Object)'> (0x00000007069d98b8) 
thrown [s\src\hotspot\share\interpreter\linkResolver.cpp, line 773]
Event: 179.136 Thread 0x000001fd0d018460 Exception <a 'java/lang/NoSuchMethodError'{0x00000007065c7288}: 'void java.lang.invoke.DirectMethodHandle$Holder.invokeVirtual(java.lang.Object, java.lang.Object, java.lang.Object, java.lang.Object, java.lang.Object)'> (0x00000007065c7288) 
thrown [s\src\hotspot\share\interpreter\linkResolver.cpp, line 773]
Event: 180.578 Thread 0x000001fd0d018460 Exception <a 'java/lang/NoSuchMethodError'{0x0000000705cce300}: 'java.lang.Object java.lang.invoke.DirectMethodHandle$Holder.invokeVirtual(java.lang.Object, java.lang.Object, java.lang.Object, java.lang.Object, java.lang.Object, java.lang.Object, java.lang.Object, java.lang.Object, java.lang.Object, java.lang.Object, java.lang.Object, java.lang.Object, java.lang.Object, java.lang.Object, java.lang.Object, java.lang.Object, java.lang.Object, java.lang.Object, java.lang.Object, java.lang.Object, java.lang.Ob
Event: 181.305 Thread 0x000001fd0d018460 Exception <a 'java/lang/NoSuchMethodError'{0x00000007058b6c48}: 'java.lang.Object java.lang.invoke.DirectMethodHandle$Holder.newInvokeSpecial(java.lang.Object, java.lang.Object, java.lang.Object, java.lang.Object, java.lang.Object, java.lang.Object, java.lang.Object)'> (0x00000007058b6c48) 
thrown [s\src\hotspot\share\interpreter\linkResolver.cpp, line 773]
Event: 188.650 Thread 0x000001fd0d018460 Exception <a 'java/lang/NoSuchMethodError'{0x000000070476caf8}: 'java.lang.Object java.lang.invoke.DirectMethodHandle$Holder.invokeSpecial(java.lang.Object, java.lang.Object, java.lang.Object, java.lang.Object, java.lang.Object, java.lang.Object, java.lang.Object, java.lang.Object, java.lang.Object, java.lang.Object, java.lang.Object, java.lang.Object, java.lang.Object, java.lang.Object, java.lang.Object, java.lang.Object, java.lang.Object, java.lang.Object, java.lang.Object, java.lang.Object, java.lang.Ob
Event: 188.650 Thread 0x000001fd0d018460 Exception <a 'java/lang/NoSuchMethodError'{0x0000000704772630}: 'java.lang.Object java.lang.invoke.DelegatingMethodHandle$Holder.reinvoke_L(java.lang.Object, java.lang.Object, java.lang.Object, java.lang.Object, java.lang.Object, java.lang.Object, java.lang.Object, java.lang.Object, java.lang.Object, java.lang.Object, java.lang.Object, java.lang.Object, java.lang.Object, java.lang.Object, java.lang.Object, java.lang.Object, java.lang.Object, java.lang.Object, java.lang.Object, java.lang.Object, java.lang.O
Event: 188.652 Thread 0x000001fd0d018460 Exception <a 'java/lang/NoSuchMethodError'{0x000000070477dfe0}: 'java.lang.Object java.lang.invoke.DirectMethodHandle$Holder.invokeSpecial(java.lang.Object, java.lang.Object, java.lang.Object, java.lang.Object, java.lang.Object, java.lang.Object, java.lang.Object, java.lang.Object, java.lang.Object, java.lang.Object, java.lang.Object, java.lang.Object, java.lang.Object, java.lang.Object, java.lang.Object, java.lang.Object, java.lang.Object, java.lang.Object, java.lang.Object, java.lang.Object, java.lang.Ob
Event: 188.652 Thread 0x000001fd0d018460 Exception <a 'java/lang/NoSuchMethodError'{0x0000000704783960}: 'java.lang.Object java.lang.invoke.Invokers$Holder.invoker(java.lang.Object, java.lang.Object, java.lang.Object, java.lang.Object, java.lang.Object, java.lang.Object, java.lang.Object, java.lang.Object, java.lang.Object, java.lang.Object, java.lang.Object, java.lang.Object, java.lang.Object, java.lang.Object, java.lang.Object, java.lang.Object, java.lang.Object, java.lang.Object, java.lang.Object, java.lang.Object, java.lang.Object, java.lang.
Event: 188.653 Thread 0x000001fd0d018460 Exception <a 'java/lang/NoSuchMethodError'{0x0000000704789ce0}: 'java.lang.Object java.lang.invoke.DelegatingMethodHandle$Holder.delegate(java.lang.Object, java.lang.Object, java.lang.Object, java.lang.Object, java.lang.Object, java.lang.Object, java.lang.Object, java.lang.Object, java.lang.Object, java.lang.Object, java.lang.Object, java.lang.Object, java.lang.Object, java.lang.Object, java.lang.Object, java.lang.Object, java.lang.Object, java.lang.Object, java.lang.Object, java.lang.Object, java.lang.Obj
Event: 188.911 Thread 0x000001fd0d018460 Exception <a 'java/lang/NoSuchMethodError'{0x00000007045cbbf8}: 'java.lang.Object java.lang.invoke.DirectMethodHandle$Holder.invokeStaticInit(java.lang.Object, java.lang.Object, java.lang.Object, java.lang.Object)'> (0x00000007045cbbf8) 
thrown [s\src\hotspot\share\interpreter\linkResolver.cpp, line 773]
Event: 189.058 Thread 0x000001fd0d018460 Exception <a 'java/lang/NoSuchMethodError'{0x0000000704361b80}: 'java.lang.Object java.lang.invoke.DirectMethodHandle$Holder.newInvokeSpecial(java.lang.Object, java.lang.Object, java.lang.Object, java.lang.Object, java.lang.Object, java.lang.Object, java.lang.Object, java.lang.Object)'> (0x0000000704361b80) 
thrown [s\src\hotspot\share\interpreter\linkResolver.cpp, line 773]
Event: 189.154 Thread 0x000001fd0d018460 Exception <a 'java/lang/IncompatibleClassChangeError'{0x00000007040934a0}: Found class java.lang.Object, but interface was expected> (0x00000007040934a0) 
thrown [s\src\hotspot\share\interpreter\linkResolver.cpp, line 840]
Event: 189.303 Thread 0x000001fd0d018460 Exception <a 'java/lang/NoSuchMethodError'{0x000000070410c978}: 'java.lang.Object java.lang.invoke.DirectMethodHandle$Holder.invokeVirtual(java.lang.Object, java.lang.Object, java.lang.Object, java.lang.Object, java.lang.Object, java.lang.Object, java.lang.Object, java.lang.Object, java.lang.Object, java.lang.Object, java.lang.Object, java.lang.Object, java.lang.Object)'> (0x000000070410c978) 
thrown [s\src\hotspot\share\interpreter\linkResolver.cpp, line 773]
Event: 189.305 Thread 0x000001fd0d018460 Exception <a 'java/lang/NoSuchMethodError'{0x0000000704111bb0}: 'java.lang.Object java.lang.invoke.DirectMethodHandle$Holder.invokeSpecial(java.lang.Object, java.lang.Object, java.lang.Object, java.lang.Object, java.lang.Object, java.lang.Object, java.lang.Object, java.lang.Object, java.lang.Object, java.lang.Object, java.lang.Object, java.lang.Object, java.lang.Object, java.lang.Object)'> (0x0000000704111bb0) 
thrown [s\src\hotspot\share\interpreter\linkResolver.cpp, line 773]
Event: 189.305 Thread 0x000001fd0d018460 Exception <a 'java/lang/NoSuchMethodError'{0x0000000704116900}: 'java.lang.Object java.lang.invoke.DelegatingMethodHandle$Holder.reinvoke_L(java.lang.Object, java.lang.Object, java.lang.Object, java.lang.Object, java.lang.Object, java.lang.Object, java.lang.Object, java.lang.Object, java.lang.Object, java.lang.Object, java.lang.Object, java.lang.Object, java.lang.Object)'> (0x0000000704116900) 
thrown [s\src\hotspot\share\interpreter\linkResolver.cpp, line 773]
Event: 189.482 Thread 0x000001fd0d018460 Exception <a 'java/lang/NoSuchMethodError'{0x0000000703ead270}: 'void java.lang.invoke.DirectMethodHandle$Holder.invokeStaticInit(java.lang.Object, java.lang.Object)'> (0x0000000703ead270) 
thrown [s\src\hotspot\share\interpreter\linkResolver.cpp, line 773]
Event: 189.909 Thread 0x000001fd0d018460 Exception <a 'java/lang/NoSuchMethodError'{0x0000000703a92820}: 'java.lang.Object java.lang.invoke.DirectMethodHandle$Holder.newInvokeSpecial(java.lang.Object, java.lang.Object, java.lang.Object, java.lang.Object, java.lang.Object, java.lang.Object, java.lang.Object, java.lang.Object, java.lang.Object)'> (0x0000000703a92820) 
thrown [s\src\hotspot\share\interpreter\linkResolver.cpp, line 773]
Event: 190.155 Thread 0x000001fd0d018460 Exception <a 'java/lang/NoSuchMethodError'{0x0000000703997fa8}: 'int java.lang.invoke.DirectMethodHandle$Holder.invokeVirtual(java.lang.Object, java.lang.Object)'> (0x0000000703997fa8) 
thrown [s\src\hotspot\share\interpreter\linkResolver.cpp, line 773]
Event: 191.224 Thread 0x000001fd0d018460 Exception <a 'java/lang/NoSuchMethodError'{0x000000070347f500}: 'void java.lang.invoke.DirectMethodHandle$Holder.invokeInterface(java.lang.Object, java.lang.Object, java.lang.Object, java.lang.Object, java.lang.Object)'> (0x000000070347f500) 
thrown [s\src\hotspot\share\interpreter\linkResolver.cpp, line 773]
Event: 191.255 Thread 0x000001fd0d018460 Exception <a 'java/lang/NoSuchMethodError'{0x00000007034f5480}: 'void java.lang.invoke.DirectMethodHandle$Holder.invokeStatic(java.lang.Object, java.lang.Object, java.lang.Object, java.lang.Object, java.lang.Object, java.lang.Object)'> (0x00000007034f5480) 
thrown [s\src\hotspot\share\interpreter\linkResolver.cpp, line 773]

ZGC Phase Switch (0 events):
No events

VM Operations (20 events):
Event: 181.708 Executing safepoint VM operation: G1PauseCleanup
Event: 181.709 Executing safepoint VM operation: G1PauseCleanup done
Event: 182.709 Executing safepoint VM operation: Cleanup
Event: 182.709 Executing safepoint VM operation: Cleanup done
Event: 184.730 Executing safepoint VM operation: Cleanup
Event: 184.731 Executing safepoint VM operation: Cleanup done
Event: 186.747 Executing safepoint VM operation: Cleanup
Event: 186.747 Executing safepoint VM operation: Cleanup done
Event: 187.759 Executing safepoint VM operation: Cleanup
Event: 187.759 Executing safepoint VM operation: Cleanup done
Event: 188.771 Executing safepoint VM operation: Cleanup
Event: 188.786 Executing safepoint VM operation: Cleanup done
Event: 189.800 Executing safepoint VM operation: Cleanup
Event: 189.800 Executing safepoint VM operation: Cleanup done
Event: 190.341 Executing non-safepoint VM operation: HandshakeAllThreads (Deoptimize)
Event: 191.096 Executing non-safepoint VM operation: HandshakeAllThreads (Deoptimize) done
Event: 191.096 Executing safepoint VM operation: Cleanup
Event: 191.096 Executing safepoint VM operation: Cleanup done
Event: 192.101 Executing safepoint VM operation: Cleanup
Event: 192.101 Executing safepoint VM operation: Cleanup done

Memory protections (0 events):
No events

Nmethod flushes (0 events):
No events

Events (20 events):
Event: 51.289 Thread 0x000001fcaaab2d50 Thread added: 0x000001fd0c4f1740
Event: 52.096 Thread 0x000001fd0cefee90 Thread added: 0x000001fd0c83e220
Event: 52.123 Thread 0x000001fd0c83e220 Thread added: 0x000001fd0dbad5a0
Event: 52.228 Thread 0x000001fd0c83e220 Thread added: 0x000001fd0ce355d0
Event: 53.305 Thread 0x000001fd0c83e220 Thread added: 0x000001fd0d018460
Event: 53.572 Thread 0x000001fd0d018460 Thread added: 0x000001fd0cfdb500
Event: 53.586 Thread 0x000001fd0d018460 Thread added: 0x000001fd0cfdbb90
Event: 53.673 Thread 0x000001fd0d018460 Thread added: 0x000001fd0cfda7e0
Event: 63.496 Thread 0x000001fd0d018460 Thread added: 0x000001fd0cfd9430
Event: 63.543 Thread 0x000001fd0d018460 Thread added: 0x000001fd0cfdc220
Event: 64.272 Thread 0x000001fd0cfdc220 Thread added: 0x000001fd0cfd9ac0
Event: 64.320 Thread 0x000001fcc6cbec80 Thread added: 0x000001fd0e986250
Event: 64.455 Thread 0x000001fd0d018460 Thread added: 0x000001fd0cfdae70
Event: 65.452 Thread 0x000001fd0e986250 Thread exited: 0x000001fd0e986250
Event: 154.543 Thread 0x000001fd0cfdc220 Thread added: 0x000001fd0cfda150
Event: 154.600 Thread 0x000001fd0cfd9ac0 Thread exited: 0x000001fd0cfd9ac0
Event: 186.376 Thread 0x000001fd0d018460 Thread added: 0x000001fd0cfd8da0
Event: 188.588 Thread 0x000001fd0d018460 Thread added: 0x000001fd0e1a3780
Event: 190.102 Thread 0x000001fd0d018460 Thread added: 0x000001fd0e1a0300
Event: 190.151 Thread 0x000001fd0d018460 Thread added: 0x000001fd0e1a1d40


Dynamic libraries:
0x00007ff6aaf70000 - 0x00007ff6aaf7e000 	C:\Users\NAGARAJU\.antigravity-ide\extensions\redhat.java-1.56.0-win32-x64\jre\21.0.12.1-win32-x86_64\bin\java.exe
0x00007ffba2e60000 - 0x00007ffba30c6000 	C:\WINDOWS\SYSTEM32\ntdll.dll
0x00007ffba16f0000 - 0x00007ffba17b9000 	C:\WINDOWS\System32\KERNEL32.DLL
0x00007ffba01d0000 - 0x00007ffba05cf000 	C:\WINDOWS\System32\KERNELBASE.dll
0x00007ffba0070000 - 0x00007ffba01bc000 	C:\WINDOWS\System32\ucrtbase.dll
0x00007ffb616c0000 - 0x00007ffb616d8000 	C:\Users\NAGARAJU\.antigravity-ide\extensions\redhat.java-1.56.0-win32-x64\jre\21.0.12.1-win32-x86_64\bin\jli.dll
0x00007ffb616e0000 - 0x00007ffb616fe000 	C:\Users\NAGARAJU\.antigravity-ide\extensions\redhat.java-1.56.0-win32-x64\jre\21.0.12.1-win32-x86_64\bin\VCRUNTIME140.dll
0x00007ffba2320000 - 0x00007ffba24e6000 	C:\WINDOWS\System32\USER32.dll
0x00007ffba08a0000 - 0x00007ffba08c7000 	C:\WINDOWS\System32\win32u.dll
0x00007ffba2df0000 - 0x00007ffba2e1b000 	C:\WINDOWS\System32\GDI32.dll
0x00007ffba05e0000 - 0x00007ffba0709000 	C:\WINDOWS\System32\gdi32full.dll
0x00007ffba0ae0000 - 0x00007ffba0b83000 	C:\WINDOWS\System32\msvcp_win.dll
0x00007ffb88780000 - 0x00007ffb88a11000 	C:\WINDOWS\WinSxS\amd64_microsoft.windows.common-controls_6595b64144ccf1df_6.0.26100.8972_none_3e0da176e32f9d4b\COMCTL32.dll
0x00007ffba24f0000 - 0x00007ffba2599000 	C:\WINDOWS\System32\msvcrt.dll
0x00007ffba2150000 - 0x00007ffba2182000 	C:\WINDOWS\System32\IMM32.DLL
0x00007ffb83500000 - 0x00007ffb8350c000 	C:\Users\NAGARAJU\.antigravity-ide\extensions\redhat.java-1.56.0-win32-x64\jre\21.0.12.1-win32-x86_64\bin\vcruntime140_1.dll
0x00007ffb1bac0000 - 0x00007ffb1bb4d000 	C:\Users\NAGARAJU\.antigravity-ide\extensions\redhat.java-1.56.0-win32-x64\jre\21.0.12.1-win32-x86_64\bin\msvcp140.dll
0x00007ffac8530000 - 0x00007ffac92d2000 	C:\Users\NAGARAJU\.antigravity-ide\extensions\redhat.java-1.56.0-win32-x64\jre\21.0.12.1-win32-x86_64\bin\server\jvm.dll
0x00007ffba0d00000 - 0x00007ffba0dbc000 	C:\WINDOWS\System32\ADVAPI32.dll
0x00007ffba28a0000 - 0x00007ffba294a000 	C:\WINDOWS\System32\sechost.dll
0x00007ffba25a0000 - 0x00007ffba26b8000 	C:\WINDOWS\System32\RPCRT4.dll
0x00007ffba1ab0000 - 0x00007ffba1b32000 	C:\WINDOWS\System32\WS2_32.dll
0x00007ffb9fed0000 - 0x00007ffb9ff2e000 	C:\WINDOWS\SYSTEM32\POWRPROF.dll
0x00007ffb99880000 - 0x00007ffb9988b000 	C:\WINDOWS\SYSTEM32\VERSION.dll
0x00007ffb99840000 - 0x00007ffb99876000 	C:\WINDOWS\SYSTEM32\WINMM.dll
0x00007ffb9feb0000 - 0x00007ffb9fec5000 	C:\WINDOWS\SYSTEM32\UMPDC.dll
0x00007ffb9ed60000 - 0x00007ffb9ed7b000 	C:\WINDOWS\SYSTEM32\kernel.appcore.dll
0x00007ffb82eb0000 - 0x00007ffb82eba000 	C:\Users\NAGARAJU\.antigravity-ide\extensions\redhat.java-1.56.0-win32-x64\jre\21.0.12.1-win32-x86_64\bin\jimage.dll
0x00007ffb94900000 - 0x00007ffb94b42000 	C:\WINDOWS\SYSTEM32\DBGHELP.DLL
0x00007ffba2a10000 - 0x00007ffba2d95000 	C:\WINDOWS\System32\combase.dll
0x00007ffba21c0000 - 0x00007ffba2299000 	C:\WINDOWS\System32\OLEAUT32.dll
0x00007ffb81c30000 - 0x00007ffb81c6b000 	C:\WINDOWS\SYSTEM32\dbgcore.DLL
0x00007ffba08d0000 - 0x00007ffba097c000 	C:\WINDOWS\System32\bcryptPrimitives.dll
0x00007ffb65d80000 - 0x00007ffb65d8f000 	C:\Users\NAGARAJU\.antigravity-ide\extensions\redhat.java-1.56.0-win32-x64\jre\21.0.12.1-win32-x86_64\bin\instrument.dll
0x00007ffb5fe50000 - 0x00007ffb5fe70000 	C:\Users\NAGARAJU\.antigravity-ide\extensions\redhat.java-1.56.0-win32-x64\jre\21.0.12.1-win32-x86_64\bin\java.dll
0x00007ffba0f50000 - 0x00007ffba16d8000 	C:\WINDOWS\System32\SHELL32.dll
0x00007ffb9db40000 - 0x00007ffb9e3db000 	C:\WINDOWS\SYSTEM32\windows.storage.dll
0x00007ffba0dd0000 - 0x00007ffba0ec9000 	C:\WINDOWS\System32\SHCORE.dll
0x00007ffba0c90000 - 0x00007ffba0cf6000 	C:\WINDOWS\System32\shlwapi.dll
0x00007ffb9ff90000 - 0x00007ffb9ffb9000 	C:\WINDOWS\SYSTEM32\profapi.dll
0x00007ffb4d020000 - 0x00007ffb4d038000 	C:\Users\NAGARAJU\.antigravity-ide\extensions\redhat.java-1.56.0-win32-x64\jre\21.0.12.1-win32-x86_64\bin\zip.dll
0x00007ffb72940000 - 0x00007ffb72950000 	C:\Users\NAGARAJU\.antigravity-ide\extensions\redhat.java-1.56.0-win32-x64\jre\21.0.12.1-win32-x86_64\bin\net.dll
0x00007ffb95940000 - 0x00007ffb95a68000 	C:\WINDOWS\SYSTEM32\WINHTTP.dll
0x00007ffb9f310000 - 0x00007ffb9f37c000 	C:\WINDOWS\system32\mswsock.dll
0x00007ffb5f9d0000 - 0x00007ffb5f9e6000 	C:\Users\NAGARAJU\.antigravity-ide\extensions\redhat.java-1.56.0-win32-x64\jre\21.0.12.1-win32-x86_64\bin\nio.dll
0x00007ffb62900000 - 0x00007ffb62910000 	C:\Users\NAGARAJU\.antigravity-ide\extensions\redhat.java-1.56.0-win32-x64\jre\21.0.12.1-win32-x86_64\bin\verify.dll
0x00007ffb1ba00000 - 0x00007ffb1ba27000 	C:\Users\NAGARAJU\.gradle\native\1def1411415f61bf3af743bc5b6707747c0891f09f0c88961ee8f79bc544acac\windows-amd64\native-platform.dll
0x00007ffafafa0000 - 0x00007ffafb018000 	C:\Users\NAGARAJU\.gradle\native\0.2.7\x86_64-windows-gnu\gradle-fileevents.dll
0x00007ffb95860000 - 0x00007ffb9586a000 	C:\Users\NAGARAJU\.antigravity-ide\extensions\redhat.java-1.56.0-win32-x64\jre\21.0.12.1-win32-x86_64\bin\management.dll
0x00007ffb831e0000 - 0x00007ffb831ec000 	C:\Users\NAGARAJU\.antigravity-ide\extensions\redhat.java-1.56.0-win32-x64\jre\21.0.12.1-win32-x86_64\bin\management_ext.dll
0x00007ffba1cb0000 - 0x00007ffba1cb8000 	C:\WINDOWS\System32\PSAPI.DLL
0x00007ffb9e6b0000 - 0x00007ffb9e6e3000 	C:\WINDOWS\SYSTEM32\IPHLPAPI.DLL
0x00007ffba16e0000 - 0x00007ffba16ea000 	C:\WINDOWS\System32\NSI.dll
0x00007ffb831d0000 - 0x00007ffb831d9000 	C:\Users\NAGARAJU\.antigravity-ide\extensions\redhat.java-1.56.0-win32-x64\jre\21.0.12.1-win32-x86_64\bin\extnet.dll
0x00007ffb9f600000 - 0x00007ffb9f61b000 	C:\WINDOWS\SYSTEM32\CRYPTSP.dll
0x00007ffb9ecc0000 - 0x00007ffb9ecf9000 	C:\WINDOWS\system32\rsaenh.dll
0x00007ffb9f3c0000 - 0x00007ffb9f3f2000 	C:\WINDOWS\SYSTEM32\USERENV.dll
0x00007ffb9ff60000 - 0x00007ffb9ff8a000 	C:\WINDOWS\SYSTEM32\bcrypt.dll
0x00007ffb9f620000 - 0x00007ffb9f62c000 	C:\WINDOWS\SYSTEM32\CRYPTBASE.dll
0x00007ffb831c0000 - 0x00007ffb831ce000 	C:\Users\NAGARAJU\.antigravity-ide\extensions\redhat.java-1.56.0-win32-x64\jre\21.0.12.1-win32-x86_64\bin\sunmscapi.dll
0x00007ffba0710000 - 0x00007ffba088e000 	C:\WINDOWS\System32\CRYPT32.dll
0x00007ffb9f840000 - 0x00007ffb9f870000 	C:\WINDOWS\SYSTEM32\ncrypt.dll
0x00007ffb9f7f0000 - 0x00007ffb9f82f000 	C:\WINDOWS\SYSTEM32\NTASN1.dll
0x00007ffb15860000 - 0x00007ffb15868000 	C:\WINDOWS\system32\wshunix.dll

JVMTI agents:
C:\Users\NAGARAJU\.gradle\wrapper\dists\gradle-8.14.1-bin\baw1sv0jfoi8rxs14qo3h49cs\gradle-8.14.1\lib\agents\gradle-instrumentation-agent-8.14.1.jar path:C:\Users\NAGARAJU\.antigravity-ide\extensions\redhat.java-1.56.0-win32-x64\jre\21.0.12.1-win32-x86_64\bin\instrument.dll, loaded, initialized, instrumentlib options:none

dbghelp: loaded successfully - version: 4.0.5 - missing functions: none
symbol engine: initialized successfully - sym options: 0x614 - pdb path: .;C:\Users\NAGARAJU\.antigravity-ide\extensions\redhat.java-1.56.0-win32-x64\jre\21.0.12.1-win32-x86_64\bin;C:\WINDOWS\SYSTEM32;C:\WINDOWS\WinSxS\amd64_microsoft.windows.common-controls_6595b64144ccf1df_6.0.26100.8972_none_3e0da176e32f9d4b;C:\Users\NAGARAJU\.antigravity-ide\extensions\redhat.java-1.56.0-win32-x64\jre\21.0.12.1-win32-x86_64\bin\server;C:\Users\NAGARAJU\.gradle\native\1def1411415f61bf3af743bc5b6707747c0891f09f0c88961ee8f79bc544acac\windows-amd64;C:\Users\NAGARAJU\.gradle\native\0.2.7\x86_64-windows-gnu

VM Arguments:
jvm_args: --add-opens=java.base/java.lang=ALL-UNNAMED --add-opens=java.base/java.lang.invoke=ALL-UNNAMED --add-opens=java.base/java.util=ALL-UNNAMED --add-opens=java.prefs/java.util.prefs=ALL-UNNAMED --add-exports=jdk.compiler/com.sun.tools.javac.api=ALL-UNNAMED --add-exports=jdk.compiler/com.sun.tools.javac.util=ALL-UNNAMED --add-opens=java.base/java.util=ALL-UNNAMED --add-opens=java.prefs/java.util.prefs=ALL-UNNAMED --add-opens=java.base/java.nio.charset=ALL-UNNAMED --add-opens=java.base/java.net=ALL-UNNAMED --add-opens=java.base/java.util.concurrent.atomic=ALL-UNNAMED --add-opens=java.xml/javax.xml.namespace=ALL-UNNAMED -Xmx4096m -Dfile.encoding=UTF-8 -Duser.country=IN -Duser.language=en -Duser.variant -javaagent:C:\Users\NAGARAJU\.gradle\wrapper\dists\gradle-8.14.1-bin\baw1sv0jfoi8rxs14qo3h49cs\gradle-8.14.1\lib\agents\gradle-instrumentation-agent-8.14.1.jar 
java_command: org.gradle.launcher.daemon.bootstrap.GradleDaemon 8.14.1
java_class_path (initial): C:\Users\NAGARAJU\.gradle\wrapper\dists\gradle-8.14.1-bin\baw1sv0jfoi8rxs14qo3h49cs\gradle-8.14.1\lib\gradle-daemon-main-8.14.1.jar
Launcher Type: SUN_STANDARD

[Global flags]
     intx CICompilerCount                          = 4                                         {product} {ergonomic}
     uint ConcGCThreads                            = 2                                         {product} {ergonomic}
     uint G1ConcRefinementThreads                  = 8                                         {product} {ergonomic}
   size_t G1HeapRegionSize                         = 2097152                                   {product} {ergonomic}
    uintx GCDrainStackTargetSize                   = 64                                        {product} {ergonomic}
   size_t InitialHeapSize                          = 123731968                                 {product} {ergonomic}
   size_t MarkStackSize                            = 4194304                                   {product} {ergonomic}
   size_t MaxHeapSize                              = 4294967296                                {product} {command line}
   size_t MaxNewSize                               = 2575302656                                {product} {ergonomic}
   size_t MinHeapDeltaBytes                        = 2097152                                   {product} {ergonomic}
   size_t MinHeapSize                              = 8388608                                   {product} {ergonomic}
    uintx NonNMethodCodeHeapSize                   = 5839372                                {pd product} {ergonomic}
    uintx NonProfiledCodeHeapSize                  = 122909434                              {pd product} {ergonomic}
    uintx ProfiledCodeHeapSize                     = 122909434                              {pd product} {ergonomic}
    uintx ReservedCodeCacheSize                    = 251658240                              {pd product} {ergonomic}
     bool SegmentedCodeCache                       = true                                      {product} {ergonomic}
   size_t SoftMaxHeapSize                          = 4294967296                             {manageable} {ergonomic}
     bool UseCompressedOops                        = true                           {product lp64_product} {ergonomic}
     bool UseG1GC                                  = true                                      {product} {ergonomic}
     bool UseLargePagesIndividualAllocation        = false                                  {pd product} {ergonomic}

Logging:
Log output configuration:
 #0: stdout all=warning uptime,level,tags foldmultilines=false
 #1: stderr all=off uptime,level,tags foldmultilines=false

Release file:
JAVA_VERSION="21.0.12.1" 
MODULES="java.base java.compiler java.datatransfer java.xml java.prefs java.desktop java.instrument java.logging java.management java.security.sasl java.naming java.rmi java.management.rmi java.net.http java.scripting java.security.jgss java.transaction.xa java.sql java.sql.rowset java.xml.crypto java.se java.smartcardio jdk.accessibility jdk.internal.jvmstat jdk.attach jdk.charsets jdk.internal.opt jdk.zipfs jdk.compiler jdk.crypto.ec jdk.crypto.cryptoki jdk.crypto.mscapi jdk.dynalink jdk.internal.ed jdk.editpad jdk.hotspot.agent jdk.httpserver jdk.internal.le jdk.internal.vm.ci jdk.internal.vm.compiler jdk.internal.vm.compiler.management jdk.jartool jdk.javadoc jdk.jcmd jdk.management jdk.management.agent jdk.jconsole jdk.jdeps jdk.jdwp.agent jdk.jdi jdk.jfr jdk.jshell jdk.jsobject jdk.jstatd jdk.localedata jdk.management.jfr jdk.naming.dns jdk.naming.rmi jdk.net jdk.nio.mapmode jdk.random jdk.sctp jdk.security.auth jdk.security.jgss jdk.unsupported jdk.unsupported.desktop jdk.xml.dom" 

Environment Variables:
JAVA_HOME=C:\Program Files\Eclipse Adoptium\jdk-21.0.11.10-hotspot
PATH=C:\Program Files\Eclipse Adoptium\jdk-21.0.11.10-hotspot\bin;C:\Program Files\Eclipse Adoptium\jdk-11.0.26.4-hotspot\bin;C:\Program Files\Eclipse Adoptium\jdk-17.0.14.7-hotspot\bin;C:\Program Files\Java\jdk-17\bin;C:\Program Files\nodejs;E:\Android\Sdk\platform-tools;E:\Android\Sdk\emulator;E:\Android\Sdk\cmdline-tools\latest\bin;C:\Users\NAGARAJU\AppData\Local\Android\Sdk\platform-tools;C:\Users\NAGARAJU\AppData\Local\Android\Sdk\emulator;C:\Users\NAGARAJU\AppData\Local\Android\Sdk\cmdline-tools\latest\bin;C:\Program Files\Eclipse Adoptium\jdk-21.0.11.10-hotspot\bin;C:\Program Files\Eclipse Adoptium\jdk-11.0.26.4-hotspot\bin;C:\Program Files\Eclipse Adoptium\jdk-17.0.14.7-hotspot\bin;C:\Program Files\Java\jdk-17\bin;C:\Program Files\nodejs;E:\Android\Sdk\platform-tools;E:\Android\Sdk\emulator;E:\Android\Sdk\cmdline-tools\latest\bin;C:\Users\NAGARAJU\AppData\Local\Android\Sdk\platform-tools;C:\Users\NAGARAJU\AppData\Local\Android\Sdk\emulator;C:\Users\NAGARAJU\AppData\Local\Android\Sdk\cmdline-tools\latest\bin;C:\Program Files\Eclipse Adoptium\jdk-21.0.11.10-hotspot\bin;C:\Program Files\Eclipse Adoptium\jdk-11.0.26.4-hotspot\bin;C:\Program Files\Eclipse Adoptium\jdk-17.0.14.7-hotspot\bin;C:\Program Files\Java\jdk-17\bin;C:\Program Files\nodejs;E:\Android\Sdk\platform-tools;E:\Android\Sdk\emulator;E:\Android\Sdk\cmdline-tools\latest\bin;C:\Users\NAGARAJU\AppData\Local\Android\Sdk\platform-tools;C:\Users\NAGARAJU\AppData\Local\Android\Sdk\emulator;C:\Users\NAGARAJU\AppData\Local\Android\Sdk\cmdline-tools\latest\bin;C:\WINDOWS\System32;C:\ProgramData\chocolatey\bin;C:\Program Files\nodejs\;C:\Program Files\Git\cmd;C:\Windows\System32;C:\Windows\System32\WindowsPowerShell\v1.0;C:\Windows\System32\OpenSSH;C:\Windows\System32\WindowsPowerShell\v1.0\;C:\Users\NAGARAJU\Downloads\stripe_1.30.0_windows_x86_64;C:\WINDOWS\system32;C:\WINDOWS;C:\WINDOWS\System32\Wbem;C:\WINDOWS\System32\WindowsPowerShell\v1.0\;C:\WINDOWS\System32\OpenSSH\;C:\ProgramData\chocolatey\bin;C:\Program Files\nodejs\;C:\Program Files\Git\cmd;C:\Windows\System32;C:\Windows\System32\WindowsPowerShell\v1.0;C:\Windows\System32\OpenSSH;C:\Windows\System32\WindowsPowerShell\v1.0\;C:\Users\NAGARAJU\Downloads\stripe_1.30.0_windows_x86_64;C:\WINDOWS\system32;C:\WINDOWS;C:\WINDOWS\System32\Wbem;C:\WINDOWS\System32\WindowsPowerShell\v1.0\;C:\WINDOWS\System32\OpenSSH\;C:\ProgramData\chocolatey\bin;C:\Program Files\nodejs\;C:\Program Files\Git\cmd;C:\Windows\System32;C:\Windows\System32\WindowsPowerShell\v1.0;C:\Windows\System32\OpenSSH;C:\Windows\System32\WindowsPowerShell\v1.0\;C:\Users\NAGARAJU\Downloads\stripe_1.30.0_windows_x86_64;C:\WINDOWS\system32;C:\WINDOWS;C:\WINDOWS\System32\Wbem;C:\WINDOWS\System32\WindowsPowerShell\v1.0\;C:\WINDOWS\System32\OpenSSH\;C:\Program Files\Eclipse Adoptium\jdk-21.0.11.10-hotspot\bin;C:\Program Files\Eclipse Adoptium\jdk-11.0.26.4-hotspot\bin;C:\Program Files\Eclipse Adoptium\jdk-17.0.14.7-hotspot\bin;C:\Program Files\Java\jdk-17\bin;C:\Program Files\nodejs;E:\Android\Sdk\platform-tools;E:\Android\Sdk\emulator;E:\Android\Sdk\cmdline-tools\latest\bin;C:\Users\NAGARAJU\AppData\Local\Android\Sdk\platform-tools;C:\Users\NAGARAJU\AppData\Local\Android\Sdk\emulator;C:\Users\NAGARAJU\AppData\Local\Android\Sdk\cmdline-tools\latest\bin;C:\Program Files\Eclipse Adoptium\jdk-21.0.11.10-hotspot\bin;C:\Program Files\Eclipse Adoptium\jdk-11.0.26.4-hotspot\bin;C:\Program Files\Eclipse Adoptium\jdk-17.0.14.7-hotspot\bin;C:\Program Files\Java\jdk-17\bin;C:\Program Files\nodejs;E:\Android\Sdk\platform-tools;E:\Android\Sdk\emulator;E:\Android\Sdk\cmdline-tools\latest\bin;C:\Users\NAGARAJU\AppData\Local\Android\Sdk\platform-tools;C:\Users\NAGARAJU\AppData\Local\Android\Sdk\emulator;C:\Users\NAGARAJU\AppData\Local\Android\Sdk\cmdline-tools\latest\bin;C:\Program Files\Eclipse Adoptium\jdk-21.0.11.10-hotspot\bin;C:\Program Files\Eclipse Adoptium\jdk-11.0.26.4-hotspot\bin;C:\Program Files\Eclipse Adoptium\jdk-17.0.14.7-hotspot\bin;C:\Program Files\Java\jdk-17\bin;C:\Program Files\nodejs;E:\Android\Sdk\platform-tools;E:\Android\Sdk\emulator;E:\Android\Sdk\cmdline-tools\latest\bin;C:\Users\NAGARAJU\AppData\Local\Android\Sdk\platform-tools;C:\Users\NAGARAJU\AppData\Local\Android\Sdk\emulator;C:\Users\NAGARAJU\AppData\Local\Android\Sdk\cmdline-tools\latest\bin;C:\WINDOWS\System32;C:\ProgramData\chocolatey\bin;C:\Program Files\nodejs\;C:\Program Files\Git\cmd;C:\Windows\System32;C:\Windows\System32\WindowsPowerShell\v1.0;C:\Windows\System32\OpenSSH;C:\Windows\System32\WindowsPowerShell\v1.0\;C:\Users\NAGARAJU\Downloads\stripe_1.30.0_windows_x86_64;C:\WINDOWS\system32;C:\WINDOWS;C:\WINDOWS\System32\Wbem;C:\WINDOWS\System32\WindowsPowerShell\v1.0\;C:\WINDOWS\System32\OpenSSH\;C:\ProgramData\chocolatey\bin;C:\Program Files\nodejs\;C:\Program Files\Git\cmd;C:\Windows\System32;C:\Windows\System32\WindowsPowerShell\v1.0;C:\Windows\System32\OpenSSH;C:\Windows\System32\WindowsPowerShell\v1.0\;C:\Users\NAGARAJU\Downloads\stripe_1.30.0_windows_x86_64;C:\WINDOWS\system32;C:\WINDOWS;C:\WINDOWS\System32\Wbem;C:\WINDOWS\System32\WindowsPowerShell\v1.0\;C:\WINDOWS\System32\OpenSSH\;C:\ProgramData\chocolatey\bin;C:\Program Files\nodejs\;C:\Program Files\Git\cmd;C:\Windows\System32;C:\Windows\System32\WindowsPowerShell\v1.0;C:\Windows\System32\OpenSSH;C:\Windows\System32\WindowsPowerShell\v1.0\;C:\Users\NAGARAJU\Downloads\stripe_1.30.0_windows_x86_64;C:\WINDOWS\system32;C:\WINDOWS;C:\WINDOWS\System32\Wbem;C:\WINDOWS\System32\WindowsPowerShell\v1.0\;C:\WINDOWS\System32\OpenSSH\;C:\Users\NAGARAJU\AppData\Local\Android\Sdk\platform-tools;C:\Users\NAGARAJU\AppData\Local\Android\Sdk\cmdline-tools\latest\bin;C:\Users\NAGARAJU\AppData\Roaming\npm;C:\Users\NAGARAJU\AppData\Local\Programs\Microsoft VS Code\bin;C:\Users\NAGARAJU\AppData\Local\Programs\Antigravity IDE\bin;C:\Users\NAGARAJU\AppData\Local\Microsoft\WindowsApps;C:\Users\NAGARAJU\AppData\Local\Kingsoft\WPS Office\12.1.0.27458\clitool
USERNAME=NAGARAJU
OS=Windows_NT
PROCESSOR_IDENTIFIER=AMD64 Family 23 Model 104 Stepping 1, AuthenticAMD
TMP=C:\Users\NAGARAJU\AppData\Local\Temp
TEMP=C:\Users\NAGARAJU\AppData\Local\Temp




Periodic native trim disabled

---------------  S Y S T E M  ---------------

OS:
 Windows 11 , 64 bit Build 26100 (10.0.26100.9168)
OS uptime: 0 days 1:22 hours

CPU: total 8 (initial active 8) (8 cores per cpu, 2 threads per core) family 23 model 104 stepping 1 microcode 0x8608109, cx8, cmov, fxsr, ht, mmx, 3dnowpref, sse, sse2, sse3, ssse3, sse4a, sse4.1, sse4.2, popcnt, lzcnt, tsc, tscinvbit, avx, avx2, aes, clmul, bmi1, bmi2, adx, sha, fma, vzeroupper, clflush, clflushopt, rdtscp, rdpid, f16c
Processor Information for the first 8 processors :
  Max Mhz: 2600, Current Mhz: 2600, Mhz Limit: 2600

Memory: 4k page, system-wide physical 7502M (129M free)
TotalPageFile size 40270M (AvailPageFile size 6M)
current process WorkingSet (physical memory assigned to process): 119M, peak: 157M
current process commit charge ("private bytes"): 236M, peak: 275M

vm_info: OpenJDK 64-Bit Server VM (21.0.12.1+1-LTS) for windows-amd64 JRE (21.0.12.1+1-LTS), built on 2026-08-18T00:00:00Z by "admin" with MS VC++ 17.12 (VS2022)

END.
