#
# There is insufficient memory for the Java Runtime Environment to continue.
# Native memory allocation (malloc) failed to allocate 1048576 bytes. Error detail: AllocateHeap
# Possible reasons:
#   The system is out of physical RAM or swap space
#   This process is running with CompressedOops enabled, and the Java Heap may be blocking the growth of the native heap
# Possible solutions:
#   Reduce memory load on the system
#   Increase physical memory or swap space
#   Check if swap backing store is full
#   Decrease Java heap size (-Xmx/-Xms)
#   Decrease number of Java threads
#   Decrease Java thread stack sizes (-Xss)
#   Set larger code cache with -XX:ReservedCodeCacheSize=
#   JVM is running with Unscaled Compressed Oops mode in which the Java heap is
#     placed in the first 4GB address space. The Java Heap base address is the
#     maximum limit for the native heap growth. Please use -XX:HeapBaseMinAddress
#     to set the Java Heap base and to place the Java Heap above 4GB virtual address.
# This output file may be truncated or incomplete.
#
#  Out of Memory Error (allocation.cpp:44), pid=21688, tid=26016
#
# JRE version: OpenJDK Runtime Environment Temurin-21.0.11+10 (21.0.11+10) (build 21.0.11+10-LTS)
# Java VM: OpenJDK 64-Bit Server VM Temurin-21.0.11+10 (21.0.11+10-LTS, mixed mode, sharing, tiered, compressed oops, compressed class ptrs, parallel gc, windows-amd64)
# No core dump will be written. Minidumps are not enabled by default on client versions of Windows
#

---------------  S U M M A R Y ------------

Command Line: --add-modules=ALL-SYSTEM --add-opens=java.base/java.util=ALL-UNNAMED --add-opens=java.base/java.lang=ALL-UNNAMED --add-opens=java.base/sun.nio.fs=ALL-UNNAMED -Declipse.application=org.eclipse.jdt.ls.core.id1 -Dosgi.bundles.defaultStartLevel=4 -Declipse.product=org.eclipse.jdt.ls.core.product -Djava.import.generatesMetadataFilesAtProjectRoot=false -DDetectVMInstallationsJob.disabled=true -Dfile.encoding=utf8 -XX:+UseParallelGC -XX:GCTimeRatio=4 -XX:AdaptiveSizePolicyWeight=90 -Dsun.zip.disableMemoryMapping=true -Xmx2G -Xms100m -Xlog:disable -javaagent:c:\Users\NAGARAJU\.antigravity-ide\extensions\redhat.java-1.55.0-win32-x64\lombok\lombok-1.18.39-4050.jar -XX:+HeapDumpOnOutOfMemoryError -XX:HeapDumpPath=c:\Users\NAGARAJU\AppData\Roaming\Antigravity IDE\User\workspaceStorage\a678f10e9dfb1fe659294f81c59f0ef5\redhat.java -Daether.dependencyCollector.impl=bf c:\Users\NAGARAJU\.antigravity-ide\extensions\redhat.java-1.55.0-win32-x64\server\plugins\org.eclipse.equinox.launcher_1.7.200.v20260619-2039.jar -configuration c:\Users\NAGARAJU\AppData\Roaming\Antigravity IDE\User\globalStorage\redhat.java\1.55.0\config_win -data c:\Users\NAGARAJU\AppData\Roaming\Antigravity IDE\User\workspaceStorage\a678f10e9dfb1fe659294f81c59f0ef5\redhat.java\jdt_ws --pipe=\\.\pipe\lsp-efad6a2f1d318566607b137f5477c2d5-sock

Host: AMD Ryzen 3 5300U with Radeon Graphics         , 8 cores, 7G,  Windows 11 , 64 bit Build 26100 (10.0.26100.8521)
Time: Fri Aug 14 17:46:08 2026 India Standard Time elapsed time: 1688.275072 seconds (0d 0h 28m 8s)

---------------  T H R E A D  ---------------

Current thread (0x000001ee49925490):  JavaThread "Attach Listener" daemon [_thread_in_vm, id=26016, stack(0x0000007c27e00000,0x0000007c27f00000) (1024K)]

Stack: [0x0000007c27e00000,0x0000007c27f00000]
Native frames: (J=compiled Java code, j=interpreted, Vv=VM code, C=native code)
V  [jvm.dll+0x6d7e19]
V  [jvm.dll+0x8b5096]
V  [jvm.dll+0x8b764e]
V  [jvm.dll+0x8b7d33]
V  [jvm.dll+0x284596]
V  [jvm.dll+0xc13c7]
V  [jvm.dll+0x6d86c9]
V  [jvm.dll+0x133616]
V  [jvm.dll+0x3f868e]
V  [jvm.dll+0x85fb0d]
V  [jvm.dll+0x6d664d]
C  [ucrtbase.dll+0x2cd30]
C  [KERNEL32.DLL+0x2e957]
C  [ntdll.dll+0x87c1c]


---------------  P R O C E S S  ---------------

Threads class SMR info:
_java_thread_list=0x000001ee95a6a210, length=36, elements={
0x000001ee30b02270, 0x000001ee4991d960, 0x000001ee49920a90, 0x000001ee49924a30,
0x000001ee49925490, 0x000001ee49925ef0, 0x000001ee49926950, 0x000001ee499296f0,
0x000001ee8c267070, 0x000001ee8c421800, 0x000001ee8c3a3270, 0x000001ee910190f0,
0x000001ee91071a80, 0x000001ee8c276910, 0x000001ee8c7c9720, 0x000001ee8c8217e0,
0x000001ee8c67f030, 0x000001ee9134a4b0, 0x000001ee91505ea0, 0x000001ee91506530,
0x000001ee91507250, 0x000001ee91507f70, 0x000001ee91508c90, 0x000001ee93cfb300,
0x000001ee93cfac70, 0x000001ee93cfb990, 0x000001ee93cfc6b0, 0x000001ee93cfee10,
0x000001ee93cfc020, 0x000001ee93cfd3d0, 0x000001ee93cffb30, 0x000001ee93d001c0,
0x000001ee93cfcd40, 0x000001ee93cff4a0, 0x000001ee92ca84e0, 0x000001ee92ca8b70
}

Java Threads: ( => current thread )
  0x000001ee30b02270 JavaThread "main"                              [_thread_blocked, id=11408, stack(0x0000007c27700000,0x0000007c27800000) (1024K)]
  0x000001ee4991d960 JavaThread "Reference Handler"          daemon [_thread_blocked, id=316, stack(0x0000007c27b00000,0x0000007c27c00000) (1024K)]
  0x000001ee49920a90 JavaThread "Finalizer"                  daemon [_thread_blocked, id=26768, stack(0x0000007c27c00000,0x0000007c27d00000) (1024K)]
  0x000001ee49924a30 JavaThread "Signal Dispatcher"          daemon [_thread_blocked, id=26924, stack(0x0000007c27d00000,0x0000007c27e00000) (1024K)]
=>0x000001ee49925490 JavaThread "Attach Listener"            daemon [_thread_in_vm, id=26016, stack(0x0000007c27e00000,0x0000007c27f00000) (1024K)]
  0x000001ee49925ef0 JavaThread "Service Thread"             daemon [_thread_blocked, id=27260, stack(0x0000007c27f00000,0x0000007c28000000) (1024K)]
  0x000001ee49926950 JavaThread "Monitor Deflation Thread"   daemon [_thread_blocked, id=26712, stack(0x0000007c28000000,0x0000007c28100000) (1024K)]
  0x000001ee499296f0 JavaThread "C2 CompilerThread0"         daemon [_thread_blocked, id=21696, stack(0x0000007c28100000,0x0000007c28200000) (1024K)]
  0x000001ee8c267070 JavaThread "C1 CompilerThread0"         daemon [_thread_blocked, id=16324, stack(0x0000007c28200000,0x0000007c28300000) (1024K)]
  0x000001ee8c421800 JavaThread "Common-Cleaner"             daemon [_thread_blocked, id=2360, stack(0x0000007c28400000,0x0000007c28500000) (1024K)]
  0x000001ee8c3a3270 JavaThread "Notification Thread"        daemon [_thread_blocked, id=5792, stack(0x0000007c28300000,0x0000007c28400000) (1024K)]
  0x000001ee910190f0 JavaThread "Active Thread: Equinox Container: 52a0c988-1cec-4c9d-a127-ceb2b424baa2"        [_thread_blocked, id=24812, stack(0x0000007c28500000,0x0000007c28600000) (1024K)]
  0x000001ee91071a80 JavaThread "Refresh Thread: Equinox Container: 52a0c988-1cec-4c9d-a127-ceb2b424baa2" daemon [_thread_blocked, id=1972, stack(0x0000007c28d00000,0x0000007c28e00000) (1024K)]
  0x000001ee8c276910 JavaThread "Framework Event Dispatcher: Equinox Container: 52a0c988-1cec-4c9d-a127-ceb2b424baa2" daemon [_thread_blocked, id=320, stack(0x0000007c28e00000,0x0000007c28f00000) (1024K)]
  0x000001ee8c7c9720 JavaThread "Start Level: Equinox Container: 52a0c988-1cec-4c9d-a127-ceb2b424baa2" daemon [_thread_blocked, id=6804, stack(0x0000007c28f00000,0x0000007c29000000) (1024K)]
  0x000001ee8c8217e0 JavaThread "Bundle File Closer"         daemon [_thread_blocked, id=1760, stack(0x0000007c29000000,0x0000007c29100000) (1024K)]
  0x000001ee8c67f030 JavaThread "SCR Component Actor"        daemon [_thread_blocked, id=20508, stack(0x0000007c29100000,0x0000007c29200000) (1024K)]
  0x000001ee9134a4b0 JavaThread "Worker-JM"                         [_thread_blocked, id=2384, stack(0x0000007c29400000,0x0000007c29500000) (1024K)]
  0x000001ee91505ea0 JavaThread "JNA Cleaner"                daemon [_thread_blocked, id=5620, stack(0x0000007c29200000,0x0000007c29300000) (1024K)]
  0x000001ee91506530 JavaThread "Worker-0"                          [_thread_blocked, id=5012, stack(0x0000007c29300000,0x0000007c29400000) (1024K)]
  0x000001ee91507250 JavaThread "Java indexing"              daemon [_thread_blocked, id=14148, stack(0x0000007c29700000,0x0000007c29800000) (1024K)]
  0x000001ee91507f70 JavaThread "Worker-4"                          [_thread_blocked, id=1676, stack(0x0000007c29d00000,0x0000007c29e00000) (1024K)]
  0x000001ee91508c90 JavaThread "Thread-1"                   daemon [_thread_in_native, id=23856, stack(0x0000007c29f00000,0x0000007c2a000000) (1024K)]
  0x000001ee93cfb300 JavaThread "Thread-2"                   daemon [_thread_in_native, id=21328, stack(0x0000007c2a000000,0x0000007c2a100000) (1024K)]
  0x000001ee93cfac70 JavaThread "Thread-3"                   daemon [_thread_in_native, id=5176, stack(0x0000007c2a100000,0x0000007c2a200000) (1024K)]
  0x000001ee93cfb990 JavaThread "Thread-4"                   daemon [_thread_in_native, id=10512, stack(0x0000007c2a200000,0x0000007c2a300000) (1024K)]
  0x000001ee93cfc6b0 JavaThread "Thread-5"                   daemon [_thread_in_native, id=18888, stack(0x0000007c2a300000,0x0000007c2a400000) (1024K)]
  0x000001ee93cfee10 JavaThread "Thread-6"                   daemon [_thread_in_native, id=20276, stack(0x0000007c2a400000,0x0000007c2a500000) (1024K)]
  0x000001ee93cfc020 JavaThread "Thread-7"                   daemon [_thread_in_native, id=18084, stack(0x0000007c2a500000,0x0000007c2a600000) (1024K)]
  0x000001ee93cfd3d0 JavaThread "Thread-8"                   daemon [_thread_in_native, id=28356, stack(0x0000007c2a600000,0x0000007c2a700000) (1024K)]
  0x000001ee93cffb30 JavaThread "Thread-9"                   daemon [_thread_in_native, id=10088, stack(0x0000007c2a700000,0x0000007c2a800000) (1024K)]
  0x000001ee93d001c0 JavaThread "pool-2-thread-1"                   [_thread_blocked, id=13292, stack(0x0000007c2a800000,0x0000007c2a900000) (1024K)]
  0x000001ee93cfcd40 JavaThread "WorkspaceEventsHandler"            [_thread_blocked, id=10288, stack(0x0000007c2a900000,0x0000007c2aa00000) (1024K)]
  0x000001ee93cff4a0 JavaThread "pool-1-thread-1"                   [_thread_blocked, id=25984, stack(0x0000007c2aa00000,0x0000007c2ab00000) (1024K)]
  0x000001ee92ca84e0 JavaThread "PatternSearchJob-worker-1"  daemon [_thread_blocked, id=17688, stack(0x0000007c2af00000,0x0000007c2b000000) (1024K)]
  0x000001ee92ca8b70 JavaThread "PatternSearchJob-worker-7"  daemon [_thread_blocked, id=3976, stack(0x0000007c2b500000,0x0000007c2b600000) (1024K)]
Total: 36

Other Threads:
  0x000001ee49910d50 VMThread "VM Thread"                           [id=6544, stack(0x0000007c27a00000,0x0000007c27b00000) (1024K)]
  0x000001ee4982ca00 WatcherThread "VM Periodic Task Thread"        [id=27160, stack(0x0000007c27900000,0x0000007c27a00000) (1024K)]
  0x000001ee32ec7810 WorkerThread "GC Thread#0"                     [id=21904, stack(0x0000007c27800000,0x0000007c27900000) (1024K)]
  0x000001ee8c9f5020 WorkerThread "GC Thread#1"                     [id=19008, stack(0x0000007c28600000,0x0000007c28700000) (1024K)]
  0x000001ee8c9f8b80 WorkerThread "GC Thread#2"                     [id=20884, stack(0x0000007c28700000,0x0000007c28800000) (1024K)]
  0x000001ee8c7570f0 WorkerThread "GC Thread#3"                     [id=20100, stack(0x0000007c28800000,0x0000007c28900000) (1024K)]
  0x000001ee8c7574a0 WorkerThread "GC Thread#4"                     [id=10016, stack(0x0000007c28900000,0x0000007c28a00000) (1024K)]
  0x000001ee8c87a310 WorkerThread "GC Thread#5"                     [id=10572, stack(0x0000007c28a00000,0x0000007c28b00000) (1024K)]
  0x000001ee8c87aed0 WorkerThread "GC Thread#6"                     [id=21024, stack(0x0000007c28b00000,0x0000007c28c00000) (1024K)]
  0x000001ee8c2320f0 WorkerThread "GC Thread#7"                     [id=13316, stack(0x0000007c28c00000,0x0000007c28d00000) (1024K)]
Total: 10

Threads with active compile tasks:
Total: 0

VM state: not at safepoint (normal execution)

VM Mutex/Monitor currently owned by a thread: None

Heap address: 0x0000000080000000, size: 2048 MB, Compressed Oops mode: 32-bit

CDS archive(s) mapped at: [0x000001ee4a000000-0x000001ee4aba0000-0x000001ee4aba0000), size 12189696, SharedBaseAddress: 0x000001ee4a000000, ArchiveRelocationMode: 1.
Compressed class space mapped at: 0x000001ee4b000000-0x000001ee8b000000, reserved size: 1073741824
Narrow klass base: 0x000001ee4a000000, Narrow klass shift: 0, Narrow klass range: 0x100000000

GC Precious Log:
 CardTable entry size: 512
 CPUs: 8 total, 8 available
 Memory: 7502M
 Large Page Support: Disabled
 NUMA Support: Disabled
 Compressed Oops: Enabled (32-bit)
 Alignments: Space 512K, Generation 512K, Heap 2M
 Heap Min Capacity: 100M
 Heap Initial Capacity: 100M
 Heap Max Capacity: 2G
 Pre-touch: Disabled
 Parallel Workers: 8

Heap:
 PSYoungGen      total 4096K, used 2822K [0x00000000d5580000, 0x00000000d5e00000, 0x0000000100000000)
  eden space 3584K, 70% used [0x00000000d5580000,0x00000000d57fbf88,0x00000000d5900000)
  from space 512K, 54% used [0x00000000d5900000,0x00000000d5945a30,0x00000000d5980000)
  to   space 2048K, 0% used [0x00000000d5c00000,0x00000000d5c00000,0x00000000d5e00000)
 ParOldGen       total 168448K, used 168195K [0x0000000080000000, 0x000000008a480000, 0x00000000d5580000)
  object space 168448K, 99% used [0x0000000080000000,0x000000008a440e30,0x000000008a480000)
 Metaspace       used 88034K, committed 90048K, reserved 1179648K
  class space    used 11437K, committed 12352K, reserved 1048576K

Card table byte_map: [0x000001ee32840000,0x000001ee32c50000] _byte_map_base: 0x000001ee32440000

Marking Bits: (ParMarkBitMap*) 0x00007ffe16d94460
 Begin Bits: [0x000001ee45350000, 0x000001ee47350000)
 End Bits:   [0x000001ee47350000, 0x000001ee49350000)

Polling page: 0x000001ee30e50000

Metaspace:

Usage:
  Non-class:     74.80 MB used.
      Class:     11.17 MB used.
       Both:     85.97 MB used.

Virtual space:
  Non-class space:      128.00 MB reserved,      75.88 MB ( 59%) committed,  2 nodes.
      Class space:        1.00 GB reserved,      12.06 MB (  1%) committed,  1 nodes.
             Both:        1.12 GB reserved,      87.94 MB (  8%) committed. 

Chunk freelists:
   Non-Class:  3.52 MB
       Class:  3.88 MB
        Both:  7.39 MB

MaxMetaspaceSize: unlimited
CompressedClassSpaceSize: 1.00 GB
Initial GC threshold: 21.00 MB
Current GC threshold: 97.31 MB
CDS: on
 - commit_granule_bytes: 65536.
 - commit_granule_words: 8192.
 - virtual_space_node_default_size: 8388608.
 - enlarge_chunks_in_place: 1.
 - use_allocation_guard: 0.


Internal statistics:

num_allocs_failed_limit: 9.
num_arena_births: 1954.
num_arena_deaths: 38.
num_vsnodes_births: 3.
num_vsnodes_deaths: 0.
num_space_committed: 1407.
num_space_uncommitted: 0.
num_chunks_returned_to_freelist: 55.
num_chunks_taken_from_freelist: 5944.
num_chunk_merges: 15.
num_chunk_splits: 3897.
num_chunks_enlarged: 2494.
num_inconsistent_stats: 0.

CodeHeap 'non-profiled nmethods': size=120000Kb used=9244Kb max_used=9244Kb free=110755Kb
 bounds [0x000001ee3db70000, 0x000001ee3e480000, 0x000001ee450a0000]
CodeHeap 'profiled nmethods': size=120000Kb used=24600Kb max_used=24600Kb free=95399Kb
 bounds [0x000001ee360a0000, 0x000001ee378b0000, 0x000001ee3d5d0000]
CodeHeap 'non-nmethods': size=5760Kb used=1419Kb max_used=1492Kb free=4340Kb
 bounds [0x000001ee3d5d0000, 0x000001ee3d840000, 0x000001ee3db70000]
CodeCache: size=245760Kb, used=35263Kb, max_used=35336Kb, free=210494Kb
 total_blobs=12856, nmethods=12129, adapters=632, full_count=0
Compilation: enabled, stopped_count=0, restarted_count=0

Compilation events (20 events):
Event: 1113.742 Thread 0x000001ee499296f0 12923       4       java.util.concurrent.locks.AbstractQueuedSynchronizer$Node::clearStatus (12 bytes)
Event: 1113.743 Thread 0x000001ee499296f0 nmethod 12923 0x000001ee3e46ea90 code [0x000001ee3e46ec20, 0x000001ee3e46ecb0]
Event: 1237.897 Thread 0x000001ee499296f0 12924       4       jdk.internal.misc.Unsafe::weakCompareAndSetReference (11 bytes)
Event: 1237.899 Thread 0x000001ee499296f0 nmethod 12924 0x000001ee3e46ed90 code [0x000001ee3e46ef20, 0x000001ee3e46efd8]
Event: 1237.965 Thread 0x000001ee8c267070 12925       3       org.eclipse.core.internal.resources.MarkerAttributeMap::getMap (11 bytes)
Event: 1237.980 Thread 0x000001ee8c267070 nmethod 12925 0x000001ee378a4710 code [0x000001ee378a48c0, 0x000001ee378a4b00]
Event: 1237.981 Thread 0x000001ee8c267070 12927       3       org.eclipse.core.internal.dtree.AbstractDataTreeNode::storeStrings (42 bytes)
Event: 1237.987 Thread 0x000001ee8c267070 nmethod 12927 0x000001ee378a4c10 code [0x000001ee378a4de0, 0x000001ee378a5158]
Event: 1237.987 Thread 0x000001ee8c267070 12926       3       org.eclipse.core.internal.utils.StringPool::add (50 bytes)
Event: 1237.997 Thread 0x000001ee8c267070 nmethod 12926 0x000001ee378a5310 code [0x000001ee378a5500, 0x000001ee378a59d0]
Event: 1237.998 Thread 0x000001ee8c267070 12928       2       org.eclipse.core.internal.dtree.DataTreeNode::storeStrings (28 bytes)
Event: 1237.998 Thread 0x000001ee499296f0 12929       4       org.eclipse.core.internal.dtree.AbstractDataTreeNode::storeStrings (42 bytes)
Event: 1238.001 Thread 0x000001ee8c267070 nmethod 12928 0x000001ee378a5b90 code [0x000001ee378a5d60, 0x000001ee378a5f98]
Event: 1238.186 Thread 0x000001ee499296f0 nmethod 12929 0x000001ee3e46f090 code [0x000001ee3e46f740, 0x000001ee3e472e78]
Event: 1238.186 Thread 0x000001ee499296f0 12930       4       org.eclipse.core.internal.utils.StringPool::add (50 bytes)
Event: 1238.201 Thread 0x000001ee499296f0 nmethod 12930 0x000001ee3e474f90 code [0x000001ee3e475200, 0x000001ee3e475cf0]
Event: 1238.201 Thread 0x000001ee499296f0 12931       4       org.eclipse.core.internal.dtree.DataTreeNode::storeStrings (28 bytes)
Event: 1238.205 Thread 0x000001ee499296f0 nmethod 12931 0x000001ee3e476490 code [0x000001ee3e476680, 0x000001ee3e476940]
Event: 1320.949 Thread 0x000001ee8c267070 12933       1       org.eclipse.jdt.ls.core.internal.LanguageServerApplication::getParentProcessId (5 bytes)
Event: 1320.951 Thread 0x000001ee8c267070 nmethod 12933 0x000001ee3e476f90 code [0x000001ee3e477120, 0x000001ee3e4771e8]

GC Heap History (20 events):
Event: 520.119 GC heap before
{Heap before GC invocations=215 (full 3):
 PSYoungGen      total 6144K, used 5824K [0x00000000d5580000, 0x00000000d5f00000, 0x0000000100000000)
  eden space 5632K, 100% used [0x00000000d5580000,0x00000000d5b00000,0x00000000d5b00000)
  from space 512K, 37% used [0x00000000d5e00000,0x00000000d5e30000,0x00000000d5e80000)
  to   space 512K, 0% used [0x00000000d5e80000,0x00000000d5e80000,0x00000000d5f00000)
 ParOldGen       total 159232K, used 158950K [0x0000000080000000, 0x0000000089b80000, 0x00000000d5580000)
  object space 159232K, 99% used [0x0000000080000000,0x0000000089b39b28,0x0000000089b80000)
 Metaspace       used 86759K, committed 88768K, reserved 1179648K
  class space    used 11293K, committed 12224K, reserved 1048576K
}
Event: 520.119 GC heap after
{Heap after GC invocations=215 (full 3):
 PSYoungGen      total 6144K, used 320K [0x00000000d5580000, 0x00000000d5f00000, 0x0000000100000000)
  eden space 5632K, 0% used [0x00000000d5580000,0x00000000d5580000,0x00000000d5b00000)
  from space 512K, 62% used [0x00000000d5e80000,0x00000000d5ed0000,0x00000000d5f00000)
  to   space 512K, 0% used [0x00000000d5e00000,0x00000000d5e00000,0x00000000d5e80000)
 ParOldGen       total 159232K, used 159022K [0x0000000080000000, 0x0000000089b80000, 0x00000000d5580000)
  object space 159232K, 99% used [0x0000000080000000,0x0000000089b4bb28,0x0000000089b80000)
 Metaspace       used 86759K, committed 88768K, reserved 1179648K
  class space    used 11293K, committed 12224K, reserved 1048576K
}
Event: 536.105 GC heap before
{Heap before GC invocations=216 (full 3):
 PSYoungGen      total 6144K, used 5952K [0x00000000d5580000, 0x00000000d5f00000, 0x0000000100000000)
  eden space 5632K, 100% used [0x00000000d5580000,0x00000000d5b00000,0x00000000d5b00000)
  from space 512K, 62% used [0x00000000d5e80000,0x00000000d5ed0000,0x00000000d5f00000)
  to   space 512K, 0% used [0x00000000d5e00000,0x00000000d5e00000,0x00000000d5e80000)
 ParOldGen       total 159232K, used 159022K [0x0000000080000000, 0x0000000089b80000, 0x00000000d5580000)
  object space 159232K, 99% used [0x0000000080000000,0x0000000089b4bb28,0x0000000089b80000)
 Metaspace       used 86792K, committed 88832K, reserved 1179648K
  class space    used 11293K, committed 12224K, reserved 1048576K
}
Event: 536.107 GC heap after
{Heap after GC invocations=216 (full 3):
 PSYoungGen      total 6144K, used 224K [0x00000000d5580000, 0x00000000d5f00000, 0x0000000100000000)
  eden space 5632K, 0% used [0x00000000d5580000,0x00000000d5580000,0x00000000d5b00000)
  from space 512K, 43% used [0x00000000d5e00000,0x00000000d5e38000,0x00000000d5e80000)
  to   space 512K, 0% used [0x00000000d5e80000,0x00000000d5e80000,0x00000000d5f00000)
 ParOldGen       total 159232K, used 159230K [0x0000000080000000, 0x0000000089b80000, 0x00000000d5580000)
  object space 159232K, 99% used [0x0000000080000000,0x0000000089b7fb28,0x0000000089b80000)
 Metaspace       used 86792K, committed 88832K, reserved 1179648K
  class space    used 11293K, committed 12224K, reserved 1048576K
}
Event: 538.110 GC heap before
{Heap before GC invocations=217 (full 3):
 PSYoungGen      total 6144K, used 5856K [0x00000000d5580000, 0x00000000d5f00000, 0x0000000100000000)
  eden space 5632K, 100% used [0x00000000d5580000,0x00000000d5b00000,0x00000000d5b00000)
  from space 512K, 43% used [0x00000000d5e00000,0x00000000d5e38000,0x00000000d5e80000)
  to   space 512K, 0% used [0x00000000d5e80000,0x00000000d5e80000,0x00000000d5f00000)
 ParOldGen       total 159232K, used 159230K [0x0000000080000000, 0x0000000089b80000, 0x00000000d5580000)
  object space 159232K, 99% used [0x0000000080000000,0x0000000089b7fb28,0x0000000089b80000)
 Metaspace       used 86884K, committed 88896K, reserved 1179648K
  class space    used 11300K, committed 12224K, reserved 1048576K
}
Event: 538.111 GC heap after
{Heap after GC invocations=217 (full 3):
 PSYoungGen      total 6144K, used 256K [0x00000000d5580000, 0x00000000d5f00000, 0x0000000100000000)
  eden space 5632K, 0% used [0x00000000d5580000,0x00000000d5580000,0x00000000d5b00000)
  from space 512K, 50% used [0x00000000d5e80000,0x00000000d5ec0000,0x00000000d5f00000)
  to   space 512K, 0% used [0x00000000d5e00000,0x00000000d5e00000,0x00000000d5e80000)
 ParOldGen       total 159744K, used 159270K [0x0000000080000000, 0x0000000089c00000, 0x00000000d5580000)
  object space 159744K, 99% used [0x0000000080000000,0x0000000089b89b28,0x0000000089c00000)
 Metaspace       used 86884K, committed 88896K, reserved 1179648K
  class space    used 11300K, committed 12224K, reserved 1048576K
}
Event: 616.382 GC heap before
{Heap before GC invocations=218 (full 3):
 PSYoungGen      total 6144K, used 5888K [0x00000000d5580000, 0x00000000d5f00000, 0x0000000100000000)
  eden space 5632K, 100% used [0x00000000d5580000,0x00000000d5b00000,0x00000000d5b00000)
  from space 512K, 50% used [0x00000000d5e80000,0x00000000d5ec0000,0x00000000d5f00000)
  to   space 512K, 0% used [0x00000000d5e00000,0x00000000d5e00000,0x00000000d5e80000)
 ParOldGen       total 159744K, used 159270K [0x0000000080000000, 0x0000000089c00000, 0x00000000d5580000)
  object space 159744K, 99% used [0x0000000080000000,0x0000000089b89b28,0x0000000089c00000)
 Metaspace       used 86929K, committed 88896K, reserved 1179648K
  class space    used 11306K, committed 12224K, reserved 1048576K
}
Event: 616.386 GC heap after
{Heap after GC invocations=218 (full 3):
 PSYoungGen      total 6144K, used 471K [0x00000000d5580000, 0x00000000d5f00000, 0x0000000100000000)
  eden space 5632K, 0% used [0x00000000d5580000,0x00000000d5580000,0x00000000d5b00000)
  from space 512K, 92% used [0x00000000d5e00000,0x00000000d5e75fc8,0x00000000d5e80000)
  to   space 512K, 0% used [0x00000000d5e80000,0x00000000d5e80000,0x00000000d5f00000)
 ParOldGen       total 160768K, used 160318K [0x0000000080000000, 0x0000000089d00000, 0x00000000d5580000)
  object space 160768K, 99% used [0x0000000080000000,0x0000000089c8fb68,0x0000000089d00000)
 Metaspace       used 86929K, committed 88896K, reserved 1179648K
  class space    used 11306K, committed 12224K, reserved 1048576K
}
Event: 616.484 GC heap before
{Heap before GC invocations=219 (full 3):
 PSYoungGen      total 6144K, used 6085K [0x00000000d5580000, 0x00000000d5f00000, 0x0000000100000000)
  eden space 5632K, 99% used [0x00000000d5580000,0x00000000d5afb680,0x00000000d5b00000)
  from space 512K, 92% used [0x00000000d5e00000,0x00000000d5e75fc8,0x00000000d5e80000)
  to   space 512K, 0% used [0x00000000d5e80000,0x00000000d5e80000,0x00000000d5f00000)
 ParOldGen       total 160768K, used 160318K [0x0000000080000000, 0x0000000089d00000, 0x00000000d5580000)
  object space 160768K, 99% used [0x0000000080000000,0x0000000089c8fb68,0x0000000089d00000)
 Metaspace       used 86973K, committed 88960K, reserved 1179648K
  class space    used 11311K, committed 12224K, reserved 1048576K
}
Event: 616.486 GC heap after
{Heap after GC invocations=219 (full 3):
 PSYoungGen      total 6144K, used 492K [0x00000000d5580000, 0x00000000d5f00000, 0x0000000100000000)
  eden space 5632K, 0% used [0x00000000d5580000,0x00000000d5580000,0x00000000d5b00000)
  from space 512K, 96% used [0x00000000d5e80000,0x00000000d5efb2d8,0x00000000d5f00000)
  to   space 1536K, 0% used [0x00000000d5c00000,0x00000000d5c00000,0x00000000d5d80000)
 ParOldGen       total 161280K, used 160951K [0x0000000080000000, 0x0000000089d80000, 0x00000000d5580000)
  object space 161280K, 99% used [0x0000000080000000,0x0000000089d2ddf0,0x0000000089d80000)
 Metaspace       used 86973K, committed 88960K, reserved 1179648K
  class space    used 11311K, committed 12224K, reserved 1048576K
}
Event: 616.589 GC heap before
{Heap before GC invocations=220 (full 3):
 PSYoungGen      total 6144K, used 6124K [0x00000000d5580000, 0x00000000d5f00000, 0x0000000100000000)
  eden space 5632K, 100% used [0x00000000d5580000,0x00000000d5b00000,0x00000000d5b00000)
  from space 512K, 96% used [0x00000000d5e80000,0x00000000d5efb2d8,0x00000000d5f00000)
  to   space 1536K, 0% used [0x00000000d5c00000,0x00000000d5c00000,0x00000000d5d80000)
 ParOldGen       total 161280K, used 160951K [0x0000000080000000, 0x0000000089d80000, 0x00000000d5580000)
  object space 161280K, 99% used [0x0000000080000000,0x0000000089d2ddf0,0x0000000089d80000)
 Metaspace       used 87276K, committed 89344K, reserved 1179648K
  class space    used 11344K, committed 12288K, reserved 1048576K
}
Event: 616.592 GC heap after
{Heap after GC invocations=220 (full 3):
 PSYoungGen      total 7168K, used 1528K [0x00000000d5580000, 0x00000000d6000000, 0x0000000100000000)
  eden space 5632K, 0% used [0x00000000d5580000,0x00000000d5580000,0x00000000d5b00000)
  from space 1536K, 99% used [0x00000000d5c00000,0x00000000d5d7e020,0x00000000d5d80000)
  to   space 2560K, 0% used [0x00000000d5d80000,0x00000000d5d80000,0x00000000d6000000)
 ParOldGen       total 161792K, used 161535K [0x0000000080000000, 0x0000000089e00000, 0x00000000d5580000)
  object space 161792K, 99% used [0x0000000080000000,0x0000000089dbfdf0,0x0000000089e00000)
 Metaspace       used 87276K, committed 89344K, reserved 1179648K
  class space    used 11344K, committed 12288K, reserved 1048576K
}
Event: 616.617 GC heap before
{Heap before GC invocations=221 (full 3):
 PSYoungGen      total 7168K, used 7158K [0x00000000d5580000, 0x00000000d6000000, 0x0000000100000000)
  eden space 5632K, 99% used [0x00000000d5580000,0x00000000d5aff8b8,0x00000000d5b00000)
  from space 1536K, 99% used [0x00000000d5c00000,0x00000000d5d7e020,0x00000000d5d80000)
  to   space 2560K, 0% used [0x00000000d5d80000,0x00000000d5d80000,0x00000000d6000000)
 ParOldGen       total 161792K, used 161535K [0x0000000080000000, 0x0000000089e00000, 0x00000000d5580000)
  object space 161792K, 99% used [0x0000000080000000,0x0000000089dbfdf0,0x0000000089e00000)
 Metaspace       used 87310K, committed 89408K, reserved 1179648K
  class space    used 11352K, committed 12288K, reserved 1048576K
}
Event: 616.620 GC heap after
{Heap after GC invocations=221 (full 3):
 PSYoungGen      total 7680K, used 1996K [0x00000000d5580000, 0x00000000d5f80000, 0x0000000100000000)
  eden space 5632K, 0% used [0x00000000d5580000,0x00000000d5580000,0x00000000d5b00000)
  from space 2048K, 97% used [0x00000000d5d80000,0x00000000d5f73030,0x00000000d5f80000)
  to   space 2048K, 0% used [0x00000000d5b80000,0x00000000d5b80000,0x00000000d5d80000)
 ParOldGen       total 162816K, used 162487K [0x0000000080000000, 0x0000000089f00000, 0x00000000d5580000)
  object space 162816K, 99% used [0x0000000080000000,0x0000000089eaddf0,0x0000000089f00000)
 Metaspace       used 87310K, committed 89408K, reserved 1179648K
  class space    used 11352K, committed 12288K, reserved 1048576K
}
Event: 616.689 GC heap before
{Heap before GC invocations=222 (full 3):
 PSYoungGen      total 7680K, used 7628K [0x00000000d5580000, 0x00000000d5f80000, 0x0000000100000000)
  eden space 5632K, 100% used [0x00000000d5580000,0x00000000d5b00000,0x00000000d5b00000)
  from space 2048K, 97% used [0x00000000d5d80000,0x00000000d5f73030,0x00000000d5f80000)
  to   space 2048K, 0% used [0x00000000d5b80000,0x00000000d5b80000,0x00000000d5d80000)
 ParOldGen       total 162816K, used 162487K [0x0000000080000000, 0x0000000089f00000, 0x00000000d5580000)
  object space 162816K, 99% used [0x0000000080000000,0x0000000089eaddf0,0x0000000089f00000)
 Metaspace       used 87566K, committed 89664K, reserved 1179648K
  class space    used 11371K, committed 12352K, reserved 1048576K
}
Event: 616.692 GC heap after
{Heap after GC invocations=222 (full 3):
 PSYoungGen      total 7680K, used 1744K [0x00000000d5580000, 0x00000000d5f00000, 0x0000000100000000)
  eden space 5632K, 0% used [0x00000000d5580000,0x00000000d5580000,0x00000000d5b00000)
  from space 2048K, 85% used [0x00000000d5b80000,0x00000000d5d34010,0x00000000d5d80000)
  to   space 1536K, 0% used [0x00000000d5d80000,0x00000000d5d80000,0x00000000d5f00000)
 ParOldGen       total 164864K, used 164363K [0x0000000080000000, 0x000000008a100000, 0x00000000d5580000)
  object space 164864K, 99% used [0x0000000080000000,0x000000008a082e20,0x000000008a100000)
 Metaspace       used 87566K, committed 89664K, reserved 1179648K
  class space    used 11371K, committed 12352K, reserved 1048576K
}
Event: 616.709 GC heap before
{Heap before GC invocations=223 (full 3):
 PSYoungGen      total 7680K, used 7376K [0x00000000d5580000, 0x00000000d5f00000, 0x0000000100000000)
  eden space 5632K, 100% used [0x00000000d5580000,0x00000000d5b00000,0x00000000d5b00000)
  from space 2048K, 85% used [0x00000000d5b80000,0x00000000d5d34010,0x00000000d5d80000)
  to   space 1536K, 0% used [0x00000000d5d80000,0x00000000d5d80000,0x00000000d5f00000)
 ParOldGen       total 164864K, used 164363K [0x0000000080000000, 0x000000008a100000, 0x00000000d5580000)
  object space 164864K, 99% used [0x0000000080000000,0x000000008a082e20,0x000000008a100000)
 Metaspace       used 87567K, committed 89664K, reserved 1179648K
  class space    used 11371K, committed 12352K, reserved 1048576K
}
Event: 616.712 GC heap after
{Heap after GC invocations=223 (full 3):
 PSYoungGen      total 5120K, used 1504K [0x00000000d5580000, 0x00000000d6400000, 0x0000000100000000)
  eden space 3584K, 0% used [0x00000000d5580000,0x00000000d5580000,0x00000000d5900000)
  from space 1536K, 97% used [0x00000000d5d80000,0x00000000d5ef8010,0x00000000d5f00000)
  to   space 4608K, 0% used [0x00000000d5900000,0x00000000d5900000,0x00000000d5d80000)
 ParOldGen       total 166912K, used 166659K [0x0000000080000000, 0x000000008a300000, 0x00000000d5580000)
  object space 166912K, 99% used [0x0000000080000000,0x000000008a2c0e20,0x000000008a300000)
 Metaspace       used 87567K, committed 89664K, reserved 1179648K
  class space    used 11371K, committed 12352K, reserved 1048576K
}
Event: 616.903 GC heap before
{Heap before GC invocations=224 (full 3):
 PSYoungGen      total 5120K, used 5069K [0x00000000d5580000, 0x00000000d6400000, 0x0000000100000000)
  eden space 3584K, 99% used [0x00000000d5580000,0x00000000d58fb658,0x00000000d5900000)
  from space 1536K, 97% used [0x00000000d5d80000,0x00000000d5ef8010,0x00000000d5f00000)
  to   space 4608K, 0% used [0x00000000d5900000,0x00000000d5900000,0x00000000d5d80000)
 ParOldGen       total 166912K, used 166659K [0x0000000080000000, 0x000000008a300000, 0x00000000d5580000)
  object space 166912K, 99% used [0x0000000080000000,0x000000008a2c0e20,0x000000008a300000)
 Metaspace       used 87684K, committed 89792K, reserved 1179648K
  class space    used 11384K, committed 12352K, reserved 1048576K
}
Event: 616.906 GC heap after
{Heap after GC invocations=224 (full 3):
 PSYoungGen      total 4096K, used 278K [0x00000000d5580000, 0x00000000d5e00000, 0x0000000100000000)
  eden space 3584K, 0% used [0x00000000d5580000,0x00000000d5580000,0x00000000d5900000)
  from space 512K, 54% used [0x00000000d5900000,0x00000000d5945a30,0x00000000d5980000)
  to   space 2048K, 0% used [0x00000000d5c00000,0x00000000d5c00000,0x00000000d5e00000)
 ParOldGen       total 168448K, used 168195K [0x0000000080000000, 0x000000008a480000, 0x00000000d5580000)
  object space 168448K, 99% used [0x0000000080000000,0x000000008a440e30,0x000000008a480000)
 Metaspace       used 87684K, committed 89792K, reserved 1179648K
  class space    used 11384K, committed 12352K, reserved 1048576K
}

Dll operation events (19 events):
Event: 0.027 Loaded shared library c:\Users\NAGARAJU\.antigravity-ide\extensions\redhat.java-1.55.0-win32-x64\jre\21.0.11-win32-x86_64\bin\java.dll
Event: 0.146 Loaded shared library c:\Users\NAGARAJU\.antigravity-ide\extensions\redhat.java-1.55.0-win32-x64\jre\21.0.11-win32-x86_64\bin\zip.dll
Event: 0.197 Loaded shared library C:\Users\NAGARAJU\.antigravity-ide\extensions\redhat.java-1.55.0-win32-x64\jre\21.0.11-win32-x86_64\bin\instrument.dll
Event: 0.208 Loaded shared library C:\Users\NAGARAJU\.antigravity-ide\extensions\redhat.java-1.55.0-win32-x64\jre\21.0.11-win32-x86_64\bin\net.dll
Event: 0.214 Loaded shared library C:\Users\NAGARAJU\.antigravity-ide\extensions\redhat.java-1.55.0-win32-x64\jre\21.0.11-win32-x86_64\bin\nio.dll
Event: 0.222 Loaded shared library C:\Users\NAGARAJU\.antigravity-ide\extensions\redhat.java-1.55.0-win32-x64\jre\21.0.11-win32-x86_64\bin\zip.dll
Event: 0.252 Loaded shared library C:\Users\NAGARAJU\.antigravity-ide\extensions\redhat.java-1.55.0-win32-x64\jre\21.0.11-win32-x86_64\bin\jimage.dll
Event: 0.442 Loaded shared library c:\Users\NAGARAJU\.antigravity-ide\extensions\redhat.java-1.55.0-win32-x64\jre\21.0.11-win32-x86_64\bin\verify.dll
Event: 15.896 Loaded shared library C:\Users\NAGARAJU\AppData\Roaming\Antigravity IDE\User\globalStorage\redhat.java\1.55.0\config_win\org.eclipse.equinox.launcher\org.eclipse.equinox.launcher.win32.win32.x86_64_1.3.100.v20260613-0559\eclipse_11924.dll
Event: 36.711 Loaded shared library C:\Users\NAGARAJU\AppData\Local\Temp\jna--1846343929\jna3076211896720405671.dll
Event: 78.203 Loaded shared library C:\Users\NAGARAJU\.gradle\native\1def1411415f61bf3af743bc5b6707747c0891f09f0c88961ee8f79bc544acac\windows-amd64\native-platform.dll
Event: 94.735 Loaded shared library C:\Users\NAGARAJU\.antigravity-ide\extensions\redhat.java-1.55.0-win32-x64\jre\21.0.11-win32-x86_64\bin\management.dll
Event: 94.740 Loaded shared library C:\Users\NAGARAJU\.antigravity-ide\extensions\redhat.java-1.55.0-win32-x64\jre\21.0.11-win32-x86_64\bin\management_ext.dll
Event: 94.912 Loaded shared library C:\Users\NAGARAJU\.antigravity-ide\extensions\redhat.java-1.55.0-win32-x64\jre\21.0.11-win32-x86_64\bin\extnet.dll
Event: 99.091 Loaded shared library C:\Users\NAGARAJU\.antigravity-ide\extensions\redhat.java-1.55.0-win32-x64\jre\21.0.11-win32-x86_64\bin\sunmscapi.dll
Event: 289.020 Loaded shared library C:\Users\NAGARAJU\.gradle\native\c067742578af261105cb4f569cf0c3c89f3d7b1fecec35dd04571415982c5e48\windows-amd64\native-platform.dll
Event: 333.075 Loaded shared library C:\Users\NAGARAJU\.gradle\native\29\windows-amd64\native-platform.dll
Event: 490.011 Loaded shared library C:\Users\NAGARAJU\.gradle\native\25\windows-amd64\native-platform.dll
Event: 509.259 Loaded shared library C:\Users\NAGARAJU\.gradle\native\e1d6ef7f7dcc3fd88c89a11ec53ec762bb8ba0a96d01ffa2cd45eb1d1d8dd5c5\windows-amd64\native-platform.dll

Deoptimization events (20 events):
Event: 616.979 Thread 0x000001ee91506530 Uncommon trap: trap_request=0xffffffc6 fr.pc=0x000001ee3dcbea88 relative=0x00000000000001e8
Event: 616.979 Thread 0x000001ee91506530 Uncommon trap: reason=bimorphic_or_optimized_type_check action=maybe_recompile pc=0x000001ee3dcbea88 method=java.util.Collections.eq(Ljava/lang/Object;Ljava/lang/Object;)Z @ 18 c2
Event: 616.979 Thread 0x000001ee91506530 DEOPT PACKING pc=0x000001ee3dcbea88 sp=0x0000007c293fecf0
Event: 616.979 Thread 0x000001ee91506530 DEOPT UNPACKING pc=0x000001ee3d623aa2 sp=0x0000007c293fec30 mode 2
Event: 617.011 Thread 0x000001ee91506530 Uncommon trap: trap_request=0xffffff45 fr.pc=0x000001ee3e402d60 relative=0x00000000000004e0
Event: 617.011 Thread 0x000001ee91506530 Uncommon trap: reason=unstable_if action=reinterpret pc=0x000001ee3e402d60 method=org.eclipse.core.internal.resources.ProjectPreferences.silentLoad()V @ 25 c2
Event: 617.011 Thread 0x000001ee91506530 DEOPT PACKING pc=0x000001ee3e402d60 sp=0x0000007c293fec70
Event: 617.012 Thread 0x000001ee91506530 DEOPT UNPACKING pc=0x000001ee3d623aa2 sp=0x0000007c293fec50 mode 2
Event: 1237.956 Thread 0x000001ee91506530 Uncommon trap: trap_request=0xffffff45 fr.pc=0x000001ee3e330d68 relative=0x0000000000001c28
Event: 1237.957 Thread 0x000001ee91506530 Uncommon trap: reason=unstable_if action=reinterpret pc=0x000001ee3e330d68 method=org.eclipse.core.internal.utils.StringPool.add(Ljava/lang/String;)Ljava/lang/String; @ 1 c2
Event: 1237.957 Thread 0x000001ee91506530 DEOPT PACKING pc=0x000001ee3e330d68 sp=0x0000007c293fefc0
Event: 1237.960 Thread 0x000001ee91506530 DEOPT UNPACKING pc=0x000001ee3d623aa2 sp=0x0000007c293fef68 mode 2
Event: 1237.965 Thread 0x000001ee91506530 Uncommon trap: trap_request=0xffffff45 fr.pc=0x000001ee3e33291c relative=0x000000000000011c
Event: 1237.966 Thread 0x000001ee91506530 Uncommon trap: reason=unstable_if action=reinterpret pc=0x000001ee3e33291c method=org.eclipse.core.internal.dtree.DataTreeNode.storeStrings(Lorg/eclipse/core/internal/utils/StringPool;)V @ 14 c2
Event: 1237.966 Thread 0x000001ee91506530 DEOPT PACKING pc=0x000001ee3e33291c sp=0x0000007c293ff090
Event: 1237.966 Thread 0x000001ee91506530 DEOPT UNPACKING pc=0x000001ee3d623aa2 sp=0x0000007c293ff028 mode 2
Event: 1237.966 Thread 0x000001ee91506530 Uncommon trap: trap_request=0xffffff45 fr.pc=0x000001ee3e32e474 relative=0x00000000000009f4
Event: 1237.966 Thread 0x000001ee91506530 Uncommon trap: reason=unstable_if action=reinterpret pc=0x000001ee3e32e474 method=org.eclipse.core.internal.utils.StringPool.add(Ljava/lang/String;)Ljava/lang/String; @ 1 c2
Event: 1237.966 Thread 0x000001ee91506530 DEOPT PACKING pc=0x000001ee3e32e474 sp=0x0000007c293fef60
Event: 1237.967 Thread 0x000001ee91506530 DEOPT UNPACKING pc=0x000001ee3d623aa2 sp=0x0000007c293fef38 mode 2

Classes loaded (20 events):
Event: 309.008 Loading class java/nio/file/AtomicMoveNotSupportedException
Event: 309.008 Loading class java/nio/file/AtomicMoveNotSupportedException done
Event: 331.405 Loading class java/io/ObjectStreamClass$1
Event: 331.405 Loading class java/io/ObjectStreamClass$1 done
Event: 331.405 Loading class java/io/ObjectStreamClass$MemberSignature
Event: 331.405 Loading class java/io/ObjectStreamClass$MemberSignature done
Event: 331.405 Loading class java/io/ObjectStreamClass$3
Event: 331.406 Loading class java/io/ObjectStreamClass$3 done
Event: 331.407 Loading class java/io/ObjectStreamClass$4
Event: 331.408 Loading class java/io/ObjectStreamClass$4 done
Event: 331.408 Loading class java/io/ObjectStreamClass$5
Event: 331.408 Loading class java/io/ObjectStreamClass$5 done
Event: 331.432 Loading class java/net/Proxy
Event: 331.433 Loading class java/net/Proxy done
Event: 331.474 Loading class java/io/ObjectStreamClass$ExceptionInfo
Event: 331.474 Loading class java/io/ObjectStreamClass$ExceptionInfo done
Event: 616.614 Loading class sun/reflect/generics/tree/IntSignature
Event: 616.615 Loading class sun/reflect/generics/tree/IntSignature done
Event: 616.934 Loading class java/io/SequenceInputStream
Event: 616.934 Loading class java/io/SequenceInputStream done

Classes unloaded (19 events):
Event: 38.349 Thread 0x000001ee49910d50 Unloading class 0x000001ee4b1a8c00 'java/lang/invoke/LambdaForm$MH+0x000001ee4b1a8c00'
Event: 38.349 Thread 0x000001ee49910d50 Unloading class 0x000001ee4b1a8800 'java/lang/invoke/LambdaForm$MH+0x000001ee4b1a8800'
Event: 38.349 Thread 0x000001ee49910d50 Unloading class 0x000001ee4b1a8400 'java/lang/invoke/LambdaForm$MH+0x000001ee4b1a8400'
Event: 38.349 Thread 0x000001ee49910d50 Unloading class 0x000001ee4b1a8000 'java/lang/invoke/LambdaForm$MH+0x000001ee4b1a8000'
Event: 38.349 Thread 0x000001ee49910d50 Unloading class 0x000001ee4b1a7c00 'java/lang/invoke/LambdaForm$BMH+0x000001ee4b1a7c00'
Event: 38.349 Thread 0x000001ee49910d50 Unloading class 0x000001ee4b1a7800 'java/lang/invoke/LambdaForm$DMH+0x000001ee4b1a7800'
Event: 38.349 Thread 0x000001ee49910d50 Unloading class 0x000001ee4b1a6400 'java/lang/invoke/LambdaForm$DMH+0x000001ee4b1a6400'
Event: 39.825 Thread 0x000001ee49910d50 Unloading class 0x000001ee4b334000 'java/lang/invoke/LambdaForm$MH+0x000001ee4b334000'
Event: 39.825 Thread 0x000001ee49910d50 Unloading class 0x000001ee4b333000 'java/lang/invoke/LambdaForm$MH+0x000001ee4b333000'
Event: 39.825 Thread 0x000001ee49910d50 Unloading class 0x000001ee4b332800 'java/lang/invoke/LambdaForm$MH+0x000001ee4b332800'
Event: 39.825 Thread 0x000001ee49910d50 Unloading class 0x000001ee4b332400 'java/lang/invoke/LambdaForm$DMH+0x000001ee4b332400'
Event: 39.825 Thread 0x000001ee49910d50 Unloading class 0x000001ee4b331800 'java/lang/invoke/LambdaForm$MH+0x000001ee4b331800'
Event: 39.825 Thread 0x000001ee49910d50 Unloading class 0x000001ee4b32a000 'java/lang/invoke/LambdaForm$MH+0x000001ee4b32a000'
Event: 39.825 Thread 0x000001ee49910d50 Unloading class 0x000001ee4b329800 'java/lang/invoke/LambdaForm$MH+0x000001ee4b329800'
Event: 39.825 Thread 0x000001ee49910d50 Unloading class 0x000001ee4b329400 'java/lang/invoke/LambdaForm$MH+0x000001ee4b329400'
Event: 39.825 Thread 0x000001ee49910d50 Unloading class 0x000001ee4b328400 'java/lang/invoke/LambdaForm$MH+0x000001ee4b328400'
Event: 39.825 Thread 0x000001ee49910d50 Unloading class 0x000001ee4b325c00 'java/lang/invoke/LambdaForm$MH+0x000001ee4b325c00'
Event: 39.825 Thread 0x000001ee49910d50 Unloading class 0x000001ee4b325400 'java/lang/invoke/LambdaForm$MH+0x000001ee4b325400'
Event: 39.825 Thread 0x000001ee49910d50 Unloading class 0x000001ee4b324c00 'java/lang/invoke/LambdaForm$DMH+0x000001ee4b324c00'

Classes redefined (0 events):
No events

Internal exceptions (20 events):
Event: 537.046 Thread 0x000001ee91506530 Exception <a 'sun/nio/fs/WindowsException'{0x00000000d56d7010}> (0x00000000d56d7010) 
thrown [s\src\hotspot\share\prims\jni.cpp, line 520]
Event: 537.046 Thread 0x000001ee91506530 Exception <a 'sun/nio/fs/WindowsException'{0x00000000d56d79c0}> (0x00000000d56d79c0) 
thrown [s\src\hotspot\share\prims\jni.cpp, line 520]
Event: 616.302 Thread 0x000001ee92cab960 Exception <a 'java/lang/NoSuchMethodError'{0x00000000d58cde40}: static Lorg/gradle/tooling/internal/provider/serialization/ClassLoaderDetails;.<clinit>()V> (0x00000000d58cde40) 
thrown [s\src\hotspot\share\prims\jni.cpp, line 1111]
Event: 616.304 Thread 0x000001ee92cab960 Exception <a 'java/lang/NoSuchMethodError'{0x00000000d58dcfe0}: static Lorg/gradle/internal/classloader/ClassLoaderSpec;.<clinit>()V> (0x00000000d58dcfe0) 
thrown [s\src\hotspot\share\prims\jni.cpp, line 1111]
Event: 616.306 Thread 0x000001ee92cab960 Exception <a 'java/lang/NoSuchMethodError'{0x00000000d58eceb0}: static Lorg/gradle/tooling/internal/provider/serialization/WellKnownClassLoaderRegistry$KnownClassLoaderSpec;.<clinit>()V> (0x00000000d58eceb0) 
thrown [s\src\hotspot\share\prims\jni.cpp, line 1111]
Event: 616.308 Thread 0x000001ee92cab960 Exception <a 'java/lang/NoSuchMethodError'{0x00000000d58ffe58}: static Lorg/gradle/internal/classloader/ClassLoaderSpec;.<clinit>()V> (0x00000000d58ffe58) 
thrown [s\src\hotspot\share\prims\jni.cpp, line 1111]
Event: 616.311 Thread 0x000001ee92cab960 Exception <a 'java/lang/NoSuchMethodError'{0x00000000d59113c8}: static Lorg/gradle/internal/classloader/VisitableURLClassLoader$Spec;.<clinit>()V> (0x00000000d59113c8) 
thrown [s\src\hotspot\share\prims\jni.cpp, line 1111]
Event: 616.523 Thread 0x000001ee92cab960 Exception <a 'java/lang/NoSuchMethodError'{0x00000000d564e9a0}: static Lorg/gradle/plugins/ide/internal/tooling/model/DefaultGradleProject;.<clinit>()V> (0x00000000d564e9a0) 
thrown [s\src\hotspot\share\prims\jni.cpp, line 1111]
Event: 616.537 Thread 0x000001ee92cab960 Exception <a 'java/lang/NoSuchMethodError'{0x00000000d568a278}: static Lorg/gradle/plugins/ide/internal/tooling/model/DefaultGradleScript;.<clinit>()V> (0x00000000d568a278) 
thrown [s\src\hotspot\share\prims\jni.cpp, line 1111]
Event: 616.541 Thread 0x000001ee92cab960 Exception <a 'java/lang/NoSuchMethodError'{0x00000000d56a6fc8}: static [Ljava/lang/Object;.<clinit>()V> (0x00000000d56a6fc8) 
thrown [s\src\hotspot\share\prims\jni.cpp, line 1111]
Event: 616.566 Thread 0x000001ee92cab960 Exception <a 'java/lang/NoSuchMethodError'{0x00000000d57b8868}: static Lorg/gradle/tooling/internal/gradle/DefaultProjectIdentifier;.<clinit>()V> (0x00000000d57b8868) 
thrown [s\src\hotspot\share\prims\jni.cpp, line 1111]
Event: 616.568 Thread 0x000001ee92cab960 Exception <a 'java/lang/NoSuchMethodError'{0x00000000d57c7110}: static Lorg/gradle/tooling/internal/gradle/DefaultBuildIdentifier;.<clinit>()V> (0x00000000d57c7110) 
thrown [s\src\hotspot\share\prims\jni.cpp, line 1111]
Event: 616.574 Thread 0x000001ee92cab960 Exception <a 'java/lang/NoSuchMethodError'{0x00000000d58086d8}: static Lorg/gradle/plugins/ide/internal/tooling/model/LaunchableGradleTask;.<clinit>()V> (0x00000000d58086d8) 
thrown [s\src\hotspot\share\prims\jni.cpp, line 1111]
Event: 616.574 Thread 0x000001ee92cab960 Exception <a 'java/lang/NoSuchMethodError'{0x00000000d580e378}: static Lorg/gradle/plugins/ide/internal/tooling/model/LaunchableGradleProjectTask;.<clinit>()V> (0x00000000d580e378) 
thrown [s\src\hotspot\share\prims\jni.cpp, line 1111]
Event: 616.806 Thread 0x000001ee91506530 Exception <a 'java/lang/NoSuchMethodError'{0x00000000d5865120}: 'java.lang.Object java.lang.invoke.DirectMethodHandle$Holder.invokeStatic(java.lang.Object, java.lang.Object, int, java.lang.Object)'> (0x00000000d5865120) 
thrown [s\src\hotspot\share\interpreter\linkResolver.cpp, line 773]
Event: 616.808 Thread 0x000001ee91506530 Exception <a 'java/lang/NoSuchMethodError'{0x00000000d586b680}: 'java.lang.Object java.lang.invoke.DirectMethodHandle$Holder.newInvokeSpecial(java.lang.Object, java.lang.Object, int)'> (0x00000000d586b680) 
thrown [s\src\hotspot\share\interpreter\linkResolver.cpp, line 773]
Event: 617.010 Thread 0x000001ee91506530 Exception <a 'java/io/FileNotFoundException'{0x00000000d576b4a0}> (0x00000000d576b4a0) 
thrown [s\src\hotspot\share\prims\jni.cpp, line 520]
Event: 617.011 Thread 0x000001ee91506530 Exception <a 'java/io/FileNotFoundException'{0x00000000d576c248}> (0x00000000d576c248) 
thrown [s\src\hotspot\share\prims\jni.cpp, line 520]
Event: 1237.956 Thread 0x000001ee91506530 Implicit null exception at 0x000001ee3e32f18d to 0x000001ee3e330d54
Event: 1237.966 Thread 0x000001ee91506530 Implicit null exception at 0x000001ee3e32dac3 to 0x000001ee3e32e460

ZGC Phase Switch (0 events):
No events

VM Operations (20 events):
Event: 616.709 Executing safepoint VM operation: ParallelGCFailedAllocation (Allocation Failure)
Event: 616.712 Executing safepoint VM operation: ParallelGCFailedAllocation (Allocation Failure) done
Event: 616.903 Executing safepoint VM operation: ParallelGCFailedAllocation (Allocation Failure)
Event: 616.906 Executing safepoint VM operation: ParallelGCFailedAllocation (Allocation Failure) done
Event: 617.914 Executing safepoint VM operation: Cleanup
Event: 617.914 Executing safepoint VM operation: Cleanup done
Event: 1238.253 Executing safepoint VM operation: Cleanup
Event: 1238.256 Executing safepoint VM operation: Cleanup done
Event: 1262.907 Executing non-safepoint VM operation: HandshakeAllThreads (HandshakeForDeflation)
Event: 1262.908 Executing non-safepoint VM operation: HandshakeAllThreads (HandshakeForDeflation) done
Event: 1262.909 Executing non-safepoint VM operation: RendezvousGCThreads
Event: 1262.909 Executing non-safepoint VM operation: RendezvousGCThreads done
Event: 1563.609 Executing non-safepoint VM operation: HandshakeAllThreads (HandshakeForDeflation)
Event: 1563.612 Executing non-safepoint VM operation: HandshakeAllThreads (HandshakeForDeflation) done
Event: 1563.612 Executing non-safepoint VM operation: RendezvousGCThreads
Event: 1563.612 Executing non-safepoint VM operation: RendezvousGCThreads done
Event: 1683.847 Executing non-safepoint VM operation: HandshakeAllThreads (HandshakeForDeflation)
Event: 1683.848 Executing non-safepoint VM operation: HandshakeAllThreads (HandshakeForDeflation) done
Event: 1683.848 Executing non-safepoint VM operation: RendezvousGCThreads
Event: 1683.848 Executing non-safepoint VM operation: RendezvousGCThreads done

Memory protections (0 events):
No events

Nmethod flushes (20 events):
Event: 94.438 Thread 0x000001ee49910d50 flushing  nmethod 0x000001ee369ba290
Event: 94.438 Thread 0x000001ee49910d50 flushing  nmethod 0x000001ee369bbd10
Event: 94.438 Thread 0x000001ee49910d50 flushing  nmethod 0x000001ee369c6590
Event: 94.438 Thread 0x000001ee49910d50 flushing  nmethod 0x000001ee369e1710
Event: 94.438 Thread 0x000001ee49910d50 flushing  nmethod 0x000001ee36a00b10
Event: 94.438 Thread 0x000001ee49910d50 flushing  nmethod 0x000001ee36a04290
Event: 94.438 Thread 0x000001ee49910d50 flushing  nmethod 0x000001ee36a0a290
Event: 94.438 Thread 0x000001ee49910d50 flushing  nmethod 0x000001ee36a20390
Event: 94.438 Thread 0x000001ee49910d50 flushing  nmethod 0x000001ee36a20990
Event: 94.438 Thread 0x000001ee49910d50 flushing  nmethod 0x000001ee36a24b10
Event: 94.438 Thread 0x000001ee49910d50 flushing  nmethod 0x000001ee36a26610
Event: 94.438 Thread 0x000001ee49910d50 flushing  nmethod 0x000001ee36a4a410
Event: 94.438 Thread 0x000001ee49910d50 flushing  nmethod 0x000001ee36a6ab90
Event: 94.438 Thread 0x000001ee49910d50 flushing  nmethod 0x000001ee36a8a390
Event: 94.438 Thread 0x000001ee49910d50 flushing  nmethod 0x000001ee36a8dd90
Event: 94.438 Thread 0x000001ee49910d50 flushing  nmethod 0x000001ee36aa2310
Event: 94.438 Thread 0x000001ee49910d50 flushing  nmethod 0x000001ee36aa2710
Event: 94.438 Thread 0x000001ee49910d50 flushing  nmethod 0x000001ee36aa3c10
Event: 94.438 Thread 0x000001ee49910d50 flushing  nmethod 0x000001ee36aa4d90
Event: 94.438 Thread 0x000001ee49910d50 flushing  nmethod 0x000001ee36aa5a90

Events (20 events):
Event: 537.090 Thread 0x000001ee92ca9200 Thread added: 0x000001ee92caac40
Event: 537.963 Thread 0x000001ee92caac40 Thread exited: 0x000001ee92caac40
Event: 537.965 Thread 0x000001ee92ca9200 Thread exited: 0x000001ee92ca9200
Event: 538.043 Thread 0x000001ee91506530 Thread added: 0x000001ee92cab960
Event: 538.160 Thread 0x000001ee92cab960 Thread added: 0x000001ee92caac40
Event: 538.167 Thread 0x000001ee92caac40 Thread added: 0x000001ee92ca9200
Event: 538.168 Thread 0x000001ee92caac40 Thread added: 0x000001ee92cada30
Event: 538.168 Thread 0x000001ee92ca9200 Thread exited: 0x000001ee92ca9200
Event: 540.536 Thread 0x000001ee92caac40 Thread exited: 0x000001ee92caac40
Event: 540.537 Thread 0x000001ee92cada30 Thread exited: 0x000001ee92cada30
Event: 616.577 Thread 0x000001ee499296f0 Thread added: 0x000001ee9293bef0
Event: 616.594 Thread 0x000001ee9293bef0 Thread added: 0x000001ee9293fc40
Event: 616.637 Thread 0x000001ee92cab960 Thread exited: 0x000001ee92cab960
Event: 622.232 Thread 0x000001ee9293fc40 Thread exited: 0x000001ee9293fc40
Event: 622.232 Thread 0x000001ee9293bef0 Thread exited: 0x000001ee9293bef0
Event: 646.990 Thread 0x000001ee92cabff0 Thread exited: 0x000001ee92cabff0
Event: 657.260 Thread 0x000001ee915078e0 Thread exited: 0x000001ee915078e0
Event: 947.001 Thread 0x000001ee92ca9f20 Thread exited: 0x000001ee92ca9f20
Event: 1247.011 Thread 0x000001ee92ca9890 Thread exited: 0x000001ee92ca9890
Event: 1547.052 Thread 0x000001ee92cab2d0 Thread exited: 0x000001ee92cab2d0


Dynamic libraries:
0x00007ff609ea0000 - 0x00007ff609eae000 	c:\Users\NAGARAJU\.antigravity-ide\extensions\redhat.java-1.55.0-win32-x64\jre\21.0.11-win32-x86_64\bin\java.exe
0x00007ffebd520000 - 0x00007ffebd786000 	C:\WINDOWS\SYSTEM32\ntdll.dll
0x00007ffebc5b0000 - 0x00007ffebc679000 	C:\WINDOWS\System32\KERNEL32.DLL
0x00007ffebaa80000 - 0x00007ffebae7a000 	C:\WINDOWS\System32\KERNELBASE.dll
0x00007ffebae80000 - 0x00007ffebafcc000 	C:\WINDOWS\System32\ucrtbase.dll
0x00007ffeac350000 - 0x00007ffeac368000 	c:\Users\NAGARAJU\.antigravity-ide\extensions\redhat.java-1.55.0-win32-x64\jre\21.0.11-win32-x86_64\bin\jli.dll
0x00007ffeac3c0000 - 0x00007ffeac3de000 	c:\Users\NAGARAJU\.antigravity-ide\extensions\redhat.java-1.55.0-win32-x64\jre\21.0.11-win32-x86_64\bin\VCRUNTIME140.dll
0x00007ffebbec0000 - 0x00007ffebc087000 	C:\WINDOWS\System32\USER32.dll
0x00007ffebb1b0000 - 0x00007ffebb1d7000 	C:\WINDOWS\System32\win32u.dll
0x00007ffea72c0000 - 0x00007ffea7552000 	C:\WINDOWS\WinSxS\amd64_microsoft.windows.common-controls_6595b64144ccf1df_6.0.26100.8521_none_3e08b75ce33403b3\COMCTL32.dll
0x00007ffebcc60000 - 0x00007ffebcd09000 	C:\WINDOWS\System32\msvcrt.dll
0x00007ffebbe80000 - 0x00007ffebbeab000 	C:\WINDOWS\System32\GDI32.dll
0x00007ffebafd0000 - 0x00007ffebb0fb000 	C:\WINDOWS\System32\gdi32full.dll
0x00007ffebb1e0000 - 0x00007ffebb283000 	C:\WINDOWS\System32\msvcp_win.dll
0x00007ffebbc60000 - 0x00007ffebbc92000 	C:\WINDOWS\System32\IMM32.DLL
0x00007ffeac340000 - 0x00007ffeac34c000 	c:\Users\NAGARAJU\.antigravity-ide\extensions\redhat.java-1.55.0-win32-x64\jre\21.0.11-win32-x86_64\bin\vcruntime140_1.dll
0x00007ffe93c10000 - 0x00007ffe93c9d000 	c:\Users\NAGARAJU\.antigravity-ide\extensions\redhat.java-1.55.0-win32-x64\jre\21.0.11-win32-x86_64\bin\msvcp140.dll
0x00007ffe160d0000 - 0x00007ffe16e72000 	c:\Users\NAGARAJU\.antigravity-ide\extensions\redhat.java-1.55.0-win32-x64\jre\21.0.11-win32-x86_64\bin\server\jvm.dll
0x00007ffebc6e0000 - 0x00007ffebc796000 	C:\WINDOWS\System32\ADVAPI32.dll
0x00007ffebba20000 - 0x00007ffebbaca000 	C:\WINDOWS\System32\sechost.dll
0x00007ffebd280000 - 0x00007ffebd398000 	C:\WINDOWS\System32\RPCRT4.dll
0x00007ffebbad0000 - 0x00007ffebbb50000 	C:\WINDOWS\System32\WS2_32.dll
0x00007ffeba610000 - 0x00007ffeba66e000 	C:\WINDOWS\SYSTEM32\POWRPROF.dll
0x00007ffeb3750000 - 0x00007ffeb3786000 	C:\WINDOWS\SYSTEM32\WINMM.dll
0x00007ffeb3790000 - 0x00007ffeb379b000 	C:\WINDOWS\SYSTEM32\VERSION.dll
0x00007ffeba5f0000 - 0x00007ffeba604000 	C:\WINDOWS\SYSTEM32\UMPDC.dll
0x00007ffeb9540000 - 0x00007ffeb955b000 	C:\WINDOWS\SYSTEM32\kernel.appcore.dll
0x00007ffeac330000 - 0x00007ffeac33a000 	c:\Users\NAGARAJU\.antigravity-ide\extensions\redhat.java-1.55.0-win32-x64\jre\21.0.11-win32-x86_64\bin\jimage.dll
0x00007ffeae2e0000 - 0x00007ffeae522000 	C:\WINDOWS\SYSTEM32\DBGHELP.DLL
0x00007ffebcd10000 - 0x00007ffebd093000 	C:\WINDOWS\System32\combase.dll
0x00007ffebc7a0000 - 0x00007ffebc879000 	C:\WINDOWS\System32\OLEAUT32.dll
0x00007ffea16e0000 - 0x00007ffea171b000 	C:\WINDOWS\SYSTEM32\dbgcore.DLL
0x00007ffebb100000 - 0x00007ffebb1a8000 	C:\WINDOWS\System32\bcryptPrimitives.dll
0x00007ffeac320000 - 0x00007ffeac32f000 	c:\Users\NAGARAJU\.antigravity-ide\extensions\redhat.java-1.55.0-win32-x64\jre\21.0.11-win32-x86_64\bin\instrument.dll
0x00007ffea4750000 - 0x00007ffea4770000 	c:\Users\NAGARAJU\.antigravity-ide\extensions\redhat.java-1.55.0-win32-x64\jre\21.0.11-win32-x86_64\bin\java.dll
0x00007ffebb290000 - 0x00007ffebba14000 	C:\WINDOWS\System32\SHELL32.dll
0x00007ffeb8390000 - 0x00007ffeb8c10000 	C:\WINDOWS\SYSTEM32\windows.storage.dll
0x00007ffebbb60000 - 0x00007ffebbc56000 	C:\WINDOWS\System32\SHCORE.dll
0x00007ffebd3d0000 - 0x00007ffebd437000 	C:\WINDOWS\System32\shlwapi.dll
0x00007ffeba6d0000 - 0x00007ffeba6f9000 	C:\WINDOWS\SYSTEM32\profapi.dll
0x00007ffe9c2c0000 - 0x00007ffe9c2d8000 	c:\Users\NAGARAJU\.antigravity-ide\extensions\redhat.java-1.55.0-win32-x64\jre\21.0.11-win32-x86_64\bin\zip.dll
0x00007ffe93c00000 - 0x00007ffe93c10000 	C:\Users\NAGARAJU\.antigravity-ide\extensions\redhat.java-1.55.0-win32-x64\jre\21.0.11-win32-x86_64\bin\net.dll
0x00007ffeb0fb0000 - 0x00007ffeb10d9000 	C:\WINDOWS\SYSTEM32\WINHTTP.dll
0x00007ffeb9ab0000 - 0x00007ffeb9b1c000 	C:\WINDOWS\system32\mswsock.dll
0x00007ffe93be0000 - 0x00007ffe93bf6000 	C:\Users\NAGARAJU\.antigravity-ide\extensions\redhat.java-1.55.0-win32-x64\jre\21.0.11-win32-x86_64\bin\nio.dll
0x00007ffe93bd0000 - 0x00007ffe93be0000 	c:\Users\NAGARAJU\.antigravity-ide\extensions\redhat.java-1.55.0-win32-x64\jre\21.0.11-win32-x86_64\bin\verify.dll
0x00007ffe74a20000 - 0x00007ffe74a65000 	C:\Users\NAGARAJU\AppData\Roaming\Antigravity IDE\User\globalStorage\redhat.java\1.55.0\config_win\org.eclipse.equinox.launcher\org.eclipse.equinox.launcher.win32.win32.x86_64_1.3.100.v20260613-0559\eclipse_11924.dll
0x00007ffebca30000 - 0x00007ffebcbc8000 	C:\WINDOWS\System32\ole32.dll
0x00007ffeb9d90000 - 0x00007ffeb9dab000 	C:\WINDOWS\SYSTEM32\CRYPTSP.dll
0x00007ffeb94a0000 - 0x00007ffeb94d9000 	C:\WINDOWS\system32\rsaenh.dll
0x00007ffeb9b60000 - 0x00007ffeb9b93000 	C:\WINDOWS\SYSTEM32\USERENV.dll
0x00007ffeba6a0000 - 0x00007ffeba6ca000 	C:\WINDOWS\SYSTEM32\bcrypt.dll
0x00007ffeb9db0000 - 0x00007ffeb9dbc000 	C:\WINDOWS\SYSTEM32\CRYPTBASE.dll
0x00007ffeb8f40000 - 0x00007ffeb8f73000 	C:\WINDOWS\SYSTEM32\IPHLPAPI.DLL
0x00007ffebcbd0000 - 0x00007ffebcbda000 	C:\WINDOWS\System32\NSI.dll
0x00007ffe74980000 - 0x00007ffe749c9000 	C:\Users\NAGARAJU\AppData\Local\Temp\jna--1846343929\jna3076211896720405671.dll
0x00007ffebd4d0000 - 0x00007ffebd4d8000 	C:\WINDOWS\System32\PSAPI.DLL
0x00007ffeb3510000 - 0x00007ffeb352d000 	C:\WINDOWS\SYSTEM32\dhcpcsvc6.DLL
0x00007ffeb34a0000 - 0x00007ffeb34c5000 	C:\WINDOWS\SYSTEM32\dhcpcsvc.DLL
0x00007ffe3ee60000 - 0x00007ffe3ee87000 	C:\Users\NAGARAJU\.gradle\native\1def1411415f61bf3af743bc5b6707747c0891f09f0c88961ee8f79bc544acac\windows-amd64\native-platform.dll
0x00007ffe93bc0000 - 0x00007ffe93bca000 	C:\Users\NAGARAJU\.antigravity-ide\extensions\redhat.java-1.55.0-win32-x64\jre\21.0.11-win32-x86_64\bin\management.dll
0x00007ffe93bb0000 - 0x00007ffe93bbc000 	C:\Users\NAGARAJU\.antigravity-ide\extensions\redhat.java-1.55.0-win32-x64\jre\21.0.11-win32-x86_64\bin\management_ext.dll
0x00007ffeadc90000 - 0x00007ffeadc99000 	C:\Users\NAGARAJU\.antigravity-ide\extensions\redhat.java-1.55.0-win32-x64\jre\21.0.11-win32-x86_64\bin\extnet.dll
0x00007ffe93ba0000 - 0x00007ffe93bae000 	C:\Users\NAGARAJU\.antigravity-ide\extensions\redhat.java-1.55.0-win32-x64\jre\21.0.11-win32-x86_64\bin\sunmscapi.dll
0x00007ffeba7b0000 - 0x00007ffeba928000 	C:\WINDOWS\System32\CRYPT32.dll
0x00007ffeb9fb0000 - 0x00007ffeb9fe0000 	C:\WINDOWS\SYSTEM32\ncrypt.dll
0x00007ffeb9f60000 - 0x00007ffeb9f9f000 	C:\WINDOWS\SYSTEM32\NTASN1.dll
0x00007ffe86920000 - 0x00007ffe86928000 	C:\WINDOWS\system32\wshunix.dll
0x00007ffe7b9a0000 - 0x00007ffe7b9c7000 	C:\Users\NAGARAJU\.gradle\native\c067742578af261105cb4f569cf0c3c89f3d7b1fecec35dd04571415982c5e48\windows-amd64\native-platform.dll
0x00007ffe755b0000 - 0x00007ffe755d6000 	C:\Users\NAGARAJU\.gradle\native\29\windows-amd64\native-platform.dll
0x00007ffe80a20000 - 0x00007ffe80a3e000 	C:\Users\NAGARAJU\.gradle\native\25\windows-amd64\native-platform.dll
0x00007ffe81820000 - 0x00007ffe81847000 	C:\Users\NAGARAJU\.gradle\native\e1d6ef7f7dcc3fd88c89a11ec53ec762bb8ba0a96d01ffa2cd45eb1d1d8dd5c5\windows-amd64\native-platform.dll

JVMTI agents:
c:\Users\NAGARAJU\.antigravity-ide\extensions\redhat.java-1.55.0-win32-x64\lombok\lombok-1.18.39-4050.jar path:c:\Users\NAGARAJU\.antigravity-ide\extensions\redhat.java-1.55.0-win32-x64\jre\21.0.11-win32-x86_64\bin\instrument.dll, loaded, initialized, instrumentlib options:none

dbghelp: loaded successfully - version: 4.0.5 - missing functions: none
symbol engine: initialized successfully - sym options: 0x614 - pdb path: .;c:\Users\NAGARAJU\.antigravity-ide\extensions\redhat.java-1.55.0-win32-x64\jre\21.0.11-win32-x86_64\bin;C:\WINDOWS\SYSTEM32;C:\WINDOWS\WinSxS\amd64_microsoft.windows.common-controls_6595b64144ccf1df_6.0.26100.8521_none_3e08b75ce33403b3;c:\Users\NAGARAJU\.antigravity-ide\extensions\redhat.java-1.55.0-win32-x64\jre\21.0.11-win32-x86_64\bin\server;C:\Users\NAGARAJU\AppData\Roaming\Antigravity IDE\User\globalStorage\redhat.java\1.55.0\config_win\org.eclipse.equinox.launcher\org.eclipse.equinox.launcher.win32.win32.x86_64_1.3.100.v20260613-0559;C:\Users\NAGARAJU\AppData\Local\Temp\jna--1846343929;C:\Users\NAGARAJU\.gradle\native\1def1411415f61bf3af743bc5b6707747c0891f09f0c88961ee8f79bc544acac\windows-amd64;C:\Users\NAGARAJU\.gradle\native\c067742578af261105cb4f569cf0c3c89f3d7b1fecec35dd04571415982c5e48\windows-amd64;C:\Users\NAGARAJU\.gradle\native\29\windows-amd64;C:\Users\NAGARAJU\.gradle\native\25\windows-amd64;C:\Users\NAGARAJU\.gradle\native\e1d6ef7f7dcc3fd88c89a11ec53ec762bb8ba0a96d01ffa2cd45eb1d1d8dd5c5\windows-amd64

VM Arguments:
jvm_args: --add-modules=ALL-SYSTEM --add-opens=java.base/java.util=ALL-UNNAMED --add-opens=java.base/java.lang=ALL-UNNAMED --add-opens=java.base/sun.nio.fs=ALL-UNNAMED -Declipse.application=org.eclipse.jdt.ls.core.id1 -Dosgi.bundles.defaultStartLevel=4 -Declipse.product=org.eclipse.jdt.ls.core.product -Djava.import.generatesMetadataFilesAtProjectRoot=false -DDetectVMInstallationsJob.disabled=true -Dfile.encoding=utf8 -XX:+UseParallelGC -XX:GCTimeRatio=4 -XX:AdaptiveSizePolicyWeight=90 -Dsun.zip.disableMemoryMapping=true -Xmx2G -Xms100m -Xlog:disable -javaagent:c:\Users\NAGARAJU\.antigravity-ide\extensions\redhat.java-1.55.0-win32-x64\lombok\lombok-1.18.39-4050.jar -XX:+HeapDumpOnOutOfMemoryError -XX:HeapDumpPath=c:\Users\NAGARAJU\AppData\Roaming\Antigravity IDE\User\workspaceStorage\a678f10e9dfb1fe659294f81c59f0ef5\redhat.java -Daether.dependencyCollector.impl=bf 
java_command: c:\Users\NAGARAJU\.antigravity-ide\extensions\redhat.java-1.55.0-win32-x64\server\plugins\org.eclipse.equinox.launcher_1.7.200.v20260619-2039.jar -configuration c:\Users\NAGARAJU\AppData\Roaming\Antigravity IDE\User\globalStorage\redhat.java\1.55.0\config_win -data c:\Users\NAGARAJU\AppData\Roaming\Antigravity IDE\User\workspaceStorage\a678f10e9dfb1fe659294f81c59f0ef5\redhat.java\jdt_ws --pipe=\\.\pipe\lsp-efad6a2f1d318566607b137f5477c2d5-sock
java_class_path (initial): c:\Users\NAGARAJU\.antigravity-ide\extensions\redhat.java-1.55.0-win32-x64\server\plugins\org.eclipse.equinox.launcher_1.7.200.v20260619-2039.jar
Launcher Type: SUN_STANDARD

[Global flags]
    uintx AdaptiveSizePolicyWeight                 = 90                                        {product} {command line}
     intx CICompilerCount                          = 4                                         {product} {ergonomic}
    uintx GCTimeRatio                              = 4                                         {product} {command line}
     bool HeapDumpOnOutOfMemoryError               = true                                   {manageable} {command line}
    ccstr HeapDumpPath                             = c:\Users\NAGARAJU\AppData\Roaming\Antigravity IDE\User\workspaceStorage\a678f10e9dfb1fe659294f81c59f0ef5\redhat.java         {manageable} {command line}
   size_t InitialHeapSize                          = 104857600                                 {product} {command line}
   size_t MaxHeapSize                              = 2147483648                                {product} {command line}
   size_t MaxNewSize                               = 715653120                                 {product} {ergonomic}
   size_t MinHeapDeltaBytes                        = 524288                                    {product} {ergonomic}
   size_t MinHeapSize                              = 104857600                                 {product} {command line}
   size_t NewSize                                  = 34603008                                  {product} {ergonomic}
    uintx NonNMethodCodeHeapSize                   = 5839372                                {pd product} {ergonomic}
    uintx NonProfiledCodeHeapSize                  = 122909434                              {pd product} {ergonomic}
   size_t OldSize                                  = 70254592                                  {product} {ergonomic}
    uintx ProfiledCodeHeapSize                     = 122909434                              {pd product} {ergonomic}
    uintx ReservedCodeCacheSize                    = 251658240                              {pd product} {ergonomic}
     bool SegmentedCodeCache                       = true                                      {product} {ergonomic}
   size_t SoftMaxHeapSize                          = 2147483648                             {manageable} {ergonomic}
     bool UseCompressedOops                        = true                           {product lp64_product} {ergonomic}
     bool UseLargePagesIndividualAllocation        = false                                  {pd product} {ergonomic}
     bool UseParallelGC                            = true                                      {product} {command line}

Logging:
Log output configuration:
 #0: stdout all=off uptime,level,tags foldmultilines=false
 #1: stderr all=off uptime,level,tags foldmultilines=false

Release file:
JAVA_VERSION="21.0.11" 
MODULES="java.base java.compiler java.datatransfer java.xml java.prefs java.desktop java.instrument java.logging java.management java.security.sasl java.naming java.rmi java.management.rmi java.net.http java.scripting java.security.jgss java.transaction.xa java.sql java.sql.rowset java.xml.crypto java.se java.smartcardio jdk.accessibility jdk.internal.jvmstat jdk.attach jdk.charsets jdk.internal.opt jdk.zipfs jdk.compiler jdk.crypto.ec jdk.crypto.cryptoki jdk.crypto.mscapi jdk.dynalink jdk.internal.ed jdk.editpad jdk.hotspot.agent jdk.httpserver jdk.internal.le jdk.internal.vm.ci jdk.internal.vm.compiler jdk.internal.vm.compiler.management jdk.jartool jdk.javadoc jdk.jcmd jdk.management jdk.management.agent jdk.jconsole jdk.jdeps jdk.jdwp.agent jdk.jdi jdk.jfr jdk.jshell jdk.jsobject jdk.jstatd jdk.localedata jdk.management.jfr jdk.naming.dns jdk.naming.rmi jdk.net jdk.nio.mapmode jdk.random jdk.sctp jdk.security.auth jdk.security.jgss jdk.unsupported jdk.unsupported.desktop jdk.xml.dom" 

Environment Variables:
JAVA_HOME=C:\Program Files\Eclipse Adoptium\jdk-21.0.11.10-hotspot
PATH=C:\Program Files\Eclipse Adoptium\jdk-21.0.11.10-hotspot\bin;C:\Program Files\Eclipse Adoptium\jdk-11.0.26.4-hotspot\bin;C:\Program Files\Eclipse Adoptium\jdk-17.0.14.7-hotspot\bin;C:\Program Files\Java\jdk-17\bin;C:\Program Files\nodejs;E:\Android\Sdk\platform-tools;E:\Android\Sdk\emulator;E:\Android\Sdk\cmdline-tools\latest\bin;C:\Users\NAGARAJU\AppData\Local\Android\Sdk\platform-tools;C:\Users\NAGARAJU\AppData\Local\Android\Sdk\emulator;C:\Users\NAGARAJU\AppData\Local\Android\Sdk\cmdline-tools\latest\bin;C:\Program Files\Eclipse Adoptium\jdk-21.0.11.10-hotspot\bin;C:\Program Files\Eclipse Adoptium\jdk-11.0.26.4-hotspot\bin;C:\Program Files\Eclipse Adoptium\jdk-17.0.14.7-hotspot\bin;C:\Program Files\Java\jdk-17\bin;C:\Program Files\nodejs;E:\Android\Sdk\platform-tools;E:\Android\Sdk\emulator;E:\Android\Sdk\cmdline-tools\latest\bin;C:\Users\NAGARAJU\AppData\Local\Android\Sdk\platform-tools;C:\Users\NAGARAJU\AppData\Local\Android\Sdk\emulator;C:\Users\NAGARAJU\AppData\Local\Android\Sdk\cmdline-tools\latest\bin;C:\Program Files\Eclipse Adoptium\jdk-21.0.11.10-hotspot\bin;C:\Program Files\Eclipse Adoptium\jdk-11.0.26.4-hotspot\bin;C:\Program Files\Eclipse Adoptium\jdk-17.0.14.7-hotspot\bin;C:\Program Files\Java\jdk-17\bin;C:\Program Files\nodejs;E:\Android\Sdk\platform-tools;E:\Android\Sdk\emulator;E:\Android\Sdk\cmdline-tools\latest\bin;C:\Users\NAGARAJU\AppData\Local\Android\Sdk\platform-tools;C:\Users\NAGARAJU\AppData\Local\Android\Sdk\emulator;C:\Users\NAGARAJU\AppData\Local\Android\Sdk\cmdline-tools\latest\bin;C:\WINDOWS\System32;C:\ProgramData\chocolatey\bin;C:\Program Files\nodejs\;C:\Program Files\Git\cmd;C:\Windows\System32;C:\Windows\System32\WindowsPowerShell\v1.0;C:\Windows\System32\OpenSSH;C:\Windows\System32\WindowsPowerShell\v1.0\;C:\Users\NAGARAJU\Downloads\stripe_1.30.0_windows_x86_64;C:\WINDOWS\system32;C:\WINDOWS;C:\WINDOWS\System32\Wbem;C:\WINDOWS\System32\WindowsPowerShell\v1.0\;C:\WINDOWS\System32\OpenSSH\;C:\ProgramData\chocolatey\bin;C:\Program Files\nodejs\;C:\Program Files\Git\cmd;C:\Windows\System32;C:\Windows\System32\WindowsPowerShell\v1.0;C:\Windows\System32\OpenSSH;C:\Windows\System32\WindowsPowerShell\v1.0\;C:\Users\NAGARAJU\Downloads\stripe_1.30.0_windows_x86_64;C:\WINDOWS\system32;C:\WINDOWS;C:\WINDOWS\System32\Wbem;C:\WINDOWS\System32\WindowsPowerShell\v1.0\;C:\WINDOWS\System32\OpenSSH\;C:\ProgramData\chocolatey\bin;C:\Program Files\nodejs\;C:\Program Files\Git\cmd;C:\Windows\System32;C:\Windows\System32\WindowsPowerShell\v1.0;C:\Windows\System32\OpenSSH;C:\Windows\System32\WindowsPowerShell\v1.0\;C:\Users\NAGARAJU\Downloads\stripe_1.30.0_windows_x86_64;C:\WINDOWS\system32;C:\WINDOWS;C:\WINDOWS\System32\Wbem;C:\WINDOWS\System32\WindowsPowerShell\v1.0\;C:\WINDOWS\System32\OpenSSH\;C:\Program Files\Eclipse Adoptium\jdk-21.0.11.10-hotspot\bin;C:\Program Files\Eclipse Adoptium\jdk-11.0.26.4-hotspot\bin;C:\Program Files\Eclipse Adoptium\jdk-17.0.14.7-hotspot\bin;C:\Program Files\Java\jdk-17\bin;C:\Program Files\nodejs;E:\Android\Sdk\platform-tools;E:\Android\Sdk\emulator;E:\Android\Sdk\cmdline-tools\latest\bin;C:\Users\NAGARAJU\AppData\Local\Android\Sdk\platform-tools;C:\Users\NAGARAJU\AppData\Local\Android\Sdk\emulator;C:\Users\NAGARAJU\AppData\Local\Android\Sdk\cmdline-tools\latest\bin;C:\Program Files\Eclipse Adoptium\jdk-21.0.11.10-hotspot\bin;C:\Program Files\Eclipse Adoptium\jdk-11.0.26.4-hotspot\bin;C:\Program Files\Eclipse Adoptium\jdk-17.0.14.7-hotspot\bin;C:\Program Files\Java\jdk-17\bin;C:\Program Files\nodejs;E:\Android\Sdk\platform-tools;E:\Android\Sdk\emulator;E:\Android\Sdk\cmdline-tools\latest\bin;C:\Users\NAGARAJU\AppData\Local\Android\Sdk\platform-tools;C:\Users\NAGARAJU\AppData\Local\Android\Sdk\emulator;C:\Users\NAGARAJU\AppData\Local\Android\Sdk\cmdline-tools\latest\bin;C:\Program Files\Eclipse Adoptium\jdk-21.0.11.10-hotspot\bin;C:\Program Files\Eclipse Adoptium\jdk-11.0.26.4-hotspot\bin;C:\Program Files\Eclipse Adoptium\jdk-17.0.14.7-hotspot\bin;C:\Program Files\Java\jdk-17\bin;C:\Program Files\nodejs;E:\Android\Sdk\platform-tools;E:\Android\Sdk\emulator;E:\Android\Sdk\cmdline-tools\latest\bin;C:\Users\NAGARAJU\AppData\Local\Android\Sdk\platform-tools;C:\Users\NAGARAJU\AppData\Local\Android\Sdk\emulator;C:\Users\NAGARAJU\AppData\Local\Android\Sdk\cmdline-tools\latest\bin;C:\WINDOWS\System32;C:\ProgramData\chocolatey\bin;C:\Program Files\nodejs\;C:\Program Files\Git\cmd;C:\Windows\System32;C:\Windows\System32\WindowsPowerShell\v1.0;C:\Windows\System32\OpenSSH;C:\Windows\System32\WindowsPowerShell\v1.0\;C:\Users\NAGARAJU\Downloads\stripe_1.30.0_windows_x86_64;C:\WINDOWS\system32;C:\WINDOWS;C:\WINDOWS\System32\Wbem;C:\WINDOWS\System32\WindowsPowerShell\v1.0\;C:\WINDOWS\System32\OpenSSH\;C:\ProgramData\chocolatey\bin;C:\Program Files\nodejs\;C:\Program Files\Git\cmd;C:\Windows\System32;C:\Windows\System32\WindowsPowerShell\v1.0;C:\Windows\System32\OpenSSH;C:\Windows\System32\WindowsPowerShell\v1.0\;C:\Users\NAGARAJU\Downloads\stripe_1.30.0_windows_x86_64;C:\WINDOWS\system32;C:\WINDOWS;C:\WINDOWS\System32\Wbem;C:\WINDOWS\System32\WindowsPowerShell\v1.0\;C:\WINDOWS\System32\OpenSSH\;C:\ProgramData\chocolatey\bin;C:\Program Files\nodejs\;C:\Program Files\Git\cmd;C:\Windows\System32;C:\Windows\System32\WindowsPowerShell\v1.0;C:\Windows\System32\OpenSSH;C:\Windows\System32\WindowsPowerShell\v1.0\;C:\Users\NAGARAJU\Downloads\stripe_1.30.0_windows_x86_64;C:\WINDOWS\system32;C:\WINDOWS;C:\WINDOWS\System32\Wbem;C:\WINDOWS\System32\WindowsPowerShell\v1.0\;C:\WINDOWS\System32\OpenSSH\;C:\Users\NAGARAJU\AppData\Local\Android\Sdk\platform-tools;C:\Users\NAGARAJU\AppData\Local\Android\Sdk\cmdline-tools\latest\bin;C:\Users\NAGARAJU\AppData\Roaming\npm;C:\Users\NAGARAJU\AppData\Local\Programs\Microsoft VS Code\bin;C:\Users\NAGARAJU\AppData\Local\Programs\Antigravity IDE\bin;C:\Users\NAGARAJU\AppData\Local\Microsoft\WindowsApps;C:\Users\NAGARAJU\AppData\Local\Kingsoft\WPS Office\12.1.0.27458\clitool
USERNAME=NAGARAJU
OS=Windows_NT
PROCESSOR_IDENTIFIER=AMD64 Family 23 Model 104 Stepping 1, AuthenticAMD
TMP=C:\Users\NAGARAJU\AppData\Local\Temp
TEMP=C:\Users\NAGARAJU\AppData\Local\Temp




Periodic native trim disabled

---------------  S Y S T E M  ---------------

OS:
 Windows 11 , 64 bit Build 26100 (10.0.26100.8521)
OS uptime: 0 days 20:20 hours

CPU: total 8 (initial active 8) (8 cores per cpu, 2 threads per core) family 23 model 104 stepping 1 microcode 0x8608109, cx8, cmov, fxsr, ht, mmx, 3dnowpref, sse, sse2, sse3, ssse3, sse4a, sse4.1, sse4.2, popcnt, lzcnt, tsc, tscinvbit, avx, avx2, aes, clmul, bmi1, bmi2, adx, sha, fma, vzeroupper, clflush, clflushopt, rdtscp, rdpid, f16c
Processor Information for the first 8 processors :
  Max Mhz: 2600, Current Mhz: 2600, Mhz Limit: 2600

Memory: 4k page, system-wide physical 7502M (152M free)
TotalPageFile size 24586M (AvailPageFile size 82M)
current process WorkingSet (physical memory assigned to process): 10M, peak: 385M
current process commit charge ("private bytes"): 551M, peak: 620M

vm_info: OpenJDK 64-Bit Server VM (21.0.11+10-LTS) for windows-amd64 JRE (21.0.11+10-LTS), built on 2026-04-21T00:00:00Z by "admin" with MS VC++ 17.12 (VS2022)

END.
