#
# There is insufficient memory for the Java Runtime Environment to continue.
# Native memory allocation (malloc) failed to allocate 65552 bytes. Error detail: Chunk::new
# Possible reasons:
#   The system is out of physical RAM or swap space
#   This process is running with CompressedOops enabled, and the Java Heap may be blocking the growth of the native heap
# Possible solutions:
#   Reduce memory load on the system
#   Increase physical memory or swap space
#   Check if swap backing store is full
#   Decrease Java heap size (-Xmx/-Xms)
#   Decrease number of Java threads
#   Decrease Java thread stack sizes (-Xss)
#   Set larger code cache with -XX:ReservedCodeCacheSize=
#   JVM is running with Zero Based Compressed Oops mode in which the Java heap is
#     placed in the first 32GB address space. The Java Heap base address is the
#     maximum limit for the native heap growth. Please use -XX:HeapBaseMinAddress
#     to set the Java Heap base and to place the Java Heap above 32GB virtual address.
# This output file may be truncated or incomplete.
#
#  Out of Memory Error (arena.cpp:168), pid=34720, tid=38248
#
# JRE version: OpenJDK Runtime Environment Temurin-21.0.12.1+1 (21.0.12.1+1) (build 21.0.12.1+1-LTS)
# Java VM: OpenJDK 64-Bit Server VM Temurin-21.0.12.1+1 (21.0.12.1+1-LTS, mixed mode, sharing, tiered, compressed oops, compressed class ptrs, g1 gc, windows-amd64)
# No core dump will be written. Minidumps are not enabled by default on client versions of Windows
#

---------------  S U M M A R Y ------------

Command Line: --add-opens=java.base/java.lang=ALL-UNNAMED --add-opens=java.base/java.lang.invoke=ALL-UNNAMED --add-opens=java.base/java.util=ALL-UNNAMED --add-opens=java.prefs/java.util.prefs=ALL-UNNAMED --add-exports=jdk.compiler/com.sun.tools.javac.api=ALL-UNNAMED --add-exports=jdk.compiler/com.sun.tools.javac.util=ALL-UNNAMED --add-opens=java.base/java.util=ALL-UNNAMED --add-opens=java.prefs/java.util.prefs=ALL-UNNAMED --add-opens=java.base/java.nio.charset=ALL-UNNAMED --add-opens=java.base/java.net=ALL-UNNAMED --add-opens=java.base/java.util.concurrent.atomic=ALL-UNNAMED --add-opens=java.xml/javax.xml.namespace=ALL-UNNAMED -Xmx4096m -Dfile.encoding=UTF-8 -Duser.country=IN -Duser.language=en -Duser.variant -javaagent:C:\Users\NAGARAJU\.gradle\wrapper\dists\gradle-8.14.1-bin\baw1sv0jfoi8rxs14qo3h49cs\gradle-8.14.1\lib\agents\gradle-instrumentation-agent-8.14.1.jar org.gradle.launcher.daemon.bootstrap.GradleDaemon 8.14.1

Host: AMD Ryzen 3 5300U with Radeon Graphics         , 8 cores, 7G,  Windows 11 , 64 bit Build 26100 (10.0.26100.9168)
Time: Sat Sep  5 00:03:24 2026 India Standard Time elapsed time: 676.858862 seconds (0d 0h 11m 16s)

---------------  T H R E A D  ---------------

Current thread (0x000001c5679cf120):  JavaThread "C2 CompilerThread0" daemon [_thread_in_native, id=38248, stack(0x0000004678e00000,0x0000004678f00000) (1024K)]


Current CompileTask:
C2:676859 3958   !   4       java.net.URL::<init> (543 bytes)

Stack: [0x0000004678e00000,0x0000004678f00000]
Native frames: (J=compiled Java code, j=interpreted, Vv=VM code, C=native code)
V  [jvm.dll+0x6d83e9]
V  [jvm.dll+0x8b5736]
V  [jvm.dll+0x8b7cee]
V  [jvm.dll+0x8b83d3]
V  [jvm.dll+0x284596]
V  [jvm.dll+0xc685d]
V  [jvm.dll+0xc6da1]
V  [jvm.dll+0xc6985]
V  [jvm.dll+0x6fdf66]
V  [jvm.dll+0x24da2a]
V  [jvm.dll+0x24bbe6]
V  [jvm.dll+0x1cb4ae]
V  [jvm.dll+0x25baad]
V  [jvm.dll+0x25a03a]
V  [jvm.dll+0x3f8aae]
V  [jvm.dll+0x8600cd]
V  [jvm.dll+0x6d6c1d]
C  [ucrtbase.dll+0x2cd30]
C  [KERNEL32.DLL+0x2ccb7]
C  [ntdll.dll+0xaad6c]


---------------  P R O C E S S  ---------------

Threads class SMR info:
_java_thread_list=0x000001c56d0de300, length=25, elements={
0x000001c54e0b9850, 0x000001c5679c58b0, 0x000001c5679c8e90, 0x000001c5679ca460,
0x000001c5679caec0, 0x000001c5679cd930, 0x000001c5679ce390, 0x000001c5679cf120,
0x000001c567a0a6a0, 0x000001c56824c690, 0x000001c5682753a0, 0x000001c56d304430,
0x000001c5681f36d0, 0x000001c5685616d0, 0x000001c56d128600, 0x000001c56d329fe0,
0x000001c56d35da50, 0x000001c56dc58fc0, 0x000001c56dc59650, 0x000001c56dc5a370,
0x000001c56dc59ce0, 0x000001c56dc56ef0, 0x000001c56dc57580, 0x000001c56dc57c10,
0x000001c56dc582a0
}

Java Threads: ( => current thread )
  0x000001c54e0b9850 JavaThread "main"                              [_thread_blocked, id=37948, stack(0x0000004678000000,0x0000004678100000) (1024K)]
  0x000001c5679c58b0 JavaThread "Reference Handler"          daemon [_thread_blocked, id=38224, stack(0x0000004678800000,0x0000004678900000) (1024K)]
  0x000001c5679c8e90 JavaThread "Finalizer"                  daemon [_thread_blocked, id=38228, stack(0x0000004678900000,0x0000004678a00000) (1024K)]
  0x000001c5679ca460 JavaThread "Signal Dispatcher"          daemon [_thread_blocked, id=38232, stack(0x0000004678a00000,0x0000004678b00000) (1024K)]
  0x000001c5679caec0 JavaThread "Attach Listener"            daemon [_thread_blocked, id=38236, stack(0x0000004678b00000,0x0000004678c00000) (1024K)]
  0x000001c5679cd930 JavaThread "Service Thread"             daemon [_thread_blocked, id=38240, stack(0x0000004678c00000,0x0000004678d00000) (1024K)]
  0x000001c5679ce390 JavaThread "Monitor Deflation Thread"   daemon [_thread_blocked, id=38244, stack(0x0000004678d00000,0x0000004678e00000) (1024K)]
=>0x000001c5679cf120 JavaThread "C2 CompilerThread0"         daemon [_thread_in_native, id=38248, stack(0x0000004678e00000,0x0000004678f00000) (1024K)]
  0x000001c567a0a6a0 JavaThread "C1 CompilerThread0"         daemon [_thread_blocked, id=38268, stack(0x0000004678f00000,0x0000004679000000) (1024K)]
  0x000001c56824c690 JavaThread "Common-Cleaner"             daemon [_thread_blocked, id=38316, stack(0x0000004679000000,0x0000004679100000) (1024K)]
  0x000001c5682753a0 JavaThread "Notification Thread"        daemon [_thread_blocked, id=38408, stack(0x0000004679100000,0x0000004679200000) (1024K)]
  0x000001c56d304430 JavaThread "Daemon health stats"               [_thread_blocked, id=35836, stack(0x0000004679600000,0x0000004679700000) (1024K)]
  0x000001c5681f36d0 JavaThread "Incoming local TCP Connector on port 62805"        [_thread_in_native, id=34048, stack(0x0000004679700000,0x0000004679800000) (1024K)]
  0x000001c5685616d0 JavaThread "Daemon periodic checks"            [_thread_in_native, id=38788, stack(0x0000004679b00000,0x0000004679c00000) (1024K)]
  0x000001c56d128600 JavaThread "Daemon"                            [_thread_blocked, id=37396, stack(0x0000004679c00000,0x0000004679d00000) (1024K)]
  0x000001c56d329fe0 JavaThread "Handler for socket connection from /127.0.0.1:62805 to /127.0.0.1:62811"        [_thread_in_native, id=37592, stack(0x0000004679d00000,0x0000004679e00000) (1024K)]
  0x000001c56d35da50 JavaThread "Cancel handler"                    [_thread_blocked, id=37316, stack(0x0000004679e00000,0x0000004679f00000) (1024K)]
  0x000001c56dc58fc0 JavaThread "Daemon worker"                     [_thread_in_vm, id=37532, stack(0x0000004679f00000,0x000000467a000000) (1024K)]
  0x000001c56dc59650 JavaThread "Asynchronous log dispatcher for DefaultDaemonConnection: socket connection from /127.0.0.1:62805 to /127.0.0.1:62811"        [_thread_blocked, id=37288, stack(0x000000467a000000,0x000000467a100000) (1024K)]
  0x000001c56dc5a370 JavaThread "Stdin handler"                     [_thread_blocked, id=21388, stack(0x000000467a100000,0x000000467a200000) (1024K)]
  0x000001c56dc59ce0 JavaThread "Daemon client event forwarder"        [_thread_blocked, id=34864, stack(0x000000467a200000,0x000000467a300000) (1024K)]
  0x000001c56dc56ef0 JavaThread "Cache worker for journal cache (C:\Users\NAGARAJU\.gradle\caches\journal-1)"        [_thread_blocked, id=34976, stack(0x000000467a300000,0x000000467a400000) (1024K)]
  0x000001c56dc57580 JavaThread "File lock request listener"        [_thread_in_native, id=38260, stack(0x000000467a400000,0x000000467a500000) (1024K)]
  0x000001c56dc57c10 JavaThread "Cache worker for file hash cache (C:\Users\NAGARAJU\.gradle\caches\8.14.1\fileHashes)"        [_thread_blocked, id=37704, stack(0x000000467a500000,0x000000467a600000) (1024K)]
  0x000001c56dc582a0 JavaThread "File lock release action executor Thread 3"        [_thread_blocked, id=40120, stack(0x000000467a600000,0x000000467a700000) (1024K)]
Total: 25

Other Threads:
  0x000001c5679a73a0 VMThread "VM Thread"                           [id=38068, stack(0x0000004678700000,0x0000004678800000) (1024K)]
  0x000001c567997740 WatcherThread "VM Periodic Task Thread"        [id=38056, stack(0x0000004678600000,0x0000004678700000) (1024K)]
  0x000001c54e124f90 WorkerThread "GC Thread#0"                     [id=38012, stack(0x0000004678100000,0x0000004678200000) (1024K)]
  0x000001c5683d96c0 WorkerThread "GC Thread#1"                     [id=38544, stack(0x0000004679200000,0x0000004679300000) (1024K)]
  0x000001c5682e1730 WorkerThread "GC Thread#2"                     [id=38588, stack(0x0000004679300000,0x0000004679400000) (1024K)]
  0x000001c568c2e940 WorkerThread "GC Thread#3"                     [id=38856, stack(0x0000004679400000,0x0000004679500000) (1024K)]
  0x000001c56d30e7f0 WorkerThread "GC Thread#4"                     [id=38860, stack(0x0000004679500000,0x0000004679600000) (1024K)]
  0x000001c56813a210 WorkerThread "GC Thread#5"                     [id=38808, stack(0x0000004679800000,0x0000004679900000) (1024K)]
  0x000001c56d118ae0 WorkerThread "GC Thread#6"                     [id=38596, stack(0x0000004679900000,0x0000004679a00000) (1024K)]
  0x000001c56d118e90 WorkerThread "GC Thread#7"                     [id=36748, stack(0x0000004679a00000,0x0000004679b00000) (1024K)]
  0x000001c54e136da0 ConcurrentGCThread "G1 Main Marker"            [id=38016, stack(0x0000004678200000,0x0000004678300000) (1024K)]
  0x000001c54e1376c0 WorkerThread "G1 Conc#0"                       [id=38020, stack(0x0000004678300000,0x0000004678400000) (1024K)]
  0x000001c56d05d030 WorkerThread "G1 Conc#1"                       [id=39084, stack(0x000000467a700000,0x000000467a800000) (1024K)]
  0x000001c54e16e1d0 ConcurrentGCThread "G1 Refine#0"               [id=38024, stack(0x0000004678400000,0x0000004678500000) (1024K)]
  0x000001c54e16ea00 ConcurrentGCThread "G1 Service"                [id=38028, stack(0x0000004678500000,0x0000004678600000) (1024K)]
Total: 15

Threads with active compile tasks:
C2 CompilerThread0  676943 3958   !   4       java.net.URL::<init> (543 bytes)
Total: 1

VM state: not at safepoint (normal execution)

VM Mutex/Monitor currently owned by a thread: None

Heap address: 0x0000000700000000, size: 4096 MB, Compressed Oops mode: Zero based, Oop shift amount: 3

CDS archive(s) mapped at: [0x000001c500000000-0x000001c500ba0000-0x000001c500ba0000), size 12189696, SharedBaseAddress: 0x000001c500000000, ArchiveRelocationMode: 1.
Compressed class space mapped at: 0x000001c501000000-0x000001c541000000, reserved size: 1073741824
Narrow klass base: 0x000001c500000000, Narrow klass shift: 0, Narrow klass range: 0x100000000

GC Precious Log:
 CardTable entry size: 512
 Card Set container configuration: InlinePtr #cards 4 size 8 Array Of Cards #cards 16 size 48 Howl #buckets 8 coarsen threshold 3686 Howl Bitmap #cards 512 size 80 coarsen threshold 460 Card regions per heap region 1 cards per card region 4096
 CPUs: 8 total, 8 available
 Memory: 7502M
 Large Page Support: Disabled
 NUMA Support: Disabled
 Compressed Oops: Enabled (Zero based)
 Heap Region Size: 2M
 Heap Min Capacity: 8M
 Heap Initial Capacity: 118M
 Heap Max Capacity: 4G
 Pre-touch: Disabled
 Parallel Workers: 8
 Concurrent Workers: 2
 Concurrent Refinement Workers: 8
 Periodic GC: Disabled

Heap:
 garbage-first heap   total 90112K, used 30585K [0x0000000700000000, 0x0000000800000000)
  region size 2048K, 7 young (14336K), 3 survivors (6144K)
 Metaspace       used 21458K, committed 22208K, reserved 1114112K
  class space    used 3144K, committed 3520K, reserved 1048576K

Heap Regions: E=young(eden), S=young(survivor), O=old, HS=humongous(starts), HC=humongous(continues), CS=collection set, F=free, TAMS=top-at-mark-start, PB=parsable bottom
|   0|0x0000000700000000, 0x0000000700200000, 0x0000000700200000|100%|HS|  |TAMS 0x0000000700000000| PB 0x0000000700000000| Complete 
|   1|0x0000000700200000, 0x0000000700400000, 0x0000000700400000|100%|HC|  |TAMS 0x0000000700200000| PB 0x0000000700200000| Complete 
|   2|0x0000000700400000, 0x0000000700600000, 0x0000000700600000|100%| O|  |TAMS 0x0000000700400000| PB 0x0000000700400000| Untracked 
|   3|0x0000000700600000, 0x0000000700800000, 0x0000000700800000|100%| O|  |TAMS 0x0000000700600000| PB 0x0000000700600000| Untracked 
|   4|0x0000000700800000, 0x0000000700a00000, 0x0000000700a00000|100%| O|  |TAMS 0x0000000700800000| PB 0x0000000700800000| Untracked 
|   5|0x0000000700a00000, 0x0000000700c00000, 0x0000000700c00000|100%| O|  |TAMS 0x0000000700a00000| PB 0x0000000700a00000| Untracked 
|   6|0x0000000700c00000, 0x0000000700e00000, 0x0000000700e00000|100%| O|  |TAMS 0x0000000700c00000| PB 0x0000000700c00000| Untracked 
|   7|0x0000000700e00000, 0x0000000701000000, 0x0000000701000000|100%| O|  |TAMS 0x0000000700e00000| PB 0x0000000700e00000| Untracked 
|   8|0x0000000701000000, 0x0000000701200000, 0x0000000701200000|100%| O|  |TAMS 0x0000000701000000| PB 0x0000000701000000| Untracked 
|   9|0x0000000701200000, 0x000000070131be90, 0x0000000701400000| 55%| O|Cm|TAMS 0x0000000701200000| PB 0x0000000701200000| Complete 
|  10|0x0000000701400000, 0x0000000701400000, 0x0000000701600000|  0%| F|  |TAMS 0x0000000701400000| PB 0x0000000701400000| Untracked 
|  11|0x0000000701600000, 0x0000000701600000, 0x0000000701800000|  0%| F|  |TAMS 0x0000000701600000| PB 0x0000000701600000| Untracked 
|  12|0x0000000701800000, 0x0000000701800000, 0x0000000701a00000|  0%| F|  |TAMS 0x0000000701800000| PB 0x0000000701800000| Untracked 
|  13|0x0000000701a00000, 0x0000000701a00000, 0x0000000701c00000|  0%| F|  |TAMS 0x0000000701a00000| PB 0x0000000701a00000| Untracked 
|  14|0x0000000701c00000, 0x0000000701c00000, 0x0000000701e00000|  0%| F|  |TAMS 0x0000000701c00000| PB 0x0000000701c00000| Untracked 
|  15|0x0000000701e00000, 0x0000000701e00000, 0x0000000702000000|  0%| F|  |TAMS 0x0000000701e00000| PB 0x0000000701e00000| Untracked 
|  16|0x0000000702000000, 0x0000000702000000, 0x0000000702200000|  0%| F|  |TAMS 0x0000000702000000| PB 0x0000000702000000| Untracked 
|  17|0x0000000702200000, 0x0000000702200000, 0x0000000702400000|  0%| F|  |TAMS 0x0000000702200000| PB 0x0000000702200000| Untracked 
|  18|0x0000000702400000, 0x0000000702400000, 0x0000000702600000|  0%| F|  |TAMS 0x0000000702400000| PB 0x0000000702400000| Untracked 
|  19|0x0000000702600000, 0x0000000702600000, 0x0000000702800000|  0%| F|  |TAMS 0x0000000702600000| PB 0x0000000702600000| Untracked 
|  20|0x0000000702800000, 0x0000000702800000, 0x0000000702a00000|  0%| F|  |TAMS 0x0000000702800000| PB 0x0000000702800000| Untracked 
|  21|0x0000000702a00000, 0x0000000702ac2958, 0x0000000702c00000| 38%| S|CS|TAMS 0x0000000702a00000| PB 0x0000000702a00000| Complete 
|  22|0x0000000702c00000, 0x0000000702e00000, 0x0000000702e00000|100%| S|CS|TAMS 0x0000000702c00000| PB 0x0000000702c00000| Complete 
|  23|0x0000000702e00000, 0x0000000703000000, 0x0000000703000000|100%| S|CS|TAMS 0x0000000702e00000| PB 0x0000000702e00000| Complete 
|  24|0x0000000703000000, 0x0000000703000000, 0x0000000703200000|  0%| F|  |TAMS 0x0000000703000000| PB 0x0000000703000000| Untracked 
|  25|0x0000000703200000, 0x0000000703200000, 0x0000000703400000|  0%| F|  |TAMS 0x0000000703200000| PB 0x0000000703200000| Untracked 
|  26|0x0000000703400000, 0x0000000703400000, 0x0000000703600000|  0%| F|  |TAMS 0x0000000703400000| PB 0x0000000703400000| Untracked 
|  27|0x0000000703600000, 0x0000000703600000, 0x0000000703800000|  0%| F|  |TAMS 0x0000000703600000| PB 0x0000000703600000| Untracked 
|  28|0x0000000703800000, 0x0000000703800000, 0x0000000703a00000|  0%| F|  |TAMS 0x0000000703800000| PB 0x0000000703800000| Untracked 
|  29|0x0000000703a00000, 0x0000000703a00000, 0x0000000703c00000|  0%| F|  |TAMS 0x0000000703a00000| PB 0x0000000703a00000| Untracked 
|  30|0x0000000703c00000, 0x0000000703c00000, 0x0000000703e00000|  0%| F|  |TAMS 0x0000000703c00000| PB 0x0000000703c00000| Untracked 
|  31|0x0000000703e00000, 0x0000000703e00000, 0x0000000704000000|  0%| F|  |TAMS 0x0000000703e00000| PB 0x0000000703e00000| Untracked 
|  32|0x0000000704000000, 0x0000000704000000, 0x0000000704200000|  0%| F|  |TAMS 0x0000000704000000| PB 0x0000000704000000| Untracked 
|  33|0x0000000704200000, 0x0000000704200000, 0x0000000704400000|  0%| F|  |TAMS 0x0000000704200000| PB 0x0000000704200000| Untracked 
|  34|0x0000000704400000, 0x0000000704400000, 0x0000000704600000|  0%| F|  |TAMS 0x0000000704400000| PB 0x0000000704400000| Untracked 
|  35|0x0000000704600000, 0x0000000704600000, 0x0000000704800000|  0%| F|  |TAMS 0x0000000704600000| PB 0x0000000704600000| Untracked 
|  36|0x0000000704800000, 0x0000000704800000, 0x0000000704a00000|  0%| F|  |TAMS 0x0000000704800000| PB 0x0000000704800000| Untracked 
|  37|0x0000000704a00000, 0x0000000704a00000, 0x0000000704c00000|  0%| F|  |TAMS 0x0000000704a00000| PB 0x0000000704a00000| Untracked 
|  38|0x0000000704c00000, 0x0000000704c00000, 0x0000000704e00000|  0%| F|  |TAMS 0x0000000704c00000| PB 0x0000000704c00000| Untracked 
|  39|0x0000000704e00000, 0x0000000704e00000, 0x0000000705000000|  0%| F|  |TAMS 0x0000000704e00000| PB 0x0000000704e00000| Untracked 
|  40|0x0000000705000000, 0x000000070503deb8, 0x0000000705200000| 12%| E|  |TAMS 0x0000000705000000| PB 0x0000000705000000| Complete 
|  41|0x0000000705200000, 0x0000000705400000, 0x0000000705400000|100%| E|CS|TAMS 0x0000000705200000| PB 0x0000000705200000| Complete 
|  42|0x0000000705400000, 0x0000000705600000, 0x0000000705600000|100%| E|CS|TAMS 0x0000000705400000| PB 0x0000000705400000| Complete 
|  58|0x0000000707400000, 0x0000000707600000, 0x0000000707600000|100%| E|CS|TAMS 0x0000000707400000| PB 0x0000000707400000| Complete 

Card table byte_map: [0x000001c560de0000,0x000001c5615e0000] _byte_map_base: 0x000001c55d5e0000

Marking Bits: (CMBitMap*) 0x000001c54e1264c0
 Bits: [0x000001c5615e0000, 0x000001c5655e0000)

Polling page: 0x000001c54bf10000

Metaspace:

Usage:
  Non-class:     17.89 MB used.
      Class:      3.07 MB used.
       Both:     20.96 MB used.

Virtual space:
  Non-class space:       64.00 MB reserved,      18.25 MB ( 29%) committed,  1 nodes.
      Class space:        1.00 GB reserved,       3.44 MB ( <1%) committed,  1 nodes.
             Both:        1.06 GB reserved,      21.69 MB (  2%) committed. 

Chunk freelists:
   Non-Class:  13.78 MB
       Class:  12.40 MB
        Both:  26.18 MB

MaxMetaspaceSize: unlimited
CompressedClassSpaceSize: 1.00 GB
Initial GC threshold: 21.00 MB
Current GC threshold: 35.12 MB
CDS: on
 - commit_granule_bytes: 65536.
 - commit_granule_words: 8192.
 - virtual_space_node_default_size: 8388608.
 - enlarge_chunks_in_place: 1.
 - use_allocation_guard: 0.


Internal statistics:

num_allocs_failed_limit: 3.
num_arena_births: 1076.
num_arena_deaths: 0.
num_vsnodes_births: 2.
num_vsnodes_deaths: 0.
num_space_committed: 347.
num_space_uncommitted: 0.
num_chunks_returned_to_freelist: 3.
num_chunks_taken_from_freelist: 1956.
num_chunk_merges: 3.
num_chunk_splits: 1259.
num_chunks_enlarged: 802.
num_inconsistent_stats: 0.

CodeHeap 'non-profiled nmethods': size=120000Kb used=2234Kb max_used=2234Kb free=117765Kb
 bounds [0x000001c558d80000, 0x000001c558ff0000, 0x000001c5602b0000]
CodeHeap 'profiled nmethods': size=120000Kb used=7643Kb max_used=7643Kb free=112356Kb
 bounds [0x000001c5512b0000, 0x000001c551a30000, 0x000001c5587e0000]
CodeHeap 'non-nmethods': size=5760Kb used=1421Kb max_used=1459Kb free=4338Kb
 bounds [0x000001c5587e0000, 0x000001c558a50000, 0x000001c558d80000]
CodeCache: size=245760Kb, used=11298Kb, max_used=11336Kb, free=234459Kb
 total_blobs=4497, nmethods=3920, adapters=481, full_count=0
Compilation: enabled, stopped_count=0, restarted_count=0

Compilation events (20 events):
Event: 673.287 Thread 0x000001c567a0a6a0 nmethod 3949 0x000001c551a17890 code [0x000001c551a17a80, 0x000001c551a17dc8]
Event: 673.287 Thread 0x000001c567a0a6a0 3951       3       java.lang.invoke.InvokerBytecodeGenerator::bogusMethod (77 bytes)
Event: 673.287 Thread 0x000001c567a0a6a0 nmethod 3951 0x000001c551a17f10 code [0x000001c551a18160, 0x000001c551a18928]
Event: 673.703 Thread 0x000001c5679cf120 3952       4       java.util.ComparableTimSort::countRunAndMakeAscending (123 bytes)
Event: 673.704 Thread 0x000001c567a0a6a0 3953       3       java.util.concurrent.locks.ReentrantLock$Sync::isHeldExclusively (16 bytes)
Event: 673.712 Thread 0x000001c5679cf120 nmethod 3952 0x000001c558fad310 code [0x000001c558fad500, 0x000001c558fade88]
Event: 673.724 Thread 0x000001c567a0a6a0 nmethod 3953 0x000001c551a18b90 code [0x000001c551a18d40, 0x000001c551a18ed8]
Event: 674.074 Thread 0x000001c5679cf120 3954       4       java.util.regex.Pattern$BmpCharProperty::match (55 bytes)
Event: 674.079 Thread 0x000001c5679cf120 nmethod 3954 0x000001c558fae210 code [0x000001c558fae3e0, 0x000001c558fae718]
Event: 674.262 Thread 0x000001c567a0a6a0 3955       3       org.gradle.internal.service.DefaultServiceRegistry$OwnServices::instanceRealized (234 bytes)
Event: 674.265 Thread 0x000001c567a0a6a0 nmethod 3955 0x000001c551a18f90 code [0x000001c551a19520, 0x000001c551a1c5e0]
Event: 674.444 Thread 0x000001c567a0a6a0 3956       3       java.lang.invoke.LambdaFormEditor$TransformKey::withResult (17 bytes)
Event: 674.445 Thread 0x000001c567a0a6a0 nmethod 3956 0x000001c551a1d490 code [0x000001c551a1d660, 0x000001c551a1d9f0]
Event: 674.445 Thread 0x000001c567a0a6a0 3957       3       java.lang.ClassLoader::getParent (32 bytes)
Event: 674.446 Thread 0x000001c567a0a6a0 nmethod 3957 0x000001c551a1db90 code [0x000001c551a1dd40, 0x000001c551a1df98]
Event: 674.728 Thread 0x000001c5679cf120 3958   !   4       java.net.URL::<init> (543 bytes)
Event: 676.820 Thread 0x000001c567a0a6a0 3960       3       java.lang.invoke.MethodHandleImpl::makeIntrinsic (7 bytes)
Event: 676.820 Thread 0x000001c567a0a6a0 nmethod 3960 0x000001c551a1e090 code [0x000001c551a1e240, 0x000001c551a1e368]
Event: 676.820 Thread 0x000001c567a0a6a0 3961       3       java.lang.invoke.MethodHandleImpl::makeIntrinsic (21 bytes)
Event: 676.821 Thread 0x000001c567a0a6a0 nmethod 3961 0x000001c551a1e410 code [0x000001c551a1e620, 0x000001c551a1ee50]

GC Heap History (10 events):
Event: 4.695 GC heap before
{Heap before GC invocations=0 (full 0):
 garbage-first heap   total 120832K, used 22528K [0x0000000700000000, 0x0000000800000000)
  region size 2048K, 11 young (22528K), 0 survivors (0K)
 Metaspace       used 884K, committed 1024K, reserved 1114112K
  class space    used 71K, committed 128K, reserved 1048576K
}
Event: 5.953 GC heap after
{Heap after GC invocations=1 (full 0):
 garbage-first heap   total 120832K, used 1536K [0x0000000700000000, 0x0000000800000000)
  region size 2048K, 1 young (2048K), 1 survivors (2048K)
 Metaspace       used 884K, committed 1024K, reserved 1114112K
  class space    used 71K, committed 128K, reserved 1048576K
}
Event: 11.634 GC heap before
{Heap before GC invocations=1 (full 0):
 garbage-first heap   total 120832K, used 44544K [0x0000000700000000, 0x0000000800000000)
  region size 2048K, 21 young (43008K), 1 survivors (2048K)
 Metaspace       used 4403K, committed 4544K, reserved 1114112K
  class space    used 559K, committed 640K, reserved 1048576K
}
Event: 11.647 GC heap after
{Heap after GC invocations=2 (full 0):
 garbage-first heap   total 120832K, used 11766K [0x0000000700000000, 0x0000000800000000)
  region size 2048K, 3 young (6144K), 3 survivors (6144K)
 Metaspace       used 4403K, committed 4544K, reserved 1114112K
  class space    used 559K, committed 640K, reserved 1048576K
}
Event: 26.853 GC heap before
{Heap before GC invocations=2 (full 0):
 garbage-first heap   total 120832K, used 75254K [0x0000000700000000, 0x0000000800000000)
  region size 2048K, 35 young (71680K), 3 survivors (6144K)
 Metaspace       used 9634K, committed 9984K, reserved 1114112K
  class space    used 1306K, committed 1472K, reserved 1048576K
}
Event: 26.878 GC heap after
{Heap after GC invocations=3 (full 0):
 garbage-first heap   total 120832K, used 19779K [0x0000000700000000, 0x0000000800000000)
  region size 2048K, 4 young (8192K), 4 survivors (8192K)
 Metaspace       used 9634K, committed 9984K, reserved 1114112K
  class space    used 1306K, committed 1472K, reserved 1048576K
}
Event: 346.100 GC heap before
{Heap before GC invocations=3 (full 0):
 garbage-first heap   total 120832K, used 83267K [0x0000000700000000, 0x0000000800000000)
  region size 2048K, 35 young (71680K), 4 survivors (8192K)
 Metaspace       used 15497K, committed 15936K, reserved 1114112K
  class space    used 2113K, committed 2304K, reserved 1048576K
}
Event: 346.388 GC heap after
{Heap after GC invocations=4 (full 0):
 garbage-first heap   total 120832K, used 21992K [0x0000000700000000, 0x0000000800000000)
  region size 2048K, 2 young (4096K), 2 survivors (4096K)
 Metaspace       used 15497K, committed 15936K, reserved 1114112K
  class space    used 2113K, committed 2304K, reserved 1048576K
}
Event: 668.088 GC heap before
{Heap before GC invocations=4 (full 0):
 garbage-first heap   total 120832K, used 87528K [0x0000000700000000, 0x0000000800000000)
  region size 2048K, 35 young (71680K), 2 survivors (4096K)
 Metaspace       used 20821K, committed 21504K, reserved 1114112K
  class space    used 3025K, committed 3392K, reserved 1048576K
}
Event: 668.136 GC heap after
{Heap after GC invocations=5 (full 0):
 garbage-first heap   total 120832K, used 24441K [0x0000000700000000, 0x0000000800000000)
  region size 2048K, 3 young (6144K), 3 survivors (6144K)
 Metaspace       used 20821K, committed 21504K, reserved 1114112K
  class space    used 3025K, committed 3392K, reserved 1048576K
}

Dll operation events (20 events):
Event: 2.214 Attempting to load shared library C:\Users\NAGARAJU\.antigravity-ide\extensions\redhat.java-1.56.0-win32-x64\jre\21.0.12.1-win32-x86_64\bin\nio.dll
Event: 2.332 Loaded shared library C:\Users\NAGARAJU\.antigravity-ide\extensions\redhat.java-1.56.0-win32-x64\jre\21.0.12.1-win32-x86_64\bin\nio.dll
Event: 2.338 Attempting to load shared library C:\Users\NAGARAJU\.antigravity-ide\extensions\redhat.java-1.56.0-win32-x64\jre\21.0.12.1-win32-x86_64\bin\zip.dll
Event: 2.338 Loaded shared library C:\Users\NAGARAJU\.antigravity-ide\extensions\redhat.java-1.56.0-win32-x64\jre\21.0.12.1-win32-x86_64\bin\zip.dll
Event: 5.963 Attempting to load shared library C:\Users\NAGARAJU\.antigravity-ide\extensions\redhat.java-1.56.0-win32-x64\jre\21.0.12.1-win32-x86_64\bin\jimage.dll
Event: 5.963 Loaded shared library C:\Users\NAGARAJU\.antigravity-ide\extensions\redhat.java-1.56.0-win32-x64\jre\21.0.12.1-win32-x86_64\bin\jimage.dll
Event: 7.186 Attempting to load shared library C:\Users\NAGARAJU\.antigravity-ide\extensions\redhat.java-1.56.0-win32-x64\jre\21.0.12.1-win32-x86_64\bin\verify.dll
Event: 7.188 Loaded shared library C:\Users\NAGARAJU\.antigravity-ide\extensions\redhat.java-1.56.0-win32-x64\jre\21.0.12.1-win32-x86_64\bin\verify.dll
Event: 8.015 Attempting to load shared library C:\Users\NAGARAJU\.gradle\native\1def1411415f61bf3af743bc5b6707747c0891f09f0c88961ee8f79bc544acac\windows-amd64\native-platform.dll
Event: 8.016 Loaded shared library C:\Users\NAGARAJU\.gradle\native\1def1411415f61bf3af743bc5b6707747c0891f09f0c88961ee8f79bc544acac\windows-amd64\native-platform.dll
Event: 8.102 Attempting to load shared library C:\Users\NAGARAJU\.gradle\native\0.2.7\x86_64-windows-gnu\gradle-fileevents.dll
Event: 8.105 Loaded shared library C:\Users\NAGARAJU\.gradle\native\0.2.7\x86_64-windows-gnu\gradle-fileevents.dll
Event: 18.047 Attempting to load shared library C:\Users\NAGARAJU\.antigravity-ide\extensions\redhat.java-1.56.0-win32-x64\jre\21.0.12.1-win32-x86_64\bin\management.dll
Event: 18.048 Loaded shared library C:\Users\NAGARAJU\.antigravity-ide\extensions\redhat.java-1.56.0-win32-x64\jre\21.0.12.1-win32-x86_64\bin\management.dll
Event: 18.091 Attempting to load shared library C:\Users\NAGARAJU\.antigravity-ide\extensions\redhat.java-1.56.0-win32-x64\jre\21.0.12.1-win32-x86_64\bin\management_ext.dll
Event: 18.093 Loaded shared library C:\Users\NAGARAJU\.antigravity-ide\extensions\redhat.java-1.56.0-win32-x64\jre\21.0.12.1-win32-x86_64\bin\management_ext.dll
Event: 20.527 Attempting to load shared library C:\Users\NAGARAJU\.antigravity-ide\extensions\redhat.java-1.56.0-win32-x64\jre\21.0.12.1-win32-x86_64\bin\extnet.dll
Event: 20.709 Loaded shared library C:\Users\NAGARAJU\.antigravity-ide\extensions\redhat.java-1.56.0-win32-x64\jre\21.0.12.1-win32-x86_64\bin\extnet.dll
Event: 26.885 Attempting to load shared library C:\Users\NAGARAJU\.antigravity-ide\extensions\redhat.java-1.56.0-win32-x64\jre\21.0.12.1-win32-x86_64\bin\sunmscapi.dll
Event: 26.890 Loaded shared library C:\Users\NAGARAJU\.antigravity-ide\extensions\redhat.java-1.56.0-win32-x64\jre\21.0.12.1-win32-x86_64\bin\sunmscapi.dll

Deoptimization events (20 events):
Event: 668.050 Thread 0x000001c56dc58fc0 Uncommon trap: trap_request=0xffffff45 fr.pc=0x000001c558efbd10 relative=0x0000000000000250
Event: 668.050 Thread 0x000001c56dc58fc0 Uncommon trap: reason=unstable_if action=reinterpret pc=0x000001c558efbd10 method=java.util.HashMap.getNode(Ljava/lang/Object;)Ljava/util/HashMap$Node; @ 131 c2
Event: 668.051 Thread 0x000001c56dc58fc0 DEOPT PACKING pc=0x000001c558efbd10 sp=0x0000004679ffb8f0
Event: 668.051 Thread 0x000001c56dc58fc0 DEOPT UNPACKING pc=0x000001c558834422 sp=0x0000004679ffb870 mode 2
Event: 674.704 Thread 0x000001c56d304430 Uncommon trap: trap_request=0xffffffd6 fr.pc=0x000001c558fadc84 relative=0x0000000000000784
Event: 674.704 Thread 0x000001c56d304430 Uncommon trap: reason=array_check action=maybe_recompile pc=0x000001c558fadc84 method=java.util.ComparableTimSort.reverseRange([Ljava/lang/Object;II)V @ 20 c2
Event: 674.704 Thread 0x000001c56d304430 DEOPT PACKING pc=0x000001c558fadc84 sp=0x00000046796fe4f0
Event: 674.704 Thread 0x000001c56d304430 DEOPT UNPACKING pc=0x000001c558834422 sp=0x00000046796fe428 mode 2
Event: 674.704 Thread 0x000001c56d304430 Uncommon trap: trap_request=0xffffffd6 fr.pc=0x000001c558fadc84 relative=0x0000000000000784
Event: 674.704 Thread 0x000001c56d304430 Uncommon trap: reason=array_check action=maybe_recompile pc=0x000001c558fadc84 method=java.util.ComparableTimSort.reverseRange([Ljava/lang/Object;II)V @ 20 c2
Event: 674.704 Thread 0x000001c56d304430 DEOPT PACKING pc=0x000001c558fadc84 sp=0x00000046796fe4f0
Event: 674.704 Thread 0x000001c56d304430 DEOPT UNPACKING pc=0x000001c558834422 sp=0x00000046796fe428 mode 2
Event: 674.704 Thread 0x000001c56d304430 Uncommon trap: trap_request=0xffffffd6 fr.pc=0x000001c558fadc84 relative=0x0000000000000784
Event: 674.704 Thread 0x000001c56d304430 Uncommon trap: reason=array_check action=maybe_recompile pc=0x000001c558fadc84 method=java.util.ComparableTimSort.reverseRange([Ljava/lang/Object;II)V @ 20 c2
Event: 674.704 Thread 0x000001c56d304430 DEOPT PACKING pc=0x000001c558fadc84 sp=0x00000046796fe4f0
Event: 674.704 Thread 0x000001c56d304430 DEOPT UNPACKING pc=0x000001c558834422 sp=0x00000046796fe428 mode 2
Event: 674.704 Thread 0x000001c56d304430 Uncommon trap: trap_request=0xffffffd6 fr.pc=0x000001c558fadc84 relative=0x0000000000000784
Event: 674.704 Thread 0x000001c56d304430 Uncommon trap: reason=array_check action=maybe_recompile pc=0x000001c558fadc84 method=java.util.ComparableTimSort.reverseRange([Ljava/lang/Object;II)V @ 20 c2
Event: 674.704 Thread 0x000001c56d304430 DEOPT PACKING pc=0x000001c558fadc84 sp=0x00000046796fe4f0
Event: 674.704 Thread 0x000001c56d304430 DEOPT UNPACKING pc=0x000001c558834422 sp=0x00000046796fe428 mode 2

Classes loaded (20 events):
Event: 655.756 Loading class java/io/ObjectStreamConstants done
Event: 655.756 Loading class java/io/ObjectInputStream done
Event: 655.799 Loading class java/io/ObjectOutputStream
Event: 655.804 Loading class java/io/ObjectOutput
Event: 655.808 Loading class java/io/ObjectOutput done
Event: 655.811 Loading class java/io/ObjectOutputStream done
Event: 665.784 Loading class javax/xml/parsers/ParserConfigurationException
Event: 665.786 Loading class javax/xml/parsers/ParserConfigurationException done
Event: 665.786 Loading class org/xml/sax/SAXException
Event: 665.787 Loading class org/xml/sax/SAXException done
Event: 665.787 Loading class javax/xml/xpath/XPathExpressionException
Event: 665.787 Loading class javax/xml/xpath/XPathException
Event: 665.791 Loading class javax/xml/xpath/XPathException done
Event: 665.792 Loading class javax/xml/xpath/XPathExpressionException done
Event: 665.792 Loading class org/xml/sax/ErrorHandler
Event: 665.792 Loading class org/xml/sax/ErrorHandler done
Event: 665.822 Loading class java/nio/file/AtomicMoveNotSupportedException
Event: 665.827 Loading class java/nio/file/AtomicMoveNotSupportedException done
Event: 669.148 Loading class java/lang/ThreadLocal$SuppliedThreadLocal
Event: 669.148 Loading class java/lang/ThreadLocal$SuppliedThreadLocal done

Classes unloaded (0 events):
No events

Classes redefined (0 events):
No events

Internal exceptions (20 events):
Event: 641.508 Thread 0x000001c56dc58fc0 Exception <a 'java/lang/NoSuchMethodError'{0x00000007055c55e0}: 'java.lang.Object java.lang.invoke.DelegatingMethodHandle$Holder.reinvoke_L(java.lang.Object, java.lang.Object, java.lang.Object, java.lang.Object, java.lang.Object, java.lang.Object, java.lang.Object, java.lang.Object, java.lang.Object, java.lang.Object, java.lang.Object, java.lang.Object, java.lang.Object, java.lang.Object, java.lang.Object, java.lang.Object, java.lang.Object, java.lang.Object, java.lang.Object, java.lang.Object, java.lang.O
Event: 641.601 Thread 0x000001c56dc58fc0 Exception <a 'java/lang/NoSuchMethodError'{0x0000000705233cd0}: 'java.lang.Object java.lang.invoke.DirectMethodHandle$Holder.invokeStatic(java.lang.Object, java.lang.Object, java.lang.Object, java.lang.Object, java.lang.Object, java.lang.Object, java.lang.Object, java.lang.Object, java.lang.Object, java.lang.Object, java.lang.Object, java.lang.Object, java.lang.Object, java.lang.Object, java.lang.Object, java.lang.Object, java.lang.Object)'> (0x0000000705233cd0) 
thrown [s\src\hotspot\share\interpreter\lin
Event: 641.617 Thread 0x000001c56dc58fc0 Exception <a 'java/lang/NoSuchMethodError'{0x000000070525c630}: 'java.lang.Object java.lang.invoke.DirectMethodHandle$Holder.invokeStatic(java.lang.Object, java.lang.Object, java.lang.Object, java.lang.Object, java.lang.Object, java.lang.Object, java.lang.Object, java.lang.Object, java.lang.Object, java.lang.Object, java.lang.Object, java.lang.Object, java.lang.Object, java.lang.Object, java.lang.Object, java.lang.Object, java.lang.Object, java.lang.Object)'> (0x000000070525c630) 
thrown [s\src\hotspot\sha
Event: 641.919 Thread 0x000001c56dc58fc0 Exception <a 'java/lang/NoSuchMethodError'{0x0000000705286448}: 'java.lang.Object java.lang.invoke.DirectMethodHandle$Holder.invokeStatic(java.lang.Object, java.lang.Object, java.lang.Object, java.lang.Object, java.lang.Object, java.lang.Object, java.lang.Object, java.lang.Object, java.lang.Object, java.lang.Object, java.lang.Object, java.lang.Object, java.lang.Object, java.lang.Object, java.lang.Object, java.lang.Object, java.lang.Object, java.lang.Object, java.lang.Object)'> (0x0000000705286448) 
thrown 
Event: 642.053 Thread 0x000001c56dc58fc0 Exception <a 'java/lang/NoSuchMethodError'{0x00000007052b1890}: 'java.lang.Object java.lang.invoke.DirectMethodHandle$Holder.invokeStatic(java.lang.Object, java.lang.Object, java.lang.Object, java.lang.Object, java.lang.Object, java.lang.Object, java.lang.Object, java.lang.Object, java.lang.Object, java.lang.Object, java.lang.Object, java.lang.Object, java.lang.Object, java.lang.Object, java.lang.Object, java.lang.Object, java.lang.Object, java.lang.Object, java.lang.Object, java.lang.Object)'> (0x00000007
Event: 642.078 Thread 0x000001c56dc58fc0 Exception <a 'java/lang/NoSuchMethodError'{0x00000007052ddc80}: 'java.lang.Object java.lang.invoke.DirectMethodHandle$Holder.invokeStatic(java.lang.Object, java.lang.Object, java.lang.Object, java.lang.Object, java.lang.Object, java.lang.Object, java.lang.Object, java.lang.Object, java.lang.Object, java.lang.Object, java.lang.Object, java.lang.Object, java.lang.Object, java.lang.Object, java.lang.Object, java.lang.Object, java.lang.Object, java.lang.Object, java.lang.Object, java.lang.Object, java.lang.Obj
Event: 642.137 Thread 0x000001c56dc58fc0 Exception <a 'java/lang/NoSuchMethodError'{0x000000070530b238}: 'java.lang.Object java.lang.invoke.DirectMethodHandle$Holder.invokeStatic(java.lang.Object, java.lang.Object, java.lang.Object, java.lang.Object, java.lang.Object, java.lang.Object, java.lang.Object, java.lang.Object, java.lang.Object, java.lang.Object, java.lang.Object, java.lang.Object, java.lang.Object, java.lang.Object, java.lang.Object, java.lang.Object, java.lang.Object, java.lang.Object, java.lang.Object, java.lang.Object, java.lang.Obj
Event: 642.154 Thread 0x000001c56dc58fc0 Exception <a 'java/lang/NoSuchMethodError'{0x0000000705339850}: 'java.lang.Object java.lang.invoke.DirectMethodHandle$Holder.invokeStatic(java.lang.Object, java.lang.Object, java.lang.Object, java.lang.Object, java.lang.Object, java.lang.Object, java.lang.Object, java.lang.Object, java.lang.Object, java.lang.Object, java.lang.Object, java.lang.Object, java.lang.Object, java.lang.Object, java.lang.Object, java.lang.Object, java.lang.Object, java.lang.Object, java.lang.Object, java.lang.Object, java.lang.Obj
Event: 642.184 Thread 0x000001c56dc58fc0 Exception <a 'java/lang/NoSuchMethodError'{0x0000000705368c58}: 'java.lang.Object java.lang.invoke.DirectMethodHandle$Holder.invokeStatic(java.lang.Object, java.lang.Object, java.lang.Object, java.lang.Object, java.lang.Object, java.lang.Object, java.lang.Object, java.lang.Object, java.lang.Object, java.lang.Object, java.lang.Object, java.lang.Object, java.lang.Object, java.lang.Object, java.lang.Object, java.lang.Object, java.lang.Object, java.lang.Object, java.lang.Object, java.lang.Object, java.lang.Obj
Event: 642.247 Thread 0x000001c56dc58fc0 Exception <a 'java/lang/NoSuchMethodError'{0x0000000705398e78}: 'java.lang.Object java.lang.invoke.DirectMethodHandle$Holder.invokeStatic(java.lang.Object, java.lang.Object, java.lang.Object, java.lang.Object, java.lang.Object, java.lang.Object, java.lang.Object, java.lang.Object, java.lang.Object, java.lang.Object, java.lang.Object, java.lang.Object, java.lang.Object, java.lang.Object, java.lang.Object, java.lang.Object, java.lang.Object, java.lang.Object, java.lang.Object, java.lang.Object, java.lang.Obj
Event: 642.272 Thread 0x000001c56dc58fc0 Exception <a 'java/lang/NoSuchMethodError'{0x00000007053c97d0}: 'java.lang.Object java.lang.invoke.DirectMethodHandle$Holder.invokeStatic(java.lang.Object, java.lang.Object, java.lang.Object, java.lang.Object, java.lang.Object, java.lang.Object, java.lang.Object, java.lang.Object, java.lang.Object, java.lang.Object, java.lang.Object, java.lang.Object, java.lang.Object, java.lang.Object, java.lang.Object, java.lang.Object, java.lang.Object, java.lang.Object, java.lang.Object, java.lang.Object, java.lang.Obj
Event: 642.317 Thread 0x000001c56dc58fc0 Exception <a 'java/lang/NoSuchMethodError'{0x00000007053fbf08}: 'java.lang.Object java.lang.invoke.DirectMethodHandle$Holder.invokeStatic(java.lang.Object, java.lang.Object, java.lang.Object, java.lang.Object, java.lang.Object, java.lang.Object, java.lang.Object, java.lang.Object, java.lang.Object, java.lang.Object, java.lang.Object, java.lang.Object, java.lang.Object, java.lang.Object, java.lang.Object, java.lang.Object, java.lang.Object, java.lang.Object, java.lang.Object, java.lang.Object, java.lang.Obj
Event: 643.648 Thread 0x000001c56dc58fc0 Implicit null exception at 0x000001c558e0f83d to 0x000001c558e0fa94
Event: 653.783 Thread 0x000001c56dc58fc0 Exception <a 'java/lang/IncompatibleClassChangeError'{0x00000007046334a0}: Found class java.lang.Object, but interface was expected> (0x00000007046334a0) 
thrown [s\src\hotspot\share\interpreter\linkResolver.cpp, line 840]
Event: 654.454 Thread 0x000001c56dc58fc0 Exception <a 'java/lang/NoSuchMethodError'{0x0000000704661740}: 'java.lang.Object java.lang.invoke.DirectMethodHandle$Holder.newInvokeSpecial(java.lang.Object, java.lang.Object, java.lang.Object, java.lang.Object, java.lang.Object, java.lang.Object, java.lang.Object, java.lang.Object, java.lang.Object, java.lang.Object)'> (0x0000000704661740) 
thrown [s\src\hotspot\share\interpreter\linkResolver.cpp, line 773]
Event: 658.095 Thread 0x000001c56dc58fc0 Exception <a 'java/lang/NoSuchMethodError'{0x000000070452a850}: 'int java.lang.invoke.DirectMethodHandle$Holder.invokeStaticInit(java.lang.Object, java.lang.Object, java.lang.Object)'> (0x000000070452a850) 
thrown [s\src\hotspot\share\interpreter\linkResolver.cpp, line 773]
Event: 658.909 Thread 0x000001c56dc58fc0 Exception <a 'java/lang/NoSuchMethodError'{0x0000000704287f40}: 'java.lang.Object java.lang.invoke.DirectMethodHandle$Holder.invokeVirtual(java.lang.Object, java.lang.Object, java.lang.Object, java.lang.Object, java.lang.Object, java.lang.Object, java.lang.Object, java.lang.Object, java.lang.Object, java.lang.Object, java.lang.Object)'> (0x0000000704287f40) 
thrown [s\src\hotspot\share\interpreter\linkResolver.cpp, line 773]
Event: 662.987 Thread 0x000001c56dc58fc0 Exception <a 'java/lang/NoSuchMethodError'{0x0000000703eaeab8}: 'void java.lang.invoke.DirectMethodHandle$Holder.invokeVirtual(java.lang.Object, java.lang.Object, java.lang.Object, java.lang.Object, java.lang.Object)'> (0x0000000703eaeab8) 
thrown [s\src\hotspot\share\interpreter\linkResolver.cpp, line 773]
Event: 665.648 Thread 0x000001c56dc58fc0 Exception <a 'java/lang/NoSuchMethodError'{0x000000070398c118}: 'java.lang.Object java.lang.invoke.DirectMethodHandle$Holder.invokeVirtual(java.lang.Object, java.lang.Object, java.lang.Object, java.lang.Object, java.lang.Object, java.lang.Object, java.lang.Object, java.lang.Object, java.lang.Object, java.lang.Object, java.lang.Object, java.lang.Object, java.lang.Object, java.lang.Object, java.lang.Object, java.lang.Object, java.lang.Object, java.lang.Object, java.lang.Object, java.lang.Object, java.lang.Ob
Event: 668.536 Thread 0x000001c56dc58fc0 Exception <a 'java/lang/NoSuchMethodError'{0x000000070747c2c0}: 'java.lang.Object java.lang.invoke.DirectMethodHandle$Holder.newInvokeSpecial(java.lang.Object, java.lang.Object, java.lang.Object, java.lang.Object, java.lang.Object, java.lang.Object, java.lang.Object)'> (0x000000070747c2c0) 
thrown [s\src\hotspot\share\interpreter\linkResolver.cpp, line 773]

ZGC Phase Switch (0 events):
No events

VM Operations (20 events):
Event: 662.678 Executing safepoint VM operation: Cleanup
Event: 662.694 Executing safepoint VM operation: Cleanup done
Event: 663.695 Executing safepoint VM operation: Cleanup
Event: 663.711 Executing safepoint VM operation: Cleanup done
Event: 665.726 Executing safepoint VM operation: Cleanup
Event: 665.727 Executing safepoint VM operation: Cleanup done
Event: 666.737 Executing safepoint VM operation: Cleanup
Event: 666.799 Executing safepoint VM operation: Cleanup done
Event: 667.807 Executing safepoint VM operation: Cleanup
Event: 667.822 Executing safepoint VM operation: Cleanup done
Event: 668.088 Executing safepoint VM operation: CollectForMetadataAllocation (Metadata GC Threshold)
Event: 668.137 Executing safepoint VM operation: CollectForMetadataAllocation (Metadata GC Threshold) done
Event: 668.471 Executing safepoint VM operation: G1PauseRemark
Event: 668.503 Executing safepoint VM operation: G1PauseRemark done
Event: 668.507 Executing safepoint VM operation: G1PauseCleanup
Event: 668.518 Executing safepoint VM operation: G1PauseCleanup done
Event: 669.530 Executing safepoint VM operation: Cleanup
Event: 669.530 Executing safepoint VM operation: Cleanup done
Event: 675.569 Executing safepoint VM operation: Cleanup
Event: 675.569 Executing safepoint VM operation: Cleanup done

Memory protections (0 events):
No events

Nmethod flushes (0 events):
No events

Events (20 events):
Event: 1.751 Thread 0x000001c54e0b9850 Thread added: 0x000001c56824c690
Event: 2.511 Thread 0x000001c54e0b9850 Thread added: 0x000001c5682753a0
Event: 18.730 Thread 0x000001c54e0b9850 Thread added: 0x000001c56d304430
Event: 24.061 Thread 0x000001c54e0b9850 Thread added: 0x000001c5681f36d0
Event: 26.891 Thread 0x000001c54e0b9850 Thread added: 0x000001c5685616d0
Event: 27.243 Thread 0x000001c5681f36d0 Thread added: 0x000001c56d128600
Event: 27.257 Thread 0x000001c56d128600 Thread added: 0x000001c56d329fe0
Event: 27.369 Thread 0x000001c56d128600 Thread added: 0x000001c56d35da50
Event: 29.229 Thread 0x000001c56d128600 Thread added: 0x000001c56dc58fc0
Event: 29.315 Thread 0x000001c56dc58fc0 Thread added: 0x000001c56dc59650
Event: 29.329 Thread 0x000001c56dc58fc0 Thread added: 0x000001c56dc5a370
Event: 29.404 Thread 0x000001c56dc58fc0 Thread added: 0x000001c56dc59ce0
Event: 32.052 Thread 0x000001c56dc58fc0 Thread added: 0x000001c56dc56ef0
Event: 32.116 Thread 0x000001c56dc58fc0 Thread added: 0x000001c56dc57580
Event: 32.282 Thread 0x000001c56dc58fc0 Thread added: 0x000001c56dc57c10
Event: 32.756 Thread 0x000001c56dc57580 Thread added: 0x000001c56dc582a0
Event: 93.501 Thread 0x000001c56dc582a0 Thread exited: 0x000001c56dc582a0
Event: 435.226 Thread 0x000001c56dc57580 Thread added: 0x000001c56dc58930
Event: 502.365 Thread 0x000001c56dc58930 Thread exited: 0x000001c56dc58930
Event: 632.092 Thread 0x000001c56dc57580 Thread added: 0x000001c56dc582a0


Dynamic libraries:
0x00007ff6aa6f0000 - 0x00007ff6aa6fe000 	C:\Users\NAGARAJU\.antigravity-ide\extensions\redhat.java-1.56.0-win32-x64\jre\21.0.12.1-win32-x86_64\bin\java.exe
0x00007ff8fb240000 - 0x00007ff8fb4a6000 	C:\WINDOWS\SYSTEM32\ntdll.dll
0x00007ff8fa310000 - 0x00007ff8fa3d9000 	C:\WINDOWS\System32\KERNEL32.DLL
0x00007ff8f8530000 - 0x00007ff8f892f000 	C:\WINDOWS\System32\KERNELBASE.dll
0x00007ff8f3200000 - 0x00007ff8f321e000 	C:\Users\NAGARAJU\.antigravity-ide\extensions\redhat.java-1.56.0-win32-x64\jre\21.0.12.1-win32-x86_64\bin\VCRUNTIME140.dll
0x00007ff8f8e10000 - 0x00007ff8f8f5c000 	C:\WINDOWS\System32\ucrtbase.dll
0x00007ff8e9d90000 - 0x00007ff8e9da8000 	C:\Users\NAGARAJU\.antigravity-ide\extensions\redhat.java-1.56.0-win32-x64\jre\21.0.12.1-win32-x86_64\bin\jli.dll
0x00007ff8f9240000 - 0x00007ff8f9406000 	C:\WINDOWS\System32\USER32.dll
0x00007ff8f8450000 - 0x00007ff8f8477000 	C:\WINDOWS\System32\win32u.dll
0x00007ff8fa2e0000 - 0x00007ff8fa30b000 	C:\WINDOWS\System32\GDI32.dll
0x00007ff8f8ad0000 - 0x00007ff8f8bf9000 	C:\WINDOWS\System32\gdi32full.dll
0x00007ff8f8480000 - 0x00007ff8f8523000 	C:\WINDOWS\System32\msvcp_win.dll
0x00007ff8e1270000 - 0x00007ff8e1501000 	C:\WINDOWS\WinSxS\amd64_microsoft.windows.common-controls_6595b64144ccf1df_6.0.26100.8972_none_3e0da176e32f9d4b\COMCTL32.dll
0x00007ff8fa7b0000 - 0x00007ff8fa859000 	C:\WINDOWS\System32\msvcrt.dll
0x00007ff8fb0f0000 - 0x00007ff8fb122000 	C:\WINDOWS\System32\IMM32.DLL
0x00007ff8f31a0000 - 0x00007ff8f31ac000 	C:\Users\NAGARAJU\.antigravity-ide\extensions\redhat.java-1.56.0-win32-x64\jre\21.0.12.1-win32-x86_64\bin\vcruntime140_1.dll
0x00007ff8db580000 - 0x00007ff8db60d000 	C:\Users\NAGARAJU\.antigravity-ide\extensions\redhat.java-1.56.0-win32-x64\jre\21.0.12.1-win32-x86_64\bin\msvcp140.dll
0x00007ff809720000 - 0x00007ff80a4c2000 	C:\Users\NAGARAJU\.antigravity-ide\extensions\redhat.java-1.56.0-win32-x64\jre\21.0.12.1-win32-x86_64\bin\server\jvm.dll
0x00007ff8fb130000 - 0x00007ff8fb1ec000 	C:\WINDOWS\System32\ADVAPI32.dll
0x00007ff8fb040000 - 0x00007ff8fb0ea000 	C:\WINDOWS\System32\sechost.dll
0x00007ff8f8f70000 - 0x00007ff8f9088000 	C:\WINDOWS\System32\RPCRT4.dll
0x00007ff8fa250000 - 0x00007ff8fa2d2000 	C:\WINDOWS\System32\WS2_32.dll
0x00007ff8f82b0000 - 0x00007ff8f830e000 	C:\WINDOWS\SYSTEM32\POWRPROF.dll
0x00007ff8f1e00000 - 0x00007ff8f1e0b000 	C:\WINDOWS\SYSTEM32\VERSION.dll
0x00007ff8f1dc0000 - 0x00007ff8f1df6000 	C:\WINDOWS\SYSTEM32\WINMM.dll
0x00007ff8f8290000 - 0x00007ff8f82a5000 	C:\WINDOWS\SYSTEM32\UMPDC.dll
0x00007ff8f7140000 - 0x00007ff8f715b000 	C:\WINDOWS\SYSTEM32\kernel.appcore.dll
0x00007ff8dcb50000 - 0x00007ff8dcb5a000 	C:\Users\NAGARAJU\.antigravity-ide\extensions\redhat.java-1.56.0-win32-x64\jre\21.0.12.1-win32-x86_64\bin\jimage.dll
0x00007ff8ec240000 - 0x00007ff8ec482000 	C:\WINDOWS\SYSTEM32\DBGHELP.DLL
0x00007ff8f9ec0000 - 0x00007ff8fa245000 	C:\WINDOWS\System32\combase.dll
0x00007ff8fa9f0000 - 0x00007ff8faac9000 	C:\WINDOWS\System32\OLEAUT32.dll
0x00007ff8dc630000 - 0x00007ff8dc66b000 	C:\WINDOWS\SYSTEM32\dbgcore.DLL
0x00007ff8f8cc0000 - 0x00007ff8f8d6c000 	C:\WINDOWS\System32\bcryptPrimitives.dll
0x00007ff8dcb40000 - 0x00007ff8dcb4f000 	C:\Users\NAGARAJU\.antigravity-ide\extensions\redhat.java-1.56.0-win32-x64\jre\21.0.12.1-win32-x86_64\bin\instrument.dll
0x00007ff8dcb00000 - 0x00007ff8dcb20000 	C:\Users\NAGARAJU\.antigravity-ide\extensions\redhat.java-1.56.0-win32-x64\jre\21.0.12.1-win32-x86_64\bin\java.dll
0x00007ff8f9730000 - 0x00007ff8f9eb8000 	C:\WINDOWS\System32\SHELL32.dll
0x00007ff8f5f20000 - 0x00007ff8f67bb000 	C:\WINDOWS\SYSTEM32\windows.storage.dll
0x00007ff8f95d0000 - 0x00007ff8f96c9000 	C:\WINDOWS\System32\SHCORE.dll
0x00007ff8fa690000 - 0x00007ff8fa6f6000 	C:\WINDOWS\System32\shlwapi.dll
0x00007ff8f8370000 - 0x00007ff8f8399000 	C:\WINDOWS\SYSTEM32\profapi.dll
0x00007ff8db620000 - 0x00007ff8db638000 	C:\Users\NAGARAJU\.antigravity-ide\extensions\redhat.java-1.56.0-win32-x64\jre\21.0.12.1-win32-x86_64\bin\zip.dll
0x00007ff8dc0f0000 - 0x00007ff8dc100000 	C:\Users\NAGARAJU\.antigravity-ide\extensions\redhat.java-1.56.0-win32-x64\jre\21.0.12.1-win32-x86_64\bin\net.dll
0x00007ff8ee090000 - 0x00007ff8ee1b8000 	C:\WINDOWS\SYSTEM32\WINHTTP.dll
0x00007ff8f76f0000 - 0x00007ff8f775c000 	C:\WINDOWS\system32\mswsock.dll
0x00007ff8dcb20000 - 0x00007ff8dcb36000 	C:\Users\NAGARAJU\.antigravity-ide\extensions\redhat.java-1.56.0-win32-x64\jre\21.0.12.1-win32-x86_64\bin\nio.dll
0x00007ff8dc120000 - 0x00007ff8dc130000 	C:\Users\NAGARAJU\.antigravity-ide\extensions\redhat.java-1.56.0-win32-x64\jre\21.0.12.1-win32-x86_64\bin\verify.dll
0x00007ff86e570000 - 0x00007ff86e597000 	C:\Users\NAGARAJU\.gradle\native\1def1411415f61bf3af743bc5b6707747c0891f09f0c88961ee8f79bc544acac\windows-amd64\native-platform.dll
0x00007ff8956e0000 - 0x00007ff895758000 	C:\Users\NAGARAJU\.gradle\native\0.2.7\x86_64-windows-gnu\gradle-fileevents.dll
0x00007ff8f3230000 - 0x00007ff8f323a000 	C:\Users\NAGARAJU\.antigravity-ide\extensions\redhat.java-1.56.0-win32-x64\jre\21.0.12.1-win32-x86_64\bin\management.dll
0x00007ff8dc0b0000 - 0x00007ff8dc0bc000 	C:\Users\NAGARAJU\.antigravity-ide\extensions\redhat.java-1.56.0-win32-x64\jre\21.0.12.1-win32-x86_64\bin\management_ext.dll
0x00007ff8fa3e0000 - 0x00007ff8fa3e8000 	C:\WINDOWS\System32\PSAPI.DLL
0x00007ff8f6af0000 - 0x00007ff8f6b23000 	C:\WINDOWS\SYSTEM32\IPHLPAPI.DLL
0x00007ff8f9090000 - 0x00007ff8f909a000 	C:\WINDOWS\System32\NSI.dll
0x00007ff8dc100000 - 0x00007ff8dc109000 	C:\Users\NAGARAJU\.antigravity-ide\extensions\redhat.java-1.56.0-win32-x64\jre\21.0.12.1-win32-x86_64\bin\extnet.dll
0x00007ff8f79e0000 - 0x00007ff8f79fb000 	C:\WINDOWS\SYSTEM32\CRYPTSP.dll
0x00007ff8f70a0000 - 0x00007ff8f70d9000 	C:\WINDOWS\system32\rsaenh.dll
0x00007ff8f77a0000 - 0x00007ff8f77d2000 	C:\WINDOWS\SYSTEM32\USERENV.dll
0x00007ff8f8340000 - 0x00007ff8f836a000 	C:\WINDOWS\SYSTEM32\bcrypt.dll
0x00007ff8f7a00000 - 0x00007ff8f7a0c000 	C:\WINDOWS\SYSTEM32\CRYPTBASE.dll
0x00007ff8dc110000 - 0x00007ff8dc11e000 	C:\Users\NAGARAJU\.antigravity-ide\extensions\redhat.java-1.56.0-win32-x64\jre\21.0.12.1-win32-x86_64\bin\sunmscapi.dll
0x00007ff8f8940000 - 0x00007ff8f8abe000 	C:\WINDOWS\System32\CRYPT32.dll
0x00007ff8f7c20000 - 0x00007ff8f7c50000 	C:\WINDOWS\SYSTEM32\ncrypt.dll
0x00007ff8f7bd0000 - 0x00007ff8f7c0f000 	C:\WINDOWS\SYSTEM32\NTASN1.dll
0x00007ff8c7b30000 - 0x00007ff8c7b38000 	C:\WINDOWS\system32\wshunix.dll

JVMTI agents:
C:\Users\NAGARAJU\.gradle\wrapper\dists\gradle-8.14.1-bin\baw1sv0jfoi8rxs14qo3h49cs\gradle-8.14.1\lib\agents\gradle-instrumentation-agent-8.14.1.jar path:C:\Users\NAGARAJU\.antigravity-ide\extensions\redhat.java-1.56.0-win32-x64\jre\21.0.12.1-win32-x86_64\bin\instrument.dll, loaded, initialized, instrumentlib options:none

dbghelp: loaded successfully - version: 4.0.5 - missing functions: none
symbol engine: initialized successfully - sym options: 0x614 - pdb path: .;C:\Users\NAGARAJU\.antigravity-ide\extensions\redhat.java-1.56.0-win32-x64\jre\21.0.12.1-win32-x86_64\bin;C:\WINDOWS\SYSTEM32;C:\WINDOWS\WinSxS\amd64_microsoft.windows.common-controls_6595b64144ccf1df_6.0.26100.8972_none_3e0da176e32f9d4b;C:\Users\NAGARAJU\.antigravity-ide\extensions\redhat.java-1.56.0-win32-x64\jre\21.0.12.1-win32-x86_64\bin\server;C:\Users\NAGARAJU\.gradle\native\1def1411415f61bf3af743bc5b6707747c0891f09f0c88961ee8f79bc544acac\windows-amd64;C:\Users\NAGARAJU\.gradle\native\0.2.7\x86_64-windows-gnu

VM Arguments:
jvm_args: --add-opens=java.base/java.lang=ALL-UNNAMED --add-opens=java.base/java.lang.invoke=ALL-UNNAMED --add-opens=java.base/java.util=ALL-UNNAMED --add-opens=java.prefs/java.util.prefs=ALL-UNNAMED --add-exports=jdk.compiler/com.sun.tools.javac.api=ALL-UNNAMED --add-exports=jdk.compiler/com.sun.tools.javac.util=ALL-UNNAMED --add-opens=java.base/java.util=ALL-UNNAMED --add-opens=java.prefs/java.util.prefs=ALL-UNNAMED --add-opens=java.base/java.nio.charset=ALL-UNNAMED --add-opens=java.base/java.net=ALL-UNNAMED --add-opens=java.base/java.util.concurrent.atomic=ALL-UNNAMED --add-opens=java.xml/javax.xml.namespace=ALL-UNNAMED -Xmx4096m -Dfile.encoding=UTF-8 -Duser.country=IN -Duser.language=en -Duser.variant -javaagent:C:\Users\NAGARAJU\.gradle\wrapper\dists\gradle-8.14.1-bin\baw1sv0jfoi8rxs14qo3h49cs\gradle-8.14.1\lib\agents\gradle-instrumentation-agent-8.14.1.jar 
java_command: org.gradle.launcher.daemon.bootstrap.GradleDaemon 8.14.1
java_class_path (initial): C:\Users\NAGARAJU\.gradle\wrapper\dists\gradle-8.14.1-bin\baw1sv0jfoi8rxs14qo3h49cs\gradle-8.14.1\lib\gradle-daemon-main-8.14.1.jar
Launcher Type: SUN_STANDARD

[Global flags]
     intx CICompilerCount                          = 4                                         {product} {ergonomic}
     uint ConcGCThreads                            = 2                                         {product} {ergonomic}
     uint G1ConcRefinementThreads                  = 8                                         {product} {ergonomic}
   size_t G1HeapRegionSize                         = 2097152                                   {product} {ergonomic}
    uintx GCDrainStackTargetSize                   = 64                                        {product} {ergonomic}
   size_t InitialHeapSize                          = 123731968                                 {product} {ergonomic}
   size_t MarkStackSize                            = 4194304                                   {product} {ergonomic}
   size_t MaxHeapSize                              = 4294967296                                {product} {command line}
   size_t MaxNewSize                               = 2575302656                                {product} {ergonomic}
   size_t MinHeapDeltaBytes                        = 2097152                                   {product} {ergonomic}
   size_t MinHeapSize                              = 8388608                                   {product} {ergonomic}
    uintx NonNMethodCodeHeapSize                   = 5839372                                {pd product} {ergonomic}
    uintx NonProfiledCodeHeapSize                  = 122909434                              {pd product} {ergonomic}
    uintx ProfiledCodeHeapSize                     = 122909434                              {pd product} {ergonomic}
    uintx ReservedCodeCacheSize                    = 251658240                              {pd product} {ergonomic}
     bool SegmentedCodeCache                       = true                                      {product} {ergonomic}
   size_t SoftMaxHeapSize                          = 4294967296                             {manageable} {ergonomic}
     bool UseCompressedOops                        = true                           {product lp64_product} {ergonomic}
     bool UseG1GC                                  = true                                      {product} {ergonomic}
     bool UseLargePagesIndividualAllocation        = false                                  {pd product} {ergonomic}

Logging:
Log output configuration:
 #0: stdout all=warning uptime,level,tags foldmultilines=false
 #1: stderr all=off uptime,level,tags foldmultilines=false

Release file:
JAVA_VERSION="21.0.12.1" 
MODULES="java.base java.compiler java.datatransfer java.xml java.prefs java.desktop java.instrument java.logging java.management java.security.sasl java.naming java.rmi java.management.rmi java.net.http java.scripting java.security.jgss java.transaction.xa java.sql java.sql.rowset java.xml.crypto java.se java.smartcardio jdk.accessibility jdk.internal.jvmstat jdk.attach jdk.charsets jdk.internal.opt jdk.zipfs jdk.compiler jdk.crypto.ec jdk.crypto.cryptoki jdk.crypto.mscapi jdk.dynalink jdk.internal.ed jdk.editpad jdk.hotspot.agent jdk.httpserver jdk.internal.le jdk.internal.vm.ci jdk.internal.vm.compiler jdk.internal.vm.compiler.management jdk.jartool jdk.javadoc jdk.jcmd jdk.management jdk.management.agent jdk.jconsole jdk.jdeps jdk.jdwp.agent jdk.jdi jdk.jfr jdk.jshell jdk.jsobject jdk.jstatd jdk.localedata jdk.management.jfr jdk.naming.dns jdk.naming.rmi jdk.net jdk.nio.mapmode jdk.random jdk.sctp jdk.security.auth jdk.security.jgss jdk.unsupported jdk.unsupported.desktop jdk.xml.dom" 

Environment Variables:
JAVA_HOME=C:\Program Files\Eclipse Adoptium\jdk-21.0.11.10-hotspot
PATH=C:\Program Files\Eclipse Adoptium\jdk-21.0.11.10-hotspot\bin;C:\Program Files\Eclipse Adoptium\jdk-11.0.26.4-hotspot\bin;C:\Program Files\Eclipse Adoptium\jdk-17.0.14.7-hotspot\bin;C:\Program Files\Java\jdk-17\bin;C:\Program Files\nodejs;E:\Android\Sdk\platform-tools;E:\Android\Sdk\emulator;E:\Android\Sdk\cmdline-tools\latest\bin;C:\Users\NAGARAJU\AppData\Local\Android\Sdk\platform-tools;C:\Users\NAGARAJU\AppData\Local\Android\Sdk\emulator;C:\Users\NAGARAJU\AppData\Local\Android\Sdk\cmdline-tools\latest\bin;C:\Program Files\Eclipse Adoptium\jdk-21.0.11.10-hotspot\bin;C:\Program Files\Eclipse Adoptium\jdk-11.0.26.4-hotspot\bin;C:\Program Files\Eclipse Adoptium\jdk-17.0.14.7-hotspot\bin;C:\Program Files\Java\jdk-17\bin;C:\Program Files\nodejs;E:\Android\Sdk\platform-tools;E:\Android\Sdk\emulator;E:\Android\Sdk\cmdline-tools\latest\bin;C:\Users\NAGARAJU\AppData\Local\Android\Sdk\platform-tools;C:\Users\NAGARAJU\AppData\Local\Android\Sdk\emulator;C:\Users\NAGARAJU\AppData\Local\Android\Sdk\cmdline-tools\latest\bin;C:\Program Files\Eclipse Adoptium\jdk-21.0.11.10-hotspot\bin;C:\Program Files\Eclipse Adoptium\jdk-11.0.26.4-hotspot\bin;C:\Program Files\Eclipse Adoptium\jdk-17.0.14.7-hotspot\bin;C:\Program Files\Java\jdk-17\bin;C:\Program Files\nodejs;E:\Android\Sdk\platform-tools;E:\Android\Sdk\emulator;E:\Android\Sdk\cmdline-tools\latest\bin;C:\Users\NAGARAJU\AppData\Local\Android\Sdk\platform-tools;C:\Users\NAGARAJU\AppData\Local\Android\Sdk\emulator;C:\Users\NAGARAJU\AppData\Local\Android\Sdk\cmdline-tools\latest\bin;C:\WINDOWS\System32;C:\ProgramData\chocolatey\bin;C:\Program Files\nodejs\;C:\Program Files\Git\cmd;C:\Windows\System32;C:\Windows\System32\WindowsPowerShell\v1.0;C:\Windows\System32\OpenSSH;C:\Windows\System32\WindowsPowerShell\v1.0\;C:\Users\NAGARAJU\Downloads\stripe_1.30.0_windows_x86_64;C:\WINDOWS\system32;C:\WINDOWS;C:\WINDOWS\System32\Wbem;C:\WINDOWS\System32\WindowsPowerShell\v1.0\;C:\WINDOWS\System32\OpenSSH\;C:\ProgramData\chocolatey\bin;C:\Program Files\nodejs\;C:\Program Files\Git\cmd;C:\Windows\System32;C:\Windows\System32\WindowsPowerShell\v1.0;C:\Windows\System32\OpenSSH;C:\Windows\System32\WindowsPowerShell\v1.0\;C:\Users\NAGARAJU\Downloads\stripe_1.30.0_windows_x86_64;C:\WINDOWS\system32;C:\WINDOWS;C:\WINDOWS\System32\Wbem;C:\WINDOWS\System32\WindowsPowerShell\v1.0\;C:\WINDOWS\System32\OpenSSH\;C:\ProgramData\chocolatey\bin;C:\Program Files\nodejs\;C:\Program Files\Git\cmd;C:\Windows\System32;C:\Windows\System32\WindowsPowerShell\v1.0;C:\Windows\System32\OpenSSH;C:\Windows\System32\WindowsPowerShell\v1.0\;C:\Users\NAGARAJU\Downloads\stripe_1.30.0_windows_x86_64;C:\WINDOWS\system32;C:\WINDOWS;C:\WINDOWS\System32\Wbem;C:\WINDOWS\System32\WindowsPowerShell\v1.0\;C:\WINDOWS\System32\OpenSSH\;C:\Program Files\Eclipse Adoptium\jdk-21.0.11.10-hotspot\bin;C:\Program Files\Eclipse Adoptium\jdk-11.0.26.4-hotspot\bin;C:\Program Files\Eclipse Adoptium\jdk-17.0.14.7-hotspot\bin;C:\Program Files\Java\jdk-17\bin;C:\Program Files\nodejs;E:\Android\Sdk\platform-tools;E:\Android\Sdk\emulator;E:\Android\Sdk\cmdline-tools\latest\bin;C:\Users\NAGARAJU\AppData\Local\Android\Sdk\platform-tools;C:\Users\NAGARAJU\AppData\Local\Android\Sdk\emulator;C:\Users\NAGARAJU\AppData\Local\Android\Sdk\cmdline-tools\latest\bin;C:\Program Files\Eclipse Adoptium\jdk-21.0.11.10-hotspot\bin;C:\Program Files\Eclipse Adoptium\jdk-11.0.26.4-hotspot\bin;C:\Program Files\Eclipse Adoptium\jdk-17.0.14.7-hotspot\bin;C:\Program Files\Java\jdk-17\bin;C:\Program Files\nodejs;E:\Android\Sdk\platform-tools;E:\Android\Sdk\emulator;E:\Android\Sdk\cmdline-tools\latest\bin;C:\Users\NAGARAJU\AppData\Local\Android\Sdk\platform-tools;C:\Users\NAGARAJU\AppData\Local\Android\Sdk\emulator;C:\Users\NAGARAJU\AppData\Local\Android\Sdk\cmdline-tools\latest\bin;C:\Program Files\Eclipse Adoptium\jdk-21.0.11.10-hotspot\bin;C:\Program Files\Eclipse Adoptium\jdk-11.0.26.4-hotspot\bin;C:\Program Files\Eclipse Adoptium\jdk-17.0.14.7-hotspot\bin;C:\Program Files\Java\jdk-17\bin;C:\Program Files\nodejs;E:\Android\Sdk\platform-tools;E:\Android\Sdk\emulator;E:\Android\Sdk\cmdline-tools\latest\bin;C:\Users\NAGARAJU\AppData\Local\Android\Sdk\platform-tools;C:\Users\NAGARAJU\AppData\Local\Android\Sdk\emulator;C:\Users\NAGARAJU\AppData\Local\Android\Sdk\cmdline-tools\latest\bin;C:\WINDOWS\System32;C:\ProgramData\chocolatey\bin;C:\Program Files\nodejs\;C:\Program Files\Git\cmd;C:\Windows\System32;C:\Windows\System32\WindowsPowerShell\v1.0;C:\Windows\System32\OpenSSH;C:\Windows\System32\WindowsPowerShell\v1.0\;C:\Users\NAGARAJU\Downloads\stripe_1.30.0_windows_x86_64;C:\WINDOWS\system32;C:\WINDOWS;C:\WINDOWS\System32\Wbem;C:\WINDOWS\System32\WindowsPowerShell\v1.0\;C:\WINDOWS\System32\OpenSSH\;C:\ProgramData\chocolatey\bin;C:\Program Files\nodejs\;C:\Program Files\Git\cmd;C:\Windows\System32;C:\Windows\System32\WindowsPowerShell\v1.0;C:\Windows\System32\OpenSSH;C:\Windows\System32\WindowsPowerShell\v1.0\;C:\Users\NAGARAJU\Downloads\stripe_1.30.0_windows_x86_64;C:\WINDOWS\system32;C:\WINDOWS;C:\WINDOWS\System32\Wbem;C:\WINDOWS\System32\WindowsPowerShell\v1.0\;C:\WINDOWS\System32\OpenSSH\;C:\ProgramData\chocolatey\bin;C:\Program Files\nodejs\;C:\Program Files\Git\cmd;C:\Windows\System32;C:\Windows\System32\WindowsPowerShell\v1.0;C:\Windows\System32\OpenSSH;C:\Windows\System32\WindowsPowerShell\v1.0\;C:\Users\NAGARAJU\Downloads\stripe_1.30.0_windows_x86_64;C:\WINDOWS\system32;C:\WINDOWS;C:\WINDOWS\System32\Wbem;C:\WINDOWS\System32\WindowsPowerShell\v1.0\;C:\WINDOWS\System32\OpenSSH\;C:\Users\NAGARAJU\AppData\Local\Android\Sdk\platform-tools;C:\Users\NAGARAJU\AppData\Local\Android\Sdk\cmdline-tools\latest\bin;C:\Users\NAGARAJU\AppData\Roaming\npm;C:\Users\NAGARAJU\AppData\Local\Programs\Microsoft VS Code\bin;C:\Users\NAGARAJU\AppData\Local\Programs\Antigravity IDE\bin;C:\Users\NAGARAJU\AppData\Local\Microsoft\WindowsApps;C:\Users\NAGARAJU\AppData\Local\Kingsoft\WPS Office\12.1.0.27458\clitool
USERNAME=NAGARAJU
OS=Windows_NT
PROCESSOR_IDENTIFIER=AMD64 Family 23 Model 104 Stepping 1, AuthenticAMD
TMP=C:\Users\NAGARAJU\AppData\Local\Temp
TEMP=C:\Users\NAGARAJU\AppData\Local\Temp




Periodic native trim disabled

---------------  S Y S T E M  ---------------

OS:
 Windows 11 , 64 bit Build 26100 (10.0.26100.9168)
OS uptime: 0 days 0:41 hours

CPU: total 8 (initial active 8) (8 cores per cpu, 2 threads per core) family 23 model 104 stepping 1 microcode 0x8608109, cx8, cmov, fxsr, ht, mmx, 3dnowpref, sse, sse2, sse3, ssse3, sse4a, sse4.1, sse4.2, popcnt, lzcnt, tsc, tscinvbit, avx, avx2, aes, clmul, bmi1, bmi2, adx, sha, fma, vzeroupper, clflush, clflushopt, rdtscp, rdpid, f16c
Processor Information for the first 8 processors :
  Max Mhz: 2600, Current Mhz: 2600, Mhz Limit: 2600

Memory: 4k page, system-wide physical 7502M (363M free)
TotalPageFile size 40270M (AvailPageFile size 8M)
current process WorkingSet (physical memory assigned to process): 101M, peak: 172M
current process commit charge ("private bytes"): 231M, peak: 272M

vm_info: OpenJDK 64-Bit Server VM (21.0.12.1+1-LTS) for windows-amd64 JRE (21.0.12.1+1-LTS), built on 2026-08-18T00:00:00Z by "admin" with MS VC++ 17.12 (VS2022)

END.
