#
# There is insufficient memory for the Java Runtime Environment to continue.
# Native memory allocation (mmap) failed to map 67108864 bytes for G1 virtual space
# Possible reasons:
#   The system is out of physical RAM or swap space
#   The process is running with CompressedOops enabled, and the Java Heap may be blocking the growth of the native heap
# Possible solutions:
#   Reduce memory load on the system
#   Increase physical memory or swap space
#   Check if swap backing store is full
#   Decrease Java heap size (-Xmx/-Xms)
#   Decrease number of Java threads
#   Decrease Java thread stack sizes (-Xss)
#   Set larger code cache with -XX:ReservedCodeCacheSize=
#   JVM is running with Unscaled Compressed Oops mode in which the Java heap is
#     placed in the first 4GB address space. The Java Heap base address is the
#     maximum limit for the native heap growth. Please use -XX:HeapBaseMinAddress
#     to set the Java Heap base and to place the Java Heap above 4GB virtual address.
# This output file may be truncated or incomplete.
#
#  Out of Memory Error (os_windows.cpp:3548), pid=7296, tid=23236
#
# JRE version:  (17.0.12+8) (build )
# Java VM: Java HotSpot(TM) 64-Bit Server VM (17.0.12+8-LTS-286, mixed mode, sharing, tiered, compressed oops, compressed class ptrs, g1 gc, windows-amd64)
# No core dump will be written. Minidumps are not enabled by default on client versions of Windows
#

---------------  S U M M A R Y ------------

Command Line: -Xmx64m -Xms64m -Dorg.gradle.appname=gradlew C:\zynnative\DocApp-CLI\android\\gradle\wrapper\gradle-wrapper.jar app:installDebug -PreactNativeDevServerPort=8081

Host: AMD Ryzen 3 5300U with Radeon Graphics         , 8 cores, 7G,  Windows 11 , 64 bit Build 22621 (10.0.22621.5415)
Time: Thu Nov 20 17:54:05 2025 India Standard Time elapsed time: 0.029637 seconds (0d 0h 0m 0s)

---------------  T H R E A D  ---------------

Current thread (0x000001787610bff0):  JavaThread "Unknown thread" [_thread_in_vm, id=23236, stack(0x0000001a53700000,0x0000001a53800000)]

Stack: [0x0000001a53700000,0x0000001a53800000]
Native frames: (J=compiled Java code, j=interpreted, Vv=VM code, C=native code)
V  [jvm.dll+0x67a04a]
V  [jvm.dll+0x7da4ed]
V  [jvm.dll+0x7dbe33]
V  [jvm.dll+0x7dc4a3]
V  [jvm.dll+0x24508f]
V  [jvm.dll+0x677089]
V  [jvm.dll+0x66bd32]
V  [jvm.dll+0x301fa6]
V  [jvm.dll+0x309546]
V  [jvm.dll+0x359d2e]
V  [jvm.dll+0x359f5f]
V  [jvm.dll+0x2d9078]
V  [jvm.dll+0x2d9fe4]
V  [jvm.dll+0x7aca21]
V  [jvm.dll+0x367591]
V  [jvm.dll+0x78b999]
V  [jvm.dll+0x3ec83f]
V  [jvm.dll+0x3ee471]
C  [jli.dll+0x5297]
C  [ucrtbase.dll+0x29333]
C  [KERNEL32.DLL+0x1259d]
C  [ntdll.dll+0x5af78]


---------------  P R O C E S S  ---------------

Threads class SMR info:
_java_thread_list=0x00007ffa2f207a18, length=0, elements={
}

Java Threads: ( => current thread )

Other Threads:
  0x00000178782c14d0 GCTaskThread "GC Thread#0" [stack: 0x0000001a53800000,0x0000001a53900000] [id=23468]
  0x00000178782c2c20 ConcurrentGCThread "G1 Main Marker" [stack: 0x0000001a53900000,0x0000001a53a00000] [id=6092]
  0x00000178782c3630 ConcurrentGCThread "G1 Conc#0" [stack: 0x0000001a53a00000,0x0000001a53b00000] [id=19080]

[error occurred during error reporting (printing all threads), id 0xc0000005, EXCEPTION_ACCESS_VIOLATION (0xc0000005) at pc=0x00007ffa2ea39b67]

VM state: not at safepoint (not fully initialized)

VM Mutex/Monitor currently owned by a thread:  ([mutex/lock_event])
[0x00000178782a00a0] Heap_lock - owner thread: 0x000001787610bff0

Heap address: 0x00000000fc000000, size: 64 MB, Compressed Oops mode: 32-bit

CDS archive(s) mapped at: [0x0000000000000000-0x0000000000000000-0x0000000000000000), size 0, SharedBaseAddress: 0x0000000800000000, ArchiveRelocationMode: 1.
Narrow klass base: 0x0000000000000000, Narrow klass shift: 0, Narrow klass range: 0x0

GC Precious Log:
<Empty>

Heap:
 garbage-first heap   total 0K, used 0K [0x00000000fc000000, 0x0000000100000000)
  region size 1024K, 0 young (0K), 0 survivors (0K)

[error occurred during error reporting (printing heap information), id 0xc0000005, EXCEPTION_ACCESS_VIOLATION (0xc0000005) at pc=0x00007ffa2ee23859]

GC Heap History (0 events):
No events

Deoptimization events (0 events):
No events

Classes unloaded (0 events):
No events

Classes redefined (0 events):
No events

Internal exceptions (0 events):
No events

VM Operations (0 events):
No events

Events (1 events):
Event: 0.015 Loaded shared library C:\Program Files\Java\jdk-17\bin\java.dll


Dynamic libraries:
0x00007ff735430000 - 0x00007ff735440000 	C:\Program Files\Java\jdk-17\bin\java.exe
0x00007ffb03730000 - 0x00007ffb03947000 	C:\WINDOWS\SYSTEM32\ntdll.dll
0x00007ffb02040000 - 0x00007ffb02104000 	C:\WINDOWS\System32\KERNEL32.DLL
0x00007ffb00860000 - 0x00007ffb00c30000 	C:\WINDOWS\System32\KERNELBASE.dll
0x00007ffb010a0000 - 0x00007ffb011b1000 	C:\WINDOWS\System32\ucrtbase.dll
0x00007ffadb120000 - 0x00007ffadb139000 	C:\Program Files\Java\jdk-17\bin\jli.dll
0x00007ffb01e20000 - 0x00007ffb01ed1000 	C:\WINDOWS\System32\ADVAPI32.dll
0x00007ffb026a0000 - 0x00007ffb02747000 	C:\WINDOWS\System32\msvcrt.dll
0x00007ffae45d0000 - 0x00007ffae45eb000 	C:\Program Files\Java\jdk-17\bin\VCRUNTIME140.dll
0x00007ffb02ae0000 - 0x00007ffb02b88000 	C:\WINDOWS\System32\sechost.dll
0x00007ffb01070000 - 0x00007ffb01098000 	C:\WINDOWS\System32\bcrypt.dll
0x00007ffb01b00000 - 0x00007ffb01c18000 	C:\WINDOWS\System32\RPCRT4.dll
0x00007ffb02750000 - 0x00007ffb02901000 	C:\WINDOWS\System32\USER32.dll
0x00007ffaeaf10000 - 0x00007ffaeb1ac000 	C:\WINDOWS\WinSxS\amd64_microsoft.windows.common-controls_6595b64144ccf1df_6.0.22621.5840_none_2710ea077384a4fe\COMCTL32.dll
0x00007ffb00830000 - 0x00007ffb00856000 	C:\WINDOWS\System32\win32u.dll
0x00007ffb02660000 - 0x00007ffb02689000 	C:\WINDOWS\System32\GDI32.dll
0x00007ffb00c30000 - 0x00007ffb00d53000 	C:\WINDOWS\System32\gdi32full.dll
0x00007ffb00fd0000 - 0x00007ffb0106a000 	C:\WINDOWS\System32\msvcp_win.dll
0x00007ffaf8030000 - 0x00007ffaf803a000 	C:\WINDOWS\SYSTEM32\VERSION.dll
0x00007ffb02c10000 - 0x00007ffb02c41000 	C:\WINDOWS\System32\IMM32.DLL
0x00007ffafa650000 - 0x00007ffafa65c000 	C:\Program Files\Java\jdk-17\bin\vcruntime140_1.dll
0x00007ffac4ae0000 - 0x00007ffac4b6e000 	C:\Program Files\Java\jdk-17\bin\msvcp140.dll
0x00007ffa2e750000 - 0x00007ffa2f330000 	C:\Program Files\Java\jdk-17\bin\server\jvm.dll
0x00007ffb013c0000 - 0x00007ffb013c8000 	C:\WINDOWS\System32\PSAPI.DLL
0x00007ffafc180000 - 0x00007ffafc1b4000 	C:\WINDOWS\SYSTEM32\WINMM.dll
0x00007ffae1140000 - 0x00007ffae1149000 	C:\WINDOWS\SYSTEM32\WSOCK32.dll
0x00007ffb02910000 - 0x00007ffb02981000 	C:\WINDOWS\System32\WS2_32.dll
0x00007ffaff800000 - 0x00007ffaff818000 	C:\WINDOWS\SYSTEM32\kernel.appcore.dll
0x00007ffadb110000 - 0x00007ffadb11a000 	C:\Program Files\Java\jdk-17\bin\jimage.dll
0x00007ffaf9310000 - 0x00007ffaf9543000 	C:\WINDOWS\SYSTEM32\DBGHELP.DLL
0x00007ffb021b0000 - 0x00007ffb02541000 	C:\WINDOWS\System32\combase.dll
0x00007ffb02c50000 - 0x00007ffb02d28000 	C:\WINDOWS\System32\OLEAUT32.dll
0x00007ffae1e20000 - 0x00007ffae1e52000 	C:\WINDOWS\SYSTEM32\dbgcore.DLL
0x00007ffb00de0000 - 0x00007ffb00e5b000 	C:\WINDOWS\System32\bcryptPrimitives.dll
0x00007ffad7c30000 - 0x00007ffad7c55000 	C:\Program Files\Java\jdk-17\bin\java.dll

dbghelp: loaded successfully - version: 4.0.5 - missing functions: none
symbol engine: initialized successfully - sym options: 0x614 - pdb path: .;C:\Program Files\Java\jdk-17\bin;C:\WINDOWS\SYSTEM32;C:\WINDOWS\WinSxS\amd64_microsoft.windows.common-controls_6595b64144ccf1df_6.0.22621.5840_none_2710ea077384a4fe;C:\Program Files\Java\jdk-17\bin\server

VM Arguments:
jvm_args: -Xmx64m -Xms64m -Dorg.gradle.appname=gradlew 
java_command: C:\zynnative\DocApp-CLI\android\\gradle\wrapper\gradle-wrapper.jar app:installDebug -PreactNativeDevServerPort=8081
java_class_path (initial): C:\zynnative\DocApp-CLI\android\\gradle\wrapper\gradle-wrapper.jar
Launcher Type: SUN_STANDARD

[Global flags]
     intx CICompilerCount                          = 4                                         {product} {ergonomic}
     uint ConcGCThreads                            = 2                                         {product} {ergonomic}
     uint G1ConcRefinementThreads                  = 8                                         {product} {ergonomic}
   size_t G1HeapRegionSize                         = 1048576                                   {product} {ergonomic}
    uintx GCDrainStackTargetSize                   = 64                                        {product} {ergonomic}
   size_t InitialHeapSize                          = 67108864                                  {product} {command line}
   size_t MarkStackSize                            = 4194304                                   {product} {ergonomic}
   size_t MaxHeapSize                              = 67108864                                  {product} {command line}
   size_t MinHeapDeltaBytes                        = 1048576                                   {product} {ergonomic}
   size_t MinHeapSize                              = 67108864                                  {product} {command line}
    uintx NonNMethodCodeHeapSize                   = 5839372                                {pd product} {ergonomic}
    uintx NonProfiledCodeHeapSize                  = 122909434                              {pd product} {ergonomic}
    uintx ProfiledCodeHeapSize                     = 122909434                              {pd product} {ergonomic}
    uintx ReservedCodeCacheSize                    = 251658240                              {pd product} {ergonomic}
     bool SegmentedCodeCache                       = true                                      {product} {ergonomic}
   size_t SoftMaxHeapSize                          = 67108864                               {manageable} {ergonomic}
     bool UseCompressedClassPointers               = true                           {product lp64_product} {ergonomic}
     bool UseCompressedOops                        = true                           {product lp64_product} {ergonomic}
     bool UseG1GC                                  = true                                      {product} {ergonomic}
     bool UseLargePagesIndividualAllocation        = false                                  {pd product} {ergonomic}

Logging:
Log output configuration:
 #0: stdout all=warning uptime,level,tags
 #1: stderr all=off uptime,level,tags

Environment Variables:
JAVA_HOME=C:\Program Files\Java\jdk-17
PATH=C:\zynnative\DocApp-CLI\node_modules\.bin;C:\zynnative\DocApp-CLI\node_modules\.bin;C:\zynnative\node_modules\.bin;C:\node_modules\.bin;C:\Users\NAGARAJU\AppData\Roaming\npm\node_modules\npm\node_modules\@npmcli\run-script\lib\node-gyp-bin;C:\Program Files\Eclipse Adoptium\jdk-11.0.26.4-hotspot\bin;C:\Program Files\Eclipse Adoptium\jdk-17.0.14.7-hotspot\bin;C:\Program Files\Java\jdk-17\bin;C:\Program Files\nodejs;E:\Android\Sdk\platform-tools;E:\Android\Sdk\emulator;E:\Android\Sdk\cmdline-tools\latest\bin;E:\Android\Sdk\platform-tools;E:\Android\Sdk\emulator;E:\Android\Sdk\cmdline-tools\latest\bin;C:\Users\NAGARAJU\AppData\Local\Android\Sdk\platform-tools;C:\Users\NAGARAJU\AppData\Local\Android\Sdk\emulator;C:\Users\NAGARAJU\AppData\Local\Android\Sdk\cmdline-tools\latest\bin;C:\Users\NAGARAJU\AppData\Local\Android\Sdk\platform-tools;C:\Users\NAGARAJU\AppData\Local\Android\Sdk\platform-tools;C:\Users\NAGARAJU\AppData\Local\Android\Sdk\platform-tools;C:\Users\NAGARAJU\AppData\Local\Android\Sdk\emulator;C:\Users\NAGARAJU\AppData\Local\Android\Sdk\cmdline-tools\latest\bin;C:\Users\NAGARAJU\AppData\Local\Android\Sdk\platform-tools;C:\Users\NAGARAJU\AppData\Local\Android\Sdk\emulator;C:\Users\NAGARAJU\AppData\Local\Android\Sdk\cmdline-tools\latest\bin;C:\Users\NAGARAJU\AppData\Local\Android\Sdk\platform-tools;C:\Users\NAGARAJU\AppData\Local\Android\Sdk\emulator;C:\Users\NAGARAJU\AppData\Local\Android\Sdk\cmdline-tools\latest\bin;C:\Program Files\Eclipse Adoptium\jdk-11.0.26.4-hotspot\bin;C:\Program Files\Eclipse Adoptium\jdk-17.0.14.7-hotspot\bin;C:\Program Files\Java\jdk-17\bin;C:\Program Files\nodejs;E:\Android\Sdk\platform-tools;E:\Android\Sdk\emulator;E:\Android\Sdk\cmdline-tools\latest\bin;E:\Android\Sdk\platform-tools;E:\Android\Sdk\emulator;E:\Android\Sdk\cmdline-tools\latest\bin;C:\Users\NAGARAJU\AppData\Local\Android\Sdk\platform-tools;C:\Users\NAGARAJU\AppData\Local\Android\Sdk\emulator;C:\Users\NAGARAJU\AppData\Local\Android\Sdk\cmdline-tools\latest\bin;C:\Us
USERNAME=NAGARAJU
OS=Windows_NT
PROCESSOR_IDENTIFIER=AMD64 Family 23 Model 104 Stepping 1, AuthenticAMD



---------------  S Y S T E M  ---------------

OS:
 Windows 11 , 64 bit Build 22621 (10.0.22621.5415)
OS uptime: 0 days 3:31 hours

CPU: total 8 (initial active 8) (8 cores per cpu, 2 threads per core) family 23 model 104 stepping 1 microcode 0x0, cx8, cmov, fxsr, ht, mmx, 3dnowpref, sse, sse2, sse3, ssse3, sse4a, sse4.1, sse4.2, popcnt, lzcnt, tsc, tscinvbit, avx, avx2, aes, clmul, bmi1, bmi2, adx, sha, fma, vzeroupper, clflush, clflushopt

Memory: 4k page, system-wide physical 7502M (439M free)
TotalPageFile size 24430M (AvailPageFile size 22M)
current process WorkingSet (physical memory assigned to process): 11M, peak: 11M
current process commit charge ("private bytes"): 59M, peak: 123M

vm_info: Java HotSpot(TM) 64-Bit Server VM (17.0.12+8-LTS-286) for windows-amd64 JRE (17.0.12+8-LTS-286), built on Jun  5 2024 06:46:59 by "mach5one" with MS VC++ 17.6 (VS2022)

END.
